[2025-11-05T15:35:42.339+0000] {processor.py:161} INFO - Started process (PID=82) to work on /home/airflow/.local/lib/python3.8/site-packages/airflow/example_dags/example_short_circuit_decorator.py
[2025-11-05T15:35:42.343+0000] {processor.py:830} INFO - Processing file /home/airflow/.local/lib/python3.8/site-packages/airflow/example_dags/example_short_circuit_decorator.py for tasks to queue
[2025-11-05T15:35:42.359+0000] {logging_mixin.py:188} INFO - [2025-11-05T15:35:42.358+0000] {dagbag.py:538} INFO - Filling up the DagBag from /home/airflow/.local/lib/python3.8/site-packages/airflow/example_dags/example_short_circuit_decorator.py
[2025-11-05T15:35:42.516+0000] {processor.py:840} INFO - DAG(s) 'example_short_circuit_decorator' retrieved from /home/airflow/.local/lib/python3.8/site-packages/airflow/example_dags/example_short_circuit_decorator.py
[2025-11-05T15:35:43.172+0000] {logging_mixin.py:188} INFO - [2025-11-05T15:35:43.171+0000] {dag.py:3036} INFO - Sync 1 DAGs
[2025-11-05T15:35:43.300+0000] {logging_mixin.py:188} INFO - [2025-11-05T15:35:43.297+0000] {dag.py:3823} INFO - Setting next_dagrun for example_short_circuit_decorator to 2025-11-04 00:00:00+00:00, run_after=2025-11-05 00:00:00+00:00
[2025-11-05T15:35:43.401+0000] {processor.py:183} INFO - Processing /home/airflow/.local/lib/python3.8/site-packages/airflow/example_dags/example_short_circuit_decorator.py took 1.094 seconds
[2025-11-05T15:36:14.690+0000] {processor.py:161} INFO - Started process (PID=137) to work on /home/airflow/.local/lib/python3.8/site-packages/airflow/example_dags/example_short_circuit_decorator.py
[2025-11-05T15:36:14.701+0000] {processor.py:830} INFO - Processing file /home/airflow/.local/lib/python3.8/site-packages/airflow/example_dags/example_short_circuit_decorator.py for tasks to queue
[2025-11-05T15:36:14.708+0000] {logging_mixin.py:188} INFO - [2025-11-05T15:36:14.707+0000] {dagbag.py:538} INFO - Filling up the DagBag from /home/airflow/.local/lib/python3.8/site-packages/airflow/example_dags/example_short_circuit_decorator.py
[2025-11-05T15:36:14.764+0000] {processor.py:840} INFO - DAG(s) 'example_short_circuit_decorator' retrieved from /home/airflow/.local/lib/python3.8/site-packages/airflow/example_dags/example_short_circuit_decorator.py
[2025-11-05T15:36:14.894+0000] {logging_mixin.py:188} INFO - [2025-11-05T15:36:14.893+0000] {dag.py:3036} INFO - Sync 1 DAGs
[2025-11-05T15:36:15.009+0000] {logging_mixin.py:188} INFO - [2025-11-05T15:36:15.007+0000] {dag.py:3823} INFO - Setting next_dagrun for example_short_circuit_decorator to 2025-11-04 00:00:00+00:00, run_after=2025-11-05 00:00:00+00:00
[2025-11-05T15:36:15.098+0000] {processor.py:183} INFO - Processing /home/airflow/.local/lib/python3.8/site-packages/airflow/example_dags/example_short_circuit_decorator.py took 0.424 seconds
[2025-11-05T15:36:45.890+0000] {processor.py:161} INFO - Started process (PID=192) to work on /home/airflow/.local/lib/python3.8/site-packages/airflow/example_dags/example_short_circuit_decorator.py
[2025-11-05T15:36:45.892+0000] {processor.py:830} INFO - Processing file /home/airflow/.local/lib/python3.8/site-packages/airflow/example_dags/example_short_circuit_decorator.py for tasks to queue
[2025-11-05T15:36:45.897+0000] {logging_mixin.py:188} INFO - [2025-11-05T15:36:45.896+0000] {dagbag.py:538} INFO - Filling up the DagBag from /home/airflow/.local/lib/python3.8/site-packages/airflow/example_dags/example_short_circuit_decorator.py
[2025-11-05T15:36:45.926+0000] {processor.py:840} INFO - DAG(s) 'example_short_circuit_decorator' retrieved from /home/airflow/.local/lib/python3.8/site-packages/airflow/example_dags/example_short_circuit_decorator.py
[2025-11-05T15:36:45.981+0000] {logging_mixin.py:188} INFO - [2025-11-05T15:36:45.981+0000] {dag.py:3036} INFO - Sync 1 DAGs
[2025-11-05T15:36:46.045+0000] {logging_mixin.py:188} INFO - [2025-11-05T15:36:46.044+0000] {dag.py:3823} INFO - Setting next_dagrun for example_short_circuit_decorator to 2025-11-04 00:00:00+00:00, run_after=2025-11-05 00:00:00+00:00
[2025-11-05T15:36:46.132+0000] {processor.py:183} INFO - Processing /home/airflow/.local/lib/python3.8/site-packages/airflow/example_dags/example_short_circuit_decorator.py took 0.248 seconds
[2025-11-05T15:37:17.067+0000] {processor.py:161} INFO - Started process (PID=247) to work on /home/airflow/.local/lib/python3.8/site-packages/airflow/example_dags/example_short_circuit_decorator.py
[2025-11-05T15:37:17.070+0000] {processor.py:830} INFO - Processing file /home/airflow/.local/lib/python3.8/site-packages/airflow/example_dags/example_short_circuit_decorator.py for tasks to queue
[2025-11-05T15:37:17.081+0000] {logging_mixin.py:188} INFO - [2025-11-05T15:37:17.079+0000] {dagbag.py:538} INFO - Filling up the DagBag from /home/airflow/.local/lib/python3.8/site-packages/airflow/example_dags/example_short_circuit_decorator.py
[2025-11-05T15:37:17.126+0000] {processor.py:840} INFO - DAG(s) 'example_short_circuit_decorator' retrieved from /home/airflow/.local/lib/python3.8/site-packages/airflow/example_dags/example_short_circuit_decorator.py
[2025-11-05T15:37:17.237+0000] {logging_mixin.py:188} INFO - [2025-11-05T15:37:17.234+0000] {dag.py:3036} INFO - Sync 1 DAGs
[2025-11-05T15:37:17.349+0000] {logging_mixin.py:188} INFO - [2025-11-05T15:37:17.347+0000] {dag.py:3823} INFO - Setting next_dagrun for example_short_circuit_decorator to 2025-11-04 00:00:00+00:00, run_after=2025-11-05 00:00:00+00:00
[2025-11-05T15:37:17.627+0000] {processor.py:183} INFO - Processing /home/airflow/.local/lib/python3.8/site-packages/airflow/example_dags/example_short_circuit_decorator.py took 0.578 seconds
[2025-11-05T15:39:36.913+0000] {processor.py:161} INFO - Started process (PID=78) to work on /home/airflow/.local/lib/python3.8/site-packages/airflow/example_dags/example_short_circuit_decorator.py
[2025-11-05T15:39:36.918+0000] {processor.py:830} INFO - Processing file /home/airflow/.local/lib/python3.8/site-packages/airflow/example_dags/example_short_circuit_decorator.py for tasks to queue
[2025-11-05T15:39:36.960+0000] {logging_mixin.py:188} INFO - [2025-11-05T15:39:36.959+0000] {dagbag.py:538} INFO - Filling up the DagBag from /home/airflow/.local/lib/python3.8/site-packages/airflow/example_dags/example_short_circuit_decorator.py
[2025-11-05T15:39:37.097+0000] {processor.py:840} INFO - DAG(s) 'example_short_circuit_decorator' retrieved from /home/airflow/.local/lib/python3.8/site-packages/airflow/example_dags/example_short_circuit_decorator.py
[2025-11-05T15:39:37.925+0000] {logging_mixin.py:188} INFO - [2025-11-05T15:39:37.925+0000] {dag.py:3036} INFO - Sync 1 DAGs
[2025-11-05T15:39:38.127+0000] {logging_mixin.py:188} INFO - [2025-11-05T15:39:38.126+0000] {dag.py:3823} INFO - Setting next_dagrun for example_short_circuit_decorator to 2025-11-04 00:00:00+00:00, run_after=2025-11-05 00:00:00+00:00
[2025-11-05T15:39:38.300+0000] {processor.py:183} INFO - Processing /home/airflow/.local/lib/python3.8/site-packages/airflow/example_dags/example_short_circuit_decorator.py took 1.433 seconds
[2025-11-05T15:40:10.178+0000] {processor.py:161} INFO - Started process (PID=133) to work on /home/airflow/.local/lib/python3.8/site-packages/airflow/example_dags/example_short_circuit_decorator.py
[2025-11-05T15:40:10.191+0000] {processor.py:830} INFO - Processing file /home/airflow/.local/lib/python3.8/site-packages/airflow/example_dags/example_short_circuit_decorator.py for tasks to queue
[2025-11-05T15:40:10.222+0000] {logging_mixin.py:188} INFO - [2025-11-05T15:40:10.208+0000] {dagbag.py:538} INFO - Filling up the DagBag from /home/airflow/.local/lib/python3.8/site-packages/airflow/example_dags/example_short_circuit_decorator.py
[2025-11-05T15:40:10.312+0000] {processor.py:840} INFO - DAG(s) 'example_short_circuit_decorator' retrieved from /home/airflow/.local/lib/python3.8/site-packages/airflow/example_dags/example_short_circuit_decorator.py
[2025-11-05T15:40:10.512+0000] {logging_mixin.py:188} INFO - [2025-11-05T15:40:10.510+0000] {dag.py:3036} INFO - Sync 1 DAGs
[2025-11-05T15:40:10.732+0000] {logging_mixin.py:188} INFO - [2025-11-05T15:40:10.728+0000] {dag.py:3823} INFO - Setting next_dagrun for example_short_circuit_decorator to 2025-11-04 00:00:00+00:00, run_after=2025-11-05 00:00:00+00:00
[2025-11-05T15:40:10.858+0000] {processor.py:183} INFO - Processing /home/airflow/.local/lib/python3.8/site-packages/airflow/example_dags/example_short_circuit_decorator.py took 0.705 seconds
[2025-11-05T15:40:40.989+0000] {processor.py:161} INFO - Started process (PID=187) to work on /home/airflow/.local/lib/python3.8/site-packages/airflow/example_dags/example_short_circuit_decorator.py
[2025-11-05T15:40:40.991+0000] {processor.py:830} INFO - Processing file /home/airflow/.local/lib/python3.8/site-packages/airflow/example_dags/example_short_circuit_decorator.py for tasks to queue
[2025-11-05T15:40:40.996+0000] {logging_mixin.py:188} INFO - [2025-11-05T15:40:40.995+0000] {dagbag.py:538} INFO - Filling up the DagBag from /home/airflow/.local/lib/python3.8/site-packages/airflow/example_dags/example_short_circuit_decorator.py
[2025-11-05T15:40:41.013+0000] {processor.py:840} INFO - DAG(s) 'example_short_circuit_decorator' retrieved from /home/airflow/.local/lib/python3.8/site-packages/airflow/example_dags/example_short_circuit_decorator.py
[2025-11-05T15:40:41.058+0000] {logging_mixin.py:188} INFO - [2025-11-05T15:40:41.057+0000] {dag.py:3036} INFO - Sync 1 DAGs
[2025-11-05T15:40:41.100+0000] {logging_mixin.py:188} INFO - [2025-11-05T15:40:41.100+0000] {dag.py:3823} INFO - Setting next_dagrun for example_short_circuit_decorator to 2025-11-04 00:00:00+00:00, run_after=2025-11-05 00:00:00+00:00
[2025-11-05T15:40:41.148+0000] {processor.py:183} INFO - Processing /home/airflow/.local/lib/python3.8/site-packages/airflow/example_dags/example_short_circuit_decorator.py took 0.164 seconds
[2025-11-05T15:41:11.839+0000] {processor.py:161} INFO - Started process (PID=242) to work on /home/airflow/.local/lib/python3.8/site-packages/airflow/example_dags/example_short_circuit_decorator.py
[2025-11-05T15:41:11.842+0000] {processor.py:830} INFO - Processing file /home/airflow/.local/lib/python3.8/site-packages/airflow/example_dags/example_short_circuit_decorator.py for tasks to queue
[2025-11-05T15:41:11.847+0000] {logging_mixin.py:188} INFO - [2025-11-05T15:41:11.846+0000] {dagbag.py:538} INFO - Filling up the DagBag from /home/airflow/.local/lib/python3.8/site-packages/airflow/example_dags/example_short_circuit_decorator.py
[2025-11-05T15:41:11.866+0000] {processor.py:840} INFO - DAG(s) 'example_short_circuit_decorator' retrieved from /home/airflow/.local/lib/python3.8/site-packages/airflow/example_dags/example_short_circuit_decorator.py
[2025-11-05T15:41:11.917+0000] {logging_mixin.py:188} INFO - [2025-11-05T15:41:11.917+0000] {dag.py:3036} INFO - Sync 1 DAGs
[2025-11-05T15:41:11.961+0000] {logging_mixin.py:188} INFO - [2025-11-05T15:41:11.961+0000] {dag.py:3823} INFO - Setting next_dagrun for example_short_circuit_decorator to 2025-11-04 00:00:00+00:00, run_after=2025-11-05 00:00:00+00:00
[2025-11-05T15:41:12.000+0000] {processor.py:183} INFO - Processing /home/airflow/.local/lib/python3.8/site-packages/airflow/example_dags/example_short_circuit_decorator.py took 0.168 seconds
[2025-11-05T15:41:42.611+0000] {processor.py:161} INFO - Started process (PID=297) to work on /home/airflow/.local/lib/python3.8/site-packages/airflow/example_dags/example_short_circuit_decorator.py
[2025-11-05T15:41:42.613+0000] {processor.py:830} INFO - Processing file /home/airflow/.local/lib/python3.8/site-packages/airflow/example_dags/example_short_circuit_decorator.py for tasks to queue
[2025-11-05T15:41:42.618+0000] {logging_mixin.py:188} INFO - [2025-11-05T15:41:42.617+0000] {dagbag.py:538} INFO - Filling up the DagBag from /home/airflow/.local/lib/python3.8/site-packages/airflow/example_dags/example_short_circuit_decorator.py
[2025-11-05T15:41:42.640+0000] {processor.py:840} INFO - DAG(s) 'example_short_circuit_decorator' retrieved from /home/airflow/.local/lib/python3.8/site-packages/airflow/example_dags/example_short_circuit_decorator.py
[2025-11-05T15:41:42.690+0000] {logging_mixin.py:188} INFO - [2025-11-05T15:41:42.690+0000] {dag.py:3036} INFO - Sync 1 DAGs
[2025-11-05T15:41:42.746+0000] {logging_mixin.py:188} INFO - [2025-11-05T15:41:42.745+0000] {dag.py:3823} INFO - Setting next_dagrun for example_short_circuit_decorator to 2025-11-04 00:00:00+00:00, run_after=2025-11-05 00:00:00+00:00
[2025-11-05T15:41:42.804+0000] {processor.py:183} INFO - Processing /home/airflow/.local/lib/python3.8/site-packages/airflow/example_dags/example_short_circuit_decorator.py took 0.200 seconds
[2025-11-05T15:42:13.492+0000] {processor.py:161} INFO - Started process (PID=356) to work on /home/airflow/.local/lib/python3.8/site-packages/airflow/example_dags/example_short_circuit_decorator.py
[2025-11-05T15:42:13.500+0000] {processor.py:830} INFO - Processing file /home/airflow/.local/lib/python3.8/site-packages/airflow/example_dags/example_short_circuit_decorator.py for tasks to queue
[2025-11-05T15:42:13.507+0000] {logging_mixin.py:188} INFO - [2025-11-05T15:42:13.506+0000] {dagbag.py:538} INFO - Filling up the DagBag from /home/airflow/.local/lib/python3.8/site-packages/airflow/example_dags/example_short_circuit_decorator.py
[2025-11-05T15:42:13.550+0000] {processor.py:840} INFO - DAG(s) 'example_short_circuit_decorator' retrieved from /home/airflow/.local/lib/python3.8/site-packages/airflow/example_dags/example_short_circuit_decorator.py
[2025-11-05T15:42:13.682+0000] {logging_mixin.py:188} INFO - [2025-11-05T15:42:13.681+0000] {dag.py:3036} INFO - Sync 1 DAGs
[2025-11-05T15:42:13.865+0000] {logging_mixin.py:188} INFO - [2025-11-05T15:42:13.864+0000] {dag.py:3823} INFO - Setting next_dagrun for example_short_circuit_decorator to 2025-11-04 00:00:00+00:00, run_after=2025-11-05 00:00:00+00:00
[2025-11-05T15:42:13.954+0000] {processor.py:183} INFO - Processing /home/airflow/.local/lib/python3.8/site-packages/airflow/example_dags/example_short_circuit_decorator.py took 0.474 seconds
[2025-11-05T15:42:44.834+0000] {processor.py:161} INFO - Started process (PID=411) to work on /home/airflow/.local/lib/python3.8/site-packages/airflow/example_dags/example_short_circuit_decorator.py
[2025-11-05T15:42:44.838+0000] {processor.py:830} INFO - Processing file /home/airflow/.local/lib/python3.8/site-packages/airflow/example_dags/example_short_circuit_decorator.py for tasks to queue
[2025-11-05T15:42:44.846+0000] {logging_mixin.py:188} INFO - [2025-11-05T15:42:44.845+0000] {dagbag.py:538} INFO - Filling up the DagBag from /home/airflow/.local/lib/python3.8/site-packages/airflow/example_dags/example_short_circuit_decorator.py
[2025-11-05T15:42:44.911+0000] {processor.py:840} INFO - DAG(s) 'example_short_circuit_decorator' retrieved from /home/airflow/.local/lib/python3.8/site-packages/airflow/example_dags/example_short_circuit_decorator.py
[2025-11-05T15:42:45.094+0000] {logging_mixin.py:188} INFO - [2025-11-05T15:42:45.093+0000] {dag.py:3036} INFO - Sync 1 DAGs
[2025-11-05T15:42:45.270+0000] {logging_mixin.py:188} INFO - [2025-11-05T15:42:45.269+0000] {dag.py:3823} INFO - Setting next_dagrun for example_short_circuit_decorator to 2025-11-04 00:00:00+00:00, run_after=2025-11-05 00:00:00+00:00
[2025-11-05T15:42:45.411+0000] {processor.py:183} INFO - Processing /home/airflow/.local/lib/python3.8/site-packages/airflow/example_dags/example_short_circuit_decorator.py took 0.592 seconds
[2025-11-05T15:43:15.521+0000] {processor.py:161} INFO - Started process (PID=473) to work on /home/airflow/.local/lib/python3.8/site-packages/airflow/example_dags/example_short_circuit_decorator.py
[2025-11-05T15:43:15.523+0000] {processor.py:830} INFO - Processing file /home/airflow/.local/lib/python3.8/site-packages/airflow/example_dags/example_short_circuit_decorator.py for tasks to queue
[2025-11-05T15:43:15.527+0000] {logging_mixin.py:188} INFO - [2025-11-05T15:43:15.526+0000] {dagbag.py:538} INFO - Filling up the DagBag from /home/airflow/.local/lib/python3.8/site-packages/airflow/example_dags/example_short_circuit_decorator.py
[2025-11-05T15:43:15.547+0000] {processor.py:840} INFO - DAG(s) 'example_short_circuit_decorator' retrieved from /home/airflow/.local/lib/python3.8/site-packages/airflow/example_dags/example_short_circuit_decorator.py
[2025-11-05T15:43:15.594+0000] {logging_mixin.py:188} INFO - [2025-11-05T15:43:15.593+0000] {dag.py:3036} INFO - Sync 1 DAGs
[2025-11-05T15:43:15.633+0000] {logging_mixin.py:188} INFO - [2025-11-05T15:43:15.633+0000] {dag.py:3823} INFO - Setting next_dagrun for example_short_circuit_decorator to 2025-11-04 00:00:00+00:00, run_after=2025-11-05 00:00:00+00:00
[2025-11-05T15:43:15.715+0000] {processor.py:183} INFO - Processing /home/airflow/.local/lib/python3.8/site-packages/airflow/example_dags/example_short_circuit_decorator.py took 0.200 seconds
[2025-11-05T15:43:45.835+0000] {processor.py:161} INFO - Started process (PID=528) to work on /home/airflow/.local/lib/python3.8/site-packages/airflow/example_dags/example_short_circuit_decorator.py
[2025-11-05T15:43:45.836+0000] {processor.py:830} INFO - Processing file /home/airflow/.local/lib/python3.8/site-packages/airflow/example_dags/example_short_circuit_decorator.py for tasks to queue
[2025-11-05T15:43:45.839+0000] {logging_mixin.py:188} INFO - [2025-11-05T15:43:45.839+0000] {dagbag.py:538} INFO - Filling up the DagBag from /home/airflow/.local/lib/python3.8/site-packages/airflow/example_dags/example_short_circuit_decorator.py
[2025-11-05T15:43:45.853+0000] {processor.py:840} INFO - DAG(s) 'example_short_circuit_decorator' retrieved from /home/airflow/.local/lib/python3.8/site-packages/airflow/example_dags/example_short_circuit_decorator.py
[2025-11-05T15:43:45.888+0000] {logging_mixin.py:188} INFO - [2025-11-05T15:43:45.887+0000] {dag.py:3036} INFO - Sync 1 DAGs
[2025-11-05T15:43:45.918+0000] {logging_mixin.py:188} INFO - [2025-11-05T15:43:45.918+0000] {dag.py:3823} INFO - Setting next_dagrun for example_short_circuit_decorator to 2025-11-04 00:00:00+00:00, run_after=2025-11-05 00:00:00+00:00
[2025-11-05T15:43:45.949+0000] {processor.py:183} INFO - Processing /home/airflow/.local/lib/python3.8/site-packages/airflow/example_dags/example_short_circuit_decorator.py took 0.119 seconds
[2025-11-05T15:44:17.122+0000] {processor.py:161} INFO - Started process (PID=583) to work on /home/airflow/.local/lib/python3.8/site-packages/airflow/example_dags/example_short_circuit_decorator.py
[2025-11-05T15:44:17.125+0000] {processor.py:830} INFO - Processing file /home/airflow/.local/lib/python3.8/site-packages/airflow/example_dags/example_short_circuit_decorator.py for tasks to queue
[2025-11-05T15:44:17.132+0000] {logging_mixin.py:188} INFO - [2025-11-05T15:44:17.131+0000] {dagbag.py:538} INFO - Filling up the DagBag from /home/airflow/.local/lib/python3.8/site-packages/airflow/example_dags/example_short_circuit_decorator.py
[2025-11-05T15:44:17.155+0000] {processor.py:840} INFO - DAG(s) 'example_short_circuit_decorator' retrieved from /home/airflow/.local/lib/python3.8/site-packages/airflow/example_dags/example_short_circuit_decorator.py
[2025-11-05T15:44:17.213+0000] {logging_mixin.py:188} INFO - [2025-11-05T15:44:17.213+0000] {dag.py:3036} INFO - Sync 1 DAGs
[2025-11-05T15:44:17.270+0000] {logging_mixin.py:188} INFO - [2025-11-05T15:44:17.269+0000] {dag.py:3823} INFO - Setting next_dagrun for example_short_circuit_decorator to 2025-11-04 00:00:00+00:00, run_after=2025-11-05 00:00:00+00:00
[2025-11-05T15:44:17.323+0000] {processor.py:183} INFO - Processing /home/airflow/.local/lib/python3.8/site-packages/airflow/example_dags/example_short_circuit_decorator.py took 0.208 seconds
