[2025-11-05T15:35:35.324+0000] {processor.py:161} INFO - Started process (PID=75) to work on /home/airflow/.local/lib/python3.8/site-packages/airflow/example_dags/example_xcomargs.py
[2025-11-05T15:35:35.331+0000] {processor.py:830} INFO - Processing file /home/airflow/.local/lib/python3.8/site-packages/airflow/example_dags/example_xcomargs.py for tasks to queue
[2025-11-05T15:35:35.347+0000] {logging_mixin.py:188} INFO - [2025-11-05T15:35:35.345+0000] {dagbag.py:538} INFO - Filling up the DagBag from /home/airflow/.local/lib/python3.8/site-packages/airflow/example_dags/example_xcomargs.py
[2025-11-05T15:35:35.465+0000] {processor.py:840} INFO - DAG(s) 'example_xcom_args_with_operators', 'example_xcom_args' retrieved from /home/airflow/.local/lib/python3.8/site-packages/airflow/example_dags/example_xcomargs.py
[2025-11-05T15:35:36.953+0000] {logging_mixin.py:188} INFO - [2025-11-05T15:35:36.952+0000] {dag.py:3036} INFO - Sync 2 DAGs
[2025-11-05T15:35:37.025+0000] {logging_mixin.py:188} INFO - [2025-11-05T15:35:37.024+0000] {dag.py:3823} INFO - Setting next_dagrun for example_xcom_args to None, run_after=None
[2025-11-05T15:35:37.045+0000] {logging_mixin.py:188} INFO - [2025-11-05T15:35:37.044+0000] {dag.py:3823} INFO - Setting next_dagrun for example_xcom_args_with_operators to None, run_after=None
[2025-11-05T15:35:37.213+0000] {processor.py:183} INFO - Processing /home/airflow/.local/lib/python3.8/site-packages/airflow/example_dags/example_xcomargs.py took 1.923 seconds
[2025-11-05T15:36:07.451+0000] {processor.py:161} INFO - Started process (PID=130) to work on /home/airflow/.local/lib/python3.8/site-packages/airflow/example_dags/example_xcomargs.py
[2025-11-05T15:36:07.454+0000] {processor.py:830} INFO - Processing file /home/airflow/.local/lib/python3.8/site-packages/airflow/example_dags/example_xcomargs.py for tasks to queue
[2025-11-05T15:36:07.462+0000] {logging_mixin.py:188} INFO - [2025-11-05T15:36:07.461+0000] {dagbag.py:538} INFO - Filling up the DagBag from /home/airflow/.local/lib/python3.8/site-packages/airflow/example_dags/example_xcomargs.py
[2025-11-05T15:36:07.501+0000] {processor.py:840} INFO - DAG(s) 'example_xcom_args_with_operators', 'example_xcom_args' retrieved from /home/airflow/.local/lib/python3.8/site-packages/airflow/example_dags/example_xcomargs.py
[2025-11-05T15:36:07.596+0000] {logging_mixin.py:188} INFO - [2025-11-05T15:36:07.596+0000] {dag.py:3036} INFO - Sync 2 DAGs
[2025-11-05T15:36:07.648+0000] {logging_mixin.py:188} INFO - [2025-11-05T15:36:07.643+0000] {dag.py:3823} INFO - Setting next_dagrun for example_xcom_args to None, run_after=None
[2025-11-05T15:36:07.664+0000] {logging_mixin.py:188} INFO - [2025-11-05T15:36:07.664+0000] {dag.py:3823} INFO - Setting next_dagrun for example_xcom_args_with_operators to None, run_after=None
[2025-11-05T15:36:07.727+0000] {processor.py:183} INFO - Processing /home/airflow/.local/lib/python3.8/site-packages/airflow/example_dags/example_xcomargs.py took 0.290 seconds
[2025-11-05T15:36:38.103+0000] {processor.py:161} INFO - Started process (PID=185) to work on /home/airflow/.local/lib/python3.8/site-packages/airflow/example_dags/example_xcomargs.py
[2025-11-05T15:36:38.104+0000] {processor.py:830} INFO - Processing file /home/airflow/.local/lib/python3.8/site-packages/airflow/example_dags/example_xcomargs.py for tasks to queue
[2025-11-05T15:36:38.108+0000] {logging_mixin.py:188} INFO - [2025-11-05T15:36:38.107+0000] {dagbag.py:538} INFO - Filling up the DagBag from /home/airflow/.local/lib/python3.8/site-packages/airflow/example_dags/example_xcomargs.py
[2025-11-05T15:36:38.122+0000] {processor.py:840} INFO - DAG(s) 'example_xcom_args_with_operators', 'example_xcom_args' retrieved from /home/airflow/.local/lib/python3.8/site-packages/airflow/example_dags/example_xcomargs.py
[2025-11-05T15:36:38.165+0000] {logging_mixin.py:188} INFO - [2025-11-05T15:36:38.165+0000] {dag.py:3036} INFO - Sync 2 DAGs
[2025-11-05T15:36:38.186+0000] {logging_mixin.py:188} INFO - [2025-11-05T15:36:38.186+0000] {dag.py:3823} INFO - Setting next_dagrun for example_xcom_args to None, run_after=None
[2025-11-05T15:36:38.193+0000] {logging_mixin.py:188} INFO - [2025-11-05T15:36:38.193+0000] {dag.py:3823} INFO - Setting next_dagrun for example_xcom_args_with_operators to None, run_after=None
[2025-11-05T15:36:38.228+0000] {processor.py:183} INFO - Processing /home/airflow/.local/lib/python3.8/site-packages/airflow/example_dags/example_xcomargs.py took 0.131 seconds
[2025-11-05T15:37:08.498+0000] {processor.py:161} INFO - Started process (PID=240) to work on /home/airflow/.local/lib/python3.8/site-packages/airflow/example_dags/example_xcomargs.py
[2025-11-05T15:37:08.500+0000] {processor.py:830} INFO - Processing file /home/airflow/.local/lib/python3.8/site-packages/airflow/example_dags/example_xcomargs.py for tasks to queue
[2025-11-05T15:37:08.503+0000] {logging_mixin.py:188} INFO - [2025-11-05T15:37:08.503+0000] {dagbag.py:538} INFO - Filling up the DagBag from /home/airflow/.local/lib/python3.8/site-packages/airflow/example_dags/example_xcomargs.py
[2025-11-05T15:37:08.517+0000] {processor.py:840} INFO - DAG(s) 'example_xcom_args_with_operators', 'example_xcom_args' retrieved from /home/airflow/.local/lib/python3.8/site-packages/airflow/example_dags/example_xcomargs.py
[2025-11-05T15:37:08.571+0000] {logging_mixin.py:188} INFO - [2025-11-05T15:37:08.569+0000] {dag.py:3036} INFO - Sync 2 DAGs
[2025-11-05T15:37:08.623+0000] {logging_mixin.py:188} INFO - [2025-11-05T15:37:08.623+0000] {dag.py:3823} INFO - Setting next_dagrun for example_xcom_args to None, run_after=None
[2025-11-05T15:37:08.634+0000] {logging_mixin.py:188} INFO - [2025-11-05T15:37:08.634+0000] {dag.py:3823} INFO - Setting next_dagrun for example_xcom_args_with_operators to None, run_after=None
[2025-11-05T15:37:08.686+0000] {processor.py:183} INFO - Processing /home/airflow/.local/lib/python3.8/site-packages/airflow/example_dags/example_xcomargs.py took 0.194 seconds
[2025-11-05T15:39:30.851+0000] {processor.py:161} INFO - Started process (PID=71) to work on /home/airflow/.local/lib/python3.8/site-packages/airflow/example_dags/example_xcomargs.py
[2025-11-05T15:39:30.862+0000] {processor.py:830} INFO - Processing file /home/airflow/.local/lib/python3.8/site-packages/airflow/example_dags/example_xcomargs.py for tasks to queue
[2025-11-05T15:39:30.871+0000] {logging_mixin.py:188} INFO - [2025-11-05T15:39:30.870+0000] {dagbag.py:538} INFO - Filling up the DagBag from /home/airflow/.local/lib/python3.8/site-packages/airflow/example_dags/example_xcomargs.py
[2025-11-05T15:39:30.931+0000] {processor.py:840} INFO - DAG(s) 'example_xcom_args', 'example_xcom_args_with_operators' retrieved from /home/airflow/.local/lib/python3.8/site-packages/airflow/example_dags/example_xcomargs.py
[2025-11-05T15:39:31.825+0000] {logging_mixin.py:188} INFO - [2025-11-05T15:39:31.824+0000] {dag.py:3036} INFO - Sync 2 DAGs
[2025-11-05T15:39:31.946+0000] {logging_mixin.py:188} INFO - [2025-11-05T15:39:31.946+0000] {dag.py:3823} INFO - Setting next_dagrun for example_xcom_args to None, run_after=None
[2025-11-05T15:39:31.971+0000] {logging_mixin.py:188} INFO - [2025-11-05T15:39:31.969+0000] {dag.py:3823} INFO - Setting next_dagrun for example_xcom_args_with_operators to None, run_after=None
[2025-11-05T15:39:32.138+0000] {processor.py:183} INFO - Processing /home/airflow/.local/lib/python3.8/site-packages/airflow/example_dags/example_xcomargs.py took 1.304 seconds
[2025-11-05T15:40:06.943+0000] {processor.py:161} INFO - Started process (PID=126) to work on /home/airflow/.local/lib/python3.8/site-packages/airflow/example_dags/example_xcomargs.py
[2025-11-05T15:40:06.947+0000] {processor.py:830} INFO - Processing file /home/airflow/.local/lib/python3.8/site-packages/airflow/example_dags/example_xcomargs.py for tasks to queue
[2025-11-05T15:40:06.952+0000] {logging_mixin.py:188} INFO - [2025-11-05T15:40:06.951+0000] {dagbag.py:538} INFO - Filling up the DagBag from /home/airflow/.local/lib/python3.8/site-packages/airflow/example_dags/example_xcomargs.py
[2025-11-05T15:40:06.979+0000] {processor.py:840} INFO - DAG(s) 'example_xcom_args_with_operators', 'example_xcom_args' retrieved from /home/airflow/.local/lib/python3.8/site-packages/airflow/example_dags/example_xcomargs.py
[2025-11-05T15:40:07.086+0000] {logging_mixin.py:188} INFO - [2025-11-05T15:40:07.085+0000] {dag.py:3036} INFO - Sync 2 DAGs
[2025-11-05T15:40:07.175+0000] {logging_mixin.py:188} INFO - [2025-11-05T15:40:07.174+0000] {dag.py:3823} INFO - Setting next_dagrun for example_xcom_args to None, run_after=None
[2025-11-05T15:40:07.188+0000] {logging_mixin.py:188} INFO - [2025-11-05T15:40:07.187+0000] {dag.py:3823} INFO - Setting next_dagrun for example_xcom_args_with_operators to None, run_after=None
[2025-11-05T15:40:07.292+0000] {processor.py:183} INFO - Processing /home/airflow/.local/lib/python3.8/site-packages/airflow/example_dags/example_xcomargs.py took 0.368 seconds
[2025-11-05T15:40:37.716+0000] {processor.py:161} INFO - Started process (PID=178) to work on /home/airflow/.local/lib/python3.8/site-packages/airflow/example_dags/example_xcomargs.py
[2025-11-05T15:40:37.718+0000] {processor.py:830} INFO - Processing file /home/airflow/.local/lib/python3.8/site-packages/airflow/example_dags/example_xcomargs.py for tasks to queue
[2025-11-05T15:40:37.721+0000] {logging_mixin.py:188} INFO - [2025-11-05T15:40:37.720+0000] {dagbag.py:538} INFO - Filling up the DagBag from /home/airflow/.local/lib/python3.8/site-packages/airflow/example_dags/example_xcomargs.py
[2025-11-05T15:40:37.732+0000] {processor.py:840} INFO - DAG(s) 'example_xcom_args_with_operators', 'example_xcom_args' retrieved from /home/airflow/.local/lib/python3.8/site-packages/airflow/example_dags/example_xcomargs.py
[2025-11-05T15:40:37.765+0000] {logging_mixin.py:188} INFO - [2025-11-05T15:40:37.765+0000] {dag.py:3036} INFO - Sync 2 DAGs
[2025-11-05T15:40:37.781+0000] {logging_mixin.py:188} INFO - [2025-11-05T15:40:37.780+0000] {dag.py:3823} INFO - Setting next_dagrun for example_xcom_args to None, run_after=None
[2025-11-05T15:40:37.785+0000] {logging_mixin.py:188} INFO - [2025-11-05T15:40:37.785+0000] {dag.py:3823} INFO - Setting next_dagrun for example_xcom_args_with_operators to None, run_after=None
[2025-11-05T15:40:37.815+0000] {processor.py:183} INFO - Processing /home/airflow/.local/lib/python3.8/site-packages/airflow/example_dags/example_xcomargs.py took 0.104 seconds
[2025-11-05T15:41:08.453+0000] {processor.py:161} INFO - Started process (PID=233) to work on /home/airflow/.local/lib/python3.8/site-packages/airflow/example_dags/example_xcomargs.py
[2025-11-05T15:41:08.455+0000] {processor.py:830} INFO - Processing file /home/airflow/.local/lib/python3.8/site-packages/airflow/example_dags/example_xcomargs.py for tasks to queue
[2025-11-05T15:41:08.461+0000] {logging_mixin.py:188} INFO - [2025-11-05T15:41:08.460+0000] {dagbag.py:538} INFO - Filling up the DagBag from /home/airflow/.local/lib/python3.8/site-packages/airflow/example_dags/example_xcomargs.py
[2025-11-05T15:41:08.487+0000] {processor.py:840} INFO - DAG(s) 'example_xcom_args_with_operators', 'example_xcom_args' retrieved from /home/airflow/.local/lib/python3.8/site-packages/airflow/example_dags/example_xcomargs.py
[2025-11-05T15:41:08.549+0000] {logging_mixin.py:188} INFO - [2025-11-05T15:41:08.548+0000] {dag.py:3036} INFO - Sync 2 DAGs
[2025-11-05T15:41:08.583+0000] {logging_mixin.py:188} INFO - [2025-11-05T15:41:08.582+0000] {dag.py:3823} INFO - Setting next_dagrun for example_xcom_args to None, run_after=None
[2025-11-05T15:41:08.592+0000] {logging_mixin.py:188} INFO - [2025-11-05T15:41:08.591+0000] {dag.py:3823} INFO - Setting next_dagrun for example_xcom_args_with_operators to None, run_after=None
[2025-11-05T15:41:08.645+0000] {processor.py:183} INFO - Processing /home/airflow/.local/lib/python3.8/site-packages/airflow/example_dags/example_xcomargs.py took 0.204 seconds
[2025-11-05T15:41:39.005+0000] {processor.py:161} INFO - Started process (PID=288) to work on /home/airflow/.local/lib/python3.8/site-packages/airflow/example_dags/example_xcomargs.py
[2025-11-05T15:41:39.008+0000] {processor.py:830} INFO - Processing file /home/airflow/.local/lib/python3.8/site-packages/airflow/example_dags/example_xcomargs.py for tasks to queue
[2025-11-05T15:41:39.015+0000] {logging_mixin.py:188} INFO - [2025-11-05T15:41:39.014+0000] {dagbag.py:538} INFO - Filling up the DagBag from /home/airflow/.local/lib/python3.8/site-packages/airflow/example_dags/example_xcomargs.py
[2025-11-05T15:41:39.059+0000] {processor.py:840} INFO - DAG(s) 'example_xcom_args_with_operators', 'example_xcom_args' retrieved from /home/airflow/.local/lib/python3.8/site-packages/airflow/example_dags/example_xcomargs.py
[2025-11-05T15:41:39.235+0000] {logging_mixin.py:188} INFO - [2025-11-05T15:41:39.234+0000] {dag.py:3036} INFO - Sync 2 DAGs
[2025-11-05T15:41:39.315+0000] {logging_mixin.py:188} INFO - [2025-11-05T15:41:39.314+0000] {dag.py:3823} INFO - Setting next_dagrun for example_xcom_args to None, run_after=None
[2025-11-05T15:41:39.335+0000] {logging_mixin.py:188} INFO - [2025-11-05T15:41:39.334+0000] {dag.py:3823} INFO - Setting next_dagrun for example_xcom_args_with_operators to None, run_after=None
[2025-11-05T15:41:39.427+0000] {processor.py:183} INFO - Processing /home/airflow/.local/lib/python3.8/site-packages/airflow/example_dags/example_xcomargs.py took 0.446 seconds
[2025-11-05T15:42:09.677+0000] {processor.py:161} INFO - Started process (PID=343) to work on /home/airflow/.local/lib/python3.8/site-packages/airflow/example_dags/example_xcomargs.py
[2025-11-05T15:42:09.679+0000] {processor.py:830} INFO - Processing file /home/airflow/.local/lib/python3.8/site-packages/airflow/example_dags/example_xcomargs.py for tasks to queue
[2025-11-05T15:42:09.682+0000] {logging_mixin.py:188} INFO - [2025-11-05T15:42:09.682+0000] {dagbag.py:538} INFO - Filling up the DagBag from /home/airflow/.local/lib/python3.8/site-packages/airflow/example_dags/example_xcomargs.py
[2025-11-05T15:42:09.696+0000] {processor.py:840} INFO - DAG(s) 'example_xcom_args_with_operators', 'example_xcom_args' retrieved from /home/airflow/.local/lib/python3.8/site-packages/airflow/example_dags/example_xcomargs.py
[2025-11-05T15:42:09.744+0000] {logging_mixin.py:188} INFO - [2025-11-05T15:42:09.743+0000] {dag.py:3036} INFO - Sync 2 DAGs
[2025-11-05T15:42:09.781+0000] {logging_mixin.py:188} INFO - [2025-11-05T15:42:09.780+0000] {dag.py:3823} INFO - Setting next_dagrun for example_xcom_args to None, run_after=None
[2025-11-05T15:42:09.797+0000] {logging_mixin.py:188} INFO - [2025-11-05T15:42:09.796+0000] {dag.py:3823} INFO - Setting next_dagrun for example_xcom_args_with_operators to None, run_after=None
[2025-11-05T15:42:09.846+0000] {processor.py:183} INFO - Processing /home/airflow/.local/lib/python3.8/site-packages/airflow/example_dags/example_xcomargs.py took 0.176 seconds
[2025-11-05T15:42:39.969+0000] {processor.py:161} INFO - Started process (PID=397) to work on /home/airflow/.local/lib/python3.8/site-packages/airflow/example_dags/example_xcomargs.py
[2025-11-05T15:42:39.971+0000] {processor.py:830} INFO - Processing file /home/airflow/.local/lib/python3.8/site-packages/airflow/example_dags/example_xcomargs.py for tasks to queue
[2025-11-05T15:42:39.973+0000] {logging_mixin.py:188} INFO - [2025-11-05T15:42:39.973+0000] {dagbag.py:538} INFO - Filling up the DagBag from /home/airflow/.local/lib/python3.8/site-packages/airflow/example_dags/example_xcomargs.py
[2025-11-05T15:42:39.984+0000] {processor.py:840} INFO - DAG(s) 'example_xcom_args', 'example_xcom_args_with_operators' retrieved from /home/airflow/.local/lib/python3.8/site-packages/airflow/example_dags/example_xcomargs.py
[2025-11-05T15:42:40.015+0000] {logging_mixin.py:188} INFO - [2025-11-05T15:42:40.014+0000] {dag.py:3036} INFO - Sync 2 DAGs
[2025-11-05T15:42:40.030+0000] {logging_mixin.py:188} INFO - [2025-11-05T15:42:40.029+0000] {dag.py:3823} INFO - Setting next_dagrun for example_xcom_args to None, run_after=None
[2025-11-05T15:42:40.034+0000] {logging_mixin.py:188} INFO - [2025-11-05T15:42:40.034+0000] {dag.py:3823} INFO - Setting next_dagrun for example_xcom_args_with_operators to None, run_after=None
[2025-11-05T15:42:40.062+0000] {processor.py:183} INFO - Processing /home/airflow/.local/lib/python3.8/site-packages/airflow/example_dags/example_xcomargs.py took 0.097 seconds
[2025-11-05T15:43:10.405+0000] {processor.py:161} INFO - Started process (PID=459) to work on /home/airflow/.local/lib/python3.8/site-packages/airflow/example_dags/example_xcomargs.py
[2025-11-05T15:43:10.421+0000] {processor.py:830} INFO - Processing file /home/airflow/.local/lib/python3.8/site-packages/airflow/example_dags/example_xcomargs.py for tasks to queue
[2025-11-05T15:43:10.438+0000] {logging_mixin.py:188} INFO - [2025-11-05T15:43:10.437+0000] {dagbag.py:538} INFO - Filling up the DagBag from /home/airflow/.local/lib/python3.8/site-packages/airflow/example_dags/example_xcomargs.py
[2025-11-05T15:43:10.522+0000] {processor.py:840} INFO - DAG(s) 'example_xcom_args', 'example_xcom_args_with_operators' retrieved from /home/airflow/.local/lib/python3.8/site-packages/airflow/example_dags/example_xcomargs.py
[2025-11-05T15:43:10.775+0000] {logging_mixin.py:188} INFO - [2025-11-05T15:43:10.775+0000] {dag.py:3036} INFO - Sync 2 DAGs
[2025-11-05T15:43:10.885+0000] {logging_mixin.py:188} INFO - [2025-11-05T15:43:10.884+0000] {dag.py:3823} INFO - Setting next_dagrun for example_xcom_args to None, run_after=None
[2025-11-05T15:43:10.910+0000] {logging_mixin.py:188} INFO - [2025-11-05T15:43:10.909+0000] {dag.py:3823} INFO - Setting next_dagrun for example_xcom_args_with_operators to None, run_after=None
[2025-11-05T15:43:11.068+0000] {processor.py:183} INFO - Processing /home/airflow/.local/lib/python3.8/site-packages/airflow/example_dags/example_xcomargs.py took 0.695 seconds
[2025-11-05T15:43:41.628+0000] {processor.py:161} INFO - Started process (PID=514) to work on /home/airflow/.local/lib/python3.8/site-packages/airflow/example_dags/example_xcomargs.py
[2025-11-05T15:43:41.646+0000] {processor.py:830} INFO - Processing file /home/airflow/.local/lib/python3.8/site-packages/airflow/example_dags/example_xcomargs.py for tasks to queue
[2025-11-05T15:43:41.683+0000] {logging_mixin.py:188} INFO - [2025-11-05T15:43:41.682+0000] {dagbag.py:538} INFO - Filling up the DagBag from /home/airflow/.local/lib/python3.8/site-packages/airflow/example_dags/example_xcomargs.py
[2025-11-05T15:43:41.742+0000] {processor.py:840} INFO - DAG(s) 'example_xcom_args', 'example_xcom_args_with_operators' retrieved from /home/airflow/.local/lib/python3.8/site-packages/airflow/example_dags/example_xcomargs.py
[2025-11-05T15:43:41.933+0000] {logging_mixin.py:188} INFO - [2025-11-05T15:43:41.932+0000] {dag.py:3036} INFO - Sync 2 DAGs
[2025-11-05T15:43:42.030+0000] {logging_mixin.py:188} INFO - [2025-11-05T15:43:42.029+0000] {dag.py:3823} INFO - Setting next_dagrun for example_xcom_args to None, run_after=None
[2025-11-05T15:43:42.051+0000] {logging_mixin.py:188} INFO - [2025-11-05T15:43:42.051+0000] {dag.py:3823} INFO - Setting next_dagrun for example_xcom_args_with_operators to None, run_after=None
[2025-11-05T15:43:42.159+0000] {processor.py:183} INFO - Processing /home/airflow/.local/lib/python3.8/site-packages/airflow/example_dags/example_xcomargs.py took 0.555 seconds
[2025-11-05T15:44:12.613+0000] {processor.py:161} INFO - Started process (PID=569) to work on /home/airflow/.local/lib/python3.8/site-packages/airflow/example_dags/example_xcomargs.py
[2025-11-05T15:44:12.615+0000] {processor.py:830} INFO - Processing file /home/airflow/.local/lib/python3.8/site-packages/airflow/example_dags/example_xcomargs.py for tasks to queue
[2025-11-05T15:44:12.621+0000] {logging_mixin.py:188} INFO - [2025-11-05T15:44:12.620+0000] {dagbag.py:538} INFO - Filling up the DagBag from /home/airflow/.local/lib/python3.8/site-packages/airflow/example_dags/example_xcomargs.py
[2025-11-05T15:44:12.637+0000] {processor.py:840} INFO - DAG(s) 'example_xcom_args_with_operators', 'example_xcom_args' retrieved from /home/airflow/.local/lib/python3.8/site-packages/airflow/example_dags/example_xcomargs.py
[2025-11-05T15:44:12.693+0000] {logging_mixin.py:188} INFO - [2025-11-05T15:44:12.693+0000] {dag.py:3036} INFO - Sync 2 DAGs
[2025-11-05T15:44:12.731+0000] {logging_mixin.py:188} INFO - [2025-11-05T15:44:12.731+0000] {dag.py:3823} INFO - Setting next_dagrun for example_xcom_args to None, run_after=None
[2025-11-05T15:44:12.741+0000] {logging_mixin.py:188} INFO - [2025-11-05T15:44:12.740+0000] {dag.py:3823} INFO - Setting next_dagrun for example_xcom_args_with_operators to None, run_after=None
[2025-11-05T15:44:12.799+0000] {processor.py:183} INFO - Processing /home/airflow/.local/lib/python3.8/site-packages/airflow/example_dags/example_xcomargs.py took 0.193 seconds
[2025-11-05T15:44:43.047+0000] {processor.py:161} INFO - Started process (PID=625) to work on /home/airflow/.local/lib/python3.8/site-packages/airflow/example_dags/example_xcomargs.py
[2025-11-05T15:44:43.053+0000] {processor.py:830} INFO - Processing file /home/airflow/.local/lib/python3.8/site-packages/airflow/example_dags/example_xcomargs.py for tasks to queue
[2025-11-05T15:44:43.068+0000] {logging_mixin.py:188} INFO - [2025-11-05T15:44:43.067+0000] {dagbag.py:538} INFO - Filling up the DagBag from /home/airflow/.local/lib/python3.8/site-packages/airflow/example_dags/example_xcomargs.py
[2025-11-05T15:44:43.110+0000] {processor.py:840} INFO - DAG(s) 'example_xcom_args', 'example_xcom_args_with_operators' retrieved from /home/airflow/.local/lib/python3.8/site-packages/airflow/example_dags/example_xcomargs.py
[2025-11-05T15:44:43.234+0000] {logging_mixin.py:188} INFO - [2025-11-05T15:44:43.233+0000] {dag.py:3036} INFO - Sync 2 DAGs
[2025-11-05T15:44:43.303+0000] {logging_mixin.py:188} INFO - [2025-11-05T15:44:43.303+0000] {dag.py:3823} INFO - Setting next_dagrun for example_xcom_args to None, run_after=None
[2025-11-05T15:44:43.325+0000] {logging_mixin.py:188} INFO - [2025-11-05T15:44:43.325+0000] {dag.py:3823} INFO - Setting next_dagrun for example_xcom_args_with_operators to None, run_after=None
[2025-11-05T15:44:43.409+0000] {processor.py:183} INFO - Processing /home/airflow/.local/lib/python3.8/site-packages/airflow/example_dags/example_xcomargs.py took 0.382 seconds
