[2025-11-05T15:35:40.914+0000] {processor.py:161} INFO - Started process (PID=80) to work on /home/airflow/.local/lib/python3.8/site-packages/airflow/example_dags/example_complex.py
[2025-11-05T15:35:40.928+0000] {processor.py:830} INFO - Processing file /home/airflow/.local/lib/python3.8/site-packages/airflow/example_dags/example_complex.py for tasks to queue
[2025-11-05T15:35:40.945+0000] {logging_mixin.py:188} INFO - [2025-11-05T15:35:40.944+0000] {dagbag.py:538} INFO - Filling up the DagBag from /home/airflow/.local/lib/python3.8/site-packages/airflow/example_dags/example_complex.py
[2025-11-05T15:35:41.137+0000] {processor.py:840} INFO - DAG(s) 'example_complex' retrieved from /home/airflow/.local/lib/python3.8/site-packages/airflow/example_dags/example_complex.py
[2025-11-05T15:35:41.976+0000] {logging_mixin.py:188} INFO - [2025-11-05T15:35:41.974+0000] {dag.py:3036} INFO - Sync 1 DAGs
[2025-11-05T15:35:42.042+0000] {logging_mixin.py:188} INFO - [2025-11-05T15:35:42.041+0000] {dag.py:3823} INFO - Setting next_dagrun for example_complex to None, run_after=None
[2025-11-05T15:35:42.180+0000] {processor.py:183} INFO - Processing /home/airflow/.local/lib/python3.8/site-packages/airflow/example_dags/example_complex.py took 1.314 seconds
[2025-11-05T15:36:13.768+0000] {processor.py:161} INFO - Started process (PID=135) to work on /home/airflow/.local/lib/python3.8/site-packages/airflow/example_dags/example_complex.py
[2025-11-05T15:36:13.782+0000] {processor.py:830} INFO - Processing file /home/airflow/.local/lib/python3.8/site-packages/airflow/example_dags/example_complex.py for tasks to queue
[2025-11-05T15:36:13.791+0000] {logging_mixin.py:188} INFO - [2025-11-05T15:36:13.789+0000] {dagbag.py:538} INFO - Filling up the DagBag from /home/airflow/.local/lib/python3.8/site-packages/airflow/example_dags/example_complex.py
[2025-11-05T15:36:13.877+0000] {processor.py:840} INFO - DAG(s) 'example_complex' retrieved from /home/airflow/.local/lib/python3.8/site-packages/airflow/example_dags/example_complex.py
[2025-11-05T15:36:14.207+0000] {logging_mixin.py:188} INFO - [2025-11-05T15:36:14.196+0000] {dag.py:3036} INFO - Sync 1 DAGs
[2025-11-05T15:36:14.324+0000] {logging_mixin.py:188} INFO - [2025-11-05T15:36:14.313+0000] {dag.py:3823} INFO - Setting next_dagrun for example_complex to None, run_after=None
[2025-11-05T15:36:14.481+0000] {processor.py:183} INFO - Processing /home/airflow/.local/lib/python3.8/site-packages/airflow/example_dags/example_complex.py took 0.736 seconds
[2025-11-05T15:36:45.573+0000] {processor.py:161} INFO - Started process (PID=190) to work on /home/airflow/.local/lib/python3.8/site-packages/airflow/example_dags/example_complex.py
[2025-11-05T15:36:45.575+0000] {processor.py:830} INFO - Processing file /home/airflow/.local/lib/python3.8/site-packages/airflow/example_dags/example_complex.py for tasks to queue
[2025-11-05T15:36:45.579+0000] {logging_mixin.py:188} INFO - [2025-11-05T15:36:45.578+0000] {dagbag.py:538} INFO - Filling up the DagBag from /home/airflow/.local/lib/python3.8/site-packages/airflow/example_dags/example_complex.py
[2025-11-05T15:36:45.605+0000] {processor.py:840} INFO - DAG(s) 'example_complex' retrieved from /home/airflow/.local/lib/python3.8/site-packages/airflow/example_dags/example_complex.py
[2025-11-05T15:36:45.687+0000] {logging_mixin.py:188} INFO - [2025-11-05T15:36:45.686+0000] {dag.py:3036} INFO - Sync 1 DAGs
[2025-11-05T15:36:45.789+0000] {logging_mixin.py:188} INFO - [2025-11-05T15:36:45.788+0000] {dag.py:3823} INFO - Setting next_dagrun for example_complex to None, run_after=None
[2025-11-05T15:36:45.839+0000] {processor.py:183} INFO - Processing /home/airflow/.local/lib/python3.8/site-packages/airflow/example_dags/example_complex.py took 0.272 seconds
[2025-11-05T15:37:16.592+0000] {processor.py:161} INFO - Started process (PID=245) to work on /home/airflow/.local/lib/python3.8/site-packages/airflow/example_dags/example_complex.py
[2025-11-05T15:37:16.598+0000] {processor.py:830} INFO - Processing file /home/airflow/.local/lib/python3.8/site-packages/airflow/example_dags/example_complex.py for tasks to queue
[2025-11-05T15:37:16.605+0000] {logging_mixin.py:188} INFO - [2025-11-05T15:37:16.604+0000] {dagbag.py:538} INFO - Filling up the DagBag from /home/airflow/.local/lib/python3.8/site-packages/airflow/example_dags/example_complex.py
[2025-11-05T15:37:16.647+0000] {processor.py:840} INFO - DAG(s) 'example_complex' retrieved from /home/airflow/.local/lib/python3.8/site-packages/airflow/example_dags/example_complex.py
[2025-11-05T15:37:16.777+0000] {logging_mixin.py:188} INFO - [2025-11-05T15:37:16.777+0000] {dag.py:3036} INFO - Sync 1 DAGs
[2025-11-05T15:37:16.851+0000] {logging_mixin.py:188} INFO - [2025-11-05T15:37:16.850+0000] {dag.py:3823} INFO - Setting next_dagrun for example_complex to None, run_after=None
[2025-11-05T15:37:16.961+0000] {processor.py:183} INFO - Processing /home/airflow/.local/lib/python3.8/site-packages/airflow/example_dags/example_complex.py took 0.380 seconds
[2025-11-05T15:39:35.587+0000] {processor.py:161} INFO - Started process (PID=76) to work on /home/airflow/.local/lib/python3.8/site-packages/airflow/example_dags/example_complex.py
[2025-11-05T15:39:35.592+0000] {processor.py:830} INFO - Processing file /home/airflow/.local/lib/python3.8/site-packages/airflow/example_dags/example_complex.py for tasks to queue
[2025-11-05T15:39:35.599+0000] {logging_mixin.py:188} INFO - [2025-11-05T15:39:35.598+0000] {dagbag.py:538} INFO - Filling up the DagBag from /home/airflow/.local/lib/python3.8/site-packages/airflow/example_dags/example_complex.py
[2025-11-05T15:39:35.703+0000] {processor.py:840} INFO - DAG(s) 'example_complex' retrieved from /home/airflow/.local/lib/python3.8/site-packages/airflow/example_dags/example_complex.py
[2025-11-05T15:39:36.456+0000] {logging_mixin.py:188} INFO - [2025-11-05T15:39:36.455+0000] {dag.py:3036} INFO - Sync 1 DAGs
[2025-11-05T15:39:36.570+0000] {logging_mixin.py:188} INFO - [2025-11-05T15:39:36.570+0000] {dag.py:3823} INFO - Setting next_dagrun for example_complex to None, run_after=None
[2025-11-05T15:39:36.734+0000] {processor.py:183} INFO - Processing /home/airflow/.local/lib/python3.8/site-packages/airflow/example_dags/example_complex.py took 1.163 seconds
[2025-11-05T15:40:09.363+0000] {processor.py:161} INFO - Started process (PID=131) to work on /home/airflow/.local/lib/python3.8/site-packages/airflow/example_dags/example_complex.py
[2025-11-05T15:40:09.377+0000] {processor.py:830} INFO - Processing file /home/airflow/.local/lib/python3.8/site-packages/airflow/example_dags/example_complex.py for tasks to queue
[2025-11-05T15:40:09.387+0000] {logging_mixin.py:188} INFO - [2025-11-05T15:40:09.386+0000] {dagbag.py:538} INFO - Filling up the DagBag from /home/airflow/.local/lib/python3.8/site-packages/airflow/example_dags/example_complex.py
[2025-11-05T15:40:09.498+0000] {processor.py:840} INFO - DAG(s) 'example_complex' retrieved from /home/airflow/.local/lib/python3.8/site-packages/airflow/example_dags/example_complex.py
[2025-11-05T15:40:09.729+0000] {logging_mixin.py:188} INFO - [2025-11-05T15:40:09.728+0000] {dag.py:3036} INFO - Sync 1 DAGs
[2025-11-05T15:40:09.851+0000] {logging_mixin.py:188} INFO - [2025-11-05T15:40:09.851+0000] {dag.py:3823} INFO - Setting next_dagrun for example_complex to None, run_after=None
[2025-11-05T15:40:09.986+0000] {processor.py:183} INFO - Processing /home/airflow/.local/lib/python3.8/site-packages/airflow/example_dags/example_complex.py took 0.641 seconds
[2025-11-05T15:40:40.800+0000] {processor.py:161} INFO - Started process (PID=185) to work on /home/airflow/.local/lib/python3.8/site-packages/airflow/example_dags/example_complex.py
[2025-11-05T15:40:40.802+0000] {processor.py:830} INFO - Processing file /home/airflow/.local/lib/python3.8/site-packages/airflow/example_dags/example_complex.py for tasks to queue
[2025-11-05T15:40:40.806+0000] {logging_mixin.py:188} INFO - [2025-11-05T15:40:40.805+0000] {dagbag.py:538} INFO - Filling up the DagBag from /home/airflow/.local/lib/python3.8/site-packages/airflow/example_dags/example_complex.py
[2025-11-05T15:40:40.825+0000] {processor.py:840} INFO - DAG(s) 'example_complex' retrieved from /home/airflow/.local/lib/python3.8/site-packages/airflow/example_dags/example_complex.py
[2025-11-05T15:40:40.887+0000] {logging_mixin.py:188} INFO - [2025-11-05T15:40:40.887+0000] {dag.py:3036} INFO - Sync 1 DAGs
[2025-11-05T15:40:40.909+0000] {logging_mixin.py:188} INFO - [2025-11-05T15:40:40.909+0000] {dag.py:3823} INFO - Setting next_dagrun for example_complex to None, run_after=None
[2025-11-05T15:40:40.946+0000] {processor.py:183} INFO - Processing /home/airflow/.local/lib/python3.8/site-packages/airflow/example_dags/example_complex.py took 0.153 seconds
[2025-11-05T15:41:11.649+0000] {processor.py:161} INFO - Started process (PID=240) to work on /home/airflow/.local/lib/python3.8/site-packages/airflow/example_dags/example_complex.py
[2025-11-05T15:41:11.651+0000] {processor.py:830} INFO - Processing file /home/airflow/.local/lib/python3.8/site-packages/airflow/example_dags/example_complex.py for tasks to queue
[2025-11-05T15:41:11.655+0000] {logging_mixin.py:188} INFO - [2025-11-05T15:41:11.654+0000] {dagbag.py:538} INFO - Filling up the DagBag from /home/airflow/.local/lib/python3.8/site-packages/airflow/example_dags/example_complex.py
[2025-11-05T15:41:11.678+0000] {processor.py:840} INFO - DAG(s) 'example_complex' retrieved from /home/airflow/.local/lib/python3.8/site-packages/airflow/example_dags/example_complex.py
[2025-11-05T15:41:11.731+0000] {logging_mixin.py:188} INFO - [2025-11-05T15:41:11.730+0000] {dag.py:3036} INFO - Sync 1 DAGs
[2025-11-05T15:41:11.752+0000] {logging_mixin.py:188} INFO - [2025-11-05T15:41:11.751+0000] {dag.py:3823} INFO - Setting next_dagrun for example_complex to None, run_after=None
[2025-11-05T15:41:11.790+0000] {processor.py:183} INFO - Processing /home/airflow/.local/lib/python3.8/site-packages/airflow/example_dags/example_complex.py took 0.148 seconds
[2025-11-05T15:41:42.387+0000] {processor.py:161} INFO - Started process (PID=295) to work on /home/airflow/.local/lib/python3.8/site-packages/airflow/example_dags/example_complex.py
[2025-11-05T15:41:42.390+0000] {processor.py:830} INFO - Processing file /home/airflow/.local/lib/python3.8/site-packages/airflow/example_dags/example_complex.py for tasks to queue
[2025-11-05T15:41:42.394+0000] {logging_mixin.py:188} INFO - [2025-11-05T15:41:42.393+0000] {dagbag.py:538} INFO - Filling up the DagBag from /home/airflow/.local/lib/python3.8/site-packages/airflow/example_dags/example_complex.py
[2025-11-05T15:41:42.415+0000] {processor.py:840} INFO - DAG(s) 'example_complex' retrieved from /home/airflow/.local/lib/python3.8/site-packages/airflow/example_dags/example_complex.py
[2025-11-05T15:41:42.471+0000] {logging_mixin.py:188} INFO - [2025-11-05T15:41:42.471+0000] {dag.py:3036} INFO - Sync 1 DAGs
[2025-11-05T15:41:42.501+0000] {logging_mixin.py:188} INFO - [2025-11-05T15:41:42.500+0000] {dag.py:3823} INFO - Setting next_dagrun for example_complex to None, run_after=None
[2025-11-05T15:41:42.551+0000] {processor.py:183} INFO - Processing /home/airflow/.local/lib/python3.8/site-packages/airflow/example_dags/example_complex.py took 0.170 seconds
[2025-11-05T15:42:12.973+0000] {processor.py:161} INFO - Started process (PID=349) to work on /home/airflow/.local/lib/python3.8/site-packages/airflow/example_dags/example_complex.py
[2025-11-05T15:42:12.980+0000] {processor.py:830} INFO - Processing file /home/airflow/.local/lib/python3.8/site-packages/airflow/example_dags/example_complex.py for tasks to queue
[2025-11-05T15:42:12.988+0000] {logging_mixin.py:188} INFO - [2025-11-05T15:42:12.987+0000] {dagbag.py:538} INFO - Filling up the DagBag from /home/airflow/.local/lib/python3.8/site-packages/airflow/example_dags/example_complex.py
[2025-11-05T15:42:13.042+0000] {processor.py:840} INFO - DAG(s) 'example_complex' retrieved from /home/airflow/.local/lib/python3.8/site-packages/airflow/example_dags/example_complex.py
[2025-11-05T15:42:13.215+0000] {logging_mixin.py:188} INFO - [2025-11-05T15:42:13.214+0000] {dag.py:3036} INFO - Sync 1 DAGs
[2025-11-05T15:42:13.282+0000] {logging_mixin.py:188} INFO - [2025-11-05T15:42:13.281+0000] {dag.py:3823} INFO - Setting next_dagrun for example_complex to None, run_after=None
[2025-11-05T15:42:13.373+0000] {processor.py:183} INFO - Processing /home/airflow/.local/lib/python3.8/site-packages/airflow/example_dags/example_complex.py took 0.410 seconds
[2025-11-05T15:42:44.091+0000] {processor.py:161} INFO - Started process (PID=409) to work on /home/airflow/.local/lib/python3.8/site-packages/airflow/example_dags/example_complex.py
[2025-11-05T15:42:44.119+0000] {processor.py:830} INFO - Processing file /home/airflow/.local/lib/python3.8/site-packages/airflow/example_dags/example_complex.py for tasks to queue
[2025-11-05T15:42:44.126+0000] {logging_mixin.py:188} INFO - [2025-11-05T15:42:44.125+0000] {dagbag.py:538} INFO - Filling up the DagBag from /home/airflow/.local/lib/python3.8/site-packages/airflow/example_dags/example_complex.py
[2025-11-05T15:42:44.193+0000] {processor.py:840} INFO - DAG(s) 'example_complex' retrieved from /home/airflow/.local/lib/python3.8/site-packages/airflow/example_dags/example_complex.py
[2025-11-05T15:42:44.445+0000] {logging_mixin.py:188} INFO - [2025-11-05T15:42:44.445+0000] {dag.py:3036} INFO - Sync 1 DAGs
[2025-11-05T15:42:44.549+0000] {logging_mixin.py:188} INFO - [2025-11-05T15:42:44.538+0000] {dag.py:3823} INFO - Setting next_dagrun for example_complex to None, run_after=None
[2025-11-05T15:42:44.692+0000] {processor.py:183} INFO - Processing /home/airflow/.local/lib/python3.8/site-packages/airflow/example_dags/example_complex.py took 0.619 seconds
[2025-11-05T15:43:15.033+0000] {processor.py:161} INFO - Started process (PID=471) to work on /home/airflow/.local/lib/python3.8/site-packages/airflow/example_dags/example_complex.py
[2025-11-05T15:43:15.035+0000] {processor.py:830} INFO - Processing file /home/airflow/.local/lib/python3.8/site-packages/airflow/example_dags/example_complex.py for tasks to queue
[2025-11-05T15:43:15.038+0000] {logging_mixin.py:188} INFO - [2025-11-05T15:43:15.038+0000] {dagbag.py:538} INFO - Filling up the DagBag from /home/airflow/.local/lib/python3.8/site-packages/airflow/example_dags/example_complex.py
[2025-11-05T15:43:15.060+0000] {processor.py:840} INFO - DAG(s) 'example_complex' retrieved from /home/airflow/.local/lib/python3.8/site-packages/airflow/example_dags/example_complex.py
[2025-11-05T15:43:15.122+0000] {logging_mixin.py:188} INFO - [2025-11-05T15:43:15.121+0000] {dag.py:3036} INFO - Sync 1 DAGs
[2025-11-05T15:43:15.146+0000] {logging_mixin.py:188} INFO - [2025-11-05T15:43:15.145+0000] {dag.py:3823} INFO - Setting next_dagrun for example_complex to None, run_after=None
[2025-11-05T15:43:15.189+0000] {processor.py:183} INFO - Processing /home/airflow/.local/lib/python3.8/site-packages/airflow/example_dags/example_complex.py took 0.164 seconds
[2025-11-05T15:43:45.688+0000] {processor.py:161} INFO - Started process (PID=526) to work on /home/airflow/.local/lib/python3.8/site-packages/airflow/example_dags/example_complex.py
[2025-11-05T15:43:45.689+0000] {processor.py:830} INFO - Processing file /home/airflow/.local/lib/python3.8/site-packages/airflow/example_dags/example_complex.py for tasks to queue
[2025-11-05T15:43:45.692+0000] {logging_mixin.py:188} INFO - [2025-11-05T15:43:45.692+0000] {dagbag.py:538} INFO - Filling up the DagBag from /home/airflow/.local/lib/python3.8/site-packages/airflow/example_dags/example_complex.py
[2025-11-05T15:43:45.707+0000] {processor.py:840} INFO - DAG(s) 'example_complex' retrieved from /home/airflow/.local/lib/python3.8/site-packages/airflow/example_dags/example_complex.py
[2025-11-05T15:43:45.748+0000] {logging_mixin.py:188} INFO - [2025-11-05T15:43:45.748+0000] {dag.py:3036} INFO - Sync 1 DAGs
[2025-11-05T15:43:45.766+0000] {logging_mixin.py:188} INFO - [2025-11-05T15:43:45.765+0000] {dag.py:3823} INFO - Setting next_dagrun for example_complex to None, run_after=None
[2025-11-05T15:43:45.797+0000] {processor.py:183} INFO - Processing /home/airflow/.local/lib/python3.8/site-packages/airflow/example_dags/example_complex.py took 0.114 seconds
[2025-11-05T15:44:16.841+0000] {processor.py:161} INFO - Started process (PID=581) to work on /home/airflow/.local/lib/python3.8/site-packages/airflow/example_dags/example_complex.py
[2025-11-05T15:44:16.843+0000] {processor.py:830} INFO - Processing file /home/airflow/.local/lib/python3.8/site-packages/airflow/example_dags/example_complex.py for tasks to queue
[2025-11-05T15:44:16.848+0000] {logging_mixin.py:188} INFO - [2025-11-05T15:44:16.847+0000] {dagbag.py:538} INFO - Filling up the DagBag from /home/airflow/.local/lib/python3.8/site-packages/airflow/example_dags/example_complex.py
[2025-11-05T15:44:16.876+0000] {processor.py:840} INFO - DAG(s) 'example_complex' retrieved from /home/airflow/.local/lib/python3.8/site-packages/airflow/example_dags/example_complex.py
[2025-11-05T15:44:16.957+0000] {logging_mixin.py:188} INFO - [2025-11-05T15:44:16.957+0000] {dag.py:3036} INFO - Sync 1 DAGs
[2025-11-05T15:44:16.993+0000] {logging_mixin.py:188} INFO - [2025-11-05T15:44:16.992+0000] {dag.py:3823} INFO - Setting next_dagrun for example_complex to None, run_after=None
[2025-11-05T15:44:17.059+0000] {processor.py:183} INFO - Processing /home/airflow/.local/lib/python3.8/site-packages/airflow/example_dags/example_complex.py took 0.224 seconds
