[2025-11-05T15:35:42.886+0000] {processor.py:161} INFO - Started process (PID=83) to work on /home/airflow/.local/lib/python3.8/site-packages/airflow/example_dags/example_trigger_target_dag.py
[2025-11-05T15:35:42.890+0000] {processor.py:830} INFO - Processing file /home/airflow/.local/lib/python3.8/site-packages/airflow/example_dags/example_trigger_target_dag.py for tasks to queue
[2025-11-05T15:35:42.904+0000] {logging_mixin.py:188} INFO - [2025-11-05T15:35:42.903+0000] {dagbag.py:538} INFO - Filling up the DagBag from /home/airflow/.local/lib/python3.8/site-packages/airflow/example_dags/example_trigger_target_dag.py
[2025-11-05T15:35:42.958+0000] {processor.py:840} INFO - DAG(s) 'example_trigger_target_dag' retrieved from /home/airflow/.local/lib/python3.8/site-packages/airflow/example_dags/example_trigger_target_dag.py
[2025-11-05T15:35:43.538+0000] {logging_mixin.py:188} INFO - [2025-11-05T15:35:43.538+0000] {dag.py:3036} INFO - Sync 1 DAGs
[2025-11-05T15:35:43.589+0000] {logging_mixin.py:188} INFO - [2025-11-05T15:35:43.588+0000] {dag.py:3823} INFO - Setting next_dagrun for example_trigger_target_dag to None, run_after=None
[2025-11-05T15:35:43.676+0000] {processor.py:183} INFO - Processing /home/airflow/.local/lib/python3.8/site-packages/airflow/example_dags/example_trigger_target_dag.py took 0.810 seconds
[2025-11-05T15:36:15.276+0000] {processor.py:161} INFO - Started process (PID=138) to work on /home/airflow/.local/lib/python3.8/site-packages/airflow/example_dags/example_trigger_target_dag.py
[2025-11-05T15:36:15.281+0000] {processor.py:830} INFO - Processing file /home/airflow/.local/lib/python3.8/site-packages/airflow/example_dags/example_trigger_target_dag.py for tasks to queue
[2025-11-05T15:36:15.300+0000] {logging_mixin.py:188} INFO - [2025-11-05T15:36:15.297+0000] {dagbag.py:538} INFO - Filling up the DagBag from /home/airflow/.local/lib/python3.8/site-packages/airflow/example_dags/example_trigger_target_dag.py
[2025-11-05T15:36:15.336+0000] {processor.py:840} INFO - DAG(s) 'example_trigger_target_dag' retrieved from /home/airflow/.local/lib/python3.8/site-packages/airflow/example_dags/example_trigger_target_dag.py
[2025-11-05T15:36:15.454+0000] {logging_mixin.py:188} INFO - [2025-11-05T15:36:15.453+0000] {dag.py:3036} INFO - Sync 1 DAGs
[2025-11-05T15:36:15.557+0000] {logging_mixin.py:188} INFO - [2025-11-05T15:36:15.557+0000] {dag.py:3823} INFO - Setting next_dagrun for example_trigger_target_dag to None, run_after=None
[2025-11-05T15:36:15.663+0000] {processor.py:183} INFO - Processing /home/airflow/.local/lib/python3.8/site-packages/airflow/example_dags/example_trigger_target_dag.py took 0.405 seconds
[2025-11-05T15:36:45.934+0000] {processor.py:161} INFO - Started process (PID=193) to work on /home/airflow/.local/lib/python3.8/site-packages/airflow/example_dags/example_trigger_target_dag.py
[2025-11-05T15:36:45.937+0000] {processor.py:830} INFO - Processing file /home/airflow/.local/lib/python3.8/site-packages/airflow/example_dags/example_trigger_target_dag.py for tasks to queue
[2025-11-05T15:36:45.943+0000] {logging_mixin.py:188} INFO - [2025-11-05T15:36:45.942+0000] {dagbag.py:538} INFO - Filling up the DagBag from /home/airflow/.local/lib/python3.8/site-packages/airflow/example_dags/example_trigger_target_dag.py
[2025-11-05T15:36:45.958+0000] {processor.py:840} INFO - DAG(s) 'example_trigger_target_dag' retrieved from /home/airflow/.local/lib/python3.8/site-packages/airflow/example_dags/example_trigger_target_dag.py
[2025-11-05T15:36:46.002+0000] {logging_mixin.py:188} INFO - [2025-11-05T15:36:46.002+0000] {dag.py:3036} INFO - Sync 1 DAGs
[2025-11-05T15:36:46.040+0000] {logging_mixin.py:188} INFO - [2025-11-05T15:36:46.039+0000] {dag.py:3823} INFO - Setting next_dagrun for example_trigger_target_dag to None, run_after=None
[2025-11-05T15:36:46.143+0000] {processor.py:183} INFO - Processing /home/airflow/.local/lib/python3.8/site-packages/airflow/example_dags/example_trigger_target_dag.py took 0.219 seconds
[2025-11-05T15:37:17.206+0000] {processor.py:161} INFO - Started process (PID=248) to work on /home/airflow/.local/lib/python3.8/site-packages/airflow/example_dags/example_trigger_target_dag.py
[2025-11-05T15:37:17.209+0000] {processor.py:830} INFO - Processing file /home/airflow/.local/lib/python3.8/site-packages/airflow/example_dags/example_trigger_target_dag.py for tasks to queue
[2025-11-05T15:37:17.223+0000] {logging_mixin.py:188} INFO - [2025-11-05T15:37:17.222+0000] {dagbag.py:538} INFO - Filling up the DagBag from /home/airflow/.local/lib/python3.8/site-packages/airflow/example_dags/example_trigger_target_dag.py
[2025-11-05T15:37:17.267+0000] {processor.py:840} INFO - DAG(s) 'example_trigger_target_dag' retrieved from /home/airflow/.local/lib/python3.8/site-packages/airflow/example_dags/example_trigger_target_dag.py
[2025-11-05T15:37:17.378+0000] {logging_mixin.py:188} INFO - [2025-11-05T15:37:17.368+0000] {dag.py:3036} INFO - Sync 1 DAGs
[2025-11-05T15:37:17.591+0000] {logging_mixin.py:188} INFO - [2025-11-05T15:37:17.591+0000] {dag.py:3823} INFO - Setting next_dagrun for example_trigger_target_dag to None, run_after=None
[2025-11-05T15:37:17.713+0000] {processor.py:183} INFO - Processing /home/airflow/.local/lib/python3.8/site-packages/airflow/example_dags/example_trigger_target_dag.py took 0.524 seconds
[2025-11-05T15:39:37.965+0000] {processor.py:161} INFO - Started process (PID=79) to work on /home/airflow/.local/lib/python3.8/site-packages/airflow/example_dags/example_trigger_target_dag.py
[2025-11-05T15:39:37.970+0000] {processor.py:830} INFO - Processing file /home/airflow/.local/lib/python3.8/site-packages/airflow/example_dags/example_trigger_target_dag.py for tasks to queue
[2025-11-05T15:39:37.981+0000] {logging_mixin.py:188} INFO - [2025-11-05T15:39:37.979+0000] {dagbag.py:538} INFO - Filling up the DagBag from /home/airflow/.local/lib/python3.8/site-packages/airflow/example_dags/example_trigger_target_dag.py
[2025-11-05T15:39:38.024+0000] {processor.py:840} INFO - DAG(s) 'example_trigger_target_dag' retrieved from /home/airflow/.local/lib/python3.8/site-packages/airflow/example_dags/example_trigger_target_dag.py
[2025-11-05T15:39:38.674+0000] {logging_mixin.py:188} INFO - [2025-11-05T15:39:38.673+0000] {dag.py:3036} INFO - Sync 1 DAGs
[2025-11-05T15:39:38.755+0000] {logging_mixin.py:188} INFO - [2025-11-05T15:39:38.755+0000] {dag.py:3823} INFO - Setting next_dagrun for example_trigger_target_dag to None, run_after=None
[2025-11-05T15:39:38.872+0000] {processor.py:183} INFO - Processing /home/airflow/.local/lib/python3.8/site-packages/airflow/example_dags/example_trigger_target_dag.py took 0.930 seconds
[2025-11-05T15:40:10.397+0000] {processor.py:161} INFO - Started process (PID=134) to work on /home/airflow/.local/lib/python3.8/site-packages/airflow/example_dags/example_trigger_target_dag.py
[2025-11-05T15:40:10.464+0000] {processor.py:830} INFO - Processing file /home/airflow/.local/lib/python3.8/site-packages/airflow/example_dags/example_trigger_target_dag.py for tasks to queue
[2025-11-05T15:40:10.476+0000] {logging_mixin.py:188} INFO - [2025-11-05T15:40:10.474+0000] {dagbag.py:538} INFO - Filling up the DagBag from /home/airflow/.local/lib/python3.8/site-packages/airflow/example_dags/example_trigger_target_dag.py
[2025-11-05T15:40:10.526+0000] {processor.py:840} INFO - DAG(s) 'example_trigger_target_dag' retrieved from /home/airflow/.local/lib/python3.8/site-packages/airflow/example_dags/example_trigger_target_dag.py
[2025-11-05T15:40:10.687+0000] {logging_mixin.py:188} INFO - [2025-11-05T15:40:10.686+0000] {dag.py:3036} INFO - Sync 1 DAGs
[2025-11-05T15:40:10.789+0000] {logging_mixin.py:188} INFO - [2025-11-05T15:40:10.788+0000] {dag.py:3823} INFO - Setting next_dagrun for example_trigger_target_dag to None, run_after=None
[2025-11-05T15:40:10.895+0000] {processor.py:183} INFO - Processing /home/airflow/.local/lib/python3.8/site-packages/airflow/example_dags/example_trigger_target_dag.py took 0.515 seconds
[2025-11-05T15:40:41.018+0000] {processor.py:161} INFO - Started process (PID=188) to work on /home/airflow/.local/lib/python3.8/site-packages/airflow/example_dags/example_trigger_target_dag.py
[2025-11-05T15:40:41.021+0000] {processor.py:830} INFO - Processing file /home/airflow/.local/lib/python3.8/site-packages/airflow/example_dags/example_trigger_target_dag.py for tasks to queue
[2025-11-05T15:40:41.025+0000] {logging_mixin.py:188} INFO - [2025-11-05T15:40:41.024+0000] {dagbag.py:538} INFO - Filling up the DagBag from /home/airflow/.local/lib/python3.8/site-packages/airflow/example_dags/example_trigger_target_dag.py
[2025-11-05T15:40:41.037+0000] {processor.py:840} INFO - DAG(s) 'example_trigger_target_dag' retrieved from /home/airflow/.local/lib/python3.8/site-packages/airflow/example_dags/example_trigger_target_dag.py
[2025-11-05T15:40:41.076+0000] {logging_mixin.py:188} INFO - [2025-11-05T15:40:41.075+0000] {dag.py:3036} INFO - Sync 1 DAGs
[2025-11-05T15:40:41.099+0000] {logging_mixin.py:188} INFO - [2025-11-05T15:40:41.099+0000] {dag.py:3823} INFO - Setting next_dagrun for example_trigger_target_dag to None, run_after=None
[2025-11-05T15:40:41.150+0000] {processor.py:183} INFO - Processing /home/airflow/.local/lib/python3.8/site-packages/airflow/example_dags/example_trigger_target_dag.py took 0.139 seconds
[2025-11-05T15:41:11.880+0000] {processor.py:161} INFO - Started process (PID=243) to work on /home/airflow/.local/lib/python3.8/site-packages/airflow/example_dags/example_trigger_target_dag.py
[2025-11-05T15:41:11.882+0000] {processor.py:830} INFO - Processing file /home/airflow/.local/lib/python3.8/site-packages/airflow/example_dags/example_trigger_target_dag.py for tasks to queue
[2025-11-05T15:41:11.888+0000] {logging_mixin.py:188} INFO - [2025-11-05T15:41:11.886+0000] {dagbag.py:538} INFO - Filling up the DagBag from /home/airflow/.local/lib/python3.8/site-packages/airflow/example_dags/example_trigger_target_dag.py
[2025-11-05T15:41:11.900+0000] {processor.py:840} INFO - DAG(s) 'example_trigger_target_dag' retrieved from /home/airflow/.local/lib/python3.8/site-packages/airflow/example_dags/example_trigger_target_dag.py
[2025-11-05T15:41:11.942+0000] {logging_mixin.py:188} INFO - [2025-11-05T15:41:11.941+0000] {dag.py:3036} INFO - Sync 1 DAGs
[2025-11-05T15:41:11.966+0000] {logging_mixin.py:188} INFO - [2025-11-05T15:41:11.965+0000] {dag.py:3823} INFO - Setting next_dagrun for example_trigger_target_dag to None, run_after=None
[2025-11-05T15:41:12.008+0000] {processor.py:183} INFO - Processing /home/airflow/.local/lib/python3.8/site-packages/airflow/example_dags/example_trigger_target_dag.py took 0.137 seconds
[2025-11-05T15:41:42.829+0000] {processor.py:161} INFO - Started process (PID=298) to work on /home/airflow/.local/lib/python3.8/site-packages/airflow/example_dags/example_trigger_target_dag.py
[2025-11-05T15:41:42.832+0000] {processor.py:830} INFO - Processing file /home/airflow/.local/lib/python3.8/site-packages/airflow/example_dags/example_trigger_target_dag.py for tasks to queue
[2025-11-05T15:41:42.837+0000] {logging_mixin.py:188} INFO - [2025-11-05T15:41:42.836+0000] {dagbag.py:538} INFO - Filling up the DagBag from /home/airflow/.local/lib/python3.8/site-packages/airflow/example_dags/example_trigger_target_dag.py
[2025-11-05T15:41:42.854+0000] {processor.py:840} INFO - DAG(s) 'example_trigger_target_dag' retrieved from /home/airflow/.local/lib/python3.8/site-packages/airflow/example_dags/example_trigger_target_dag.py
[2025-11-05T15:41:42.905+0000] {logging_mixin.py:188} INFO - [2025-11-05T15:41:42.905+0000] {dag.py:3036} INFO - Sync 1 DAGs
[2025-11-05T15:41:42.941+0000] {logging_mixin.py:188} INFO - [2025-11-05T15:41:42.940+0000] {dag.py:3823} INFO - Setting next_dagrun for example_trigger_target_dag to None, run_after=None
[2025-11-05T15:41:43.001+0000] {processor.py:183} INFO - Processing /home/airflow/.local/lib/python3.8/site-packages/airflow/example_dags/example_trigger_target_dag.py took 0.186 seconds
[2025-11-05T15:42:14.077+0000] {processor.py:161} INFO - Started process (PID=358) to work on /home/airflow/.local/lib/python3.8/site-packages/airflow/example_dags/example_trigger_target_dag.py
[2025-11-05T15:42:14.088+0000] {processor.py:830} INFO - Processing file /home/airflow/.local/lib/python3.8/site-packages/airflow/example_dags/example_trigger_target_dag.py for tasks to queue
[2025-11-05T15:42:14.096+0000] {logging_mixin.py:188} INFO - [2025-11-05T15:42:14.095+0000] {dagbag.py:538} INFO - Filling up the DagBag from /home/airflow/.local/lib/python3.8/site-packages/airflow/example_dags/example_trigger_target_dag.py
[2025-11-05T15:42:14.138+0000] {processor.py:840} INFO - DAG(s) 'example_trigger_target_dag' retrieved from /home/airflow/.local/lib/python3.8/site-packages/airflow/example_dags/example_trigger_target_dag.py
[2025-11-05T15:42:14.241+0000] {logging_mixin.py:188} INFO - [2025-11-05T15:42:14.239+0000] {dag.py:3036} INFO - Sync 1 DAGs
[2025-11-05T15:42:14.301+0000] {logging_mixin.py:188} INFO - [2025-11-05T15:42:14.300+0000] {dag.py:3823} INFO - Setting next_dagrun for example_trigger_target_dag to None, run_after=None
[2025-11-05T15:42:14.366+0000] {processor.py:183} INFO - Processing /home/airflow/.local/lib/python3.8/site-packages/airflow/example_dags/example_trigger_target_dag.py took 0.311 seconds
[2025-11-05T15:42:45.313+0000] {processor.py:161} INFO - Started process (PID=412) to work on /home/airflow/.local/lib/python3.8/site-packages/airflow/example_dags/example_trigger_target_dag.py
[2025-11-05T15:42:45.318+0000] {processor.py:830} INFO - Processing file /home/airflow/.local/lib/python3.8/site-packages/airflow/example_dags/example_trigger_target_dag.py for tasks to queue
[2025-11-05T15:42:45.326+0000] {logging_mixin.py:188} INFO - [2025-11-05T15:42:45.325+0000] {dagbag.py:538} INFO - Filling up the DagBag from /home/airflow/.local/lib/python3.8/site-packages/airflow/example_dags/example_trigger_target_dag.py
[2025-11-05T15:42:45.355+0000] {processor.py:840} INFO - DAG(s) 'example_trigger_target_dag' retrieved from /home/airflow/.local/lib/python3.8/site-packages/airflow/example_dags/example_trigger_target_dag.py
[2025-11-05T15:42:45.442+0000] {logging_mixin.py:188} INFO - [2025-11-05T15:42:45.441+0000] {dag.py:3036} INFO - Sync 1 DAGs
[2025-11-05T15:42:45.496+0000] {logging_mixin.py:188} INFO - [2025-11-05T15:42:45.495+0000] {dag.py:3823} INFO - Setting next_dagrun for example_trigger_target_dag to None, run_after=None
[2025-11-05T15:42:45.581+0000] {processor.py:183} INFO - Processing /home/airflow/.local/lib/python3.8/site-packages/airflow/example_dags/example_trigger_target_dag.py took 0.286 seconds
[2025-11-05T15:43:15.778+0000] {processor.py:161} INFO - Started process (PID=474) to work on /home/airflow/.local/lib/python3.8/site-packages/airflow/example_dags/example_trigger_target_dag.py
[2025-11-05T15:43:15.780+0000] {processor.py:830} INFO - Processing file /home/airflow/.local/lib/python3.8/site-packages/airflow/example_dags/example_trigger_target_dag.py for tasks to queue
[2025-11-05T15:43:15.785+0000] {logging_mixin.py:188} INFO - [2025-11-05T15:43:15.784+0000] {dagbag.py:538} INFO - Filling up the DagBag from /home/airflow/.local/lib/python3.8/site-packages/airflow/example_dags/example_trigger_target_dag.py
[2025-11-05T15:43:15.797+0000] {processor.py:840} INFO - DAG(s) 'example_trigger_target_dag' retrieved from /home/airflow/.local/lib/python3.8/site-packages/airflow/example_dags/example_trigger_target_dag.py
[2025-11-05T15:43:15.837+0000] {logging_mixin.py:188} INFO - [2025-11-05T15:43:15.836+0000] {dag.py:3036} INFO - Sync 1 DAGs
[2025-11-05T15:43:15.860+0000] {logging_mixin.py:188} INFO - [2025-11-05T15:43:15.859+0000] {dag.py:3823} INFO - Setting next_dagrun for example_trigger_target_dag to None, run_after=None
[2025-11-05T15:43:15.929+0000] {processor.py:183} INFO - Processing /home/airflow/.local/lib/python3.8/site-packages/airflow/example_dags/example_trigger_target_dag.py took 0.158 seconds
[2025-11-05T15:43:46.002+0000] {processor.py:161} INFO - Started process (PID=529) to work on /home/airflow/.local/lib/python3.8/site-packages/airflow/example_dags/example_trigger_target_dag.py
[2025-11-05T15:43:46.004+0000] {processor.py:830} INFO - Processing file /home/airflow/.local/lib/python3.8/site-packages/airflow/example_dags/example_trigger_target_dag.py for tasks to queue
[2025-11-05T15:43:46.008+0000] {logging_mixin.py:188} INFO - [2025-11-05T15:43:46.007+0000] {dagbag.py:538} INFO - Filling up the DagBag from /home/airflow/.local/lib/python3.8/site-packages/airflow/example_dags/example_trigger_target_dag.py
[2025-11-05T15:43:46.020+0000] {processor.py:840} INFO - DAG(s) 'example_trigger_target_dag' retrieved from /home/airflow/.local/lib/python3.8/site-packages/airflow/example_dags/example_trigger_target_dag.py
[2025-11-05T15:43:46.055+0000] {logging_mixin.py:188} INFO - [2025-11-05T15:43:46.055+0000] {dag.py:3036} INFO - Sync 1 DAGs
[2025-11-05T15:43:46.080+0000] {logging_mixin.py:188} INFO - [2025-11-05T15:43:46.080+0000] {dag.py:3823} INFO - Setting next_dagrun for example_trigger_target_dag to None, run_after=None
[2025-11-05T15:43:46.117+0000] {processor.py:183} INFO - Processing /home/airflow/.local/lib/python3.8/site-packages/airflow/example_dags/example_trigger_target_dag.py took 0.123 seconds
[2025-11-05T15:44:17.173+0000] {processor.py:161} INFO - Started process (PID=584) to work on /home/airflow/.local/lib/python3.8/site-packages/airflow/example_dags/example_trigger_target_dag.py
[2025-11-05T15:44:17.176+0000] {processor.py:830} INFO - Processing file /home/airflow/.local/lib/python3.8/site-packages/airflow/example_dags/example_trigger_target_dag.py for tasks to queue
[2025-11-05T15:44:17.180+0000] {logging_mixin.py:188} INFO - [2025-11-05T15:44:17.180+0000] {dagbag.py:538} INFO - Filling up the DagBag from /home/airflow/.local/lib/python3.8/site-packages/airflow/example_dags/example_trigger_target_dag.py
[2025-11-05T15:44:17.195+0000] {processor.py:840} INFO - DAG(s) 'example_trigger_target_dag' retrieved from /home/airflow/.local/lib/python3.8/site-packages/airflow/example_dags/example_trigger_target_dag.py
[2025-11-05T15:44:17.248+0000] {logging_mixin.py:188} INFO - [2025-11-05T15:44:17.247+0000] {dag.py:3036} INFO - Sync 1 DAGs
[2025-11-05T15:44:17.281+0000] {logging_mixin.py:188} INFO - [2025-11-05T15:44:17.280+0000] {dag.py:3823} INFO - Setting next_dagrun for example_trigger_target_dag to None, run_after=None
[2025-11-05T15:44:17.332+0000] {processor.py:183} INFO - Processing /home/airflow/.local/lib/python3.8/site-packages/airflow/example_dags/example_trigger_target_dag.py took 0.170 seconds
