[2025-11-05T15:35:45.648+0000] {processor.py:161} INFO - Started process (PID=91) to work on /home/airflow/.local/lib/python3.8/site-packages/airflow/example_dags/example_branch_day_of_week_operator.py
[2025-11-05T15:35:45.654+0000] {processor.py:830} INFO - Processing file /home/airflow/.local/lib/python3.8/site-packages/airflow/example_dags/example_branch_day_of_week_operator.py for tasks to queue
[2025-11-05T15:35:45.659+0000] {logging_mixin.py:188} INFO - [2025-11-05T15:35:45.659+0000] {dagbag.py:538} INFO - Filling up the DagBag from /home/airflow/.local/lib/python3.8/site-packages/airflow/example_dags/example_branch_day_of_week_operator.py
[2025-11-05T15:35:45.692+0000] {processor.py:840} INFO - DAG(s) 'example_weekday_branch_operator' retrieved from /home/airflow/.local/lib/python3.8/site-packages/airflow/example_dags/example_branch_day_of_week_operator.py
[2025-11-05T15:35:45.967+0000] {logging_mixin.py:188} INFO - [2025-11-05T15:35:45.966+0000] {dag.py:3036} INFO - Sync 1 DAGs
[2025-11-05T15:35:46.022+0000] {logging_mixin.py:188} INFO - [2025-11-05T15:35:46.021+0000] {dag.py:3823} INFO - Setting next_dagrun for example_weekday_branch_operator to 2025-11-04 00:00:00+00:00, run_after=2025-11-05 00:00:00+00:00
[2025-11-05T15:35:46.084+0000] {processor.py:183} INFO - Processing /home/airflow/.local/lib/python3.8/site-packages/airflow/example_dags/example_branch_day_of_week_operator.py took 0.445 seconds
[2025-11-05T15:36:17.359+0000] {processor.py:161} INFO - Started process (PID=146) to work on /home/airflow/.local/lib/python3.8/site-packages/airflow/example_dags/example_branch_day_of_week_operator.py
[2025-11-05T15:36:17.361+0000] {processor.py:830} INFO - Processing file /home/airflow/.local/lib/python3.8/site-packages/airflow/example_dags/example_branch_day_of_week_operator.py for tasks to queue
[2025-11-05T15:36:17.370+0000] {logging_mixin.py:188} INFO - [2025-11-05T15:36:17.369+0000] {dagbag.py:538} INFO - Filling up the DagBag from /home/airflow/.local/lib/python3.8/site-packages/airflow/example_dags/example_branch_day_of_week_operator.py
[2025-11-05T15:36:17.402+0000] {processor.py:840} INFO - DAG(s) 'example_weekday_branch_operator' retrieved from /home/airflow/.local/lib/python3.8/site-packages/airflow/example_dags/example_branch_day_of_week_operator.py
[2025-11-05T15:36:17.494+0000] {logging_mixin.py:188} INFO - [2025-11-05T15:36:17.493+0000] {dag.py:3036} INFO - Sync 1 DAGs
[2025-11-05T15:36:17.614+0000] {logging_mixin.py:188} INFO - [2025-11-05T15:36:17.613+0000] {dag.py:3823} INFO - Setting next_dagrun for example_weekday_branch_operator to 2025-11-04 00:00:00+00:00, run_after=2025-11-05 00:00:00+00:00
[2025-11-05T15:36:17.718+0000] {processor.py:183} INFO - Processing /home/airflow/.local/lib/python3.8/site-packages/airflow/example_dags/example_branch_day_of_week_operator.py took 0.371 seconds
[2025-11-05T15:36:48.332+0000] {processor.py:161} INFO - Started process (PID=201) to work on /home/airflow/.local/lib/python3.8/site-packages/airflow/example_dags/example_branch_day_of_week_operator.py
[2025-11-05T15:36:48.353+0000] {processor.py:830} INFO - Processing file /home/airflow/.local/lib/python3.8/site-packages/airflow/example_dags/example_branch_day_of_week_operator.py for tasks to queue
[2025-11-05T15:36:48.359+0000] {logging_mixin.py:188} INFO - [2025-11-05T15:36:48.358+0000] {dagbag.py:538} INFO - Filling up the DagBag from /home/airflow/.local/lib/python3.8/site-packages/airflow/example_dags/example_branch_day_of_week_operator.py
[2025-11-05T15:36:48.393+0000] {processor.py:840} INFO - DAG(s) 'example_weekday_branch_operator' retrieved from /home/airflow/.local/lib/python3.8/site-packages/airflow/example_dags/example_branch_day_of_week_operator.py
[2025-11-05T15:36:48.472+0000] {logging_mixin.py:188} INFO - [2025-11-05T15:36:48.471+0000] {dag.py:3036} INFO - Sync 1 DAGs
[2025-11-05T15:36:48.567+0000] {logging_mixin.py:188} INFO - [2025-11-05T15:36:48.566+0000] {dag.py:3823} INFO - Setting next_dagrun for example_weekday_branch_operator to 2025-11-04 00:00:00+00:00, run_after=2025-11-05 00:00:00+00:00
[2025-11-05T15:36:48.860+0000] {processor.py:183} INFO - Processing /home/airflow/.local/lib/python3.8/site-packages/airflow/example_dags/example_branch_day_of_week_operator.py took 0.541 seconds
[2025-11-05T15:37:20.186+0000] {processor.py:161} INFO - Started process (PID=256) to work on /home/airflow/.local/lib/python3.8/site-packages/airflow/example_dags/example_branch_day_of_week_operator.py
[2025-11-05T15:37:20.189+0000] {processor.py:830} INFO - Processing file /home/airflow/.local/lib/python3.8/site-packages/airflow/example_dags/example_branch_day_of_week_operator.py for tasks to queue
[2025-11-05T15:37:20.195+0000] {logging_mixin.py:188} INFO - [2025-11-05T15:37:20.194+0000] {dagbag.py:538} INFO - Filling up the DagBag from /home/airflow/.local/lib/python3.8/site-packages/airflow/example_dags/example_branch_day_of_week_operator.py
[2025-11-05T15:37:20.215+0000] {processor.py:840} INFO - DAG(s) 'example_weekday_branch_operator' retrieved from /home/airflow/.local/lib/python3.8/site-packages/airflow/example_dags/example_branch_day_of_week_operator.py
[2025-11-05T15:37:20.277+0000] {logging_mixin.py:188} INFO - [2025-11-05T15:37:20.276+0000] {dag.py:3036} INFO - Sync 1 DAGs
[2025-11-05T15:37:20.338+0000] {logging_mixin.py:188} INFO - [2025-11-05T15:37:20.337+0000] {dag.py:3823} INFO - Setting next_dagrun for example_weekday_branch_operator to 2025-11-04 00:00:00+00:00, run_after=2025-11-05 00:00:00+00:00
[2025-11-05T15:37:20.422+0000] {processor.py:183} INFO - Processing /home/airflow/.local/lib/python3.8/site-packages/airflow/example_dags/example_branch_day_of_week_operator.py took 0.246 seconds
[2025-11-05T15:39:44.754+0000] {processor.py:161} INFO - Started process (PID=93) to work on /home/airflow/.local/lib/python3.8/site-packages/airflow/example_dags/example_branch_day_of_week_operator.py
[2025-11-05T15:39:44.777+0000] {processor.py:830} INFO - Processing file /home/airflow/.local/lib/python3.8/site-packages/airflow/example_dags/example_branch_day_of_week_operator.py for tasks to queue
[2025-11-05T15:39:44.814+0000] {logging_mixin.py:188} INFO - [2025-11-05T15:39:44.790+0000] {dagbag.py:538} INFO - Filling up the DagBag from /home/airflow/.local/lib/python3.8/site-packages/airflow/example_dags/example_branch_day_of_week_operator.py
[2025-11-05T15:39:44.913+0000] {processor.py:840} INFO - DAG(s) 'example_weekday_branch_operator' retrieved from /home/airflow/.local/lib/python3.8/site-packages/airflow/example_dags/example_branch_day_of_week_operator.py
[2025-11-05T15:39:45.900+0000] {logging_mixin.py:188} INFO - [2025-11-05T15:39:45.899+0000] {dag.py:3036} INFO - Sync 1 DAGs
[2025-11-05T15:39:46.151+0000] {logging_mixin.py:188} INFO - [2025-11-05T15:39:46.149+0000] {dag.py:3823} INFO - Setting next_dagrun for example_weekday_branch_operator to 2025-11-04 00:00:00+00:00, run_after=2025-11-05 00:00:00+00:00
[2025-11-05T15:39:46.357+0000] {processor.py:183} INFO - Processing /home/airflow/.local/lib/python3.8/site-packages/airflow/example_dags/example_branch_day_of_week_operator.py took 1.640 seconds
[2025-11-05T15:40:16.582+0000] {processor.py:161} INFO - Started process (PID=147) to work on /home/airflow/.local/lib/python3.8/site-packages/airflow/example_dags/example_branch_day_of_week_operator.py
[2025-11-05T15:40:16.585+0000] {processor.py:830} INFO - Processing file /home/airflow/.local/lib/python3.8/site-packages/airflow/example_dags/example_branch_day_of_week_operator.py for tasks to queue
[2025-11-05T15:40:16.588+0000] {logging_mixin.py:188} INFO - [2025-11-05T15:40:16.588+0000] {dagbag.py:538} INFO - Filling up the DagBag from /home/airflow/.local/lib/python3.8/site-packages/airflow/example_dags/example_branch_day_of_week_operator.py
[2025-11-05T15:40:16.604+0000] {processor.py:840} INFO - DAG(s) 'example_weekday_branch_operator' retrieved from /home/airflow/.local/lib/python3.8/site-packages/airflow/example_dags/example_branch_day_of_week_operator.py
[2025-11-05T15:40:16.654+0000] {logging_mixin.py:188} INFO - [2025-11-05T15:40:16.653+0000] {dag.py:3036} INFO - Sync 1 DAGs
[2025-11-05T15:40:16.710+0000] {logging_mixin.py:188} INFO - [2025-11-05T15:40:16.709+0000] {dag.py:3823} INFO - Setting next_dagrun for example_weekday_branch_operator to 2025-11-04 00:00:00+00:00, run_after=2025-11-05 00:00:00+00:00
[2025-11-05T15:40:16.756+0000] {processor.py:183} INFO - Processing /home/airflow/.local/lib/python3.8/site-packages/airflow/example_dags/example_branch_day_of_week_operator.py took 0.181 seconds
[2025-11-05T15:40:47.297+0000] {processor.py:161} INFO - Started process (PID=202) to work on /home/airflow/.local/lib/python3.8/site-packages/airflow/example_dags/example_branch_day_of_week_operator.py
[2025-11-05T15:40:47.299+0000] {processor.py:830} INFO - Processing file /home/airflow/.local/lib/python3.8/site-packages/airflow/example_dags/example_branch_day_of_week_operator.py for tasks to queue
[2025-11-05T15:40:47.302+0000] {logging_mixin.py:188} INFO - [2025-11-05T15:40:47.302+0000] {dagbag.py:538} INFO - Filling up the DagBag from /home/airflow/.local/lib/python3.8/site-packages/airflow/example_dags/example_branch_day_of_week_operator.py
[2025-11-05T15:40:47.311+0000] {processor.py:840} INFO - DAG(s) 'example_weekday_branch_operator' retrieved from /home/airflow/.local/lib/python3.8/site-packages/airflow/example_dags/example_branch_day_of_week_operator.py
[2025-11-05T15:40:47.341+0000] {logging_mixin.py:188} INFO - [2025-11-05T15:40:47.341+0000] {dag.py:3036} INFO - Sync 1 DAGs
[2025-11-05T15:40:47.375+0000] {logging_mixin.py:188} INFO - [2025-11-05T15:40:47.375+0000] {dag.py:3823} INFO - Setting next_dagrun for example_weekday_branch_operator to 2025-11-04 00:00:00+00:00, run_after=2025-11-05 00:00:00+00:00
[2025-11-05T15:40:47.409+0000] {processor.py:183} INFO - Processing /home/airflow/.local/lib/python3.8/site-packages/airflow/example_dags/example_branch_day_of_week_operator.py took 0.117 seconds
[2025-11-05T15:41:17.544+0000] {processor.py:161} INFO - Started process (PID=257) to work on /home/airflow/.local/lib/python3.8/site-packages/airflow/example_dags/example_branch_day_of_week_operator.py
[2025-11-05T15:41:17.574+0000] {processor.py:830} INFO - Processing file /home/airflow/.local/lib/python3.8/site-packages/airflow/example_dags/example_branch_day_of_week_operator.py for tasks to queue
[2025-11-05T15:41:17.581+0000] {logging_mixin.py:188} INFO - [2025-11-05T15:41:17.580+0000] {dagbag.py:538} INFO - Filling up the DagBag from /home/airflow/.local/lib/python3.8/site-packages/airflow/example_dags/example_branch_day_of_week_operator.py
[2025-11-05T15:41:17.642+0000] {processor.py:840} INFO - DAG(s) 'example_weekday_branch_operator' retrieved from /home/airflow/.local/lib/python3.8/site-packages/airflow/example_dags/example_branch_day_of_week_operator.py
[2025-11-05T15:41:17.749+0000] {logging_mixin.py:188} INFO - [2025-11-05T15:41:17.748+0000] {dag.py:3036} INFO - Sync 1 DAGs
[2025-11-05T15:41:17.883+0000] {logging_mixin.py:188} INFO - [2025-11-05T15:41:17.883+0000] {dag.py:3823} INFO - Setting next_dagrun for example_weekday_branch_operator to 2025-11-04 00:00:00+00:00, run_after=2025-11-05 00:00:00+00:00
[2025-11-05T15:41:17.989+0000] {processor.py:183} INFO - Processing /home/airflow/.local/lib/python3.8/site-packages/airflow/example_dags/example_branch_day_of_week_operator.py took 0.464 seconds
[2025-11-05T15:41:48.461+0000] {processor.py:161} INFO - Started process (PID=313) to work on /home/airflow/.local/lib/python3.8/site-packages/airflow/example_dags/example_branch_day_of_week_operator.py
[2025-11-05T15:41:48.474+0000] {processor.py:830} INFO - Processing file /home/airflow/.local/lib/python3.8/site-packages/airflow/example_dags/example_branch_day_of_week_operator.py for tasks to queue
[2025-11-05T15:41:48.483+0000] {logging_mixin.py:188} INFO - [2025-11-05T15:41:48.481+0000] {dagbag.py:538} INFO - Filling up the DagBag from /home/airflow/.local/lib/python3.8/site-packages/airflow/example_dags/example_branch_day_of_week_operator.py
[2025-11-05T15:41:48.523+0000] {processor.py:840} INFO - DAG(s) 'example_weekday_branch_operator' retrieved from /home/airflow/.local/lib/python3.8/site-packages/airflow/example_dags/example_branch_day_of_week_operator.py
[2025-11-05T15:41:48.616+0000] {logging_mixin.py:188} INFO - [2025-11-05T15:41:48.615+0000] {dag.py:3036} INFO - Sync 1 DAGs
[2025-11-05T15:41:48.743+0000] {logging_mixin.py:188} INFO - [2025-11-05T15:41:48.742+0000] {dag.py:3823} INFO - Setting next_dagrun for example_weekday_branch_operator to 2025-11-04 00:00:00+00:00, run_after=2025-11-05 00:00:00+00:00
[2025-11-05T15:41:48.819+0000] {processor.py:183} INFO - Processing /home/airflow/.local/lib/python3.8/site-packages/airflow/example_dags/example_branch_day_of_week_operator.py took 0.379 seconds
[2025-11-05T15:42:19.029+0000] {processor.py:161} INFO - Started process (PID=367) to work on /home/airflow/.local/lib/python3.8/site-packages/airflow/example_dags/example_branch_day_of_week_operator.py
[2025-11-05T15:42:19.032+0000] {processor.py:830} INFO - Processing file /home/airflow/.local/lib/python3.8/site-packages/airflow/example_dags/example_branch_day_of_week_operator.py for tasks to queue
[2025-11-05T15:42:19.040+0000] {logging_mixin.py:188} INFO - [2025-11-05T15:42:19.039+0000] {dagbag.py:538} INFO - Filling up the DagBag from /home/airflow/.local/lib/python3.8/site-packages/airflow/example_dags/example_branch_day_of_week_operator.py
[2025-11-05T15:42:19.078+0000] {processor.py:840} INFO - DAG(s) 'example_weekday_branch_operator' retrieved from /home/airflow/.local/lib/python3.8/site-packages/airflow/example_dags/example_branch_day_of_week_operator.py
[2025-11-05T15:42:19.153+0000] {logging_mixin.py:188} INFO - [2025-11-05T15:42:19.152+0000] {dag.py:3036} INFO - Sync 1 DAGs
[2025-11-05T15:42:19.217+0000] {logging_mixin.py:188} INFO - [2025-11-05T15:42:19.216+0000] {dag.py:3823} INFO - Setting next_dagrun for example_weekday_branch_operator to 2025-11-04 00:00:00+00:00, run_after=2025-11-05 00:00:00+00:00
[2025-11-05T15:42:19.271+0000] {processor.py:183} INFO - Processing /home/airflow/.local/lib/python3.8/site-packages/airflow/example_dags/example_branch_day_of_week_operator.py took 0.248 seconds
[2025-11-05T15:42:49.587+0000] {processor.py:161} INFO - Started process (PID=429) to work on /home/airflow/.local/lib/python3.8/site-packages/airflow/example_dags/example_branch_day_of_week_operator.py
[2025-11-05T15:42:49.594+0000] {processor.py:830} INFO - Processing file /home/airflow/.local/lib/python3.8/site-packages/airflow/example_dags/example_branch_day_of_week_operator.py for tasks to queue
[2025-11-05T15:42:49.604+0000] {logging_mixin.py:188} INFO - [2025-11-05T15:42:49.603+0000] {dagbag.py:538} INFO - Filling up the DagBag from /home/airflow/.local/lib/python3.8/site-packages/airflow/example_dags/example_branch_day_of_week_operator.py
[2025-11-05T15:42:49.651+0000] {processor.py:840} INFO - DAG(s) 'example_weekday_branch_operator' retrieved from /home/airflow/.local/lib/python3.8/site-packages/airflow/example_dags/example_branch_day_of_week_operator.py
[2025-11-05T15:42:49.816+0000] {logging_mixin.py:188} INFO - [2025-11-05T15:42:49.815+0000] {dag.py:3036} INFO - Sync 1 DAGs
[2025-11-05T15:42:49.961+0000] {logging_mixin.py:188} INFO - [2025-11-05T15:42:49.960+0000] {dag.py:3823} INFO - Setting next_dagrun for example_weekday_branch_operator to 2025-11-04 00:00:00+00:00, run_after=2025-11-05 00:00:00+00:00
[2025-11-05T15:42:50.072+0000] {processor.py:183} INFO - Processing /home/airflow/.local/lib/python3.8/site-packages/airflow/example_dags/example_branch_day_of_week_operator.py took 0.518 seconds
[2025-11-05T15:43:20.997+0000] {processor.py:161} INFO - Started process (PID=484) to work on /home/airflow/.local/lib/python3.8/site-packages/airflow/example_dags/example_branch_day_of_week_operator.py
[2025-11-05T15:43:21.004+0000] {processor.py:830} INFO - Processing file /home/airflow/.local/lib/python3.8/site-packages/airflow/example_dags/example_branch_day_of_week_operator.py for tasks to queue
[2025-11-05T15:43:21.010+0000] {logging_mixin.py:188} INFO - [2025-11-05T15:43:21.009+0000] {dagbag.py:538} INFO - Filling up the DagBag from /home/airflow/.local/lib/python3.8/site-packages/airflow/example_dags/example_branch_day_of_week_operator.py
[2025-11-05T15:43:21.053+0000] {processor.py:840} INFO - DAG(s) 'example_weekday_branch_operator' retrieved from /home/airflow/.local/lib/python3.8/site-packages/airflow/example_dags/example_branch_day_of_week_operator.py
[2025-11-05T15:43:21.137+0000] {logging_mixin.py:188} INFO - [2025-11-05T15:43:21.136+0000] {dag.py:3036} INFO - Sync 1 DAGs
[2025-11-05T15:43:21.236+0000] {logging_mixin.py:188} INFO - [2025-11-05T15:43:21.235+0000] {dag.py:3823} INFO - Setting next_dagrun for example_weekday_branch_operator to 2025-11-04 00:00:00+00:00, run_after=2025-11-05 00:00:00+00:00
[2025-11-05T15:43:21.310+0000] {processor.py:183} INFO - Processing /home/airflow/.local/lib/python3.8/site-packages/airflow/example_dags/example_branch_day_of_week_operator.py took 0.325 seconds
[2025-11-05T15:43:52.177+0000] {processor.py:161} INFO - Started process (PID=539) to work on /home/airflow/.local/lib/python3.8/site-packages/airflow/example_dags/example_branch_day_of_week_operator.py
[2025-11-05T15:43:52.180+0000] {processor.py:830} INFO - Processing file /home/airflow/.local/lib/python3.8/site-packages/airflow/example_dags/example_branch_day_of_week_operator.py for tasks to queue
[2025-11-05T15:43:52.186+0000] {logging_mixin.py:188} INFO - [2025-11-05T15:43:52.186+0000] {dagbag.py:538} INFO - Filling up the DagBag from /home/airflow/.local/lib/python3.8/site-packages/airflow/example_dags/example_branch_day_of_week_operator.py
[2025-11-05T15:43:52.232+0000] {processor.py:840} INFO - DAG(s) 'example_weekday_branch_operator' retrieved from /home/airflow/.local/lib/python3.8/site-packages/airflow/example_dags/example_branch_day_of_week_operator.py
[2025-11-05T15:43:52.313+0000] {logging_mixin.py:188} INFO - [2025-11-05T15:43:52.312+0000] {dag.py:3036} INFO - Sync 1 DAGs
[2025-11-05T15:43:52.413+0000] {logging_mixin.py:188} INFO - [2025-11-05T15:43:52.411+0000] {dag.py:3823} INFO - Setting next_dagrun for example_weekday_branch_operator to 2025-11-04 00:00:00+00:00, run_after=2025-11-05 00:00:00+00:00
[2025-11-05T15:43:52.495+0000] {processor.py:183} INFO - Processing /home/airflow/.local/lib/python3.8/site-packages/airflow/example_dags/example_branch_day_of_week_operator.py took 0.336 seconds
[2025-11-05T15:44:22.879+0000] {processor.py:161} INFO - Started process (PID=594) to work on /home/airflow/.local/lib/python3.8/site-packages/airflow/example_dags/example_branch_day_of_week_operator.py
[2025-11-05T15:44:22.881+0000] {processor.py:830} INFO - Processing file /home/airflow/.local/lib/python3.8/site-packages/airflow/example_dags/example_branch_day_of_week_operator.py for tasks to queue
[2025-11-05T15:44:22.884+0000] {logging_mixin.py:188} INFO - [2025-11-05T15:44:22.883+0000] {dagbag.py:538} INFO - Filling up the DagBag from /home/airflow/.local/lib/python3.8/site-packages/airflow/example_dags/example_branch_day_of_week_operator.py
[2025-11-05T15:44:22.894+0000] {processor.py:840} INFO - DAG(s) 'example_weekday_branch_operator' retrieved from /home/airflow/.local/lib/python3.8/site-packages/airflow/example_dags/example_branch_day_of_week_operator.py
[2025-11-05T15:44:22.931+0000] {logging_mixin.py:188} INFO - [2025-11-05T15:44:22.930+0000] {dag.py:3036} INFO - Sync 1 DAGs
[2025-11-05T15:44:22.972+0000] {logging_mixin.py:188} INFO - [2025-11-05T15:44:22.971+0000] {dag.py:3823} INFO - Setting next_dagrun for example_weekday_branch_operator to 2025-11-04 00:00:00+00:00, run_after=2025-11-05 00:00:00+00:00
[2025-11-05T15:44:23.030+0000] {processor.py:183} INFO - Processing /home/airflow/.local/lib/python3.8/site-packages/airflow/example_dags/example_branch_day_of_week_operator.py took 0.156 seconds
