[2025-11-05T15:35:43.504+0000] {processor.py:161} INFO - Started process (PID=84) to work on /home/airflow/.local/lib/python3.8/site-packages/airflow/example_dags/example_branch_python_dop_operator_3.py
[2025-11-05T15:35:43.508+0000] {processor.py:830} INFO - Processing file /home/airflow/.local/lib/python3.8/site-packages/airflow/example_dags/example_branch_python_dop_operator_3.py for tasks to queue
[2025-11-05T15:35:43.521+0000] {logging_mixin.py:188} INFO - [2025-11-05T15:35:43.520+0000] {dagbag.py:538} INFO - Filling up the DagBag from /home/airflow/.local/lib/python3.8/site-packages/airflow/example_dags/example_branch_python_dop_operator_3.py
[2025-11-05T15:35:43.575+0000] {processor.py:840} INFO - DAG(s) 'example_branch_dop_operator_v3' retrieved from /home/airflow/.local/lib/python3.8/site-packages/airflow/example_dags/example_branch_python_dop_operator_3.py
[2025-11-05T15:35:44.060+0000] {logging_mixin.py:188} INFO - [2025-11-05T15:35:44.060+0000] {dag.py:3036} INFO - Sync 1 DAGs
[2025-11-05T15:35:44.161+0000] {logging_mixin.py:188} INFO - [2025-11-05T15:35:44.159+0000] {dag.py:3823} INFO - Setting next_dagrun for example_branch_dop_operator_v3 to 2025-11-05 15:34:00+00:00, run_after=2025-11-05 15:35:00+00:00
[2025-11-05T15:35:44.222+0000] {processor.py:183} INFO - Processing /home/airflow/.local/lib/python3.8/site-packages/airflow/example_dags/example_branch_python_dop_operator_3.py took 0.736 seconds
[2025-11-05T15:36:15.279+0000] {processor.py:161} INFO - Started process (PID=139) to work on /home/airflow/.local/lib/python3.8/site-packages/airflow/example_dags/example_branch_python_dop_operator_3.py
[2025-11-05T15:36:15.285+0000] {processor.py:830} INFO - Processing file /home/airflow/.local/lib/python3.8/site-packages/airflow/example_dags/example_branch_python_dop_operator_3.py for tasks to queue
[2025-11-05T15:36:15.301+0000] {logging_mixin.py:188} INFO - [2025-11-05T15:36:15.300+0000] {dagbag.py:538} INFO - Filling up the DagBag from /home/airflow/.local/lib/python3.8/site-packages/airflow/example_dags/example_branch_python_dop_operator_3.py
[2025-11-05T15:36:15.359+0000] {processor.py:840} INFO - DAG(s) 'example_branch_dop_operator_v3' retrieved from /home/airflow/.local/lib/python3.8/site-packages/airflow/example_dags/example_branch_python_dop_operator_3.py
[2025-11-05T15:36:15.467+0000] {logging_mixin.py:188} INFO - [2025-11-05T15:36:15.466+0000] {dag.py:3036} INFO - Sync 1 DAGs
[2025-11-05T15:36:15.679+0000] {logging_mixin.py:188} INFO - [2025-11-05T15:36:15.678+0000] {dag.py:3823} INFO - Setting next_dagrun for example_branch_dop_operator_v3 to 2025-11-05 15:35:00+00:00, run_after=2025-11-05 15:36:00+00:00
[2025-11-05T15:36:15.807+0000] {processor.py:183} INFO - Processing /home/airflow/.local/lib/python3.8/site-packages/airflow/example_dags/example_branch_python_dop_operator_3.py took 0.548 seconds
[2025-11-05T15:36:46.203+0000] {processor.py:161} INFO - Started process (PID=194) to work on /home/airflow/.local/lib/python3.8/site-packages/airflow/example_dags/example_branch_python_dop_operator_3.py
[2025-11-05T15:36:46.205+0000] {processor.py:830} INFO - Processing file /home/airflow/.local/lib/python3.8/site-packages/airflow/example_dags/example_branch_python_dop_operator_3.py for tasks to queue
[2025-11-05T15:36:46.210+0000] {logging_mixin.py:188} INFO - [2025-11-05T15:36:46.209+0000] {dagbag.py:538} INFO - Filling up the DagBag from /home/airflow/.local/lib/python3.8/site-packages/airflow/example_dags/example_branch_python_dop_operator_3.py
[2025-11-05T15:36:46.229+0000] {processor.py:840} INFO - DAG(s) 'example_branch_dop_operator_v3' retrieved from /home/airflow/.local/lib/python3.8/site-packages/airflow/example_dags/example_branch_python_dop_operator_3.py
[2025-11-05T15:36:46.279+0000] {logging_mixin.py:188} INFO - [2025-11-05T15:36:46.278+0000] {dag.py:3036} INFO - Sync 1 DAGs
[2025-11-05T15:36:46.343+0000] {logging_mixin.py:188} INFO - [2025-11-05T15:36:46.343+0000] {dag.py:3823} INFO - Setting next_dagrun for example_branch_dop_operator_v3 to 2025-11-05 15:35:00+00:00, run_after=2025-11-05 15:36:00+00:00
[2025-11-05T15:36:46.387+0000] {processor.py:183} INFO - Processing /home/airflow/.local/lib/python3.8/site-packages/airflow/example_dags/example_branch_python_dop_operator_3.py took 0.192 seconds
[2025-11-05T15:37:17.989+0000] {processor.py:161} INFO - Started process (PID=249) to work on /home/airflow/.local/lib/python3.8/site-packages/airflow/example_dags/example_branch_python_dop_operator_3.py
[2025-11-05T15:37:18.001+0000] {processor.py:830} INFO - Processing file /home/airflow/.local/lib/python3.8/site-packages/airflow/example_dags/example_branch_python_dop_operator_3.py for tasks to queue
[2025-11-05T15:37:18.008+0000] {logging_mixin.py:188} INFO - [2025-11-05T15:37:18.007+0000] {dagbag.py:538} INFO - Filling up the DagBag from /home/airflow/.local/lib/python3.8/site-packages/airflow/example_dags/example_branch_python_dop_operator_3.py
[2025-11-05T15:37:18.073+0000] {processor.py:840} INFO - DAG(s) 'example_branch_dop_operator_v3' retrieved from /home/airflow/.local/lib/python3.8/site-packages/airflow/example_dags/example_branch_python_dop_operator_3.py
[2025-11-05T15:37:18.268+0000] {logging_mixin.py:188} INFO - [2025-11-05T15:37:18.267+0000] {dag.py:3036} INFO - Sync 1 DAGs
[2025-11-05T15:37:18.559+0000] {logging_mixin.py:188} INFO - [2025-11-05T15:37:18.558+0000] {dag.py:3823} INFO - Setting next_dagrun for example_branch_dop_operator_v3 to 2025-11-05 15:36:00+00:00, run_after=2025-11-05 15:37:00+00:00
[2025-11-05T15:37:18.806+0000] {processor.py:183} INFO - Processing /home/airflow/.local/lib/python3.8/site-packages/airflow/example_dags/example_branch_python_dop_operator_3.py took 0.835 seconds
[2025-11-05T15:39:38.400+0000] {processor.py:161} INFO - Started process (PID=80) to work on /home/airflow/.local/lib/python3.8/site-packages/airflow/example_dags/example_branch_python_dop_operator_3.py
[2025-11-05T15:39:38.412+0000] {processor.py:830} INFO - Processing file /home/airflow/.local/lib/python3.8/site-packages/airflow/example_dags/example_branch_python_dop_operator_3.py for tasks to queue
[2025-11-05T15:39:38.420+0000] {logging_mixin.py:188} INFO - [2025-11-05T15:39:38.419+0000] {dagbag.py:538} INFO - Filling up the DagBag from /home/airflow/.local/lib/python3.8/site-packages/airflow/example_dags/example_branch_python_dop_operator_3.py
[2025-11-05T15:39:38.479+0000] {processor.py:840} INFO - DAG(s) 'example_branch_dop_operator_v3' retrieved from /home/airflow/.local/lib/python3.8/site-packages/airflow/example_dags/example_branch_python_dop_operator_3.py
[2025-11-05T15:39:39.123+0000] {logging_mixin.py:188} INFO - [2025-11-05T15:39:39.123+0000] {dag.py:3036} INFO - Sync 1 DAGs
[2025-11-05T15:39:39.314+0000] {logging_mixin.py:188} INFO - [2025-11-05T15:39:39.313+0000] {dag.py:3823} INFO - Setting next_dagrun for example_branch_dop_operator_v3 to 2025-11-05 15:38:00+00:00, run_after=2025-11-05 15:39:00+00:00
[2025-11-05T15:39:39.434+0000] {processor.py:183} INFO - Processing /home/airflow/.local/lib/python3.8/site-packages/airflow/example_dags/example_branch_python_dop_operator_3.py took 1.053 seconds
[2025-11-05T15:40:11.042+0000] {processor.py:161} INFO - Started process (PID=135) to work on /home/airflow/.local/lib/python3.8/site-packages/airflow/example_dags/example_branch_python_dop_operator_3.py
[2025-11-05T15:40:11.057+0000] {processor.py:830} INFO - Processing file /home/airflow/.local/lib/python3.8/site-packages/airflow/example_dags/example_branch_python_dop_operator_3.py for tasks to queue
[2025-11-05T15:40:11.064+0000] {logging_mixin.py:188} INFO - [2025-11-05T15:40:11.063+0000] {dagbag.py:538} INFO - Filling up the DagBag from /home/airflow/.local/lib/python3.8/site-packages/airflow/example_dags/example_branch_python_dop_operator_3.py
[2025-11-05T15:40:11.131+0000] {processor.py:840} INFO - DAG(s) 'example_branch_dop_operator_v3' retrieved from /home/airflow/.local/lib/python3.8/site-packages/airflow/example_dags/example_branch_python_dop_operator_3.py
[2025-11-05T15:40:11.252+0000] {logging_mixin.py:188} INFO - [2025-11-05T15:40:11.252+0000] {dag.py:3036} INFO - Sync 1 DAGs
[2025-11-05T15:40:11.400+0000] {logging_mixin.py:188} INFO - [2025-11-05T15:40:11.400+0000] {dag.py:3823} INFO - Setting next_dagrun for example_branch_dop_operator_v3 to 2025-11-05 15:39:00+00:00, run_after=2025-11-05 15:40:00+00:00
[2025-11-05T15:40:11.565+0000] {processor.py:183} INFO - Processing /home/airflow/.local/lib/python3.8/site-packages/airflow/example_dags/example_branch_python_dop_operator_3.py took 0.543 seconds
[2025-11-05T15:40:42.032+0000] {processor.py:161} INFO - Started process (PID=189) to work on /home/airflow/.local/lib/python3.8/site-packages/airflow/example_dags/example_branch_python_dop_operator_3.py
[2025-11-05T15:40:42.033+0000] {processor.py:830} INFO - Processing file /home/airflow/.local/lib/python3.8/site-packages/airflow/example_dags/example_branch_python_dop_operator_3.py for tasks to queue
[2025-11-05T15:40:42.036+0000] {logging_mixin.py:188} INFO - [2025-11-05T15:40:42.036+0000] {dagbag.py:538} INFO - Filling up the DagBag from /home/airflow/.local/lib/python3.8/site-packages/airflow/example_dags/example_branch_python_dop_operator_3.py
[2025-11-05T15:40:42.049+0000] {processor.py:840} INFO - DAG(s) 'example_branch_dop_operator_v3' retrieved from /home/airflow/.local/lib/python3.8/site-packages/airflow/example_dags/example_branch_python_dop_operator_3.py
[2025-11-05T15:40:42.080+0000] {logging_mixin.py:188} INFO - [2025-11-05T15:40:42.080+0000] {dag.py:3036} INFO - Sync 1 DAGs
[2025-11-05T15:40:42.111+0000] {logging_mixin.py:188} INFO - [2025-11-05T15:40:42.111+0000] {dag.py:3823} INFO - Setting next_dagrun for example_branch_dop_operator_v3 to 2025-11-05 15:39:00+00:00, run_after=2025-11-05 15:40:00+00:00
[2025-11-05T15:40:42.142+0000] {processor.py:183} INFO - Processing /home/airflow/.local/lib/python3.8/site-packages/airflow/example_dags/example_branch_python_dop_operator_3.py took 0.114 seconds
[2025-11-05T15:41:12.929+0000] {processor.py:161} INFO - Started process (PID=244) to work on /home/airflow/.local/lib/python3.8/site-packages/airflow/example_dags/example_branch_python_dop_operator_3.py
[2025-11-05T15:41:12.931+0000] {processor.py:830} INFO - Processing file /home/airflow/.local/lib/python3.8/site-packages/airflow/example_dags/example_branch_python_dop_operator_3.py for tasks to queue
[2025-11-05T15:41:12.934+0000] {logging_mixin.py:188} INFO - [2025-11-05T15:41:12.934+0000] {dagbag.py:538} INFO - Filling up the DagBag from /home/airflow/.local/lib/python3.8/site-packages/airflow/example_dags/example_branch_python_dop_operator_3.py
[2025-11-05T15:41:12.946+0000] {processor.py:840} INFO - DAG(s) 'example_branch_dop_operator_v3' retrieved from /home/airflow/.local/lib/python3.8/site-packages/airflow/example_dags/example_branch_python_dop_operator_3.py
[2025-11-05T15:41:12.981+0000] {logging_mixin.py:188} INFO - [2025-11-05T15:41:12.980+0000] {dag.py:3036} INFO - Sync 1 DAGs
[2025-11-05T15:41:13.025+0000] {logging_mixin.py:188} INFO - [2025-11-05T15:41:13.024+0000] {dag.py:3823} INFO - Setting next_dagrun for example_branch_dop_operator_v3 to 2025-11-05 15:40:00+00:00, run_after=2025-11-05 15:41:00+00:00
[2025-11-05T15:41:13.057+0000] {processor.py:183} INFO - Processing /home/airflow/.local/lib/python3.8/site-packages/airflow/example_dags/example_branch_python_dop_operator_3.py took 0.132 seconds
[2025-11-05T15:41:43.921+0000] {processor.py:161} INFO - Started process (PID=306) to work on /home/airflow/.local/lib/python3.8/site-packages/airflow/example_dags/example_branch_python_dop_operator_3.py
[2025-11-05T15:41:43.924+0000] {processor.py:830} INFO - Processing file /home/airflow/.local/lib/python3.8/site-packages/airflow/example_dags/example_branch_python_dop_operator_3.py for tasks to queue
[2025-11-05T15:41:43.928+0000] {logging_mixin.py:188} INFO - [2025-11-05T15:41:43.928+0000] {dagbag.py:538} INFO - Filling up the DagBag from /home/airflow/.local/lib/python3.8/site-packages/airflow/example_dags/example_branch_python_dop_operator_3.py
[2025-11-05T15:41:43.946+0000] {processor.py:840} INFO - DAG(s) 'example_branch_dop_operator_v3' retrieved from /home/airflow/.local/lib/python3.8/site-packages/airflow/example_dags/example_branch_python_dop_operator_3.py
[2025-11-05T15:41:43.983+0000] {logging_mixin.py:188} INFO - [2025-11-05T15:41:43.982+0000] {dag.py:3036} INFO - Sync 1 DAGs
[2025-11-05T15:41:44.025+0000] {logging_mixin.py:188} INFO - [2025-11-05T15:41:44.025+0000] {dag.py:3823} INFO - Setting next_dagrun for example_branch_dop_operator_v3 to 2025-11-05 15:40:00+00:00, run_after=2025-11-05 15:41:00+00:00
[2025-11-05T15:41:44.066+0000] {processor.py:183} INFO - Processing /home/airflow/.local/lib/python3.8/site-packages/airflow/example_dags/example_branch_python_dop_operator_3.py took 0.158 seconds
[2025-11-05T15:42:14.458+0000] {processor.py:161} INFO - Started process (PID=360) to work on /home/airflow/.local/lib/python3.8/site-packages/airflow/example_dags/example_branch_python_dop_operator_3.py
[2025-11-05T15:42:14.463+0000] {processor.py:830} INFO - Processing file /home/airflow/.local/lib/python3.8/site-packages/airflow/example_dags/example_branch_python_dop_operator_3.py for tasks to queue
[2025-11-05T15:42:14.470+0000] {logging_mixin.py:188} INFO - [2025-11-05T15:42:14.469+0000] {dagbag.py:538} INFO - Filling up the DagBag from /home/airflow/.local/lib/python3.8/site-packages/airflow/example_dags/example_branch_python_dop_operator_3.py
[2025-11-05T15:42:14.505+0000] {processor.py:840} INFO - DAG(s) 'example_branch_dop_operator_v3' retrieved from /home/airflow/.local/lib/python3.8/site-packages/airflow/example_dags/example_branch_python_dop_operator_3.py
[2025-11-05T15:42:14.601+0000] {logging_mixin.py:188} INFO - [2025-11-05T15:42:14.601+0000] {dag.py:3036} INFO - Sync 1 DAGs
[2025-11-05T15:42:14.779+0000] {logging_mixin.py:188} INFO - [2025-11-05T15:42:14.778+0000] {dag.py:3823} INFO - Setting next_dagrun for example_branch_dop_operator_v3 to 2025-11-05 15:41:00+00:00, run_after=2025-11-05 15:42:00+00:00
[2025-11-05T15:42:14.835+0000] {processor.py:183} INFO - Processing /home/airflow/.local/lib/python3.8/site-packages/airflow/example_dags/example_branch_python_dop_operator_3.py took 0.388 seconds
[2025-11-05T15:42:45.552+0000] {processor.py:161} INFO - Started process (PID=413) to work on /home/airflow/.local/lib/python3.8/site-packages/airflow/example_dags/example_branch_python_dop_operator_3.py
[2025-11-05T15:42:45.557+0000] {processor.py:830} INFO - Processing file /home/airflow/.local/lib/python3.8/site-packages/airflow/example_dags/example_branch_python_dop_operator_3.py for tasks to queue
[2025-11-05T15:42:45.563+0000] {logging_mixin.py:188} INFO - [2025-11-05T15:42:45.562+0000] {dagbag.py:538} INFO - Filling up the DagBag from /home/airflow/.local/lib/python3.8/site-packages/airflow/example_dags/example_branch_python_dop_operator_3.py
[2025-11-05T15:42:45.632+0000] {processor.py:840} INFO - DAG(s) 'example_branch_dop_operator_v3' retrieved from /home/airflow/.local/lib/python3.8/site-packages/airflow/example_dags/example_branch_python_dop_operator_3.py
[2025-11-05T15:42:45.756+0000] {logging_mixin.py:188} INFO - [2025-11-05T15:42:45.756+0000] {dag.py:3036} INFO - Sync 1 DAGs
[2025-11-05T15:42:45.902+0000] {logging_mixin.py:188} INFO - [2025-11-05T15:42:45.899+0000] {dag.py:3823} INFO - Setting next_dagrun for example_branch_dop_operator_v3 to 2025-11-05 15:41:00+00:00, run_after=2025-11-05 15:42:00+00:00
[2025-11-05T15:42:45.998+0000] {processor.py:183} INFO - Processing /home/airflow/.local/lib/python3.8/site-packages/airflow/example_dags/example_branch_python_dop_operator_3.py took 0.468 seconds
[2025-11-05T15:43:16.785+0000] {processor.py:161} INFO - Started process (PID=475) to work on /home/airflow/.local/lib/python3.8/site-packages/airflow/example_dags/example_branch_python_dop_operator_3.py
[2025-11-05T15:43:16.786+0000] {processor.py:830} INFO - Processing file /home/airflow/.local/lib/python3.8/site-packages/airflow/example_dags/example_branch_python_dop_operator_3.py for tasks to queue
[2025-11-05T15:43:16.790+0000] {logging_mixin.py:188} INFO - [2025-11-05T15:43:16.789+0000] {dagbag.py:538} INFO - Filling up the DagBag from /home/airflow/.local/lib/python3.8/site-packages/airflow/example_dags/example_branch_python_dop_operator_3.py
[2025-11-05T15:43:16.805+0000] {processor.py:840} INFO - DAG(s) 'example_branch_dop_operator_v3' retrieved from /home/airflow/.local/lib/python3.8/site-packages/airflow/example_dags/example_branch_python_dop_operator_3.py
[2025-11-05T15:43:16.843+0000] {logging_mixin.py:188} INFO - [2025-11-05T15:43:16.843+0000] {dag.py:3036} INFO - Sync 1 DAGs
[2025-11-05T15:43:16.903+0000] {logging_mixin.py:188} INFO - [2025-11-05T15:43:16.903+0000] {dag.py:3823} INFO - Setting next_dagrun for example_branch_dop_operator_v3 to 2025-11-05 15:42:00+00:00, run_after=2025-11-05 15:43:00+00:00
[2025-11-05T15:43:16.945+0000] {processor.py:183} INFO - Processing /home/airflow/.local/lib/python3.8/site-packages/airflow/example_dags/example_branch_python_dop_operator_3.py took 0.166 seconds
[2025-11-05T15:43:47.008+0000] {processor.py:161} INFO - Started process (PID=530) to work on /home/airflow/.local/lib/python3.8/site-packages/airflow/example_dags/example_branch_python_dop_operator_3.py
[2025-11-05T15:43:47.010+0000] {processor.py:830} INFO - Processing file /home/airflow/.local/lib/python3.8/site-packages/airflow/example_dags/example_branch_python_dop_operator_3.py for tasks to queue
[2025-11-05T15:43:47.012+0000] {logging_mixin.py:188} INFO - [2025-11-05T15:43:47.012+0000] {dagbag.py:538} INFO - Filling up the DagBag from /home/airflow/.local/lib/python3.8/site-packages/airflow/example_dags/example_branch_python_dop_operator_3.py
[2025-11-05T15:43:47.023+0000] {processor.py:840} INFO - DAG(s) 'example_branch_dop_operator_v3' retrieved from /home/airflow/.local/lib/python3.8/site-packages/airflow/example_dags/example_branch_python_dop_operator_3.py
[2025-11-05T15:43:47.048+0000] {logging_mixin.py:188} INFO - [2025-11-05T15:43:47.048+0000] {dag.py:3036} INFO - Sync 1 DAGs
[2025-11-05T15:43:47.079+0000] {logging_mixin.py:188} INFO - [2025-11-05T15:43:47.079+0000] {dag.py:3823} INFO - Setting next_dagrun for example_branch_dop_operator_v3 to 2025-11-05 15:42:00+00:00, run_after=2025-11-05 15:43:00+00:00
[2025-11-05T15:43:47.105+0000] {processor.py:183} INFO - Processing /home/airflow/.local/lib/python3.8/site-packages/airflow/example_dags/example_branch_python_dop_operator_3.py took 0.101 seconds
[2025-11-05T15:44:17.391+0000] {processor.py:161} INFO - Started process (PID=585) to work on /home/airflow/.local/lib/python3.8/site-packages/airflow/example_dags/example_branch_python_dop_operator_3.py
[2025-11-05T15:44:17.396+0000] {processor.py:830} INFO - Processing file /home/airflow/.local/lib/python3.8/site-packages/airflow/example_dags/example_branch_python_dop_operator_3.py for tasks to queue
[2025-11-05T15:44:17.407+0000] {logging_mixin.py:188} INFO - [2025-11-05T15:44:17.406+0000] {dagbag.py:538} INFO - Filling up the DagBag from /home/airflow/.local/lib/python3.8/site-packages/airflow/example_dags/example_branch_python_dop_operator_3.py
[2025-11-05T15:44:17.427+0000] {processor.py:840} INFO - DAG(s) 'example_branch_dop_operator_v3' retrieved from /home/airflow/.local/lib/python3.8/site-packages/airflow/example_dags/example_branch_python_dop_operator_3.py
[2025-11-05T15:44:17.468+0000] {logging_mixin.py:188} INFO - [2025-11-05T15:44:17.468+0000] {dag.py:3036} INFO - Sync 1 DAGs
[2025-11-05T15:44:17.520+0000] {logging_mixin.py:188} INFO - [2025-11-05T15:44:17.520+0000] {dag.py:3823} INFO - Setting next_dagrun for example_branch_dop_operator_v3 to 2025-11-05 15:43:00+00:00, run_after=2025-11-05 15:44:00+00:00
[2025-11-05T15:44:17.583+0000] {processor.py:183} INFO - Processing /home/airflow/.local/lib/python3.8/site-packages/airflow/example_dags/example_branch_python_dop_operator_3.py took 0.201 seconds
