[2025-11-05T15:35:35.063+0000] {processor.py:161} INFO - Started process (PID=74) to work on /home/airflow/.local/lib/python3.8/site-packages/airflow/example_dags/example_sensors.py
[2025-11-05T15:35:35.078+0000] {processor.py:830} INFO - Processing file /home/airflow/.local/lib/python3.8/site-packages/airflow/example_dags/example_sensors.py for tasks to queue
[2025-11-05T15:35:35.094+0000] {logging_mixin.py:188} INFO - [2025-11-05T15:35:35.093+0000] {dagbag.py:538} INFO - Filling up the DagBag from /home/airflow/.local/lib/python3.8/site-packages/airflow/example_dags/example_sensors.py
[2025-11-05T15:35:35.313+0000] {processor.py:840} INFO - DAG(s) 'example_sensors' retrieved from /home/airflow/.local/lib/python3.8/site-packages/airflow/example_dags/example_sensors.py
[2025-11-05T15:35:36.888+0000] {logging_mixin.py:188} INFO - [2025-11-05T15:35:36.887+0000] {dag.py:3036} INFO - Sync 1 DAGs
[2025-11-05T15:35:36.978+0000] {logging_mixin.py:188} INFO - [2025-11-05T15:35:36.977+0000] {dag.py:3823} INFO - Setting next_dagrun for example_sensors to None, run_after=None
[2025-11-05T15:35:37.114+0000] {processor.py:183} INFO - Processing /home/airflow/.local/lib/python3.8/site-packages/airflow/example_dags/example_sensors.py took 2.079 seconds
[2025-11-05T15:36:07.451+0000] {processor.py:161} INFO - Started process (PID=129) to work on /home/airflow/.local/lib/python3.8/site-packages/airflow/example_dags/example_sensors.py
[2025-11-05T15:36:07.454+0000] {processor.py:830} INFO - Processing file /home/airflow/.local/lib/python3.8/site-packages/airflow/example_dags/example_sensors.py for tasks to queue
[2025-11-05T15:36:07.461+0000] {logging_mixin.py:188} INFO - [2025-11-05T15:36:07.460+0000] {dagbag.py:538} INFO - Filling up the DagBag from /home/airflow/.local/lib/python3.8/site-packages/airflow/example_dags/example_sensors.py
[2025-11-05T15:36:07.518+0000] {processor.py:840} INFO - DAG(s) 'example_sensors' retrieved from /home/airflow/.local/lib/python3.8/site-packages/airflow/example_dags/example_sensors.py
[2025-11-05T15:36:07.614+0000] {logging_mixin.py:188} INFO - [2025-11-05T15:36:07.611+0000] {dag.py:3036} INFO - Sync 1 DAGs
[2025-11-05T15:36:07.667+0000] {logging_mixin.py:188} INFO - [2025-11-05T15:36:07.666+0000] {dag.py:3823} INFO - Setting next_dagrun for example_sensors to None, run_after=None
[2025-11-05T15:36:07.738+0000] {processor.py:183} INFO - Processing /home/airflow/.local/lib/python3.8/site-packages/airflow/example_dags/example_sensors.py took 0.301 seconds
[2025-11-05T15:36:38.107+0000] {processor.py:161} INFO - Started process (PID=184) to work on /home/airflow/.local/lib/python3.8/site-packages/airflow/example_dags/example_sensors.py
[2025-11-05T15:36:38.109+0000] {processor.py:830} INFO - Processing file /home/airflow/.local/lib/python3.8/site-packages/airflow/example_dags/example_sensors.py for tasks to queue
[2025-11-05T15:36:38.112+0000] {logging_mixin.py:188} INFO - [2025-11-05T15:36:38.112+0000] {dagbag.py:538} INFO - Filling up the DagBag from /home/airflow/.local/lib/python3.8/site-packages/airflow/example_dags/example_sensors.py
[2025-11-05T15:36:38.127+0000] {processor.py:840} INFO - DAG(s) 'example_sensors' retrieved from /home/airflow/.local/lib/python3.8/site-packages/airflow/example_dags/example_sensors.py
[2025-11-05T15:36:38.172+0000] {logging_mixin.py:188} INFO - [2025-11-05T15:36:38.171+0000] {dag.py:3036} INFO - Sync 1 DAGs
[2025-11-05T15:36:38.193+0000] {logging_mixin.py:188} INFO - [2025-11-05T15:36:38.193+0000] {dag.py:3823} INFO - Setting next_dagrun for example_sensors to None, run_after=None
[2025-11-05T15:36:38.233+0000] {processor.py:183} INFO - Processing /home/airflow/.local/lib/python3.8/site-packages/airflow/example_dags/example_sensors.py took 0.132 seconds
[2025-11-05T15:37:08.498+0000] {processor.py:161} INFO - Started process (PID=239) to work on /home/airflow/.local/lib/python3.8/site-packages/airflow/example_dags/example_sensors.py
[2025-11-05T15:37:08.500+0000] {processor.py:830} INFO - Processing file /home/airflow/.local/lib/python3.8/site-packages/airflow/example_dags/example_sensors.py for tasks to queue
[2025-11-05T15:37:08.503+0000] {logging_mixin.py:188} INFO - [2025-11-05T15:37:08.503+0000] {dagbag.py:538} INFO - Filling up the DagBag from /home/airflow/.local/lib/python3.8/site-packages/airflow/example_dags/example_sensors.py
[2025-11-05T15:37:08.519+0000] {processor.py:840} INFO - DAG(s) 'example_sensors' retrieved from /home/airflow/.local/lib/python3.8/site-packages/airflow/example_dags/example_sensors.py
[2025-11-05T15:37:08.599+0000] {logging_mixin.py:188} INFO - [2025-11-05T15:37:08.598+0000] {dag.py:3036} INFO - Sync 1 DAGs
[2025-11-05T15:37:08.635+0000] {logging_mixin.py:188} INFO - [2025-11-05T15:37:08.635+0000] {dag.py:3823} INFO - Setting next_dagrun for example_sensors to None, run_after=None
[2025-11-05T15:37:08.708+0000] {processor.py:183} INFO - Processing /home/airflow/.local/lib/python3.8/site-packages/airflow/example_dags/example_sensors.py took 0.215 seconds
[2025-11-05T15:39:30.772+0000] {processor.py:161} INFO - Started process (PID=70) to work on /home/airflow/.local/lib/python3.8/site-packages/airflow/example_dags/example_sensors.py
[2025-11-05T15:39:30.778+0000] {processor.py:830} INFO - Processing file /home/airflow/.local/lib/python3.8/site-packages/airflow/example_dags/example_sensors.py for tasks to queue
[2025-11-05T15:39:30.786+0000] {logging_mixin.py:188} INFO - [2025-11-05T15:39:30.785+0000] {dagbag.py:538} INFO - Filling up the DagBag from /home/airflow/.local/lib/python3.8/site-packages/airflow/example_dags/example_sensors.py
[2025-11-05T15:39:30.863+0000] {processor.py:840} INFO - DAG(s) 'example_sensors' retrieved from /home/airflow/.local/lib/python3.8/site-packages/airflow/example_dags/example_sensors.py
[2025-11-05T15:39:31.967+0000] {logging_mixin.py:188} INFO - [2025-11-05T15:39:31.967+0000] {dag.py:3036} INFO - Sync 1 DAGs
[2025-11-05T15:39:32.030+0000] {logging_mixin.py:188} INFO - [2025-11-05T15:39:32.030+0000] {dag.py:3823} INFO - Setting next_dagrun for example_sensors to None, run_after=None
[2025-11-05T15:39:32.212+0000] {processor.py:183} INFO - Processing /home/airflow/.local/lib/python3.8/site-packages/airflow/example_dags/example_sensors.py took 1.456 seconds
[2025-11-05T15:40:06.517+0000] {processor.py:161} INFO - Started process (PID=125) to work on /home/airflow/.local/lib/python3.8/site-packages/airflow/example_dags/example_sensors.py
[2025-11-05T15:40:06.520+0000] {processor.py:830} INFO - Processing file /home/airflow/.local/lib/python3.8/site-packages/airflow/example_dags/example_sensors.py for tasks to queue
[2025-11-05T15:40:06.529+0000] {logging_mixin.py:188} INFO - [2025-11-05T15:40:06.528+0000] {dagbag.py:538} INFO - Filling up the DagBag from /home/airflow/.local/lib/python3.8/site-packages/airflow/example_dags/example_sensors.py
[2025-11-05T15:40:06.590+0000] {processor.py:840} INFO - DAG(s) 'example_sensors' retrieved from /home/airflow/.local/lib/python3.8/site-packages/airflow/example_dags/example_sensors.py
[2025-11-05T15:40:06.701+0000] {logging_mixin.py:188} INFO - [2025-11-05T15:40:06.700+0000] {dag.py:3036} INFO - Sync 1 DAGs
[2025-11-05T15:40:06.743+0000] {logging_mixin.py:188} INFO - [2025-11-05T15:40:06.742+0000] {dag.py:3823} INFO - Setting next_dagrun for example_sensors to None, run_after=None
[2025-11-05T15:40:06.818+0000] {processor.py:183} INFO - Processing /home/airflow/.local/lib/python3.8/site-packages/airflow/example_dags/example_sensors.py took 0.312 seconds
[2025-11-05T15:40:37.714+0000] {processor.py:161} INFO - Started process (PID=177) to work on /home/airflow/.local/lib/python3.8/site-packages/airflow/example_dags/example_sensors.py
[2025-11-05T15:40:37.716+0000] {processor.py:830} INFO - Processing file /home/airflow/.local/lib/python3.8/site-packages/airflow/example_dags/example_sensors.py for tasks to queue
[2025-11-05T15:40:37.719+0000] {logging_mixin.py:188} INFO - [2025-11-05T15:40:37.719+0000] {dagbag.py:538} INFO - Filling up the DagBag from /home/airflow/.local/lib/python3.8/site-packages/airflow/example_dags/example_sensors.py
[2025-11-05T15:40:37.732+0000] {processor.py:840} INFO - DAG(s) 'example_sensors' retrieved from /home/airflow/.local/lib/python3.8/site-packages/airflow/example_dags/example_sensors.py
[2025-11-05T15:40:37.766+0000] {logging_mixin.py:188} INFO - [2025-11-05T15:40:37.765+0000] {dag.py:3036} INFO - Sync 1 DAGs
[2025-11-05T15:40:37.780+0000] {logging_mixin.py:188} INFO - [2025-11-05T15:40:37.780+0000] {dag.py:3823} INFO - Setting next_dagrun for example_sensors to None, run_after=None
[2025-11-05T15:40:37.811+0000] {processor.py:183} INFO - Processing /home/airflow/.local/lib/python3.8/site-packages/airflow/example_dags/example_sensors.py took 0.101 seconds
[2025-11-05T15:41:08.440+0000] {processor.py:161} INFO - Started process (PID=232) to work on /home/airflow/.local/lib/python3.8/site-packages/airflow/example_dags/example_sensors.py
[2025-11-05T15:41:08.443+0000] {processor.py:830} INFO - Processing file /home/airflow/.local/lib/python3.8/site-packages/airflow/example_dags/example_sensors.py for tasks to queue
[2025-11-05T15:41:08.451+0000] {logging_mixin.py:188} INFO - [2025-11-05T15:41:08.450+0000] {dagbag.py:538} INFO - Filling up the DagBag from /home/airflow/.local/lib/python3.8/site-packages/airflow/example_dags/example_sensors.py
[2025-11-05T15:41:08.476+0000] {processor.py:840} INFO - DAG(s) 'example_sensors' retrieved from /home/airflow/.local/lib/python3.8/site-packages/airflow/example_dags/example_sensors.py
[2025-11-05T15:41:08.542+0000] {logging_mixin.py:188} INFO - [2025-11-05T15:41:08.542+0000] {dag.py:3036} INFO - Sync 1 DAGs
[2025-11-05T15:41:08.581+0000] {logging_mixin.py:188} INFO - [2025-11-05T15:41:08.579+0000] {dag.py:3823} INFO - Setting next_dagrun for example_sensors to None, run_after=None
[2025-11-05T15:41:08.636+0000] {processor.py:183} INFO - Processing /home/airflow/.local/lib/python3.8/site-packages/airflow/example_dags/example_sensors.py took 0.206 seconds
[2025-11-05T15:41:39.025+0000] {processor.py:161} INFO - Started process (PID=287) to work on /home/airflow/.local/lib/python3.8/site-packages/airflow/example_dags/example_sensors.py
[2025-11-05T15:41:39.031+0000] {processor.py:830} INFO - Processing file /home/airflow/.local/lib/python3.8/site-packages/airflow/example_dags/example_sensors.py for tasks to queue
[2025-11-05T15:41:39.044+0000] {logging_mixin.py:188} INFO - [2025-11-05T15:41:39.043+0000] {dagbag.py:538} INFO - Filling up the DagBag from /home/airflow/.local/lib/python3.8/site-packages/airflow/example_dags/example_sensors.py
[2025-11-05T15:41:39.139+0000] {processor.py:840} INFO - DAG(s) 'example_sensors' retrieved from /home/airflow/.local/lib/python3.8/site-packages/airflow/example_dags/example_sensors.py
[2025-11-05T15:41:39.347+0000] {logging_mixin.py:188} INFO - [2025-11-05T15:41:39.346+0000] {dag.py:3036} INFO - Sync 1 DAGs
[2025-11-05T15:41:39.466+0000] {logging_mixin.py:188} INFO - [2025-11-05T15:41:39.466+0000] {dag.py:3823} INFO - Setting next_dagrun for example_sensors to None, run_after=None
[2025-11-05T15:41:39.624+0000] {processor.py:183} INFO - Processing /home/airflow/.local/lib/python3.8/site-packages/airflow/example_dags/example_sensors.py took 0.645 seconds
[2025-11-05T15:42:09.779+0000] {processor.py:161} INFO - Started process (PID=344) to work on /home/airflow/.local/lib/python3.8/site-packages/airflow/example_dags/example_sensors.py
[2025-11-05T15:42:09.781+0000] {processor.py:830} INFO - Processing file /home/airflow/.local/lib/python3.8/site-packages/airflow/example_dags/example_sensors.py for tasks to queue
[2025-11-05T15:42:09.788+0000] {logging_mixin.py:188} INFO - [2025-11-05T15:42:09.787+0000] {dagbag.py:538} INFO - Filling up the DagBag from /home/airflow/.local/lib/python3.8/site-packages/airflow/example_dags/example_sensors.py
[2025-11-05T15:42:09.818+0000] {processor.py:840} INFO - DAG(s) 'example_sensors' retrieved from /home/airflow/.local/lib/python3.8/site-packages/airflow/example_dags/example_sensors.py
[2025-11-05T15:42:09.888+0000] {logging_mixin.py:188} INFO - [2025-11-05T15:42:09.887+0000] {dag.py:3036} INFO - Sync 1 DAGs
[2025-11-05T15:42:09.931+0000] {logging_mixin.py:188} INFO - [2025-11-05T15:42:09.931+0000] {dag.py:3823} INFO - Setting next_dagrun for example_sensors to None, run_after=None
[2025-11-05T15:42:09.987+0000] {processor.py:183} INFO - Processing /home/airflow/.local/lib/python3.8/site-packages/airflow/example_dags/example_sensors.py took 0.218 seconds
[2025-11-05T15:42:40.107+0000] {processor.py:161} INFO - Started process (PID=398) to work on /home/airflow/.local/lib/python3.8/site-packages/airflow/example_dags/example_sensors.py
[2025-11-05T15:42:40.108+0000] {processor.py:830} INFO - Processing file /home/airflow/.local/lib/python3.8/site-packages/airflow/example_dags/example_sensors.py for tasks to queue
[2025-11-05T15:42:40.111+0000] {logging_mixin.py:188} INFO - [2025-11-05T15:42:40.111+0000] {dagbag.py:538} INFO - Filling up the DagBag from /home/airflow/.local/lib/python3.8/site-packages/airflow/example_dags/example_sensors.py
[2025-11-05T15:42:40.123+0000] {processor.py:840} INFO - DAG(s) 'example_sensors' retrieved from /home/airflow/.local/lib/python3.8/site-packages/airflow/example_dags/example_sensors.py
[2025-11-05T15:42:40.157+0000] {logging_mixin.py:188} INFO - [2025-11-05T15:42:40.156+0000] {dag.py:3036} INFO - Sync 1 DAGs
[2025-11-05T15:42:40.171+0000] {logging_mixin.py:188} INFO - [2025-11-05T15:42:40.171+0000] {dag.py:3823} INFO - Setting next_dagrun for example_sensors to None, run_after=None
[2025-11-05T15:42:40.202+0000] {processor.py:183} INFO - Processing /home/airflow/.local/lib/python3.8/site-packages/airflow/example_dags/example_sensors.py took 0.099 seconds
[2025-11-05T15:43:11.277+0000] {processor.py:161} INFO - Started process (PID=460) to work on /home/airflow/.local/lib/python3.8/site-packages/airflow/example_dags/example_sensors.py
[2025-11-05T15:43:11.281+0000] {processor.py:830} INFO - Processing file /home/airflow/.local/lib/python3.8/site-packages/airflow/example_dags/example_sensors.py for tasks to queue
[2025-11-05T15:43:11.296+0000] {logging_mixin.py:188} INFO - [2025-11-05T15:43:11.295+0000] {dagbag.py:538} INFO - Filling up the DagBag from /home/airflow/.local/lib/python3.8/site-packages/airflow/example_dags/example_sensors.py
[2025-11-05T15:43:11.405+0000] {processor.py:840} INFO - DAG(s) 'example_sensors' retrieved from /home/airflow/.local/lib/python3.8/site-packages/airflow/example_dags/example_sensors.py
[2025-11-05T15:43:11.604+0000] {logging_mixin.py:188} INFO - [2025-11-05T15:43:11.603+0000] {dag.py:3036} INFO - Sync 1 DAGs
[2025-11-05T15:43:11.705+0000] {logging_mixin.py:188} INFO - [2025-11-05T15:43:11.704+0000] {dag.py:3823} INFO - Setting next_dagrun for example_sensors to None, run_after=None
[2025-11-05T15:43:11.891+0000] {processor.py:183} INFO - Processing /home/airflow/.local/lib/python3.8/site-packages/airflow/example_dags/example_sensors.py took 0.660 seconds
[2025-11-05T15:43:42.108+0000] {processor.py:161} INFO - Started process (PID=515) to work on /home/airflow/.local/lib/python3.8/site-packages/airflow/example_dags/example_sensors.py
[2025-11-05T15:43:42.123+0000] {processor.py:830} INFO - Processing file /home/airflow/.local/lib/python3.8/site-packages/airflow/example_dags/example_sensors.py for tasks to queue
[2025-11-05T15:43:42.141+0000] {logging_mixin.py:188} INFO - [2025-11-05T15:43:42.140+0000] {dagbag.py:538} INFO - Filling up the DagBag from /home/airflow/.local/lib/python3.8/site-packages/airflow/example_dags/example_sensors.py
[2025-11-05T15:43:42.205+0000] {processor.py:840} INFO - DAG(s) 'example_sensors' retrieved from /home/airflow/.local/lib/python3.8/site-packages/airflow/example_dags/example_sensors.py
[2025-11-05T15:43:42.401+0000] {logging_mixin.py:188} INFO - [2025-11-05T15:43:42.400+0000] {dag.py:3036} INFO - Sync 1 DAGs
[2025-11-05T15:43:42.488+0000] {logging_mixin.py:188} INFO - [2025-11-05T15:43:42.487+0000] {dag.py:3823} INFO - Setting next_dagrun for example_sensors to None, run_after=None
[2025-11-05T15:43:42.596+0000] {processor.py:183} INFO - Processing /home/airflow/.local/lib/python3.8/site-packages/airflow/example_dags/example_sensors.py took 0.511 seconds
[2025-11-05T15:44:12.687+0000] {processor.py:161} INFO - Started process (PID=570) to work on /home/airflow/.local/lib/python3.8/site-packages/airflow/example_dags/example_sensors.py
[2025-11-05T15:44:12.689+0000] {processor.py:830} INFO - Processing file /home/airflow/.local/lib/python3.8/site-packages/airflow/example_dags/example_sensors.py for tasks to queue
[2025-11-05T15:44:12.694+0000] {logging_mixin.py:188} INFO - [2025-11-05T15:44:12.693+0000] {dagbag.py:538} INFO - Filling up the DagBag from /home/airflow/.local/lib/python3.8/site-packages/airflow/example_dags/example_sensors.py
[2025-11-05T15:44:12.715+0000] {processor.py:840} INFO - DAG(s) 'example_sensors' retrieved from /home/airflow/.local/lib/python3.8/site-packages/airflow/example_dags/example_sensors.py
[2025-11-05T15:44:12.800+0000] {logging_mixin.py:188} INFO - [2025-11-05T15:44:12.799+0000] {dag.py:3036} INFO - Sync 1 DAGs
[2025-11-05T15:44:12.835+0000] {logging_mixin.py:188} INFO - [2025-11-05T15:44:12.835+0000] {dag.py:3823} INFO - Setting next_dagrun for example_sensors to None, run_after=None
[2025-11-05T15:44:12.890+0000] {processor.py:183} INFO - Processing /home/airflow/.local/lib/python3.8/site-packages/airflow/example_dags/example_sensors.py took 0.211 seconds
[2025-11-05T15:44:43.050+0000] {processor.py:161} INFO - Started process (PID=624) to work on /home/airflow/.local/lib/python3.8/site-packages/airflow/example_dags/example_sensors.py
[2025-11-05T15:44:43.054+0000] {processor.py:830} INFO - Processing file /home/airflow/.local/lib/python3.8/site-packages/airflow/example_dags/example_sensors.py for tasks to queue
[2025-11-05T15:44:43.064+0000] {logging_mixin.py:188} INFO - [2025-11-05T15:44:43.061+0000] {dagbag.py:538} INFO - Filling up the DagBag from /home/airflow/.local/lib/python3.8/site-packages/airflow/example_dags/example_sensors.py
[2025-11-05T15:44:43.117+0000] {processor.py:840} INFO - DAG(s) 'example_sensors' retrieved from /home/airflow/.local/lib/python3.8/site-packages/airflow/example_dags/example_sensors.py
[2025-11-05T15:44:43.257+0000] {logging_mixin.py:188} INFO - [2025-11-05T15:44:43.256+0000] {dag.py:3036} INFO - Sync 1 DAGs
[2025-11-05T15:44:43.318+0000] {logging_mixin.py:188} INFO - [2025-11-05T15:44:43.317+0000] {dag.py:3823} INFO - Setting next_dagrun for example_sensors to None, run_after=None
[2025-11-05T15:44:43.407+0000] {processor.py:183} INFO - Processing /home/airflow/.local/lib/python3.8/site-packages/airflow/example_dags/example_sensors.py took 0.388 seconds
