[2025-11-05T15:35:39.443+0000] {processor.py:161} INFO - Started process (PID=79) to work on /home/airflow/.local/lib/python3.8/site-packages/airflow/example_dags/example_task_group.py
[2025-11-05T15:35:39.450+0000] {processor.py:830} INFO - Processing file /home/airflow/.local/lib/python3.8/site-packages/airflow/example_dags/example_task_group.py for tasks to queue
[2025-11-05T15:35:39.459+0000] {logging_mixin.py:188} INFO - [2025-11-05T15:35:39.458+0000] {dagbag.py:538} INFO - Filling up the DagBag from /home/airflow/.local/lib/python3.8/site-packages/airflow/example_dags/example_task_group.py
[2025-11-05T15:35:39.553+0000] {processor.py:840} INFO - DAG(s) 'example_task_group' retrieved from /home/airflow/.local/lib/python3.8/site-packages/airflow/example_dags/example_task_group.py
[2025-11-05T15:35:40.358+0000] {logging_mixin.py:188} INFO - [2025-11-05T15:35:40.357+0000] {dag.py:3036} INFO - Sync 1 DAGs
[2025-11-05T15:35:40.568+0000] {logging_mixin.py:188} INFO - [2025-11-05T15:35:40.567+0000] {dag.py:3823} INFO - Setting next_dagrun for example_task_group to 2025-11-04 00:00:00+00:00, run_after=2025-11-05 00:00:00+00:00
[2025-11-05T15:35:40.720+0000] {processor.py:183} INFO - Processing /home/airflow/.local/lib/python3.8/site-packages/airflow/example_dags/example_task_group.py took 1.300 seconds
[2025-11-05T15:36:11.246+0000] {processor.py:161} INFO - Started process (PID=134) to work on /home/airflow/.local/lib/python3.8/site-packages/airflow/example_dags/example_task_group.py
[2025-11-05T15:36:11.253+0000] {processor.py:830} INFO - Processing file /home/airflow/.local/lib/python3.8/site-packages/airflow/example_dags/example_task_group.py for tasks to queue
[2025-11-05T15:36:11.260+0000] {logging_mixin.py:188} INFO - [2025-11-05T15:36:11.259+0000] {dagbag.py:538} INFO - Filling up the DagBag from /home/airflow/.local/lib/python3.8/site-packages/airflow/example_dags/example_task_group.py
[2025-11-05T15:36:11.305+0000] {processor.py:840} INFO - DAG(s) 'example_task_group' retrieved from /home/airflow/.local/lib/python3.8/site-packages/airflow/example_dags/example_task_group.py
[2025-11-05T15:36:11.394+0000] {logging_mixin.py:188} INFO - [2025-11-05T15:36:11.393+0000] {dag.py:3036} INFO - Sync 1 DAGs
[2025-11-05T15:36:11.482+0000] {logging_mixin.py:188} INFO - [2025-11-05T15:36:11.481+0000] {dag.py:3823} INFO - Setting next_dagrun for example_task_group to 2025-11-04 00:00:00+00:00, run_after=2025-11-05 00:00:00+00:00
[2025-11-05T15:36:11.564+0000] {processor.py:183} INFO - Processing /home/airflow/.local/lib/python3.8/site-packages/airflow/example_dags/example_task_group.py took 0.328 seconds
[2025-11-05T15:36:42.331+0000] {processor.py:161} INFO - Started process (PID=189) to work on /home/airflow/.local/lib/python3.8/site-packages/airflow/example_dags/example_task_group.py
[2025-11-05T15:36:42.334+0000] {processor.py:830} INFO - Processing file /home/airflow/.local/lib/python3.8/site-packages/airflow/example_dags/example_task_group.py for tasks to queue
[2025-11-05T15:36:42.339+0000] {logging_mixin.py:188} INFO - [2025-11-05T15:36:42.338+0000] {dagbag.py:538} INFO - Filling up the DagBag from /home/airflow/.local/lib/python3.8/site-packages/airflow/example_dags/example_task_group.py
[2025-11-05T15:36:42.356+0000] {processor.py:840} INFO - DAG(s) 'example_task_group' retrieved from /home/airflow/.local/lib/python3.8/site-packages/airflow/example_dags/example_task_group.py
[2025-11-05T15:36:42.403+0000] {logging_mixin.py:188} INFO - [2025-11-05T15:36:42.403+0000] {dag.py:3036} INFO - Sync 1 DAGs
[2025-11-05T15:36:42.451+0000] {logging_mixin.py:188} INFO - [2025-11-05T15:36:42.450+0000] {dag.py:3823} INFO - Setting next_dagrun for example_task_group to 2025-11-04 00:00:00+00:00, run_after=2025-11-05 00:00:00+00:00
[2025-11-05T15:36:42.498+0000] {processor.py:183} INFO - Processing /home/airflow/.local/lib/python3.8/site-packages/airflow/example_dags/example_task_group.py took 0.174 seconds
[2025-11-05T15:37:13.288+0000] {processor.py:161} INFO - Started process (PID=244) to work on /home/airflow/.local/lib/python3.8/site-packages/airflow/example_dags/example_task_group.py
[2025-11-05T15:37:13.291+0000] {processor.py:830} INFO - Processing file /home/airflow/.local/lib/python3.8/site-packages/airflow/example_dags/example_task_group.py for tasks to queue
[2025-11-05T15:37:13.296+0000] {logging_mixin.py:188} INFO - [2025-11-05T15:37:13.295+0000] {dagbag.py:538} INFO - Filling up the DagBag from /home/airflow/.local/lib/python3.8/site-packages/airflow/example_dags/example_task_group.py
[2025-11-05T15:37:13.312+0000] {processor.py:840} INFO - DAG(s) 'example_task_group' retrieved from /home/airflow/.local/lib/python3.8/site-packages/airflow/example_dags/example_task_group.py
[2025-11-05T15:37:13.365+0000] {logging_mixin.py:188} INFO - [2025-11-05T15:37:13.365+0000] {dag.py:3036} INFO - Sync 1 DAGs
[2025-11-05T15:37:13.420+0000] {logging_mixin.py:188} INFO - [2025-11-05T15:37:13.419+0000] {dag.py:3823} INFO - Setting next_dagrun for example_task_group to 2025-11-04 00:00:00+00:00, run_after=2025-11-05 00:00:00+00:00
[2025-11-05T15:37:13.469+0000] {processor.py:183} INFO - Processing /home/airflow/.local/lib/python3.8/site-packages/airflow/example_dags/example_task_group.py took 0.188 seconds
[2025-11-05T15:39:34.325+0000] {processor.py:161} INFO - Started process (PID=75) to work on /home/airflow/.local/lib/python3.8/site-packages/airflow/example_dags/example_task_group.py
[2025-11-05T15:39:34.329+0000] {processor.py:830} INFO - Processing file /home/airflow/.local/lib/python3.8/site-packages/airflow/example_dags/example_task_group.py for tasks to queue
[2025-11-05T15:39:34.337+0000] {logging_mixin.py:188} INFO - [2025-11-05T15:39:34.336+0000] {dagbag.py:538} INFO - Filling up the DagBag from /home/airflow/.local/lib/python3.8/site-packages/airflow/example_dags/example_task_group.py
[2025-11-05T15:39:34.388+0000] {processor.py:840} INFO - DAG(s) 'example_task_group' retrieved from /home/airflow/.local/lib/python3.8/site-packages/airflow/example_dags/example_task_group.py
[2025-11-05T15:39:35.485+0000] {logging_mixin.py:188} INFO - [2025-11-05T15:39:35.485+0000] {dag.py:3036} INFO - Sync 1 DAGs
[2025-11-05T15:39:35.703+0000] {logging_mixin.py:188} INFO - [2025-11-05T15:39:35.703+0000] {dag.py:3823} INFO - Setting next_dagrun for example_task_group to 2025-11-04 00:00:00+00:00, run_after=2025-11-05 00:00:00+00:00
[2025-11-05T15:39:35.881+0000] {processor.py:183} INFO - Processing /home/airflow/.local/lib/python3.8/site-packages/airflow/example_dags/example_task_group.py took 1.577 seconds
[2025-11-05T15:40:08.788+0000] {processor.py:161} INFO - Started process (PID=130) to work on /home/airflow/.local/lib/python3.8/site-packages/airflow/example_dags/example_task_group.py
[2025-11-05T15:40:08.794+0000] {processor.py:830} INFO - Processing file /home/airflow/.local/lib/python3.8/site-packages/airflow/example_dags/example_task_group.py for tasks to queue
[2025-11-05T15:40:08.803+0000] {logging_mixin.py:188} INFO - [2025-11-05T15:40:08.802+0000] {dagbag.py:538} INFO - Filling up the DagBag from /home/airflow/.local/lib/python3.8/site-packages/airflow/example_dags/example_task_group.py
[2025-11-05T15:40:08.846+0000] {processor.py:840} INFO - DAG(s) 'example_task_group' retrieved from /home/airflow/.local/lib/python3.8/site-packages/airflow/example_dags/example_task_group.py
[2025-11-05T15:40:08.968+0000] {logging_mixin.py:188} INFO - [2025-11-05T15:40:08.967+0000] {dag.py:3036} INFO - Sync 1 DAGs
[2025-11-05T15:40:09.090+0000] {logging_mixin.py:188} INFO - [2025-11-05T15:40:09.090+0000] {dag.py:3823} INFO - Setting next_dagrun for example_task_group to 2025-11-04 00:00:00+00:00, run_after=2025-11-05 00:00:00+00:00
[2025-11-05T15:40:09.208+0000] {processor.py:183} INFO - Processing /home/airflow/.local/lib/python3.8/site-packages/airflow/example_dags/example_task_group.py took 0.433 seconds
[2025-11-05T15:40:39.609+0000] {processor.py:161} INFO - Started process (PID=184) to work on /home/airflow/.local/lib/python3.8/site-packages/airflow/example_dags/example_task_group.py
[2025-11-05T15:40:39.610+0000] {processor.py:830} INFO - Processing file /home/airflow/.local/lib/python3.8/site-packages/airflow/example_dags/example_task_group.py for tasks to queue
[2025-11-05T15:40:39.614+0000] {logging_mixin.py:188} INFO - [2025-11-05T15:40:39.613+0000] {dagbag.py:538} INFO - Filling up the DagBag from /home/airflow/.local/lib/python3.8/site-packages/airflow/example_dags/example_task_group.py
[2025-11-05T15:40:39.627+0000] {processor.py:840} INFO - DAG(s) 'example_task_group' retrieved from /home/airflow/.local/lib/python3.8/site-packages/airflow/example_dags/example_task_group.py
[2025-11-05T15:40:39.661+0000] {logging_mixin.py:188} INFO - [2025-11-05T15:40:39.661+0000] {dag.py:3036} INFO - Sync 1 DAGs
[2025-11-05T15:40:39.693+0000] {logging_mixin.py:188} INFO - [2025-11-05T15:40:39.692+0000] {dag.py:3823} INFO - Setting next_dagrun for example_task_group to 2025-11-04 00:00:00+00:00, run_after=2025-11-05 00:00:00+00:00
[2025-11-05T15:40:39.730+0000] {processor.py:183} INFO - Processing /home/airflow/.local/lib/python3.8/site-packages/airflow/example_dags/example_task_group.py took 0.125 seconds
[2025-11-05T15:41:10.419+0000] {processor.py:161} INFO - Started process (PID=239) to work on /home/airflow/.local/lib/python3.8/site-packages/airflow/example_dags/example_task_group.py
[2025-11-05T15:41:10.422+0000] {processor.py:830} INFO - Processing file /home/airflow/.local/lib/python3.8/site-packages/airflow/example_dags/example_task_group.py for tasks to queue
[2025-11-05T15:41:10.430+0000] {logging_mixin.py:188} INFO - [2025-11-05T15:41:10.429+0000] {dagbag.py:538} INFO - Filling up the DagBag from /home/airflow/.local/lib/python3.8/site-packages/airflow/example_dags/example_task_group.py
[2025-11-05T15:41:10.448+0000] {processor.py:840} INFO - DAG(s) 'example_task_group' retrieved from /home/airflow/.local/lib/python3.8/site-packages/airflow/example_dags/example_task_group.py
[2025-11-05T15:41:10.496+0000] {logging_mixin.py:188} INFO - [2025-11-05T15:41:10.496+0000] {dag.py:3036} INFO - Sync 1 DAGs
[2025-11-05T15:41:10.540+0000] {logging_mixin.py:188} INFO - [2025-11-05T15:41:10.540+0000] {dag.py:3823} INFO - Setting next_dagrun for example_task_group to 2025-11-04 00:00:00+00:00, run_after=2025-11-05 00:00:00+00:00
[2025-11-05T15:41:10.584+0000] {processor.py:183} INFO - Processing /home/airflow/.local/lib/python3.8/site-packages/airflow/example_dags/example_task_group.py took 0.182 seconds
[2025-11-05T15:41:41.043+0000] {processor.py:161} INFO - Started process (PID=292) to work on /home/airflow/.local/lib/python3.8/site-packages/airflow/example_dags/example_task_group.py
[2025-11-05T15:41:41.048+0000] {processor.py:830} INFO - Processing file /home/airflow/.local/lib/python3.8/site-packages/airflow/example_dags/example_task_group.py for tasks to queue
[2025-11-05T15:41:41.054+0000] {logging_mixin.py:188} INFO - [2025-11-05T15:41:41.053+0000] {dagbag.py:538} INFO - Filling up the DagBag from /home/airflow/.local/lib/python3.8/site-packages/airflow/example_dags/example_task_group.py
[2025-11-05T15:41:41.090+0000] {processor.py:840} INFO - DAG(s) 'example_task_group' retrieved from /home/airflow/.local/lib/python3.8/site-packages/airflow/example_dags/example_task_group.py
[2025-11-05T15:41:41.173+0000] {logging_mixin.py:188} INFO - [2025-11-05T15:41:41.172+0000] {dag.py:3036} INFO - Sync 1 DAGs
[2025-11-05T15:41:41.278+0000] {logging_mixin.py:188} INFO - [2025-11-05T15:41:41.278+0000] {dag.py:3823} INFO - Setting next_dagrun for example_task_group to 2025-11-04 00:00:00+00:00, run_after=2025-11-05 00:00:00+00:00
[2025-11-05T15:41:41.352+0000] {processor.py:183} INFO - Processing /home/airflow/.local/lib/python3.8/site-packages/airflow/example_dags/example_task_group.py took 0.319 seconds
[2025-11-05T15:42:12.210+0000] {processor.py:161} INFO - Started process (PID=348) to work on /home/airflow/.local/lib/python3.8/site-packages/airflow/example_dags/example_task_group.py
[2025-11-05T15:42:12.214+0000] {processor.py:830} INFO - Processing file /home/airflow/.local/lib/python3.8/site-packages/airflow/example_dags/example_task_group.py for tasks to queue
[2025-11-05T15:42:12.223+0000] {logging_mixin.py:188} INFO - [2025-11-05T15:42:12.221+0000] {dagbag.py:538} INFO - Filling up the DagBag from /home/airflow/.local/lib/python3.8/site-packages/airflow/example_dags/example_task_group.py
[2025-11-05T15:42:12.268+0000] {processor.py:840} INFO - DAG(s) 'example_task_group' retrieved from /home/airflow/.local/lib/python3.8/site-packages/airflow/example_dags/example_task_group.py
[2025-11-05T15:42:12.439+0000] {logging_mixin.py:188} INFO - [2025-11-05T15:42:12.438+0000] {dag.py:3036} INFO - Sync 1 DAGs
[2025-11-05T15:42:12.620+0000] {logging_mixin.py:188} INFO - [2025-11-05T15:42:12.619+0000] {dag.py:3823} INFO - Setting next_dagrun for example_task_group to 2025-11-04 00:00:00+00:00, run_after=2025-11-05 00:00:00+00:00
[2025-11-05T15:42:12.798+0000] {processor.py:183} INFO - Processing /home/airflow/.local/lib/python3.8/site-packages/airflow/example_dags/example_task_group.py took 0.604 seconds
[2025-11-05T15:42:43.329+0000] {processor.py:161} INFO - Started process (PID=402) to work on /home/airflow/.local/lib/python3.8/site-packages/airflow/example_dags/example_task_group.py
[2025-11-05T15:42:43.331+0000] {processor.py:830} INFO - Processing file /home/airflow/.local/lib/python3.8/site-packages/airflow/example_dags/example_task_group.py for tasks to queue
[2025-11-05T15:42:43.337+0000] {logging_mixin.py:188} INFO - [2025-11-05T15:42:43.336+0000] {dagbag.py:538} INFO - Filling up the DagBag from /home/airflow/.local/lib/python3.8/site-packages/airflow/example_dags/example_task_group.py
[2025-11-05T15:42:43.355+0000] {processor.py:840} INFO - DAG(s) 'example_task_group' retrieved from /home/airflow/.local/lib/python3.8/site-packages/airflow/example_dags/example_task_group.py
[2025-11-05T15:42:43.443+0000] {logging_mixin.py:188} INFO - [2025-11-05T15:42:43.442+0000] {dag.py:3036} INFO - Sync 1 DAGs
[2025-11-05T15:42:43.576+0000] {logging_mixin.py:188} INFO - [2025-11-05T15:42:43.569+0000] {dag.py:3823} INFO - Setting next_dagrun for example_task_group to 2025-11-04 00:00:00+00:00, run_after=2025-11-05 00:00:00+00:00
[2025-11-05T15:42:43.687+0000] {processor.py:183} INFO - Processing /home/airflow/.local/lib/python3.8/site-packages/airflow/example_dags/example_task_group.py took 0.368 seconds
[2025-11-05T15:43:14.008+0000] {processor.py:161} INFO - Started process (PID=464) to work on /home/airflow/.local/lib/python3.8/site-packages/airflow/example_dags/example_task_group.py
[2025-11-05T15:43:14.011+0000] {processor.py:830} INFO - Processing file /home/airflow/.local/lib/python3.8/site-packages/airflow/example_dags/example_task_group.py for tasks to queue
[2025-11-05T15:43:14.017+0000] {logging_mixin.py:188} INFO - [2025-11-05T15:43:14.016+0000] {dagbag.py:538} INFO - Filling up the DagBag from /home/airflow/.local/lib/python3.8/site-packages/airflow/example_dags/example_task_group.py
[2025-11-05T15:43:14.056+0000] {processor.py:840} INFO - DAG(s) 'example_task_group' retrieved from /home/airflow/.local/lib/python3.8/site-packages/airflow/example_dags/example_task_group.py
[2025-11-05T15:43:14.149+0000] {logging_mixin.py:188} INFO - [2025-11-05T15:43:14.148+0000] {dag.py:3036} INFO - Sync 1 DAGs
[2025-11-05T15:43:14.267+0000] {logging_mixin.py:188} INFO - [2025-11-05T15:43:14.267+0000] {dag.py:3823} INFO - Setting next_dagrun for example_task_group to 2025-11-04 00:00:00+00:00, run_after=2025-11-05 00:00:00+00:00
[2025-11-05T15:43:14.334+0000] {processor.py:183} INFO - Processing /home/airflow/.local/lib/python3.8/site-packages/airflow/example_dags/example_task_group.py took 0.335 seconds
[2025-11-05T15:43:44.524+0000] {processor.py:161} INFO - Started process (PID=525) to work on /home/airflow/.local/lib/python3.8/site-packages/airflow/example_dags/example_task_group.py
[2025-11-05T15:43:44.525+0000] {processor.py:830} INFO - Processing file /home/airflow/.local/lib/python3.8/site-packages/airflow/example_dags/example_task_group.py for tasks to queue
[2025-11-05T15:43:44.528+0000] {logging_mixin.py:188} INFO - [2025-11-05T15:43:44.528+0000] {dagbag.py:538} INFO - Filling up the DagBag from /home/airflow/.local/lib/python3.8/site-packages/airflow/example_dags/example_task_group.py
[2025-11-05T15:43:44.539+0000] {processor.py:840} INFO - DAG(s) 'example_task_group' retrieved from /home/airflow/.local/lib/python3.8/site-packages/airflow/example_dags/example_task_group.py
[2025-11-05T15:43:44.575+0000] {logging_mixin.py:188} INFO - [2025-11-05T15:43:44.574+0000] {dag.py:3036} INFO - Sync 1 DAGs
[2025-11-05T15:43:44.605+0000] {logging_mixin.py:188} INFO - [2025-11-05T15:43:44.605+0000] {dag.py:3823} INFO - Setting next_dagrun for example_task_group to 2025-11-04 00:00:00+00:00, run_after=2025-11-05 00:00:00+00:00
[2025-11-05T15:43:44.639+0000] {processor.py:183} INFO - Processing /home/airflow/.local/lib/python3.8/site-packages/airflow/example_dags/example_task_group.py took 0.120 seconds
[2025-11-05T15:44:15.592+0000] {processor.py:161} INFO - Started process (PID=580) to work on /home/airflow/.local/lib/python3.8/site-packages/airflow/example_dags/example_task_group.py
[2025-11-05T15:44:15.595+0000] {processor.py:830} INFO - Processing file /home/airflow/.local/lib/python3.8/site-packages/airflow/example_dags/example_task_group.py for tasks to queue
[2025-11-05T15:44:15.599+0000] {logging_mixin.py:188} INFO - [2025-11-05T15:44:15.598+0000] {dagbag.py:538} INFO - Filling up the DagBag from /home/airflow/.local/lib/python3.8/site-packages/airflow/example_dags/example_task_group.py
[2025-11-05T15:44:15.613+0000] {processor.py:840} INFO - DAG(s) 'example_task_group' retrieved from /home/airflow/.local/lib/python3.8/site-packages/airflow/example_dags/example_task_group.py
[2025-11-05T15:44:15.661+0000] {logging_mixin.py:188} INFO - [2025-11-05T15:44:15.661+0000] {dag.py:3036} INFO - Sync 1 DAGs
[2025-11-05T15:44:15.713+0000] {logging_mixin.py:188} INFO - [2025-11-05T15:44:15.713+0000] {dag.py:3823} INFO - Setting next_dagrun for example_task_group to 2025-11-04 00:00:00+00:00, run_after=2025-11-05 00:00:00+00:00
[2025-11-05T15:44:15.764+0000] {processor.py:183} INFO - Processing /home/airflow/.local/lib/python3.8/site-packages/airflow/example_dags/example_task_group.py took 0.181 seconds
