[2025-11-05T15:35:45.377+0000] {processor.py:161} INFO - Started process (PID=90) to work on /home/airflow/.local/lib/python3.8/site-packages/airflow/example_dags/example_subdag_operator.py
[2025-11-05T15:35:45.380+0000] {processor.py:830} INFO - Processing file /home/airflow/.local/lib/python3.8/site-packages/airflow/example_dags/example_subdag_operator.py for tasks to queue
[2025-11-05T15:35:45.389+0000] {logging_mixin.py:188} INFO - [2025-11-05T15:35:45.388+0000] {dagbag.py:538} INFO - Filling up the DagBag from /home/airflow/.local/lib/python3.8/site-packages/airflow/example_dags/example_subdag_operator.py
[2025-11-05T15:35:45.463+0000] {processor.py:840} INFO - DAG(s) 'example_subdag_operator.section-1', 'example_subdag_operator.section-2', 'example_subdag_operator' retrieved from /home/airflow/.local/lib/python3.8/site-packages/airflow/example_dags/example_subdag_operator.py
[2025-11-05T15:35:45.746+0000] {logging_mixin.py:188} INFO - [2025-11-05T15:35:45.746+0000] {dag.py:3036} INFO - Sync 3 DAGs
[2025-11-05T15:35:45.800+0000] {logging_mixin.py:188} INFO - [2025-11-05T15:35:45.799+0000] {dag.py:3823} INFO - Setting next_dagrun for example_subdag_operator to 2022-01-01 00:00:00+00:00, run_after=2022-01-01 00:00:00+00:00
[2025-11-05T15:35:45.810+0000] {logging_mixin.py:188} INFO - [2025-11-05T15:35:45.809+0000] {dag.py:3823} INFO - Setting next_dagrun for example_subdag_operator.section-1 to None, run_after=None
[2025-11-05T15:35:45.814+0000] {logging_mixin.py:188} INFO - [2025-11-05T15:35:45.814+0000] {dag.py:3823} INFO - Setting next_dagrun for example_subdag_operator.section-2 to None, run_after=None
[2025-11-05T15:35:45.839+0000] {logging_mixin.py:188} INFO - [2025-11-05T15:35:45.838+0000] {dag.py:3036} INFO - Sync 2 DAGs
[2025-11-05T15:35:45.853+0000] {logging_mixin.py:188} INFO - [2025-11-05T15:35:45.853+0000] {dag.py:3823} INFO - Setting next_dagrun for example_subdag_operator.section-1 to None, run_after=None
[2025-11-05T15:35:45.855+0000] {logging_mixin.py:188} INFO - [2025-11-05T15:35:45.854+0000] {dag.py:3823} INFO - Setting next_dagrun for example_subdag_operator.section-2 to None, run_after=None
[2025-11-05T15:35:45.885+0000] {processor.py:183} INFO - Processing /home/airflow/.local/lib/python3.8/site-packages/airflow/example_dags/example_subdag_operator.py took 0.518 seconds
[2025-11-05T15:36:17.251+0000] {processor.py:161} INFO - Started process (PID=145) to work on /home/airflow/.local/lib/python3.8/site-packages/airflow/example_dags/example_subdag_operator.py
[2025-11-05T15:36:17.254+0000] {processor.py:830} INFO - Processing file /home/airflow/.local/lib/python3.8/site-packages/airflow/example_dags/example_subdag_operator.py for tasks to queue
[2025-11-05T15:36:17.260+0000] {logging_mixin.py:188} INFO - [2025-11-05T15:36:17.259+0000] {dagbag.py:538} INFO - Filling up the DagBag from /home/airflow/.local/lib/python3.8/site-packages/airflow/example_dags/example_subdag_operator.py
[2025-11-05T15:36:17.339+0000] {processor.py:840} INFO - DAG(s) 'example_subdag_operator.section-1', 'example_subdag_operator.section-2', 'example_subdag_operator' retrieved from /home/airflow/.local/lib/python3.8/site-packages/airflow/example_dags/example_subdag_operator.py
[2025-11-05T15:36:17.394+0000] {logging_mixin.py:188} INFO - [2025-11-05T15:36:17.393+0000] {dag.py:3036} INFO - Sync 3 DAGs
[2025-11-05T15:36:17.498+0000] {logging_mixin.py:188} INFO - [2025-11-05T15:36:17.497+0000] {dag.py:3823} INFO - Setting next_dagrun for example_subdag_operator to 2022-01-01 00:00:00+00:00, run_after=2022-01-01 00:00:00+00:00
[2025-11-05T15:36:17.511+0000] {logging_mixin.py:188} INFO - [2025-11-05T15:36:17.511+0000] {dag.py:3823} INFO - Setting next_dagrun for example_subdag_operator.section-1 to None, run_after=None
[2025-11-05T15:36:17.517+0000] {logging_mixin.py:188} INFO - [2025-11-05T15:36:17.516+0000] {dag.py:3823} INFO - Setting next_dagrun for example_subdag_operator.section-2 to None, run_after=None
[2025-11-05T15:36:17.555+0000] {logging_mixin.py:188} INFO - [2025-11-05T15:36:17.554+0000] {dag.py:3036} INFO - Sync 2 DAGs
[2025-11-05T15:36:17.576+0000] {logging_mixin.py:188} INFO - [2025-11-05T15:36:17.575+0000] {dag.py:3823} INFO - Setting next_dagrun for example_subdag_operator.section-1 to None, run_after=None
[2025-11-05T15:36:17.578+0000] {logging_mixin.py:188} INFO - [2025-11-05T15:36:17.578+0000] {dag.py:3823} INFO - Setting next_dagrun for example_subdag_operator.section-2 to None, run_after=None
[2025-11-05T15:36:17.655+0000] {processor.py:183} INFO - Processing /home/airflow/.local/lib/python3.8/site-packages/airflow/example_dags/example_subdag_operator.py took 0.415 seconds
[2025-11-05T15:36:47.915+0000] {processor.py:161} INFO - Started process (PID=200) to work on /home/airflow/.local/lib/python3.8/site-packages/airflow/example_dags/example_subdag_operator.py
[2025-11-05T15:36:47.918+0000] {processor.py:830} INFO - Processing file /home/airflow/.local/lib/python3.8/site-packages/airflow/example_dags/example_subdag_operator.py for tasks to queue
[2025-11-05T15:36:47.925+0000] {logging_mixin.py:188} INFO - [2025-11-05T15:36:47.924+0000] {dagbag.py:538} INFO - Filling up the DagBag from /home/airflow/.local/lib/python3.8/site-packages/airflow/example_dags/example_subdag_operator.py
[2025-11-05T15:36:48.030+0000] {processor.py:840} INFO - DAG(s) 'example_subdag_operator.section-1', 'example_subdag_operator.section-2', 'example_subdag_operator' retrieved from /home/airflow/.local/lib/python3.8/site-packages/airflow/example_dags/example_subdag_operator.py
[2025-11-05T15:36:48.103+0000] {logging_mixin.py:188} INFO - [2025-11-05T15:36:48.103+0000] {dag.py:3036} INFO - Sync 3 DAGs
[2025-11-05T15:36:48.191+0000] {logging_mixin.py:188} INFO - [2025-11-05T15:36:48.190+0000] {dag.py:3823} INFO - Setting next_dagrun for example_subdag_operator to 2022-01-01 00:00:00+00:00, run_after=2022-01-01 00:00:00+00:00
[2025-11-05T15:36:48.202+0000] {logging_mixin.py:188} INFO - [2025-11-05T15:36:48.201+0000] {dag.py:3823} INFO - Setting next_dagrun for example_subdag_operator.section-1 to None, run_after=None
[2025-11-05T15:36:48.207+0000] {logging_mixin.py:188} INFO - [2025-11-05T15:36:48.207+0000] {dag.py:3823} INFO - Setting next_dagrun for example_subdag_operator.section-2 to None, run_after=None
[2025-11-05T15:36:48.230+0000] {logging_mixin.py:188} INFO - [2025-11-05T15:36:48.229+0000] {dag.py:3036} INFO - Sync 2 DAGs
[2025-11-05T15:36:48.248+0000] {logging_mixin.py:188} INFO - [2025-11-05T15:36:48.247+0000] {dag.py:3823} INFO - Setting next_dagrun for example_subdag_operator.section-1 to None, run_after=None
[2025-11-05T15:36:48.252+0000] {logging_mixin.py:188} INFO - [2025-11-05T15:36:48.250+0000] {dag.py:3823} INFO - Setting next_dagrun for example_subdag_operator.section-2 to None, run_after=None
[2025-11-05T15:36:48.293+0000] {processor.py:183} INFO - Processing /home/airflow/.local/lib/python3.8/site-packages/airflow/example_dags/example_subdag_operator.py took 0.391 seconds
[2025-11-05T15:37:19.998+0000] {processor.py:161} INFO - Started process (PID=255) to work on /home/airflow/.local/lib/python3.8/site-packages/airflow/example_dags/example_subdag_operator.py
[2025-11-05T15:37:20.002+0000] {processor.py:830} INFO - Processing file /home/airflow/.local/lib/python3.8/site-packages/airflow/example_dags/example_subdag_operator.py for tasks to queue
[2025-11-05T15:37:20.008+0000] {logging_mixin.py:188} INFO - [2025-11-05T15:37:20.007+0000] {dagbag.py:538} INFO - Filling up the DagBag from /home/airflow/.local/lib/python3.8/site-packages/airflow/example_dags/example_subdag_operator.py
[2025-11-05T15:37:20.131+0000] {processor.py:840} INFO - DAG(s) 'example_subdag_operator.section-1', 'example_subdag_operator.section-2', 'example_subdag_operator' retrieved from /home/airflow/.local/lib/python3.8/site-packages/airflow/example_dags/example_subdag_operator.py
[2025-11-05T15:37:20.177+0000] {logging_mixin.py:188} INFO - [2025-11-05T15:37:20.176+0000] {dag.py:3036} INFO - Sync 3 DAGs
[2025-11-05T15:37:20.238+0000] {logging_mixin.py:188} INFO - [2025-11-05T15:37:20.238+0000] {dag.py:3823} INFO - Setting next_dagrun for example_subdag_operator to 2022-01-01 00:00:00+00:00, run_after=2022-01-01 00:00:00+00:00
[2025-11-05T15:37:20.253+0000] {logging_mixin.py:188} INFO - [2025-11-05T15:37:20.252+0000] {dag.py:3823} INFO - Setting next_dagrun for example_subdag_operator.section-1 to None, run_after=None
[2025-11-05T15:37:20.257+0000] {logging_mixin.py:188} INFO - [2025-11-05T15:37:20.257+0000] {dag.py:3823} INFO - Setting next_dagrun for example_subdag_operator.section-2 to None, run_after=None
[2025-11-05T15:37:20.282+0000] {logging_mixin.py:188} INFO - [2025-11-05T15:37:20.281+0000] {dag.py:3036} INFO - Sync 2 DAGs
[2025-11-05T15:37:20.296+0000] {logging_mixin.py:188} INFO - [2025-11-05T15:37:20.296+0000] {dag.py:3823} INFO - Setting next_dagrun for example_subdag_operator.section-1 to None, run_after=None
[2025-11-05T15:37:20.298+0000] {logging_mixin.py:188} INFO - [2025-11-05T15:37:20.297+0000] {dag.py:3823} INFO - Setting next_dagrun for example_subdag_operator.section-2 to None, run_after=None
[2025-11-05T15:37:20.347+0000] {processor.py:183} INFO - Processing /home/airflow/.local/lib/python3.8/site-packages/airflow/example_dags/example_subdag_operator.py took 0.368 seconds
[2025-11-05T15:39:43.437+0000] {processor.py:161} INFO - Started process (PID=92) to work on /home/airflow/.local/lib/python3.8/site-packages/airflow/example_dags/example_subdag_operator.py
[2025-11-05T15:39:43.492+0000] {processor.py:830} INFO - Processing file /home/airflow/.local/lib/python3.8/site-packages/airflow/example_dags/example_subdag_operator.py for tasks to queue
[2025-11-05T15:39:43.503+0000] {logging_mixin.py:188} INFO - [2025-11-05T15:39:43.502+0000] {dagbag.py:538} INFO - Filling up the DagBag from /home/airflow/.local/lib/python3.8/site-packages/airflow/example_dags/example_subdag_operator.py
[2025-11-05T15:39:43.664+0000] {processor.py:840} INFO - DAG(s) 'example_subdag_operator.section-1', 'example_subdag_operator.section-2', 'example_subdag_operator' retrieved from /home/airflow/.local/lib/python3.8/site-packages/airflow/example_dags/example_subdag_operator.py
[2025-11-05T15:39:44.266+0000] {logging_mixin.py:188} INFO - [2025-11-05T15:39:44.265+0000] {dag.py:3036} INFO - Sync 3 DAGs
[2025-11-05T15:39:44.397+0000] {logging_mixin.py:188} INFO - [2025-11-05T15:39:44.395+0000] {dag.py:3823} INFO - Setting next_dagrun for example_subdag_operator to 2022-01-01 00:00:00+00:00, run_after=2022-01-01 00:00:00+00:00
[2025-11-05T15:39:44.417+0000] {logging_mixin.py:188} INFO - [2025-11-05T15:39:44.417+0000] {dag.py:3823} INFO - Setting next_dagrun for example_subdag_operator.section-1 to None, run_after=None
[2025-11-05T15:39:44.427+0000] {logging_mixin.py:188} INFO - [2025-11-05T15:39:44.427+0000] {dag.py:3823} INFO - Setting next_dagrun for example_subdag_operator.section-2 to None, run_after=None
[2025-11-05T15:39:44.480+0000] {logging_mixin.py:188} INFO - [2025-11-05T15:39:44.479+0000] {dag.py:3036} INFO - Sync 2 DAGs
[2025-11-05T15:39:44.506+0000] {logging_mixin.py:188} INFO - [2025-11-05T15:39:44.505+0000] {dag.py:3823} INFO - Setting next_dagrun for example_subdag_operator.section-1 to None, run_after=None
[2025-11-05T15:39:44.511+0000] {logging_mixin.py:188} INFO - [2025-11-05T15:39:44.510+0000] {dag.py:3823} INFO - Setting next_dagrun for example_subdag_operator.section-2 to None, run_after=None
[2025-11-05T15:39:44.565+0000] {processor.py:183} INFO - Processing /home/airflow/.local/lib/python3.8/site-packages/airflow/example_dags/example_subdag_operator.py took 1.162 seconds
[2025-11-05T15:40:15.475+0000] {processor.py:161} INFO - Started process (PID=146) to work on /home/airflow/.local/lib/python3.8/site-packages/airflow/example_dags/example_subdag_operator.py
[2025-11-05T15:40:15.479+0000] {processor.py:830} INFO - Processing file /home/airflow/.local/lib/python3.8/site-packages/airflow/example_dags/example_subdag_operator.py for tasks to queue
[2025-11-05T15:40:15.484+0000] {logging_mixin.py:188} INFO - [2025-11-05T15:40:15.484+0000] {dagbag.py:538} INFO - Filling up the DagBag from /home/airflow/.local/lib/python3.8/site-packages/airflow/example_dags/example_subdag_operator.py
[2025-11-05T15:40:15.547+0000] {processor.py:840} INFO - DAG(s) 'example_subdag_operator.section-1', 'example_subdag_operator.section-2', 'example_subdag_operator' retrieved from /home/airflow/.local/lib/python3.8/site-packages/airflow/example_dags/example_subdag_operator.py
[2025-11-05T15:40:15.591+0000] {logging_mixin.py:188} INFO - [2025-11-05T15:40:15.591+0000] {dag.py:3036} INFO - Sync 3 DAGs
[2025-11-05T15:40:15.657+0000] {logging_mixin.py:188} INFO - [2025-11-05T15:40:15.656+0000] {dag.py:3823} INFO - Setting next_dagrun for example_subdag_operator to 2022-01-01 00:00:00+00:00, run_after=2022-01-01 00:00:00+00:00
[2025-11-05T15:40:15.667+0000] {logging_mixin.py:188} INFO - [2025-11-05T15:40:15.666+0000] {dag.py:3823} INFO - Setting next_dagrun for example_subdag_operator.section-1 to None, run_after=None
[2025-11-05T15:40:15.671+0000] {logging_mixin.py:188} INFO - [2025-11-05T15:40:15.671+0000] {dag.py:3823} INFO - Setting next_dagrun for example_subdag_operator.section-2 to None, run_after=None
[2025-11-05T15:40:15.694+0000] {logging_mixin.py:188} INFO - [2025-11-05T15:40:15.693+0000] {dag.py:3036} INFO - Sync 2 DAGs
[2025-11-05T15:40:15.707+0000] {logging_mixin.py:188} INFO - [2025-11-05T15:40:15.707+0000] {dag.py:3823} INFO - Setting next_dagrun for example_subdag_operator.section-1 to None, run_after=None
[2025-11-05T15:40:15.710+0000] {logging_mixin.py:188} INFO - [2025-11-05T15:40:15.709+0000] {dag.py:3823} INFO - Setting next_dagrun for example_subdag_operator.section-2 to None, run_after=None
[2025-11-05T15:40:15.748+0000] {processor.py:183} INFO - Processing /home/airflow/.local/lib/python3.8/site-packages/airflow/example_dags/example_subdag_operator.py took 0.282 seconds
[2025-11-05T15:40:45.952+0000] {processor.py:161} INFO - Started process (PID=201) to work on /home/airflow/.local/lib/python3.8/site-packages/airflow/example_dags/example_subdag_operator.py
[2025-11-05T15:40:45.957+0000] {processor.py:830} INFO - Processing file /home/airflow/.local/lib/python3.8/site-packages/airflow/example_dags/example_subdag_operator.py for tasks to queue
[2025-11-05T15:40:45.968+0000] {logging_mixin.py:188} INFO - [2025-11-05T15:40:45.967+0000] {dagbag.py:538} INFO - Filling up the DagBag from /home/airflow/.local/lib/python3.8/site-packages/airflow/example_dags/example_subdag_operator.py
[2025-11-05T15:40:46.035+0000] {processor.py:840} INFO - DAG(s) 'example_subdag_operator.section-1', 'example_subdag_operator.section-2', 'example_subdag_operator' retrieved from /home/airflow/.local/lib/python3.8/site-packages/airflow/example_dags/example_subdag_operator.py
[2025-11-05T15:40:46.090+0000] {logging_mixin.py:188} INFO - [2025-11-05T15:40:46.090+0000] {dag.py:3036} INFO - Sync 3 DAGs
[2025-11-05T15:40:46.144+0000] {logging_mixin.py:188} INFO - [2025-11-05T15:40:46.143+0000] {dag.py:3823} INFO - Setting next_dagrun for example_subdag_operator to 2022-01-01 00:00:00+00:00, run_after=2022-01-01 00:00:00+00:00
[2025-11-05T15:40:46.151+0000] {logging_mixin.py:188} INFO - [2025-11-05T15:40:46.151+0000] {dag.py:3823} INFO - Setting next_dagrun for example_subdag_operator.section-1 to None, run_after=None
[2025-11-05T15:40:46.155+0000] {logging_mixin.py:188} INFO - [2025-11-05T15:40:46.154+0000] {dag.py:3823} INFO - Setting next_dagrun for example_subdag_operator.section-2 to None, run_after=None
[2025-11-05T15:40:46.170+0000] {logging_mixin.py:188} INFO - [2025-11-05T15:40:46.170+0000] {dag.py:3036} INFO - Sync 2 DAGs
[2025-11-05T15:40:46.180+0000] {logging_mixin.py:188} INFO - [2025-11-05T15:40:46.180+0000] {dag.py:3823} INFO - Setting next_dagrun for example_subdag_operator.section-1 to None, run_after=None
[2025-11-05T15:40:46.181+0000] {logging_mixin.py:188} INFO - [2025-11-05T15:40:46.181+0000] {dag.py:3823} INFO - Setting next_dagrun for example_subdag_operator.section-2 to None, run_after=None
[2025-11-05T15:40:46.210+0000] {processor.py:183} INFO - Processing /home/airflow/.local/lib/python3.8/site-packages/airflow/example_dags/example_subdag_operator.py took 0.286 seconds
[2025-11-05T15:41:16.293+0000] {processor.py:161} INFO - Started process (PID=256) to work on /home/airflow/.local/lib/python3.8/site-packages/airflow/example_dags/example_subdag_operator.py
[2025-11-05T15:41:16.295+0000] {processor.py:830} INFO - Processing file /home/airflow/.local/lib/python3.8/site-packages/airflow/example_dags/example_subdag_operator.py for tasks to queue
[2025-11-05T15:41:16.297+0000] {logging_mixin.py:188} INFO - [2025-11-05T15:41:16.297+0000] {dagbag.py:538} INFO - Filling up the DagBag from /home/airflow/.local/lib/python3.8/site-packages/airflow/example_dags/example_subdag_operator.py
[2025-11-05T15:41:16.331+0000] {processor.py:840} INFO - DAG(s) 'example_subdag_operator.section-1', 'example_subdag_operator.section-2', 'example_subdag_operator' retrieved from /home/airflow/.local/lib/python3.8/site-packages/airflow/example_dags/example_subdag_operator.py
[2025-11-05T15:41:16.350+0000] {logging_mixin.py:188} INFO - [2025-11-05T15:41:16.349+0000] {dag.py:3036} INFO - Sync 3 DAGs
[2025-11-05T15:41:16.387+0000] {logging_mixin.py:188} INFO - [2025-11-05T15:41:16.386+0000] {dag.py:3823} INFO - Setting next_dagrun for example_subdag_operator to 2022-01-01 00:00:00+00:00, run_after=2022-01-01 00:00:00+00:00
[2025-11-05T15:41:16.393+0000] {logging_mixin.py:188} INFO - [2025-11-05T15:41:16.393+0000] {dag.py:3823} INFO - Setting next_dagrun for example_subdag_operator.section-1 to None, run_after=None
[2025-11-05T15:41:16.395+0000] {logging_mixin.py:188} INFO - [2025-11-05T15:41:16.395+0000] {dag.py:3823} INFO - Setting next_dagrun for example_subdag_operator.section-2 to None, run_after=None
[2025-11-05T15:41:16.405+0000] {logging_mixin.py:188} INFO - [2025-11-05T15:41:16.405+0000] {dag.py:3036} INFO - Sync 2 DAGs
[2025-11-05T15:41:16.412+0000] {logging_mixin.py:188} INFO - [2025-11-05T15:41:16.412+0000] {dag.py:3823} INFO - Setting next_dagrun for example_subdag_operator.section-1 to None, run_after=None
[2025-11-05T15:41:16.413+0000] {logging_mixin.py:188} INFO - [2025-11-05T15:41:16.413+0000] {dag.py:3823} INFO - Setting next_dagrun for example_subdag_operator.section-2 to None, run_after=None
[2025-11-05T15:41:16.435+0000] {processor.py:183} INFO - Processing /home/airflow/.local/lib/python3.8/site-packages/airflow/example_dags/example_subdag_operator.py took 0.146 seconds
[2025-11-05T15:41:46.964+0000] {processor.py:161} INFO - Started process (PID=312) to work on /home/airflow/.local/lib/python3.8/site-packages/airflow/example_dags/example_subdag_operator.py
[2025-11-05T15:41:46.966+0000] {processor.py:830} INFO - Processing file /home/airflow/.local/lib/python3.8/site-packages/airflow/example_dags/example_subdag_operator.py for tasks to queue
[2025-11-05T15:41:46.970+0000] {logging_mixin.py:188} INFO - [2025-11-05T15:41:46.970+0000] {dagbag.py:538} INFO - Filling up the DagBag from /home/airflow/.local/lib/python3.8/site-packages/airflow/example_dags/example_subdag_operator.py
[2025-11-05T15:41:47.038+0000] {processor.py:840} INFO - DAG(s) 'example_subdag_operator.section-1', 'example_subdag_operator.section-2', 'example_subdag_operator' retrieved from /home/airflow/.local/lib/python3.8/site-packages/airflow/example_dags/example_subdag_operator.py
[2025-11-05T15:41:47.079+0000] {logging_mixin.py:188} INFO - [2025-11-05T15:41:47.079+0000] {dag.py:3036} INFO - Sync 3 DAGs
[2025-11-05T15:41:47.133+0000] {logging_mixin.py:188} INFO - [2025-11-05T15:41:47.133+0000] {dag.py:3823} INFO - Setting next_dagrun for example_subdag_operator to 2022-01-01 00:00:00+00:00, run_after=2022-01-01 00:00:00+00:00
[2025-11-05T15:41:47.144+0000] {logging_mixin.py:188} INFO - [2025-11-05T15:41:47.143+0000] {dag.py:3823} INFO - Setting next_dagrun for example_subdag_operator.section-1 to None, run_after=None
[2025-11-05T15:41:47.148+0000] {logging_mixin.py:188} INFO - [2025-11-05T15:41:47.148+0000] {dag.py:3823} INFO - Setting next_dagrun for example_subdag_operator.section-2 to None, run_after=None
[2025-11-05T15:41:47.165+0000] {logging_mixin.py:188} INFO - [2025-11-05T15:41:47.165+0000] {dag.py:3036} INFO - Sync 2 DAGs
[2025-11-05T15:41:47.184+0000] {logging_mixin.py:188} INFO - [2025-11-05T15:41:47.183+0000] {dag.py:3823} INFO - Setting next_dagrun for example_subdag_operator.section-1 to None, run_after=None
[2025-11-05T15:41:47.186+0000] {logging_mixin.py:188} INFO - [2025-11-05T15:41:47.185+0000] {dag.py:3823} INFO - Setting next_dagrun for example_subdag_operator.section-2 to None, run_after=None
[2025-11-05T15:41:47.217+0000] {processor.py:183} INFO - Processing /home/airflow/.local/lib/python3.8/site-packages/airflow/example_dags/example_subdag_operator.py took 0.261 seconds
[2025-11-05T15:42:17.745+0000] {processor.py:161} INFO - Started process (PID=366) to work on /home/airflow/.local/lib/python3.8/site-packages/airflow/example_dags/example_subdag_operator.py
[2025-11-05T15:42:17.748+0000] {processor.py:830} INFO - Processing file /home/airflow/.local/lib/python3.8/site-packages/airflow/example_dags/example_subdag_operator.py for tasks to queue
[2025-11-05T15:42:17.753+0000] {logging_mixin.py:188} INFO - [2025-11-05T15:42:17.752+0000] {dagbag.py:538} INFO - Filling up the DagBag from /home/airflow/.local/lib/python3.8/site-packages/airflow/example_dags/example_subdag_operator.py
[2025-11-05T15:42:17.808+0000] {processor.py:840} INFO - DAG(s) 'example_subdag_operator.section-1', 'example_subdag_operator.section-2', 'example_subdag_operator' retrieved from /home/airflow/.local/lib/python3.8/site-packages/airflow/example_dags/example_subdag_operator.py
[2025-11-05T15:42:17.842+0000] {logging_mixin.py:188} INFO - [2025-11-05T15:42:17.842+0000] {dag.py:3036} INFO - Sync 3 DAGs
[2025-11-05T15:42:17.888+0000] {logging_mixin.py:188} INFO - [2025-11-05T15:42:17.888+0000] {dag.py:3823} INFO - Setting next_dagrun for example_subdag_operator to 2022-01-01 00:00:00+00:00, run_after=2022-01-01 00:00:00+00:00
[2025-11-05T15:42:17.896+0000] {logging_mixin.py:188} INFO - [2025-11-05T15:42:17.896+0000] {dag.py:3823} INFO - Setting next_dagrun for example_subdag_operator.section-1 to None, run_after=None
[2025-11-05T15:42:17.899+0000] {logging_mixin.py:188} INFO - [2025-11-05T15:42:17.899+0000] {dag.py:3823} INFO - Setting next_dagrun for example_subdag_operator.section-2 to None, run_after=None
[2025-11-05T15:42:17.915+0000] {logging_mixin.py:188} INFO - [2025-11-05T15:42:17.915+0000] {dag.py:3036} INFO - Sync 2 DAGs
[2025-11-05T15:42:17.926+0000] {logging_mixin.py:188} INFO - [2025-11-05T15:42:17.926+0000] {dag.py:3823} INFO - Setting next_dagrun for example_subdag_operator.section-1 to None, run_after=None
[2025-11-05T15:42:17.928+0000] {logging_mixin.py:188} INFO - [2025-11-05T15:42:17.927+0000] {dag.py:3823} INFO - Setting next_dagrun for example_subdag_operator.section-2 to None, run_after=None
[2025-11-05T15:42:17.955+0000] {processor.py:183} INFO - Processing /home/airflow/.local/lib/python3.8/site-packages/airflow/example_dags/example_subdag_operator.py took 0.217 seconds
[2025-11-05T15:42:48.844+0000] {processor.py:161} INFO - Started process (PID=428) to work on /home/airflow/.local/lib/python3.8/site-packages/airflow/example_dags/example_subdag_operator.py
[2025-11-05T15:42:48.859+0000] {processor.py:830} INFO - Processing file /home/airflow/.local/lib/python3.8/site-packages/airflow/example_dags/example_subdag_operator.py for tasks to queue
[2025-11-05T15:42:48.887+0000] {logging_mixin.py:188} INFO - [2025-11-05T15:42:48.886+0000] {dagbag.py:538} INFO - Filling up the DagBag from /home/airflow/.local/lib/python3.8/site-packages/airflow/example_dags/example_subdag_operator.py
[2025-11-05T15:42:49.148+0000] {processor.py:840} INFO - DAG(s) 'example_subdag_operator.section-1', 'example_subdag_operator.section-2', 'example_subdag_operator' retrieved from /home/airflow/.local/lib/python3.8/site-packages/airflow/example_dags/example_subdag_operator.py
[2025-11-05T15:42:49.284+0000] {logging_mixin.py:188} INFO - [2025-11-05T15:42:49.282+0000] {dag.py:3036} INFO - Sync 3 DAGs
[2025-11-05T15:42:49.456+0000] {logging_mixin.py:188} INFO - [2025-11-05T15:42:49.455+0000] {dag.py:3823} INFO - Setting next_dagrun for example_subdag_operator to 2022-01-01 00:00:00+00:00, run_after=2022-01-01 00:00:00+00:00
[2025-11-05T15:42:49.488+0000] {logging_mixin.py:188} INFO - [2025-11-05T15:42:49.487+0000] {dag.py:3823} INFO - Setting next_dagrun for example_subdag_operator.section-1 to None, run_after=None
[2025-11-05T15:42:49.503+0000] {logging_mixin.py:188} INFO - [2025-11-05T15:42:49.502+0000] {dag.py:3823} INFO - Setting next_dagrun for example_subdag_operator.section-2 to None, run_after=None
[2025-11-05T15:42:49.564+0000] {logging_mixin.py:188} INFO - [2025-11-05T15:42:49.563+0000] {dag.py:3036} INFO - Sync 2 DAGs
[2025-11-05T15:42:49.616+0000] {logging_mixin.py:188} INFO - [2025-11-05T15:42:49.616+0000] {dag.py:3823} INFO - Setting next_dagrun for example_subdag_operator.section-1 to None, run_after=None
[2025-11-05T15:42:49.621+0000] {logging_mixin.py:188} INFO - [2025-11-05T15:42:49.621+0000] {dag.py:3823} INFO - Setting next_dagrun for example_subdag_operator.section-2 to None, run_after=None
[2025-11-05T15:42:49.797+0000] {processor.py:183} INFO - Processing /home/airflow/.local/lib/python3.8/site-packages/airflow/example_dags/example_subdag_operator.py took 0.978 seconds
[2025-11-05T15:43:20.211+0000] {processor.py:161} INFO - Started process (PID=483) to work on /home/airflow/.local/lib/python3.8/site-packages/airflow/example_dags/example_subdag_operator.py
[2025-11-05T15:43:20.218+0000] {processor.py:830} INFO - Processing file /home/airflow/.local/lib/python3.8/site-packages/airflow/example_dags/example_subdag_operator.py for tasks to queue
[2025-11-05T15:43:20.243+0000] {logging_mixin.py:188} INFO - [2025-11-05T15:43:20.242+0000] {dagbag.py:538} INFO - Filling up the DagBag from /home/airflow/.local/lib/python3.8/site-packages/airflow/example_dags/example_subdag_operator.py
[2025-11-05T15:43:20.441+0000] {processor.py:840} INFO - DAG(s) 'example_subdag_operator.section-1', 'example_subdag_operator.section-2', 'example_subdag_operator' retrieved from /home/airflow/.local/lib/python3.8/site-packages/airflow/example_dags/example_subdag_operator.py
[2025-11-05T15:43:20.559+0000] {logging_mixin.py:188} INFO - [2025-11-05T15:43:20.558+0000] {dag.py:3036} INFO - Sync 3 DAGs
[2025-11-05T15:43:20.721+0000] {logging_mixin.py:188} INFO - [2025-11-05T15:43:20.710+0000] {dag.py:3823} INFO - Setting next_dagrun for example_subdag_operator to 2022-01-01 00:00:00+00:00, run_after=2022-01-01 00:00:00+00:00
[2025-11-05T15:43:20.734+0000] {logging_mixin.py:188} INFO - [2025-11-05T15:43:20.734+0000] {dag.py:3823} INFO - Setting next_dagrun for example_subdag_operator.section-1 to None, run_after=None
[2025-11-05T15:43:20.745+0000] {logging_mixin.py:188} INFO - [2025-11-05T15:43:20.744+0000] {dag.py:3823} INFO - Setting next_dagrun for example_subdag_operator.section-2 to None, run_after=None
[2025-11-05T15:43:20.791+0000] {logging_mixin.py:188} INFO - [2025-11-05T15:43:20.791+0000] {dag.py:3036} INFO - Sync 2 DAGs
[2025-11-05T15:43:20.821+0000] {logging_mixin.py:188} INFO - [2025-11-05T15:43:20.821+0000] {dag.py:3823} INFO - Setting next_dagrun for example_subdag_operator.section-1 to None, run_after=None
[2025-11-05T15:43:20.824+0000] {logging_mixin.py:188} INFO - [2025-11-05T15:43:20.824+0000] {dag.py:3823} INFO - Setting next_dagrun for example_subdag_operator.section-2 to None, run_after=None
[2025-11-05T15:43:20.900+0000] {processor.py:183} INFO - Processing /home/airflow/.local/lib/python3.8/site-packages/airflow/example_dags/example_subdag_operator.py took 0.721 seconds
[2025-11-05T15:43:51.109+0000] {processor.py:161} INFO - Started process (PID=538) to work on /home/airflow/.local/lib/python3.8/site-packages/airflow/example_dags/example_subdag_operator.py
[2025-11-05T15:43:51.110+0000] {processor.py:830} INFO - Processing file /home/airflow/.local/lib/python3.8/site-packages/airflow/example_dags/example_subdag_operator.py for tasks to queue
[2025-11-05T15:43:51.113+0000] {logging_mixin.py:188} INFO - [2025-11-05T15:43:51.112+0000] {dagbag.py:538} INFO - Filling up the DagBag from /home/airflow/.local/lib/python3.8/site-packages/airflow/example_dags/example_subdag_operator.py
[2025-11-05T15:43:51.143+0000] {processor.py:840} INFO - DAG(s) 'example_subdag_operator.section-1', 'example_subdag_operator.section-2', 'example_subdag_operator' retrieved from /home/airflow/.local/lib/python3.8/site-packages/airflow/example_dags/example_subdag_operator.py
[2025-11-05T15:43:51.161+0000] {logging_mixin.py:188} INFO - [2025-11-05T15:43:51.161+0000] {dag.py:3036} INFO - Sync 3 DAGs
[2025-11-05T15:43:51.187+0000] {logging_mixin.py:188} INFO - [2025-11-05T15:43:51.187+0000] {dag.py:3823} INFO - Setting next_dagrun for example_subdag_operator to 2022-01-01 00:00:00+00:00, run_after=2022-01-01 00:00:00+00:00
[2025-11-05T15:43:51.191+0000] {logging_mixin.py:188} INFO - [2025-11-05T15:43:51.191+0000] {dag.py:3823} INFO - Setting next_dagrun for example_subdag_operator.section-1 to None, run_after=None
[2025-11-05T15:43:51.193+0000] {logging_mixin.py:188} INFO - [2025-11-05T15:43:51.193+0000] {dag.py:3823} INFO - Setting next_dagrun for example_subdag_operator.section-2 to None, run_after=None
[2025-11-05T15:43:51.204+0000] {logging_mixin.py:188} INFO - [2025-11-05T15:43:51.203+0000] {dag.py:3036} INFO - Sync 2 DAGs
[2025-11-05T15:43:51.210+0000] {logging_mixin.py:188} INFO - [2025-11-05T15:43:51.210+0000] {dag.py:3823} INFO - Setting next_dagrun for example_subdag_operator.section-1 to None, run_after=None
[2025-11-05T15:43:51.211+0000] {logging_mixin.py:188} INFO - [2025-11-05T15:43:51.211+0000] {dag.py:3823} INFO - Setting next_dagrun for example_subdag_operator.section-2 to None, run_after=None
[2025-11-05T15:43:51.232+0000] {processor.py:183} INFO - Processing /home/airflow/.local/lib/python3.8/site-packages/airflow/example_dags/example_subdag_operator.py took 0.128 seconds
[2025-11-05T15:44:21.531+0000] {processor.py:161} INFO - Started process (PID=593) to work on /home/airflow/.local/lib/python3.8/site-packages/airflow/example_dags/example_subdag_operator.py
[2025-11-05T15:44:21.533+0000] {processor.py:830} INFO - Processing file /home/airflow/.local/lib/python3.8/site-packages/airflow/example_dags/example_subdag_operator.py for tasks to queue
[2025-11-05T15:44:21.539+0000] {logging_mixin.py:188} INFO - [2025-11-05T15:44:21.538+0000] {dagbag.py:538} INFO - Filling up the DagBag from /home/airflow/.local/lib/python3.8/site-packages/airflow/example_dags/example_subdag_operator.py
[2025-11-05T15:44:21.606+0000] {processor.py:840} INFO - DAG(s) 'example_subdag_operator.section-1', 'example_subdag_operator.section-2', 'example_subdag_operator' retrieved from /home/airflow/.local/lib/python3.8/site-packages/airflow/example_dags/example_subdag_operator.py
[2025-11-05T15:44:21.654+0000] {logging_mixin.py:188} INFO - [2025-11-05T15:44:21.653+0000] {dag.py:3036} INFO - Sync 3 DAGs
[2025-11-05T15:44:21.733+0000] {logging_mixin.py:188} INFO - [2025-11-05T15:44:21.732+0000] {dag.py:3823} INFO - Setting next_dagrun for example_subdag_operator to 2022-01-01 00:00:00+00:00, run_after=2022-01-01 00:00:00+00:00
[2025-11-05T15:44:21.743+0000] {logging_mixin.py:188} INFO - [2025-11-05T15:44:21.742+0000] {dag.py:3823} INFO - Setting next_dagrun for example_subdag_operator.section-1 to None, run_after=None
[2025-11-05T15:44:21.747+0000] {logging_mixin.py:188} INFO - [2025-11-05T15:44:21.746+0000] {dag.py:3823} INFO - Setting next_dagrun for example_subdag_operator.section-2 to None, run_after=None
[2025-11-05T15:44:21.765+0000] {logging_mixin.py:188} INFO - [2025-11-05T15:44:21.765+0000] {dag.py:3036} INFO - Sync 2 DAGs
[2025-11-05T15:44:21.780+0000] {logging_mixin.py:188} INFO - [2025-11-05T15:44:21.779+0000] {dag.py:3823} INFO - Setting next_dagrun for example_subdag_operator.section-1 to None, run_after=None
[2025-11-05T15:44:21.782+0000] {logging_mixin.py:188} INFO - [2025-11-05T15:44:21.781+0000] {dag.py:3823} INFO - Setting next_dagrun for example_subdag_operator.section-2 to None, run_after=None
[2025-11-05T15:44:21.816+0000] {processor.py:183} INFO - Processing /home/airflow/.local/lib/python3.8/site-packages/airflow/example_dags/example_subdag_operator.py took 0.297 seconds
