[2025-11-05T15:35:46.416+0000] {processor.py:161} INFO - Started process (PID=94) to work on /home/airflow/.local/lib/python3.8/site-packages/airflow/example_dags/example_latest_only.py
[2025-11-05T15:35:46.419+0000] {processor.py:830} INFO - Processing file /home/airflow/.local/lib/python3.8/site-packages/airflow/example_dags/example_latest_only.py for tasks to queue
[2025-11-05T15:35:46.423+0000] {logging_mixin.py:188} INFO - [2025-11-05T15:35:46.422+0000] {dagbag.py:538} INFO - Filling up the DagBag from /home/airflow/.local/lib/python3.8/site-packages/airflow/example_dags/example_latest_only.py
[2025-11-05T15:35:46.439+0000] {processor.py:840} INFO - DAG(s) 'latest_only' retrieved from /home/airflow/.local/lib/python3.8/site-packages/airflow/example_dags/example_latest_only.py
[2025-11-05T15:35:46.943+0000] {logging_mixin.py:188} INFO - [2025-11-05T15:35:46.942+0000] {dag.py:3036} INFO - Sync 1 DAGs
[2025-11-05T15:35:47.019+0000] {logging_mixin.py:188} INFO - [2025-11-05T15:35:47.018+0000] {dag.py:3823} INFO - Setting next_dagrun for latest_only to 2025-11-05 08:00:00+00:00, run_after=2025-11-05 12:00:00+00:00
[2025-11-05T15:35:47.104+0000] {processor.py:183} INFO - Processing /home/airflow/.local/lib/python3.8/site-packages/airflow/example_dags/example_latest_only.py took 0.696 seconds
[2025-11-05T15:36:18.170+0000] {processor.py:161} INFO - Started process (PID=149) to work on /home/airflow/.local/lib/python3.8/site-packages/airflow/example_dags/example_latest_only.py
[2025-11-05T15:36:18.172+0000] {processor.py:830} INFO - Processing file /home/airflow/.local/lib/python3.8/site-packages/airflow/example_dags/example_latest_only.py for tasks to queue
[2025-11-05T15:36:18.185+0000] {logging_mixin.py:188} INFO - [2025-11-05T15:36:18.184+0000] {dagbag.py:538} INFO - Filling up the DagBag from /home/airflow/.local/lib/python3.8/site-packages/airflow/example_dags/example_latest_only.py
[2025-11-05T15:36:18.213+0000] {processor.py:840} INFO - DAG(s) 'latest_only' retrieved from /home/airflow/.local/lib/python3.8/site-packages/airflow/example_dags/example_latest_only.py
[2025-11-05T15:36:18.284+0000] {logging_mixin.py:188} INFO - [2025-11-05T15:36:18.283+0000] {dag.py:3036} INFO - Sync 1 DAGs
[2025-11-05T15:36:18.368+0000] {logging_mixin.py:188} INFO - [2025-11-05T15:36:18.367+0000] {dag.py:3823} INFO - Setting next_dagrun for latest_only to 2025-11-05 08:00:00+00:00, run_after=2025-11-05 12:00:00+00:00
[2025-11-05T15:36:18.435+0000] {processor.py:183} INFO - Processing /home/airflow/.local/lib/python3.8/site-packages/airflow/example_dags/example_latest_only.py took 0.279 seconds
[2025-11-05T15:36:49.326+0000] {processor.py:161} INFO - Started process (PID=204) to work on /home/airflow/.local/lib/python3.8/site-packages/airflow/example_dags/example_latest_only.py
[2025-11-05T15:36:49.329+0000] {processor.py:830} INFO - Processing file /home/airflow/.local/lib/python3.8/site-packages/airflow/example_dags/example_latest_only.py for tasks to queue
[2025-11-05T15:36:49.335+0000] {logging_mixin.py:188} INFO - [2025-11-05T15:36:49.334+0000] {dagbag.py:538} INFO - Filling up the DagBag from /home/airflow/.local/lib/python3.8/site-packages/airflow/example_dags/example_latest_only.py
[2025-11-05T15:36:49.352+0000] {processor.py:840} INFO - DAG(s) 'latest_only' retrieved from /home/airflow/.local/lib/python3.8/site-packages/airflow/example_dags/example_latest_only.py
[2025-11-05T15:36:49.424+0000] {logging_mixin.py:188} INFO - [2025-11-05T15:36:49.423+0000] {dag.py:3036} INFO - Sync 1 DAGs
[2025-11-05T15:36:49.505+0000] {logging_mixin.py:188} INFO - [2025-11-05T15:36:49.503+0000] {dag.py:3823} INFO - Setting next_dagrun for latest_only to 2025-11-05 08:00:00+00:00, run_after=2025-11-05 12:00:00+00:00
[2025-11-05T15:36:49.582+0000] {processor.py:183} INFO - Processing /home/airflow/.local/lib/python3.8/site-packages/airflow/example_dags/example_latest_only.py took 0.268 seconds
[2025-11-05T15:37:20.809+0000] {processor.py:161} INFO - Started process (PID=259) to work on /home/airflow/.local/lib/python3.8/site-packages/airflow/example_dags/example_latest_only.py
[2025-11-05T15:37:20.816+0000] {processor.py:830} INFO - Processing file /home/airflow/.local/lib/python3.8/site-packages/airflow/example_dags/example_latest_only.py for tasks to queue
[2025-11-05T15:37:20.833+0000] {logging_mixin.py:188} INFO - [2025-11-05T15:37:20.827+0000] {dagbag.py:538} INFO - Filling up the DagBag from /home/airflow/.local/lib/python3.8/site-packages/airflow/example_dags/example_latest_only.py
[2025-11-05T15:37:20.858+0000] {processor.py:840} INFO - DAG(s) 'latest_only' retrieved from /home/airflow/.local/lib/python3.8/site-packages/airflow/example_dags/example_latest_only.py
[2025-11-05T15:37:20.967+0000] {logging_mixin.py:188} INFO - [2025-11-05T15:37:20.966+0000] {dag.py:3036} INFO - Sync 1 DAGs
[2025-11-05T15:37:21.128+0000] {logging_mixin.py:188} INFO - [2025-11-05T15:37:21.119+0000] {dag.py:3823} INFO - Setting next_dagrun for latest_only to 2025-11-05 08:00:00+00:00, run_after=2025-11-05 12:00:00+00:00
[2025-11-05T15:37:21.279+0000] {processor.py:183} INFO - Processing /home/airflow/.local/lib/python3.8/site-packages/airflow/example_dags/example_latest_only.py took 0.490 seconds
[2025-11-05T15:39:46.585+0000] {processor.py:161} INFO - Started process (PID=96) to work on /home/airflow/.local/lib/python3.8/site-packages/airflow/example_dags/example_latest_only.py
[2025-11-05T15:39:46.592+0000] {processor.py:830} INFO - Processing file /home/airflow/.local/lib/python3.8/site-packages/airflow/example_dags/example_latest_only.py for tasks to queue
[2025-11-05T15:39:46.598+0000] {logging_mixin.py:188} INFO - [2025-11-05T15:39:46.597+0000] {dagbag.py:538} INFO - Filling up the DagBag from /home/airflow/.local/lib/python3.8/site-packages/airflow/example_dags/example_latest_only.py
[2025-11-05T15:39:46.625+0000] {processor.py:840} INFO - DAG(s) 'latest_only' retrieved from /home/airflow/.local/lib/python3.8/site-packages/airflow/example_dags/example_latest_only.py
[2025-11-05T15:39:47.210+0000] {logging_mixin.py:188} INFO - [2025-11-05T15:39:47.209+0000] {dag.py:3036} INFO - Sync 1 DAGs
[2025-11-05T15:39:47.350+0000] {logging_mixin.py:188} INFO - [2025-11-05T15:39:47.347+0000] {dag.py:3823} INFO - Setting next_dagrun for latest_only to 2025-11-05 08:00:00+00:00, run_after=2025-11-05 12:00:00+00:00
[2025-11-05T15:39:47.457+0000] {processor.py:183} INFO - Processing /home/airflow/.local/lib/python3.8/site-packages/airflow/example_dags/example_latest_only.py took 0.889 seconds
[2025-11-05T15:40:17.614+0000] {processor.py:161} INFO - Started process (PID=150) to work on /home/airflow/.local/lib/python3.8/site-packages/airflow/example_dags/example_latest_only.py
[2025-11-05T15:40:17.616+0000] {processor.py:830} INFO - Processing file /home/airflow/.local/lib/python3.8/site-packages/airflow/example_dags/example_latest_only.py for tasks to queue
[2025-11-05T15:40:17.620+0000] {logging_mixin.py:188} INFO - [2025-11-05T15:40:17.619+0000] {dagbag.py:538} INFO - Filling up the DagBag from /home/airflow/.local/lib/python3.8/site-packages/airflow/example_dags/example_latest_only.py
[2025-11-05T15:40:17.631+0000] {processor.py:840} INFO - DAG(s) 'latest_only' retrieved from /home/airflow/.local/lib/python3.8/site-packages/airflow/example_dags/example_latest_only.py
[2025-11-05T15:40:17.685+0000] {logging_mixin.py:188} INFO - [2025-11-05T15:40:17.685+0000] {dag.py:3036} INFO - Sync 1 DAGs
[2025-11-05T15:40:17.755+0000] {logging_mixin.py:188} INFO - [2025-11-05T15:40:17.754+0000] {dag.py:3823} INFO - Setting next_dagrun for latest_only to 2025-11-05 08:00:00+00:00, run_after=2025-11-05 12:00:00+00:00
[2025-11-05T15:40:17.849+0000] {processor.py:183} INFO - Processing /home/airflow/.local/lib/python3.8/site-packages/airflow/example_dags/example_latest_only.py took 0.244 seconds
[2025-11-05T15:40:48.344+0000] {processor.py:161} INFO - Started process (PID=205) to work on /home/airflow/.local/lib/python3.8/site-packages/airflow/example_dags/example_latest_only.py
[2025-11-05T15:40:48.345+0000] {processor.py:830} INFO - Processing file /home/airflow/.local/lib/python3.8/site-packages/airflow/example_dags/example_latest_only.py for tasks to queue
[2025-11-05T15:40:48.347+0000] {logging_mixin.py:188} INFO - [2025-11-05T15:40:48.347+0000] {dagbag.py:538} INFO - Filling up the DagBag from /home/airflow/.local/lib/python3.8/site-packages/airflow/example_dags/example_latest_only.py
[2025-11-05T15:40:48.354+0000] {processor.py:840} INFO - DAG(s) 'latest_only' retrieved from /home/airflow/.local/lib/python3.8/site-packages/airflow/example_dags/example_latest_only.py
[2025-11-05T15:40:48.380+0000] {logging_mixin.py:188} INFO - [2025-11-05T15:40:48.379+0000] {dag.py:3036} INFO - Sync 1 DAGs
[2025-11-05T15:40:48.408+0000] {logging_mixin.py:188} INFO - [2025-11-05T15:40:48.408+0000] {dag.py:3823} INFO - Setting next_dagrun for latest_only to 2025-11-05 08:00:00+00:00, run_after=2025-11-05 12:00:00+00:00
[2025-11-05T15:40:48.441+0000] {processor.py:183} INFO - Processing /home/airflow/.local/lib/python3.8/site-packages/airflow/example_dags/example_latest_only.py took 0.101 seconds
[2025-11-05T15:41:19.046+0000] {processor.py:161} INFO - Started process (PID=260) to work on /home/airflow/.local/lib/python3.8/site-packages/airflow/example_dags/example_latest_only.py
[2025-11-05T15:41:19.052+0000] {processor.py:830} INFO - Processing file /home/airflow/.local/lib/python3.8/site-packages/airflow/example_dags/example_latest_only.py for tasks to queue
[2025-11-05T15:41:19.058+0000] {logging_mixin.py:188} INFO - [2025-11-05T15:41:19.057+0000] {dagbag.py:538} INFO - Filling up the DagBag from /home/airflow/.local/lib/python3.8/site-packages/airflow/example_dags/example_latest_only.py
[2025-11-05T15:41:19.078+0000] {processor.py:840} INFO - DAG(s) 'latest_only' retrieved from /home/airflow/.local/lib/python3.8/site-packages/airflow/example_dags/example_latest_only.py
[2025-11-05T15:41:19.157+0000] {logging_mixin.py:188} INFO - [2025-11-05T15:41:19.157+0000] {dag.py:3036} INFO - Sync 1 DAGs
[2025-11-05T15:41:19.260+0000] {logging_mixin.py:188} INFO - [2025-11-05T15:41:19.260+0000] {dag.py:3823} INFO - Setting next_dagrun for latest_only to 2025-11-05 08:00:00+00:00, run_after=2025-11-05 12:00:00+00:00
[2025-11-05T15:41:19.340+0000] {processor.py:183} INFO - Processing /home/airflow/.local/lib/python3.8/site-packages/airflow/example_dags/example_latest_only.py took 0.305 seconds
[2025-11-05T15:41:50.028+0000] {processor.py:161} INFO - Started process (PID=316) to work on /home/airflow/.local/lib/python3.8/site-packages/airflow/example_dags/example_latest_only.py
[2025-11-05T15:41:50.042+0000] {processor.py:830} INFO - Processing file /home/airflow/.local/lib/python3.8/site-packages/airflow/example_dags/example_latest_only.py for tasks to queue
[2025-11-05T15:41:50.060+0000] {logging_mixin.py:188} INFO - [2025-11-05T15:41:50.059+0000] {dagbag.py:538} INFO - Filling up the DagBag from /home/airflow/.local/lib/python3.8/site-packages/airflow/example_dags/example_latest_only.py
[2025-11-05T15:41:50.108+0000] {processor.py:840} INFO - DAG(s) 'latest_only' retrieved from /home/airflow/.local/lib/python3.8/site-packages/airflow/example_dags/example_latest_only.py
[2025-11-05T15:41:50.300+0000] {logging_mixin.py:188} INFO - [2025-11-05T15:41:50.299+0000] {dag.py:3036} INFO - Sync 1 DAGs
[2025-11-05T15:41:50.505+0000] {logging_mixin.py:188} INFO - [2025-11-05T15:41:50.505+0000] {dag.py:3823} INFO - Setting next_dagrun for latest_only to 2025-11-05 08:00:00+00:00, run_after=2025-11-05 12:00:00+00:00
[2025-11-05T15:41:50.641+0000] {processor.py:183} INFO - Processing /home/airflow/.local/lib/python3.8/site-packages/airflow/example_dags/example_latest_only.py took 0.632 seconds
[2025-11-05T15:42:21.355+0000] {processor.py:161} INFO - Started process (PID=370) to work on /home/airflow/.local/lib/python3.8/site-packages/airflow/example_dags/example_latest_only.py
[2025-11-05T15:42:21.357+0000] {processor.py:830} INFO - Processing file /home/airflow/.local/lib/python3.8/site-packages/airflow/example_dags/example_latest_only.py for tasks to queue
[2025-11-05T15:42:21.361+0000] {logging_mixin.py:188} INFO - [2025-11-05T15:42:21.361+0000] {dagbag.py:538} INFO - Filling up the DagBag from /home/airflow/.local/lib/python3.8/site-packages/airflow/example_dags/example_latest_only.py
[2025-11-05T15:42:21.373+0000] {processor.py:840} INFO - DAG(s) 'latest_only' retrieved from /home/airflow/.local/lib/python3.8/site-packages/airflow/example_dags/example_latest_only.py
[2025-11-05T15:42:21.459+0000] {logging_mixin.py:188} INFO - [2025-11-05T15:42:21.448+0000] {dag.py:3036} INFO - Sync 1 DAGs
[2025-11-05T15:42:21.630+0000] {logging_mixin.py:188} INFO - [2025-11-05T15:42:21.623+0000] {dag.py:3823} INFO - Setting next_dagrun for latest_only to 2025-11-05 08:00:00+00:00, run_after=2025-11-05 12:00:00+00:00
[2025-11-05T15:42:21.801+0000] {processor.py:183} INFO - Processing /home/airflow/.local/lib/python3.8/site-packages/airflow/example_dags/example_latest_only.py took 0.452 seconds
[2025-11-05T15:42:52.323+0000] {processor.py:161} INFO - Started process (PID=432) to work on /home/airflow/.local/lib/python3.8/site-packages/airflow/example_dags/example_latest_only.py
[2025-11-05T15:42:52.332+0000] {processor.py:830} INFO - Processing file /home/airflow/.local/lib/python3.8/site-packages/airflow/example_dags/example_latest_only.py for tasks to queue
[2025-11-05T15:42:52.339+0000] {logging_mixin.py:188} INFO - [2025-11-05T15:42:52.338+0000] {dagbag.py:538} INFO - Filling up the DagBag from /home/airflow/.local/lib/python3.8/site-packages/airflow/example_dags/example_latest_only.py
[2025-11-05T15:42:52.377+0000] {processor.py:840} INFO - DAG(s) 'latest_only' retrieved from /home/airflow/.local/lib/python3.8/site-packages/airflow/example_dags/example_latest_only.py
[2025-11-05T15:42:52.507+0000] {logging_mixin.py:188} INFO - [2025-11-05T15:42:52.505+0000] {dag.py:3036} INFO - Sync 1 DAGs
[2025-11-05T15:42:52.614+0000] {logging_mixin.py:188} INFO - [2025-11-05T15:42:52.614+0000] {dag.py:3823} INFO - Setting next_dagrun for latest_only to 2025-11-05 08:00:00+00:00, run_after=2025-11-05 12:00:00+00:00
[2025-11-05T15:42:52.720+0000] {processor.py:183} INFO - Processing /home/airflow/.local/lib/python3.8/site-packages/airflow/example_dags/example_latest_only.py took 0.433 seconds
[2025-11-05T15:43:23.404+0000] {processor.py:161} INFO - Started process (PID=487) to work on /home/airflow/.local/lib/python3.8/site-packages/airflow/example_dags/example_latest_only.py
[2025-11-05T15:43:23.405+0000] {processor.py:830} INFO - Processing file /home/airflow/.local/lib/python3.8/site-packages/airflow/example_dags/example_latest_only.py for tasks to queue
[2025-11-05T15:43:23.408+0000] {logging_mixin.py:188} INFO - [2025-11-05T15:43:23.408+0000] {dagbag.py:538} INFO - Filling up the DagBag from /home/airflow/.local/lib/python3.8/site-packages/airflow/example_dags/example_latest_only.py
[2025-11-05T15:43:23.415+0000] {processor.py:840} INFO - DAG(s) 'latest_only' retrieved from /home/airflow/.local/lib/python3.8/site-packages/airflow/example_dags/example_latest_only.py
[2025-11-05T15:43:23.442+0000] {logging_mixin.py:188} INFO - [2025-11-05T15:43:23.442+0000] {dag.py:3036} INFO - Sync 1 DAGs
[2025-11-05T15:43:23.470+0000] {logging_mixin.py:188} INFO - [2025-11-05T15:43:23.470+0000] {dag.py:3823} INFO - Setting next_dagrun for latest_only to 2025-11-05 08:00:00+00:00, run_after=2025-11-05 12:00:00+00:00
[2025-11-05T15:43:23.499+0000] {processor.py:183} INFO - Processing /home/airflow/.local/lib/python3.8/site-packages/airflow/example_dags/example_latest_only.py took 0.099 seconds
[2025-11-05T15:43:53.668+0000] {processor.py:161} INFO - Started process (PID=542) to work on /home/airflow/.local/lib/python3.8/site-packages/airflow/example_dags/example_latest_only.py
[2025-11-05T15:43:53.673+0000] {processor.py:830} INFO - Processing file /home/airflow/.local/lib/python3.8/site-packages/airflow/example_dags/example_latest_only.py for tasks to queue
[2025-11-05T15:43:53.682+0000] {logging_mixin.py:188} INFO - [2025-11-05T15:43:53.680+0000] {dagbag.py:538} INFO - Filling up the DagBag from /home/airflow/.local/lib/python3.8/site-packages/airflow/example_dags/example_latest_only.py
[2025-11-05T15:43:53.710+0000] {processor.py:840} INFO - DAG(s) 'latest_only' retrieved from /home/airflow/.local/lib/python3.8/site-packages/airflow/example_dags/example_latest_only.py
[2025-11-05T15:43:53.802+0000] {logging_mixin.py:188} INFO - [2025-11-05T15:43:53.802+0000] {dag.py:3036} INFO - Sync 1 DAGs
[2025-11-05T15:43:53.919+0000] {logging_mixin.py:188} INFO - [2025-11-05T15:43:53.918+0000] {dag.py:3823} INFO - Setting next_dagrun for latest_only to 2025-11-05 08:00:00+00:00, run_after=2025-11-05 12:00:00+00:00
[2025-11-05T15:43:53.996+0000] {processor.py:183} INFO - Processing /home/airflow/.local/lib/python3.8/site-packages/airflow/example_dags/example_latest_only.py took 0.338 seconds
[2025-11-05T15:44:24.244+0000] {processor.py:161} INFO - Started process (PID=596) to work on /home/airflow/.local/lib/python3.8/site-packages/airflow/example_dags/example_latest_only.py
[2025-11-05T15:44:24.260+0000] {processor.py:830} INFO - Processing file /home/airflow/.local/lib/python3.8/site-packages/airflow/example_dags/example_latest_only.py for tasks to queue
[2025-11-05T15:44:24.272+0000] {logging_mixin.py:188} INFO - [2025-11-05T15:44:24.271+0000] {dagbag.py:538} INFO - Filling up the DagBag from /home/airflow/.local/lib/python3.8/site-packages/airflow/example_dags/example_latest_only.py
[2025-11-05T15:44:24.337+0000] {processor.py:840} INFO - DAG(s) 'latest_only' retrieved from /home/airflow/.local/lib/python3.8/site-packages/airflow/example_dags/example_latest_only.py
[2025-11-05T15:44:24.481+0000] {logging_mixin.py:188} INFO - [2025-11-05T15:44:24.481+0000] {dag.py:3036} INFO - Sync 1 DAGs
[2025-11-05T15:44:24.616+0000] {logging_mixin.py:188} INFO - [2025-11-05T15:44:24.615+0000] {dag.py:3823} INFO - Setting next_dagrun for latest_only to 2025-11-05 08:00:00+00:00, run_after=2025-11-05 12:00:00+00:00
[2025-11-05T15:44:24.721+0000] {processor.py:183} INFO - Processing /home/airflow/.local/lib/python3.8/site-packages/airflow/example_dags/example_latest_only.py took 0.501 seconds
