[2025-11-05T15:35:54.287+0000] {processor.py:161} INFO - Started process (PID=110) to work on /home/airflow/.local/lib/python3.8/site-packages/airflow/example_dags/example_branch_labels.py
[2025-11-05T15:35:54.290+0000] {processor.py:830} INFO - Processing file /home/airflow/.local/lib/python3.8/site-packages/airflow/example_dags/example_branch_labels.py for tasks to queue
[2025-11-05T15:35:54.297+0000] {logging_mixin.py:188} INFO - [2025-11-05T15:35:54.295+0000] {dagbag.py:538} INFO - Filling up the DagBag from /home/airflow/.local/lib/python3.8/site-packages/airflow/example_dags/example_branch_labels.py
[2025-11-05T15:35:54.326+0000] {processor.py:840} INFO - DAG(s) 'example_branch_labels' retrieved from /home/airflow/.local/lib/python3.8/site-packages/airflow/example_dags/example_branch_labels.py
[2025-11-05T15:35:54.651+0000] {logging_mixin.py:188} INFO - [2025-11-05T15:35:54.650+0000] {dag.py:3036} INFO - Sync 1 DAGs
[2025-11-05T15:35:54.723+0000] {logging_mixin.py:188} INFO - [2025-11-05T15:35:54.722+0000] {dag.py:3823} INFO - Setting next_dagrun for example_branch_labels to 2025-11-04 00:00:00+00:00, run_after=2025-11-05 00:00:00+00:00
[2025-11-05T15:35:54.784+0000] {processor.py:183} INFO - Processing /home/airflow/.local/lib/python3.8/site-packages/airflow/example_dags/example_branch_labels.py took 0.513 seconds
[2025-11-05T15:36:25.051+0000] {processor.py:161} INFO - Started process (PID=165) to work on /home/airflow/.local/lib/python3.8/site-packages/airflow/example_dags/example_branch_labels.py
[2025-11-05T15:36:25.054+0000] {processor.py:830} INFO - Processing file /home/airflow/.local/lib/python3.8/site-packages/airflow/example_dags/example_branch_labels.py for tasks to queue
[2025-11-05T15:36:25.059+0000] {logging_mixin.py:188} INFO - [2025-11-05T15:36:25.059+0000] {dagbag.py:538} INFO - Filling up the DagBag from /home/airflow/.local/lib/python3.8/site-packages/airflow/example_dags/example_branch_labels.py
[2025-11-05T15:36:25.083+0000] {processor.py:840} INFO - DAG(s) 'example_branch_labels' retrieved from /home/airflow/.local/lib/python3.8/site-packages/airflow/example_dags/example_branch_labels.py
[2025-11-05T15:36:25.166+0000] {logging_mixin.py:188} INFO - [2025-11-05T15:36:25.166+0000] {dag.py:3036} INFO - Sync 1 DAGs
[2025-11-05T15:36:25.323+0000] {logging_mixin.py:188} INFO - [2025-11-05T15:36:25.321+0000] {dag.py:3823} INFO - Setting next_dagrun for example_branch_labels to 2025-11-04 00:00:00+00:00, run_after=2025-11-05 00:00:00+00:00
[2025-11-05T15:36:25.448+0000] {processor.py:183} INFO - Processing /home/airflow/.local/lib/python3.8/site-packages/airflow/example_dags/example_branch_labels.py took 0.406 seconds
[2025-11-05T15:36:58.639+0000] {processor.py:161} INFO - Started process (PID=220) to work on /home/airflow/.local/lib/python3.8/site-packages/airflow/example_dags/example_branch_labels.py
[2025-11-05T15:36:58.661+0000] {processor.py:830} INFO - Processing file /home/airflow/.local/lib/python3.8/site-packages/airflow/example_dags/example_branch_labels.py for tasks to queue
[2025-11-05T15:36:58.679+0000] {logging_mixin.py:188} INFO - [2025-11-05T15:36:58.668+0000] {dagbag.py:538} INFO - Filling up the DagBag from /home/airflow/.local/lib/python3.8/site-packages/airflow/example_dags/example_branch_labels.py
[2025-11-05T15:36:58.730+0000] {processor.py:840} INFO - DAG(s) 'example_branch_labels' retrieved from /home/airflow/.local/lib/python3.8/site-packages/airflow/example_dags/example_branch_labels.py
[2025-11-05T15:36:58.873+0000] {logging_mixin.py:188} INFO - [2025-11-05T15:36:58.872+0000] {dag.py:3036} INFO - Sync 1 DAGs
[2025-11-05T15:36:59.019+0000] {logging_mixin.py:188} INFO - [2025-11-05T15:36:59.018+0000] {dag.py:3823} INFO - Setting next_dagrun for example_branch_labels to 2025-11-04 00:00:00+00:00, run_after=2025-11-05 00:00:00+00:00
[2025-11-05T15:36:59.142+0000] {processor.py:183} INFO - Processing /home/airflow/.local/lib/python3.8/site-packages/airflow/example_dags/example_branch_labels.py took 0.522 seconds
[2025-11-05T15:37:29.974+0000] {processor.py:161} INFO - Started process (PID=275) to work on /home/airflow/.local/lib/python3.8/site-packages/airflow/example_dags/example_branch_labels.py
[2025-11-05T15:37:29.987+0000] {processor.py:830} INFO - Processing file /home/airflow/.local/lib/python3.8/site-packages/airflow/example_dags/example_branch_labels.py for tasks to queue
[2025-11-05T15:37:29.999+0000] {logging_mixin.py:188} INFO - [2025-11-05T15:37:29.997+0000] {dagbag.py:538} INFO - Filling up the DagBag from /home/airflow/.local/lib/python3.8/site-packages/airflow/example_dags/example_branch_labels.py
[2025-11-05T15:37:30.042+0000] {processor.py:840} INFO - DAG(s) 'example_branch_labels' retrieved from /home/airflow/.local/lib/python3.8/site-packages/airflow/example_dags/example_branch_labels.py
[2025-11-05T15:37:30.212+0000] {logging_mixin.py:188} INFO - [2025-11-05T15:37:30.211+0000] {dag.py:3036} INFO - Sync 1 DAGs
[2025-11-05T15:37:30.372+0000] {logging_mixin.py:188} INFO - [2025-11-05T15:37:30.371+0000] {dag.py:3823} INFO - Setting next_dagrun for example_branch_labels to 2025-11-04 00:00:00+00:00, run_after=2025-11-05 00:00:00+00:00
[2025-11-05T15:37:30.525+0000] {processor.py:183} INFO - Processing /home/airflow/.local/lib/python3.8/site-packages/airflow/example_dags/example_branch_labels.py took 0.574 seconds
[2025-11-05T15:39:59.312+0000] {processor.py:161} INFO - Started process (PID=112) to work on /home/airflow/.local/lib/python3.8/site-packages/airflow/example_dags/example_branch_labels.py
[2025-11-05T15:39:59.326+0000] {processor.py:830} INFO - Processing file /home/airflow/.local/lib/python3.8/site-packages/airflow/example_dags/example_branch_labels.py for tasks to queue
[2025-11-05T15:39:59.335+0000] {logging_mixin.py:188} INFO - [2025-11-05T15:39:59.334+0000] {dagbag.py:538} INFO - Filling up the DagBag from /home/airflow/.local/lib/python3.8/site-packages/airflow/example_dags/example_branch_labels.py
[2025-11-05T15:39:59.392+0000] {processor.py:840} INFO - DAG(s) 'example_branch_labels' retrieved from /home/airflow/.local/lib/python3.8/site-packages/airflow/example_dags/example_branch_labels.py
[2025-11-05T15:40:00.139+0000] {logging_mixin.py:188} INFO - [2025-11-05T15:40:00.138+0000] {dag.py:3036} INFO - Sync 1 DAGs
[2025-11-05T15:40:00.304+0000] {logging_mixin.py:188} INFO - [2025-11-05T15:40:00.303+0000] {dag.py:3823} INFO - Setting next_dagrun for example_branch_labels to 2025-11-04 00:00:00+00:00, run_after=2025-11-05 00:00:00+00:00
[2025-11-05T15:40:00.449+0000] {processor.py:183} INFO - Processing /home/airflow/.local/lib/python3.8/site-packages/airflow/example_dags/example_branch_labels.py took 1.158 seconds
[2025-11-05T15:40:31.520+0000] {processor.py:161} INFO - Started process (PID=166) to work on /home/airflow/.local/lib/python3.8/site-packages/airflow/example_dags/example_branch_labels.py
[2025-11-05T15:40:31.530+0000] {processor.py:830} INFO - Processing file /home/airflow/.local/lib/python3.8/site-packages/airflow/example_dags/example_branch_labels.py for tasks to queue
[2025-11-05T15:40:31.536+0000] {logging_mixin.py:188} INFO - [2025-11-05T15:40:31.535+0000] {dagbag.py:538} INFO - Filling up the DagBag from /home/airflow/.local/lib/python3.8/site-packages/airflow/example_dags/example_branch_labels.py
[2025-11-05T15:40:31.584+0000] {processor.py:840} INFO - DAG(s) 'example_branch_labels' retrieved from /home/airflow/.local/lib/python3.8/site-packages/airflow/example_dags/example_branch_labels.py
[2025-11-05T15:40:31.683+0000] {logging_mixin.py:188} INFO - [2025-11-05T15:40:31.683+0000] {dag.py:3036} INFO - Sync 1 DAGs
[2025-11-05T15:40:31.830+0000] {logging_mixin.py:188} INFO - [2025-11-05T15:40:31.829+0000] {dag.py:3823} INFO - Setting next_dagrun for example_branch_labels to 2025-11-04 00:00:00+00:00, run_after=2025-11-05 00:00:00+00:00
[2025-11-05T15:40:31.938+0000] {processor.py:183} INFO - Processing /home/airflow/.local/lib/python3.8/site-packages/airflow/example_dags/example_branch_labels.py took 0.426 seconds
[2025-11-05T15:41:02.084+0000] {processor.py:161} INFO - Started process (PID=221) to work on /home/airflow/.local/lib/python3.8/site-packages/airflow/example_dags/example_branch_labels.py
[2025-11-05T15:41:02.086+0000] {processor.py:830} INFO - Processing file /home/airflow/.local/lib/python3.8/site-packages/airflow/example_dags/example_branch_labels.py for tasks to queue
[2025-11-05T15:41:02.090+0000] {logging_mixin.py:188} INFO - [2025-11-05T15:41:02.090+0000] {dagbag.py:538} INFO - Filling up the DagBag from /home/airflow/.local/lib/python3.8/site-packages/airflow/example_dags/example_branch_labels.py
[2025-11-05T15:41:02.108+0000] {processor.py:840} INFO - DAG(s) 'example_branch_labels' retrieved from /home/airflow/.local/lib/python3.8/site-packages/airflow/example_dags/example_branch_labels.py
[2025-11-05T15:41:02.170+0000] {logging_mixin.py:188} INFO - [2025-11-05T15:41:02.169+0000] {dag.py:3036} INFO - Sync 1 DAGs
[2025-11-05T15:41:02.223+0000] {logging_mixin.py:188} INFO - [2025-11-05T15:41:02.222+0000] {dag.py:3823} INFO - Setting next_dagrun for example_branch_labels to 2025-11-04 00:00:00+00:00, run_after=2025-11-05 00:00:00+00:00
[2025-11-05T15:41:02.266+0000] {processor.py:183} INFO - Processing /home/airflow/.local/lib/python3.8/site-packages/airflow/example_dags/example_branch_labels.py took 0.193 seconds
[2025-11-05T15:41:32.763+0000] {processor.py:161} INFO - Started process (PID=276) to work on /home/airflow/.local/lib/python3.8/site-packages/airflow/example_dags/example_branch_labels.py
[2025-11-05T15:41:32.767+0000] {processor.py:830} INFO - Processing file /home/airflow/.local/lib/python3.8/site-packages/airflow/example_dags/example_branch_labels.py for tasks to queue
[2025-11-05T15:41:32.773+0000] {logging_mixin.py:188} INFO - [2025-11-05T15:41:32.772+0000] {dagbag.py:538} INFO - Filling up the DagBag from /home/airflow/.local/lib/python3.8/site-packages/airflow/example_dags/example_branch_labels.py
[2025-11-05T15:41:32.796+0000] {processor.py:840} INFO - DAG(s) 'example_branch_labels' retrieved from /home/airflow/.local/lib/python3.8/site-packages/airflow/example_dags/example_branch_labels.py
[2025-11-05T15:41:32.856+0000] {logging_mixin.py:188} INFO - [2025-11-05T15:41:32.855+0000] {dag.py:3036} INFO - Sync 1 DAGs
[2025-11-05T15:41:32.924+0000] {logging_mixin.py:188} INFO - [2025-11-05T15:41:32.924+0000] {dag.py:3823} INFO - Setting next_dagrun for example_branch_labels to 2025-11-04 00:00:00+00:00, run_after=2025-11-05 00:00:00+00:00
[2025-11-05T15:41:32.983+0000] {processor.py:183} INFO - Processing /home/airflow/.local/lib/python3.8/site-packages/airflow/example_dags/example_branch_labels.py took 0.228 seconds
[2025-11-05T15:42:03.611+0000] {processor.py:161} INFO - Started process (PID=332) to work on /home/airflow/.local/lib/python3.8/site-packages/airflow/example_dags/example_branch_labels.py
[2025-11-05T15:42:03.621+0000] {processor.py:830} INFO - Processing file /home/airflow/.local/lib/python3.8/site-packages/airflow/example_dags/example_branch_labels.py for tasks to queue
[2025-11-05T15:42:03.627+0000] {logging_mixin.py:188} INFO - [2025-11-05T15:42:03.627+0000] {dagbag.py:538} INFO - Filling up the DagBag from /home/airflow/.local/lib/python3.8/site-packages/airflow/example_dags/example_branch_labels.py
[2025-11-05T15:42:03.660+0000] {processor.py:840} INFO - DAG(s) 'example_branch_labels' retrieved from /home/airflow/.local/lib/python3.8/site-packages/airflow/example_dags/example_branch_labels.py
[2025-11-05T15:42:03.745+0000] {logging_mixin.py:188} INFO - [2025-11-05T15:42:03.744+0000] {dag.py:3036} INFO - Sync 1 DAGs
[2025-11-05T15:42:03.847+0000] {logging_mixin.py:188} INFO - [2025-11-05T15:42:03.845+0000] {dag.py:3823} INFO - Setting next_dagrun for example_branch_labels to 2025-11-04 00:00:00+00:00, run_after=2025-11-05 00:00:00+00:00
[2025-11-05T15:42:03.934+0000] {processor.py:183} INFO - Processing /home/airflow/.local/lib/python3.8/site-packages/airflow/example_dags/example_branch_labels.py took 0.336 seconds
[2025-11-05T15:42:34.289+0000] {processor.py:161} INFO - Started process (PID=386) to work on /home/airflow/.local/lib/python3.8/site-packages/airflow/example_dags/example_branch_labels.py
[2025-11-05T15:42:34.293+0000] {processor.py:830} INFO - Processing file /home/airflow/.local/lib/python3.8/site-packages/airflow/example_dags/example_branch_labels.py for tasks to queue
[2025-11-05T15:42:34.310+0000] {logging_mixin.py:188} INFO - [2025-11-05T15:42:34.309+0000] {dagbag.py:538} INFO - Filling up the DagBag from /home/airflow/.local/lib/python3.8/site-packages/airflow/example_dags/example_branch_labels.py
[2025-11-05T15:42:34.404+0000] {processor.py:840} INFO - DAG(s) 'example_branch_labels' retrieved from /home/airflow/.local/lib/python3.8/site-packages/airflow/example_dags/example_branch_labels.py
[2025-11-05T15:42:34.552+0000] {logging_mixin.py:188} INFO - [2025-11-05T15:42:34.552+0000] {dag.py:3036} INFO - Sync 1 DAGs
[2025-11-05T15:42:34.688+0000] {logging_mixin.py:188} INFO - [2025-11-05T15:42:34.687+0000] {dag.py:3823} INFO - Setting next_dagrun for example_branch_labels to 2025-11-04 00:00:00+00:00, run_after=2025-11-05 00:00:00+00:00
[2025-11-05T15:42:34.777+0000] {processor.py:183} INFO - Processing /home/airflow/.local/lib/python3.8/site-packages/airflow/example_dags/example_branch_labels.py took 0.520 seconds
[2025-11-05T15:43:05.506+0000] {processor.py:161} INFO - Started process (PID=448) to work on /home/airflow/.local/lib/python3.8/site-packages/airflow/example_dags/example_branch_labels.py
[2025-11-05T15:43:05.509+0000] {processor.py:830} INFO - Processing file /home/airflow/.local/lib/python3.8/site-packages/airflow/example_dags/example_branch_labels.py for tasks to queue
[2025-11-05T15:43:05.514+0000] {logging_mixin.py:188} INFO - [2025-11-05T15:43:05.513+0000] {dagbag.py:538} INFO - Filling up the DagBag from /home/airflow/.local/lib/python3.8/site-packages/airflow/example_dags/example_branch_labels.py
[2025-11-05T15:43:05.535+0000] {processor.py:840} INFO - DAG(s) 'example_branch_labels' retrieved from /home/airflow/.local/lib/python3.8/site-packages/airflow/example_dags/example_branch_labels.py
[2025-11-05T15:43:05.587+0000] {logging_mixin.py:188} INFO - [2025-11-05T15:43:05.587+0000] {dag.py:3036} INFO - Sync 1 DAGs
[2025-11-05T15:43:05.642+0000] {logging_mixin.py:188} INFO - [2025-11-05T15:43:05.642+0000] {dag.py:3823} INFO - Setting next_dagrun for example_branch_labels to 2025-11-04 00:00:00+00:00, run_after=2025-11-05 00:00:00+00:00
[2025-11-05T15:43:05.688+0000] {processor.py:183} INFO - Processing /home/airflow/.local/lib/python3.8/site-packages/airflow/example_dags/example_branch_labels.py took 0.188 seconds
[2025-11-05T15:43:35.909+0000] {processor.py:161} INFO - Started process (PID=504) to work on /home/airflow/.local/lib/python3.8/site-packages/airflow/example_dags/example_branch_labels.py
[2025-11-05T15:43:35.911+0000] {processor.py:830} INFO - Processing file /home/airflow/.local/lib/python3.8/site-packages/airflow/example_dags/example_branch_labels.py for tasks to queue
[2025-11-05T15:43:35.915+0000] {logging_mixin.py:188} INFO - [2025-11-05T15:43:35.914+0000] {dagbag.py:538} INFO - Filling up the DagBag from /home/airflow/.local/lib/python3.8/site-packages/airflow/example_dags/example_branch_labels.py
[2025-11-05T15:43:35.931+0000] {processor.py:840} INFO - DAG(s) 'example_branch_labels' retrieved from /home/airflow/.local/lib/python3.8/site-packages/airflow/example_dags/example_branch_labels.py
[2025-11-05T15:43:35.966+0000] {logging_mixin.py:188} INFO - [2025-11-05T15:43:35.966+0000] {dag.py:3036} INFO - Sync 1 DAGs
[2025-11-05T15:43:36.003+0000] {logging_mixin.py:188} INFO - [2025-11-05T15:43:36.002+0000] {dag.py:3823} INFO - Setting next_dagrun for example_branch_labels to 2025-11-04 00:00:00+00:00, run_after=2025-11-05 00:00:00+00:00
[2025-11-05T15:43:36.033+0000] {processor.py:183} INFO - Processing /home/airflow/.local/lib/python3.8/site-packages/airflow/example_dags/example_branch_labels.py took 0.131 seconds
[2025-11-05T15:44:06.353+0000] {processor.py:161} INFO - Started process (PID=558) to work on /home/airflow/.local/lib/python3.8/site-packages/airflow/example_dags/example_branch_labels.py
[2025-11-05T15:44:06.356+0000] {processor.py:830} INFO - Processing file /home/airflow/.local/lib/python3.8/site-packages/airflow/example_dags/example_branch_labels.py for tasks to queue
[2025-11-05T15:44:06.359+0000] {logging_mixin.py:188} INFO - [2025-11-05T15:44:06.359+0000] {dagbag.py:538} INFO - Filling up the DagBag from /home/airflow/.local/lib/python3.8/site-packages/airflow/example_dags/example_branch_labels.py
[2025-11-05T15:44:06.379+0000] {processor.py:840} INFO - DAG(s) 'example_branch_labels' retrieved from /home/airflow/.local/lib/python3.8/site-packages/airflow/example_dags/example_branch_labels.py
[2025-11-05T15:44:06.439+0000] {logging_mixin.py:188} INFO - [2025-11-05T15:44:06.439+0000] {dag.py:3036} INFO - Sync 1 DAGs
[2025-11-05T15:44:06.499+0000] {logging_mixin.py:188} INFO - [2025-11-05T15:44:06.499+0000] {dag.py:3823} INFO - Setting next_dagrun for example_branch_labels to 2025-11-04 00:00:00+00:00, run_after=2025-11-05 00:00:00+00:00
[2025-11-05T15:44:06.555+0000] {processor.py:183} INFO - Processing /home/airflow/.local/lib/python3.8/site-packages/airflow/example_dags/example_branch_labels.py took 0.210 seconds
[2025-11-05T15:44:36.904+0000] {processor.py:161} INFO - Started process (PID=613) to work on /home/airflow/.local/lib/python3.8/site-packages/airflow/example_dags/example_branch_labels.py
[2025-11-05T15:44:36.909+0000] {processor.py:830} INFO - Processing file /home/airflow/.local/lib/python3.8/site-packages/airflow/example_dags/example_branch_labels.py for tasks to queue
[2025-11-05T15:44:36.915+0000] {logging_mixin.py:188} INFO - [2025-11-05T15:44:36.914+0000] {dagbag.py:538} INFO - Filling up the DagBag from /home/airflow/.local/lib/python3.8/site-packages/airflow/example_dags/example_branch_labels.py
[2025-11-05T15:44:36.970+0000] {processor.py:840} INFO - DAG(s) 'example_branch_labels' retrieved from /home/airflow/.local/lib/python3.8/site-packages/airflow/example_dags/example_branch_labels.py
[2025-11-05T15:44:37.165+0000] {logging_mixin.py:188} INFO - [2025-11-05T15:44:37.165+0000] {dag.py:3036} INFO - Sync 1 DAGs
[2025-11-05T15:44:37.315+0000] {logging_mixin.py:188} INFO - [2025-11-05T15:44:37.314+0000] {dag.py:3823} INFO - Setting next_dagrun for example_branch_labels to 2025-11-04 00:00:00+00:00, run_after=2025-11-05 00:00:00+00:00
[2025-11-05T15:44:37.438+0000] {processor.py:183} INFO - Processing /home/airflow/.local/lib/python3.8/site-packages/airflow/example_dags/example_branch_labels.py took 0.565 seconds
