[2025-11-05T15:35:54.861+0000] {processor.py:161} INFO - Started process (PID=112) to work on /home/airflow/.local/lib/python3.8/site-packages/airflow/example_dags/example_sla_dag.py
[2025-11-05T15:35:54.864+0000] {processor.py:830} INFO - Processing file /home/airflow/.local/lib/python3.8/site-packages/airflow/example_dags/example_sla_dag.py for tasks to queue
[2025-11-05T15:35:54.868+0000] {logging_mixin.py:188} INFO - [2025-11-05T15:35:54.868+0000] {dagbag.py:538} INFO - Filling up the DagBag from /home/airflow/.local/lib/python3.8/site-packages/airflow/example_dags/example_sla_dag.py
[2025-11-05T15:35:54.894+0000] {processor.py:840} INFO - DAG(s) 'example_sla_dag' retrieved from /home/airflow/.local/lib/python3.8/site-packages/airflow/example_dags/example_sla_dag.py
[2025-11-05T15:35:55.158+0000] {logging_mixin.py:188} INFO - [2025-11-05T15:35:55.158+0000] {dag.py:3036} INFO - Sync 1 DAGs
[2025-11-05T15:35:55.231+0000] {logging_mixin.py:188} INFO - [2025-11-05T15:35:55.231+0000] {dag.py:3823} INFO - Setting next_dagrun for example_sla_dag to 2025-11-05 15:32:00+00:00, run_after=2025-11-05 15:34:00+00:00
[2025-11-05T15:35:55.288+0000] {processor.py:183} INFO - Processing /home/airflow/.local/lib/python3.8/site-packages/airflow/example_dags/example_sla_dag.py took 0.439 seconds
[2025-11-05T15:36:25.608+0000] {processor.py:161} INFO - Started process (PID=167) to work on /home/airflow/.local/lib/python3.8/site-packages/airflow/example_dags/example_sla_dag.py
[2025-11-05T15:36:25.613+0000] {processor.py:830} INFO - Processing file /home/airflow/.local/lib/python3.8/site-packages/airflow/example_dags/example_sla_dag.py for tasks to queue
[2025-11-05T15:36:25.620+0000] {logging_mixin.py:188} INFO - [2025-11-05T15:36:25.619+0000] {dagbag.py:538} INFO - Filling up the DagBag from /home/airflow/.local/lib/python3.8/site-packages/airflow/example_dags/example_sla_dag.py
[2025-11-05T15:36:25.659+0000] {processor.py:840} INFO - DAG(s) 'example_sla_dag' retrieved from /home/airflow/.local/lib/python3.8/site-packages/airflow/example_dags/example_sla_dag.py
[2025-11-05T15:36:25.758+0000] {logging_mixin.py:188} INFO - [2025-11-05T15:36:25.757+0000] {dag.py:3036} INFO - Sync 1 DAGs
[2025-11-05T15:36:25.891+0000] {logging_mixin.py:188} INFO - [2025-11-05T15:36:25.890+0000] {dag.py:3823} INFO - Setting next_dagrun for example_sla_dag to 2025-11-05 15:34:00+00:00, run_after=2025-11-05 15:36:00+00:00
[2025-11-05T15:36:25.961+0000] {processor.py:183} INFO - Processing /home/airflow/.local/lib/python3.8/site-packages/airflow/example_dags/example_sla_dag.py took 0.370 seconds
[2025-11-05T15:36:59.146+0000] {processor.py:161} INFO - Started process (PID=222) to work on /home/airflow/.local/lib/python3.8/site-packages/airflow/example_dags/example_sla_dag.py
[2025-11-05T15:36:59.151+0000] {processor.py:830} INFO - Processing file /home/airflow/.local/lib/python3.8/site-packages/airflow/example_dags/example_sla_dag.py for tasks to queue
[2025-11-05T15:36:59.161+0000] {logging_mixin.py:188} INFO - [2025-11-05T15:36:59.160+0000] {dagbag.py:538} INFO - Filling up the DagBag from /home/airflow/.local/lib/python3.8/site-packages/airflow/example_dags/example_sla_dag.py
[2025-11-05T15:36:59.202+0000] {processor.py:840} INFO - DAG(s) 'example_sla_dag' retrieved from /home/airflow/.local/lib/python3.8/site-packages/airflow/example_dags/example_sla_dag.py
[2025-11-05T15:36:59.280+0000] {logging_mixin.py:188} INFO - [2025-11-05T15:36:59.279+0000] {dag.py:3036} INFO - Sync 1 DAGs
[2025-11-05T15:36:59.462+0000] {logging_mixin.py:188} INFO - [2025-11-05T15:36:59.461+0000] {dag.py:3823} INFO - Setting next_dagrun for example_sla_dag to 2025-11-05 15:34:00+00:00, run_after=2025-11-05 15:36:00+00:00
[2025-11-05T15:36:59.642+0000] {processor.py:183} INFO - Processing /home/airflow/.local/lib/python3.8/site-packages/airflow/example_dags/example_sla_dag.py took 0.516 seconds
[2025-11-05T15:40:00.636+0000] {processor.py:161} INFO - Started process (PID=114) to work on /home/airflow/.local/lib/python3.8/site-packages/airflow/example_dags/example_sla_dag.py
[2025-11-05T15:40:00.643+0000] {processor.py:830} INFO - Processing file /home/airflow/.local/lib/python3.8/site-packages/airflow/example_dags/example_sla_dag.py for tasks to queue
[2025-11-05T15:40:00.661+0000] {logging_mixin.py:188} INFO - [2025-11-05T15:40:00.660+0000] {dagbag.py:538} INFO - Filling up the DagBag from /home/airflow/.local/lib/python3.8/site-packages/airflow/example_dags/example_sla_dag.py
[2025-11-05T15:40:00.719+0000] {processor.py:840} INFO - DAG(s) 'example_sla_dag' retrieved from /home/airflow/.local/lib/python3.8/site-packages/airflow/example_dags/example_sla_dag.py
[2025-11-05T15:40:01.558+0000] {logging_mixin.py:188} INFO - [2025-11-05T15:40:01.557+0000] {dag.py:3036} INFO - Sync 1 DAGs
[2025-11-05T15:40:01.753+0000] {logging_mixin.py:188} INFO - [2025-11-05T15:40:01.753+0000] {dag.py:3823} INFO - Setting next_dagrun for example_sla_dag to 2025-11-05 15:38:00+00:00, run_after=2025-11-05 15:40:00+00:00
[2025-11-05T15:40:01.915+0000] {processor.py:183} INFO - Processing /home/airflow/.local/lib/python3.8/site-packages/airflow/example_dags/example_sla_dag.py took 1.300 seconds
[2025-11-05T15:40:32.086+0000] {processor.py:161} INFO - Started process (PID=168) to work on /home/airflow/.local/lib/python3.8/site-packages/airflow/example_dags/example_sla_dag.py
[2025-11-05T15:40:32.102+0000] {processor.py:830} INFO - Processing file /home/airflow/.local/lib/python3.8/site-packages/airflow/example_dags/example_sla_dag.py for tasks to queue
[2025-11-05T15:40:32.124+0000] {logging_mixin.py:188} INFO - [2025-11-05T15:40:32.123+0000] {dagbag.py:538} INFO - Filling up the DagBag from /home/airflow/.local/lib/python3.8/site-packages/airflow/example_dags/example_sla_dag.py
[2025-11-05T15:40:32.176+0000] {processor.py:840} INFO - DAG(s) 'example_sla_dag' retrieved from /home/airflow/.local/lib/python3.8/site-packages/airflow/example_dags/example_sla_dag.py
[2025-11-05T15:40:32.268+0000] {logging_mixin.py:188} INFO - [2025-11-05T15:40:32.267+0000] {dag.py:3036} INFO - Sync 1 DAGs
[2025-11-05T15:40:32.416+0000] {logging_mixin.py:188} INFO - [2025-11-05T15:40:32.412+0000] {dag.py:3823} INFO - Setting next_dagrun for example_sla_dag to 2025-11-05 15:38:00+00:00, run_after=2025-11-05 15:40:00+00:00
[2025-11-05T15:40:32.522+0000] {processor.py:183} INFO - Processing /home/airflow/.local/lib/python3.8/site-packages/airflow/example_dags/example_sla_dag.py took 0.455 seconds
[2025-11-05T15:41:03.343+0000] {processor.py:161} INFO - Started process (PID=223) to work on /home/airflow/.local/lib/python3.8/site-packages/airflow/example_dags/example_sla_dag.py
[2025-11-05T15:41:03.345+0000] {processor.py:830} INFO - Processing file /home/airflow/.local/lib/python3.8/site-packages/airflow/example_dags/example_sla_dag.py for tasks to queue
[2025-11-05T15:41:03.349+0000] {logging_mixin.py:188} INFO - [2025-11-05T15:41:03.349+0000] {dagbag.py:538} INFO - Filling up the DagBag from /home/airflow/.local/lib/python3.8/site-packages/airflow/example_dags/example_sla_dag.py
[2025-11-05T15:41:03.365+0000] {processor.py:840} INFO - DAG(s) 'example_sla_dag' retrieved from /home/airflow/.local/lib/python3.8/site-packages/airflow/example_dags/example_sla_dag.py
[2025-11-05T15:41:03.401+0000] {logging_mixin.py:188} INFO - [2025-11-05T15:41:03.400+0000] {dag.py:3036} INFO - Sync 1 DAGs
[2025-11-05T15:41:03.441+0000] {logging_mixin.py:188} INFO - [2025-11-05T15:41:03.441+0000] {dag.py:3823} INFO - Setting next_dagrun for example_sla_dag to 2025-11-05 15:38:00+00:00, run_after=2025-11-05 15:40:00+00:00
[2025-11-05T15:41:03.474+0000] {processor.py:183} INFO - Processing /home/airflow/.local/lib/python3.8/site-packages/airflow/example_dags/example_sla_dag.py took 0.139 seconds
[2025-11-05T15:41:34.021+0000] {processor.py:161} INFO - Started process (PID=278) to work on /home/airflow/.local/lib/python3.8/site-packages/airflow/example_dags/example_sla_dag.py
[2025-11-05T15:41:34.024+0000] {processor.py:830} INFO - Processing file /home/airflow/.local/lib/python3.8/site-packages/airflow/example_dags/example_sla_dag.py for tasks to queue
[2025-11-05T15:41:34.028+0000] {logging_mixin.py:188} INFO - [2025-11-05T15:41:34.027+0000] {dagbag.py:538} INFO - Filling up the DagBag from /home/airflow/.local/lib/python3.8/site-packages/airflow/example_dags/example_sla_dag.py
[2025-11-05T15:41:34.045+0000] {processor.py:840} INFO - DAG(s) 'example_sla_dag' retrieved from /home/airflow/.local/lib/python3.8/site-packages/airflow/example_dags/example_sla_dag.py
[2025-11-05T15:41:34.084+0000] {logging_mixin.py:188} INFO - [2025-11-05T15:41:34.083+0000] {dag.py:3036} INFO - Sync 1 DAGs
[2025-11-05T15:41:34.154+0000] {logging_mixin.py:188} INFO - [2025-11-05T15:41:34.153+0000] {dag.py:3823} INFO - Setting next_dagrun for example_sla_dag to 2025-11-05 15:38:00+00:00, run_after=2025-11-05 15:40:00+00:00
[2025-11-05T15:41:34.211+0000] {processor.py:183} INFO - Processing /home/airflow/.local/lib/python3.8/site-packages/airflow/example_dags/example_sla_dag.py took 0.196 seconds
[2025-11-05T15:42:05.021+0000] {processor.py:161} INFO - Started process (PID=334) to work on /home/airflow/.local/lib/python3.8/site-packages/airflow/example_dags/example_sla_dag.py
[2025-11-05T15:42:05.032+0000] {processor.py:830} INFO - Processing file /home/airflow/.local/lib/python3.8/site-packages/airflow/example_dags/example_sla_dag.py for tasks to queue
[2025-11-05T15:42:05.036+0000] {logging_mixin.py:188} INFO - [2025-11-05T15:42:05.035+0000] {dagbag.py:538} INFO - Filling up the DagBag from /home/airflow/.local/lib/python3.8/site-packages/airflow/example_dags/example_sla_dag.py
[2025-11-05T15:42:05.059+0000] {processor.py:840} INFO - DAG(s) 'example_sla_dag' retrieved from /home/airflow/.local/lib/python3.8/site-packages/airflow/example_dags/example_sla_dag.py
[2025-11-05T15:42:05.100+0000] {logging_mixin.py:188} INFO - [2025-11-05T15:42:05.100+0000] {dag.py:3036} INFO - Sync 1 DAGs
[2025-11-05T15:42:05.152+0000] {logging_mixin.py:188} INFO - [2025-11-05T15:42:05.152+0000] {dag.py:3823} INFO - Setting next_dagrun for example_sla_dag to 2025-11-05 15:40:00+00:00, run_after=2025-11-05 15:42:00+00:00
[2025-11-05T15:42:05.186+0000] {processor.py:183} INFO - Processing /home/airflow/.local/lib/python3.8/site-packages/airflow/example_dags/example_sla_dag.py took 0.173 seconds
[2025-11-05T15:42:35.329+0000] {processor.py:161} INFO - Started process (PID=388) to work on /home/airflow/.local/lib/python3.8/site-packages/airflow/example_dags/example_sla_dag.py
[2025-11-05T15:42:35.334+0000] {processor.py:830} INFO - Processing file /home/airflow/.local/lib/python3.8/site-packages/airflow/example_dags/example_sla_dag.py for tasks to queue
[2025-11-05T15:42:35.343+0000] {logging_mixin.py:188} INFO - [2025-11-05T15:42:35.342+0000] {dagbag.py:538} INFO - Filling up the DagBag from /home/airflow/.local/lib/python3.8/site-packages/airflow/example_dags/example_sla_dag.py
[2025-11-05T15:42:35.376+0000] {processor.py:840} INFO - DAG(s) 'example_sla_dag' retrieved from /home/airflow/.local/lib/python3.8/site-packages/airflow/example_dags/example_sla_dag.py
[2025-11-05T15:42:35.439+0000] {logging_mixin.py:188} INFO - [2025-11-05T15:42:35.438+0000] {dag.py:3036} INFO - Sync 1 DAGs
[2025-11-05T15:42:35.521+0000] {logging_mixin.py:188} INFO - [2025-11-05T15:42:35.521+0000] {dag.py:3823} INFO - Setting next_dagrun for example_sla_dag to 2025-11-05 15:40:00+00:00, run_after=2025-11-05 15:42:00+00:00
[2025-11-05T15:42:35.588+0000] {processor.py:183} INFO - Processing /home/airflow/.local/lib/python3.8/site-packages/airflow/example_dags/example_sla_dag.py took 0.276 seconds
[2025-11-05T15:43:05.718+0000] {processor.py:161} INFO - Started process (PID=450) to work on /home/airflow/.local/lib/python3.8/site-packages/airflow/example_dags/example_sla_dag.py
[2025-11-05T15:43:05.720+0000] {processor.py:830} INFO - Processing file /home/airflow/.local/lib/python3.8/site-packages/airflow/example_dags/example_sla_dag.py for tasks to queue
[2025-11-05T15:43:05.724+0000] {logging_mixin.py:188} INFO - [2025-11-05T15:43:05.723+0000] {dagbag.py:538} INFO - Filling up the DagBag from /home/airflow/.local/lib/python3.8/site-packages/airflow/example_dags/example_sla_dag.py
[2025-11-05T15:43:05.742+0000] {processor.py:840} INFO - DAG(s) 'example_sla_dag' retrieved from /home/airflow/.local/lib/python3.8/site-packages/airflow/example_dags/example_sla_dag.py
[2025-11-05T15:43:05.784+0000] {logging_mixin.py:188} INFO - [2025-11-05T15:43:05.784+0000] {dag.py:3036} INFO - Sync 1 DAGs
[2025-11-05T15:43:05.865+0000] {logging_mixin.py:188} INFO - [2025-11-05T15:43:05.864+0000] {dag.py:3823} INFO - Setting next_dagrun for example_sla_dag to 2025-11-05 15:40:00+00:00, run_after=2025-11-05 15:42:00+00:00
[2025-11-05T15:43:05.907+0000] {processor.py:183} INFO - Processing /home/airflow/.local/lib/python3.8/site-packages/airflow/example_dags/example_sla_dag.py took 0.196 seconds
[2025-11-05T15:43:36.091+0000] {processor.py:161} INFO - Started process (PID=505) to work on /home/airflow/.local/lib/python3.8/site-packages/airflow/example_dags/example_sla_dag.py
[2025-11-05T15:43:36.093+0000] {processor.py:830} INFO - Processing file /home/airflow/.local/lib/python3.8/site-packages/airflow/example_dags/example_sla_dag.py for tasks to queue
[2025-11-05T15:43:36.096+0000] {logging_mixin.py:188} INFO - [2025-11-05T15:43:36.096+0000] {dagbag.py:538} INFO - Filling up the DagBag from /home/airflow/.local/lib/python3.8/site-packages/airflow/example_dags/example_sla_dag.py
[2025-11-05T15:43:36.110+0000] {processor.py:840} INFO - DAG(s) 'example_sla_dag' retrieved from /home/airflow/.local/lib/python3.8/site-packages/airflow/example_dags/example_sla_dag.py
[2025-11-05T15:43:36.141+0000] {logging_mixin.py:188} INFO - [2025-11-05T15:43:36.141+0000] {dag.py:3036} INFO - Sync 1 DAGs
[2025-11-05T15:43:36.183+0000] {logging_mixin.py:188} INFO - [2025-11-05T15:43:36.183+0000] {dag.py:3823} INFO - Setting next_dagrun for example_sla_dag to 2025-11-05 15:40:00+00:00, run_after=2025-11-05 15:42:00+00:00
[2025-11-05T15:43:36.224+0000] {processor.py:183} INFO - Processing /home/airflow/.local/lib/python3.8/site-packages/airflow/example_dags/example_sla_dag.py took 0.141 seconds
[2025-11-05T15:44:06.585+0000] {processor.py:161} INFO - Started process (PID=560) to work on /home/airflow/.local/lib/python3.8/site-packages/airflow/example_dags/example_sla_dag.py
[2025-11-05T15:44:06.595+0000] {processor.py:830} INFO - Processing file /home/airflow/.local/lib/python3.8/site-packages/airflow/example_dags/example_sla_dag.py for tasks to queue
[2025-11-05T15:44:06.599+0000] {logging_mixin.py:188} INFO - [2025-11-05T15:44:06.598+0000] {dagbag.py:538} INFO - Filling up the DagBag from /home/airflow/.local/lib/python3.8/site-packages/airflow/example_dags/example_sla_dag.py
[2025-11-05T15:44:06.619+0000] {processor.py:840} INFO - DAG(s) 'example_sla_dag' retrieved from /home/airflow/.local/lib/python3.8/site-packages/airflow/example_dags/example_sla_dag.py
[2025-11-05T15:44:06.665+0000] {logging_mixin.py:188} INFO - [2025-11-05T15:44:06.664+0000] {dag.py:3036} INFO - Sync 1 DAGs
[2025-11-05T15:44:06.735+0000] {logging_mixin.py:188} INFO - [2025-11-05T15:44:06.735+0000] {dag.py:3823} INFO - Setting next_dagrun for example_sla_dag to 2025-11-05 15:42:00+00:00, run_after=2025-11-05 15:44:00+00:00
[2025-11-05T15:44:06.783+0000] {processor.py:183} INFO - Processing /home/airflow/.local/lib/python3.8/site-packages/airflow/example_dags/example_sla_dag.py took 0.210 seconds
[2025-11-05T15:44:37.450+0000] {processor.py:161} INFO - Started process (PID=615) to work on /home/airflow/.local/lib/python3.8/site-packages/airflow/example_dags/example_sla_dag.py
[2025-11-05T15:44:37.453+0000] {processor.py:830} INFO - Processing file /home/airflow/.local/lib/python3.8/site-packages/airflow/example_dags/example_sla_dag.py for tasks to queue
[2025-11-05T15:44:37.467+0000] {logging_mixin.py:188} INFO - [2025-11-05T15:44:37.466+0000] {dagbag.py:538} INFO - Filling up the DagBag from /home/airflow/.local/lib/python3.8/site-packages/airflow/example_dags/example_sla_dag.py
[2025-11-05T15:44:37.529+0000] {processor.py:840} INFO - DAG(s) 'example_sla_dag' retrieved from /home/airflow/.local/lib/python3.8/site-packages/airflow/example_dags/example_sla_dag.py
[2025-11-05T15:44:37.654+0000] {logging_mixin.py:188} INFO - [2025-11-05T15:44:37.653+0000] {dag.py:3036} INFO - Sync 1 DAGs
[2025-11-05T15:44:37.829+0000] {logging_mixin.py:188} INFO - [2025-11-05T15:44:37.827+0000] {dag.py:3823} INFO - Setting next_dagrun for example_sla_dag to 2025-11-05 15:42:00+00:00, run_after=2025-11-05 15:44:00+00:00
[2025-11-05T15:44:37.930+0000] {processor.py:183} INFO - Processing /home/airflow/.local/lib/python3.8/site-packages/airflow/example_dags/example_sla_dag.py took 0.502 seconds
