[2025-11-05T15:35:51.628+0000] {processor.py:161} INFO - Started process (PID=105) to work on /home/airflow/.local/lib/python3.8/site-packages/airflow/example_dags/example_params_trigger_ui.py
[2025-11-05T15:35:51.632+0000] {processor.py:830} INFO - Processing file /home/airflow/.local/lib/python3.8/site-packages/airflow/example_dags/example_params_trigger_ui.py for tasks to queue
[2025-11-05T15:35:51.641+0000] {logging_mixin.py:188} INFO - [2025-11-05T15:35:51.639+0000] {dagbag.py:538} INFO - Filling up the DagBag from /home/airflow/.local/lib/python3.8/site-packages/airflow/example_dags/example_params_trigger_ui.py
[2025-11-05T15:35:51.726+0000] {processor.py:840} INFO - DAG(s) 'example_params_trigger_ui' retrieved from /home/airflow/.local/lib/python3.8/site-packages/airflow/example_dags/example_params_trigger_ui.py
[2025-11-05T15:35:52.784+0000] {logging_mixin.py:188} INFO - [2025-11-05T15:35:52.784+0000] {dag.py:3036} INFO - Sync 1 DAGs
[2025-11-05T15:35:52.855+0000] {logging_mixin.py:188} INFO - [2025-11-05T15:35:52.849+0000] {dag.py:3823} INFO - Setting next_dagrun for example_params_trigger_ui to None, run_after=None
[2025-11-05T15:35:52.943+0000] {processor.py:183} INFO - Processing /home/airflow/.local/lib/python3.8/site-packages/airflow/example_dags/example_params_trigger_ui.py took 1.335 seconds
[2025-11-05T15:36:23.805+0000] {processor.py:161} INFO - Started process (PID=160) to work on /home/airflow/.local/lib/python3.8/site-packages/airflow/example_dags/example_params_trigger_ui.py
[2025-11-05T15:36:23.814+0000] {processor.py:830} INFO - Processing file /home/airflow/.local/lib/python3.8/site-packages/airflow/example_dags/example_params_trigger_ui.py for tasks to queue
[2025-11-05T15:36:23.820+0000] {logging_mixin.py:188} INFO - [2025-11-05T15:36:23.819+0000] {dagbag.py:538} INFO - Filling up the DagBag from /home/airflow/.local/lib/python3.8/site-packages/airflow/example_dags/example_params_trigger_ui.py
[2025-11-05T15:36:23.875+0000] {processor.py:840} INFO - DAG(s) 'example_params_trigger_ui' retrieved from /home/airflow/.local/lib/python3.8/site-packages/airflow/example_dags/example_params_trigger_ui.py
[2025-11-05T15:36:24.293+0000] {logging_mixin.py:188} INFO - [2025-11-05T15:36:24.292+0000] {dag.py:3036} INFO - Sync 1 DAGs
[2025-11-05T15:36:24.435+0000] {logging_mixin.py:188} INFO - [2025-11-05T15:36:24.434+0000] {dag.py:3823} INFO - Setting next_dagrun for example_params_trigger_ui to None, run_after=None
[2025-11-05T15:36:24.587+0000] {processor.py:183} INFO - Processing /home/airflow/.local/lib/python3.8/site-packages/airflow/example_dags/example_params_trigger_ui.py took 0.790 seconds
[2025-11-05T15:36:55.339+0000] {processor.py:161} INFO - Started process (PID=215) to work on /home/airflow/.local/lib/python3.8/site-packages/airflow/example_dags/example_params_trigger_ui.py
[2025-11-05T15:36:55.343+0000] {processor.py:830} INFO - Processing file /home/airflow/.local/lib/python3.8/site-packages/airflow/example_dags/example_params_trigger_ui.py for tasks to queue
[2025-11-05T15:36:55.369+0000] {logging_mixin.py:188} INFO - [2025-11-05T15:36:55.368+0000] {dagbag.py:538} INFO - Filling up the DagBag from /home/airflow/.local/lib/python3.8/site-packages/airflow/example_dags/example_params_trigger_ui.py
[2025-11-05T15:36:55.673+0000] {processor.py:840} INFO - DAG(s) 'example_params_trigger_ui' retrieved from /home/airflow/.local/lib/python3.8/site-packages/airflow/example_dags/example_params_trigger_ui.py
[2025-11-05T15:36:56.328+0000] {logging_mixin.py:188} INFO - [2025-11-05T15:36:56.327+0000] {dag.py:3036} INFO - Sync 1 DAGs
[2025-11-05T15:36:56.642+0000] {logging_mixin.py:188} INFO - [2025-11-05T15:36:56.630+0000] {dag.py:3823} INFO - Setting next_dagrun for example_params_trigger_ui to None, run_after=None
[2025-11-05T15:36:57.011+0000] {processor.py:183} INFO - Processing /home/airflow/.local/lib/python3.8/site-packages/airflow/example_dags/example_params_trigger_ui.py took 1.637 seconds
[2025-11-05T15:37:27.753+0000] {processor.py:161} INFO - Started process (PID=271) to work on /home/airflow/.local/lib/python3.8/site-packages/airflow/example_dags/example_params_trigger_ui.py
[2025-11-05T15:37:27.767+0000] {processor.py:830} INFO - Processing file /home/airflow/.local/lib/python3.8/site-packages/airflow/example_dags/example_params_trigger_ui.py for tasks to queue
[2025-11-05T15:37:27.774+0000] {logging_mixin.py:188} INFO - [2025-11-05T15:37:27.773+0000] {dagbag.py:538} INFO - Filling up the DagBag from /home/airflow/.local/lib/python3.8/site-packages/airflow/example_dags/example_params_trigger_ui.py
[2025-11-05T15:37:27.826+0000] {processor.py:840} INFO - DAG(s) 'example_params_trigger_ui' retrieved from /home/airflow/.local/lib/python3.8/site-packages/airflow/example_dags/example_params_trigger_ui.py
[2025-11-05T15:37:28.073+0000] {logging_mixin.py:188} INFO - [2025-11-05T15:37:28.073+0000] {dag.py:3036} INFO - Sync 1 DAGs
[2025-11-05T15:37:28.158+0000] {logging_mixin.py:188} INFO - [2025-11-05T15:37:28.157+0000] {dag.py:3823} INFO - Setting next_dagrun for example_params_trigger_ui to None, run_after=None
[2025-11-05T15:37:28.243+0000] {processor.py:183} INFO - Processing /home/airflow/.local/lib/python3.8/site-packages/airflow/example_dags/example_params_trigger_ui.py took 0.501 seconds
[2025-11-05T15:39:54.548+0000] {processor.py:161} INFO - Started process (PID=107) to work on /home/airflow/.local/lib/python3.8/site-packages/airflow/example_dags/example_params_trigger_ui.py
[2025-11-05T15:39:54.553+0000] {processor.py:830} INFO - Processing file /home/airflow/.local/lib/python3.8/site-packages/airflow/example_dags/example_params_trigger_ui.py for tasks to queue
[2025-11-05T15:39:54.569+0000] {logging_mixin.py:188} INFO - [2025-11-05T15:39:54.568+0000] {dagbag.py:538} INFO - Filling up the DagBag from /home/airflow/.local/lib/python3.8/site-packages/airflow/example_dags/example_params_trigger_ui.py
[2025-11-05T15:39:54.691+0000] {processor.py:840} INFO - DAG(s) 'example_params_trigger_ui' retrieved from /home/airflow/.local/lib/python3.8/site-packages/airflow/example_dags/example_params_trigger_ui.py
[2025-11-05T15:39:55.970+0000] {logging_mixin.py:188} INFO - [2025-11-05T15:39:55.969+0000] {dag.py:3036} INFO - Sync 1 DAGs
[2025-11-05T15:39:56.140+0000] {logging_mixin.py:188} INFO - [2025-11-05T15:39:56.139+0000] {dag.py:3823} INFO - Setting next_dagrun for example_params_trigger_ui to None, run_after=None
[2025-11-05T15:39:56.344+0000] {processor.py:183} INFO - Processing /home/airflow/.local/lib/python3.8/site-packages/airflow/example_dags/example_params_trigger_ui.py took 1.817 seconds
[2025-11-05T15:40:26.752+0000] {processor.py:161} INFO - Started process (PID=161) to work on /home/airflow/.local/lib/python3.8/site-packages/airflow/example_dags/example_params_trigger_ui.py
[2025-11-05T15:40:26.754+0000] {processor.py:830} INFO - Processing file /home/airflow/.local/lib/python3.8/site-packages/airflow/example_dags/example_params_trigger_ui.py for tasks to queue
[2025-11-05T15:40:26.758+0000] {logging_mixin.py:188} INFO - [2025-11-05T15:40:26.757+0000] {dagbag.py:538} INFO - Filling up the DagBag from /home/airflow/.local/lib/python3.8/site-packages/airflow/example_dags/example_params_trigger_ui.py
[2025-11-05T15:40:26.795+0000] {processor.py:840} INFO - DAG(s) 'example_params_trigger_ui' retrieved from /home/airflow/.local/lib/python3.8/site-packages/airflow/example_dags/example_params_trigger_ui.py
[2025-11-05T15:40:26.927+0000] {logging_mixin.py:188} INFO - [2025-11-05T15:40:26.927+0000] {dag.py:3036} INFO - Sync 1 DAGs
[2025-11-05T15:40:26.963+0000] {logging_mixin.py:188} INFO - [2025-11-05T15:40:26.963+0000] {dag.py:3823} INFO - Setting next_dagrun for example_params_trigger_ui to None, run_after=None
[2025-11-05T15:40:27.021+0000] {processor.py:183} INFO - Processing /home/airflow/.local/lib/python3.8/site-packages/airflow/example_dags/example_params_trigger_ui.py took 0.280 seconds
[2025-11-05T15:40:57.402+0000] {processor.py:161} INFO - Started process (PID=216) to work on /home/airflow/.local/lib/python3.8/site-packages/airflow/example_dags/example_params_trigger_ui.py
[2025-11-05T15:40:57.407+0000] {processor.py:830} INFO - Processing file /home/airflow/.local/lib/python3.8/site-packages/airflow/example_dags/example_params_trigger_ui.py for tasks to queue
[2025-11-05T15:40:57.424+0000] {logging_mixin.py:188} INFO - [2025-11-05T15:40:57.422+0000] {dagbag.py:538} INFO - Filling up the DagBag from /home/airflow/.local/lib/python3.8/site-packages/airflow/example_dags/example_params_trigger_ui.py
[2025-11-05T15:40:57.509+0000] {processor.py:840} INFO - DAG(s) 'example_params_trigger_ui' retrieved from /home/airflow/.local/lib/python3.8/site-packages/airflow/example_dags/example_params_trigger_ui.py
[2025-11-05T15:40:57.885+0000] {logging_mixin.py:188} INFO - [2025-11-05T15:40:57.884+0000] {dag.py:3036} INFO - Sync 1 DAGs
[2025-11-05T15:40:57.949+0000] {logging_mixin.py:188} INFO - [2025-11-05T15:40:57.948+0000] {dag.py:3823} INFO - Setting next_dagrun for example_params_trigger_ui to None, run_after=None
[2025-11-05T15:40:58.020+0000] {processor.py:183} INFO - Processing /home/airflow/.local/lib/python3.8/site-packages/airflow/example_dags/example_params_trigger_ui.py took 0.575 seconds
[2025-11-05T15:41:28.561+0000] {processor.py:161} INFO - Started process (PID=271) to work on /home/airflow/.local/lib/python3.8/site-packages/airflow/example_dags/example_params_trigger_ui.py
[2025-11-05T15:41:28.567+0000] {processor.py:830} INFO - Processing file /home/airflow/.local/lib/python3.8/site-packages/airflow/example_dags/example_params_trigger_ui.py for tasks to queue
[2025-11-05T15:41:28.580+0000] {logging_mixin.py:188} INFO - [2025-11-05T15:41:28.575+0000] {dagbag.py:538} INFO - Filling up the DagBag from /home/airflow/.local/lib/python3.8/site-packages/airflow/example_dags/example_params_trigger_ui.py
[2025-11-05T15:41:28.655+0000] {processor.py:840} INFO - DAG(s) 'example_params_trigger_ui' retrieved from /home/airflow/.local/lib/python3.8/site-packages/airflow/example_dags/example_params_trigger_ui.py
[2025-11-05T15:41:28.887+0000] {logging_mixin.py:188} INFO - [2025-11-05T15:41:28.886+0000] {dag.py:3036} INFO - Sync 1 DAGs
[2025-11-05T15:41:28.928+0000] {logging_mixin.py:188} INFO - [2025-11-05T15:41:28.927+0000] {dag.py:3823} INFO - Setting next_dagrun for example_params_trigger_ui to None, run_after=None
[2025-11-05T15:41:29.001+0000] {processor.py:183} INFO - Processing /home/airflow/.local/lib/python3.8/site-packages/airflow/example_dags/example_params_trigger_ui.py took 0.460 seconds
[2025-11-05T15:41:59.203+0000] {processor.py:161} INFO - Started process (PID=327) to work on /home/airflow/.local/lib/python3.8/site-packages/airflow/example_dags/example_params_trigger_ui.py
[2025-11-05T15:41:59.207+0000] {processor.py:830} INFO - Processing file /home/airflow/.local/lib/python3.8/site-packages/airflow/example_dags/example_params_trigger_ui.py for tasks to queue
[2025-11-05T15:41:59.212+0000] {logging_mixin.py:188} INFO - [2025-11-05T15:41:59.211+0000] {dagbag.py:538} INFO - Filling up the DagBag from /home/airflow/.local/lib/python3.8/site-packages/airflow/example_dags/example_params_trigger_ui.py
[2025-11-05T15:41:59.240+0000] {processor.py:840} INFO - DAG(s) 'example_params_trigger_ui' retrieved from /home/airflow/.local/lib/python3.8/site-packages/airflow/example_dags/example_params_trigger_ui.py
[2025-11-05T15:41:59.340+0000] {logging_mixin.py:188} INFO - [2025-11-05T15:41:59.340+0000] {dag.py:3036} INFO - Sync 1 DAGs
[2025-11-05T15:41:59.371+0000] {logging_mixin.py:188} INFO - [2025-11-05T15:41:59.370+0000] {dag.py:3823} INFO - Setting next_dagrun for example_params_trigger_ui to None, run_after=None
[2025-11-05T15:41:59.446+0000] {processor.py:183} INFO - Processing /home/airflow/.local/lib/python3.8/site-packages/airflow/example_dags/example_params_trigger_ui.py took 0.251 seconds
[2025-11-05T15:42:30.416+0000] {processor.py:161} INFO - Started process (PID=381) to work on /home/airflow/.local/lib/python3.8/site-packages/airflow/example_dags/example_params_trigger_ui.py
[2025-11-05T15:42:30.418+0000] {processor.py:830} INFO - Processing file /home/airflow/.local/lib/python3.8/site-packages/airflow/example_dags/example_params_trigger_ui.py for tasks to queue
[2025-11-05T15:42:30.420+0000] {logging_mixin.py:188} INFO - [2025-11-05T15:42:30.420+0000] {dagbag.py:538} INFO - Filling up the DagBag from /home/airflow/.local/lib/python3.8/site-packages/airflow/example_dags/example_params_trigger_ui.py
[2025-11-05T15:42:30.438+0000] {processor.py:840} INFO - DAG(s) 'example_params_trigger_ui' retrieved from /home/airflow/.local/lib/python3.8/site-packages/airflow/example_dags/example_params_trigger_ui.py
[2025-11-05T15:42:30.498+0000] {logging_mixin.py:188} INFO - [2025-11-05T15:42:30.498+0000] {dag.py:3036} INFO - Sync 1 DAGs
[2025-11-05T15:42:30.513+0000] {logging_mixin.py:188} INFO - [2025-11-05T15:42:30.513+0000] {dag.py:3823} INFO - Setting next_dagrun for example_params_trigger_ui to None, run_after=None
[2025-11-05T15:42:30.542+0000] {processor.py:183} INFO - Processing /home/airflow/.local/lib/python3.8/site-packages/airflow/example_dags/example_params_trigger_ui.py took 0.129 seconds
[2025-11-05T15:43:01.153+0000] {processor.py:161} INFO - Started process (PID=443) to work on /home/airflow/.local/lib/python3.8/site-packages/airflow/example_dags/example_params_trigger_ui.py
[2025-11-05T15:43:01.161+0000] {processor.py:830} INFO - Processing file /home/airflow/.local/lib/python3.8/site-packages/airflow/example_dags/example_params_trigger_ui.py for tasks to queue
[2025-11-05T15:43:01.192+0000] {logging_mixin.py:188} INFO - [2025-11-05T15:43:01.191+0000] {dagbag.py:538} INFO - Filling up the DagBag from /home/airflow/.local/lib/python3.8/site-packages/airflow/example_dags/example_params_trigger_ui.py
[2025-11-05T15:43:01.277+0000] {processor.py:840} INFO - DAG(s) 'example_params_trigger_ui' retrieved from /home/airflow/.local/lib/python3.8/site-packages/airflow/example_dags/example_params_trigger_ui.py
[2025-11-05T15:43:01.695+0000] {logging_mixin.py:188} INFO - [2025-11-05T15:43:01.694+0000] {dag.py:3036} INFO - Sync 1 DAGs
[2025-11-05T15:43:01.781+0000] {logging_mixin.py:188} INFO - [2025-11-05T15:43:01.779+0000] {dag.py:3823} INFO - Setting next_dagrun for example_params_trigger_ui to None, run_after=None
[2025-11-05T15:43:01.907+0000] {processor.py:183} INFO - Processing /home/airflow/.local/lib/python3.8/site-packages/airflow/example_dags/example_params_trigger_ui.py took 0.790 seconds
[2025-11-05T15:43:32.057+0000] {processor.py:161} INFO - Started process (PID=499) to work on /home/airflow/.local/lib/python3.8/site-packages/airflow/example_dags/example_params_trigger_ui.py
[2025-11-05T15:43:32.060+0000] {processor.py:830} INFO - Processing file /home/airflow/.local/lib/python3.8/site-packages/airflow/example_dags/example_params_trigger_ui.py for tasks to queue
[2025-11-05T15:43:32.068+0000] {logging_mixin.py:188} INFO - [2025-11-05T15:43:32.067+0000] {dagbag.py:538} INFO - Filling up the DagBag from /home/airflow/.local/lib/python3.8/site-packages/airflow/example_dags/example_params_trigger_ui.py
[2025-11-05T15:43:32.130+0000] {processor.py:840} INFO - DAG(s) 'example_params_trigger_ui' retrieved from /home/airflow/.local/lib/python3.8/site-packages/airflow/example_dags/example_params_trigger_ui.py
[2025-11-05T15:43:32.361+0000] {logging_mixin.py:188} INFO - [2025-11-05T15:43:32.360+0000] {dag.py:3036} INFO - Sync 1 DAGs
[2025-11-05T15:43:32.415+0000] {logging_mixin.py:188} INFO - [2025-11-05T15:43:32.414+0000] {dag.py:3823} INFO - Setting next_dagrun for example_params_trigger_ui to None, run_after=None
[2025-11-05T15:43:32.457+0000] {processor.py:183} INFO - Processing /home/airflow/.local/lib/python3.8/site-packages/airflow/example_dags/example_params_trigger_ui.py took 0.413 seconds
[2025-11-05T15:44:02.773+0000] {processor.py:161} INFO - Started process (PID=553) to work on /home/airflow/.local/lib/python3.8/site-packages/airflow/example_dags/example_params_trigger_ui.py
[2025-11-05T15:44:02.778+0000] {processor.py:830} INFO - Processing file /home/airflow/.local/lib/python3.8/site-packages/airflow/example_dags/example_params_trigger_ui.py for tasks to queue
[2025-11-05T15:44:02.791+0000] {logging_mixin.py:188} INFO - [2025-11-05T15:44:02.790+0000] {dagbag.py:538} INFO - Filling up the DagBag from /home/airflow/.local/lib/python3.8/site-packages/airflow/example_dags/example_params_trigger_ui.py
[2025-11-05T15:44:02.861+0000] {processor.py:840} INFO - DAG(s) 'example_params_trigger_ui' retrieved from /home/airflow/.local/lib/python3.8/site-packages/airflow/example_dags/example_params_trigger_ui.py
[2025-11-05T15:44:03.173+0000] {logging_mixin.py:188} INFO - [2025-11-05T15:44:03.172+0000] {dag.py:3036} INFO - Sync 1 DAGs
[2025-11-05T15:44:03.240+0000] {logging_mixin.py:188} INFO - [2025-11-05T15:44:03.239+0000] {dag.py:3823} INFO - Setting next_dagrun for example_params_trigger_ui to None, run_after=None
[2025-11-05T15:44:03.328+0000] {processor.py:183} INFO - Processing /home/airflow/.local/lib/python3.8/site-packages/airflow/example_dags/example_params_trigger_ui.py took 0.572 seconds
[2025-11-05T15:44:33.838+0000] {processor.py:161} INFO - Started process (PID=608) to work on /home/airflow/.local/lib/python3.8/site-packages/airflow/example_dags/example_params_trigger_ui.py
[2025-11-05T15:44:33.841+0000] {processor.py:830} INFO - Processing file /home/airflow/.local/lib/python3.8/site-packages/airflow/example_dags/example_params_trigger_ui.py for tasks to queue
[2025-11-05T15:44:33.847+0000] {logging_mixin.py:188} INFO - [2025-11-05T15:44:33.846+0000] {dagbag.py:538} INFO - Filling up the DagBag from /home/airflow/.local/lib/python3.8/site-packages/airflow/example_dags/example_params_trigger_ui.py
[2025-11-05T15:44:33.902+0000] {processor.py:840} INFO - DAG(s) 'example_params_trigger_ui' retrieved from /home/airflow/.local/lib/python3.8/site-packages/airflow/example_dags/example_params_trigger_ui.py
[2025-11-05T15:44:34.053+0000] {logging_mixin.py:188} INFO - [2025-11-05T15:44:34.053+0000] {dag.py:3036} INFO - Sync 1 DAGs
[2025-11-05T15:44:34.096+0000] {logging_mixin.py:188} INFO - [2025-11-05T15:44:34.095+0000] {dag.py:3823} INFO - Setting next_dagrun for example_params_trigger_ui to None, run_after=None
[2025-11-05T15:44:34.152+0000] {processor.py:183} INFO - Processing /home/airflow/.local/lib/python3.8/site-packages/airflow/example_dags/example_params_trigger_ui.py took 0.327 seconds
