[2025-11-05T15:35:37.729+0000] {processor.py:161} INFO - Started process (PID=77) to work on /home/airflow/.local/lib/python3.8/site-packages/airflow/example_dags/example_skip_dag.py
[2025-11-05T15:35:37.760+0000] {processor.py:830} INFO - Processing file /home/airflow/.local/lib/python3.8/site-packages/airflow/example_dags/example_skip_dag.py for tasks to queue
[2025-11-05T15:35:37.773+0000] {logging_mixin.py:188} INFO - [2025-11-05T15:35:37.772+0000] {dagbag.py:538} INFO - Filling up the DagBag from /home/airflow/.local/lib/python3.8/site-packages/airflow/example_dags/example_skip_dag.py
[2025-11-05T15:35:37.876+0000] {processor.py:840} INFO - DAG(s) 'example_skip_dag' retrieved from /home/airflow/.local/lib/python3.8/site-packages/airflow/example_dags/example_skip_dag.py
[2025-11-05T15:35:38.643+0000] {logging_mixin.py:188} INFO - [2025-11-05T15:35:38.643+0000] {dag.py:3036} INFO - Sync 1 DAGs
[2025-11-05T15:35:38.837+0000] {logging_mixin.py:188} INFO - [2025-11-05T15:35:38.836+0000] {dag.py:3823} INFO - Setting next_dagrun for example_skip_dag to 2025-11-04 00:00:00+00:00, run_after=2025-11-05 00:00:00+00:00
[2025-11-05T15:35:39.142+0000] {processor.py:183} INFO - Processing /home/airflow/.local/lib/python3.8/site-packages/airflow/example_dags/example_skip_dag.py took 1.452 seconds
[2025-11-05T15:36:09.536+0000] {processor.py:161} INFO - Started process (PID=132) to work on /home/airflow/.local/lib/python3.8/site-packages/airflow/example_dags/example_skip_dag.py
[2025-11-05T15:36:09.543+0000] {processor.py:830} INFO - Processing file /home/airflow/.local/lib/python3.8/site-packages/airflow/example_dags/example_skip_dag.py for tasks to queue
[2025-11-05T15:36:09.550+0000] {logging_mixin.py:188} INFO - [2025-11-05T15:36:09.549+0000] {dagbag.py:538} INFO - Filling up the DagBag from /home/airflow/.local/lib/python3.8/site-packages/airflow/example_dags/example_skip_dag.py
[2025-11-05T15:36:09.582+0000] {processor.py:840} INFO - DAG(s) 'example_skip_dag' retrieved from /home/airflow/.local/lib/python3.8/site-packages/airflow/example_dags/example_skip_dag.py
[2025-11-05T15:36:09.681+0000] {logging_mixin.py:188} INFO - [2025-11-05T15:36:09.680+0000] {dag.py:3036} INFO - Sync 1 DAGs
[2025-11-05T15:36:09.866+0000] {logging_mixin.py:188} INFO - [2025-11-05T15:36:09.865+0000] {dag.py:3823} INFO - Setting next_dagrun for example_skip_dag to 2025-11-04 00:00:00+00:00, run_after=2025-11-05 00:00:00+00:00
[2025-11-05T15:36:10.024+0000] {processor.py:183} INFO - Processing /home/airflow/.local/lib/python3.8/site-packages/airflow/example_dags/example_skip_dag.py took 0.505 seconds
[2025-11-05T15:36:40.127+0000] {processor.py:161} INFO - Started process (PID=186) to work on /home/airflow/.local/lib/python3.8/site-packages/airflow/example_dags/example_skip_dag.py
[2025-11-05T15:36:40.129+0000] {processor.py:830} INFO - Processing file /home/airflow/.local/lib/python3.8/site-packages/airflow/example_dags/example_skip_dag.py for tasks to queue
[2025-11-05T15:36:40.133+0000] {logging_mixin.py:188} INFO - [2025-11-05T15:36:40.132+0000] {dagbag.py:538} INFO - Filling up the DagBag from /home/airflow/.local/lib/python3.8/site-packages/airflow/example_dags/example_skip_dag.py
[2025-11-05T15:36:40.147+0000] {processor.py:840} INFO - DAG(s) 'example_skip_dag' retrieved from /home/airflow/.local/lib/python3.8/site-packages/airflow/example_dags/example_skip_dag.py
[2025-11-05T15:36:40.182+0000] {logging_mixin.py:188} INFO - [2025-11-05T15:36:40.182+0000] {dag.py:3036} INFO - Sync 1 DAGs
[2025-11-05T15:36:40.216+0000] {logging_mixin.py:188} INFO - [2025-11-05T15:36:40.215+0000] {dag.py:3823} INFO - Setting next_dagrun for example_skip_dag to 2025-11-04 00:00:00+00:00, run_after=2025-11-05 00:00:00+00:00
[2025-11-05T15:36:40.258+0000] {processor.py:183} INFO - Processing /home/airflow/.local/lib/python3.8/site-packages/airflow/example_dags/example_skip_dag.py took 0.139 seconds
[2025-11-05T15:37:10.885+0000] {processor.py:161} INFO - Started process (PID=242) to work on /home/airflow/.local/lib/python3.8/site-packages/airflow/example_dags/example_skip_dag.py
[2025-11-05T15:37:10.889+0000] {processor.py:830} INFO - Processing file /home/airflow/.local/lib/python3.8/site-packages/airflow/example_dags/example_skip_dag.py for tasks to queue
[2025-11-05T15:37:10.904+0000] {logging_mixin.py:188} INFO - [2025-11-05T15:37:10.904+0000] {dagbag.py:538} INFO - Filling up the DagBag from /home/airflow/.local/lib/python3.8/site-packages/airflow/example_dags/example_skip_dag.py
[2025-11-05T15:37:10.936+0000] {processor.py:840} INFO - DAG(s) 'example_skip_dag' retrieved from /home/airflow/.local/lib/python3.8/site-packages/airflow/example_dags/example_skip_dag.py
[2025-11-05T15:37:11.031+0000] {logging_mixin.py:188} INFO - [2025-11-05T15:37:11.028+0000] {dag.py:3036} INFO - Sync 1 DAGs
[2025-11-05T15:37:11.128+0000] {logging_mixin.py:188} INFO - [2025-11-05T15:37:11.127+0000] {dag.py:3823} INFO - Setting next_dagrun for example_skip_dag to 2025-11-04 00:00:00+00:00, run_after=2025-11-05 00:00:00+00:00
[2025-11-05T15:37:11.199+0000] {processor.py:183} INFO - Processing /home/airflow/.local/lib/python3.8/site-packages/airflow/example_dags/example_skip_dag.py took 0.332 seconds
[2025-11-05T15:39:33.223+0000] {processor.py:161} INFO - Started process (PID=73) to work on /home/airflow/.local/lib/python3.8/site-packages/airflow/example_dags/example_skip_dag.py
[2025-11-05T15:39:33.229+0000] {processor.py:830} INFO - Processing file /home/airflow/.local/lib/python3.8/site-packages/airflow/example_dags/example_skip_dag.py for tasks to queue
[2025-11-05T15:39:33.243+0000] {logging_mixin.py:188} INFO - [2025-11-05T15:39:33.242+0000] {dagbag.py:538} INFO - Filling up the DagBag from /home/airflow/.local/lib/python3.8/site-packages/airflow/example_dags/example_skip_dag.py
[2025-11-05T15:39:33.310+0000] {processor.py:840} INFO - DAG(s) 'example_skip_dag' retrieved from /home/airflow/.local/lib/python3.8/site-packages/airflow/example_dags/example_skip_dag.py
[2025-11-05T15:39:33.901+0000] {logging_mixin.py:188} INFO - [2025-11-05T15:39:33.900+0000] {dag.py:3036} INFO - Sync 1 DAGs
[2025-11-05T15:39:34.019+0000] {logging_mixin.py:188} INFO - [2025-11-05T15:39:34.018+0000] {dag.py:3823} INFO - Setting next_dagrun for example_skip_dag to 2025-11-04 00:00:00+00:00, run_after=2025-11-05 00:00:00+00:00
[2025-11-05T15:39:34.137+0000] {processor.py:183} INFO - Processing /home/airflow/.local/lib/python3.8/site-packages/airflow/example_dags/example_skip_dag.py took 0.936 seconds
[2025-11-05T15:40:08.156+0000] {processor.py:161} INFO - Started process (PID=128) to work on /home/airflow/.local/lib/python3.8/site-packages/airflow/example_dags/example_skip_dag.py
[2025-11-05T15:40:08.193+0000] {processor.py:830} INFO - Processing file /home/airflow/.local/lib/python3.8/site-packages/airflow/example_dags/example_skip_dag.py for tasks to queue
[2025-11-05T15:40:08.225+0000] {logging_mixin.py:188} INFO - [2025-11-05T15:40:08.224+0000] {dagbag.py:538} INFO - Filling up the DagBag from /home/airflow/.local/lib/python3.8/site-packages/airflow/example_dags/example_skip_dag.py
[2025-11-05T15:40:08.275+0000] {processor.py:840} INFO - DAG(s) 'example_skip_dag' retrieved from /home/airflow/.local/lib/python3.8/site-packages/airflow/example_dags/example_skip_dag.py
[2025-11-05T15:40:08.405+0000] {logging_mixin.py:188} INFO - [2025-11-05T15:40:08.404+0000] {dag.py:3036} INFO - Sync 1 DAGs
[2025-11-05T15:40:08.524+0000] {logging_mixin.py:188} INFO - [2025-11-05T15:40:08.523+0000] {dag.py:3823} INFO - Setting next_dagrun for example_skip_dag to 2025-11-04 00:00:00+00:00, run_after=2025-11-05 00:00:00+00:00
[2025-11-05T15:40:08.647+0000] {processor.py:183} INFO - Processing /home/airflow/.local/lib/python3.8/site-packages/airflow/example_dags/example_skip_dag.py took 0.511 seconds
[2025-11-05T15:40:38.907+0000] {processor.py:161} INFO - Started process (PID=180) to work on /home/airflow/.local/lib/python3.8/site-packages/airflow/example_dags/example_skip_dag.py
[2025-11-05T15:40:38.909+0000] {processor.py:830} INFO - Processing file /home/airflow/.local/lib/python3.8/site-packages/airflow/example_dags/example_skip_dag.py for tasks to queue
[2025-11-05T15:40:38.911+0000] {logging_mixin.py:188} INFO - [2025-11-05T15:40:38.911+0000] {dagbag.py:538} INFO - Filling up the DagBag from /home/airflow/.local/lib/python3.8/site-packages/airflow/example_dags/example_skip_dag.py
[2025-11-05T15:40:38.920+0000] {processor.py:840} INFO - DAG(s) 'example_skip_dag' retrieved from /home/airflow/.local/lib/python3.8/site-packages/airflow/example_dags/example_skip_dag.py
[2025-11-05T15:40:38.948+0000] {logging_mixin.py:188} INFO - [2025-11-05T15:40:38.948+0000] {dag.py:3036} INFO - Sync 1 DAGs
[2025-11-05T15:40:38.975+0000] {logging_mixin.py:188} INFO - [2025-11-05T15:40:38.975+0000] {dag.py:3823} INFO - Setting next_dagrun for example_skip_dag to 2025-11-04 00:00:00+00:00, run_after=2025-11-05 00:00:00+00:00
[2025-11-05T15:40:39.009+0000] {processor.py:183} INFO - Processing /home/airflow/.local/lib/python3.8/site-packages/airflow/example_dags/example_skip_dag.py took 0.106 seconds
[2025-11-05T15:41:09.701+0000] {processor.py:161} INFO - Started process (PID=235) to work on /home/airflow/.local/lib/python3.8/site-packages/airflow/example_dags/example_skip_dag.py
[2025-11-05T15:41:09.703+0000] {processor.py:830} INFO - Processing file /home/airflow/.local/lib/python3.8/site-packages/airflow/example_dags/example_skip_dag.py for tasks to queue
[2025-11-05T15:41:09.706+0000] {logging_mixin.py:188} INFO - [2025-11-05T15:41:09.706+0000] {dagbag.py:538} INFO - Filling up the DagBag from /home/airflow/.local/lib/python3.8/site-packages/airflow/example_dags/example_skip_dag.py
[2025-11-05T15:41:09.721+0000] {processor.py:840} INFO - DAG(s) 'example_skip_dag' retrieved from /home/airflow/.local/lib/python3.8/site-packages/airflow/example_dags/example_skip_dag.py
[2025-11-05T15:41:09.773+0000] {logging_mixin.py:188} INFO - [2025-11-05T15:41:09.773+0000] {dag.py:3036} INFO - Sync 1 DAGs
[2025-11-05T15:41:09.836+0000] {logging_mixin.py:188} INFO - [2025-11-05T15:41:09.836+0000] {dag.py:3823} INFO - Setting next_dagrun for example_skip_dag to 2025-11-04 00:00:00+00:00, run_after=2025-11-05 00:00:00+00:00
[2025-11-05T15:41:09.901+0000] {processor.py:183} INFO - Processing /home/airflow/.local/lib/python3.8/site-packages/airflow/example_dags/example_skip_dag.py took 0.207 seconds
[2025-11-05T15:41:40.553+0000] {processor.py:161} INFO - Started process (PID=290) to work on /home/airflow/.local/lib/python3.8/site-packages/airflow/example_dags/example_skip_dag.py
[2025-11-05T15:41:40.557+0000] {processor.py:830} INFO - Processing file /home/airflow/.local/lib/python3.8/site-packages/airflow/example_dags/example_skip_dag.py for tasks to queue
[2025-11-05T15:41:40.569+0000] {logging_mixin.py:188} INFO - [2025-11-05T15:41:40.568+0000] {dagbag.py:538} INFO - Filling up the DagBag from /home/airflow/.local/lib/python3.8/site-packages/airflow/example_dags/example_skip_dag.py
[2025-11-05T15:41:40.585+0000] {processor.py:840} INFO - DAG(s) 'example_skip_dag' retrieved from /home/airflow/.local/lib/python3.8/site-packages/airflow/example_dags/example_skip_dag.py
[2025-11-05T15:41:40.652+0000] {logging_mixin.py:188} INFO - [2025-11-05T15:41:40.651+0000] {dag.py:3036} INFO - Sync 1 DAGs
[2025-11-05T15:41:40.722+0000] {logging_mixin.py:188} INFO - [2025-11-05T15:41:40.721+0000] {dag.py:3823} INFO - Setting next_dagrun for example_skip_dag to 2025-11-04 00:00:00+00:00, run_after=2025-11-05 00:00:00+00:00
[2025-11-05T15:41:40.799+0000] {processor.py:183} INFO - Processing /home/airflow/.local/lib/python3.8/site-packages/airflow/example_dags/example_skip_dag.py took 0.263 seconds
[2025-11-05T15:42:10.921+0000] {processor.py:161} INFO - Started process (PID=345) to work on /home/airflow/.local/lib/python3.8/site-packages/airflow/example_dags/example_skip_dag.py
[2025-11-05T15:42:10.923+0000] {processor.py:830} INFO - Processing file /home/airflow/.local/lib/python3.8/site-packages/airflow/example_dags/example_skip_dag.py for tasks to queue
[2025-11-05T15:42:10.927+0000] {logging_mixin.py:188} INFO - [2025-11-05T15:42:10.927+0000] {dagbag.py:538} INFO - Filling up the DagBag from /home/airflow/.local/lib/python3.8/site-packages/airflow/example_dags/example_skip_dag.py
[2025-11-05T15:42:10.939+0000] {processor.py:840} INFO - DAG(s) 'example_skip_dag' retrieved from /home/airflow/.local/lib/python3.8/site-packages/airflow/example_dags/example_skip_dag.py
[2025-11-05T15:42:10.976+0000] {logging_mixin.py:188} INFO - [2025-11-05T15:42:10.975+0000] {dag.py:3036} INFO - Sync 1 DAGs
[2025-11-05T15:42:11.013+0000] {logging_mixin.py:188} INFO - [2025-11-05T15:42:11.013+0000] {dag.py:3823} INFO - Setting next_dagrun for example_skip_dag to 2025-11-04 00:00:00+00:00, run_after=2025-11-05 00:00:00+00:00
[2025-11-05T15:42:11.063+0000] {processor.py:183} INFO - Processing /home/airflow/.local/lib/python3.8/site-packages/airflow/example_dags/example_skip_dag.py took 0.148 seconds
[2025-11-05T15:42:41.122+0000] {processor.py:161} INFO - Started process (PID=399) to work on /home/airflow/.local/lib/python3.8/site-packages/airflow/example_dags/example_skip_dag.py
[2025-11-05T15:42:41.124+0000] {processor.py:830} INFO - Processing file /home/airflow/.local/lib/python3.8/site-packages/airflow/example_dags/example_skip_dag.py for tasks to queue
[2025-11-05T15:42:41.128+0000] {logging_mixin.py:188} INFO - [2025-11-05T15:42:41.127+0000] {dagbag.py:538} INFO - Filling up the DagBag from /home/airflow/.local/lib/python3.8/site-packages/airflow/example_dags/example_skip_dag.py
[2025-11-05T15:42:41.137+0000] {processor.py:840} INFO - DAG(s) 'example_skip_dag' retrieved from /home/airflow/.local/lib/python3.8/site-packages/airflow/example_dags/example_skip_dag.py
[2025-11-05T15:42:41.169+0000] {logging_mixin.py:188} INFO - [2025-11-05T15:42:41.169+0000] {dag.py:3036} INFO - Sync 1 DAGs
[2025-11-05T15:42:41.205+0000] {logging_mixin.py:188} INFO - [2025-11-05T15:42:41.204+0000] {dag.py:3823} INFO - Setting next_dagrun for example_skip_dag to 2025-11-04 00:00:00+00:00, run_after=2025-11-05 00:00:00+00:00
[2025-11-05T15:42:41.237+0000] {processor.py:183} INFO - Processing /home/airflow/.local/lib/python3.8/site-packages/airflow/example_dags/example_skip_dag.py took 0.119 seconds
[2025-11-05T15:43:12.110+0000] {processor.py:161} INFO - Started process (PID=461) to work on /home/airflow/.local/lib/python3.8/site-packages/airflow/example_dags/example_skip_dag.py
[2025-11-05T15:43:12.124+0000] {processor.py:830} INFO - Processing file /home/airflow/.local/lib/python3.8/site-packages/airflow/example_dags/example_skip_dag.py for tasks to queue
[2025-11-05T15:43:12.141+0000] {logging_mixin.py:188} INFO - [2025-11-05T15:43:12.140+0000] {dagbag.py:538} INFO - Filling up the DagBag from /home/airflow/.local/lib/python3.8/site-packages/airflow/example_dags/example_skip_dag.py
[2025-11-05T15:43:12.218+0000] {processor.py:840} INFO - DAG(s) 'example_skip_dag' retrieved from /home/airflow/.local/lib/python3.8/site-packages/airflow/example_dags/example_skip_dag.py
[2025-11-05T15:43:12.341+0000] {logging_mixin.py:188} INFO - [2025-11-05T15:43:12.338+0000] {dag.py:3036} INFO - Sync 1 DAGs
[2025-11-05T15:43:12.461+0000] {logging_mixin.py:188} INFO - [2025-11-05T15:43:12.461+0000] {dag.py:3823} INFO - Setting next_dagrun for example_skip_dag to 2025-11-04 00:00:00+00:00, run_after=2025-11-05 00:00:00+00:00
[2025-11-05T15:43:12.603+0000] {processor.py:183} INFO - Processing /home/airflow/.local/lib/python3.8/site-packages/airflow/example_dags/example_skip_dag.py took 0.521 seconds
[2025-11-05T15:43:42.757+0000] {processor.py:161} INFO - Started process (PID=516) to work on /home/airflow/.local/lib/python3.8/site-packages/airflow/example_dags/example_skip_dag.py
[2025-11-05T15:43:42.761+0000] {processor.py:830} INFO - Processing file /home/airflow/.local/lib/python3.8/site-packages/airflow/example_dags/example_skip_dag.py for tasks to queue
[2025-11-05T15:43:42.777+0000] {logging_mixin.py:188} INFO - [2025-11-05T15:43:42.776+0000] {dagbag.py:538} INFO - Filling up the DagBag from /home/airflow/.local/lib/python3.8/site-packages/airflow/example_dags/example_skip_dag.py
[2025-11-05T15:43:42.828+0000] {processor.py:840} INFO - DAG(s) 'example_skip_dag' retrieved from /home/airflow/.local/lib/python3.8/site-packages/airflow/example_dags/example_skip_dag.py
[2025-11-05T15:43:42.944+0000] {logging_mixin.py:188} INFO - [2025-11-05T15:43:42.941+0000] {dag.py:3036} INFO - Sync 1 DAGs
[2025-11-05T15:43:43.037+0000] {logging_mixin.py:188} INFO - [2025-11-05T15:43:43.037+0000] {dag.py:3823} INFO - Setting next_dagrun for example_skip_dag to 2025-11-04 00:00:00+00:00, run_after=2025-11-05 00:00:00+00:00
[2025-11-05T15:43:43.106+0000] {processor.py:183} INFO - Processing /home/airflow/.local/lib/python3.8/site-packages/airflow/example_dags/example_skip_dag.py took 0.372 seconds
[2025-11-05T15:44:13.940+0000] {processor.py:161} INFO - Started process (PID=572) to work on /home/airflow/.local/lib/python3.8/site-packages/airflow/example_dags/example_skip_dag.py
[2025-11-05T15:44:13.952+0000] {processor.py:830} INFO - Processing file /home/airflow/.local/lib/python3.8/site-packages/airflow/example_dags/example_skip_dag.py for tasks to queue
[2025-11-05T15:44:13.959+0000] {logging_mixin.py:188} INFO - [2025-11-05T15:44:13.958+0000] {dagbag.py:538} INFO - Filling up the DagBag from /home/airflow/.local/lib/python3.8/site-packages/airflow/example_dags/example_skip_dag.py
[2025-11-05T15:44:14.004+0000] {processor.py:840} INFO - DAG(s) 'example_skip_dag' retrieved from /home/airflow/.local/lib/python3.8/site-packages/airflow/example_dags/example_skip_dag.py
[2025-11-05T15:44:14.141+0000] {logging_mixin.py:188} INFO - [2025-11-05T15:44:14.140+0000] {dag.py:3036} INFO - Sync 1 DAGs
[2025-11-05T15:44:14.332+0000] {logging_mixin.py:188} INFO - [2025-11-05T15:44:14.331+0000] {dag.py:3823} INFO - Setting next_dagrun for example_skip_dag to 2025-11-04 00:00:00+00:00, run_after=2025-11-05 00:00:00+00:00
[2025-11-05T15:44:14.489+0000] {processor.py:183} INFO - Processing /home/airflow/.local/lib/python3.8/site-packages/airflow/example_dags/example_skip_dag.py took 0.558 seconds
