[2025-11-05T15:35:46.922+0000] {processor.py:161} INFO - Started process (PID=95) to work on /home/airflow/.local/lib/python3.8/site-packages/airflow/example_dags/example_nested_branch_dag.py
[2025-11-05T15:35:46.925+0000] {processor.py:830} INFO - Processing file /home/airflow/.local/lib/python3.8/site-packages/airflow/example_dags/example_nested_branch_dag.py for tasks to queue
[2025-11-05T15:35:46.935+0000] {logging_mixin.py:188} INFO - [2025-11-05T15:35:46.934+0000] {dagbag.py:538} INFO - Filling up the DagBag from /home/airflow/.local/lib/python3.8/site-packages/airflow/example_dags/example_nested_branch_dag.py
[2025-11-05T15:35:46.968+0000] {processor.py:840} INFO - DAG(s) 'example_nested_branch_dag' retrieved from /home/airflow/.local/lib/python3.8/site-packages/airflow/example_dags/example_nested_branch_dag.py
[2025-11-05T15:35:47.390+0000] {logging_mixin.py:188} INFO - [2025-11-05T15:35:47.390+0000] {dag.py:3036} INFO - Sync 1 DAGs
[2025-11-05T15:35:47.465+0000] {logging_mixin.py:188} INFO - [2025-11-05T15:35:47.465+0000] {dag.py:3823} INFO - Setting next_dagrun for example_nested_branch_dag to 2025-11-04 00:00:00+00:00, run_after=2025-11-05 00:00:00+00:00
[2025-11-05T15:35:47.531+0000] {processor.py:183} INFO - Processing /home/airflow/.local/lib/python3.8/site-packages/airflow/example_dags/example_nested_branch_dag.py took 0.632 seconds
[2025-11-05T15:36:18.233+0000] {processor.py:161} INFO - Started process (PID=150) to work on /home/airflow/.local/lib/python3.8/site-packages/airflow/example_dags/example_nested_branch_dag.py
[2025-11-05T15:36:18.237+0000] {processor.py:830} INFO - Processing file /home/airflow/.local/lib/python3.8/site-packages/airflow/example_dags/example_nested_branch_dag.py for tasks to queue
[2025-11-05T15:36:18.243+0000] {logging_mixin.py:188} INFO - [2025-11-05T15:36:18.242+0000] {dagbag.py:538} INFO - Filling up the DagBag from /home/airflow/.local/lib/python3.8/site-packages/airflow/example_dags/example_nested_branch_dag.py
[2025-11-05T15:36:18.281+0000] {processor.py:840} INFO - DAG(s) 'example_nested_branch_dag' retrieved from /home/airflow/.local/lib/python3.8/site-packages/airflow/example_dags/example_nested_branch_dag.py
[2025-11-05T15:36:18.354+0000] {logging_mixin.py:188} INFO - [2025-11-05T15:36:18.354+0000] {dag.py:3036} INFO - Sync 1 DAGs
[2025-11-05T15:36:18.439+0000] {logging_mixin.py:188} INFO - [2025-11-05T15:36:18.438+0000] {dag.py:3823} INFO - Setting next_dagrun for example_nested_branch_dag to 2025-11-04 00:00:00+00:00, run_after=2025-11-05 00:00:00+00:00
[2025-11-05T15:36:18.517+0000] {processor.py:183} INFO - Processing /home/airflow/.local/lib/python3.8/site-packages/airflow/example_dags/example_nested_branch_dag.py took 0.299 seconds
[2025-11-05T15:36:49.329+0000] {processor.py:161} INFO - Started process (PID=205) to work on /home/airflow/.local/lib/python3.8/site-packages/airflow/example_dags/example_nested_branch_dag.py
[2025-11-05T15:36:49.332+0000] {processor.py:830} INFO - Processing file /home/airflow/.local/lib/python3.8/site-packages/airflow/example_dags/example_nested_branch_dag.py for tasks to queue
[2025-11-05T15:36:49.339+0000] {logging_mixin.py:188} INFO - [2025-11-05T15:36:49.338+0000] {dagbag.py:538} INFO - Filling up the DagBag from /home/airflow/.local/lib/python3.8/site-packages/airflow/example_dags/example_nested_branch_dag.py
[2025-11-05T15:36:49.377+0000] {processor.py:840} INFO - DAG(s) 'example_nested_branch_dag' retrieved from /home/airflow/.local/lib/python3.8/site-packages/airflow/example_dags/example_nested_branch_dag.py
[2025-11-05T15:36:49.451+0000] {logging_mixin.py:188} INFO - [2025-11-05T15:36:49.451+0000] {dag.py:3036} INFO - Sync 1 DAGs
[2025-11-05T15:36:49.543+0000] {logging_mixin.py:188} INFO - [2025-11-05T15:36:49.540+0000] {dag.py:3823} INFO - Setting next_dagrun for example_nested_branch_dag to 2025-11-04 00:00:00+00:00, run_after=2025-11-05 00:00:00+00:00
[2025-11-05T15:36:49.619+0000] {processor.py:183} INFO - Processing /home/airflow/.local/lib/python3.8/site-packages/airflow/example_dags/example_nested_branch_dag.py took 0.305 seconds
[2025-11-05T15:37:20.920+0000] {processor.py:161} INFO - Started process (PID=260) to work on /home/airflow/.local/lib/python3.8/site-packages/airflow/example_dags/example_nested_branch_dag.py
[2025-11-05T15:37:20.924+0000] {processor.py:830} INFO - Processing file /home/airflow/.local/lib/python3.8/site-packages/airflow/example_dags/example_nested_branch_dag.py for tasks to queue
[2025-11-05T15:37:20.938+0000] {logging_mixin.py:188} INFO - [2025-11-05T15:37:20.937+0000] {dagbag.py:538} INFO - Filling up the DagBag from /home/airflow/.local/lib/python3.8/site-packages/airflow/example_dags/example_nested_branch_dag.py
[2025-11-05T15:37:20.974+0000] {processor.py:840} INFO - DAG(s) 'example_nested_branch_dag' retrieved from /home/airflow/.local/lib/python3.8/site-packages/airflow/example_dags/example_nested_branch_dag.py
[2025-11-05T15:37:21.101+0000] {logging_mixin.py:188} INFO - [2025-11-05T15:37:21.101+0000] {dag.py:3036} INFO - Sync 1 DAGs
[2025-11-05T15:37:21.300+0000] {logging_mixin.py:188} INFO - [2025-11-05T15:37:21.289+0000] {dag.py:3823} INFO - Setting next_dagrun for example_nested_branch_dag to 2025-11-04 00:00:00+00:00, run_after=2025-11-05 00:00:00+00:00
[2025-11-05T15:37:21.424+0000] {processor.py:183} INFO - Processing /home/airflow/.local/lib/python3.8/site-packages/airflow/example_dags/example_nested_branch_dag.py took 0.525 seconds
[2025-11-05T15:39:47.516+0000] {processor.py:161} INFO - Started process (PID=97) to work on /home/airflow/.local/lib/python3.8/site-packages/airflow/example_dags/example_nested_branch_dag.py
[2025-11-05T15:39:47.520+0000] {processor.py:830} INFO - Processing file /home/airflow/.local/lib/python3.8/site-packages/airflow/example_dags/example_nested_branch_dag.py for tasks to queue
[2025-11-05T15:39:47.536+0000] {logging_mixin.py:188} INFO - [2025-11-05T15:39:47.535+0000] {dagbag.py:538} INFO - Filling up the DagBag from /home/airflow/.local/lib/python3.8/site-packages/airflow/example_dags/example_nested_branch_dag.py
[2025-11-05T15:39:47.644+0000] {processor.py:840} INFO - DAG(s) 'example_nested_branch_dag' retrieved from /home/airflow/.local/lib/python3.8/site-packages/airflow/example_dags/example_nested_branch_dag.py
[2025-11-05T15:39:48.351+0000] {logging_mixin.py:188} INFO - [2025-11-05T15:39:48.349+0000] {dag.py:3036} INFO - Sync 1 DAGs
[2025-11-05T15:39:48.565+0000] {logging_mixin.py:188} INFO - [2025-11-05T15:39:48.564+0000] {dag.py:3823} INFO - Setting next_dagrun for example_nested_branch_dag to 2025-11-04 00:00:00+00:00, run_after=2025-11-05 00:00:00+00:00
[2025-11-05T15:39:48.769+0000] {processor.py:183} INFO - Processing /home/airflow/.local/lib/python3.8/site-packages/airflow/example_dags/example_nested_branch_dag.py took 1.314 seconds
[2025-11-05T15:40:18.929+0000] {processor.py:161} INFO - Started process (PID=151) to work on /home/airflow/.local/lib/python3.8/site-packages/airflow/example_dags/example_nested_branch_dag.py
[2025-11-05T15:40:18.932+0000] {processor.py:830} INFO - Processing file /home/airflow/.local/lib/python3.8/site-packages/airflow/example_dags/example_nested_branch_dag.py for tasks to queue
[2025-11-05T15:40:18.938+0000] {logging_mixin.py:188} INFO - [2025-11-05T15:40:18.937+0000] {dagbag.py:538} INFO - Filling up the DagBag from /home/airflow/.local/lib/python3.8/site-packages/airflow/example_dags/example_nested_branch_dag.py
[2025-11-05T15:40:18.961+0000] {processor.py:840} INFO - DAG(s) 'example_nested_branch_dag' retrieved from /home/airflow/.local/lib/python3.8/site-packages/airflow/example_dags/example_nested_branch_dag.py
[2025-11-05T15:40:19.010+0000] {logging_mixin.py:188} INFO - [2025-11-05T15:40:19.009+0000] {dag.py:3036} INFO - Sync 1 DAGs
[2025-11-05T15:40:19.061+0000] {logging_mixin.py:188} INFO - [2025-11-05T15:40:19.060+0000] {dag.py:3823} INFO - Setting next_dagrun for example_nested_branch_dag to 2025-11-04 00:00:00+00:00, run_after=2025-11-05 00:00:00+00:00
[2025-11-05T15:40:19.103+0000] {processor.py:183} INFO - Processing /home/airflow/.local/lib/python3.8/site-packages/airflow/example_dags/example_nested_branch_dag.py took 0.180 seconds
[2025-11-05T15:40:49.488+0000] {processor.py:161} INFO - Started process (PID=206) to work on /home/airflow/.local/lib/python3.8/site-packages/airflow/example_dags/example_nested_branch_dag.py
[2025-11-05T15:40:49.489+0000] {processor.py:830} INFO - Processing file /home/airflow/.local/lib/python3.8/site-packages/airflow/example_dags/example_nested_branch_dag.py for tasks to queue
[2025-11-05T15:40:49.492+0000] {logging_mixin.py:188} INFO - [2025-11-05T15:40:49.491+0000] {dagbag.py:538} INFO - Filling up the DagBag from /home/airflow/.local/lib/python3.8/site-packages/airflow/example_dags/example_nested_branch_dag.py
[2025-11-05T15:40:49.504+0000] {processor.py:840} INFO - DAG(s) 'example_nested_branch_dag' retrieved from /home/airflow/.local/lib/python3.8/site-packages/airflow/example_dags/example_nested_branch_dag.py
[2025-11-05T15:40:49.534+0000] {logging_mixin.py:188} INFO - [2025-11-05T15:40:49.533+0000] {dag.py:3036} INFO - Sync 1 DAGs
[2025-11-05T15:40:49.565+0000] {logging_mixin.py:188} INFO - [2025-11-05T15:40:49.565+0000] {dag.py:3823} INFO - Setting next_dagrun for example_nested_branch_dag to 2025-11-04 00:00:00+00:00, run_after=2025-11-05 00:00:00+00:00
[2025-11-05T15:40:49.596+0000] {processor.py:183} INFO - Processing /home/airflow/.local/lib/python3.8/site-packages/airflow/example_dags/example_nested_branch_dag.py took 0.111 seconds
[2025-11-05T15:41:20.104+0000] {processor.py:161} INFO - Started process (PID=261) to work on /home/airflow/.local/lib/python3.8/site-packages/airflow/example_dags/example_nested_branch_dag.py
[2025-11-05T15:41:20.107+0000] {processor.py:830} INFO - Processing file /home/airflow/.local/lib/python3.8/site-packages/airflow/example_dags/example_nested_branch_dag.py for tasks to queue
[2025-11-05T15:41:20.112+0000] {logging_mixin.py:188} INFO - [2025-11-05T15:41:20.110+0000] {dagbag.py:538} INFO - Filling up the DagBag from /home/airflow/.local/lib/python3.8/site-packages/airflow/example_dags/example_nested_branch_dag.py
[2025-11-05T15:41:20.132+0000] {processor.py:840} INFO - DAG(s) 'example_nested_branch_dag' retrieved from /home/airflow/.local/lib/python3.8/site-packages/airflow/example_dags/example_nested_branch_dag.py
[2025-11-05T15:41:20.174+0000] {logging_mixin.py:188} INFO - [2025-11-05T15:41:20.174+0000] {dag.py:3036} INFO - Sync 1 DAGs
[2025-11-05T15:41:20.218+0000] {logging_mixin.py:188} INFO - [2025-11-05T15:41:20.218+0000] {dag.py:3823} INFO - Setting next_dagrun for example_nested_branch_dag to 2025-11-04 00:00:00+00:00, run_after=2025-11-05 00:00:00+00:00
[2025-11-05T15:41:20.268+0000] {processor.py:183} INFO - Processing /home/airflow/.local/lib/python3.8/site-packages/airflow/example_dags/example_nested_branch_dag.py took 0.173 seconds
[2025-11-05T15:41:50.875+0000] {processor.py:161} INFO - Started process (PID=317) to work on /home/airflow/.local/lib/python3.8/site-packages/airflow/example_dags/example_nested_branch_dag.py
[2025-11-05T15:41:50.890+0000] {processor.py:830} INFO - Processing file /home/airflow/.local/lib/python3.8/site-packages/airflow/example_dags/example_nested_branch_dag.py for tasks to queue
[2025-11-05T15:41:50.912+0000] {logging_mixin.py:188} INFO - [2025-11-05T15:41:50.911+0000] {dagbag.py:538} INFO - Filling up the DagBag from /home/airflow/.local/lib/python3.8/site-packages/airflow/example_dags/example_nested_branch_dag.py
[2025-11-05T15:41:50.991+0000] {processor.py:840} INFO - DAG(s) 'example_nested_branch_dag' retrieved from /home/airflow/.local/lib/python3.8/site-packages/airflow/example_dags/example_nested_branch_dag.py
[2025-11-05T15:41:51.186+0000] {logging_mixin.py:188} INFO - [2025-11-05T15:41:51.185+0000] {dag.py:3036} INFO - Sync 1 DAGs
[2025-11-05T15:41:51.428+0000] {logging_mixin.py:188} INFO - [2025-11-05T15:41:51.427+0000] {dag.py:3823} INFO - Setting next_dagrun for example_nested_branch_dag to 2025-11-04 00:00:00+00:00, run_after=2025-11-05 00:00:00+00:00
[2025-11-05T15:41:51.588+0000] {processor.py:183} INFO - Processing /home/airflow/.local/lib/python3.8/site-packages/airflow/example_dags/example_nested_branch_dag.py took 0.734 seconds
[2025-11-05T15:42:22.220+0000] {processor.py:161} INFO - Started process (PID=371) to work on /home/airflow/.local/lib/python3.8/site-packages/airflow/example_dags/example_nested_branch_dag.py
[2025-11-05T15:42:22.338+0000] {processor.py:830} INFO - Processing file /home/airflow/.local/lib/python3.8/site-packages/airflow/example_dags/example_nested_branch_dag.py for tasks to queue
[2025-11-05T15:42:22.355+0000] {logging_mixin.py:188} INFO - [2025-11-05T15:42:22.354+0000] {dagbag.py:538} INFO - Filling up the DagBag from /home/airflow/.local/lib/python3.8/site-packages/airflow/example_dags/example_nested_branch_dag.py
[2025-11-05T15:42:22.450+0000] {processor.py:840} INFO - DAG(s) 'example_nested_branch_dag' retrieved from /home/airflow/.local/lib/python3.8/site-packages/airflow/example_dags/example_nested_branch_dag.py
[2025-11-05T15:42:22.569+0000] {logging_mixin.py:188} INFO - [2025-11-05T15:42:22.568+0000] {dag.py:3036} INFO - Sync 1 DAGs
[2025-11-05T15:42:22.725+0000] {logging_mixin.py:188} INFO - [2025-11-05T15:42:22.724+0000] {dag.py:3823} INFO - Setting next_dagrun for example_nested_branch_dag to 2025-11-04 00:00:00+00:00, run_after=2025-11-05 00:00:00+00:00
[2025-11-05T15:42:22.812+0000] {processor.py:183} INFO - Processing /home/airflow/.local/lib/python3.8/site-packages/airflow/example_dags/example_nested_branch_dag.py took 0.624 seconds
[2025-11-05T15:42:53.856+0000] {processor.py:161} INFO - Started process (PID=433) to work on /home/airflow/.local/lib/python3.8/site-packages/airflow/example_dags/example_nested_branch_dag.py
[2025-11-05T15:42:53.865+0000] {processor.py:830} INFO - Processing file /home/airflow/.local/lib/python3.8/site-packages/airflow/example_dags/example_nested_branch_dag.py for tasks to queue
[2025-11-05T15:42:53.874+0000] {logging_mixin.py:188} INFO - [2025-11-05T15:42:53.872+0000] {dagbag.py:538} INFO - Filling up the DagBag from /home/airflow/.local/lib/python3.8/site-packages/airflow/example_dags/example_nested_branch_dag.py
[2025-11-05T15:42:53.928+0000] {processor.py:840} INFO - DAG(s) 'example_nested_branch_dag' retrieved from /home/airflow/.local/lib/python3.8/site-packages/airflow/example_dags/example_nested_branch_dag.py
[2025-11-05T15:42:54.059+0000] {logging_mixin.py:188} INFO - [2025-11-05T15:42:54.059+0000] {dag.py:3036} INFO - Sync 1 DAGs
[2025-11-05T15:42:54.155+0000] {logging_mixin.py:188} INFO - [2025-11-05T15:42:54.154+0000] {dag.py:3823} INFO - Setting next_dagrun for example_nested_branch_dag to 2025-11-04 00:00:00+00:00, run_after=2025-11-05 00:00:00+00:00
[2025-11-05T15:42:54.229+0000] {processor.py:183} INFO - Processing /home/airflow/.local/lib/python3.8/site-packages/airflow/example_dags/example_nested_branch_dag.py took 0.391 seconds
[2025-11-05T15:43:24.465+0000] {processor.py:161} INFO - Started process (PID=488) to work on /home/airflow/.local/lib/python3.8/site-packages/airflow/example_dags/example_nested_branch_dag.py
[2025-11-05T15:43:24.466+0000] {processor.py:830} INFO - Processing file /home/airflow/.local/lib/python3.8/site-packages/airflow/example_dags/example_nested_branch_dag.py for tasks to queue
[2025-11-05T15:43:24.469+0000] {logging_mixin.py:188} INFO - [2025-11-05T15:43:24.469+0000] {dagbag.py:538} INFO - Filling up the DagBag from /home/airflow/.local/lib/python3.8/site-packages/airflow/example_dags/example_nested_branch_dag.py
[2025-11-05T15:43:24.484+0000] {processor.py:840} INFO - DAG(s) 'example_nested_branch_dag' retrieved from /home/airflow/.local/lib/python3.8/site-packages/airflow/example_dags/example_nested_branch_dag.py
[2025-11-05T15:43:24.518+0000] {logging_mixin.py:188} INFO - [2025-11-05T15:43:24.518+0000] {dag.py:3036} INFO - Sync 1 DAGs
[2025-11-05T15:43:24.564+0000] {logging_mixin.py:188} INFO - [2025-11-05T15:43:24.564+0000] {dag.py:3823} INFO - Setting next_dagrun for example_nested_branch_dag to 2025-11-04 00:00:00+00:00, run_after=2025-11-05 00:00:00+00:00
[2025-11-05T15:43:24.608+0000] {processor.py:183} INFO - Processing /home/airflow/.local/lib/python3.8/site-packages/airflow/example_dags/example_nested_branch_dag.py took 0.149 seconds
[2025-11-05T15:43:54.759+0000] {processor.py:161} INFO - Started process (PID=543) to work on /home/airflow/.local/lib/python3.8/site-packages/airflow/example_dags/example_nested_branch_dag.py
[2025-11-05T15:43:54.767+0000] {processor.py:830} INFO - Processing file /home/airflow/.local/lib/python3.8/site-packages/airflow/example_dags/example_nested_branch_dag.py for tasks to queue
[2025-11-05T15:43:54.781+0000] {logging_mixin.py:188} INFO - [2025-11-05T15:43:54.779+0000] {dagbag.py:538} INFO - Filling up the DagBag from /home/airflow/.local/lib/python3.8/site-packages/airflow/example_dags/example_nested_branch_dag.py
[2025-11-05T15:43:54.827+0000] {processor.py:840} INFO - DAG(s) 'example_nested_branch_dag' retrieved from /home/airflow/.local/lib/python3.8/site-packages/airflow/example_dags/example_nested_branch_dag.py
[2025-11-05T15:43:54.897+0000] {logging_mixin.py:188} INFO - [2025-11-05T15:43:54.896+0000] {dag.py:3036} INFO - Sync 1 DAGs
[2025-11-05T15:43:55.014+0000] {logging_mixin.py:188} INFO - [2025-11-05T15:43:55.013+0000] {dag.py:3823} INFO - Setting next_dagrun for example_nested_branch_dag to 2025-11-04 00:00:00+00:00, run_after=2025-11-05 00:00:00+00:00
[2025-11-05T15:43:55.084+0000] {processor.py:183} INFO - Processing /home/airflow/.local/lib/python3.8/site-packages/airflow/example_dags/example_nested_branch_dag.py took 0.345 seconds
[2025-11-05T15:44:25.886+0000] {processor.py:161} INFO - Started process (PID=598) to work on /home/airflow/.local/lib/python3.8/site-packages/airflow/example_dags/example_nested_branch_dag.py
[2025-11-05T15:44:25.889+0000] {processor.py:830} INFO - Processing file /home/airflow/.local/lib/python3.8/site-packages/airflow/example_dags/example_nested_branch_dag.py for tasks to queue
[2025-11-05T15:44:25.904+0000] {logging_mixin.py:188} INFO - [2025-11-05T15:44:25.903+0000] {dagbag.py:538} INFO - Filling up the DagBag from /home/airflow/.local/lib/python3.8/site-packages/airflow/example_dags/example_nested_branch_dag.py
[2025-11-05T15:44:25.949+0000] {processor.py:840} INFO - DAG(s) 'example_nested_branch_dag' retrieved from /home/airflow/.local/lib/python3.8/site-packages/airflow/example_dags/example_nested_branch_dag.py
[2025-11-05T15:44:26.079+0000] {logging_mixin.py:188} INFO - [2025-11-05T15:44:26.079+0000] {dag.py:3036} INFO - Sync 1 DAGs
[2025-11-05T15:44:26.171+0000] {logging_mixin.py:188} INFO - [2025-11-05T15:44:26.171+0000] {dag.py:3823} INFO - Setting next_dagrun for example_nested_branch_dag to 2025-11-04 00:00:00+00:00, run_after=2025-11-05 00:00:00+00:00
[2025-11-05T15:44:26.237+0000] {processor.py:183} INFO - Processing /home/airflow/.local/lib/python3.8/site-packages/airflow/example_dags/example_nested_branch_dag.py took 0.362 seconds
