[2025-11-05T15:35:44.980+0000] {processor.py:161} INFO - Started process (PID=89) to work on /home/airflow/.local/lib/python3.8/site-packages/airflow/example_dags/example_branch_datetime_operator.py
[2025-11-05T15:35:44.984+0000] {processor.py:830} INFO - Processing file /home/airflow/.local/lib/python3.8/site-packages/airflow/example_dags/example_branch_datetime_operator.py for tasks to queue
[2025-11-05T15:35:44.992+0000] {logging_mixin.py:188} INFO - [2025-11-05T15:35:44.991+0000] {dagbag.py:538} INFO - Filling up the DagBag from /home/airflow/.local/lib/python3.8/site-packages/airflow/example_dags/example_branch_datetime_operator.py
[2025-11-05T15:35:45.035+0000] {processor.py:840} INFO - DAG(s) 'example_branch_datetime_operator_3', 'example_branch_datetime_operator', 'example_branch_datetime_operator_2' retrieved from /home/airflow/.local/lib/python3.8/site-packages/airflow/example_dags/example_branch_datetime_operator.py
[2025-11-05T15:35:45.422+0000] {logging_mixin.py:188} INFO - [2025-11-05T15:35:45.421+0000] {dag.py:3036} INFO - Sync 3 DAGs
[2025-11-05T15:35:45.494+0000] {logging_mixin.py:188} INFO - [2025-11-05T15:35:45.494+0000] {dag.py:3823} INFO - Setting next_dagrun for example_branch_datetime_operator to 2025-11-04 00:00:00+00:00, run_after=2025-11-05 00:00:00+00:00
[2025-11-05T15:35:45.511+0000] {logging_mixin.py:188} INFO - [2025-11-05T15:35:45.510+0000] {dag.py:3823} INFO - Setting next_dagrun for example_branch_datetime_operator_2 to 2025-11-04 00:00:00+00:00, run_after=2025-11-05 00:00:00+00:00
[2025-11-05T15:35:45.519+0000] {logging_mixin.py:188} INFO - [2025-11-05T15:35:45.519+0000] {dag.py:3823} INFO - Setting next_dagrun for example_branch_datetime_operator_3 to 2025-11-04 00:00:00+00:00, run_after=2025-11-05 00:00:00+00:00
[2025-11-05T15:35:45.575+0000] {processor.py:183} INFO - Processing /home/airflow/.local/lib/python3.8/site-packages/airflow/example_dags/example_branch_datetime_operator.py took 0.607 seconds
[2025-11-05T15:36:16.813+0000] {processor.py:161} INFO - Started process (PID=144) to work on /home/airflow/.local/lib/python3.8/site-packages/airflow/example_dags/example_branch_datetime_operator.py
[2025-11-05T15:36:16.817+0000] {processor.py:830} INFO - Processing file /home/airflow/.local/lib/python3.8/site-packages/airflow/example_dags/example_branch_datetime_operator.py for tasks to queue
[2025-11-05T15:36:16.824+0000] {logging_mixin.py:188} INFO - [2025-11-05T15:36:16.823+0000] {dagbag.py:538} INFO - Filling up the DagBag from /home/airflow/.local/lib/python3.8/site-packages/airflow/example_dags/example_branch_datetime_operator.py
[2025-11-05T15:36:16.873+0000] {processor.py:840} INFO - DAG(s) 'example_branch_datetime_operator', 'example_branch_datetime_operator_2', 'example_branch_datetime_operator_3' retrieved from /home/airflow/.local/lib/python3.8/site-packages/airflow/example_dags/example_branch_datetime_operator.py
[2025-11-05T15:36:17.065+0000] {logging_mixin.py:188} INFO - [2025-11-05T15:36:17.064+0000] {dag.py:3036} INFO - Sync 3 DAGs
[2025-11-05T15:36:17.181+0000] {logging_mixin.py:188} INFO - [2025-11-05T15:36:17.181+0000] {dag.py:3823} INFO - Setting next_dagrun for example_branch_datetime_operator to 2025-11-04 00:00:00+00:00, run_after=2025-11-05 00:00:00+00:00
[2025-11-05T15:36:17.201+0000] {logging_mixin.py:188} INFO - [2025-11-05T15:36:17.200+0000] {dag.py:3823} INFO - Setting next_dagrun for example_branch_datetime_operator_2 to 2025-11-04 00:00:00+00:00, run_after=2025-11-05 00:00:00+00:00
[2025-11-05T15:36:17.215+0000] {logging_mixin.py:188} INFO - [2025-11-05T15:36:17.214+0000] {dag.py:3823} INFO - Setting next_dagrun for example_branch_datetime_operator_3 to 2025-11-04 00:00:00+00:00, run_after=2025-11-05 00:00:00+00:00
[2025-11-05T15:36:17.276+0000] {processor.py:183} INFO - Processing /home/airflow/.local/lib/python3.8/site-packages/airflow/example_dags/example_branch_datetime_operator.py took 0.484 seconds
[2025-11-05T15:36:47.887+0000] {processor.py:161} INFO - Started process (PID=199) to work on /home/airflow/.local/lib/python3.8/site-packages/airflow/example_dags/example_branch_datetime_operator.py
[2025-11-05T15:36:47.898+0000] {processor.py:830} INFO - Processing file /home/airflow/.local/lib/python3.8/site-packages/airflow/example_dags/example_branch_datetime_operator.py for tasks to queue
[2025-11-05T15:36:47.904+0000] {logging_mixin.py:188} INFO - [2025-11-05T15:36:47.903+0000] {dagbag.py:538} INFO - Filling up the DagBag from /home/airflow/.local/lib/python3.8/site-packages/airflow/example_dags/example_branch_datetime_operator.py
[2025-11-05T15:36:47.932+0000] {processor.py:840} INFO - DAG(s) 'example_branch_datetime_operator', 'example_branch_datetime_operator_2', 'example_branch_datetime_operator_3' retrieved from /home/airflow/.local/lib/python3.8/site-packages/airflow/example_dags/example_branch_datetime_operator.py
[2025-11-05T15:36:48.053+0000] {logging_mixin.py:188} INFO - [2025-11-05T15:36:48.053+0000] {dag.py:3036} INFO - Sync 3 DAGs
[2025-11-05T15:36:48.161+0000] {logging_mixin.py:188} INFO - [2025-11-05T15:36:48.156+0000] {dag.py:3823} INFO - Setting next_dagrun for example_branch_datetime_operator to 2025-11-04 00:00:00+00:00, run_after=2025-11-05 00:00:00+00:00
[2025-11-05T15:36:48.184+0000] {logging_mixin.py:188} INFO - [2025-11-05T15:36:48.183+0000] {dag.py:3823} INFO - Setting next_dagrun for example_branch_datetime_operator_2 to 2025-11-04 00:00:00+00:00, run_after=2025-11-05 00:00:00+00:00
[2025-11-05T15:36:48.193+0000] {logging_mixin.py:188} INFO - [2025-11-05T15:36:48.193+0000] {dag.py:3823} INFO - Setting next_dagrun for example_branch_datetime_operator_3 to 2025-11-04 00:00:00+00:00, run_after=2025-11-05 00:00:00+00:00
[2025-11-05T15:36:48.252+0000] {processor.py:183} INFO - Processing /home/airflow/.local/lib/python3.8/site-packages/airflow/example_dags/example_branch_datetime_operator.py took 0.373 seconds
[2025-11-05T15:37:19.738+0000] {processor.py:161} INFO - Started process (PID=254) to work on /home/airflow/.local/lib/python3.8/site-packages/airflow/example_dags/example_branch_datetime_operator.py
[2025-11-05T15:37:19.742+0000] {processor.py:830} INFO - Processing file /home/airflow/.local/lib/python3.8/site-packages/airflow/example_dags/example_branch_datetime_operator.py for tasks to queue
[2025-11-05T15:37:19.750+0000] {logging_mixin.py:188} INFO - [2025-11-05T15:37:19.749+0000] {dagbag.py:538} INFO - Filling up the DagBag from /home/airflow/.local/lib/python3.8/site-packages/airflow/example_dags/example_branch_datetime_operator.py
[2025-11-05T15:37:19.793+0000] {processor.py:840} INFO - DAG(s) 'example_branch_datetime_operator', 'example_branch_datetime_operator_2', 'example_branch_datetime_operator_3' retrieved from /home/airflow/.local/lib/python3.8/site-packages/airflow/example_dags/example_branch_datetime_operator.py
[2025-11-05T15:37:19.893+0000] {logging_mixin.py:188} INFO - [2025-11-05T15:37:19.892+0000] {dag.py:3036} INFO - Sync 3 DAGs
[2025-11-05T15:37:19.984+0000] {logging_mixin.py:188} INFO - [2025-11-05T15:37:19.983+0000] {dag.py:3823} INFO - Setting next_dagrun for example_branch_datetime_operator to 2025-11-04 00:00:00+00:00, run_after=2025-11-05 00:00:00+00:00
[2025-11-05T15:37:20.010+0000] {logging_mixin.py:188} INFO - [2025-11-05T15:37:20.009+0000] {dag.py:3823} INFO - Setting next_dagrun for example_branch_datetime_operator_2 to 2025-11-04 00:00:00+00:00, run_after=2025-11-05 00:00:00+00:00
[2025-11-05T15:37:20.028+0000] {logging_mixin.py:188} INFO - [2025-11-05T15:37:20.028+0000] {dag.py:3823} INFO - Setting next_dagrun for example_branch_datetime_operator_3 to 2025-11-04 00:00:00+00:00, run_after=2025-11-05 00:00:00+00:00
[2025-11-05T15:37:20.119+0000] {processor.py:183} INFO - Processing /home/airflow/.local/lib/python3.8/site-packages/airflow/example_dags/example_branch_datetime_operator.py took 0.393 seconds
[2025-11-05T15:39:42.949+0000] {processor.py:161} INFO - Started process (PID=91) to work on /home/airflow/.local/lib/python3.8/site-packages/airflow/example_dags/example_branch_datetime_operator.py
[2025-11-05T15:39:42.956+0000] {processor.py:830} INFO - Processing file /home/airflow/.local/lib/python3.8/site-packages/airflow/example_dags/example_branch_datetime_operator.py for tasks to queue
[2025-11-05T15:39:42.978+0000] {logging_mixin.py:188} INFO - [2025-11-05T15:39:42.977+0000] {dagbag.py:538} INFO - Filling up the DagBag from /home/airflow/.local/lib/python3.8/site-packages/airflow/example_dags/example_branch_datetime_operator.py
[2025-11-05T15:39:43.093+0000] {processor.py:840} INFO - DAG(s) 'example_branch_datetime_operator', 'example_branch_datetime_operator_2', 'example_branch_datetime_operator_3' retrieved from /home/airflow/.local/lib/python3.8/site-packages/airflow/example_dags/example_branch_datetime_operator.py
[2025-11-05T15:39:44.321+0000] {logging_mixin.py:188} INFO - [2025-11-05T15:39:44.320+0000] {dag.py:3036} INFO - Sync 3 DAGs
[2025-11-05T15:39:44.548+0000] {logging_mixin.py:188} INFO - [2025-11-05T15:39:44.547+0000] {dag.py:3823} INFO - Setting next_dagrun for example_branch_datetime_operator to 2025-11-04 00:00:00+00:00, run_after=2025-11-05 00:00:00+00:00
[2025-11-05T15:39:44.582+0000] {logging_mixin.py:188} INFO - [2025-11-05T15:39:44.581+0000] {dag.py:3823} INFO - Setting next_dagrun for example_branch_datetime_operator_2 to 2025-11-04 00:00:00+00:00, run_after=2025-11-05 00:00:00+00:00
[2025-11-05T15:39:44.613+0000] {logging_mixin.py:188} INFO - [2025-11-05T15:39:44.612+0000] {dag.py:3823} INFO - Setting next_dagrun for example_branch_datetime_operator_3 to 2025-11-04 00:00:00+00:00, run_after=2025-11-05 00:00:00+00:00
[2025-11-05T15:39:44.770+0000] {processor.py:183} INFO - Processing /home/airflow/.local/lib/python3.8/site-packages/airflow/example_dags/example_branch_datetime_operator.py took 1.868 seconds
[2025-11-05T15:40:15.472+0000] {processor.py:161} INFO - Started process (PID=145) to work on /home/airflow/.local/lib/python3.8/site-packages/airflow/example_dags/example_branch_datetime_operator.py
[2025-11-05T15:40:15.474+0000] {processor.py:830} INFO - Processing file /home/airflow/.local/lib/python3.8/site-packages/airflow/example_dags/example_branch_datetime_operator.py for tasks to queue
[2025-11-05T15:40:15.480+0000] {logging_mixin.py:188} INFO - [2025-11-05T15:40:15.479+0000] {dagbag.py:538} INFO - Filling up the DagBag from /home/airflow/.local/lib/python3.8/site-packages/airflow/example_dags/example_branch_datetime_operator.py
[2025-11-05T15:40:15.519+0000] {processor.py:840} INFO - DAG(s) 'example_branch_datetime_operator_2', 'example_branch_datetime_operator', 'example_branch_datetime_operator_3' retrieved from /home/airflow/.local/lib/python3.8/site-packages/airflow/example_dags/example_branch_datetime_operator.py
[2025-11-05T15:40:15.598+0000] {logging_mixin.py:188} INFO - [2025-11-05T15:40:15.597+0000] {dag.py:3036} INFO - Sync 3 DAGs
[2025-11-05T15:40:15.668+0000] {logging_mixin.py:188} INFO - [2025-11-05T15:40:15.668+0000] {dag.py:3823} INFO - Setting next_dagrun for example_branch_datetime_operator to 2025-11-04 00:00:00+00:00, run_after=2025-11-05 00:00:00+00:00
[2025-11-05T15:40:15.682+0000] {logging_mixin.py:188} INFO - [2025-11-05T15:40:15.682+0000] {dag.py:3823} INFO - Setting next_dagrun for example_branch_datetime_operator_2 to 2025-11-04 00:00:00+00:00, run_after=2025-11-05 00:00:00+00:00
[2025-11-05T15:40:15.691+0000] {logging_mixin.py:188} INFO - [2025-11-05T15:40:15.690+0000] {dag.py:3823} INFO - Setting next_dagrun for example_branch_datetime_operator_3 to 2025-11-04 00:00:00+00:00, run_after=2025-11-05 00:00:00+00:00
[2025-11-05T15:40:15.742+0000] {processor.py:183} INFO - Processing /home/airflow/.local/lib/python3.8/site-packages/airflow/example_dags/example_branch_datetime_operator.py took 0.278 seconds
[2025-11-05T15:40:45.934+0000] {processor.py:161} INFO - Started process (PID=200) to work on /home/airflow/.local/lib/python3.8/site-packages/airflow/example_dags/example_branch_datetime_operator.py
[2025-11-05T15:40:45.941+0000] {processor.py:830} INFO - Processing file /home/airflow/.local/lib/python3.8/site-packages/airflow/example_dags/example_branch_datetime_operator.py for tasks to queue
[2025-11-05T15:40:45.958+0000] {logging_mixin.py:188} INFO - [2025-11-05T15:40:45.957+0000] {dagbag.py:538} INFO - Filling up the DagBag from /home/airflow/.local/lib/python3.8/site-packages/airflow/example_dags/example_branch_datetime_operator.py
[2025-11-05T15:40:46.004+0000] {processor.py:840} INFO - DAG(s) 'example_branch_datetime_operator', 'example_branch_datetime_operator_3', 'example_branch_datetime_operator_2' retrieved from /home/airflow/.local/lib/python3.8/site-packages/airflow/example_dags/example_branch_datetime_operator.py
[2025-11-05T15:40:46.084+0000] {logging_mixin.py:188} INFO - [2025-11-05T15:40:46.083+0000] {dag.py:3036} INFO - Sync 3 DAGs
[2025-11-05T15:40:46.141+0000] {logging_mixin.py:188} INFO - [2025-11-05T15:40:46.141+0000] {dag.py:3823} INFO - Setting next_dagrun for example_branch_datetime_operator to 2025-11-04 00:00:00+00:00, run_after=2025-11-05 00:00:00+00:00
[2025-11-05T15:40:46.151+0000] {logging_mixin.py:188} INFO - [2025-11-05T15:40:46.151+0000] {dag.py:3823} INFO - Setting next_dagrun for example_branch_datetime_operator_2 to 2025-11-04 00:00:00+00:00, run_after=2025-11-05 00:00:00+00:00
[2025-11-05T15:40:46.157+0000] {logging_mixin.py:188} INFO - [2025-11-05T15:40:46.156+0000] {dag.py:3823} INFO - Setting next_dagrun for example_branch_datetime_operator_3 to 2025-11-04 00:00:00+00:00, run_after=2025-11-05 00:00:00+00:00
[2025-11-05T15:40:46.200+0000] {processor.py:183} INFO - Processing /home/airflow/.local/lib/python3.8/site-packages/airflow/example_dags/example_branch_datetime_operator.py took 0.288 seconds
[2025-11-05T15:41:16.293+0000] {processor.py:161} INFO - Started process (PID=255) to work on /home/airflow/.local/lib/python3.8/site-packages/airflow/example_dags/example_branch_datetime_operator.py
[2025-11-05T15:41:16.294+0000] {processor.py:830} INFO - Processing file /home/airflow/.local/lib/python3.8/site-packages/airflow/example_dags/example_branch_datetime_operator.py for tasks to queue
[2025-11-05T15:41:16.297+0000] {logging_mixin.py:188} INFO - [2025-11-05T15:41:16.297+0000] {dagbag.py:538} INFO - Filling up the DagBag from /home/airflow/.local/lib/python3.8/site-packages/airflow/example_dags/example_branch_datetime_operator.py
[2025-11-05T15:41:16.311+0000] {processor.py:840} INFO - DAG(s) 'example_branch_datetime_operator_3', 'example_branch_datetime_operator', 'example_branch_datetime_operator_2' retrieved from /home/airflow/.local/lib/python3.8/site-packages/airflow/example_dags/example_branch_datetime_operator.py
[2025-11-05T15:41:16.348+0000] {logging_mixin.py:188} INFO - [2025-11-05T15:41:16.348+0000] {dag.py:3036} INFO - Sync 3 DAGs
[2025-11-05T15:41:16.391+0000] {logging_mixin.py:188} INFO - [2025-11-05T15:41:16.391+0000] {dag.py:3823} INFO - Setting next_dagrun for example_branch_datetime_operator to 2025-11-04 00:00:00+00:00, run_after=2025-11-05 00:00:00+00:00
[2025-11-05T15:41:16.397+0000] {logging_mixin.py:188} INFO - [2025-11-05T15:41:16.397+0000] {dag.py:3823} INFO - Setting next_dagrun for example_branch_datetime_operator_2 to 2025-11-04 00:00:00+00:00, run_after=2025-11-05 00:00:00+00:00
[2025-11-05T15:41:16.401+0000] {logging_mixin.py:188} INFO - [2025-11-05T15:41:16.401+0000] {dag.py:3823} INFO - Setting next_dagrun for example_branch_datetime_operator_3 to 2025-11-04 00:00:00+00:00, run_after=2025-11-05 00:00:00+00:00
[2025-11-05T15:41:16.430+0000] {processor.py:183} INFO - Processing /home/airflow/.local/lib/python3.8/site-packages/airflow/example_dags/example_branch_datetime_operator.py took 0.142 seconds
[2025-11-05T15:41:46.599+0000] {processor.py:161} INFO - Started process (PID=311) to work on /home/airflow/.local/lib/python3.8/site-packages/airflow/example_dags/example_branch_datetime_operator.py
[2025-11-05T15:41:46.603+0000] {processor.py:830} INFO - Processing file /home/airflow/.local/lib/python3.8/site-packages/airflow/example_dags/example_branch_datetime_operator.py for tasks to queue
[2025-11-05T15:41:46.613+0000] {logging_mixin.py:188} INFO - [2025-11-05T15:41:46.612+0000] {dagbag.py:538} INFO - Filling up the DagBag from /home/airflow/.local/lib/python3.8/site-packages/airflow/example_dags/example_branch_datetime_operator.py
[2025-11-05T15:41:46.660+0000] {processor.py:840} INFO - DAG(s) 'example_branch_datetime_operator', 'example_branch_datetime_operator_3', 'example_branch_datetime_operator_2' retrieved from /home/airflow/.local/lib/python3.8/site-packages/airflow/example_dags/example_branch_datetime_operator.py
[2025-11-05T15:41:46.756+0000] {logging_mixin.py:188} INFO - [2025-11-05T15:41:46.756+0000] {dag.py:3036} INFO - Sync 3 DAGs
[2025-11-05T15:41:46.826+0000] {logging_mixin.py:188} INFO - [2025-11-05T15:41:46.825+0000] {dag.py:3823} INFO - Setting next_dagrun for example_branch_datetime_operator to 2025-11-04 00:00:00+00:00, run_after=2025-11-05 00:00:00+00:00
[2025-11-05T15:41:46.838+0000] {logging_mixin.py:188} INFO - [2025-11-05T15:41:46.838+0000] {dag.py:3823} INFO - Setting next_dagrun for example_branch_datetime_operator_2 to 2025-11-04 00:00:00+00:00, run_after=2025-11-05 00:00:00+00:00
[2025-11-05T15:41:46.845+0000] {logging_mixin.py:188} INFO - [2025-11-05T15:41:46.845+0000] {dag.py:3823} INFO - Setting next_dagrun for example_branch_datetime_operator_3 to 2025-11-04 00:00:00+00:00, run_after=2025-11-05 00:00:00+00:00
[2025-11-05T15:41:46.902+0000] {processor.py:183} INFO - Processing /home/airflow/.local/lib/python3.8/site-packages/airflow/example_dags/example_branch_datetime_operator.py took 0.319 seconds
[2025-11-05T15:42:17.743+0000] {processor.py:161} INFO - Started process (PID=365) to work on /home/airflow/.local/lib/python3.8/site-packages/airflow/example_dags/example_branch_datetime_operator.py
[2025-11-05T15:42:17.745+0000] {processor.py:830} INFO - Processing file /home/airflow/.local/lib/python3.8/site-packages/airflow/example_dags/example_branch_datetime_operator.py for tasks to queue
[2025-11-05T15:42:17.750+0000] {logging_mixin.py:188} INFO - [2025-11-05T15:42:17.749+0000] {dagbag.py:538} INFO - Filling up the DagBag from /home/airflow/.local/lib/python3.8/site-packages/airflow/example_dags/example_branch_datetime_operator.py
[2025-11-05T15:42:17.771+0000] {processor.py:840} INFO - DAG(s) 'example_branch_datetime_operator_2', 'example_branch_datetime_operator_3', 'example_branch_datetime_operator' retrieved from /home/airflow/.local/lib/python3.8/site-packages/airflow/example_dags/example_branch_datetime_operator.py
[2025-11-05T15:42:17.835+0000] {logging_mixin.py:188} INFO - [2025-11-05T15:42:17.835+0000] {dag.py:3036} INFO - Sync 3 DAGs
[2025-11-05T15:42:17.888+0000] {logging_mixin.py:188} INFO - [2025-11-05T15:42:17.888+0000] {dag.py:3823} INFO - Setting next_dagrun for example_branch_datetime_operator to 2025-11-04 00:00:00+00:00, run_after=2025-11-05 00:00:00+00:00
[2025-11-05T15:42:17.899+0000] {logging_mixin.py:188} INFO - [2025-11-05T15:42:17.898+0000] {dag.py:3823} INFO - Setting next_dagrun for example_branch_datetime_operator_2 to 2025-11-04 00:00:00+00:00, run_after=2025-11-05 00:00:00+00:00
[2025-11-05T15:42:17.905+0000] {logging_mixin.py:188} INFO - [2025-11-05T15:42:17.904+0000] {dag.py:3823} INFO - Setting next_dagrun for example_branch_datetime_operator_3 to 2025-11-04 00:00:00+00:00, run_after=2025-11-05 00:00:00+00:00
[2025-11-05T15:42:17.944+0000] {processor.py:183} INFO - Processing /home/airflow/.local/lib/python3.8/site-packages/airflow/example_dags/example_branch_datetime_operator.py took 0.207 seconds
[2025-11-05T15:42:48.429+0000] {processor.py:161} INFO - Started process (PID=427) to work on /home/airflow/.local/lib/python3.8/site-packages/airflow/example_dags/example_branch_datetime_operator.py
[2025-11-05T15:42:48.436+0000] {processor.py:830} INFO - Processing file /home/airflow/.local/lib/python3.8/site-packages/airflow/example_dags/example_branch_datetime_operator.py for tasks to queue
[2025-11-05T15:42:48.455+0000] {logging_mixin.py:188} INFO - [2025-11-05T15:42:48.454+0000] {dagbag.py:538} INFO - Filling up the DagBag from /home/airflow/.local/lib/python3.8/site-packages/airflow/example_dags/example_branch_datetime_operator.py
[2025-11-05T15:42:48.608+0000] {processor.py:840} INFO - DAG(s) 'example_branch_datetime_operator', 'example_branch_datetime_operator_2', 'example_branch_datetime_operator_3' retrieved from /home/airflow/.local/lib/python3.8/site-packages/airflow/example_dags/example_branch_datetime_operator.py
[2025-11-05T15:42:48.806+0000] {logging_mixin.py:188} INFO - [2025-11-05T15:42:48.806+0000] {dag.py:3036} INFO - Sync 3 DAGs
[2025-11-05T15:42:49.149+0000] {logging_mixin.py:188} INFO - [2025-11-05T15:42:49.148+0000] {dag.py:3823} INFO - Setting next_dagrun for example_branch_datetime_operator to 2025-11-04 00:00:00+00:00, run_after=2025-11-05 00:00:00+00:00
[2025-11-05T15:42:49.207+0000] {logging_mixin.py:188} INFO - [2025-11-05T15:42:49.202+0000] {dag.py:3823} INFO - Setting next_dagrun for example_branch_datetime_operator_2 to 2025-11-04 00:00:00+00:00, run_after=2025-11-05 00:00:00+00:00
[2025-11-05T15:42:49.233+0000] {logging_mixin.py:188} INFO - [2025-11-05T15:42:49.232+0000] {dag.py:3823} INFO - Setting next_dagrun for example_branch_datetime_operator_3 to 2025-11-04 00:00:00+00:00, run_after=2025-11-05 00:00:00+00:00
[2025-11-05T15:42:49.359+0000] {processor.py:183} INFO - Processing /home/airflow/.local/lib/python3.8/site-packages/airflow/example_dags/example_branch_datetime_operator.py took 0.962 seconds
[2025-11-05T15:43:20.159+0000] {processor.py:161} INFO - Started process (PID=482) to work on /home/airflow/.local/lib/python3.8/site-packages/airflow/example_dags/example_branch_datetime_operator.py
[2025-11-05T15:43:20.174+0000] {processor.py:830} INFO - Processing file /home/airflow/.local/lib/python3.8/site-packages/airflow/example_dags/example_branch_datetime_operator.py for tasks to queue
[2025-11-05T15:43:20.190+0000] {logging_mixin.py:188} INFO - [2025-11-05T15:43:20.189+0000] {dagbag.py:538} INFO - Filling up the DagBag from /home/airflow/.local/lib/python3.8/site-packages/airflow/example_dags/example_branch_datetime_operator.py
[2025-11-05T15:43:20.299+0000] {processor.py:840} INFO - DAG(s) 'example_branch_datetime_operator_3', 'example_branch_datetime_operator_2', 'example_branch_datetime_operator' retrieved from /home/airflow/.local/lib/python3.8/site-packages/airflow/example_dags/example_branch_datetime_operator.py
[2025-11-05T15:43:20.523+0000] {logging_mixin.py:188} INFO - [2025-11-05T15:43:20.522+0000] {dag.py:3036} INFO - Sync 3 DAGs
[2025-11-05T15:43:20.673+0000] {logging_mixin.py:188} INFO - [2025-11-05T15:43:20.673+0000] {dag.py:3823} INFO - Setting next_dagrun for example_branch_datetime_operator to 2025-11-04 00:00:00+00:00, run_after=2025-11-05 00:00:00+00:00
[2025-11-05T15:43:20.710+0000] {logging_mixin.py:188} INFO - [2025-11-05T15:43:20.709+0000] {dag.py:3823} INFO - Setting next_dagrun for example_branch_datetime_operator_2 to 2025-11-04 00:00:00+00:00, run_after=2025-11-05 00:00:00+00:00
[2025-11-05T15:43:20.730+0000] {logging_mixin.py:188} INFO - [2025-11-05T15:43:20.729+0000] {dag.py:3823} INFO - Setting next_dagrun for example_branch_datetime_operator_3 to 2025-11-04 00:00:00+00:00, run_after=2025-11-05 00:00:00+00:00
[2025-11-05T15:43:20.824+0000] {processor.py:183} INFO - Processing /home/airflow/.local/lib/python3.8/site-packages/airflow/example_dags/example_branch_datetime_operator.py took 0.689 seconds
[2025-11-05T15:43:50.954+0000] {processor.py:161} INFO - Started process (PID=537) to work on /home/airflow/.local/lib/python3.8/site-packages/airflow/example_dags/example_branch_datetime_operator.py
[2025-11-05T15:43:50.955+0000] {processor.py:830} INFO - Processing file /home/airflow/.local/lib/python3.8/site-packages/airflow/example_dags/example_branch_datetime_operator.py for tasks to queue
[2025-11-05T15:43:50.958+0000] {logging_mixin.py:188} INFO - [2025-11-05T15:43:50.958+0000] {dagbag.py:538} INFO - Filling up the DagBag from /home/airflow/.local/lib/python3.8/site-packages/airflow/example_dags/example_branch_datetime_operator.py
[2025-11-05T15:43:50.970+0000] {processor.py:840} INFO - DAG(s) 'example_branch_datetime_operator_3', 'example_branch_datetime_operator', 'example_branch_datetime_operator_2' retrieved from /home/airflow/.local/lib/python3.8/site-packages/airflow/example_dags/example_branch_datetime_operator.py
[2025-11-05T15:43:51.006+0000] {logging_mixin.py:188} INFO - [2025-11-05T15:43:51.005+0000] {dag.py:3036} INFO - Sync 3 DAGs
[2025-11-05T15:43:51.033+0000] {logging_mixin.py:188} INFO - [2025-11-05T15:43:51.033+0000] {dag.py:3823} INFO - Setting next_dagrun for example_branch_datetime_operator to 2025-11-04 00:00:00+00:00, run_after=2025-11-05 00:00:00+00:00
[2025-11-05T15:43:51.039+0000] {logging_mixin.py:188} INFO - [2025-11-05T15:43:51.039+0000] {dag.py:3823} INFO - Setting next_dagrun for example_branch_datetime_operator_2 to 2025-11-04 00:00:00+00:00, run_after=2025-11-05 00:00:00+00:00
[2025-11-05T15:43:51.043+0000] {logging_mixin.py:188} INFO - [2025-11-05T15:43:51.043+0000] {dag.py:3823} INFO - Setting next_dagrun for example_branch_datetime_operator_3 to 2025-11-04 00:00:00+00:00, run_after=2025-11-05 00:00:00+00:00
[2025-11-05T15:43:51.067+0000] {processor.py:183} INFO - Processing /home/airflow/.local/lib/python3.8/site-packages/airflow/example_dags/example_branch_datetime_operator.py took 0.118 seconds
[2025-11-05T15:44:21.164+0000] {processor.py:161} INFO - Started process (PID=591) to work on /home/airflow/.local/lib/python3.8/site-packages/airflow/example_dags/example_branch_datetime_operator.py
[2025-11-05T15:44:21.168+0000] {processor.py:830} INFO - Processing file /home/airflow/.local/lib/python3.8/site-packages/airflow/example_dags/example_branch_datetime_operator.py for tasks to queue
[2025-11-05T15:44:21.174+0000] {logging_mixin.py:188} INFO - [2025-11-05T15:44:21.173+0000] {dagbag.py:538} INFO - Filling up the DagBag from /home/airflow/.local/lib/python3.8/site-packages/airflow/example_dags/example_branch_datetime_operator.py
[2025-11-05T15:44:21.213+0000] {processor.py:840} INFO - DAG(s) 'example_branch_datetime_operator_3', 'example_branch_datetime_operator_2', 'example_branch_datetime_operator' retrieved from /home/airflow/.local/lib/python3.8/site-packages/airflow/example_dags/example_branch_datetime_operator.py
[2025-11-05T15:44:21.308+0000] {logging_mixin.py:188} INFO - [2025-11-05T15:44:21.308+0000] {dag.py:3036} INFO - Sync 3 DAGs
[2025-11-05T15:44:21.378+0000] {logging_mixin.py:188} INFO - [2025-11-05T15:44:21.378+0000] {dag.py:3823} INFO - Setting next_dagrun for example_branch_datetime_operator to 2025-11-04 00:00:00+00:00, run_after=2025-11-05 00:00:00+00:00
[2025-11-05T15:44:21.394+0000] {logging_mixin.py:188} INFO - [2025-11-05T15:44:21.393+0000] {dag.py:3823} INFO - Setting next_dagrun for example_branch_datetime_operator_2 to 2025-11-04 00:00:00+00:00, run_after=2025-11-05 00:00:00+00:00
[2025-11-05T15:44:21.402+0000] {logging_mixin.py:188} INFO - [2025-11-05T15:44:21.402+0000] {dag.py:3823} INFO - Setting next_dagrun for example_branch_datetime_operator_3 to 2025-11-04 00:00:00+00:00, run_after=2025-11-05 00:00:00+00:00
[2025-11-05T15:44:21.460+0000] {processor.py:183} INFO - Processing /home/airflow/.local/lib/python3.8/site-packages/airflow/example_dags/example_branch_datetime_operator.py took 0.305 seconds
