[2025-11-05T15:35:47.206+0000] {processor.py:161} INFO - Started process (PID=96) to work on /home/airflow/.local/lib/python3.8/site-packages/airflow/example_dags/example_latest_only_with_trigger.py
[2025-11-05T15:35:47.212+0000] {processor.py:830} INFO - Processing file /home/airflow/.local/lib/python3.8/site-packages/airflow/example_dags/example_latest_only_with_trigger.py for tasks to queue
[2025-11-05T15:35:47.223+0000] {logging_mixin.py:188} INFO - [2025-11-05T15:35:47.223+0000] {dagbag.py:538} INFO - Filling up the DagBag from /home/airflow/.local/lib/python3.8/site-packages/airflow/example_dags/example_latest_only_with_trigger.py
[2025-11-05T15:35:47.253+0000] {processor.py:840} INFO - DAG(s) 'latest_only_with_trigger' retrieved from /home/airflow/.local/lib/python3.8/site-packages/airflow/example_dags/example_latest_only_with_trigger.py
[2025-11-05T15:35:47.626+0000] {logging_mixin.py:188} INFO - [2025-11-05T15:35:47.625+0000] {dag.py:3036} INFO - Sync 1 DAGs
[2025-11-05T15:35:47.690+0000] {logging_mixin.py:188} INFO - [2025-11-05T15:35:47.690+0000] {dag.py:3823} INFO - Setting next_dagrun for latest_only_with_trigger to 2025-11-05 08:00:00+00:00, run_after=2025-11-05 12:00:00+00:00
[2025-11-05T15:35:47.754+0000] {processor.py:183} INFO - Processing /home/airflow/.local/lib/python3.8/site-packages/airflow/example_dags/example_latest_only_with_trigger.py took 0.561 seconds
[2025-11-05T15:36:18.532+0000] {processor.py:161} INFO - Started process (PID=151) to work on /home/airflow/.local/lib/python3.8/site-packages/airflow/example_dags/example_latest_only_with_trigger.py
[2025-11-05T15:36:18.536+0000] {processor.py:830} INFO - Processing file /home/airflow/.local/lib/python3.8/site-packages/airflow/example_dags/example_latest_only_with_trigger.py for tasks to queue
[2025-11-05T15:36:18.541+0000] {logging_mixin.py:188} INFO - [2025-11-05T15:36:18.540+0000] {dagbag.py:538} INFO - Filling up the DagBag from /home/airflow/.local/lib/python3.8/site-packages/airflow/example_dags/example_latest_only_with_trigger.py
[2025-11-05T15:36:18.565+0000] {processor.py:840} INFO - DAG(s) 'latest_only_with_trigger' retrieved from /home/airflow/.local/lib/python3.8/site-packages/airflow/example_dags/example_latest_only_with_trigger.py
[2025-11-05T15:36:18.638+0000] {logging_mixin.py:188} INFO - [2025-11-05T15:36:18.638+0000] {dag.py:3036} INFO - Sync 1 DAGs
[2025-11-05T15:36:18.714+0000] {logging_mixin.py:188} INFO - [2025-11-05T15:36:18.713+0000] {dag.py:3823} INFO - Setting next_dagrun for latest_only_with_trigger to 2025-11-05 08:00:00+00:00, run_after=2025-11-05 12:00:00+00:00
[2025-11-05T15:36:18.781+0000] {processor.py:183} INFO - Processing /home/airflow/.local/lib/python3.8/site-packages/airflow/example_dags/example_latest_only_with_trigger.py took 0.261 seconds
[2025-11-05T15:36:49.667+0000] {processor.py:161} INFO - Started process (PID=206) to work on /home/airflow/.local/lib/python3.8/site-packages/airflow/example_dags/example_latest_only_with_trigger.py
[2025-11-05T15:36:49.670+0000] {processor.py:830} INFO - Processing file /home/airflow/.local/lib/python3.8/site-packages/airflow/example_dags/example_latest_only_with_trigger.py for tasks to queue
[2025-11-05T15:36:49.676+0000] {logging_mixin.py:188} INFO - [2025-11-05T15:36:49.675+0000] {dagbag.py:538} INFO - Filling up the DagBag from /home/airflow/.local/lib/python3.8/site-packages/airflow/example_dags/example_latest_only_with_trigger.py
[2025-11-05T15:36:49.698+0000] {processor.py:840} INFO - DAG(s) 'latest_only_with_trigger' retrieved from /home/airflow/.local/lib/python3.8/site-packages/airflow/example_dags/example_latest_only_with_trigger.py
[2025-11-05T15:36:49.757+0000] {logging_mixin.py:188} INFO - [2025-11-05T15:36:49.756+0000] {dag.py:3036} INFO - Sync 1 DAGs
[2025-11-05T15:36:49.827+0000] {logging_mixin.py:188} INFO - [2025-11-05T15:36:49.827+0000] {dag.py:3823} INFO - Setting next_dagrun for latest_only_with_trigger to 2025-11-05 08:00:00+00:00, run_after=2025-11-05 12:00:00+00:00
[2025-11-05T15:36:49.884+0000] {processor.py:183} INFO - Processing /home/airflow/.local/lib/python3.8/site-packages/airflow/example_dags/example_latest_only_with_trigger.py took 0.226 seconds
[2025-11-05T15:37:21.457+0000] {processor.py:161} INFO - Started process (PID=261) to work on /home/airflow/.local/lib/python3.8/site-packages/airflow/example_dags/example_latest_only_with_trigger.py
[2025-11-05T15:37:21.463+0000] {processor.py:830} INFO - Processing file /home/airflow/.local/lib/python3.8/site-packages/airflow/example_dags/example_latest_only_with_trigger.py for tasks to queue
[2025-11-05T15:37:21.472+0000] {logging_mixin.py:188} INFO - [2025-11-05T15:37:21.471+0000] {dagbag.py:538} INFO - Filling up the DagBag from /home/airflow/.local/lib/python3.8/site-packages/airflow/example_dags/example_latest_only_with_trigger.py
[2025-11-05T15:37:21.489+0000] {processor.py:840} INFO - DAG(s) 'latest_only_with_trigger' retrieved from /home/airflow/.local/lib/python3.8/site-packages/airflow/example_dags/example_latest_only_with_trigger.py
[2025-11-05T15:37:21.561+0000] {logging_mixin.py:188} INFO - [2025-11-05T15:37:21.560+0000] {dag.py:3036} INFO - Sync 1 DAGs
[2025-11-05T15:37:21.653+0000] {logging_mixin.py:188} INFO - [2025-11-05T15:37:21.652+0000] {dag.py:3823} INFO - Setting next_dagrun for latest_only_with_trigger to 2025-11-05 08:00:00+00:00, run_after=2025-11-05 12:00:00+00:00
[2025-11-05T15:37:21.731+0000] {processor.py:183} INFO - Processing /home/airflow/.local/lib/python3.8/site-packages/airflow/example_dags/example_latest_only_with_trigger.py took 0.301 seconds
[2025-11-05T15:39:47.675+0000] {processor.py:161} INFO - Started process (PID=98) to work on /home/airflow/.local/lib/python3.8/site-packages/airflow/example_dags/example_latest_only_with_trigger.py
[2025-11-05T15:39:47.693+0000] {processor.py:830} INFO - Processing file /home/airflow/.local/lib/python3.8/site-packages/airflow/example_dags/example_latest_only_with_trigger.py for tasks to queue
[2025-11-05T15:39:47.711+0000] {logging_mixin.py:188} INFO - [2025-11-05T15:39:47.710+0000] {dagbag.py:538} INFO - Filling up the DagBag from /home/airflow/.local/lib/python3.8/site-packages/airflow/example_dags/example_latest_only_with_trigger.py
[2025-11-05T15:39:47.772+0000] {processor.py:840} INFO - DAG(s) 'latest_only_with_trigger' retrieved from /home/airflow/.local/lib/python3.8/site-packages/airflow/example_dags/example_latest_only_with_trigger.py
[2025-11-05T15:39:48.528+0000] {logging_mixin.py:188} INFO - [2025-11-05T15:39:48.528+0000] {dag.py:3036} INFO - Sync 1 DAGs
[2025-11-05T15:39:48.762+0000] {logging_mixin.py:188} INFO - [2025-11-05T15:39:48.762+0000] {dag.py:3823} INFO - Setting next_dagrun for latest_only_with_trigger to 2025-11-05 08:00:00+00:00, run_after=2025-11-05 12:00:00+00:00
[2025-11-05T15:39:48.941+0000] {processor.py:183} INFO - Processing /home/airflow/.local/lib/python3.8/site-packages/airflow/example_dags/example_latest_only_with_trigger.py took 1.310 seconds
[2025-11-05T15:40:19.168+0000] {processor.py:161} INFO - Started process (PID=152) to work on /home/airflow/.local/lib/python3.8/site-packages/airflow/example_dags/example_latest_only_with_trigger.py
[2025-11-05T15:40:19.170+0000] {processor.py:830} INFO - Processing file /home/airflow/.local/lib/python3.8/site-packages/airflow/example_dags/example_latest_only_with_trigger.py for tasks to queue
[2025-11-05T15:40:19.174+0000] {logging_mixin.py:188} INFO - [2025-11-05T15:40:19.174+0000] {dagbag.py:538} INFO - Filling up the DagBag from /home/airflow/.local/lib/python3.8/site-packages/airflow/example_dags/example_latest_only_with_trigger.py
[2025-11-05T15:40:19.190+0000] {processor.py:840} INFO - DAG(s) 'latest_only_with_trigger' retrieved from /home/airflow/.local/lib/python3.8/site-packages/airflow/example_dags/example_latest_only_with_trigger.py
[2025-11-05T15:40:19.244+0000] {logging_mixin.py:188} INFO - [2025-11-05T15:40:19.243+0000] {dag.py:3036} INFO - Sync 1 DAGs
[2025-11-05T15:40:19.380+0000] {logging_mixin.py:188} INFO - [2025-11-05T15:40:19.379+0000] {dag.py:3823} INFO - Setting next_dagrun for latest_only_with_trigger to 2025-11-05 08:00:00+00:00, run_after=2025-11-05 12:00:00+00:00
[2025-11-05T15:40:19.491+0000] {processor.py:183} INFO - Processing /home/airflow/.local/lib/python3.8/site-packages/airflow/example_dags/example_latest_only_with_trigger.py took 0.330 seconds
[2025-11-05T15:40:49.641+0000] {processor.py:161} INFO - Started process (PID=207) to work on /home/airflow/.local/lib/python3.8/site-packages/airflow/example_dags/example_latest_only_with_trigger.py
[2025-11-05T15:40:49.643+0000] {processor.py:830} INFO - Processing file /home/airflow/.local/lib/python3.8/site-packages/airflow/example_dags/example_latest_only_with_trigger.py for tasks to queue
[2025-11-05T15:40:49.645+0000] {logging_mixin.py:188} INFO - [2025-11-05T15:40:49.645+0000] {dagbag.py:538} INFO - Filling up the DagBag from /home/airflow/.local/lib/python3.8/site-packages/airflow/example_dags/example_latest_only_with_trigger.py
[2025-11-05T15:40:49.654+0000] {processor.py:840} INFO - DAG(s) 'latest_only_with_trigger' retrieved from /home/airflow/.local/lib/python3.8/site-packages/airflow/example_dags/example_latest_only_with_trigger.py
[2025-11-05T15:40:49.685+0000] {logging_mixin.py:188} INFO - [2025-11-05T15:40:49.685+0000] {dag.py:3036} INFO - Sync 1 DAGs
[2025-11-05T15:40:49.720+0000] {logging_mixin.py:188} INFO - [2025-11-05T15:40:49.720+0000] {dag.py:3823} INFO - Setting next_dagrun for latest_only_with_trigger to 2025-11-05 08:00:00+00:00, run_after=2025-11-05 12:00:00+00:00
[2025-11-05T15:40:49.754+0000] {processor.py:183} INFO - Processing /home/airflow/.local/lib/python3.8/site-packages/airflow/example_dags/example_latest_only_with_trigger.py took 0.120 seconds
[2025-11-05T15:41:20.105+0000] {processor.py:161} INFO - Started process (PID=262) to work on /home/airflow/.local/lib/python3.8/site-packages/airflow/example_dags/example_latest_only_with_trigger.py
[2025-11-05T15:41:20.107+0000] {processor.py:830} INFO - Processing file /home/airflow/.local/lib/python3.8/site-packages/airflow/example_dags/example_latest_only_with_trigger.py for tasks to queue
[2025-11-05T15:41:20.113+0000] {logging_mixin.py:188} INFO - [2025-11-05T15:41:20.112+0000] {dagbag.py:538} INFO - Filling up the DagBag from /home/airflow/.local/lib/python3.8/site-packages/airflow/example_dags/example_latest_only_with_trigger.py
[2025-11-05T15:41:20.124+0000] {processor.py:840} INFO - DAG(s) 'latest_only_with_trigger' retrieved from /home/airflow/.local/lib/python3.8/site-packages/airflow/example_dags/example_latest_only_with_trigger.py
[2025-11-05T15:41:20.167+0000] {logging_mixin.py:188} INFO - [2025-11-05T15:41:20.167+0000] {dag.py:3036} INFO - Sync 1 DAGs
[2025-11-05T15:41:20.209+0000] {logging_mixin.py:188} INFO - [2025-11-05T15:41:20.208+0000] {dag.py:3823} INFO - Setting next_dagrun for latest_only_with_trigger to 2025-11-05 08:00:00+00:00, run_after=2025-11-05 12:00:00+00:00
[2025-11-05T15:41:20.255+0000] {processor.py:183} INFO - Processing /home/airflow/.local/lib/python3.8/site-packages/airflow/example_dags/example_latest_only_with_trigger.py took 0.159 seconds
[2025-11-05T15:41:50.879+0000] {processor.py:161} INFO - Started process (PID=318) to work on /home/airflow/.local/lib/python3.8/site-packages/airflow/example_dags/example_latest_only_with_trigger.py
[2025-11-05T15:41:50.889+0000] {processor.py:830} INFO - Processing file /home/airflow/.local/lib/python3.8/site-packages/airflow/example_dags/example_latest_only_with_trigger.py for tasks to queue
[2025-11-05T15:41:50.904+0000] {logging_mixin.py:188} INFO - [2025-11-05T15:41:50.903+0000] {dagbag.py:538} INFO - Filling up the DagBag from /home/airflow/.local/lib/python3.8/site-packages/airflow/example_dags/example_latest_only_with_trigger.py
[2025-11-05T15:41:50.955+0000] {processor.py:840} INFO - DAG(s) 'latest_only_with_trigger' retrieved from /home/airflow/.local/lib/python3.8/site-packages/airflow/example_dags/example_latest_only_with_trigger.py
[2025-11-05T15:41:51.109+0000] {logging_mixin.py:188} INFO - [2025-11-05T15:41:51.108+0000] {dag.py:3036} INFO - Sync 1 DAGs
[2025-11-05T15:41:51.249+0000] {logging_mixin.py:188} INFO - [2025-11-05T15:41:51.249+0000] {dag.py:3823} INFO - Setting next_dagrun for latest_only_with_trigger to 2025-11-05 08:00:00+00:00, run_after=2025-11-05 12:00:00+00:00
[2025-11-05T15:41:51.422+0000] {processor.py:183} INFO - Processing /home/airflow/.local/lib/python3.8/site-packages/airflow/example_dags/example_latest_only_with_trigger.py took 0.568 seconds
[2025-11-05T15:42:22.485+0000] {processor.py:161} INFO - Started process (PID=372) to work on /home/airflow/.local/lib/python3.8/site-packages/airflow/example_dags/example_latest_only_with_trigger.py
[2025-11-05T15:42:22.508+0000] {processor.py:830} INFO - Processing file /home/airflow/.local/lib/python3.8/site-packages/airflow/example_dags/example_latest_only_with_trigger.py for tasks to queue
[2025-11-05T15:42:22.523+0000] {logging_mixin.py:188} INFO - [2025-11-05T15:42:22.522+0000] {dagbag.py:538} INFO - Filling up the DagBag from /home/airflow/.local/lib/python3.8/site-packages/airflow/example_dags/example_latest_only_with_trigger.py
[2025-11-05T15:42:22.560+0000] {processor.py:840} INFO - DAG(s) 'latest_only_with_trigger' retrieved from /home/airflow/.local/lib/python3.8/site-packages/airflow/example_dags/example_latest_only_with_trigger.py
[2025-11-05T15:42:22.675+0000] {logging_mixin.py:188} INFO - [2025-11-05T15:42:22.674+0000] {dag.py:3036} INFO - Sync 1 DAGs
[2025-11-05T15:42:22.816+0000] {logging_mixin.py:188} INFO - [2025-11-05T15:42:22.814+0000] {dag.py:3823} INFO - Setting next_dagrun for latest_only_with_trigger to 2025-11-05 08:00:00+00:00, run_after=2025-11-05 12:00:00+00:00
[2025-11-05T15:42:22.927+0000] {processor.py:183} INFO - Processing /home/airflow/.local/lib/python3.8/site-packages/airflow/example_dags/example_latest_only_with_trigger.py took 0.462 seconds
[2025-11-05T15:42:53.854+0000] {processor.py:161} INFO - Started process (PID=434) to work on /home/airflow/.local/lib/python3.8/site-packages/airflow/example_dags/example_latest_only_with_trigger.py
[2025-11-05T15:42:53.867+0000] {processor.py:830} INFO - Processing file /home/airflow/.local/lib/python3.8/site-packages/airflow/example_dags/example_latest_only_with_trigger.py for tasks to queue
[2025-11-05T15:42:53.878+0000] {logging_mixin.py:188} INFO - [2025-11-05T15:42:53.877+0000] {dagbag.py:538} INFO - Filling up the DagBag from /home/airflow/.local/lib/python3.8/site-packages/airflow/example_dags/example_latest_only_with_trigger.py
[2025-11-05T15:42:53.907+0000] {processor.py:840} INFO - DAG(s) 'latest_only_with_trigger' retrieved from /home/airflow/.local/lib/python3.8/site-packages/airflow/example_dags/example_latest_only_with_trigger.py
[2025-11-05T15:42:54.009+0000] {logging_mixin.py:188} INFO - [2025-11-05T15:42:54.009+0000] {dag.py:3036} INFO - Sync 1 DAGs
[2025-11-05T15:42:54.118+0000] {logging_mixin.py:188} INFO - [2025-11-05T15:42:54.118+0000] {dag.py:3823} INFO - Setting next_dagrun for latest_only_with_trigger to 2025-11-05 08:00:00+00:00, run_after=2025-11-05 12:00:00+00:00
[2025-11-05T15:42:54.200+0000] {processor.py:183} INFO - Processing /home/airflow/.local/lib/python3.8/site-packages/airflow/example_dags/example_latest_only_with_trigger.py took 0.363 seconds
[2025-11-05T15:43:24.465+0000] {processor.py:161} INFO - Started process (PID=489) to work on /home/airflow/.local/lib/python3.8/site-packages/airflow/example_dags/example_latest_only_with_trigger.py
[2025-11-05T15:43:24.466+0000] {processor.py:830} INFO - Processing file /home/airflow/.local/lib/python3.8/site-packages/airflow/example_dags/example_latest_only_with_trigger.py for tasks to queue
[2025-11-05T15:43:24.469+0000] {logging_mixin.py:188} INFO - [2025-11-05T15:43:24.469+0000] {dagbag.py:538} INFO - Filling up the DagBag from /home/airflow/.local/lib/python3.8/site-packages/airflow/example_dags/example_latest_only_with_trigger.py
[2025-11-05T15:43:24.478+0000] {processor.py:840} INFO - DAG(s) 'latest_only_with_trigger' retrieved from /home/airflow/.local/lib/python3.8/site-packages/airflow/example_dags/example_latest_only_with_trigger.py
[2025-11-05T15:43:24.510+0000] {logging_mixin.py:188} INFO - [2025-11-05T15:43:24.510+0000] {dag.py:3036} INFO - Sync 1 DAGs
[2025-11-05T15:43:24.546+0000] {logging_mixin.py:188} INFO - [2025-11-05T15:43:24.545+0000] {dag.py:3823} INFO - Setting next_dagrun for latest_only_with_trigger to 2025-11-05 08:00:00+00:00, run_after=2025-11-05 12:00:00+00:00
[2025-11-05T15:43:24.592+0000] {processor.py:183} INFO - Processing /home/airflow/.local/lib/python3.8/site-packages/airflow/example_dags/example_latest_only_with_trigger.py took 0.132 seconds
[2025-11-05T15:43:54.754+0000] {processor.py:161} INFO - Started process (PID=544) to work on /home/airflow/.local/lib/python3.8/site-packages/airflow/example_dags/example_latest_only_with_trigger.py
[2025-11-05T15:43:54.760+0000] {processor.py:830} INFO - Processing file /home/airflow/.local/lib/python3.8/site-packages/airflow/example_dags/example_latest_only_with_trigger.py for tasks to queue
[2025-11-05T15:43:54.767+0000] {logging_mixin.py:188} INFO - [2025-11-05T15:43:54.766+0000] {dagbag.py:538} INFO - Filling up the DagBag from /home/airflow/.local/lib/python3.8/site-packages/airflow/example_dags/example_latest_only_with_trigger.py
[2025-11-05T15:43:54.798+0000] {processor.py:840} INFO - DAG(s) 'latest_only_with_trigger' retrieved from /home/airflow/.local/lib/python3.8/site-packages/airflow/example_dags/example_latest_only_with_trigger.py
[2025-11-05T15:43:54.871+0000] {logging_mixin.py:188} INFO - [2025-11-05T15:43:54.870+0000] {dag.py:3036} INFO - Sync 1 DAGs
[2025-11-05T15:43:54.958+0000] {logging_mixin.py:188} INFO - [2025-11-05T15:43:54.957+0000] {dag.py:3823} INFO - Setting next_dagrun for latest_only_with_trigger to 2025-11-05 08:00:00+00:00, run_after=2025-11-05 12:00:00+00:00
[2025-11-05T15:43:55.042+0000] {processor.py:183} INFO - Processing /home/airflow/.local/lib/python3.8/site-packages/airflow/example_dags/example_latest_only_with_trigger.py took 0.303 seconds
[2025-11-05T15:44:25.890+0000] {processor.py:161} INFO - Started process (PID=599) to work on /home/airflow/.local/lib/python3.8/site-packages/airflow/example_dags/example_latest_only_with_trigger.py
[2025-11-05T15:44:25.899+0000] {processor.py:830} INFO - Processing file /home/airflow/.local/lib/python3.8/site-packages/airflow/example_dags/example_latest_only_with_trigger.py for tasks to queue
[2025-11-05T15:44:25.905+0000] {logging_mixin.py:188} INFO - [2025-11-05T15:44:25.904+0000] {dagbag.py:538} INFO - Filling up the DagBag from /home/airflow/.local/lib/python3.8/site-packages/airflow/example_dags/example_latest_only_with_trigger.py
[2025-11-05T15:44:25.941+0000] {processor.py:840} INFO - DAG(s) 'latest_only_with_trigger' retrieved from /home/airflow/.local/lib/python3.8/site-packages/airflow/example_dags/example_latest_only_with_trigger.py
[2025-11-05T15:44:26.074+0000] {logging_mixin.py:188} INFO - [2025-11-05T15:44:26.073+0000] {dag.py:3036} INFO - Sync 1 DAGs
[2025-11-05T15:44:26.165+0000] {logging_mixin.py:188} INFO - [2025-11-05T15:44:26.164+0000] {dag.py:3823} INFO - Setting next_dagrun for latest_only_with_trigger to 2025-11-05 08:00:00+00:00, run_after=2025-11-05 12:00:00+00:00
[2025-11-05T15:44:26.231+0000] {processor.py:183} INFO - Processing /home/airflow/.local/lib/python3.8/site-packages/airflow/example_dags/example_latest_only_with_trigger.py took 0.353 seconds
