[2025-11-05T15:35:55.637+0000] {processor.py:161} INFO - Started process (PID=115) to work on /home/airflow/.local/lib/python3.8/site-packages/airflow/example_dags/example_datasets.py
[2025-11-05T15:35:55.640+0000] {processor.py:830} INFO - Processing file /home/airflow/.local/lib/python3.8/site-packages/airflow/example_dags/example_datasets.py for tasks to queue
[2025-11-05T15:35:55.646+0000] {logging_mixin.py:188} INFO - [2025-11-05T15:35:55.645+0000] {dagbag.py:538} INFO - Filling up the DagBag from /home/airflow/.local/lib/python3.8/site-packages/airflow/example_dags/example_datasets.py
[2025-11-05T15:35:55.679+0000] {processor.py:840} INFO - DAG(s) 'dataset_consumes_1_never_scheduled', 'dataset_produces_2', 'dataset_consumes_1_and_2', 'dataset_consumes_1', 'dataset_consumes_unknown_never_scheduled', 'dataset_produces_1' retrieved from /home/airflow/.local/lib/python3.8/site-packages/airflow/example_dags/example_datasets.py
[2025-11-05T15:35:56.203+0000] {logging_mixin.py:188} INFO - [2025-11-05T15:35:56.202+0000] {dag.py:3036} INFO - Sync 6 DAGs
[2025-11-05T15:35:56.279+0000] {logging_mixin.py:188} INFO - [2025-11-05T15:35:56.278+0000] {dag.py:3823} INFO - Setting next_dagrun for dataset_consumes_1 to None, run_after=None
[2025-11-05T15:35:56.289+0000] {logging_mixin.py:188} INFO - [2025-11-05T15:35:56.288+0000] {dag.py:3823} INFO - Setting next_dagrun for dataset_consumes_1_and_2 to None, run_after=None
[2025-11-05T15:35:56.293+0000] {logging_mixin.py:188} INFO - [2025-11-05T15:35:56.292+0000] {dag.py:3823} INFO - Setting next_dagrun for dataset_consumes_1_never_scheduled to None, run_after=None
[2025-11-05T15:35:56.299+0000] {logging_mixin.py:188} INFO - [2025-11-05T15:35:56.298+0000] {dag.py:3823} INFO - Setting next_dagrun for dataset_consumes_unknown_never_scheduled to None, run_after=None
[2025-11-05T15:35:56.310+0000] {logging_mixin.py:188} INFO - [2025-11-05T15:35:56.309+0000] {dag.py:3823} INFO - Setting next_dagrun for dataset_produces_1 to 2025-11-04 00:00:00+00:00, run_after=2025-11-05 00:00:00+00:00
[2025-11-05T15:35:56.315+0000] {logging_mixin.py:188} INFO - [2025-11-05T15:35:56.314+0000] {dag.py:3823} INFO - Setting next_dagrun for dataset_produces_2 to None, run_after=None
[2025-11-05T15:35:56.423+0000] {processor.py:183} INFO - Processing /home/airflow/.local/lib/python3.8/site-packages/airflow/example_dags/example_datasets.py took 0.796 seconds
[2025-11-05T15:36:26.483+0000] {processor.py:161} INFO - Started process (PID=170) to work on /home/airflow/.local/lib/python3.8/site-packages/airflow/example_dags/example_datasets.py
[2025-11-05T15:36:26.486+0000] {processor.py:830} INFO - Processing file /home/airflow/.local/lib/python3.8/site-packages/airflow/example_dags/example_datasets.py for tasks to queue
[2025-11-05T15:36:26.490+0000] {logging_mixin.py:188} INFO - [2025-11-05T15:36:26.489+0000] {dagbag.py:538} INFO - Filling up the DagBag from /home/airflow/.local/lib/python3.8/site-packages/airflow/example_dags/example_datasets.py
[2025-11-05T15:36:26.530+0000] {processor.py:840} INFO - DAG(s) 'dataset_consumes_1', 'dataset_consumes_1_never_scheduled', 'dataset_produces_2', 'dataset_produces_1', 'dataset_consumes_unknown_never_scheduled', 'dataset_consumes_1_and_2' retrieved from /home/airflow/.local/lib/python3.8/site-packages/airflow/example_dags/example_datasets.py
[2025-11-05T15:36:26.605+0000] {logging_mixin.py:188} INFO - [2025-11-05T15:36:26.604+0000] {dag.py:3036} INFO - Sync 6 DAGs
[2025-11-05T15:36:26.646+0000] {logging_mixin.py:188} INFO - [2025-11-05T15:36:26.645+0000] {dag.py:3823} INFO - Setting next_dagrun for dataset_consumes_1 to None, run_after=None
[2025-11-05T15:36:26.654+0000] {logging_mixin.py:188} INFO - [2025-11-05T15:36:26.653+0000] {dag.py:3823} INFO - Setting next_dagrun for dataset_consumes_1_and_2 to None, run_after=None
[2025-11-05T15:36:26.658+0000] {logging_mixin.py:188} INFO - [2025-11-05T15:36:26.657+0000] {dag.py:3823} INFO - Setting next_dagrun for dataset_consumes_1_never_scheduled to None, run_after=None
[2025-11-05T15:36:26.661+0000] {logging_mixin.py:188} INFO - [2025-11-05T15:36:26.660+0000] {dag.py:3823} INFO - Setting next_dagrun for dataset_consumes_unknown_never_scheduled to None, run_after=None
[2025-11-05T15:36:26.666+0000] {logging_mixin.py:188} INFO - [2025-11-05T15:36:26.666+0000] {dag.py:3823} INFO - Setting next_dagrun for dataset_produces_1 to 2025-11-04 00:00:00+00:00, run_after=2025-11-05 00:00:00+00:00
[2025-11-05T15:36:26.670+0000] {logging_mixin.py:188} INFO - [2025-11-05T15:36:26.670+0000] {dag.py:3823} INFO - Setting next_dagrun for dataset_produces_2 to None, run_after=None
[2025-11-05T15:36:26.731+0000] {processor.py:183} INFO - Processing /home/airflow/.local/lib/python3.8/site-packages/airflow/example_dags/example_datasets.py took 0.255 seconds
[2025-11-05T15:37:00.486+0000] {processor.py:161} INFO - Started process (PID=231) to work on /home/airflow/.local/lib/python3.8/site-packages/airflow/example_dags/example_datasets.py
[2025-11-05T15:37:00.491+0000] {processor.py:830} INFO - Processing file /home/airflow/.local/lib/python3.8/site-packages/airflow/example_dags/example_datasets.py for tasks to queue
[2025-11-05T15:37:00.519+0000] {logging_mixin.py:188} INFO - [2025-11-05T15:37:00.518+0000] {dagbag.py:538} INFO - Filling up the DagBag from /home/airflow/.local/lib/python3.8/site-packages/airflow/example_dags/example_datasets.py
[2025-11-05T15:37:00.579+0000] {processor.py:840} INFO - DAG(s) 'dataset_consumes_1', 'dataset_consumes_1_never_scheduled', 'dataset_consumes_1_and_2', 'dataset_produces_2', 'dataset_consumes_unknown_never_scheduled', 'dataset_produces_1' retrieved from /home/airflow/.local/lib/python3.8/site-packages/airflow/example_dags/example_datasets.py
[2025-11-05T15:37:00.815+0000] {logging_mixin.py:188} INFO - [2025-11-05T15:37:00.808+0000] {dag.py:3036} INFO - Sync 6 DAGs
[2025-11-05T15:37:00.952+0000] {logging_mixin.py:188} INFO - [2025-11-05T15:37:00.951+0000] {dag.py:3823} INFO - Setting next_dagrun for dataset_consumes_1 to None, run_after=None
[2025-11-05T15:37:00.974+0000] {logging_mixin.py:188} INFO - [2025-11-05T15:37:00.974+0000] {dag.py:3823} INFO - Setting next_dagrun for dataset_consumes_1_and_2 to None, run_after=None
[2025-11-05T15:37:00.988+0000] {logging_mixin.py:188} INFO - [2025-11-05T15:37:00.987+0000] {dag.py:3823} INFO - Setting next_dagrun for dataset_consumes_1_never_scheduled to None, run_after=None
[2025-11-05T15:37:00.995+0000] {logging_mixin.py:188} INFO - [2025-11-05T15:37:00.994+0000] {dag.py:3823} INFO - Setting next_dagrun for dataset_consumes_unknown_never_scheduled to None, run_after=None
[2025-11-05T15:37:01.015+0000] {logging_mixin.py:188} INFO - [2025-11-05T15:37:01.015+0000] {dag.py:3823} INFO - Setting next_dagrun for dataset_produces_1 to 2025-11-04 00:00:00+00:00, run_after=2025-11-05 00:00:00+00:00
[2025-11-05T15:37:01.029+0000] {logging_mixin.py:188} INFO - [2025-11-05T15:37:01.029+0000] {dag.py:3823} INFO - Setting next_dagrun for dataset_produces_2 to None, run_after=None
[2025-11-05T15:37:01.219+0000] {processor.py:183} INFO - Processing /home/airflow/.local/lib/python3.8/site-packages/airflow/example_dags/example_datasets.py took 0.770 seconds
[2025-11-05T15:40:03.191+0000] {processor.py:161} INFO - Started process (PID=117) to work on /home/airflow/.local/lib/python3.8/site-packages/airflow/example_dags/example_datasets.py
[2025-11-05T15:40:03.196+0000] {processor.py:830} INFO - Processing file /home/airflow/.local/lib/python3.8/site-packages/airflow/example_dags/example_datasets.py for tasks to queue
[2025-11-05T15:40:03.214+0000] {logging_mixin.py:188} INFO - [2025-11-05T15:40:03.213+0000] {dagbag.py:538} INFO - Filling up the DagBag from /home/airflow/.local/lib/python3.8/site-packages/airflow/example_dags/example_datasets.py
[2025-11-05T15:40:03.283+0000] {processor.py:840} INFO - DAG(s) 'dataset_consumes_1_and_2', 'dataset_consumes_1', 'dataset_produces_2', 'dataset_consumes_1_never_scheduled', 'dataset_produces_1', 'dataset_consumes_unknown_never_scheduled' retrieved from /home/airflow/.local/lib/python3.8/site-packages/airflow/example_dags/example_datasets.py
[2025-11-05T15:40:04.387+0000] {logging_mixin.py:188} INFO - [2025-11-05T15:40:04.386+0000] {dag.py:3036} INFO - Sync 6 DAGs
[2025-11-05T15:40:04.512+0000] {logging_mixin.py:188} INFO - [2025-11-05T15:40:04.510+0000] {dag.py:3823} INFO - Setting next_dagrun for dataset_consumes_1 to None, run_after=None
[2025-11-05T15:40:04.532+0000] {logging_mixin.py:188} INFO - [2025-11-05T15:40:04.531+0000] {dag.py:3823} INFO - Setting next_dagrun for dataset_consumes_1_and_2 to None, run_after=None
[2025-11-05T15:40:04.543+0000] {logging_mixin.py:188} INFO - [2025-11-05T15:40:04.541+0000] {dag.py:3823} INFO - Setting next_dagrun for dataset_consumes_1_never_scheduled to None, run_after=None
[2025-11-05T15:40:04.557+0000] {logging_mixin.py:188} INFO - [2025-11-05T15:40:04.556+0000] {dag.py:3823} INFO - Setting next_dagrun for dataset_consumes_unknown_never_scheduled to None, run_after=None
[2025-11-05T15:40:04.579+0000] {logging_mixin.py:188} INFO - [2025-11-05T15:40:04.578+0000] {dag.py:3823} INFO - Setting next_dagrun for dataset_produces_1 to 2025-11-04 00:00:00+00:00, run_after=2025-11-05 00:00:00+00:00
[2025-11-05T15:40:04.586+0000] {logging_mixin.py:188} INFO - [2025-11-05T15:40:04.585+0000] {dag.py:3823} INFO - Setting next_dagrun for dataset_produces_2 to None, run_after=None
[2025-11-05T15:40:04.794+0000] {processor.py:183} INFO - Processing /home/airflow/.local/lib/python3.8/site-packages/airflow/example_dags/example_datasets.py took 1.624 seconds
[2025-11-05T15:40:35.263+0000] {processor.py:161} INFO - Started process (PID=171) to work on /home/airflow/.local/lib/python3.8/site-packages/airflow/example_dags/example_datasets.py
[2025-11-05T15:40:35.266+0000] {processor.py:830} INFO - Processing file /home/airflow/.local/lib/python3.8/site-packages/airflow/example_dags/example_datasets.py for tasks to queue
[2025-11-05T15:40:35.270+0000] {logging_mixin.py:188} INFO - [2025-11-05T15:40:35.269+0000] {dagbag.py:538} INFO - Filling up the DagBag from /home/airflow/.local/lib/python3.8/site-packages/airflow/example_dags/example_datasets.py
[2025-11-05T15:40:35.292+0000] {processor.py:840} INFO - DAG(s) 'dataset_produces_2', 'dataset_produces_1', 'dataset_consumes_1_never_scheduled', 'dataset_consumes_1_and_2', 'dataset_consumes_1', 'dataset_consumes_unknown_never_scheduled' retrieved from /home/airflow/.local/lib/python3.8/site-packages/airflow/example_dags/example_datasets.py
[2025-11-05T15:40:35.381+0000] {logging_mixin.py:188} INFO - [2025-11-05T15:40:35.380+0000] {dag.py:3036} INFO - Sync 6 DAGs
[2025-11-05T15:40:35.436+0000] {logging_mixin.py:188} INFO - [2025-11-05T15:40:35.435+0000] {dag.py:3823} INFO - Setting next_dagrun for dataset_consumes_1 to None, run_after=None
[2025-11-05T15:40:35.447+0000] {logging_mixin.py:188} INFO - [2025-11-05T15:40:35.447+0000] {dag.py:3823} INFO - Setting next_dagrun for dataset_consumes_1_and_2 to None, run_after=None
[2025-11-05T15:40:35.452+0000] {logging_mixin.py:188} INFO - [2025-11-05T15:40:35.451+0000] {dag.py:3823} INFO - Setting next_dagrun for dataset_consumes_1_never_scheduled to None, run_after=None
[2025-11-05T15:40:35.464+0000] {logging_mixin.py:188} INFO - [2025-11-05T15:40:35.463+0000] {dag.py:3823} INFO - Setting next_dagrun for dataset_consumes_unknown_never_scheduled to None, run_after=None
[2025-11-05T15:40:35.509+0000] {logging_mixin.py:188} INFO - [2025-11-05T15:40:35.509+0000] {dag.py:3823} INFO - Setting next_dagrun for dataset_produces_1 to 2025-11-04 00:00:00+00:00, run_after=2025-11-05 00:00:00+00:00
[2025-11-05T15:40:35.513+0000] {logging_mixin.py:188} INFO - [2025-11-05T15:40:35.513+0000] {dag.py:3823} INFO - Setting next_dagrun for dataset_produces_2 to None, run_after=None
[2025-11-05T15:40:35.587+0000] {processor.py:183} INFO - Processing /home/airflow/.local/lib/python3.8/site-packages/airflow/example_dags/example_datasets.py took 0.331 seconds
[2025-11-05T15:41:05.717+0000] {processor.py:161} INFO - Started process (PID=226) to work on /home/airflow/.local/lib/python3.8/site-packages/airflow/example_dags/example_datasets.py
[2025-11-05T15:41:05.721+0000] {processor.py:830} INFO - Processing file /home/airflow/.local/lib/python3.8/site-packages/airflow/example_dags/example_datasets.py for tasks to queue
[2025-11-05T15:41:05.744+0000] {logging_mixin.py:188} INFO - [2025-11-05T15:41:05.730+0000] {dagbag.py:538} INFO - Filling up the DagBag from /home/airflow/.local/lib/python3.8/site-packages/airflow/example_dags/example_datasets.py
[2025-11-05T15:41:05.796+0000] {processor.py:840} INFO - DAG(s) 'dataset_consumes_1_never_scheduled', 'dataset_produces_2', 'dataset_produces_1', 'dataset_consumes_1', 'dataset_consumes_unknown_never_scheduled', 'dataset_consumes_1_and_2' retrieved from /home/airflow/.local/lib/python3.8/site-packages/airflow/example_dags/example_datasets.py
[2025-11-05T15:41:06.002+0000] {logging_mixin.py:188} INFO - [2025-11-05T15:41:06.001+0000] {dag.py:3036} INFO - Sync 6 DAGs
[2025-11-05T15:41:06.134+0000] {logging_mixin.py:188} INFO - [2025-11-05T15:41:06.133+0000] {dag.py:3823} INFO - Setting next_dagrun for dataset_consumes_1 to None, run_after=None
[2025-11-05T15:41:06.157+0000] {logging_mixin.py:188} INFO - [2025-11-05T15:41:06.156+0000] {dag.py:3823} INFO - Setting next_dagrun for dataset_consumes_1_and_2 to None, run_after=None
[2025-11-05T15:41:06.172+0000] {logging_mixin.py:188} INFO - [2025-11-05T15:41:06.169+0000] {dag.py:3823} INFO - Setting next_dagrun for dataset_consumes_1_never_scheduled to None, run_after=None
[2025-11-05T15:41:06.181+0000] {logging_mixin.py:188} INFO - [2025-11-05T15:41:06.181+0000] {dag.py:3823} INFO - Setting next_dagrun for dataset_consumes_unknown_never_scheduled to None, run_after=None
[2025-11-05T15:41:06.204+0000] {logging_mixin.py:188} INFO - [2025-11-05T15:41:06.203+0000] {dag.py:3823} INFO - Setting next_dagrun for dataset_produces_1 to 2025-11-04 00:00:00+00:00, run_after=2025-11-05 00:00:00+00:00
[2025-11-05T15:41:06.210+0000] {logging_mixin.py:188} INFO - [2025-11-05T15:41:06.210+0000] {dag.py:3823} INFO - Setting next_dagrun for dataset_produces_2 to None, run_after=None
[2025-11-05T15:41:06.394+0000] {processor.py:183} INFO - Processing /home/airflow/.local/lib/python3.8/site-packages/airflow/example_dags/example_datasets.py took 0.694 seconds
[2025-11-05T15:41:36.534+0000] {processor.py:161} INFO - Started process (PID=281) to work on /home/airflow/.local/lib/python3.8/site-packages/airflow/example_dags/example_datasets.py
[2025-11-05T15:41:36.537+0000] {processor.py:830} INFO - Processing file /home/airflow/.local/lib/python3.8/site-packages/airflow/example_dags/example_datasets.py for tasks to queue
[2025-11-05T15:41:36.544+0000] {logging_mixin.py:188} INFO - [2025-11-05T15:41:36.543+0000] {dagbag.py:538} INFO - Filling up the DagBag from /home/airflow/.local/lib/python3.8/site-packages/airflow/example_dags/example_datasets.py
[2025-11-05T15:41:36.592+0000] {processor.py:840} INFO - DAG(s) 'dataset_produces_2', 'dataset_consumes_unknown_never_scheduled', 'dataset_produces_1', 'dataset_consumes_1', 'dataset_consumes_1_never_scheduled', 'dataset_consumes_1_and_2' retrieved from /home/airflow/.local/lib/python3.8/site-packages/airflow/example_dags/example_datasets.py
[2025-11-05T15:41:36.694+0000] {logging_mixin.py:188} INFO - [2025-11-05T15:41:36.693+0000] {dag.py:3036} INFO - Sync 6 DAGs
[2025-11-05T15:41:36.761+0000] {logging_mixin.py:188} INFO - [2025-11-05T15:41:36.760+0000] {dag.py:3823} INFO - Setting next_dagrun for dataset_consumes_1 to None, run_after=None
[2025-11-05T15:41:36.771+0000] {logging_mixin.py:188} INFO - [2025-11-05T15:41:36.771+0000] {dag.py:3823} INFO - Setting next_dagrun for dataset_consumes_1_and_2 to None, run_after=None
[2025-11-05T15:41:36.776+0000] {logging_mixin.py:188} INFO - [2025-11-05T15:41:36.775+0000] {dag.py:3823} INFO - Setting next_dagrun for dataset_consumes_1_never_scheduled to None, run_after=None
[2025-11-05T15:41:36.780+0000] {logging_mixin.py:188} INFO - [2025-11-05T15:41:36.780+0000] {dag.py:3823} INFO - Setting next_dagrun for dataset_consumes_unknown_never_scheduled to None, run_after=None
[2025-11-05T15:41:36.792+0000] {logging_mixin.py:188} INFO - [2025-11-05T15:41:36.791+0000] {dag.py:3823} INFO - Setting next_dagrun for dataset_produces_1 to 2025-11-04 00:00:00+00:00, run_after=2025-11-05 00:00:00+00:00
[2025-11-05T15:41:36.796+0000] {logging_mixin.py:188} INFO - [2025-11-05T15:41:36.796+0000] {dag.py:3823} INFO - Setting next_dagrun for dataset_produces_2 to None, run_after=None
[2025-11-05T15:41:36.875+0000] {processor.py:183} INFO - Processing /home/airflow/.local/lib/python3.8/site-packages/airflow/example_dags/example_datasets.py took 0.354 seconds
[2025-11-05T15:42:07.207+0000] {processor.py:161} INFO - Started process (PID=337) to work on /home/airflow/.local/lib/python3.8/site-packages/airflow/example_dags/example_datasets.py
[2025-11-05T15:42:07.210+0000] {processor.py:830} INFO - Processing file /home/airflow/.local/lib/python3.8/site-packages/airflow/example_dags/example_datasets.py for tasks to queue
[2025-11-05T15:42:07.215+0000] {logging_mixin.py:188} INFO - [2025-11-05T15:42:07.214+0000] {dagbag.py:538} INFO - Filling up the DagBag from /home/airflow/.local/lib/python3.8/site-packages/airflow/example_dags/example_datasets.py
[2025-11-05T15:42:07.238+0000] {processor.py:840} INFO - DAG(s) 'dataset_produces_2', 'dataset_consumes_1_never_scheduled', 'dataset_produces_1', 'dataset_consumes_1_and_2', 'dataset_consumes_unknown_never_scheduled', 'dataset_consumes_1' retrieved from /home/airflow/.local/lib/python3.8/site-packages/airflow/example_dags/example_datasets.py
[2025-11-05T15:42:07.310+0000] {logging_mixin.py:188} INFO - [2025-11-05T15:42:07.309+0000] {dag.py:3036} INFO - Sync 6 DAGs
[2025-11-05T15:42:07.359+0000] {logging_mixin.py:188} INFO - [2025-11-05T15:42:07.359+0000] {dag.py:3823} INFO - Setting next_dagrun for dataset_consumes_1 to None, run_after=None
[2025-11-05T15:42:07.368+0000] {logging_mixin.py:188} INFO - [2025-11-05T15:42:07.368+0000] {dag.py:3823} INFO - Setting next_dagrun for dataset_consumes_1_and_2 to None, run_after=None
[2025-11-05T15:42:07.375+0000] {logging_mixin.py:188} INFO - [2025-11-05T15:42:07.374+0000] {dag.py:3823} INFO - Setting next_dagrun for dataset_consumes_1_never_scheduled to None, run_after=None
[2025-11-05T15:42:07.381+0000] {logging_mixin.py:188} INFO - [2025-11-05T15:42:07.380+0000] {dag.py:3823} INFO - Setting next_dagrun for dataset_consumes_unknown_never_scheduled to None, run_after=None
[2025-11-05T15:42:07.387+0000] {logging_mixin.py:188} INFO - [2025-11-05T15:42:07.386+0000] {dag.py:3823} INFO - Setting next_dagrun for dataset_produces_1 to 2025-11-04 00:00:00+00:00, run_after=2025-11-05 00:00:00+00:00
[2025-11-05T15:42:07.390+0000] {logging_mixin.py:188} INFO - [2025-11-05T15:42:07.389+0000] {dag.py:3823} INFO - Setting next_dagrun for dataset_produces_2 to None, run_after=None
[2025-11-05T15:42:07.458+0000] {processor.py:183} INFO - Processing /home/airflow/.local/lib/python3.8/site-packages/airflow/example_dags/example_datasets.py took 0.257 seconds
[2025-11-05T15:42:37.536+0000] {processor.py:161} INFO - Started process (PID=391) to work on /home/airflow/.local/lib/python3.8/site-packages/airflow/example_dags/example_datasets.py
[2025-11-05T15:42:37.538+0000] {processor.py:830} INFO - Processing file /home/airflow/.local/lib/python3.8/site-packages/airflow/example_dags/example_datasets.py for tasks to queue
[2025-11-05T15:42:37.540+0000] {logging_mixin.py:188} INFO - [2025-11-05T15:42:37.540+0000] {dagbag.py:538} INFO - Filling up the DagBag from /home/airflow/.local/lib/python3.8/site-packages/airflow/example_dags/example_datasets.py
[2025-11-05T15:42:37.555+0000] {processor.py:840} INFO - DAG(s) 'dataset_consumes_1_never_scheduled', 'dataset_consumes_1_and_2', 'dataset_consumes_1', 'dataset_produces_2', 'dataset_produces_1', 'dataset_consumes_unknown_never_scheduled' retrieved from /home/airflow/.local/lib/python3.8/site-packages/airflow/example_dags/example_datasets.py
[2025-11-05T15:42:37.611+0000] {logging_mixin.py:188} INFO - [2025-11-05T15:42:37.611+0000] {dag.py:3036} INFO - Sync 6 DAGs
[2025-11-05T15:42:37.645+0000] {logging_mixin.py:188} INFO - [2025-11-05T15:42:37.645+0000] {dag.py:3823} INFO - Setting next_dagrun for dataset_consumes_1 to None, run_after=None
[2025-11-05T15:42:37.652+0000] {logging_mixin.py:188} INFO - [2025-11-05T15:42:37.652+0000] {dag.py:3823} INFO - Setting next_dagrun for dataset_consumes_1_and_2 to None, run_after=None
[2025-11-05T15:42:37.655+0000] {logging_mixin.py:188} INFO - [2025-11-05T15:42:37.654+0000] {dag.py:3823} INFO - Setting next_dagrun for dataset_consumes_1_never_scheduled to None, run_after=None
[2025-11-05T15:42:37.657+0000] {logging_mixin.py:188} INFO - [2025-11-05T15:42:37.657+0000] {dag.py:3823} INFO - Setting next_dagrun for dataset_consumes_unknown_never_scheduled to None, run_after=None
[2025-11-05T15:42:37.662+0000] {logging_mixin.py:188} INFO - [2025-11-05T15:42:37.662+0000] {dag.py:3823} INFO - Setting next_dagrun for dataset_produces_1 to 2025-11-04 00:00:00+00:00, run_after=2025-11-05 00:00:00+00:00
[2025-11-05T15:42:37.665+0000] {logging_mixin.py:188} INFO - [2025-11-05T15:42:37.665+0000] {dag.py:3823} INFO - Setting next_dagrun for dataset_produces_2 to None, run_after=None
[2025-11-05T15:42:37.724+0000] {processor.py:183} INFO - Processing /home/airflow/.local/lib/python3.8/site-packages/airflow/example_dags/example_datasets.py took 0.192 seconds
[2025-11-05T15:43:08.063+0000] {processor.py:161} INFO - Started process (PID=453) to work on /home/airflow/.local/lib/python3.8/site-packages/airflow/example_dags/example_datasets.py
[2025-11-05T15:43:08.075+0000] {processor.py:830} INFO - Processing file /home/airflow/.local/lib/python3.8/site-packages/airflow/example_dags/example_datasets.py for tasks to queue
[2025-11-05T15:43:08.081+0000] {logging_mixin.py:188} INFO - [2025-11-05T15:43:08.080+0000] {dagbag.py:538} INFO - Filling up the DagBag from /home/airflow/.local/lib/python3.8/site-packages/airflow/example_dags/example_datasets.py
[2025-11-05T15:43:08.175+0000] {processor.py:840} INFO - DAG(s) 'dataset_consumes_1_and_2', 'dataset_produces_1', 'dataset_produces_2', 'dataset_consumes_unknown_never_scheduled', 'dataset_consumes_1', 'dataset_consumes_1_never_scheduled' retrieved from /home/airflow/.local/lib/python3.8/site-packages/airflow/example_dags/example_datasets.py
[2025-11-05T15:43:08.443+0000] {logging_mixin.py:188} INFO - [2025-11-05T15:43:08.442+0000] {dag.py:3036} INFO - Sync 6 DAGs
[2025-11-05T15:43:08.648+0000] {logging_mixin.py:188} INFO - [2025-11-05T15:43:08.648+0000] {dag.py:3823} INFO - Setting next_dagrun for dataset_consumes_1 to None, run_after=None
[2025-11-05T15:43:08.680+0000] {logging_mixin.py:188} INFO - [2025-11-05T15:43:08.679+0000] {dag.py:3823} INFO - Setting next_dagrun for dataset_consumes_1_and_2 to None, run_after=None
[2025-11-05T15:43:08.695+0000] {logging_mixin.py:188} INFO - [2025-11-05T15:43:08.694+0000] {dag.py:3823} INFO - Setting next_dagrun for dataset_consumes_1_never_scheduled to None, run_after=None
[2025-11-05T15:43:08.711+0000] {logging_mixin.py:188} INFO - [2025-11-05T15:43:08.710+0000] {dag.py:3823} INFO - Setting next_dagrun for dataset_consumes_unknown_never_scheduled to None, run_after=None
[2025-11-05T15:43:08.743+0000] {logging_mixin.py:188} INFO - [2025-11-05T15:43:08.742+0000] {dag.py:3823} INFO - Setting next_dagrun for dataset_produces_1 to 2025-11-04 00:00:00+00:00, run_after=2025-11-05 00:00:00+00:00
[2025-11-05T15:43:08.758+0000] {logging_mixin.py:188} INFO - [2025-11-05T15:43:08.757+0000] {dag.py:3823} INFO - Setting next_dagrun for dataset_produces_2 to None, run_after=None
[2025-11-05T15:43:09.021+0000] {processor.py:183} INFO - Processing /home/airflow/.local/lib/python3.8/site-packages/airflow/example_dags/example_datasets.py took 0.981 seconds
[2025-11-05T15:43:39.298+0000] {processor.py:161} INFO - Started process (PID=508) to work on /home/airflow/.local/lib/python3.8/site-packages/airflow/example_dags/example_datasets.py
[2025-11-05T15:43:39.300+0000] {processor.py:830} INFO - Processing file /home/airflow/.local/lib/python3.8/site-packages/airflow/example_dags/example_datasets.py for tasks to queue
[2025-11-05T15:43:39.302+0000] {logging_mixin.py:188} INFO - [2025-11-05T15:43:39.302+0000] {dagbag.py:538} INFO - Filling up the DagBag from /home/airflow/.local/lib/python3.8/site-packages/airflow/example_dags/example_datasets.py
[2025-11-05T15:43:39.325+0000] {processor.py:840} INFO - DAG(s) 'dataset_produces_1', 'dataset_consumes_1_and_2', 'dataset_consumes_1_never_scheduled', 'dataset_produces_2', 'dataset_consumes_unknown_never_scheduled', 'dataset_consumes_1' retrieved from /home/airflow/.local/lib/python3.8/site-packages/airflow/example_dags/example_datasets.py
[2025-11-05T15:43:39.419+0000] {logging_mixin.py:188} INFO - [2025-11-05T15:43:39.418+0000] {dag.py:3036} INFO - Sync 6 DAGs
[2025-11-05T15:43:39.469+0000] {logging_mixin.py:188} INFO - [2025-11-05T15:43:39.469+0000] {dag.py:3823} INFO - Setting next_dagrun for dataset_consumes_1 to None, run_after=None
[2025-11-05T15:43:39.477+0000] {logging_mixin.py:188} INFO - [2025-11-05T15:43:39.477+0000] {dag.py:3823} INFO - Setting next_dagrun for dataset_consumes_1_and_2 to None, run_after=None
[2025-11-05T15:43:39.485+0000] {logging_mixin.py:188} INFO - [2025-11-05T15:43:39.484+0000] {dag.py:3823} INFO - Setting next_dagrun for dataset_consumes_1_never_scheduled to None, run_after=None
[2025-11-05T15:43:39.490+0000] {logging_mixin.py:188} INFO - [2025-11-05T15:43:39.489+0000] {dag.py:3823} INFO - Setting next_dagrun for dataset_consumes_unknown_never_scheduled to None, run_after=None
[2025-11-05T15:43:39.499+0000] {logging_mixin.py:188} INFO - [2025-11-05T15:43:39.498+0000] {dag.py:3823} INFO - Setting next_dagrun for dataset_produces_1 to 2025-11-04 00:00:00+00:00, run_after=2025-11-05 00:00:00+00:00
[2025-11-05T15:43:39.504+0000] {logging_mixin.py:188} INFO - [2025-11-05T15:43:39.503+0000] {dag.py:3823} INFO - Setting next_dagrun for dataset_produces_2 to None, run_after=None
[2025-11-05T15:43:39.608+0000] {processor.py:183} INFO - Processing /home/airflow/.local/lib/python3.8/site-packages/airflow/example_dags/example_datasets.py took 0.314 seconds
[2025-11-05T15:44:09.945+0000] {processor.py:161} INFO - Started process (PID=563) to work on /home/airflow/.local/lib/python3.8/site-packages/airflow/example_dags/example_datasets.py
[2025-11-05T15:44:09.948+0000] {processor.py:830} INFO - Processing file /home/airflow/.local/lib/python3.8/site-packages/airflow/example_dags/example_datasets.py for tasks to queue
[2025-11-05T15:44:09.954+0000] {logging_mixin.py:188} INFO - [2025-11-05T15:44:09.953+0000] {dagbag.py:538} INFO - Filling up the DagBag from /home/airflow/.local/lib/python3.8/site-packages/airflow/example_dags/example_datasets.py
[2025-11-05T15:44:09.981+0000] {processor.py:840} INFO - DAG(s) 'dataset_consumes_1_never_scheduled', 'dataset_produces_2', 'dataset_consumes_1_and_2', 'dataset_consumes_1', 'dataset_produces_1', 'dataset_consumes_unknown_never_scheduled' retrieved from /home/airflow/.local/lib/python3.8/site-packages/airflow/example_dags/example_datasets.py
[2025-11-05T15:44:10.103+0000] {logging_mixin.py:188} INFO - [2025-11-05T15:44:10.102+0000] {dag.py:3036} INFO - Sync 6 DAGs
[2025-11-05T15:44:10.177+0000] {logging_mixin.py:188} INFO - [2025-11-05T15:44:10.176+0000] {dag.py:3823} INFO - Setting next_dagrun for dataset_consumes_1 to None, run_after=None
[2025-11-05T15:44:10.196+0000] {logging_mixin.py:188} INFO - [2025-11-05T15:44:10.196+0000] {dag.py:3823} INFO - Setting next_dagrun for dataset_consumes_1_and_2 to None, run_after=None
[2025-11-05T15:44:10.201+0000] {logging_mixin.py:188} INFO - [2025-11-05T15:44:10.200+0000] {dag.py:3823} INFO - Setting next_dagrun for dataset_consumes_1_never_scheduled to None, run_after=None
[2025-11-05T15:44:10.212+0000] {logging_mixin.py:188} INFO - [2025-11-05T15:44:10.211+0000] {dag.py:3823} INFO - Setting next_dagrun for dataset_consumes_unknown_never_scheduled to None, run_after=None
[2025-11-05T15:44:10.228+0000] {logging_mixin.py:188} INFO - [2025-11-05T15:44:10.227+0000] {dag.py:3823} INFO - Setting next_dagrun for dataset_produces_1 to 2025-11-04 00:00:00+00:00, run_after=2025-11-05 00:00:00+00:00
[2025-11-05T15:44:10.235+0000] {logging_mixin.py:188} INFO - [2025-11-05T15:44:10.234+0000] {dag.py:3823} INFO - Setting next_dagrun for dataset_produces_2 to None, run_after=None
[2025-11-05T15:44:10.352+0000] {processor.py:183} INFO - Processing /home/airflow/.local/lib/python3.8/site-packages/airflow/example_dags/example_datasets.py took 0.418 seconds
[2025-11-05T15:44:40.491+0000] {processor.py:161} INFO - Started process (PID=619) to work on /home/airflow/.local/lib/python3.8/site-packages/airflow/example_dags/example_datasets.py
[2025-11-05T15:44:40.494+0000] {processor.py:830} INFO - Processing file /home/airflow/.local/lib/python3.8/site-packages/airflow/example_dags/example_datasets.py for tasks to queue
[2025-11-05T15:44:40.498+0000] {logging_mixin.py:188} INFO - [2025-11-05T15:44:40.498+0000] {dagbag.py:538} INFO - Filling up the DagBag from /home/airflow/.local/lib/python3.8/site-packages/airflow/example_dags/example_datasets.py
[2025-11-05T15:44:40.517+0000] {processor.py:840} INFO - DAG(s) 'dataset_produces_2', 'dataset_consumes_1_never_scheduled', 'dataset_produces_1', 'dataset_consumes_1', 'dataset_consumes_1_and_2', 'dataset_consumes_unknown_never_scheduled' retrieved from /home/airflow/.local/lib/python3.8/site-packages/airflow/example_dags/example_datasets.py
[2025-11-05T15:44:40.595+0000] {logging_mixin.py:188} INFO - [2025-11-05T15:44:40.595+0000] {dag.py:3036} INFO - Sync 6 DAGs
[2025-11-05T15:44:40.647+0000] {logging_mixin.py:188} INFO - [2025-11-05T15:44:40.647+0000] {dag.py:3823} INFO - Setting next_dagrun for dataset_consumes_1 to None, run_after=None
[2025-11-05T15:44:40.654+0000] {logging_mixin.py:188} INFO - [2025-11-05T15:44:40.654+0000] {dag.py:3823} INFO - Setting next_dagrun for dataset_consumes_1_and_2 to None, run_after=None
[2025-11-05T15:44:40.657+0000] {logging_mixin.py:188} INFO - [2025-11-05T15:44:40.657+0000] {dag.py:3823} INFO - Setting next_dagrun for dataset_consumes_1_never_scheduled to None, run_after=None
[2025-11-05T15:44:40.660+0000] {logging_mixin.py:188} INFO - [2025-11-05T15:44:40.660+0000] {dag.py:3823} INFO - Setting next_dagrun for dataset_consumes_unknown_never_scheduled to None, run_after=None
[2025-11-05T15:44:40.667+0000] {logging_mixin.py:188} INFO - [2025-11-05T15:44:40.667+0000] {dag.py:3823} INFO - Setting next_dagrun for dataset_produces_1 to 2025-11-04 00:00:00+00:00, run_after=2025-11-05 00:00:00+00:00
[2025-11-05T15:44:40.671+0000] {logging_mixin.py:188} INFO - [2025-11-05T15:44:40.670+0000] {dag.py:3823} INFO - Setting next_dagrun for dataset_produces_2 to None, run_after=None
[2025-11-05T15:44:40.748+0000] {processor.py:183} INFO - Processing /home/airflow/.local/lib/python3.8/site-packages/airflow/example_dags/example_datasets.py took 0.263 seconds
