[2025-11-05T15:35:44.481+0000] {processor.py:161} INFO - Started process (PID=87) to work on /home/airflow/.local/lib/python3.8/site-packages/airflow/example_dags/example_sensor_decorator.py
[2025-11-05T15:35:44.484+0000] {processor.py:830} INFO - Processing file /home/airflow/.local/lib/python3.8/site-packages/airflow/example_dags/example_sensor_decorator.py for tasks to queue
[2025-11-05T15:35:44.489+0000] {logging_mixin.py:188} INFO - [2025-11-05T15:35:44.488+0000] {dagbag.py:538} INFO - Filling up the DagBag from /home/airflow/.local/lib/python3.8/site-packages/airflow/example_dags/example_sensor_decorator.py
[2025-11-05T15:35:44.517+0000] {processor.py:840} INFO - DAG(s) 'example_sensor_decorator' retrieved from /home/airflow/.local/lib/python3.8/site-packages/airflow/example_dags/example_sensor_decorator.py
[2025-11-05T15:35:44.801+0000] {logging_mixin.py:188} INFO - [2025-11-05T15:35:44.800+0000] {dag.py:3036} INFO - Sync 1 DAGs
[2025-11-05T15:35:44.846+0000] {logging_mixin.py:188} INFO - [2025-11-05T15:35:44.845+0000] {dag.py:3823} INFO - Setting next_dagrun for example_sensor_decorator to None, run_after=None
[2025-11-05T15:35:44.902+0000] {processor.py:183} INFO - Processing /home/airflow/.local/lib/python3.8/site-packages/airflow/example_dags/example_sensor_decorator.py took 0.431 seconds
[2025-11-05T15:36:16.457+0000] {processor.py:161} INFO - Started process (PID=142) to work on /home/airflow/.local/lib/python3.8/site-packages/airflow/example_dags/example_sensor_decorator.py
[2025-11-05T15:36:16.461+0000] {processor.py:830} INFO - Processing file /home/airflow/.local/lib/python3.8/site-packages/airflow/example_dags/example_sensor_decorator.py for tasks to queue
[2025-11-05T15:36:16.468+0000] {logging_mixin.py:188} INFO - [2025-11-05T15:36:16.467+0000] {dagbag.py:538} INFO - Filling up the DagBag from /home/airflow/.local/lib/python3.8/site-packages/airflow/example_dags/example_sensor_decorator.py
[2025-11-05T15:36:16.490+0000] {processor.py:840} INFO - DAG(s) 'example_sensor_decorator' retrieved from /home/airflow/.local/lib/python3.8/site-packages/airflow/example_dags/example_sensor_decorator.py
[2025-11-05T15:36:16.557+0000] {logging_mixin.py:188} INFO - [2025-11-05T15:36:16.556+0000] {dag.py:3036} INFO - Sync 1 DAGs
[2025-11-05T15:36:16.600+0000] {logging_mixin.py:188} INFO - [2025-11-05T15:36:16.599+0000] {dag.py:3823} INFO - Setting next_dagrun for example_sensor_decorator to None, run_after=None
[2025-11-05T15:36:16.671+0000] {processor.py:183} INFO - Processing /home/airflow/.local/lib/python3.8/site-packages/airflow/example_dags/example_sensor_decorator.py took 0.227 seconds
[2025-11-05T15:36:47.668+0000] {processor.py:161} INFO - Started process (PID=197) to work on /home/airflow/.local/lib/python3.8/site-packages/airflow/example_dags/example_sensor_decorator.py
[2025-11-05T15:36:47.670+0000] {processor.py:830} INFO - Processing file /home/airflow/.local/lib/python3.8/site-packages/airflow/example_dags/example_sensor_decorator.py for tasks to queue
[2025-11-05T15:36:47.674+0000] {logging_mixin.py:188} INFO - [2025-11-05T15:36:47.674+0000] {dagbag.py:538} INFO - Filling up the DagBag from /home/airflow/.local/lib/python3.8/site-packages/airflow/example_dags/example_sensor_decorator.py
[2025-11-05T15:36:47.687+0000] {processor.py:840} INFO - DAG(s) 'example_sensor_decorator' retrieved from /home/airflow/.local/lib/python3.8/site-packages/airflow/example_dags/example_sensor_decorator.py
[2025-11-05T15:36:47.725+0000] {logging_mixin.py:188} INFO - [2025-11-05T15:36:47.724+0000] {dag.py:3036} INFO - Sync 1 DAGs
[2025-11-05T15:36:47.767+0000] {logging_mixin.py:188} INFO - [2025-11-05T15:36:47.766+0000] {dag.py:3823} INFO - Setting next_dagrun for example_sensor_decorator to None, run_after=None
[2025-11-05T15:36:47.811+0000] {processor.py:183} INFO - Processing /home/airflow/.local/lib/python3.8/site-packages/airflow/example_dags/example_sensor_decorator.py took 0.151 seconds
[2025-11-05T15:37:19.218+0000] {processor.py:161} INFO - Started process (PID=252) to work on /home/airflow/.local/lib/python3.8/site-packages/airflow/example_dags/example_sensor_decorator.py
[2025-11-05T15:37:19.223+0000] {processor.py:830} INFO - Processing file /home/airflow/.local/lib/python3.8/site-packages/airflow/example_dags/example_sensor_decorator.py for tasks to queue
[2025-11-05T15:37:19.240+0000] {logging_mixin.py:188} INFO - [2025-11-05T15:37:19.233+0000] {dagbag.py:538} INFO - Filling up the DagBag from /home/airflow/.local/lib/python3.8/site-packages/airflow/example_dags/example_sensor_decorator.py
[2025-11-05T15:37:19.317+0000] {processor.py:840} INFO - DAG(s) 'example_sensor_decorator' retrieved from /home/airflow/.local/lib/python3.8/site-packages/airflow/example_dags/example_sensor_decorator.py
[2025-11-05T15:37:19.439+0000] {logging_mixin.py:188} INFO - [2025-11-05T15:37:19.438+0000] {dag.py:3036} INFO - Sync 1 DAGs
[2025-11-05T15:37:19.509+0000] {logging_mixin.py:188} INFO - [2025-11-05T15:37:19.508+0000] {dag.py:3823} INFO - Setting next_dagrun for example_sensor_decorator to None, run_after=None
[2025-11-05T15:37:19.619+0000] {processor.py:183} INFO - Processing /home/airflow/.local/lib/python3.8/site-packages/airflow/example_dags/example_sensor_decorator.py took 0.432 seconds
[2025-11-05T15:39:41.010+0000] {processor.py:161} INFO - Started process (PID=83) to work on /home/airflow/.local/lib/python3.8/site-packages/airflow/example_dags/example_sensor_decorator.py
[2025-11-05T15:39:41.021+0000] {processor.py:830} INFO - Processing file /home/airflow/.local/lib/python3.8/site-packages/airflow/example_dags/example_sensor_decorator.py for tasks to queue
[2025-11-05T15:39:41.064+0000] {logging_mixin.py:188} INFO - [2025-11-05T15:39:41.063+0000] {dagbag.py:538} INFO - Filling up the DagBag from /home/airflow/.local/lib/python3.8/site-packages/airflow/example_dags/example_sensor_decorator.py
[2025-11-05T15:39:41.179+0000] {processor.py:840} INFO - DAG(s) 'example_sensor_decorator' retrieved from /home/airflow/.local/lib/python3.8/site-packages/airflow/example_dags/example_sensor_decorator.py
[2025-11-05T15:39:42.461+0000] {logging_mixin.py:188} INFO - [2025-11-05T15:39:42.420+0000] {dag.py:3036} INFO - Sync 1 DAGs
[2025-11-05T15:39:42.545+0000] {logging_mixin.py:188} INFO - [2025-11-05T15:39:42.544+0000] {dag.py:3823} INFO - Setting next_dagrun for example_sensor_decorator to None, run_after=None
[2025-11-05T15:39:42.698+0000] {processor.py:183} INFO - Processing /home/airflow/.local/lib/python3.8/site-packages/airflow/example_dags/example_sensor_decorator.py took 1.720 seconds
[2025-11-05T15:40:13.139+0000] {processor.py:161} INFO - Started process (PID=143) to work on /home/airflow/.local/lib/python3.8/site-packages/airflow/example_dags/example_sensor_decorator.py
[2025-11-05T15:40:13.143+0000] {processor.py:830} INFO - Processing file /home/airflow/.local/lib/python3.8/site-packages/airflow/example_dags/example_sensor_decorator.py for tasks to queue
[2025-11-05T15:40:13.150+0000] {logging_mixin.py:188} INFO - [2025-11-05T15:40:13.148+0000] {dagbag.py:538} INFO - Filling up the DagBag from /home/airflow/.local/lib/python3.8/site-packages/airflow/example_dags/example_sensor_decorator.py
[2025-11-05T15:40:13.168+0000] {processor.py:840} INFO - DAG(s) 'example_sensor_decorator' retrieved from /home/airflow/.local/lib/python3.8/site-packages/airflow/example_dags/example_sensor_decorator.py
[2025-11-05T15:40:13.237+0000] {logging_mixin.py:188} INFO - [2025-11-05T15:40:13.237+0000] {dag.py:3036} INFO - Sync 1 DAGs
[2025-11-05T15:40:13.278+0000] {logging_mixin.py:188} INFO - [2025-11-05T15:40:13.277+0000] {dag.py:3823} INFO - Setting next_dagrun for example_sensor_decorator to None, run_after=None
[2025-11-05T15:40:13.346+0000] {processor.py:183} INFO - Processing /home/airflow/.local/lib/python3.8/site-packages/airflow/example_dags/example_sensor_decorator.py took 0.215 seconds
[2025-11-05T15:40:44.425+0000] {processor.py:161} INFO - Started process (PID=198) to work on /home/airflow/.local/lib/python3.8/site-packages/airflow/example_dags/example_sensor_decorator.py
[2025-11-05T15:40:44.429+0000] {processor.py:830} INFO - Processing file /home/airflow/.local/lib/python3.8/site-packages/airflow/example_dags/example_sensor_decorator.py for tasks to queue
[2025-11-05T15:40:44.443+0000] {logging_mixin.py:188} INFO - [2025-11-05T15:40:44.442+0000] {dagbag.py:538} INFO - Filling up the DagBag from /home/airflow/.local/lib/python3.8/site-packages/airflow/example_dags/example_sensor_decorator.py
[2025-11-05T15:40:44.491+0000] {processor.py:840} INFO - DAG(s) 'example_sensor_decorator' retrieved from /home/airflow/.local/lib/python3.8/site-packages/airflow/example_dags/example_sensor_decorator.py
[2025-11-05T15:40:44.599+0000] {logging_mixin.py:188} INFO - [2025-11-05T15:40:44.598+0000] {dag.py:3036} INFO - Sync 1 DAGs
[2025-11-05T15:40:44.667+0000] {logging_mixin.py:188} INFO - [2025-11-05T15:40:44.666+0000] {dag.py:3823} INFO - Setting next_dagrun for example_sensor_decorator to None, run_after=None
[2025-11-05T15:40:44.789+0000] {processor.py:183} INFO - Processing /home/airflow/.local/lib/python3.8/site-packages/airflow/example_dags/example_sensor_decorator.py took 0.384 seconds
[2025-11-05T15:41:15.140+0000] {processor.py:161} INFO - Started process (PID=253) to work on /home/airflow/.local/lib/python3.8/site-packages/airflow/example_dags/example_sensor_decorator.py
[2025-11-05T15:41:15.142+0000] {processor.py:830} INFO - Processing file /home/airflow/.local/lib/python3.8/site-packages/airflow/example_dags/example_sensor_decorator.py for tasks to queue
[2025-11-05T15:41:15.145+0000] {logging_mixin.py:188} INFO - [2025-11-05T15:41:15.145+0000] {dagbag.py:538} INFO - Filling up the DagBag from /home/airflow/.local/lib/python3.8/site-packages/airflow/example_dags/example_sensor_decorator.py
[2025-11-05T15:41:15.154+0000] {processor.py:840} INFO - DAG(s) 'example_sensor_decorator' retrieved from /home/airflow/.local/lib/python3.8/site-packages/airflow/example_dags/example_sensor_decorator.py
[2025-11-05T15:41:15.187+0000] {logging_mixin.py:188} INFO - [2025-11-05T15:41:15.187+0000] {dag.py:3036} INFO - Sync 1 DAGs
[2025-11-05T15:41:15.221+0000] {logging_mixin.py:188} INFO - [2025-11-05T15:41:15.220+0000] {dag.py:3823} INFO - Setting next_dagrun for example_sensor_decorator to None, run_after=None
[2025-11-05T15:41:15.281+0000] {processor.py:183} INFO - Processing /home/airflow/.local/lib/python3.8/site-packages/airflow/example_dags/example_sensor_decorator.py took 0.147 seconds
[2025-11-05T15:41:46.201+0000] {processor.py:161} INFO - Started process (PID=309) to work on /home/airflow/.local/lib/python3.8/site-packages/airflow/example_dags/example_sensor_decorator.py
[2025-11-05T15:41:46.207+0000] {processor.py:830} INFO - Processing file /home/airflow/.local/lib/python3.8/site-packages/airflow/example_dags/example_sensor_decorator.py for tasks to queue
[2025-11-05T15:41:46.217+0000] {logging_mixin.py:188} INFO - [2025-11-05T15:41:46.215+0000] {dagbag.py:538} INFO - Filling up the DagBag from /home/airflow/.local/lib/python3.8/site-packages/airflow/example_dags/example_sensor_decorator.py
[2025-11-05T15:41:46.245+0000] {processor.py:840} INFO - DAG(s) 'example_sensor_decorator' retrieved from /home/airflow/.local/lib/python3.8/site-packages/airflow/example_dags/example_sensor_decorator.py
[2025-11-05T15:41:46.338+0000] {logging_mixin.py:188} INFO - [2025-11-05T15:41:46.337+0000] {dag.py:3036} INFO - Sync 1 DAGs
[2025-11-05T15:41:46.392+0000] {logging_mixin.py:188} INFO - [2025-11-05T15:41:46.392+0000] {dag.py:3823} INFO - Setting next_dagrun for example_sensor_decorator to None, run_after=None
[2025-11-05T15:41:46.484+0000] {processor.py:183} INFO - Processing /home/airflow/.local/lib/python3.8/site-packages/airflow/example_dags/example_sensor_decorator.py took 0.299 seconds
[2025-11-05T15:42:16.546+0000] {processor.py:161} INFO - Started process (PID=363) to work on /home/airflow/.local/lib/python3.8/site-packages/airflow/example_dags/example_sensor_decorator.py
[2025-11-05T15:42:16.548+0000] {processor.py:830} INFO - Processing file /home/airflow/.local/lib/python3.8/site-packages/airflow/example_dags/example_sensor_decorator.py for tasks to queue
[2025-11-05T15:42:16.551+0000] {logging_mixin.py:188} INFO - [2025-11-05T15:42:16.551+0000] {dagbag.py:538} INFO - Filling up the DagBag from /home/airflow/.local/lib/python3.8/site-packages/airflow/example_dags/example_sensor_decorator.py
[2025-11-05T15:42:16.562+0000] {processor.py:840} INFO - DAG(s) 'example_sensor_decorator' retrieved from /home/airflow/.local/lib/python3.8/site-packages/airflow/example_dags/example_sensor_decorator.py
[2025-11-05T15:42:16.603+0000] {logging_mixin.py:188} INFO - [2025-11-05T15:42:16.603+0000] {dag.py:3036} INFO - Sync 1 DAGs
[2025-11-05T15:42:16.624+0000] {logging_mixin.py:188} INFO - [2025-11-05T15:42:16.624+0000] {dag.py:3823} INFO - Setting next_dagrun for example_sensor_decorator to None, run_after=None
[2025-11-05T15:42:16.665+0000] {processor.py:183} INFO - Processing /home/airflow/.local/lib/python3.8/site-packages/airflow/example_dags/example_sensor_decorator.py took 0.125 seconds
[2025-11-05T15:42:47.386+0000] {processor.py:161} INFO - Started process (PID=425) to work on /home/airflow/.local/lib/python3.8/site-packages/airflow/example_dags/example_sensor_decorator.py
[2025-11-05T15:42:47.396+0000] {processor.py:830} INFO - Processing file /home/airflow/.local/lib/python3.8/site-packages/airflow/example_dags/example_sensor_decorator.py for tasks to queue
[2025-11-05T15:42:47.408+0000] {logging_mixin.py:188} INFO - [2025-11-05T15:42:47.407+0000] {dagbag.py:538} INFO - Filling up the DagBag from /home/airflow/.local/lib/python3.8/site-packages/airflow/example_dags/example_sensor_decorator.py
[2025-11-05T15:42:47.455+0000] {processor.py:840} INFO - DAG(s) 'example_sensor_decorator' retrieved from /home/airflow/.local/lib/python3.8/site-packages/airflow/example_dags/example_sensor_decorator.py
[2025-11-05T15:42:47.560+0000] {logging_mixin.py:188} INFO - [2025-11-05T15:42:47.560+0000] {dag.py:3036} INFO - Sync 1 DAGs
[2025-11-05T15:42:47.635+0000] {logging_mixin.py:188} INFO - [2025-11-05T15:42:47.635+0000] {dag.py:3823} INFO - Setting next_dagrun for example_sensor_decorator to None, run_after=None
[2025-11-05T15:42:47.740+0000] {processor.py:183} INFO - Processing /home/airflow/.local/lib/python3.8/site-packages/airflow/example_dags/example_sensor_decorator.py took 0.373 seconds
[2025-11-05T15:43:18.042+0000] {processor.py:161} INFO - Started process (PID=478) to work on /home/airflow/.local/lib/python3.8/site-packages/airflow/example_dags/example_sensor_decorator.py
[2025-11-05T15:43:18.044+0000] {processor.py:830} INFO - Processing file /home/airflow/.local/lib/python3.8/site-packages/airflow/example_dags/example_sensor_decorator.py for tasks to queue
[2025-11-05T15:43:18.047+0000] {logging_mixin.py:188} INFO - [2025-11-05T15:43:18.047+0000] {dagbag.py:538} INFO - Filling up the DagBag from /home/airflow/.local/lib/python3.8/site-packages/airflow/example_dags/example_sensor_decorator.py
[2025-11-05T15:43:18.057+0000] {processor.py:840} INFO - DAG(s) 'example_sensor_decorator' retrieved from /home/airflow/.local/lib/python3.8/site-packages/airflow/example_dags/example_sensor_decorator.py
[2025-11-05T15:43:18.090+0000] {logging_mixin.py:188} INFO - [2025-11-05T15:43:18.089+0000] {dag.py:3036} INFO - Sync 1 DAGs
[2025-11-05T15:43:18.109+0000] {logging_mixin.py:188} INFO - [2025-11-05T15:43:18.108+0000] {dag.py:3823} INFO - Setting next_dagrun for example_sensor_decorator to None, run_after=None
[2025-11-05T15:43:18.142+0000] {processor.py:183} INFO - Processing /home/airflow/.local/lib/python3.8/site-packages/airflow/example_dags/example_sensor_decorator.py took 0.108 seconds
[2025-11-05T15:43:48.306+0000] {processor.py:161} INFO - Started process (PID=533) to work on /home/airflow/.local/lib/python3.8/site-packages/airflow/example_dags/example_sensor_decorator.py
[2025-11-05T15:43:48.308+0000] {processor.py:830} INFO - Processing file /home/airflow/.local/lib/python3.8/site-packages/airflow/example_dags/example_sensor_decorator.py for tasks to queue
[2025-11-05T15:43:48.310+0000] {logging_mixin.py:188} INFO - [2025-11-05T15:43:48.310+0000] {dagbag.py:538} INFO - Filling up the DagBag from /home/airflow/.local/lib/python3.8/site-packages/airflow/example_dags/example_sensor_decorator.py
[2025-11-05T15:43:48.318+0000] {processor.py:840} INFO - DAG(s) 'example_sensor_decorator' retrieved from /home/airflow/.local/lib/python3.8/site-packages/airflow/example_dags/example_sensor_decorator.py
[2025-11-05T15:43:48.344+0000] {logging_mixin.py:188} INFO - [2025-11-05T15:43:48.343+0000] {dag.py:3036} INFO - Sync 1 DAGs
[2025-11-05T15:43:48.358+0000] {logging_mixin.py:188} INFO - [2025-11-05T15:43:48.357+0000] {dag.py:3823} INFO - Setting next_dagrun for example_sensor_decorator to None, run_after=None
[2025-11-05T15:43:48.385+0000] {processor.py:183} INFO - Processing /home/airflow/.local/lib/python3.8/site-packages/airflow/example_dags/example_sensor_decorator.py took 0.082 seconds
[2025-11-05T15:44:18.962+0000] {processor.py:161} INFO - Started process (PID=588) to work on /home/airflow/.local/lib/python3.8/site-packages/airflow/example_dags/example_sensor_decorator.py
[2025-11-05T15:44:18.964+0000] {processor.py:830} INFO - Processing file /home/airflow/.local/lib/python3.8/site-packages/airflow/example_dags/example_sensor_decorator.py for tasks to queue
[2025-11-05T15:44:18.969+0000] {logging_mixin.py:188} INFO - [2025-11-05T15:44:18.968+0000] {dagbag.py:538} INFO - Filling up the DagBag from /home/airflow/.local/lib/python3.8/site-packages/airflow/example_dags/example_sensor_decorator.py
[2025-11-05T15:44:18.980+0000] {processor.py:840} INFO - DAG(s) 'example_sensor_decorator' retrieved from /home/airflow/.local/lib/python3.8/site-packages/airflow/example_dags/example_sensor_decorator.py
[2025-11-05T15:44:19.019+0000] {logging_mixin.py:188} INFO - [2025-11-05T15:44:19.019+0000] {dag.py:3036} INFO - Sync 1 DAGs
[2025-11-05T15:44:19.049+0000] {logging_mixin.py:188} INFO - [2025-11-05T15:44:19.048+0000] {dag.py:3823} INFO - Setting next_dagrun for example_sensor_decorator to None, run_after=None
[2025-11-05T15:44:19.085+0000] {processor.py:183} INFO - Processing /home/airflow/.local/lib/python3.8/site-packages/airflow/example_dags/example_sensor_decorator.py took 0.128 seconds
