[2025-11-05T15:35:55.932+0000] {processor.py:161} INFO - Started process (PID=116) to work on /home/airflow/.local/lib/python3.8/site-packages/airflow/example_dags/example_task_group_decorator.py
[2025-11-05T15:35:55.935+0000] {processor.py:830} INFO - Processing file /home/airflow/.local/lib/python3.8/site-packages/airflow/example_dags/example_task_group_decorator.py for tasks to queue
[2025-11-05T15:35:55.941+0000] {logging_mixin.py:188} INFO - [2025-11-05T15:35:55.940+0000] {dagbag.py:538} INFO - Filling up the DagBag from /home/airflow/.local/lib/python3.8/site-packages/airflow/example_dags/example_task_group_decorator.py
[2025-11-05T15:35:56.003+0000] {processor.py:840} INFO - DAG(s) 'example_task_group_decorator' retrieved from /home/airflow/.local/lib/python3.8/site-packages/airflow/example_dags/example_task_group_decorator.py
[2025-11-05T15:35:56.297+0000] {logging_mixin.py:188} INFO - [2025-11-05T15:35:56.297+0000] {dag.py:3036} INFO - Sync 1 DAGs
[2025-11-05T15:35:56.357+0000] {logging_mixin.py:188} INFO - [2025-11-05T15:35:56.357+0000] {dag.py:3823} INFO - Setting next_dagrun for example_task_group_decorator to 2025-11-04 00:00:00+00:00, run_after=2025-11-05 00:00:00+00:00
[2025-11-05T15:35:56.426+0000] {processor.py:183} INFO - Processing /home/airflow/.local/lib/python3.8/site-packages/airflow/example_dags/example_task_group_decorator.py took 0.507 seconds
[2025-11-05T15:36:26.858+0000] {processor.py:161} INFO - Started process (PID=171) to work on /home/airflow/.local/lib/python3.8/site-packages/airflow/example_dags/example_task_group_decorator.py
[2025-11-05T15:36:26.860+0000] {processor.py:830} INFO - Processing file /home/airflow/.local/lib/python3.8/site-packages/airflow/example_dags/example_task_group_decorator.py for tasks to queue
[2025-11-05T15:36:26.864+0000] {logging_mixin.py:188} INFO - [2025-11-05T15:36:26.863+0000] {dagbag.py:538} INFO - Filling up the DagBag from /home/airflow/.local/lib/python3.8/site-packages/airflow/example_dags/example_task_group_decorator.py
[2025-11-05T15:36:26.887+0000] {processor.py:840} INFO - DAG(s) 'example_task_group_decorator' retrieved from /home/airflow/.local/lib/python3.8/site-packages/airflow/example_dags/example_task_group_decorator.py
[2025-11-05T15:36:26.927+0000] {logging_mixin.py:188} INFO - [2025-11-05T15:36:26.927+0000] {dag.py:3036} INFO - Sync 1 DAGs
[2025-11-05T15:36:26.961+0000] {logging_mixin.py:188} INFO - [2025-11-05T15:36:26.961+0000] {dag.py:3823} INFO - Setting next_dagrun for example_task_group_decorator to 2025-11-04 00:00:00+00:00, run_after=2025-11-05 00:00:00+00:00
[2025-11-05T15:36:26.998+0000] {processor.py:183} INFO - Processing /home/airflow/.local/lib/python3.8/site-packages/airflow/example_dags/example_task_group_decorator.py took 0.146 seconds
[2025-11-05T15:37:00.636+0000] {processor.py:161} INFO - Started process (PID=232) to work on /home/airflow/.local/lib/python3.8/site-packages/airflow/example_dags/example_task_group_decorator.py
[2025-11-05T15:37:00.654+0000] {processor.py:830} INFO - Processing file /home/airflow/.local/lib/python3.8/site-packages/airflow/example_dags/example_task_group_decorator.py for tasks to queue
[2025-11-05T15:37:00.663+0000] {logging_mixin.py:188} INFO - [2025-11-05T15:37:00.662+0000] {dagbag.py:538} INFO - Filling up the DagBag from /home/airflow/.local/lib/python3.8/site-packages/airflow/example_dags/example_task_group_decorator.py
[2025-11-05T15:37:00.780+0000] {processor.py:840} INFO - DAG(s) 'example_task_group_decorator' retrieved from /home/airflow/.local/lib/python3.8/site-packages/airflow/example_dags/example_task_group_decorator.py
[2025-11-05T15:37:00.932+0000] {logging_mixin.py:188} INFO - [2025-11-05T15:37:00.932+0000] {dag.py:3036} INFO - Sync 1 DAGs
[2025-11-05T15:37:01.073+0000] {logging_mixin.py:188} INFO - [2025-11-05T15:37:01.072+0000] {dag.py:3823} INFO - Setting next_dagrun for example_task_group_decorator to 2025-11-04 00:00:00+00:00, run_after=2025-11-05 00:00:00+00:00
[2025-11-05T15:37:01.196+0000] {processor.py:183} INFO - Processing /home/airflow/.local/lib/python3.8/site-packages/airflow/example_dags/example_task_group_decorator.py took 0.574 seconds
[2025-11-05T15:40:03.703+0000] {processor.py:161} INFO - Started process (PID=118) to work on /home/airflow/.local/lib/python3.8/site-packages/airflow/example_dags/example_task_group_decorator.py
[2025-11-05T15:40:03.708+0000] {processor.py:830} INFO - Processing file /home/airflow/.local/lib/python3.8/site-packages/airflow/example_dags/example_task_group_decorator.py for tasks to queue
[2025-11-05T15:40:03.725+0000] {logging_mixin.py:188} INFO - [2025-11-05T15:40:03.723+0000] {dagbag.py:538} INFO - Filling up the DagBag from /home/airflow/.local/lib/python3.8/site-packages/airflow/example_dags/example_task_group_decorator.py
[2025-11-05T15:40:03.835+0000] {processor.py:840} INFO - DAG(s) 'example_task_group_decorator' retrieved from /home/airflow/.local/lib/python3.8/site-packages/airflow/example_dags/example_task_group_decorator.py
[2025-11-05T15:40:04.534+0000] {logging_mixin.py:188} INFO - [2025-11-05T15:40:04.534+0000] {dag.py:3036} INFO - Sync 1 DAGs
[2025-11-05T15:40:04.659+0000] {logging_mixin.py:188} INFO - [2025-11-05T15:40:04.658+0000] {dag.py:3823} INFO - Setting next_dagrun for example_task_group_decorator to 2025-11-04 00:00:00+00:00, run_after=2025-11-05 00:00:00+00:00
[2025-11-05T15:40:04.776+0000] {processor.py:183} INFO - Processing /home/airflow/.local/lib/python3.8/site-packages/airflow/example_dags/example_task_group_decorator.py took 1.105 seconds
[2025-11-05T15:40:35.264+0000] {processor.py:161} INFO - Started process (PID=172) to work on /home/airflow/.local/lib/python3.8/site-packages/airflow/example_dags/example_task_group_decorator.py
[2025-11-05T15:40:35.266+0000] {processor.py:830} INFO - Processing file /home/airflow/.local/lib/python3.8/site-packages/airflow/example_dags/example_task_group_decorator.py for tasks to queue
[2025-11-05T15:40:35.271+0000] {logging_mixin.py:188} INFO - [2025-11-05T15:40:35.270+0000] {dagbag.py:538} INFO - Filling up the DagBag from /home/airflow/.local/lib/python3.8/site-packages/airflow/example_dags/example_task_group_decorator.py
[2025-11-05T15:40:35.309+0000] {processor.py:840} INFO - DAG(s) 'example_task_group_decorator' retrieved from /home/airflow/.local/lib/python3.8/site-packages/airflow/example_dags/example_task_group_decorator.py
[2025-11-05T15:40:35.365+0000] {logging_mixin.py:188} INFO - [2025-11-05T15:40:35.365+0000] {dag.py:3036} INFO - Sync 1 DAGs
[2025-11-05T15:40:35.418+0000] {logging_mixin.py:188} INFO - [2025-11-05T15:40:35.418+0000] {dag.py:3823} INFO - Setting next_dagrun for example_task_group_decorator to 2025-11-04 00:00:00+00:00, run_after=2025-11-05 00:00:00+00:00
[2025-11-05T15:40:35.487+0000] {processor.py:183} INFO - Processing /home/airflow/.local/lib/python3.8/site-packages/airflow/example_dags/example_task_group_decorator.py took 0.231 seconds
[2025-11-05T15:41:05.742+0000] {processor.py:161} INFO - Started process (PID=227) to work on /home/airflow/.local/lib/python3.8/site-packages/airflow/example_dags/example_task_group_decorator.py
[2025-11-05T15:41:05.746+0000] {processor.py:830} INFO - Processing file /home/airflow/.local/lib/python3.8/site-packages/airflow/example_dags/example_task_group_decorator.py for tasks to queue
[2025-11-05T15:41:05.759+0000] {logging_mixin.py:188} INFO - [2025-11-05T15:41:05.758+0000] {dagbag.py:538} INFO - Filling up the DagBag from /home/airflow/.local/lib/python3.8/site-packages/airflow/example_dags/example_task_group_decorator.py
[2025-11-05T15:41:05.890+0000] {processor.py:840} INFO - DAG(s) 'example_task_group_decorator' retrieved from /home/airflow/.local/lib/python3.8/site-packages/airflow/example_dags/example_task_group_decorator.py
[2025-11-05T15:41:06.070+0000] {logging_mixin.py:188} INFO - [2025-11-05T15:41:06.070+0000] {dag.py:3036} INFO - Sync 1 DAGs
[2025-11-05T15:41:06.258+0000] {logging_mixin.py:188} INFO - [2025-11-05T15:41:06.257+0000] {dag.py:3823} INFO - Setting next_dagrun for example_task_group_decorator to 2025-11-04 00:00:00+00:00, run_after=2025-11-05 00:00:00+00:00
[2025-11-05T15:41:06.392+0000] {processor.py:183} INFO - Processing /home/airflow/.local/lib/python3.8/site-packages/airflow/example_dags/example_task_group_decorator.py took 0.682 seconds
[2025-11-05T15:41:36.943+0000] {processor.py:161} INFO - Started process (PID=282) to work on /home/airflow/.local/lib/python3.8/site-packages/airflow/example_dags/example_task_group_decorator.py
[2025-11-05T15:41:36.946+0000] {processor.py:830} INFO - Processing file /home/airflow/.local/lib/python3.8/site-packages/airflow/example_dags/example_task_group_decorator.py for tasks to queue
[2025-11-05T15:41:36.950+0000] {logging_mixin.py:188} INFO - [2025-11-05T15:41:36.950+0000] {dagbag.py:538} INFO - Filling up the DagBag from /home/airflow/.local/lib/python3.8/site-packages/airflow/example_dags/example_task_group_decorator.py
[2025-11-05T15:41:36.986+0000] {processor.py:840} INFO - DAG(s) 'example_task_group_decorator' retrieved from /home/airflow/.local/lib/python3.8/site-packages/airflow/example_dags/example_task_group_decorator.py
[2025-11-05T15:41:37.049+0000] {logging_mixin.py:188} INFO - [2025-11-05T15:41:37.048+0000] {dag.py:3036} INFO - Sync 1 DAGs
[2025-11-05T15:41:37.123+0000] {logging_mixin.py:188} INFO - [2025-11-05T15:41:37.123+0000] {dag.py:3823} INFO - Setting next_dagrun for example_task_group_decorator to 2025-11-04 00:00:00+00:00, run_after=2025-11-05 00:00:00+00:00
[2025-11-05T15:41:37.187+0000] {processor.py:183} INFO - Processing /home/airflow/.local/lib/python3.8/site-packages/airflow/example_dags/example_task_group_decorator.py took 0.251 seconds
[2025-11-05T15:42:07.262+0000] {processor.py:161} INFO - Started process (PID=338) to work on /home/airflow/.local/lib/python3.8/site-packages/airflow/example_dags/example_task_group_decorator.py
[2025-11-05T15:42:07.264+0000] {processor.py:830} INFO - Processing file /home/airflow/.local/lib/python3.8/site-packages/airflow/example_dags/example_task_group_decorator.py for tasks to queue
[2025-11-05T15:42:07.268+0000] {logging_mixin.py:188} INFO - [2025-11-05T15:42:07.267+0000] {dagbag.py:538} INFO - Filling up the DagBag from /home/airflow/.local/lib/python3.8/site-packages/airflow/example_dags/example_task_group_decorator.py
[2025-11-05T15:42:07.298+0000] {processor.py:840} INFO - DAG(s) 'example_task_group_decorator' retrieved from /home/airflow/.local/lib/python3.8/site-packages/airflow/example_dags/example_task_group_decorator.py
[2025-11-05T15:42:07.350+0000] {logging_mixin.py:188} INFO - [2025-11-05T15:42:07.350+0000] {dag.py:3036} INFO - Sync 1 DAGs
[2025-11-05T15:42:07.402+0000] {logging_mixin.py:188} INFO - [2025-11-05T15:42:07.402+0000] {dag.py:3823} INFO - Setting next_dagrun for example_task_group_decorator to 2025-11-04 00:00:00+00:00, run_after=2025-11-05 00:00:00+00:00
[2025-11-05T15:42:07.441+0000] {processor.py:183} INFO - Processing /home/airflow/.local/lib/python3.8/site-packages/airflow/example_dags/example_task_group_decorator.py took 0.186 seconds
[2025-11-05T15:42:37.538+0000] {processor.py:161} INFO - Started process (PID=392) to work on /home/airflow/.local/lib/python3.8/site-packages/airflow/example_dags/example_task_group_decorator.py
[2025-11-05T15:42:37.540+0000] {processor.py:830} INFO - Processing file /home/airflow/.local/lib/python3.8/site-packages/airflow/example_dags/example_task_group_decorator.py for tasks to queue
[2025-11-05T15:42:37.543+0000] {logging_mixin.py:188} INFO - [2025-11-05T15:42:37.542+0000] {dagbag.py:538} INFO - Filling up the DagBag from /home/airflow/.local/lib/python3.8/site-packages/airflow/example_dags/example_task_group_decorator.py
[2025-11-05T15:42:37.569+0000] {processor.py:840} INFO - DAG(s) 'example_task_group_decorator' retrieved from /home/airflow/.local/lib/python3.8/site-packages/airflow/example_dags/example_task_group_decorator.py
[2025-11-05T15:42:37.604+0000] {logging_mixin.py:188} INFO - [2025-11-05T15:42:37.603+0000] {dag.py:3036} INFO - Sync 1 DAGs
[2025-11-05T15:42:37.635+0000] {logging_mixin.py:188} INFO - [2025-11-05T15:42:37.635+0000] {dag.py:3823} INFO - Setting next_dagrun for example_task_group_decorator to 2025-11-04 00:00:00+00:00, run_after=2025-11-05 00:00:00+00:00
[2025-11-05T15:42:37.669+0000] {processor.py:183} INFO - Processing /home/airflow/.local/lib/python3.8/site-packages/airflow/example_dags/example_task_group_decorator.py took 0.137 seconds
[2025-11-05T15:43:08.068+0000] {processor.py:161} INFO - Started process (PID=454) to work on /home/airflow/.local/lib/python3.8/site-packages/airflow/example_dags/example_task_group_decorator.py
[2025-11-05T15:43:08.071+0000] {processor.py:830} INFO - Processing file /home/airflow/.local/lib/python3.8/site-packages/airflow/example_dags/example_task_group_decorator.py for tasks to queue
[2025-11-05T15:43:08.080+0000] {logging_mixin.py:188} INFO - [2025-11-05T15:43:08.078+0000] {dagbag.py:538} INFO - Filling up the DagBag from /home/airflow/.local/lib/python3.8/site-packages/airflow/example_dags/example_task_group_decorator.py
[2025-11-05T15:43:08.156+0000] {processor.py:840} INFO - DAG(s) 'example_task_group_decorator' retrieved from /home/airflow/.local/lib/python3.8/site-packages/airflow/example_dags/example_task_group_decorator.py
[2025-11-05T15:43:08.273+0000] {logging_mixin.py:188} INFO - [2025-11-05T15:43:08.272+0000] {dag.py:3036} INFO - Sync 1 DAGs
[2025-11-05T15:43:08.376+0000] {logging_mixin.py:188} INFO - [2025-11-05T15:43:08.375+0000] {dag.py:3823} INFO - Setting next_dagrun for example_task_group_decorator to 2025-11-04 00:00:00+00:00, run_after=2025-11-05 00:00:00+00:00
[2025-11-05T15:43:08.471+0000] {processor.py:183} INFO - Processing /home/airflow/.local/lib/python3.8/site-packages/airflow/example_dags/example_task_group_decorator.py took 0.423 seconds
[2025-11-05T15:43:39.298+0000] {processor.py:161} INFO - Started process (PID=509) to work on /home/airflow/.local/lib/python3.8/site-packages/airflow/example_dags/example_task_group_decorator.py
[2025-11-05T15:43:39.300+0000] {processor.py:830} INFO - Processing file /home/airflow/.local/lib/python3.8/site-packages/airflow/example_dags/example_task_group_decorator.py for tasks to queue
[2025-11-05T15:43:39.302+0000] {logging_mixin.py:188} INFO - [2025-11-05T15:43:39.302+0000] {dagbag.py:538} INFO - Filling up the DagBag from /home/airflow/.local/lib/python3.8/site-packages/airflow/example_dags/example_task_group_decorator.py
[2025-11-05T15:43:39.330+0000] {processor.py:840} INFO - DAG(s) 'example_task_group_decorator' retrieved from /home/airflow/.local/lib/python3.8/site-packages/airflow/example_dags/example_task_group_decorator.py
[2025-11-05T15:43:39.389+0000] {logging_mixin.py:188} INFO - [2025-11-05T15:43:39.388+0000] {dag.py:3036} INFO - Sync 1 DAGs
[2025-11-05T15:43:39.444+0000] {logging_mixin.py:188} INFO - [2025-11-05T15:43:39.444+0000] {dag.py:3823} INFO - Setting next_dagrun for example_task_group_decorator to 2025-11-04 00:00:00+00:00, run_after=2025-11-05 00:00:00+00:00
[2025-11-05T15:43:39.493+0000] {processor.py:183} INFO - Processing /home/airflow/.local/lib/python3.8/site-packages/airflow/example_dags/example_task_group_decorator.py took 0.200 seconds
[2025-11-05T15:44:09.947+0000] {processor.py:161} INFO - Started process (PID=564) to work on /home/airflow/.local/lib/python3.8/site-packages/airflow/example_dags/example_task_group_decorator.py
[2025-11-05T15:44:09.950+0000] {processor.py:830} INFO - Processing file /home/airflow/.local/lib/python3.8/site-packages/airflow/example_dags/example_task_group_decorator.py for tasks to queue
[2025-11-05T15:44:09.958+0000] {logging_mixin.py:188} INFO - [2025-11-05T15:44:09.957+0000] {dagbag.py:538} INFO - Filling up the DagBag from /home/airflow/.local/lib/python3.8/site-packages/airflow/example_dags/example_task_group_decorator.py
[2025-11-05T15:44:10.001+0000] {processor.py:840} INFO - DAG(s) 'example_task_group_decorator' retrieved from /home/airflow/.local/lib/python3.8/site-packages/airflow/example_dags/example_task_group_decorator.py
[2025-11-05T15:44:10.077+0000] {logging_mixin.py:188} INFO - [2025-11-05T15:44:10.076+0000] {dag.py:3036} INFO - Sync 1 DAGs
[2025-11-05T15:44:10.162+0000] {logging_mixin.py:188} INFO - [2025-11-05T15:44:10.162+0000] {dag.py:3823} INFO - Setting next_dagrun for example_task_group_decorator to 2025-11-04 00:00:00+00:00, run_after=2025-11-05 00:00:00+00:00
[2025-11-05T15:44:10.216+0000] {processor.py:183} INFO - Processing /home/airflow/.local/lib/python3.8/site-packages/airflow/example_dags/example_task_group_decorator.py took 0.282 seconds
[2025-11-05T15:44:40.393+0000] {processor.py:161} INFO - Started process (PID=618) to work on /home/airflow/.local/lib/python3.8/site-packages/airflow/example_dags/example_task_group_decorator.py
[2025-11-05T15:44:40.396+0000] {processor.py:830} INFO - Processing file /home/airflow/.local/lib/python3.8/site-packages/airflow/example_dags/example_task_group_decorator.py for tasks to queue
[2025-11-05T15:44:40.400+0000] {logging_mixin.py:188} INFO - [2025-11-05T15:44:40.399+0000] {dagbag.py:538} INFO - Filling up the DagBag from /home/airflow/.local/lib/python3.8/site-packages/airflow/example_dags/example_task_group_decorator.py
[2025-11-05T15:44:40.433+0000] {processor.py:840} INFO - DAG(s) 'example_task_group_decorator' retrieved from /home/airflow/.local/lib/python3.8/site-packages/airflow/example_dags/example_task_group_decorator.py
[2025-11-05T15:44:40.485+0000] {logging_mixin.py:188} INFO - [2025-11-05T15:44:40.485+0000] {dag.py:3036} INFO - Sync 1 DAGs
[2025-11-05T15:44:40.528+0000] {logging_mixin.py:188} INFO - [2025-11-05T15:44:40.527+0000] {dag.py:3823} INFO - Setting next_dagrun for example_task_group_decorator to 2025-11-04 00:00:00+00:00, run_after=2025-11-05 00:00:00+00:00
[2025-11-05T15:44:40.602+0000] {processor.py:183} INFO - Processing /home/airflow/.local/lib/python3.8/site-packages/airflow/example_dags/example_task_group_decorator.py took 0.215 seconds
