[2025-11-05T15:35:44.785+0000] {processor.py:161} INFO - Started process (PID=88) to work on /home/airflow/.local/lib/python3.8/site-packages/airflow/example_dags/example_external_task_marker_dag.py
[2025-11-05T15:35:44.788+0000] {processor.py:830} INFO - Processing file /home/airflow/.local/lib/python3.8/site-packages/airflow/example_dags/example_external_task_marker_dag.py for tasks to queue
[2025-11-05T15:35:44.797+0000] {logging_mixin.py:188} INFO - [2025-11-05T15:35:44.796+0000] {dagbag.py:538} INFO - Filling up the DagBag from /home/airflow/.local/lib/python3.8/site-packages/airflow/example_dags/example_external_task_marker_dag.py
[2025-11-05T15:35:44.835+0000] {processor.py:840} INFO - DAG(s) 'example_external_task_marker_child', 'example_external_task_marker_parent' retrieved from /home/airflow/.local/lib/python3.8/site-packages/airflow/example_dags/example_external_task_marker_dag.py
[2025-11-05T15:35:45.197+0000] {logging_mixin.py:188} INFO - [2025-11-05T15:35:45.197+0000] {dag.py:3036} INFO - Sync 2 DAGs
[2025-11-05T15:35:45.233+0000] {logging_mixin.py:188} INFO - [2025-11-05T15:35:45.232+0000] {dag.py:3823} INFO - Setting next_dagrun for example_external_task_marker_child to None, run_after=None
[2025-11-05T15:35:45.241+0000] {logging_mixin.py:188} INFO - [2025-11-05T15:35:45.240+0000] {dag.py:3823} INFO - Setting next_dagrun for example_external_task_marker_parent to None, run_after=None
[2025-11-05T15:35:45.288+0000] {processor.py:183} INFO - Processing /home/airflow/.local/lib/python3.8/site-packages/airflow/example_dags/example_external_task_marker_dag.py took 0.514 seconds
[2025-11-05T15:36:16.799+0000] {processor.py:161} INFO - Started process (PID=143) to work on /home/airflow/.local/lib/python3.8/site-packages/airflow/example_dags/example_external_task_marker_dag.py
[2025-11-05T15:36:16.805+0000] {processor.py:830} INFO - Processing file /home/airflow/.local/lib/python3.8/site-packages/airflow/example_dags/example_external_task_marker_dag.py for tasks to queue
[2025-11-05T15:36:16.815+0000] {logging_mixin.py:188} INFO - [2025-11-05T15:36:16.814+0000] {dagbag.py:538} INFO - Filling up the DagBag from /home/airflow/.local/lib/python3.8/site-packages/airflow/example_dags/example_external_task_marker_dag.py
[2025-11-05T15:36:16.840+0000] {processor.py:840} INFO - DAG(s) 'example_external_task_marker_child', 'example_external_task_marker_parent' retrieved from /home/airflow/.local/lib/python3.8/site-packages/airflow/example_dags/example_external_task_marker_dag.py
[2025-11-05T15:36:16.949+0000] {logging_mixin.py:188} INFO - [2025-11-05T15:36:16.949+0000] {dag.py:3036} INFO - Sync 2 DAGs
[2025-11-05T15:36:17.072+0000] {logging_mixin.py:188} INFO - [2025-11-05T15:36:17.059+0000] {dag.py:3823} INFO - Setting next_dagrun for example_external_task_marker_child to None, run_after=None
[2025-11-05T15:36:17.087+0000] {logging_mixin.py:188} INFO - [2025-11-05T15:36:17.087+0000] {dag.py:3823} INFO - Setting next_dagrun for example_external_task_marker_parent to None, run_after=None
[2025-11-05T15:36:17.160+0000] {processor.py:183} INFO - Processing /home/airflow/.local/lib/python3.8/site-packages/airflow/example_dags/example_external_task_marker_dag.py took 0.379 seconds
[2025-11-05T15:36:47.668+0000] {processor.py:161} INFO - Started process (PID=198) to work on /home/airflow/.local/lib/python3.8/site-packages/airflow/example_dags/example_external_task_marker_dag.py
[2025-11-05T15:36:47.670+0000] {processor.py:830} INFO - Processing file /home/airflow/.local/lib/python3.8/site-packages/airflow/example_dags/example_external_task_marker_dag.py for tasks to queue
[2025-11-05T15:36:47.674+0000] {logging_mixin.py:188} INFO - [2025-11-05T15:36:47.673+0000] {dagbag.py:538} INFO - Filling up the DagBag from /home/airflow/.local/lib/python3.8/site-packages/airflow/example_dags/example_external_task_marker_dag.py
[2025-11-05T15:36:47.688+0000] {processor.py:840} INFO - DAG(s) 'example_external_task_marker_parent', 'example_external_task_marker_child' retrieved from /home/airflow/.local/lib/python3.8/site-packages/airflow/example_dags/example_external_task_marker_dag.py
[2025-11-05T15:36:47.746+0000] {logging_mixin.py:188} INFO - [2025-11-05T15:36:47.745+0000] {dag.py:3036} INFO - Sync 2 DAGs
[2025-11-05T15:36:47.779+0000] {logging_mixin.py:188} INFO - [2025-11-05T15:36:47.779+0000] {dag.py:3823} INFO - Setting next_dagrun for example_external_task_marker_child to None, run_after=None
[2025-11-05T15:36:47.789+0000] {logging_mixin.py:188} INFO - [2025-11-05T15:36:47.788+0000] {dag.py:3823} INFO - Setting next_dagrun for example_external_task_marker_parent to None, run_after=None
[2025-11-05T15:36:47.825+0000] {processor.py:183} INFO - Processing /home/airflow/.local/lib/python3.8/site-packages/airflow/example_dags/example_external_task_marker_dag.py took 0.165 seconds
[2025-11-05T15:37:19.591+0000] {processor.py:161} INFO - Started process (PID=253) to work on /home/airflow/.local/lib/python3.8/site-packages/airflow/example_dags/example_external_task_marker_dag.py
[2025-11-05T15:37:19.595+0000] {processor.py:830} INFO - Processing file /home/airflow/.local/lib/python3.8/site-packages/airflow/example_dags/example_external_task_marker_dag.py for tasks to queue
[2025-11-05T15:37:19.608+0000] {logging_mixin.py:188} INFO - [2025-11-05T15:37:19.607+0000] {dagbag.py:538} INFO - Filling up the DagBag from /home/airflow/.local/lib/python3.8/site-packages/airflow/example_dags/example_external_task_marker_dag.py
[2025-11-05T15:37:19.647+0000] {processor.py:840} INFO - DAG(s) 'example_external_task_marker_parent', 'example_external_task_marker_child' retrieved from /home/airflow/.local/lib/python3.8/site-packages/airflow/example_dags/example_external_task_marker_dag.py
[2025-11-05T15:37:19.747+0000] {logging_mixin.py:188} INFO - [2025-11-05T15:37:19.746+0000] {dag.py:3036} INFO - Sync 2 DAGs
[2025-11-05T15:37:19.798+0000] {logging_mixin.py:188} INFO - [2025-11-05T15:37:19.797+0000] {dag.py:3823} INFO - Setting next_dagrun for example_external_task_marker_child to None, run_after=None
[2025-11-05T15:37:19.816+0000] {logging_mixin.py:188} INFO - [2025-11-05T15:37:19.816+0000] {dag.py:3823} INFO - Setting next_dagrun for example_external_task_marker_parent to None, run_after=None
[2025-11-05T15:37:19.909+0000] {processor.py:183} INFO - Processing /home/airflow/.local/lib/python3.8/site-packages/airflow/example_dags/example_external_task_marker_dag.py took 0.334 seconds
[2025-11-05T15:39:41.593+0000] {processor.py:161} INFO - Started process (PID=84) to work on /home/airflow/.local/lib/python3.8/site-packages/airflow/example_dags/example_external_task_marker_dag.py
[2025-11-05T15:39:41.605+0000] {processor.py:830} INFO - Processing file /home/airflow/.local/lib/python3.8/site-packages/airflow/example_dags/example_external_task_marker_dag.py for tasks to queue
[2025-11-05T15:39:41.623+0000] {logging_mixin.py:188} INFO - [2025-11-05T15:39:41.621+0000] {dagbag.py:538} INFO - Filling up the DagBag from /home/airflow/.local/lib/python3.8/site-packages/airflow/example_dags/example_external_task_marker_dag.py
[2025-11-05T15:39:41.746+0000] {processor.py:840} INFO - DAG(s) 'example_external_task_marker_parent', 'example_external_task_marker_child' retrieved from /home/airflow/.local/lib/python3.8/site-packages/airflow/example_dags/example_external_task_marker_dag.py
[2025-11-05T15:39:42.680+0000] {logging_mixin.py:188} INFO - [2025-11-05T15:39:42.679+0000] {dag.py:3036} INFO - Sync 2 DAGs
[2025-11-05T15:39:42.820+0000] {logging_mixin.py:188} INFO - [2025-11-05T15:39:42.820+0000] {dag.py:3823} INFO - Setting next_dagrun for example_external_task_marker_child to None, run_after=None
[2025-11-05T15:39:42.842+0000] {logging_mixin.py:188} INFO - [2025-11-05T15:39:42.841+0000] {dag.py:3823} INFO - Setting next_dagrun for example_external_task_marker_parent to None, run_after=None
[2025-11-05T15:39:43.054+0000] {processor.py:183} INFO - Processing /home/airflow/.local/lib/python3.8/site-packages/airflow/example_dags/example_external_task_marker_dag.py took 1.503 seconds
[2025-11-05T15:40:13.200+0000] {processor.py:161} INFO - Started process (PID=144) to work on /home/airflow/.local/lib/python3.8/site-packages/airflow/example_dags/example_external_task_marker_dag.py
[2025-11-05T15:40:13.203+0000] {processor.py:830} INFO - Processing file /home/airflow/.local/lib/python3.8/site-packages/airflow/example_dags/example_external_task_marker_dag.py for tasks to queue
[2025-11-05T15:40:13.210+0000] {logging_mixin.py:188} INFO - [2025-11-05T15:40:13.209+0000] {dagbag.py:538} INFO - Filling up the DagBag from /home/airflow/.local/lib/python3.8/site-packages/airflow/example_dags/example_external_task_marker_dag.py
[2025-11-05T15:40:13.226+0000] {processor.py:840} INFO - DAG(s) 'example_external_task_marker_child', 'example_external_task_marker_parent' retrieved from /home/airflow/.local/lib/python3.8/site-packages/airflow/example_dags/example_external_task_marker_dag.py
[2025-11-05T15:40:13.300+0000] {logging_mixin.py:188} INFO - [2025-11-05T15:40:13.300+0000] {dag.py:3036} INFO - Sync 2 DAGs
[2025-11-05T15:40:13.351+0000] {logging_mixin.py:188} INFO - [2025-11-05T15:40:13.350+0000] {dag.py:3823} INFO - Setting next_dagrun for example_external_task_marker_child to None, run_after=None
[2025-11-05T15:40:13.371+0000] {logging_mixin.py:188} INFO - [2025-11-05T15:40:13.370+0000] {dag.py:3823} INFO - Setting next_dagrun for example_external_task_marker_parent to None, run_after=None
[2025-11-05T15:40:13.473+0000] {processor.py:183} INFO - Processing /home/airflow/.local/lib/python3.8/site-packages/airflow/example_dags/example_external_task_marker_dag.py took 0.287 seconds
[2025-11-05T15:40:44.419+0000] {processor.py:161} INFO - Started process (PID=199) to work on /home/airflow/.local/lib/python3.8/site-packages/airflow/example_dags/example_external_task_marker_dag.py
[2025-11-05T15:40:44.422+0000] {processor.py:830} INFO - Processing file /home/airflow/.local/lib/python3.8/site-packages/airflow/example_dags/example_external_task_marker_dag.py for tasks to queue
[2025-11-05T15:40:44.434+0000] {logging_mixin.py:188} INFO - [2025-11-05T15:40:44.432+0000] {dagbag.py:538} INFO - Filling up the DagBag from /home/airflow/.local/lib/python3.8/site-packages/airflow/example_dags/example_external_task_marker_dag.py
[2025-11-05T15:40:44.480+0000] {processor.py:840} INFO - DAG(s) 'example_external_task_marker_parent', 'example_external_task_marker_child' retrieved from /home/airflow/.local/lib/python3.8/site-packages/airflow/example_dags/example_external_task_marker_dag.py
[2025-11-05T15:40:44.604+0000] {logging_mixin.py:188} INFO - [2025-11-05T15:40:44.603+0000] {dag.py:3036} INFO - Sync 2 DAGs
[2025-11-05T15:40:44.671+0000] {logging_mixin.py:188} INFO - [2025-11-05T15:40:44.670+0000] {dag.py:3823} INFO - Setting next_dagrun for example_external_task_marker_child to None, run_after=None
[2025-11-05T15:40:44.688+0000] {logging_mixin.py:188} INFO - [2025-11-05T15:40:44.687+0000] {dag.py:3823} INFO - Setting next_dagrun for example_external_task_marker_parent to None, run_after=None
[2025-11-05T15:40:44.783+0000] {processor.py:183} INFO - Processing /home/airflow/.local/lib/python3.8/site-packages/airflow/example_dags/example_external_task_marker_dag.py took 0.379 seconds
[2025-11-05T15:41:15.141+0000] {processor.py:161} INFO - Started process (PID=254) to work on /home/airflow/.local/lib/python3.8/site-packages/airflow/example_dags/example_external_task_marker_dag.py
[2025-11-05T15:41:15.143+0000] {processor.py:830} INFO - Processing file /home/airflow/.local/lib/python3.8/site-packages/airflow/example_dags/example_external_task_marker_dag.py for tasks to queue
[2025-11-05T15:41:15.146+0000] {logging_mixin.py:188} INFO - [2025-11-05T15:41:15.146+0000] {dagbag.py:538} INFO - Filling up the DagBag from /home/airflow/.local/lib/python3.8/site-packages/airflow/example_dags/example_external_task_marker_dag.py
[2025-11-05T15:41:15.155+0000] {processor.py:840} INFO - DAG(s) 'example_external_task_marker_child', 'example_external_task_marker_parent' retrieved from /home/airflow/.local/lib/python3.8/site-packages/airflow/example_dags/example_external_task_marker_dag.py
[2025-11-05T15:41:15.194+0000] {logging_mixin.py:188} INFO - [2025-11-05T15:41:15.194+0000] {dag.py:3036} INFO - Sync 2 DAGs
[2025-11-05T15:41:15.242+0000] {logging_mixin.py:188} INFO - [2025-11-05T15:41:15.241+0000] {dag.py:3823} INFO - Setting next_dagrun for example_external_task_marker_child to None, run_after=None
[2025-11-05T15:41:15.249+0000] {logging_mixin.py:188} INFO - [2025-11-05T15:41:15.248+0000] {dag.py:3823} INFO - Setting next_dagrun for example_external_task_marker_parent to None, run_after=None
[2025-11-05T15:41:15.287+0000] {processor.py:183} INFO - Processing /home/airflow/.local/lib/python3.8/site-packages/airflow/example_dags/example_external_task_marker_dag.py took 0.151 seconds
[2025-11-05T15:41:46.201+0000] {processor.py:161} INFO - Started process (PID=310) to work on /home/airflow/.local/lib/python3.8/site-packages/airflow/example_dags/example_external_task_marker_dag.py
[2025-11-05T15:41:46.208+0000] {processor.py:830} INFO - Processing file /home/airflow/.local/lib/python3.8/site-packages/airflow/example_dags/example_external_task_marker_dag.py for tasks to queue
[2025-11-05T15:41:46.218+0000] {logging_mixin.py:188} INFO - [2025-11-05T15:41:46.216+0000] {dagbag.py:538} INFO - Filling up the DagBag from /home/airflow/.local/lib/python3.8/site-packages/airflow/example_dags/example_external_task_marker_dag.py
[2025-11-05T15:41:46.246+0000] {processor.py:840} INFO - DAG(s) 'example_external_task_marker_child', 'example_external_task_marker_parent' retrieved from /home/airflow/.local/lib/python3.8/site-packages/airflow/example_dags/example_external_task_marker_dag.py
[2025-11-05T15:41:46.352+0000] {logging_mixin.py:188} INFO - [2025-11-05T15:41:46.351+0000] {dag.py:3036} INFO - Sync 2 DAGs
[2025-11-05T15:41:46.402+0000] {logging_mixin.py:188} INFO - [2025-11-05T15:41:46.401+0000] {dag.py:3823} INFO - Setting next_dagrun for example_external_task_marker_child to None, run_after=None
[2025-11-05T15:41:46.416+0000] {logging_mixin.py:188} INFO - [2025-11-05T15:41:46.415+0000] {dag.py:3823} INFO - Setting next_dagrun for example_external_task_marker_parent to None, run_after=None
[2025-11-05T15:41:46.486+0000] {processor.py:183} INFO - Processing /home/airflow/.local/lib/python3.8/site-packages/airflow/example_dags/example_external_task_marker_dag.py took 0.301 seconds
[2025-11-05T15:42:16.683+0000] {processor.py:161} INFO - Started process (PID=364) to work on /home/airflow/.local/lib/python3.8/site-packages/airflow/example_dags/example_external_task_marker_dag.py
[2025-11-05T15:42:16.685+0000] {processor.py:830} INFO - Processing file /home/airflow/.local/lib/python3.8/site-packages/airflow/example_dags/example_external_task_marker_dag.py for tasks to queue
[2025-11-05T15:42:16.689+0000] {logging_mixin.py:188} INFO - [2025-11-05T15:42:16.688+0000] {dagbag.py:538} INFO - Filling up the DagBag from /home/airflow/.local/lib/python3.8/site-packages/airflow/example_dags/example_external_task_marker_dag.py
[2025-11-05T15:42:16.703+0000] {processor.py:840} INFO - DAG(s) 'example_external_task_marker_child', 'example_external_task_marker_parent' retrieved from /home/airflow/.local/lib/python3.8/site-packages/airflow/example_dags/example_external_task_marker_dag.py
[2025-11-05T15:42:16.785+0000] {logging_mixin.py:188} INFO - [2025-11-05T15:42:16.784+0000] {dag.py:3036} INFO - Sync 2 DAGs
[2025-11-05T15:42:16.817+0000] {logging_mixin.py:188} INFO - [2025-11-05T15:42:16.817+0000] {dag.py:3823} INFO - Setting next_dagrun for example_external_task_marker_child to None, run_after=None
[2025-11-05T15:42:16.828+0000] {logging_mixin.py:188} INFO - [2025-11-05T15:42:16.827+0000] {dag.py:3823} INFO - Setting next_dagrun for example_external_task_marker_parent to None, run_after=None
[2025-11-05T15:42:16.874+0000] {processor.py:183} INFO - Processing /home/airflow/.local/lib/python3.8/site-packages/airflow/example_dags/example_external_task_marker_dag.py took 0.201 seconds
[2025-11-05T15:42:47.941+0000] {processor.py:161} INFO - Started process (PID=426) to work on /home/airflow/.local/lib/python3.8/site-packages/airflow/example_dags/example_external_task_marker_dag.py
[2025-11-05T15:42:47.949+0000] {processor.py:830} INFO - Processing file /home/airflow/.local/lib/python3.8/site-packages/airflow/example_dags/example_external_task_marker_dag.py for tasks to queue
[2025-11-05T15:42:47.958+0000] {logging_mixin.py:188} INFO - [2025-11-05T15:42:47.957+0000] {dagbag.py:538} INFO - Filling up the DagBag from /home/airflow/.local/lib/python3.8/site-packages/airflow/example_dags/example_external_task_marker_dag.py
[2025-11-05T15:42:47.987+0000] {processor.py:840} INFO - DAG(s) 'example_external_task_marker_parent', 'example_external_task_marker_child' retrieved from /home/airflow/.local/lib/python3.8/site-packages/airflow/example_dags/example_external_task_marker_dag.py
[2025-11-05T15:42:48.188+0000] {logging_mixin.py:188} INFO - [2025-11-05T15:42:48.176+0000] {dag.py:3036} INFO - Sync 2 DAGs
[2025-11-05T15:42:48.327+0000] {logging_mixin.py:188} INFO - [2025-11-05T15:42:48.327+0000] {dag.py:3823} INFO - Setting next_dagrun for example_external_task_marker_child to None, run_after=None
[2025-11-05T15:42:48.363+0000] {logging_mixin.py:188} INFO - [2025-11-05T15:42:48.362+0000] {dag.py:3823} INFO - Setting next_dagrun for example_external_task_marker_parent to None, run_after=None
[2025-11-05T15:42:48.583+0000] {processor.py:183} INFO - Processing /home/airflow/.local/lib/python3.8/site-packages/airflow/example_dags/example_external_task_marker_dag.py took 0.660 seconds
[2025-11-05T15:43:19.191+0000] {processor.py:161} INFO - Started process (PID=479) to work on /home/airflow/.local/lib/python3.8/site-packages/airflow/example_dags/example_external_task_marker_dag.py
[2025-11-05T15:43:19.193+0000] {processor.py:830} INFO - Processing file /home/airflow/.local/lib/python3.8/site-packages/airflow/example_dags/example_external_task_marker_dag.py for tasks to queue
[2025-11-05T15:43:19.196+0000] {logging_mixin.py:188} INFO - [2025-11-05T15:43:19.195+0000] {dagbag.py:538} INFO - Filling up the DagBag from /home/airflow/.local/lib/python3.8/site-packages/airflow/example_dags/example_external_task_marker_dag.py
[2025-11-05T15:43:19.203+0000] {processor.py:840} INFO - DAG(s) 'example_external_task_marker_parent', 'example_external_task_marker_child' retrieved from /home/airflow/.local/lib/python3.8/site-packages/airflow/example_dags/example_external_task_marker_dag.py
[2025-11-05T15:43:19.233+0000] {logging_mixin.py:188} INFO - [2025-11-05T15:43:19.232+0000] {dag.py:3036} INFO - Sync 2 DAGs
[2025-11-05T15:43:19.249+0000] {logging_mixin.py:188} INFO - [2025-11-05T15:43:19.249+0000] {dag.py:3823} INFO - Setting next_dagrun for example_external_task_marker_child to None, run_after=None
[2025-11-05T15:43:19.254+0000] {logging_mixin.py:188} INFO - [2025-11-05T15:43:19.254+0000] {dag.py:3823} INFO - Setting next_dagrun for example_external_task_marker_parent to None, run_after=None
[2025-11-05T15:43:19.282+0000] {processor.py:183} INFO - Processing /home/airflow/.local/lib/python3.8/site-packages/airflow/example_dags/example_external_task_marker_dag.py took 0.095 seconds
[2025-11-05T15:43:49.367+0000] {processor.py:161} INFO - Started process (PID=534) to work on /home/airflow/.local/lib/python3.8/site-packages/airflow/example_dags/example_external_task_marker_dag.py
[2025-11-05T15:43:49.368+0000] {processor.py:830} INFO - Processing file /home/airflow/.local/lib/python3.8/site-packages/airflow/example_dags/example_external_task_marker_dag.py for tasks to queue
[2025-11-05T15:43:49.371+0000] {logging_mixin.py:188} INFO - [2025-11-05T15:43:49.371+0000] {dagbag.py:538} INFO - Filling up the DagBag from /home/airflow/.local/lib/python3.8/site-packages/airflow/example_dags/example_external_task_marker_dag.py
[2025-11-05T15:43:49.381+0000] {processor.py:840} INFO - DAG(s) 'example_external_task_marker_child', 'example_external_task_marker_parent' retrieved from /home/airflow/.local/lib/python3.8/site-packages/airflow/example_dags/example_external_task_marker_dag.py
[2025-11-05T15:43:49.413+0000] {logging_mixin.py:188} INFO - [2025-11-05T15:43:49.412+0000] {dag.py:3036} INFO - Sync 2 DAGs
[2025-11-05T15:43:49.430+0000] {logging_mixin.py:188} INFO - [2025-11-05T15:43:49.430+0000] {dag.py:3823} INFO - Setting next_dagrun for example_external_task_marker_child to None, run_after=None
[2025-11-05T15:43:49.436+0000] {logging_mixin.py:188} INFO - [2025-11-05T15:43:49.435+0000] {dag.py:3823} INFO - Setting next_dagrun for example_external_task_marker_parent to None, run_after=None
[2025-11-05T15:43:49.463+0000] {processor.py:183} INFO - Processing /home/airflow/.local/lib/python3.8/site-packages/airflow/example_dags/example_external_task_marker_dag.py took 0.101 seconds
[2025-11-05T15:44:19.977+0000] {processor.py:161} INFO - Started process (PID=589) to work on /home/airflow/.local/lib/python3.8/site-packages/airflow/example_dags/example_external_task_marker_dag.py
[2025-11-05T15:44:19.979+0000] {processor.py:830} INFO - Processing file /home/airflow/.local/lib/python3.8/site-packages/airflow/example_dags/example_external_task_marker_dag.py for tasks to queue
[2025-11-05T15:44:19.982+0000] {logging_mixin.py:188} INFO - [2025-11-05T15:44:19.982+0000] {dagbag.py:538} INFO - Filling up the DagBag from /home/airflow/.local/lib/python3.8/site-packages/airflow/example_dags/example_external_task_marker_dag.py
[2025-11-05T15:44:19.993+0000] {processor.py:840} INFO - DAG(s) 'example_external_task_marker_child', 'example_external_task_marker_parent' retrieved from /home/airflow/.local/lib/python3.8/site-packages/airflow/example_dags/example_external_task_marker_dag.py
[2025-11-05T15:44:20.034+0000] {logging_mixin.py:188} INFO - [2025-11-05T15:44:20.033+0000] {dag.py:3036} INFO - Sync 2 DAGs
[2025-11-05T15:44:20.056+0000] {logging_mixin.py:188} INFO - [2025-11-05T15:44:20.055+0000] {dag.py:3823} INFO - Setting next_dagrun for example_external_task_marker_child to None, run_after=None
[2025-11-05T15:44:20.062+0000] {logging_mixin.py:188} INFO - [2025-11-05T15:44:20.062+0000] {dag.py:3823} INFO - Setting next_dagrun for example_external_task_marker_parent to None, run_after=None
[2025-11-05T15:44:20.094+0000] {processor.py:183} INFO - Processing /home/airflow/.local/lib/python3.8/site-packages/airflow/example_dags/example_external_task_marker_dag.py took 0.124 seconds
