[2025-11-05T15:35:47.830+0000] {processor.py:161} INFO - Started process (PID=98) to work on /home/airflow/.local/lib/python3.8/site-packages/airflow/example_dags/example_dag_decorator.py
[2025-11-05T15:35:47.832+0000] {processor.py:830} INFO - Processing file /home/airflow/.local/lib/python3.8/site-packages/airflow/example_dags/example_dag_decorator.py for tasks to queue
[2025-11-05T15:35:47.840+0000] {logging_mixin.py:188} INFO - [2025-11-05T15:35:47.839+0000] {dagbag.py:538} INFO - Filling up the DagBag from /home/airflow/.local/lib/python3.8/site-packages/airflow/example_dags/example_dag_decorator.py
[2025-11-05T15:35:48.521+0000] {processor.py:840} INFO - DAG(s) 'example_dag_decorator' retrieved from /home/airflow/.local/lib/python3.8/site-packages/airflow/example_dags/example_dag_decorator.py
[2025-11-05T15:35:48.915+0000] {logging_mixin.py:188} INFO - [2025-11-05T15:35:48.914+0000] {dag.py:3036} INFO - Sync 1 DAGs
[2025-11-05T15:35:48.950+0000] {logging_mixin.py:188} INFO - [2025-11-05T15:35:48.949+0000] {dag.py:3823} INFO - Setting next_dagrun for example_dag_decorator to None, run_after=None
[2025-11-05T15:35:49.017+0000] {processor.py:183} INFO - Processing /home/airflow/.local/lib/python3.8/site-packages/airflow/example_dags/example_dag_decorator.py took 1.197 seconds
[2025-11-05T15:36:19.873+0000] {processor.py:161} INFO - Started process (PID=153) to work on /home/airflow/.local/lib/python3.8/site-packages/airflow/example_dags/example_dag_decorator.py
[2025-11-05T15:36:19.876+0000] {processor.py:830} INFO - Processing file /home/airflow/.local/lib/python3.8/site-packages/airflow/example_dags/example_dag_decorator.py for tasks to queue
[2025-11-05T15:36:19.881+0000] {logging_mixin.py:188} INFO - [2025-11-05T15:36:19.880+0000] {dagbag.py:538} INFO - Filling up the DagBag from /home/airflow/.local/lib/python3.8/site-packages/airflow/example_dags/example_dag_decorator.py
[2025-11-05T15:36:20.089+0000] {processor.py:840} INFO - DAG(s) 'example_dag_decorator' retrieved from /home/airflow/.local/lib/python3.8/site-packages/airflow/example_dags/example_dag_decorator.py
[2025-11-05T15:36:20.347+0000] {logging_mixin.py:188} INFO - [2025-11-05T15:36:20.346+0000] {dag.py:3036} INFO - Sync 1 DAGs
[2025-11-05T15:36:20.378+0000] {logging_mixin.py:188} INFO - [2025-11-05T15:36:20.377+0000] {dag.py:3823} INFO - Setting next_dagrun for example_dag_decorator to None, run_after=None
[2025-11-05T15:36:20.438+0000] {processor.py:183} INFO - Processing /home/airflow/.local/lib/python3.8/site-packages/airflow/example_dags/example_dag_decorator.py took 0.575 seconds
[2025-11-05T15:36:50.977+0000] {processor.py:161} INFO - Started process (PID=208) to work on /home/airflow/.local/lib/python3.8/site-packages/airflow/example_dags/example_dag_decorator.py
[2025-11-05T15:36:50.979+0000] {processor.py:830} INFO - Processing file /home/airflow/.local/lib/python3.8/site-packages/airflow/example_dags/example_dag_decorator.py for tasks to queue
[2025-11-05T15:36:50.983+0000] {logging_mixin.py:188} INFO - [2025-11-05T15:36:50.983+0000] {dagbag.py:538} INFO - Filling up the DagBag from /home/airflow/.local/lib/python3.8/site-packages/airflow/example_dags/example_dag_decorator.py
[2025-11-05T15:36:51.282+0000] {processor.py:840} INFO - DAG(s) 'example_dag_decorator' retrieved from /home/airflow/.local/lib/python3.8/site-packages/airflow/example_dags/example_dag_decorator.py
[2025-11-05T15:36:51.597+0000] {logging_mixin.py:188} INFO - [2025-11-05T15:36:51.597+0000] {dag.py:3036} INFO - Sync 1 DAGs
[2025-11-05T15:36:51.633+0000] {logging_mixin.py:188} INFO - [2025-11-05T15:36:51.633+0000] {dag.py:3823} INFO - Setting next_dagrun for example_dag_decorator to None, run_after=None
[2025-11-05T15:36:51.692+0000] {processor.py:183} INFO - Processing /home/airflow/.local/lib/python3.8/site-packages/airflow/example_dags/example_dag_decorator.py took 0.723 seconds
[2025-11-05T15:37:21.800+0000] {processor.py:161} INFO - Started process (PID=263) to work on /home/airflow/.local/lib/python3.8/site-packages/airflow/example_dags/example_dag_decorator.py
[2025-11-05T15:37:21.802+0000] {processor.py:830} INFO - Processing file /home/airflow/.local/lib/python3.8/site-packages/airflow/example_dags/example_dag_decorator.py for tasks to queue
[2025-11-05T15:37:21.808+0000] {logging_mixin.py:188} INFO - [2025-11-05T15:37:21.807+0000] {dagbag.py:538} INFO - Filling up the DagBag from /home/airflow/.local/lib/python3.8/site-packages/airflow/example_dags/example_dag_decorator.py
[2025-11-05T15:37:22.196+0000] {processor.py:840} INFO - DAG(s) 'example_dag_decorator' retrieved from /home/airflow/.local/lib/python3.8/site-packages/airflow/example_dags/example_dag_decorator.py
[2025-11-05T15:37:22.619+0000] {logging_mixin.py:188} INFO - [2025-11-05T15:37:22.618+0000] {dag.py:3036} INFO - Sync 1 DAGs
[2025-11-05T15:37:22.666+0000] {logging_mixin.py:188} INFO - [2025-11-05T15:37:22.665+0000] {dag.py:3823} INFO - Setting next_dagrun for example_dag_decorator to None, run_after=None
[2025-11-05T15:37:22.737+0000] {processor.py:183} INFO - Processing /home/airflow/.local/lib/python3.8/site-packages/airflow/example_dags/example_dag_decorator.py took 0.942 seconds
[2025-11-05T15:39:49.311+0000] {processor.py:161} INFO - Started process (PID=100) to work on /home/airflow/.local/lib/python3.8/site-packages/airflow/example_dags/example_dag_decorator.py
[2025-11-05T15:39:49.327+0000] {processor.py:830} INFO - Processing file /home/airflow/.local/lib/python3.8/site-packages/airflow/example_dags/example_dag_decorator.py for tasks to queue
[2025-11-05T15:39:49.339+0000] {logging_mixin.py:188} INFO - [2025-11-05T15:39:49.338+0000] {dagbag.py:538} INFO - Filling up the DagBag from /home/airflow/.local/lib/python3.8/site-packages/airflow/example_dags/example_dag_decorator.py
[2025-11-05T15:39:49.935+0000] {processor.py:840} INFO - DAG(s) 'example_dag_decorator' retrieved from /home/airflow/.local/lib/python3.8/site-packages/airflow/example_dags/example_dag_decorator.py
[2025-11-05T15:39:51.023+0000] {logging_mixin.py:188} INFO - [2025-11-05T15:39:51.022+0000] {dag.py:3036} INFO - Sync 1 DAGs
[2025-11-05T15:39:51.206+0000] {logging_mixin.py:188} INFO - [2025-11-05T15:39:51.205+0000] {dag.py:3823} INFO - Setting next_dagrun for example_dag_decorator to None, run_after=None
[2025-11-05T15:39:51.437+0000] {processor.py:183} INFO - Processing /home/airflow/.local/lib/python3.8/site-packages/airflow/example_dags/example_dag_decorator.py took 2.147 seconds
[2025-11-05T15:40:22.248+0000] {processor.py:161} INFO - Started process (PID=154) to work on /home/airflow/.local/lib/python3.8/site-packages/airflow/example_dags/example_dag_decorator.py
[2025-11-05T15:40:22.252+0000] {processor.py:830} INFO - Processing file /home/airflow/.local/lib/python3.8/site-packages/airflow/example_dags/example_dag_decorator.py for tasks to queue
[2025-11-05T15:40:22.259+0000] {logging_mixin.py:188} INFO - [2025-11-05T15:40:22.258+0000] {dagbag.py:538} INFO - Filling up the DagBag from /home/airflow/.local/lib/python3.8/site-packages/airflow/example_dags/example_dag_decorator.py
[2025-11-05T15:40:22.679+0000] {processor.py:840} INFO - DAG(s) 'example_dag_decorator' retrieved from /home/airflow/.local/lib/python3.8/site-packages/airflow/example_dags/example_dag_decorator.py
[2025-11-05T15:40:23.120+0000] {logging_mixin.py:188} INFO - [2025-11-05T15:40:23.120+0000] {dag.py:3036} INFO - Sync 1 DAGs
[2025-11-05T15:40:23.170+0000] {logging_mixin.py:188} INFO - [2025-11-05T15:40:23.169+0000] {dag.py:3823} INFO - Setting next_dagrun for example_dag_decorator to None, run_after=None
[2025-11-05T15:40:23.266+0000] {processor.py:183} INFO - Processing /home/airflow/.local/lib/python3.8/site-packages/airflow/example_dags/example_dag_decorator.py took 1.030 seconds
[2025-11-05T15:40:53.932+0000] {processor.py:161} INFO - Started process (PID=209) to work on /home/airflow/.local/lib/python3.8/site-packages/airflow/example_dags/example_dag_decorator.py
[2025-11-05T15:40:53.989+0000] {processor.py:830} INFO - Processing file /home/airflow/.local/lib/python3.8/site-packages/airflow/example_dags/example_dag_decorator.py for tasks to queue
[2025-11-05T15:40:53.998+0000] {logging_mixin.py:188} INFO - [2025-11-05T15:40:53.997+0000] {dagbag.py:538} INFO - Filling up the DagBag from /home/airflow/.local/lib/python3.8/site-packages/airflow/example_dags/example_dag_decorator.py
[2025-11-05T15:40:54.587+0000] {processor.py:840} INFO - DAG(s) 'example_dag_decorator' retrieved from /home/airflow/.local/lib/python3.8/site-packages/airflow/example_dags/example_dag_decorator.py
[2025-11-05T15:40:55.659+0000] {logging_mixin.py:188} INFO - [2025-11-05T15:40:55.654+0000] {dag.py:3036} INFO - Sync 1 DAGs
[2025-11-05T15:40:55.754+0000] {logging_mixin.py:188} INFO - [2025-11-05T15:40:55.743+0000] {dag.py:3823} INFO - Setting next_dagrun for example_dag_decorator to None, run_after=None
[2025-11-05T15:40:55.912+0000] {processor.py:183} INFO - Processing /home/airflow/.local/lib/python3.8/site-packages/airflow/example_dags/example_dag_decorator.py took 1.990 seconds
[2025-11-05T15:41:26.365+0000] {processor.py:161} INFO - Started process (PID=265) to work on /home/airflow/.local/lib/python3.8/site-packages/airflow/example_dags/example_dag_decorator.py
[2025-11-05T15:41:26.367+0000] {processor.py:830} INFO - Processing file /home/airflow/.local/lib/python3.8/site-packages/airflow/example_dags/example_dag_decorator.py for tasks to queue
[2025-11-05T15:41:26.371+0000] {logging_mixin.py:188} INFO - [2025-11-05T15:41:26.370+0000] {dagbag.py:538} INFO - Filling up the DagBag from /home/airflow/.local/lib/python3.8/site-packages/airflow/example_dags/example_dag_decorator.py
[2025-11-05T15:41:26.487+0000] {processor.py:840} INFO - DAG(s) 'example_dag_decorator' retrieved from /home/airflow/.local/lib/python3.8/site-packages/airflow/example_dags/example_dag_decorator.py
[2025-11-05T15:41:26.616+0000] {logging_mixin.py:188} INFO - [2025-11-05T15:41:26.616+0000] {dag.py:3036} INFO - Sync 1 DAGs
[2025-11-05T15:41:26.631+0000] {logging_mixin.py:188} INFO - [2025-11-05T15:41:26.631+0000] {dag.py:3823} INFO - Setting next_dagrun for example_dag_decorator to None, run_after=None
[2025-11-05T15:41:26.662+0000] {processor.py:183} INFO - Processing /home/airflow/.local/lib/python3.8/site-packages/airflow/example_dags/example_dag_decorator.py took 0.301 seconds
[2025-11-05T15:41:56.773+0000] {processor.py:161} INFO - Started process (PID=321) to work on /home/airflow/.local/lib/python3.8/site-packages/airflow/example_dags/example_dag_decorator.py
[2025-11-05T15:41:56.776+0000] {processor.py:830} INFO - Processing file /home/airflow/.local/lib/python3.8/site-packages/airflow/example_dags/example_dag_decorator.py for tasks to queue
[2025-11-05T15:41:56.780+0000] {logging_mixin.py:188} INFO - [2025-11-05T15:41:56.780+0000] {dagbag.py:538} INFO - Filling up the DagBag from /home/airflow/.local/lib/python3.8/site-packages/airflow/example_dags/example_dag_decorator.py
[2025-11-05T15:41:57.136+0000] {processor.py:840} INFO - DAG(s) 'example_dag_decorator' retrieved from /home/airflow/.local/lib/python3.8/site-packages/airflow/example_dags/example_dag_decorator.py
[2025-11-05T15:41:57.621+0000] {logging_mixin.py:188} INFO - [2025-11-05T15:41:57.621+0000] {dag.py:3036} INFO - Sync 1 DAGs
[2025-11-05T15:41:57.675+0000] {logging_mixin.py:188} INFO - [2025-11-05T15:41:57.674+0000] {dag.py:3823} INFO - Setting next_dagrun for example_dag_decorator to None, run_after=None
[2025-11-05T15:41:57.744+0000] {processor.py:183} INFO - Processing /home/airflow/.local/lib/python3.8/site-packages/airflow/example_dags/example_dag_decorator.py took 0.981 seconds
[2025-11-05T15:42:27.830+0000] {processor.py:161} INFO - Started process (PID=377) to work on /home/airflow/.local/lib/python3.8/site-packages/airflow/example_dags/example_dag_decorator.py
[2025-11-05T15:42:27.832+0000] {processor.py:830} INFO - Processing file /home/airflow/.local/lib/python3.8/site-packages/airflow/example_dags/example_dag_decorator.py for tasks to queue
[2025-11-05T15:42:27.835+0000] {logging_mixin.py:188} INFO - [2025-11-05T15:42:27.835+0000] {dagbag.py:538} INFO - Filling up the DagBag from /home/airflow/.local/lib/python3.8/site-packages/airflow/example_dags/example_dag_decorator.py
[2025-11-05T15:42:27.959+0000] {processor.py:840} INFO - DAG(s) 'example_dag_decorator' retrieved from /home/airflow/.local/lib/python3.8/site-packages/airflow/example_dags/example_dag_decorator.py
[2025-11-05T15:42:28.169+0000] {logging_mixin.py:188} INFO - [2025-11-05T15:42:28.169+0000] {dag.py:3036} INFO - Sync 1 DAGs
[2025-11-05T15:42:28.184+0000] {logging_mixin.py:188} INFO - [2025-11-05T15:42:28.184+0000] {dag.py:3823} INFO - Setting next_dagrun for example_dag_decorator to None, run_after=None
[2025-11-05T15:42:28.215+0000] {processor.py:183} INFO - Processing /home/airflow/.local/lib/python3.8/site-packages/airflow/example_dags/example_dag_decorator.py took 0.327 seconds
[2025-11-05T15:42:59.120+0000] {processor.py:161} INFO - Started process (PID=439) to work on /home/airflow/.local/lib/python3.8/site-packages/airflow/example_dags/example_dag_decorator.py
[2025-11-05T15:42:59.123+0000] {processor.py:830} INFO - Processing file /home/airflow/.local/lib/python3.8/site-packages/airflow/example_dags/example_dag_decorator.py for tasks to queue
[2025-11-05T15:42:59.135+0000] {logging_mixin.py:188} INFO - [2025-11-05T15:42:59.133+0000] {dagbag.py:538} INFO - Filling up the DagBag from /home/airflow/.local/lib/python3.8/site-packages/airflow/example_dags/example_dag_decorator.py
[2025-11-05T15:42:59.626+0000] {processor.py:840} INFO - DAG(s) 'example_dag_decorator' retrieved from /home/airflow/.local/lib/python3.8/site-packages/airflow/example_dags/example_dag_decorator.py
[2025-11-05T15:43:00.114+0000] {logging_mixin.py:188} INFO - [2025-11-05T15:43:00.113+0000] {dag.py:3036} INFO - Sync 1 DAGs
[2025-11-05T15:43:00.214+0000] {logging_mixin.py:188} INFO - [2025-11-05T15:43:00.213+0000] {dag.py:3823} INFO - Setting next_dagrun for example_dag_decorator to None, run_after=None
[2025-11-05T15:43:00.385+0000] {processor.py:183} INFO - Processing /home/airflow/.local/lib/python3.8/site-packages/airflow/example_dags/example_dag_decorator.py took 1.283 seconds
[2025-11-05T15:43:30.572+0000] {processor.py:161} INFO - Started process (PID=495) to work on /home/airflow/.local/lib/python3.8/site-packages/airflow/example_dags/example_dag_decorator.py
[2025-11-05T15:43:30.576+0000] {processor.py:830} INFO - Processing file /home/airflow/.local/lib/python3.8/site-packages/airflow/example_dags/example_dag_decorator.py for tasks to queue
[2025-11-05T15:43:30.582+0000] {logging_mixin.py:188} INFO - [2025-11-05T15:43:30.581+0000] {dagbag.py:538} INFO - Filling up the DagBag from /home/airflow/.local/lib/python3.8/site-packages/airflow/example_dags/example_dag_decorator.py
[2025-11-05T15:43:31.221+0000] {processor.py:840} INFO - DAG(s) 'example_dag_decorator' retrieved from /home/airflow/.local/lib/python3.8/site-packages/airflow/example_dags/example_dag_decorator.py
[2025-11-05T15:43:31.721+0000] {logging_mixin.py:188} INFO - [2025-11-05T15:43:31.720+0000] {dag.py:3036} INFO - Sync 1 DAGs
[2025-11-05T15:43:31.770+0000] {logging_mixin.py:188} INFO - [2025-11-05T15:43:31.769+0000] {dag.py:3823} INFO - Setting next_dagrun for example_dag_decorator to None, run_after=None
[2025-11-05T15:43:31.854+0000] {processor.py:183} INFO - Processing /home/airflow/.local/lib/python3.8/site-packages/airflow/example_dags/example_dag_decorator.py took 1.295 seconds
[2025-11-05T15:44:02.494+0000] {processor.py:161} INFO - Started process (PID=552) to work on /home/airflow/.local/lib/python3.8/site-packages/airflow/example_dags/example_dag_decorator.py
[2025-11-05T15:44:02.509+0000] {processor.py:830} INFO - Processing file /home/airflow/.local/lib/python3.8/site-packages/airflow/example_dags/example_dag_decorator.py for tasks to queue
[2025-11-05T15:44:02.527+0000] {logging_mixin.py:188} INFO - [2025-11-05T15:44:02.526+0000] {dagbag.py:538} INFO - Filling up the DagBag from /home/airflow/.local/lib/python3.8/site-packages/airflow/example_dags/example_dag_decorator.py
[2025-11-05T15:44:03.382+0000] {processor.py:840} INFO - DAG(s) 'example_dag_decorator' retrieved from /home/airflow/.local/lib/python3.8/site-packages/airflow/example_dags/example_dag_decorator.py
[2025-11-05T15:44:03.538+0000] {logging_mixin.py:188} INFO - [2025-11-05T15:44:03.537+0000] {dag.py:3036} INFO - Sync 1 DAGs
[2025-11-05T15:44:03.626+0000] {logging_mixin.py:188} INFO - [2025-11-05T15:44:03.624+0000] {dag.py:3823} INFO - Setting next_dagrun for example_dag_decorator to None, run_after=None
[2025-11-05T15:44:03.716+0000] {processor.py:183} INFO - Processing /home/airflow/.local/lib/python3.8/site-packages/airflow/example_dags/example_dag_decorator.py took 1.256 seconds
[2025-11-05T15:44:33.832+0000] {processor.py:161} INFO - Started process (PID=607) to work on /home/airflow/.local/lib/python3.8/site-packages/airflow/example_dags/example_dag_decorator.py
[2025-11-05T15:44:33.836+0000] {processor.py:830} INFO - Processing file /home/airflow/.local/lib/python3.8/site-packages/airflow/example_dags/example_dag_decorator.py for tasks to queue
[2025-11-05T15:44:33.842+0000] {logging_mixin.py:188} INFO - [2025-11-05T15:44:33.842+0000] {dagbag.py:538} INFO - Filling up the DagBag from /home/airflow/.local/lib/python3.8/site-packages/airflow/example_dags/example_dag_decorator.py
[2025-11-05T15:44:34.124+0000] {processor.py:840} INFO - DAG(s) 'example_dag_decorator' retrieved from /home/airflow/.local/lib/python3.8/site-packages/airflow/example_dags/example_dag_decorator.py
[2025-11-05T15:44:34.390+0000] {logging_mixin.py:188} INFO - [2025-11-05T15:44:34.389+0000] {dag.py:3036} INFO - Sync 1 DAGs
[2025-11-05T15:44:34.412+0000] {logging_mixin.py:188} INFO - [2025-11-05T15:44:34.412+0000] {dag.py:3823} INFO - Setting next_dagrun for example_dag_decorator to None, run_after=None
[2025-11-05T15:44:34.460+0000] {processor.py:183} INFO - Processing /home/airflow/.local/lib/python3.8/site-packages/airflow/example_dags/example_dag_decorator.py took 0.639 seconds
