[2025-11-05T15:35:46.155+0000] {processor.py:161} INFO - Started process (PID=93) to work on /home/airflow/.local/lib/python3.8/site-packages/airflow/example_dags/example_xcom.py
[2025-11-05T15:35:46.157+0000] {processor.py:830} INFO - Processing file /home/airflow/.local/lib/python3.8/site-packages/airflow/example_dags/example_xcom.py for tasks to queue
[2025-11-05T15:35:46.161+0000] {logging_mixin.py:188} INFO - [2025-11-05T15:35:46.160+0000] {dagbag.py:538} INFO - Filling up the DagBag from /home/airflow/.local/lib/python3.8/site-packages/airflow/example_dags/example_xcom.py
[2025-11-05T15:35:46.183+0000] {processor.py:840} INFO - DAG(s) 'example_xcom' retrieved from /home/airflow/.local/lib/python3.8/site-packages/airflow/example_dags/example_xcom.py
[2025-11-05T15:35:46.461+0000] {logging_mixin.py:188} INFO - [2025-11-05T15:35:46.460+0000] {dag.py:3036} INFO - Sync 1 DAGs
[2025-11-05T15:35:46.514+0000] {logging_mixin.py:188} INFO - [2025-11-05T15:35:46.513+0000] {dag.py:3823} INFO - Setting next_dagrun for example_xcom to 2021-01-01 00:00:00+00:00, run_after=2021-01-01 00:00:00+00:00
[2025-11-05T15:35:46.567+0000] {processor.py:183} INFO - Processing /home/airflow/.local/lib/python3.8/site-packages/airflow/example_dags/example_xcom.py took 0.421 seconds
[2025-11-05T15:36:17.827+0000] {processor.py:161} INFO - Started process (PID=148) to work on /home/airflow/.local/lib/python3.8/site-packages/airflow/example_dags/example_xcom.py
[2025-11-05T15:36:17.833+0000] {processor.py:830} INFO - Processing file /home/airflow/.local/lib/python3.8/site-packages/airflow/example_dags/example_xcom.py for tasks to queue
[2025-11-05T15:36:17.844+0000] {logging_mixin.py:188} INFO - [2025-11-05T15:36:17.843+0000] {dagbag.py:538} INFO - Filling up the DagBag from /home/airflow/.local/lib/python3.8/site-packages/airflow/example_dags/example_xcom.py
[2025-11-05T15:36:17.877+0000] {processor.py:840} INFO - DAG(s) 'example_xcom' retrieved from /home/airflow/.local/lib/python3.8/site-packages/airflow/example_dags/example_xcom.py
[2025-11-05T15:36:17.960+0000] {logging_mixin.py:188} INFO - [2025-11-05T15:36:17.959+0000] {dag.py:3036} INFO - Sync 1 DAGs
[2025-11-05T15:36:18.041+0000] {logging_mixin.py:188} INFO - [2025-11-05T15:36:18.040+0000] {dag.py:3823} INFO - Setting next_dagrun for example_xcom to 2021-01-01 00:00:00+00:00, run_after=2021-01-01 00:00:00+00:00
[2025-11-05T15:36:18.124+0000] {processor.py:183} INFO - Processing /home/airflow/.local/lib/python3.8/site-packages/airflow/example_dags/example_xcom.py took 0.313 seconds
[2025-11-05T15:36:48.952+0000] {processor.py:161} INFO - Started process (PID=203) to work on /home/airflow/.local/lib/python3.8/site-packages/airflow/example_dags/example_xcom.py
[2025-11-05T15:36:48.956+0000] {processor.py:830} INFO - Processing file /home/airflow/.local/lib/python3.8/site-packages/airflow/example_dags/example_xcom.py for tasks to queue
[2025-11-05T15:36:48.962+0000] {logging_mixin.py:188} INFO - [2025-11-05T15:36:48.961+0000] {dagbag.py:538} INFO - Filling up the DagBag from /home/airflow/.local/lib/python3.8/site-packages/airflow/example_dags/example_xcom.py
[2025-11-05T15:36:48.991+0000] {processor.py:840} INFO - DAG(s) 'example_xcom' retrieved from /home/airflow/.local/lib/python3.8/site-packages/airflow/example_dags/example_xcom.py
[2025-11-05T15:36:49.100+0000] {logging_mixin.py:188} INFO - [2025-11-05T15:36:49.099+0000] {dag.py:3036} INFO - Sync 1 DAGs
[2025-11-05T15:36:49.170+0000] {logging_mixin.py:188} INFO - [2025-11-05T15:36:49.169+0000] {dag.py:3823} INFO - Setting next_dagrun for example_xcom to 2021-01-01 00:00:00+00:00, run_after=2021-01-01 00:00:00+00:00
[2025-11-05T15:36:49.233+0000] {processor.py:183} INFO - Processing /home/airflow/.local/lib/python3.8/site-packages/airflow/example_dags/example_xcom.py took 0.296 seconds
[2025-11-05T15:37:20.502+0000] {processor.py:161} INFO - Started process (PID=258) to work on /home/airflow/.local/lib/python3.8/site-packages/airflow/example_dags/example_xcom.py
[2025-11-05T15:37:20.505+0000] {processor.py:830} INFO - Processing file /home/airflow/.local/lib/python3.8/site-packages/airflow/example_dags/example_xcom.py for tasks to queue
[2025-11-05T15:37:20.515+0000] {logging_mixin.py:188} INFO - [2025-11-05T15:37:20.514+0000] {dagbag.py:538} INFO - Filling up the DagBag from /home/airflow/.local/lib/python3.8/site-packages/airflow/example_dags/example_xcom.py
[2025-11-05T15:37:20.544+0000] {processor.py:840} INFO - DAG(s) 'example_xcom' retrieved from /home/airflow/.local/lib/python3.8/site-packages/airflow/example_dags/example_xcom.py
[2025-11-05T15:37:20.608+0000] {logging_mixin.py:188} INFO - [2025-11-05T15:37:20.607+0000] {dag.py:3036} INFO - Sync 1 DAGs
[2025-11-05T15:37:20.676+0000] {logging_mixin.py:188} INFO - [2025-11-05T15:37:20.674+0000] {dag.py:3823} INFO - Setting next_dagrun for example_xcom to 2021-01-01 00:00:00+00:00, run_after=2021-01-01 00:00:00+00:00
[2025-11-05T15:37:20.757+0000] {processor.py:183} INFO - Processing /home/airflow/.local/lib/python3.8/site-packages/airflow/example_dags/example_xcom.py took 0.266 seconds
[2025-11-05T15:39:46.088+0000] {processor.py:161} INFO - Started process (PID=95) to work on /home/airflow/.local/lib/python3.8/site-packages/airflow/example_dags/example_xcom.py
[2025-11-05T15:39:46.106+0000] {processor.py:830} INFO - Processing file /home/airflow/.local/lib/python3.8/site-packages/airflow/example_dags/example_xcom.py for tasks to queue
[2025-11-05T15:39:46.117+0000] {logging_mixin.py:188} INFO - [2025-11-05T15:39:46.112+0000] {dagbag.py:538} INFO - Filling up the DagBag from /home/airflow/.local/lib/python3.8/site-packages/airflow/example_dags/example_xcom.py
[2025-11-05T15:39:46.184+0000] {processor.py:840} INFO - DAG(s) 'example_xcom' retrieved from /home/airflow/.local/lib/python3.8/site-packages/airflow/example_dags/example_xcom.py
[2025-11-05T15:39:46.955+0000] {logging_mixin.py:188} INFO - [2025-11-05T15:39:46.954+0000] {dag.py:3036} INFO - Sync 1 DAGs
[2025-11-05T15:39:47.134+0000] {logging_mixin.py:188} INFO - [2025-11-05T15:39:47.134+0000] {dag.py:3823} INFO - Setting next_dagrun for example_xcom to 2021-01-01 00:00:00+00:00, run_after=2021-01-01 00:00:00+00:00
[2025-11-05T15:39:47.310+0000] {processor.py:183} INFO - Processing /home/airflow/.local/lib/python3.8/site-packages/airflow/example_dags/example_xcom.py took 1.245 seconds
[2025-11-05T15:40:17.610+0000] {processor.py:161} INFO - Started process (PID=149) to work on /home/airflow/.local/lib/python3.8/site-packages/airflow/example_dags/example_xcom.py
[2025-11-05T15:40:17.612+0000] {processor.py:830} INFO - Processing file /home/airflow/.local/lib/python3.8/site-packages/airflow/example_dags/example_xcom.py for tasks to queue
[2025-11-05T15:40:17.616+0000] {logging_mixin.py:188} INFO - [2025-11-05T15:40:17.616+0000] {dagbag.py:538} INFO - Filling up the DagBag from /home/airflow/.local/lib/python3.8/site-packages/airflow/example_dags/example_xcom.py
[2025-11-05T15:40:17.633+0000] {processor.py:840} INFO - DAG(s) 'example_xcom' retrieved from /home/airflow/.local/lib/python3.8/site-packages/airflow/example_dags/example_xcom.py
[2025-11-05T15:40:17.686+0000] {logging_mixin.py:188} INFO - [2025-11-05T15:40:17.685+0000] {dag.py:3036} INFO - Sync 1 DAGs
[2025-11-05T15:40:17.750+0000] {logging_mixin.py:188} INFO - [2025-11-05T15:40:17.750+0000] {dag.py:3823} INFO - Setting next_dagrun for example_xcom to 2021-01-01 00:00:00+00:00, run_after=2021-01-01 00:00:00+00:00
[2025-11-05T15:40:17.854+0000] {processor.py:183} INFO - Processing /home/airflow/.local/lib/python3.8/site-packages/airflow/example_dags/example_xcom.py took 0.251 seconds
[2025-11-05T15:40:48.344+0000] {processor.py:161} INFO - Started process (PID=204) to work on /home/airflow/.local/lib/python3.8/site-packages/airflow/example_dags/example_xcom.py
[2025-11-05T15:40:48.345+0000] {processor.py:830} INFO - Processing file /home/airflow/.local/lib/python3.8/site-packages/airflow/example_dags/example_xcom.py for tasks to queue
[2025-11-05T15:40:48.347+0000] {logging_mixin.py:188} INFO - [2025-11-05T15:40:48.347+0000] {dagbag.py:538} INFO - Filling up the DagBag from /home/airflow/.local/lib/python3.8/site-packages/airflow/example_dags/example_xcom.py
[2025-11-05T15:40:48.363+0000] {processor.py:840} INFO - DAG(s) 'example_xcom' retrieved from /home/airflow/.local/lib/python3.8/site-packages/airflow/example_dags/example_xcom.py
[2025-11-05T15:40:48.390+0000] {logging_mixin.py:188} INFO - [2025-11-05T15:40:48.389+0000] {dag.py:3036} INFO - Sync 1 DAGs
[2025-11-05T15:40:48.416+0000] {logging_mixin.py:188} INFO - [2025-11-05T15:40:48.415+0000] {dag.py:3823} INFO - Setting next_dagrun for example_xcom to 2021-01-01 00:00:00+00:00, run_after=2021-01-01 00:00:00+00:00
[2025-11-05T15:40:48.445+0000] {processor.py:183} INFO - Processing /home/airflow/.local/lib/python3.8/site-packages/airflow/example_dags/example_xcom.py took 0.105 seconds
[2025-11-05T15:41:19.049+0000] {processor.py:161} INFO - Started process (PID=259) to work on /home/airflow/.local/lib/python3.8/site-packages/airflow/example_dags/example_xcom.py
[2025-11-05T15:41:19.052+0000] {processor.py:830} INFO - Processing file /home/airflow/.local/lib/python3.8/site-packages/airflow/example_dags/example_xcom.py for tasks to queue
[2025-11-05T15:41:19.058+0000] {logging_mixin.py:188} INFO - [2025-11-05T15:41:19.057+0000] {dagbag.py:538} INFO - Filling up the DagBag from /home/airflow/.local/lib/python3.8/site-packages/airflow/example_dags/example_xcom.py
[2025-11-05T15:41:19.085+0000] {processor.py:840} INFO - DAG(s) 'example_xcom' retrieved from /home/airflow/.local/lib/python3.8/site-packages/airflow/example_dags/example_xcom.py
[2025-11-05T15:41:19.157+0000] {logging_mixin.py:188} INFO - [2025-11-05T15:41:19.156+0000] {dag.py:3036} INFO - Sync 1 DAGs
[2025-11-05T15:41:19.265+0000] {logging_mixin.py:188} INFO - [2025-11-05T15:41:19.265+0000] {dag.py:3823} INFO - Setting next_dagrun for example_xcom to 2021-01-01 00:00:00+00:00, run_after=2021-01-01 00:00:00+00:00
[2025-11-05T15:41:19.347+0000] {processor.py:183} INFO - Processing /home/airflow/.local/lib/python3.8/site-packages/airflow/example_dags/example_xcom.py took 0.313 seconds
[2025-11-05T15:41:50.036+0000] {processor.py:161} INFO - Started process (PID=315) to work on /home/airflow/.local/lib/python3.8/site-packages/airflow/example_dags/example_xcom.py
[2025-11-05T15:41:50.040+0000] {processor.py:830} INFO - Processing file /home/airflow/.local/lib/python3.8/site-packages/airflow/example_dags/example_xcom.py for tasks to queue
[2025-11-05T15:41:50.057+0000] {logging_mixin.py:188} INFO - [2025-11-05T15:41:50.056+0000] {dagbag.py:538} INFO - Filling up the DagBag from /home/airflow/.local/lib/python3.8/site-packages/airflow/example_dags/example_xcom.py
[2025-11-05T15:41:50.147+0000] {processor.py:840} INFO - DAG(s) 'example_xcom' retrieved from /home/airflow/.local/lib/python3.8/site-packages/airflow/example_dags/example_xcom.py
[2025-11-05T15:41:50.280+0000] {logging_mixin.py:188} INFO - [2025-11-05T15:41:50.279+0000] {dag.py:3036} INFO - Sync 1 DAGs
[2025-11-05T15:41:50.458+0000] {logging_mixin.py:188} INFO - [2025-11-05T15:41:50.458+0000] {dag.py:3823} INFO - Setting next_dagrun for example_xcom to 2021-01-01 00:00:00+00:00, run_after=2021-01-01 00:00:00+00:00
[2025-11-05T15:41:50.633+0000] {processor.py:183} INFO - Processing /home/airflow/.local/lib/python3.8/site-packages/airflow/example_dags/example_xcom.py took 0.630 seconds
[2025-11-05T15:42:21.354+0000] {processor.py:161} INFO - Started process (PID=369) to work on /home/airflow/.local/lib/python3.8/site-packages/airflow/example_dags/example_xcom.py
[2025-11-05T15:42:21.356+0000] {processor.py:830} INFO - Processing file /home/airflow/.local/lib/python3.8/site-packages/airflow/example_dags/example_xcom.py for tasks to queue
[2025-11-05T15:42:21.361+0000] {logging_mixin.py:188} INFO - [2025-11-05T15:42:21.360+0000] {dagbag.py:538} INFO - Filling up the DagBag from /home/airflow/.local/lib/python3.8/site-packages/airflow/example_dags/example_xcom.py
[2025-11-05T15:42:21.385+0000] {processor.py:840} INFO - DAG(s) 'example_xcom' retrieved from /home/airflow/.local/lib/python3.8/site-packages/airflow/example_dags/example_xcom.py
[2025-11-05T15:42:21.480+0000] {logging_mixin.py:188} INFO - [2025-11-05T15:42:21.480+0000] {dag.py:3036} INFO - Sync 1 DAGs
[2025-11-05T15:42:21.730+0000] {logging_mixin.py:188} INFO - [2025-11-05T15:42:21.729+0000] {dag.py:3823} INFO - Setting next_dagrun for example_xcom to 2021-01-01 00:00:00+00:00, run_after=2021-01-01 00:00:00+00:00
[2025-11-05T15:42:21.889+0000] {processor.py:183} INFO - Processing /home/airflow/.local/lib/python3.8/site-packages/airflow/example_dags/example_xcom.py took 0.544 seconds
[2025-11-05T15:42:52.318+0000] {processor.py:161} INFO - Started process (PID=431) to work on /home/airflow/.local/lib/python3.8/site-packages/airflow/example_dags/example_xcom.py
[2025-11-05T15:42:52.326+0000] {processor.py:830} INFO - Processing file /home/airflow/.local/lib/python3.8/site-packages/airflow/example_dags/example_xcom.py for tasks to queue
[2025-11-05T15:42:52.342+0000] {logging_mixin.py:188} INFO - [2025-11-05T15:42:52.341+0000] {dagbag.py:538} INFO - Filling up the DagBag from /home/airflow/.local/lib/python3.8/site-packages/airflow/example_dags/example_xcom.py
[2025-11-05T15:42:52.411+0000] {processor.py:840} INFO - DAG(s) 'example_xcom' retrieved from /home/airflow/.local/lib/python3.8/site-packages/airflow/example_dags/example_xcom.py
[2025-11-05T15:42:52.518+0000] {logging_mixin.py:188} INFO - [2025-11-05T15:42:52.517+0000] {dag.py:3036} INFO - Sync 1 DAGs
[2025-11-05T15:42:52.600+0000] {logging_mixin.py:188} INFO - [2025-11-05T15:42:52.599+0000] {dag.py:3823} INFO - Setting next_dagrun for example_xcom to 2021-01-01 00:00:00+00:00, run_after=2021-01-01 00:00:00+00:00
[2025-11-05T15:42:52.678+0000] {processor.py:183} INFO - Processing /home/airflow/.local/lib/python3.8/site-packages/airflow/example_dags/example_xcom.py took 0.387 seconds
[2025-11-05T15:43:23.403+0000] {processor.py:161} INFO - Started process (PID=486) to work on /home/airflow/.local/lib/python3.8/site-packages/airflow/example_dags/example_xcom.py
[2025-11-05T15:43:23.405+0000] {processor.py:830} INFO - Processing file /home/airflow/.local/lib/python3.8/site-packages/airflow/example_dags/example_xcom.py for tasks to queue
[2025-11-05T15:43:23.408+0000] {logging_mixin.py:188} INFO - [2025-11-05T15:43:23.408+0000] {dagbag.py:538} INFO - Filling up the DagBag from /home/airflow/.local/lib/python3.8/site-packages/airflow/example_dags/example_xcom.py
[2025-11-05T15:43:23.417+0000] {processor.py:840} INFO - DAG(s) 'example_xcom' retrieved from /home/airflow/.local/lib/python3.8/site-packages/airflow/example_dags/example_xcom.py
[2025-11-05T15:43:23.443+0000] {logging_mixin.py:188} INFO - [2025-11-05T15:43:23.443+0000] {dag.py:3036} INFO - Sync 1 DAGs
[2025-11-05T15:43:23.470+0000] {logging_mixin.py:188} INFO - [2025-11-05T15:43:23.470+0000] {dag.py:3823} INFO - Setting next_dagrun for example_xcom to 2021-01-01 00:00:00+00:00, run_after=2021-01-01 00:00:00+00:00
[2025-11-05T15:43:23.499+0000] {processor.py:183} INFO - Processing /home/airflow/.local/lib/python3.8/site-packages/airflow/example_dags/example_xcom.py took 0.100 seconds
[2025-11-05T15:43:53.668+0000] {processor.py:161} INFO - Started process (PID=541) to work on /home/airflow/.local/lib/python3.8/site-packages/airflow/example_dags/example_xcom.py
[2025-11-05T15:43:53.673+0000] {processor.py:830} INFO - Processing file /home/airflow/.local/lib/python3.8/site-packages/airflow/example_dags/example_xcom.py for tasks to queue
[2025-11-05T15:43:53.685+0000] {logging_mixin.py:188} INFO - [2025-11-05T15:43:53.684+0000] {dagbag.py:538} INFO - Filling up the DagBag from /home/airflow/.local/lib/python3.8/site-packages/airflow/example_dags/example_xcom.py
[2025-11-05T15:43:53.723+0000] {processor.py:840} INFO - DAG(s) 'example_xcom' retrieved from /home/airflow/.local/lib/python3.8/site-packages/airflow/example_dags/example_xcom.py
[2025-11-05T15:43:53.827+0000] {logging_mixin.py:188} INFO - [2025-11-05T15:43:53.826+0000] {dag.py:3036} INFO - Sync 1 DAGs
[2025-11-05T15:43:53.929+0000] {logging_mixin.py:188} INFO - [2025-11-05T15:43:53.928+0000] {dag.py:3823} INFO - Setting next_dagrun for example_xcom to 2021-01-01 00:00:00+00:00, run_after=2021-01-01 00:00:00+00:00
[2025-11-05T15:43:53.999+0000] {processor.py:183} INFO - Processing /home/airflow/.local/lib/python3.8/site-packages/airflow/example_dags/example_xcom.py took 0.342 seconds
[2025-11-05T15:44:24.264+0000] {processor.py:161} INFO - Started process (PID=597) to work on /home/airflow/.local/lib/python3.8/site-packages/airflow/example_dags/example_xcom.py
[2025-11-05T15:44:24.269+0000] {processor.py:830} INFO - Processing file /home/airflow/.local/lib/python3.8/site-packages/airflow/example_dags/example_xcom.py for tasks to queue
[2025-11-05T15:44:24.285+0000] {logging_mixin.py:188} INFO - [2025-11-05T15:44:24.284+0000] {dagbag.py:538} INFO - Filling up the DagBag from /home/airflow/.local/lib/python3.8/site-packages/airflow/example_dags/example_xcom.py
[2025-11-05T15:44:24.363+0000] {processor.py:840} INFO - DAG(s) 'example_xcom' retrieved from /home/airflow/.local/lib/python3.8/site-packages/airflow/example_dags/example_xcom.py
[2025-11-05T15:44:24.550+0000] {logging_mixin.py:188} INFO - [2025-11-05T15:44:24.549+0000] {dag.py:3036} INFO - Sync 1 DAGs
[2025-11-05T15:44:24.688+0000] {logging_mixin.py:188} INFO - [2025-11-05T15:44:24.687+0000] {dag.py:3823} INFO - Setting next_dagrun for example_xcom to 2021-01-01 00:00:00+00:00, run_after=2021-01-01 00:00:00+00:00
[2025-11-05T15:44:24.823+0000] {processor.py:183} INFO - Processing /home/airflow/.local/lib/python3.8/site-packages/airflow/example_dags/example_xcom.py took 0.589 seconds
