[2025-11-05T15:35:43.792+0000] {processor.py:161} INFO - Started process (PID=85) to work on /home/airflow/.local/lib/python3.8/site-packages/airflow/example_dags/example_bash_operator.py
[2025-11-05T15:35:43.798+0000] {processor.py:830} INFO - Processing file /home/airflow/.local/lib/python3.8/site-packages/airflow/example_dags/example_bash_operator.py for tasks to queue
[2025-11-05T15:35:43.805+0000] {logging_mixin.py:188} INFO - [2025-11-05T15:35:43.804+0000] {dagbag.py:538} INFO - Filling up the DagBag from /home/airflow/.local/lib/python3.8/site-packages/airflow/example_dags/example_bash_operator.py
[2025-11-05T15:35:43.867+0000] {processor.py:840} INFO - DAG(s) 'example_bash_operator' retrieved from /home/airflow/.local/lib/python3.8/site-packages/airflow/example_dags/example_bash_operator.py
[2025-11-05T15:35:44.294+0000] {logging_mixin.py:188} INFO - [2025-11-05T15:35:44.294+0000] {dag.py:3036} INFO - Sync 1 DAGs
[2025-11-05T15:35:44.355+0000] {logging_mixin.py:188} INFO - [2025-11-05T15:35:44.355+0000] {dag.py:3823} INFO - Setting next_dagrun for example_bash_operator to 2025-11-04 00:00:00+00:00, run_after=2025-11-05 00:00:00+00:00
[2025-11-05T15:35:44.413+0000] {processor.py:183} INFO - Processing /home/airflow/.local/lib/python3.8/site-packages/airflow/example_dags/example_bash_operator.py took 0.632 seconds
[2025-11-05T15:36:15.880+0000] {processor.py:161} INFO - Started process (PID=140) to work on /home/airflow/.local/lib/python3.8/site-packages/airflow/example_dags/example_bash_operator.py
[2025-11-05T15:36:15.889+0000] {processor.py:830} INFO - Processing file /home/airflow/.local/lib/python3.8/site-packages/airflow/example_dags/example_bash_operator.py for tasks to queue
[2025-11-05T15:36:15.901+0000] {logging_mixin.py:188} INFO - [2025-11-05T15:36:15.901+0000] {dagbag.py:538} INFO - Filling up the DagBag from /home/airflow/.local/lib/python3.8/site-packages/airflow/example_dags/example_bash_operator.py
[2025-11-05T15:36:15.987+0000] {processor.py:840} INFO - DAG(s) 'example_bash_operator' retrieved from /home/airflow/.local/lib/python3.8/site-packages/airflow/example_dags/example_bash_operator.py
[2025-11-05T15:36:16.153+0000] {logging_mixin.py:188} INFO - [2025-11-05T15:36:16.152+0000] {dag.py:3036} INFO - Sync 1 DAGs
[2025-11-05T15:36:16.252+0000] {logging_mixin.py:188} INFO - [2025-11-05T15:36:16.252+0000] {dag.py:3823} INFO - Setting next_dagrun for example_bash_operator to 2025-11-04 00:00:00+00:00, run_after=2025-11-05 00:00:00+00:00
[2025-11-05T15:36:16.334+0000] {processor.py:183} INFO - Processing /home/airflow/.local/lib/python3.8/site-packages/airflow/example_dags/example_bash_operator.py took 0.496 seconds
[2025-11-05T15:36:46.455+0000] {processor.py:161} INFO - Started process (PID=195) to work on /home/airflow/.local/lib/python3.8/site-packages/airflow/example_dags/example_bash_operator.py
[2025-11-05T15:36:46.457+0000] {processor.py:830} INFO - Processing file /home/airflow/.local/lib/python3.8/site-packages/airflow/example_dags/example_bash_operator.py for tasks to queue
[2025-11-05T15:36:46.463+0000] {logging_mixin.py:188} INFO - [2025-11-05T15:36:46.462+0000] {dagbag.py:538} INFO - Filling up the DagBag from /home/airflow/.local/lib/python3.8/site-packages/airflow/example_dags/example_bash_operator.py
[2025-11-05T15:36:46.488+0000] {processor.py:840} INFO - DAG(s) 'example_bash_operator' retrieved from /home/airflow/.local/lib/python3.8/site-packages/airflow/example_dags/example_bash_operator.py
[2025-11-05T15:36:46.552+0000] {logging_mixin.py:188} INFO - [2025-11-05T15:36:46.552+0000] {dag.py:3036} INFO - Sync 1 DAGs
[2025-11-05T15:36:46.601+0000] {logging_mixin.py:188} INFO - [2025-11-05T15:36:46.600+0000] {dag.py:3823} INFO - Setting next_dagrun for example_bash_operator to 2025-11-04 00:00:00+00:00, run_after=2025-11-05 00:00:00+00:00
[2025-11-05T15:36:46.639+0000] {processor.py:183} INFO - Processing /home/airflow/.local/lib/python3.8/site-packages/airflow/example_dags/example_bash_operator.py took 0.192 seconds
[2025-11-05T15:37:18.039+0000] {processor.py:161} INFO - Started process (PID=250) to work on /home/airflow/.local/lib/python3.8/site-packages/airflow/example_dags/example_bash_operator.py
[2025-11-05T15:37:18.055+0000] {processor.py:830} INFO - Processing file /home/airflow/.local/lib/python3.8/site-packages/airflow/example_dags/example_bash_operator.py for tasks to queue
[2025-11-05T15:37:18.085+0000] {logging_mixin.py:188} INFO - [2025-11-05T15:37:18.083+0000] {dagbag.py:538} INFO - Filling up the DagBag from /home/airflow/.local/lib/python3.8/site-packages/airflow/example_dags/example_bash_operator.py
[2025-11-05T15:37:18.211+0000] {processor.py:840} INFO - DAG(s) 'example_bash_operator' retrieved from /home/airflow/.local/lib/python3.8/site-packages/airflow/example_dags/example_bash_operator.py
[2025-11-05T15:37:18.634+0000] {logging_mixin.py:188} INFO - [2025-11-05T15:37:18.633+0000] {dag.py:3036} INFO - Sync 1 DAGs
[2025-11-05T15:37:18.842+0000] {logging_mixin.py:188} INFO - [2025-11-05T15:37:18.841+0000] {dag.py:3823} INFO - Setting next_dagrun for example_bash_operator to 2025-11-04 00:00:00+00:00, run_after=2025-11-05 00:00:00+00:00
[2025-11-05T15:37:18.966+0000] {processor.py:183} INFO - Processing /home/airflow/.local/lib/python3.8/site-packages/airflow/example_dags/example_bash_operator.py took 0.951 seconds
[2025-11-05T15:39:39.007+0000] {processor.py:161} INFO - Started process (PID=81) to work on /home/airflow/.local/lib/python3.8/site-packages/airflow/example_dags/example_bash_operator.py
[2025-11-05T15:39:39.013+0000] {processor.py:830} INFO - Processing file /home/airflow/.local/lib/python3.8/site-packages/airflow/example_dags/example_bash_operator.py for tasks to queue
[2025-11-05T15:39:39.026+0000] {logging_mixin.py:188} INFO - [2025-11-05T15:39:39.025+0000] {dagbag.py:538} INFO - Filling up the DagBag from /home/airflow/.local/lib/python3.8/site-packages/airflow/example_dags/example_bash_operator.py
[2025-11-05T15:39:39.220+0000] {processor.py:840} INFO - DAG(s) 'example_bash_operator' retrieved from /home/airflow/.local/lib/python3.8/site-packages/airflow/example_dags/example_bash_operator.py
[2025-11-05T15:39:40.091+0000] {logging_mixin.py:188} INFO - [2025-11-05T15:39:40.090+0000] {dag.py:3036} INFO - Sync 1 DAGs
[2025-11-05T15:39:40.238+0000] {logging_mixin.py:188} INFO - [2025-11-05T15:39:40.237+0000] {dag.py:3823} INFO - Setting next_dagrun for example_bash_operator to 2025-11-04 00:00:00+00:00, run_after=2025-11-05 00:00:00+00:00
[2025-11-05T15:39:40.440+0000] {processor.py:183} INFO - Processing /home/airflow/.local/lib/python3.8/site-packages/airflow/example_dags/example_bash_operator.py took 1.457 seconds
[2025-11-05T15:40:11.393+0000] {processor.py:161} INFO - Started process (PID=136) to work on /home/airflow/.local/lib/python3.8/site-packages/airflow/example_dags/example_bash_operator.py
[2025-11-05T15:40:11.397+0000] {processor.py:830} INFO - Processing file /home/airflow/.local/lib/python3.8/site-packages/airflow/example_dags/example_bash_operator.py for tasks to queue
[2025-11-05T15:40:11.431+0000] {logging_mixin.py:188} INFO - [2025-11-05T15:40:11.430+0000] {dagbag.py:538} INFO - Filling up the DagBag from /home/airflow/.local/lib/python3.8/site-packages/airflow/example_dags/example_bash_operator.py
[2025-11-05T15:40:11.535+0000] {processor.py:840} INFO - DAG(s) 'example_bash_operator' retrieved from /home/airflow/.local/lib/python3.8/site-packages/airflow/example_dags/example_bash_operator.py
[2025-11-05T15:40:11.797+0000] {logging_mixin.py:188} INFO - [2025-11-05T15:40:11.796+0000] {dag.py:3036} INFO - Sync 1 DAGs
[2025-11-05T15:40:11.928+0000] {logging_mixin.py:188} INFO - [2025-11-05T15:40:11.927+0000] {dag.py:3823} INFO - Setting next_dagrun for example_bash_operator to 2025-11-04 00:00:00+00:00, run_after=2025-11-05 00:00:00+00:00
[2025-11-05T15:40:12.032+0000] {processor.py:183} INFO - Processing /home/airflow/.local/lib/python3.8/site-packages/airflow/example_dags/example_bash_operator.py took 0.660 seconds
[2025-11-05T15:40:42.185+0000] {processor.py:161} INFO - Started process (PID=190) to work on /home/airflow/.local/lib/python3.8/site-packages/airflow/example_dags/example_bash_operator.py
[2025-11-05T15:40:42.187+0000] {processor.py:830} INFO - Processing file /home/airflow/.local/lib/python3.8/site-packages/airflow/example_dags/example_bash_operator.py for tasks to queue
[2025-11-05T15:40:42.190+0000] {logging_mixin.py:188} INFO - [2025-11-05T15:40:42.189+0000] {dagbag.py:538} INFO - Filling up the DagBag from /home/airflow/.local/lib/python3.8/site-packages/airflow/example_dags/example_bash_operator.py
[2025-11-05T15:40:42.206+0000] {processor.py:840} INFO - DAG(s) 'example_bash_operator' retrieved from /home/airflow/.local/lib/python3.8/site-packages/airflow/example_dags/example_bash_operator.py
[2025-11-05T15:40:42.250+0000] {logging_mixin.py:188} INFO - [2025-11-05T15:40:42.249+0000] {dag.py:3036} INFO - Sync 1 DAGs
[2025-11-05T15:40:42.290+0000] {logging_mixin.py:188} INFO - [2025-11-05T15:40:42.290+0000] {dag.py:3823} INFO - Setting next_dagrun for example_bash_operator to 2025-11-04 00:00:00+00:00, run_after=2025-11-05 00:00:00+00:00
[2025-11-05T15:40:42.324+0000] {processor.py:183} INFO - Processing /home/airflow/.local/lib/python3.8/site-packages/airflow/example_dags/example_bash_operator.py took 0.143 seconds
[2025-11-05T15:41:12.934+0000] {processor.py:161} INFO - Started process (PID=245) to work on /home/airflow/.local/lib/python3.8/site-packages/airflow/example_dags/example_bash_operator.py
[2025-11-05T15:41:12.935+0000] {processor.py:830} INFO - Processing file /home/airflow/.local/lib/python3.8/site-packages/airflow/example_dags/example_bash_operator.py for tasks to queue
[2025-11-05T15:41:12.940+0000] {logging_mixin.py:188} INFO - [2025-11-05T15:41:12.939+0000] {dagbag.py:538} INFO - Filling up the DagBag from /home/airflow/.local/lib/python3.8/site-packages/airflow/example_dags/example_bash_operator.py
[2025-11-05T15:41:12.959+0000] {processor.py:840} INFO - DAG(s) 'example_bash_operator' retrieved from /home/airflow/.local/lib/python3.8/site-packages/airflow/example_dags/example_bash_operator.py
[2025-11-05T15:41:13.014+0000] {logging_mixin.py:188} INFO - [2025-11-05T15:41:13.014+0000] {dag.py:3036} INFO - Sync 1 DAGs
[2025-11-05T15:41:13.045+0000] {logging_mixin.py:188} INFO - [2025-11-05T15:41:13.045+0000] {dag.py:3823} INFO - Setting next_dagrun for example_bash_operator to 2025-11-04 00:00:00+00:00, run_after=2025-11-05 00:00:00+00:00
[2025-11-05T15:41:13.078+0000] {processor.py:183} INFO - Processing /home/airflow/.local/lib/python3.8/site-packages/airflow/example_dags/example_bash_operator.py took 0.151 seconds
[2025-11-05T15:41:43.920+0000] {processor.py:161} INFO - Started process (PID=307) to work on /home/airflow/.local/lib/python3.8/site-packages/airflow/example_dags/example_bash_operator.py
[2025-11-05T15:41:43.924+0000] {processor.py:830} INFO - Processing file /home/airflow/.local/lib/python3.8/site-packages/airflow/example_dags/example_bash_operator.py for tasks to queue
[2025-11-05T15:41:43.928+0000] {logging_mixin.py:188} INFO - [2025-11-05T15:41:43.928+0000] {dagbag.py:538} INFO - Filling up the DagBag from /home/airflow/.local/lib/python3.8/site-packages/airflow/example_dags/example_bash_operator.py
[2025-11-05T15:41:43.953+0000] {processor.py:840} INFO - DAG(s) 'example_bash_operator' retrieved from /home/airflow/.local/lib/python3.8/site-packages/airflow/example_dags/example_bash_operator.py
[2025-11-05T15:41:44.002+0000] {logging_mixin.py:188} INFO - [2025-11-05T15:41:44.002+0000] {dag.py:3036} INFO - Sync 1 DAGs
[2025-11-05T15:41:44.045+0000] {logging_mixin.py:188} INFO - [2025-11-05T15:41:44.045+0000] {dag.py:3823} INFO - Setting next_dagrun for example_bash_operator to 2025-11-04 00:00:00+00:00, run_after=2025-11-05 00:00:00+00:00
[2025-11-05T15:41:44.098+0000] {processor.py:183} INFO - Processing /home/airflow/.local/lib/python3.8/site-packages/airflow/example_dags/example_bash_operator.py took 0.188 seconds
[2025-11-05T15:42:14.912+0000] {processor.py:161} INFO - Started process (PID=361) to work on /home/airflow/.local/lib/python3.8/site-packages/airflow/example_dags/example_bash_operator.py
[2025-11-05T15:42:14.916+0000] {processor.py:830} INFO - Processing file /home/airflow/.local/lib/python3.8/site-packages/airflow/example_dags/example_bash_operator.py for tasks to queue
[2025-11-05T15:42:14.923+0000] {logging_mixin.py:188} INFO - [2025-11-05T15:42:14.922+0000] {dagbag.py:538} INFO - Filling up the DagBag from /home/airflow/.local/lib/python3.8/site-packages/airflow/example_dags/example_bash_operator.py
[2025-11-05T15:42:14.969+0000] {processor.py:840} INFO - DAG(s) 'example_bash_operator' retrieved from /home/airflow/.local/lib/python3.8/site-packages/airflow/example_dags/example_bash_operator.py
[2025-11-05T15:42:15.067+0000] {logging_mixin.py:188} INFO - [2025-11-05T15:42:15.066+0000] {dag.py:3036} INFO - Sync 1 DAGs
[2025-11-05T15:42:15.167+0000] {logging_mixin.py:188} INFO - [2025-11-05T15:42:15.167+0000] {dag.py:3823} INFO - Setting next_dagrun for example_bash_operator to 2025-11-04 00:00:00+00:00, run_after=2025-11-05 00:00:00+00:00
[2025-11-05T15:42:15.250+0000] {processor.py:183} INFO - Processing /home/airflow/.local/lib/python3.8/site-packages/airflow/example_dags/example_bash_operator.py took 0.353 seconds
[2025-11-05T15:42:45.783+0000] {processor.py:161} INFO - Started process (PID=414) to work on /home/airflow/.local/lib/python3.8/site-packages/airflow/example_dags/example_bash_operator.py
[2025-11-05T15:42:45.789+0000] {processor.py:830} INFO - Processing file /home/airflow/.local/lib/python3.8/site-packages/airflow/example_dags/example_bash_operator.py for tasks to queue
[2025-11-05T15:42:45.805+0000] {logging_mixin.py:188} INFO - [2025-11-05T15:42:45.804+0000] {dagbag.py:538} INFO - Filling up the DagBag from /home/airflow/.local/lib/python3.8/site-packages/airflow/example_dags/example_bash_operator.py
[2025-11-05T15:42:45.862+0000] {processor.py:840} INFO - DAG(s) 'example_bash_operator' retrieved from /home/airflow/.local/lib/python3.8/site-packages/airflow/example_dags/example_bash_operator.py
[2025-11-05T15:42:45.990+0000] {logging_mixin.py:188} INFO - [2025-11-05T15:42:45.989+0000] {dag.py:3036} INFO - Sync 1 DAGs
[2025-11-05T15:42:46.103+0000] {logging_mixin.py:188} INFO - [2025-11-05T15:42:46.102+0000] {dag.py:3823} INFO - Setting next_dagrun for example_bash_operator to 2025-11-04 00:00:00+00:00, run_after=2025-11-05 00:00:00+00:00
[2025-11-05T15:42:46.182+0000] {processor.py:183} INFO - Processing /home/airflow/.local/lib/python3.8/site-packages/airflow/example_dags/example_bash_operator.py took 0.418 seconds
[2025-11-05T15:43:16.788+0000] {processor.py:161} INFO - Started process (PID=476) to work on /home/airflow/.local/lib/python3.8/site-packages/airflow/example_dags/example_bash_operator.py
[2025-11-05T15:43:16.791+0000] {processor.py:830} INFO - Processing file /home/airflow/.local/lib/python3.8/site-packages/airflow/example_dags/example_bash_operator.py for tasks to queue
[2025-11-05T15:43:16.795+0000] {logging_mixin.py:188} INFO - [2025-11-05T15:43:16.794+0000] {dagbag.py:538} INFO - Filling up the DagBag from /home/airflow/.local/lib/python3.8/site-packages/airflow/example_dags/example_bash_operator.py
[2025-11-05T15:43:16.817+0000] {processor.py:840} INFO - DAG(s) 'example_bash_operator' retrieved from /home/airflow/.local/lib/python3.8/site-packages/airflow/example_dags/example_bash_operator.py
[2025-11-05T15:43:16.886+0000] {logging_mixin.py:188} INFO - [2025-11-05T15:43:16.885+0000] {dag.py:3036} INFO - Sync 1 DAGs
[2025-11-05T15:43:16.930+0000] {logging_mixin.py:188} INFO - [2025-11-05T15:43:16.930+0000] {dag.py:3823} INFO - Setting next_dagrun for example_bash_operator to 2025-11-05 00:00:00+00:00, run_after=2025-11-06 00:00:00+00:00
[2025-11-05T15:43:16.971+0000] {processor.py:183} INFO - Processing /home/airflow/.local/lib/python3.8/site-packages/airflow/example_dags/example_bash_operator.py took 0.190 seconds
[2025-11-05T15:43:47.146+0000] {processor.py:161} INFO - Started process (PID=531) to work on /home/airflow/.local/lib/python3.8/site-packages/airflow/example_dags/example_bash_operator.py
[2025-11-05T15:43:47.147+0000] {processor.py:830} INFO - Processing file /home/airflow/.local/lib/python3.8/site-packages/airflow/example_dags/example_bash_operator.py for tasks to queue
[2025-11-05T15:43:47.150+0000] {logging_mixin.py:188} INFO - [2025-11-05T15:43:47.150+0000] {dagbag.py:538} INFO - Filling up the DagBag from /home/airflow/.local/lib/python3.8/site-packages/airflow/example_dags/example_bash_operator.py
[2025-11-05T15:43:47.164+0000] {processor.py:840} INFO - DAG(s) 'example_bash_operator' retrieved from /home/airflow/.local/lib/python3.8/site-packages/airflow/example_dags/example_bash_operator.py
[2025-11-05T15:43:47.201+0000] {logging_mixin.py:188} INFO - [2025-11-05T15:43:47.200+0000] {dag.py:3036} INFO - Sync 1 DAGs
[2025-11-05T15:43:47.229+0000] {logging_mixin.py:188} INFO - [2025-11-05T15:43:47.228+0000] {dag.py:3823} INFO - Setting next_dagrun for example_bash_operator to 2025-11-05 00:00:00+00:00, run_after=2025-11-06 00:00:00+00:00
[2025-11-05T15:43:47.255+0000] {processor.py:183} INFO - Processing /home/airflow/.local/lib/python3.8/site-packages/airflow/example_dags/example_bash_operator.py took 0.114 seconds
[2025-11-05T15:44:17.647+0000] {processor.py:161} INFO - Started process (PID=586) to work on /home/airflow/.local/lib/python3.8/site-packages/airflow/example_dags/example_bash_operator.py
[2025-11-05T15:44:17.654+0000] {processor.py:830} INFO - Processing file /home/airflow/.local/lib/python3.8/site-packages/airflow/example_dags/example_bash_operator.py for tasks to queue
[2025-11-05T15:44:17.658+0000] {logging_mixin.py:188} INFO - [2025-11-05T15:44:17.657+0000] {dagbag.py:538} INFO - Filling up the DagBag from /home/airflow/.local/lib/python3.8/site-packages/airflow/example_dags/example_bash_operator.py
[2025-11-05T15:44:17.686+0000] {processor.py:840} INFO - DAG(s) 'example_bash_operator' retrieved from /home/airflow/.local/lib/python3.8/site-packages/airflow/example_dags/example_bash_operator.py
[2025-11-05T15:44:17.755+0000] {logging_mixin.py:188} INFO - [2025-11-05T15:44:17.755+0000] {dag.py:3036} INFO - Sync 1 DAGs
[2025-11-05T15:44:17.797+0000] {logging_mixin.py:188} INFO - [2025-11-05T15:44:17.796+0000] {dag.py:3823} INFO - Setting next_dagrun for example_bash_operator to 2025-11-05 00:00:00+00:00, run_after=2025-11-06 00:00:00+00:00
[2025-11-05T15:44:17.866+0000] {processor.py:183} INFO - Processing /home/airflow/.local/lib/python3.8/site-packages/airflow/example_dags/example_bash_operator.py took 0.226 seconds
