[2025-11-05T15:35:50.056+0000] {processor.py:161} INFO - Started process (PID=103) to work on /home/airflow/.local/lib/python3.8/site-packages/airflow/example_dags/example_short_circuit_operator.py
[2025-11-05T15:35:50.062+0000] {processor.py:830} INFO - Processing file /home/airflow/.local/lib/python3.8/site-packages/airflow/example_dags/example_short_circuit_operator.py for tasks to queue
[2025-11-05T15:35:50.070+0000] {logging_mixin.py:188} INFO - [2025-11-05T15:35:50.069+0000] {dagbag.py:538} INFO - Filling up the DagBag from /home/airflow/.local/lib/python3.8/site-packages/airflow/example_dags/example_short_circuit_operator.py
[2025-11-05T15:35:50.116+0000] {processor.py:840} INFO - DAG(s) 'example_short_circuit_operator' retrieved from /home/airflow/.local/lib/python3.8/site-packages/airflow/example_dags/example_short_circuit_operator.py
[2025-11-05T15:35:50.842+0000] {logging_mixin.py:188} INFO - [2025-11-05T15:35:50.841+0000] {dag.py:3036} INFO - Sync 1 DAGs
[2025-11-05T15:35:51.030+0000] {logging_mixin.py:188} INFO - [2025-11-05T15:35:51.020+0000] {dag.py:3823} INFO - Setting next_dagrun for example_short_circuit_operator to 2025-11-04 00:00:00+00:00, run_after=2025-11-05 00:00:00+00:00
[2025-11-05T15:35:51.209+0000] {processor.py:183} INFO - Processing /home/airflow/.local/lib/python3.8/site-packages/airflow/example_dags/example_short_circuit_operator.py took 1.166 seconds
[2025-11-05T15:36:21.532+0000] {processor.py:161} INFO - Started process (PID=158) to work on /home/airflow/.local/lib/python3.8/site-packages/airflow/example_dags/example_short_circuit_operator.py
[2025-11-05T15:36:21.534+0000] {processor.py:830} INFO - Processing file /home/airflow/.local/lib/python3.8/site-packages/airflow/example_dags/example_short_circuit_operator.py for tasks to queue
[2025-11-05T15:36:21.539+0000] {logging_mixin.py:188} INFO - [2025-11-05T15:36:21.538+0000] {dagbag.py:538} INFO - Filling up the DagBag from /home/airflow/.local/lib/python3.8/site-packages/airflow/example_dags/example_short_circuit_operator.py
[2025-11-05T15:36:21.553+0000] {processor.py:840} INFO - DAG(s) 'example_short_circuit_operator' retrieved from /home/airflow/.local/lib/python3.8/site-packages/airflow/example_dags/example_short_circuit_operator.py
[2025-11-05T15:36:21.602+0000] {logging_mixin.py:188} INFO - [2025-11-05T15:36:21.601+0000] {dag.py:3036} INFO - Sync 1 DAGs
[2025-11-05T15:36:21.642+0000] {logging_mixin.py:188} INFO - [2025-11-05T15:36:21.642+0000] {dag.py:3823} INFO - Setting next_dagrun for example_short_circuit_operator to 2025-11-04 00:00:00+00:00, run_after=2025-11-05 00:00:00+00:00
[2025-11-05T15:36:21.684+0000] {processor.py:183} INFO - Processing /home/airflow/.local/lib/python3.8/site-packages/airflow/example_dags/example_short_circuit_operator.py took 0.159 seconds
[2025-11-05T15:36:51.922+0000] {processor.py:161} INFO - Started process (PID=213) to work on /home/airflow/.local/lib/python3.8/site-packages/airflow/example_dags/example_short_circuit_operator.py
[2025-11-05T15:36:51.925+0000] {processor.py:830} INFO - Processing file /home/airflow/.local/lib/python3.8/site-packages/airflow/example_dags/example_short_circuit_operator.py for tasks to queue
[2025-11-05T15:36:51.931+0000] {logging_mixin.py:188} INFO - [2025-11-05T15:36:51.930+0000] {dagbag.py:538} INFO - Filling up the DagBag from /home/airflow/.local/lib/python3.8/site-packages/airflow/example_dags/example_short_circuit_operator.py
[2025-11-05T15:36:51.955+0000] {processor.py:840} INFO - DAG(s) 'example_short_circuit_operator' retrieved from /home/airflow/.local/lib/python3.8/site-packages/airflow/example_dags/example_short_circuit_operator.py
[2025-11-05T15:36:52.021+0000] {logging_mixin.py:188} INFO - [2025-11-05T15:36:52.020+0000] {dag.py:3036} INFO - Sync 1 DAGs
[2025-11-05T15:36:52.076+0000] {logging_mixin.py:188} INFO - [2025-11-05T15:36:52.075+0000] {dag.py:3823} INFO - Setting next_dagrun for example_short_circuit_operator to 2025-11-04 00:00:00+00:00, run_after=2025-11-05 00:00:00+00:00
[2025-11-05T15:36:52.124+0000] {processor.py:183} INFO - Processing /home/airflow/.local/lib/python3.8/site-packages/airflow/example_dags/example_short_circuit_operator.py took 0.211 seconds
[2025-11-05T15:37:23.035+0000] {processor.py:161} INFO - Started process (PID=268) to work on /home/airflow/.local/lib/python3.8/site-packages/airflow/example_dags/example_short_circuit_operator.py
[2025-11-05T15:37:23.038+0000] {processor.py:830} INFO - Processing file /home/airflow/.local/lib/python3.8/site-packages/airflow/example_dags/example_short_circuit_operator.py for tasks to queue
[2025-11-05T15:37:23.044+0000] {logging_mixin.py:188} INFO - [2025-11-05T15:37:23.043+0000] {dagbag.py:538} INFO - Filling up the DagBag from /home/airflow/.local/lib/python3.8/site-packages/airflow/example_dags/example_short_circuit_operator.py
[2025-11-05T15:37:23.071+0000] {processor.py:840} INFO - DAG(s) 'example_short_circuit_operator' retrieved from /home/airflow/.local/lib/python3.8/site-packages/airflow/example_dags/example_short_circuit_operator.py
[2025-11-05T15:37:23.149+0000] {logging_mixin.py:188} INFO - [2025-11-05T15:37:23.148+0000] {dag.py:3036} INFO - Sync 1 DAGs
[2025-11-05T15:37:23.226+0000] {logging_mixin.py:188} INFO - [2025-11-05T15:37:23.225+0000] {dag.py:3823} INFO - Setting next_dagrun for example_short_circuit_operator to 2025-11-04 00:00:00+00:00, run_after=2025-11-05 00:00:00+00:00
[2025-11-05T15:37:23.280+0000] {processor.py:183} INFO - Processing /home/airflow/.local/lib/python3.8/site-packages/airflow/example_dags/example_short_circuit_operator.py took 0.254 seconds
[2025-11-05T15:39:53.341+0000] {processor.py:161} INFO - Started process (PID=105) to work on /home/airflow/.local/lib/python3.8/site-packages/airflow/example_dags/example_short_circuit_operator.py
[2025-11-05T15:39:53.353+0000] {processor.py:830} INFO - Processing file /home/airflow/.local/lib/python3.8/site-packages/airflow/example_dags/example_short_circuit_operator.py for tasks to queue
[2025-11-05T15:39:53.361+0000] {logging_mixin.py:188} INFO - [2025-11-05T15:39:53.358+0000] {dagbag.py:538} INFO - Filling up the DagBag from /home/airflow/.local/lib/python3.8/site-packages/airflow/example_dags/example_short_circuit_operator.py
[2025-11-05T15:39:53.410+0000] {processor.py:840} INFO - DAG(s) 'example_short_circuit_operator' retrieved from /home/airflow/.local/lib/python3.8/site-packages/airflow/example_dags/example_short_circuit_operator.py
[2025-11-05T15:39:54.106+0000] {logging_mixin.py:188} INFO - [2025-11-05T15:39:54.106+0000] {dag.py:3036} INFO - Sync 1 DAGs
[2025-11-05T15:39:54.242+0000] {logging_mixin.py:188} INFO - [2025-11-05T15:39:54.241+0000] {dag.py:3823} INFO - Setting next_dagrun for example_short_circuit_operator to 2025-11-04 00:00:00+00:00, run_after=2025-11-05 00:00:00+00:00
[2025-11-05T15:39:54.420+0000] {processor.py:183} INFO - Processing /home/airflow/.local/lib/python3.8/site-packages/airflow/example_dags/example_short_circuit_operator.py took 1.090 seconds
[2025-11-05T15:40:24.716+0000] {processor.py:161} INFO - Started process (PID=159) to work on /home/airflow/.local/lib/python3.8/site-packages/airflow/example_dags/example_short_circuit_operator.py
[2025-11-05T15:40:24.720+0000] {processor.py:830} INFO - Processing file /home/airflow/.local/lib/python3.8/site-packages/airflow/example_dags/example_short_circuit_operator.py for tasks to queue
[2025-11-05T15:40:24.727+0000] {logging_mixin.py:188} INFO - [2025-11-05T15:40:24.726+0000] {dagbag.py:538} INFO - Filling up the DagBag from /home/airflow/.local/lib/python3.8/site-packages/airflow/example_dags/example_short_circuit_operator.py
[2025-11-05T15:40:24.767+0000] {processor.py:840} INFO - DAG(s) 'example_short_circuit_operator' retrieved from /home/airflow/.local/lib/python3.8/site-packages/airflow/example_dags/example_short_circuit_operator.py
[2025-11-05T15:40:24.863+0000] {logging_mixin.py:188} INFO - [2025-11-05T15:40:24.862+0000] {dag.py:3036} INFO - Sync 1 DAGs
[2025-11-05T15:40:24.969+0000] {logging_mixin.py:188} INFO - [2025-11-05T15:40:24.968+0000] {dag.py:3823} INFO - Setting next_dagrun for example_short_circuit_operator to 2025-11-04 00:00:00+00:00, run_after=2025-11-05 00:00:00+00:00
[2025-11-05T15:40:25.061+0000] {processor.py:183} INFO - Processing /home/airflow/.local/lib/python3.8/site-packages/airflow/example_dags/example_short_circuit_operator.py took 0.359 seconds
[2025-11-05T15:40:56.685+0000] {processor.py:161} INFO - Started process (PID=214) to work on /home/airflow/.local/lib/python3.8/site-packages/airflow/example_dags/example_short_circuit_operator.py
[2025-11-05T15:40:56.689+0000] {processor.py:830} INFO - Processing file /home/airflow/.local/lib/python3.8/site-packages/airflow/example_dags/example_short_circuit_operator.py for tasks to queue
[2025-11-05T15:40:56.703+0000] {logging_mixin.py:188} INFO - [2025-11-05T15:40:56.702+0000] {dagbag.py:538} INFO - Filling up the DagBag from /home/airflow/.local/lib/python3.8/site-packages/airflow/example_dags/example_short_circuit_operator.py
[2025-11-05T15:40:56.748+0000] {processor.py:840} INFO - DAG(s) 'example_short_circuit_operator' retrieved from /home/airflow/.local/lib/python3.8/site-packages/airflow/example_dags/example_short_circuit_operator.py
[2025-11-05T15:40:56.893+0000] {logging_mixin.py:188} INFO - [2025-11-05T15:40:56.891+0000] {dag.py:3036} INFO - Sync 1 DAGs
[2025-11-05T15:40:57.059+0000] {logging_mixin.py:188} INFO - [2025-11-05T15:40:57.058+0000] {dag.py:3823} INFO - Setting next_dagrun for example_short_circuit_operator to 2025-11-04 00:00:00+00:00, run_after=2025-11-05 00:00:00+00:00
[2025-11-05T15:40:57.233+0000] {processor.py:183} INFO - Processing /home/airflow/.local/lib/python3.8/site-packages/airflow/example_dags/example_short_circuit_operator.py took 0.568 seconds
[2025-11-05T15:41:28.036+0000] {processor.py:161} INFO - Started process (PID=269) to work on /home/airflow/.local/lib/python3.8/site-packages/airflow/example_dags/example_short_circuit_operator.py
[2025-11-05T15:41:28.039+0000] {processor.py:830} INFO - Processing file /home/airflow/.local/lib/python3.8/site-packages/airflow/example_dags/example_short_circuit_operator.py for tasks to queue
[2025-11-05T15:41:28.046+0000] {logging_mixin.py:188} INFO - [2025-11-05T15:41:28.045+0000] {dagbag.py:538} INFO - Filling up the DagBag from /home/airflow/.local/lib/python3.8/site-packages/airflow/example_dags/example_short_circuit_operator.py
[2025-11-05T15:41:28.095+0000] {processor.py:840} INFO - DAG(s) 'example_short_circuit_operator' retrieved from /home/airflow/.local/lib/python3.8/site-packages/airflow/example_dags/example_short_circuit_operator.py
[2025-11-05T15:41:28.251+0000] {logging_mixin.py:188} INFO - [2025-11-05T15:41:28.250+0000] {dag.py:3036} INFO - Sync 1 DAGs
[2025-11-05T15:41:28.444+0000] {logging_mixin.py:188} INFO - [2025-11-05T15:41:28.443+0000] {dag.py:3823} INFO - Setting next_dagrun for example_short_circuit_operator to 2025-11-04 00:00:00+00:00, run_after=2025-11-05 00:00:00+00:00
[2025-11-05T15:41:28.537+0000] {processor.py:183} INFO - Processing /home/airflow/.local/lib/python3.8/site-packages/airflow/example_dags/example_short_circuit_operator.py took 0.531 seconds
[2025-11-05T15:41:58.916+0000] {processor.py:161} INFO - Started process (PID=325) to work on /home/airflow/.local/lib/python3.8/site-packages/airflow/example_dags/example_short_circuit_operator.py
[2025-11-05T15:41:58.919+0000] {processor.py:830} INFO - Processing file /home/airflow/.local/lib/python3.8/site-packages/airflow/example_dags/example_short_circuit_operator.py for tasks to queue
[2025-11-05T15:41:58.926+0000] {logging_mixin.py:188} INFO - [2025-11-05T15:41:58.925+0000] {dagbag.py:538} INFO - Filling up the DagBag from /home/airflow/.local/lib/python3.8/site-packages/airflow/example_dags/example_short_circuit_operator.py
[2025-11-05T15:41:58.949+0000] {processor.py:840} INFO - DAG(s) 'example_short_circuit_operator' retrieved from /home/airflow/.local/lib/python3.8/site-packages/airflow/example_dags/example_short_circuit_operator.py
[2025-11-05T15:41:59.003+0000] {logging_mixin.py:188} INFO - [2025-11-05T15:41:59.002+0000] {dag.py:3036} INFO - Sync 1 DAGs
[2025-11-05T15:41:59.070+0000] {logging_mixin.py:188} INFO - [2025-11-05T15:41:59.069+0000] {dag.py:3823} INFO - Setting next_dagrun for example_short_circuit_operator to 2025-11-04 00:00:00+00:00, run_after=2025-11-05 00:00:00+00:00
[2025-11-05T15:41:59.137+0000] {processor.py:183} INFO - Processing /home/airflow/.local/lib/python3.8/site-packages/airflow/example_dags/example_short_circuit_operator.py took 0.228 seconds
[2025-11-05T15:42:29.275+0000] {processor.py:161} INFO - Started process (PID=379) to work on /home/airflow/.local/lib/python3.8/site-packages/airflow/example_dags/example_short_circuit_operator.py
[2025-11-05T15:42:29.277+0000] {processor.py:830} INFO - Processing file /home/airflow/.local/lib/python3.8/site-packages/airflow/example_dags/example_short_circuit_operator.py for tasks to queue
[2025-11-05T15:42:29.279+0000] {logging_mixin.py:188} INFO - [2025-11-05T15:42:29.279+0000] {dagbag.py:538} INFO - Filling up the DagBag from /home/airflow/.local/lib/python3.8/site-packages/airflow/example_dags/example_short_circuit_operator.py
[2025-11-05T15:42:29.288+0000] {processor.py:840} INFO - DAG(s) 'example_short_circuit_operator' retrieved from /home/airflow/.local/lib/python3.8/site-packages/airflow/example_dags/example_short_circuit_operator.py
[2025-11-05T15:42:29.320+0000] {logging_mixin.py:188} INFO - [2025-11-05T15:42:29.320+0000] {dag.py:3036} INFO - Sync 1 DAGs
[2025-11-05T15:42:29.348+0000] {logging_mixin.py:188} INFO - [2025-11-05T15:42:29.348+0000] {dag.py:3823} INFO - Setting next_dagrun for example_short_circuit_operator to 2025-11-04 00:00:00+00:00, run_after=2025-11-05 00:00:00+00:00
[2025-11-05T15:42:29.381+0000] {processor.py:183} INFO - Processing /home/airflow/.local/lib/python3.8/site-packages/airflow/example_dags/example_short_circuit_operator.py took 0.110 seconds
[2025-11-05T15:42:59.809+0000] {processor.py:161} INFO - Started process (PID=441) to work on /home/airflow/.local/lib/python3.8/site-packages/airflow/example_dags/example_short_circuit_operator.py
[2025-11-05T15:42:59.815+0000] {processor.py:830} INFO - Processing file /home/airflow/.local/lib/python3.8/site-packages/airflow/example_dags/example_short_circuit_operator.py for tasks to queue
[2025-11-05T15:42:59.823+0000] {logging_mixin.py:188} INFO - [2025-11-05T15:42:59.822+0000] {dagbag.py:538} INFO - Filling up the DagBag from /home/airflow/.local/lib/python3.8/site-packages/airflow/example_dags/example_short_circuit_operator.py
[2025-11-05T15:42:59.848+0000] {processor.py:840} INFO - DAG(s) 'example_short_circuit_operator' retrieved from /home/airflow/.local/lib/python3.8/site-packages/airflow/example_dags/example_short_circuit_operator.py
[2025-11-05T15:42:59.961+0000] {logging_mixin.py:188} INFO - [2025-11-05T15:42:59.961+0000] {dag.py:3036} INFO - Sync 1 DAGs
[2025-11-05T15:43:00.092+0000] {logging_mixin.py:188} INFO - [2025-11-05T15:43:00.091+0000] {dag.py:3823} INFO - Setting next_dagrun for example_short_circuit_operator to 2025-11-04 00:00:00+00:00, run_after=2025-11-05 00:00:00+00:00
[2025-11-05T15:43:00.233+0000] {processor.py:183} INFO - Processing /home/airflow/.local/lib/python3.8/site-packages/airflow/example_dags/example_short_circuit_operator.py took 0.435 seconds
[2025-11-05T15:43:30.869+0000] {processor.py:161} INFO - Started process (PID=496) to work on /home/airflow/.local/lib/python3.8/site-packages/airflow/example_dags/example_short_circuit_operator.py
[2025-11-05T15:43:30.874+0000] {processor.py:830} INFO - Processing file /home/airflow/.local/lib/python3.8/site-packages/airflow/example_dags/example_short_circuit_operator.py for tasks to queue
[2025-11-05T15:43:30.882+0000] {logging_mixin.py:188} INFO - [2025-11-05T15:43:30.881+0000] {dagbag.py:538} INFO - Filling up the DagBag from /home/airflow/.local/lib/python3.8/site-packages/airflow/example_dags/example_short_circuit_operator.py
[2025-11-05T15:43:30.931+0000] {processor.py:840} INFO - DAG(s) 'example_short_circuit_operator' retrieved from /home/airflow/.local/lib/python3.8/site-packages/airflow/example_dags/example_short_circuit_operator.py
[2025-11-05T15:43:31.080+0000] {logging_mixin.py:188} INFO - [2025-11-05T15:43:31.079+0000] {dag.py:3036} INFO - Sync 1 DAGs
[2025-11-05T15:43:31.263+0000] {logging_mixin.py:188} INFO - [2025-11-05T15:43:31.263+0000] {dag.py:3823} INFO - Setting next_dagrun for example_short_circuit_operator to 2025-11-04 00:00:00+00:00, run_after=2025-11-05 00:00:00+00:00
[2025-11-05T15:43:31.366+0000] {processor.py:183} INFO - Processing /home/airflow/.local/lib/python3.8/site-packages/airflow/example_dags/example_short_circuit_operator.py took 0.518 seconds
[2025-11-05T15:44:01.964+0000] {processor.py:161} INFO - Started process (PID=550) to work on /home/airflow/.local/lib/python3.8/site-packages/airflow/example_dags/example_short_circuit_operator.py
[2025-11-05T15:44:01.968+0000] {processor.py:830} INFO - Processing file /home/airflow/.local/lib/python3.8/site-packages/airflow/example_dags/example_short_circuit_operator.py for tasks to queue
[2025-11-05T15:44:01.975+0000] {logging_mixin.py:188} INFO - [2025-11-05T15:44:01.974+0000] {dagbag.py:538} INFO - Filling up the DagBag from /home/airflow/.local/lib/python3.8/site-packages/airflow/example_dags/example_short_circuit_operator.py
[2025-11-05T15:44:02.028+0000] {processor.py:840} INFO - DAG(s) 'example_short_circuit_operator' retrieved from /home/airflow/.local/lib/python3.8/site-packages/airflow/example_dags/example_short_circuit_operator.py
[2025-11-05T15:44:02.221+0000] {logging_mixin.py:188} INFO - [2025-11-05T15:44:02.220+0000] {dag.py:3036} INFO - Sync 1 DAGs
[2025-11-05T15:44:02.415+0000] {logging_mixin.py:188} INFO - [2025-11-05T15:44:02.414+0000] {dag.py:3823} INFO - Setting next_dagrun for example_short_circuit_operator to 2025-11-04 00:00:00+00:00, run_after=2025-11-05 00:00:00+00:00
[2025-11-05T15:44:02.591+0000] {processor.py:183} INFO - Processing /home/airflow/.local/lib/python3.8/site-packages/airflow/example_dags/example_short_circuit_operator.py took 0.646 seconds
[2025-11-05T15:44:32.791+0000] {processor.py:161} INFO - Started process (PID=606) to work on /home/airflow/.local/lib/python3.8/site-packages/airflow/example_dags/example_short_circuit_operator.py
[2025-11-05T15:44:32.794+0000] {processor.py:830} INFO - Processing file /home/airflow/.local/lib/python3.8/site-packages/airflow/example_dags/example_short_circuit_operator.py for tasks to queue
[2025-11-05T15:44:32.799+0000] {logging_mixin.py:188} INFO - [2025-11-05T15:44:32.798+0000] {dagbag.py:538} INFO - Filling up the DagBag from /home/airflow/.local/lib/python3.8/site-packages/airflow/example_dags/example_short_circuit_operator.py
[2025-11-05T15:44:32.817+0000] {processor.py:840} INFO - DAG(s) 'example_short_circuit_operator' retrieved from /home/airflow/.local/lib/python3.8/site-packages/airflow/example_dags/example_short_circuit_operator.py
[2025-11-05T15:44:32.875+0000] {logging_mixin.py:188} INFO - [2025-11-05T15:44:32.874+0000] {dag.py:3036} INFO - Sync 1 DAGs
[2025-11-05T15:44:32.943+0000] {logging_mixin.py:188} INFO - [2025-11-05T15:44:32.942+0000] {dag.py:3823} INFO - Setting next_dagrun for example_short_circuit_operator to 2025-11-04 00:00:00+00:00, run_after=2025-11-05 00:00:00+00:00
[2025-11-05T15:44:33.006+0000] {processor.py:183} INFO - Processing /home/airflow/.local/lib/python3.8/site-packages/airflow/example_dags/example_short_circuit_operator.py took 0.224 seconds
