[2025-11-05T15:35:45.955+0000] {processor.py:161} INFO - Started process (PID=92) to work on /home/airflow/.local/lib/python3.8/site-packages/airflow/example_dags/tutorial.py
[2025-11-05T15:35:45.957+0000] {processor.py:830} INFO - Processing file /home/airflow/.local/lib/python3.8/site-packages/airflow/example_dags/tutorial.py for tasks to queue
[2025-11-05T15:35:45.962+0000] {logging_mixin.py:188} INFO - [2025-11-05T15:35:45.961+0000] {dagbag.py:538} INFO - Filling up the DagBag from /home/airflow/.local/lib/python3.8/site-packages/airflow/example_dags/tutorial.py
[2025-11-05T15:35:45.978+0000] {processor.py:840} INFO - DAG(s) 'tutorial' retrieved from /home/airflow/.local/lib/python3.8/site-packages/airflow/example_dags/tutorial.py
[2025-11-05T15:35:46.246+0000] {logging_mixin.py:188} INFO - [2025-11-05T15:35:46.245+0000] {dag.py:3036} INFO - Sync 1 DAGs
[2025-11-05T15:35:46.292+0000] {logging_mixin.py:188} INFO - [2025-11-05T15:35:46.291+0000] {dag.py:3823} INFO - Setting next_dagrun for tutorial to 2025-11-04 00:00:00+00:00, run_after=2025-11-05 00:00:00+00:00
[2025-11-05T15:35:46.350+0000] {processor.py:183} INFO - Processing /home/airflow/.local/lib/python3.8/site-packages/airflow/example_dags/tutorial.py took 0.405 seconds
[2025-11-05T15:36:17.776+0000] {processor.py:161} INFO - Started process (PID=147) to work on /home/airflow/.local/lib/python3.8/site-packages/airflow/example_dags/tutorial.py
[2025-11-05T15:36:17.779+0000] {processor.py:830} INFO - Processing file /home/airflow/.local/lib/python3.8/site-packages/airflow/example_dags/tutorial.py for tasks to queue
[2025-11-05T15:36:17.787+0000] {logging_mixin.py:188} INFO - [2025-11-05T15:36:17.786+0000] {dagbag.py:538} INFO - Filling up the DagBag from /home/airflow/.local/lib/python3.8/site-packages/airflow/example_dags/tutorial.py
[2025-11-05T15:36:17.809+0000] {processor.py:840} INFO - DAG(s) 'tutorial' retrieved from /home/airflow/.local/lib/python3.8/site-packages/airflow/example_dags/tutorial.py
[2025-11-05T15:36:17.892+0000] {logging_mixin.py:188} INFO - [2025-11-05T15:36:17.891+0000] {dag.py:3036} INFO - Sync 1 DAGs
[2025-11-05T15:36:17.986+0000] {logging_mixin.py:188} INFO - [2025-11-05T15:36:17.986+0000] {dag.py:3823} INFO - Setting next_dagrun for tutorial to 2025-11-04 00:00:00+00:00, run_after=2025-11-05 00:00:00+00:00
[2025-11-05T15:36:18.074+0000] {processor.py:183} INFO - Processing /home/airflow/.local/lib/python3.8/site-packages/airflow/example_dags/tutorial.py took 0.313 seconds
[2025-11-05T15:36:48.422+0000] {processor.py:161} INFO - Started process (PID=202) to work on /home/airflow/.local/lib/python3.8/site-packages/airflow/example_dags/tutorial.py
[2025-11-05T15:36:48.425+0000] {processor.py:830} INFO - Processing file /home/airflow/.local/lib/python3.8/site-packages/airflow/example_dags/tutorial.py for tasks to queue
[2025-11-05T15:36:48.434+0000] {logging_mixin.py:188} INFO - [2025-11-05T15:36:48.434+0000] {dagbag.py:538} INFO - Filling up the DagBag from /home/airflow/.local/lib/python3.8/site-packages/airflow/example_dags/tutorial.py
[2025-11-05T15:36:48.457+0000] {processor.py:840} INFO - DAG(s) 'tutorial' retrieved from /home/airflow/.local/lib/python3.8/site-packages/airflow/example_dags/tutorial.py
[2025-11-05T15:36:48.520+0000] {logging_mixin.py:188} INFO - [2025-11-05T15:36:48.519+0000] {dag.py:3036} INFO - Sync 1 DAGs
[2025-11-05T15:36:48.678+0000] {logging_mixin.py:188} INFO - [2025-11-05T15:36:48.677+0000] {dag.py:3823} INFO - Setting next_dagrun for tutorial to 2025-11-04 00:00:00+00:00, run_after=2025-11-05 00:00:00+00:00
[2025-11-05T15:36:48.832+0000] {processor.py:183} INFO - Processing /home/airflow/.local/lib/python3.8/site-packages/airflow/example_dags/tutorial.py took 0.424 seconds
[2025-11-05T15:37:20.434+0000] {processor.py:161} INFO - Started process (PID=257) to work on /home/airflow/.local/lib/python3.8/site-packages/airflow/example_dags/tutorial.py
[2025-11-05T15:37:20.437+0000] {processor.py:830} INFO - Processing file /home/airflow/.local/lib/python3.8/site-packages/airflow/example_dags/tutorial.py for tasks to queue
[2025-11-05T15:37:20.446+0000] {logging_mixin.py:188} INFO - [2025-11-05T15:37:20.444+0000] {dagbag.py:538} INFO - Filling up the DagBag from /home/airflow/.local/lib/python3.8/site-packages/airflow/example_dags/tutorial.py
[2025-11-05T15:37:20.467+0000] {processor.py:840} INFO - DAG(s) 'tutorial' retrieved from /home/airflow/.local/lib/python3.8/site-packages/airflow/example_dags/tutorial.py
[2025-11-05T15:37:20.531+0000] {logging_mixin.py:188} INFO - [2025-11-05T15:37:20.530+0000] {dag.py:3036} INFO - Sync 1 DAGs
[2025-11-05T15:37:20.605+0000] {logging_mixin.py:188} INFO - [2025-11-05T15:37:20.604+0000] {dag.py:3823} INFO - Setting next_dagrun for tutorial to 2025-11-04 00:00:00+00:00, run_after=2025-11-05 00:00:00+00:00
[2025-11-05T15:37:20.664+0000] {processor.py:183} INFO - Processing /home/airflow/.local/lib/python3.8/site-packages/airflow/example_dags/tutorial.py took 0.242 seconds
[2025-11-05T15:39:44.999+0000] {processor.py:161} INFO - Started process (PID=94) to work on /home/airflow/.local/lib/python3.8/site-packages/airflow/example_dags/tutorial.py
[2025-11-05T15:39:45.003+0000] {processor.py:830} INFO - Processing file /home/airflow/.local/lib/python3.8/site-packages/airflow/example_dags/tutorial.py for tasks to queue
[2025-11-05T15:39:45.030+0000] {logging_mixin.py:188} INFO - [2025-11-05T15:39:45.029+0000] {dagbag.py:538} INFO - Filling up the DagBag from /home/airflow/.local/lib/python3.8/site-packages/airflow/example_dags/tutorial.py
[2025-11-05T15:39:45.080+0000] {processor.py:840} INFO - DAG(s) 'tutorial' retrieved from /home/airflow/.local/lib/python3.8/site-packages/airflow/example_dags/tutorial.py
[2025-11-05T15:39:45.644+0000] {logging_mixin.py:188} INFO - [2025-11-05T15:39:45.643+0000] {dag.py:3036} INFO - Sync 1 DAGs
[2025-11-05T15:39:45.765+0000] {logging_mixin.py:188} INFO - [2025-11-05T15:39:45.764+0000] {dag.py:3823} INFO - Setting next_dagrun for tutorial to 2025-11-04 00:00:00+00:00, run_after=2025-11-05 00:00:00+00:00
[2025-11-05T15:39:45.872+0000] {processor.py:183} INFO - Processing /home/airflow/.local/lib/python3.8/site-packages/airflow/example_dags/tutorial.py took 0.904 seconds
[2025-11-05T15:40:16.585+0000] {processor.py:161} INFO - Started process (PID=148) to work on /home/airflow/.local/lib/python3.8/site-packages/airflow/example_dags/tutorial.py
[2025-11-05T15:40:16.587+0000] {processor.py:830} INFO - Processing file /home/airflow/.local/lib/python3.8/site-packages/airflow/example_dags/tutorial.py for tasks to queue
[2025-11-05T15:40:16.591+0000] {logging_mixin.py:188} INFO - [2025-11-05T15:40:16.590+0000] {dagbag.py:538} INFO - Filling up the DagBag from /home/airflow/.local/lib/python3.8/site-packages/airflow/example_dags/tutorial.py
[2025-11-05T15:40:16.602+0000] {processor.py:840} INFO - DAG(s) 'tutorial' retrieved from /home/airflow/.local/lib/python3.8/site-packages/airflow/example_dags/tutorial.py
[2025-11-05T15:40:16.646+0000] {logging_mixin.py:188} INFO - [2025-11-05T15:40:16.645+0000] {dag.py:3036} INFO - Sync 1 DAGs
[2025-11-05T15:40:16.702+0000] {logging_mixin.py:188} INFO - [2025-11-05T15:40:16.702+0000] {dag.py:3823} INFO - Setting next_dagrun for tutorial to 2025-11-04 00:00:00+00:00, run_after=2025-11-05 00:00:00+00:00
[2025-11-05T15:40:16.751+0000] {processor.py:183} INFO - Processing /home/airflow/.local/lib/python3.8/site-packages/airflow/example_dags/tutorial.py took 0.173 seconds
[2025-11-05T15:40:47.300+0000] {processor.py:161} INFO - Started process (PID=203) to work on /home/airflow/.local/lib/python3.8/site-packages/airflow/example_dags/tutorial.py
[2025-11-05T15:40:47.302+0000] {processor.py:830} INFO - Processing file /home/airflow/.local/lib/python3.8/site-packages/airflow/example_dags/tutorial.py for tasks to queue
[2025-11-05T15:40:47.304+0000] {logging_mixin.py:188} INFO - [2025-11-05T15:40:47.304+0000] {dagbag.py:538} INFO - Filling up the DagBag from /home/airflow/.local/lib/python3.8/site-packages/airflow/example_dags/tutorial.py
[2025-11-05T15:40:47.311+0000] {processor.py:840} INFO - DAG(s) 'tutorial' retrieved from /home/airflow/.local/lib/python3.8/site-packages/airflow/example_dags/tutorial.py
[2025-11-05T15:40:47.341+0000] {logging_mixin.py:188} INFO - [2025-11-05T15:40:47.340+0000] {dag.py:3036} INFO - Sync 1 DAGs
[2025-11-05T15:40:47.374+0000] {logging_mixin.py:188} INFO - [2025-11-05T15:40:47.374+0000] {dag.py:3823} INFO - Setting next_dagrun for tutorial to 2025-11-04 00:00:00+00:00, run_after=2025-11-05 00:00:00+00:00
[2025-11-05T15:40:47.405+0000] {processor.py:183} INFO - Processing /home/airflow/.local/lib/python3.8/site-packages/airflow/example_dags/tutorial.py took 0.109 seconds
[2025-11-05T15:41:17.556+0000] {processor.py:161} INFO - Started process (PID=258) to work on /home/airflow/.local/lib/python3.8/site-packages/airflow/example_dags/tutorial.py
[2025-11-05T15:41:17.574+0000] {processor.py:830} INFO - Processing file /home/airflow/.local/lib/python3.8/site-packages/airflow/example_dags/tutorial.py for tasks to queue
[2025-11-05T15:41:17.581+0000] {logging_mixin.py:188} INFO - [2025-11-05T15:41:17.580+0000] {dagbag.py:538} INFO - Filling up the DagBag from /home/airflow/.local/lib/python3.8/site-packages/airflow/example_dags/tutorial.py
[2025-11-05T15:41:17.606+0000] {processor.py:840} INFO - DAG(s) 'tutorial' retrieved from /home/airflow/.local/lib/python3.8/site-packages/airflow/example_dags/tutorial.py
[2025-11-05T15:41:17.699+0000] {logging_mixin.py:188} INFO - [2025-11-05T15:41:17.699+0000] {dag.py:3036} INFO - Sync 1 DAGs
[2025-11-05T15:41:17.821+0000] {logging_mixin.py:188} INFO - [2025-11-05T15:41:17.821+0000] {dag.py:3823} INFO - Setting next_dagrun for tutorial to 2025-11-04 00:00:00+00:00, run_after=2025-11-05 00:00:00+00:00
[2025-11-05T15:41:17.922+0000] {processor.py:183} INFO - Processing /home/airflow/.local/lib/python3.8/site-packages/airflow/example_dags/tutorial.py took 0.388 seconds
[2025-11-05T15:41:48.461+0000] {processor.py:161} INFO - Started process (PID=314) to work on /home/airflow/.local/lib/python3.8/site-packages/airflow/example_dags/tutorial.py
[2025-11-05T15:41:48.464+0000] {processor.py:830} INFO - Processing file /home/airflow/.local/lib/python3.8/site-packages/airflow/example_dags/tutorial.py for tasks to queue
[2025-11-05T15:41:48.481+0000] {logging_mixin.py:188} INFO - [2025-11-05T15:41:48.480+0000] {dagbag.py:538} INFO - Filling up the DagBag from /home/airflow/.local/lib/python3.8/site-packages/airflow/example_dags/tutorial.py
[2025-11-05T15:41:48.536+0000] {processor.py:840} INFO - DAG(s) 'tutorial' retrieved from /home/airflow/.local/lib/python3.8/site-packages/airflow/example_dags/tutorial.py
[2025-11-05T15:41:48.629+0000] {logging_mixin.py:188} INFO - [2025-11-05T15:41:48.629+0000] {dag.py:3036} INFO - Sync 1 DAGs
[2025-11-05T15:41:48.744+0000] {logging_mixin.py:188} INFO - [2025-11-05T15:41:48.743+0000] {dag.py:3823} INFO - Setting next_dagrun for tutorial to 2025-11-04 00:00:00+00:00, run_after=2025-11-05 00:00:00+00:00
[2025-11-05T15:41:48.829+0000] {processor.py:183} INFO - Processing /home/airflow/.local/lib/python3.8/site-packages/airflow/example_dags/tutorial.py took 0.389 seconds
[2025-11-05T15:42:19.030+0000] {processor.py:161} INFO - Started process (PID=368) to work on /home/airflow/.local/lib/python3.8/site-packages/airflow/example_dags/tutorial.py
[2025-11-05T15:42:19.032+0000] {processor.py:830} INFO - Processing file /home/airflow/.local/lib/python3.8/site-packages/airflow/example_dags/tutorial.py for tasks to queue
[2025-11-05T15:42:19.044+0000] {logging_mixin.py:188} INFO - [2025-11-05T15:42:19.043+0000] {dagbag.py:538} INFO - Filling up the DagBag from /home/airflow/.local/lib/python3.8/site-packages/airflow/example_dags/tutorial.py
[2025-11-05T15:42:19.076+0000] {processor.py:840} INFO - DAG(s) 'tutorial' retrieved from /home/airflow/.local/lib/python3.8/site-packages/airflow/example_dags/tutorial.py
[2025-11-05T15:42:19.148+0000] {logging_mixin.py:188} INFO - [2025-11-05T15:42:19.147+0000] {dag.py:3036} INFO - Sync 1 DAGs
[2025-11-05T15:42:19.208+0000] {logging_mixin.py:188} INFO - [2025-11-05T15:42:19.208+0000] {dag.py:3823} INFO - Setting next_dagrun for tutorial to 2025-11-04 00:00:00+00:00, run_after=2025-11-05 00:00:00+00:00
[2025-11-05T15:42:19.259+0000] {processor.py:183} INFO - Processing /home/airflow/.local/lib/python3.8/site-packages/airflow/example_dags/tutorial.py took 0.235 seconds
[2025-11-05T15:42:50.077+0000] {processor.py:161} INFO - Started process (PID=430) to work on /home/airflow/.local/lib/python3.8/site-packages/airflow/example_dags/tutorial.py
[2025-11-05T15:42:50.085+0000] {processor.py:830} INFO - Processing file /home/airflow/.local/lib/python3.8/site-packages/airflow/example_dags/tutorial.py for tasks to queue
[2025-11-05T15:42:50.103+0000] {logging_mixin.py:188} INFO - [2025-11-05T15:42:50.102+0000] {dagbag.py:538} INFO - Filling up the DagBag from /home/airflow/.local/lib/python3.8/site-packages/airflow/example_dags/tutorial.py
[2025-11-05T15:42:50.167+0000] {processor.py:840} INFO - DAG(s) 'tutorial' retrieved from /home/airflow/.local/lib/python3.8/site-packages/airflow/example_dags/tutorial.py
[2025-11-05T15:42:50.358+0000] {logging_mixin.py:188} INFO - [2025-11-05T15:42:50.357+0000] {dag.py:3036} INFO - Sync 1 DAGs
[2025-11-05T15:42:50.563+0000] {logging_mixin.py:188} INFO - [2025-11-05T15:42:50.562+0000] {dag.py:3823} INFO - Setting next_dagrun for tutorial to 2025-11-04 00:00:00+00:00, run_after=2025-11-05 00:00:00+00:00
[2025-11-05T15:42:50.740+0000] {processor.py:183} INFO - Processing /home/airflow/.local/lib/python3.8/site-packages/airflow/example_dags/tutorial.py took 0.718 seconds
[2025-11-05T15:43:21.042+0000] {processor.py:161} INFO - Started process (PID=485) to work on /home/airflow/.local/lib/python3.8/site-packages/airflow/example_dags/tutorial.py
[2025-11-05T15:43:21.045+0000] {processor.py:830} INFO - Processing file /home/airflow/.local/lib/python3.8/site-packages/airflow/example_dags/tutorial.py for tasks to queue
[2025-11-05T15:43:21.052+0000] {logging_mixin.py:188} INFO - [2025-11-05T15:43:21.050+0000] {dagbag.py:538} INFO - Filling up the DagBag from /home/airflow/.local/lib/python3.8/site-packages/airflow/example_dags/tutorial.py
[2025-11-05T15:43:21.085+0000] {processor.py:840} INFO - DAG(s) 'tutorial' retrieved from /home/airflow/.local/lib/python3.8/site-packages/airflow/example_dags/tutorial.py
[2025-11-05T15:43:21.164+0000] {logging_mixin.py:188} INFO - [2025-11-05T15:43:21.163+0000] {dag.py:3036} INFO - Sync 1 DAGs
[2025-11-05T15:43:21.253+0000] {logging_mixin.py:188} INFO - [2025-11-05T15:43:21.253+0000] {dag.py:3823} INFO - Setting next_dagrun for tutorial to 2025-11-04 00:00:00+00:00, run_after=2025-11-05 00:00:00+00:00
[2025-11-05T15:43:21.354+0000] {processor.py:183} INFO - Processing /home/airflow/.local/lib/python3.8/site-packages/airflow/example_dags/tutorial.py took 0.332 seconds
[2025-11-05T15:43:52.203+0000] {processor.py:161} INFO - Started process (PID=540) to work on /home/airflow/.local/lib/python3.8/site-packages/airflow/example_dags/tutorial.py
[2025-11-05T15:43:52.206+0000] {processor.py:830} INFO - Processing file /home/airflow/.local/lib/python3.8/site-packages/airflow/example_dags/tutorial.py for tasks to queue
[2025-11-05T15:43:52.219+0000] {logging_mixin.py:188} INFO - [2025-11-05T15:43:52.218+0000] {dagbag.py:538} INFO - Filling up the DagBag from /home/airflow/.local/lib/python3.8/site-packages/airflow/example_dags/tutorial.py
[2025-11-05T15:43:52.246+0000] {processor.py:840} INFO - DAG(s) 'tutorial' retrieved from /home/airflow/.local/lib/python3.8/site-packages/airflow/example_dags/tutorial.py
[2025-11-05T15:43:52.328+0000] {logging_mixin.py:188} INFO - [2025-11-05T15:43:52.327+0000] {dag.py:3036} INFO - Sync 1 DAGs
[2025-11-05T15:43:52.427+0000] {logging_mixin.py:188} INFO - [2025-11-05T15:43:52.427+0000] {dag.py:3823} INFO - Setting next_dagrun for tutorial to 2025-11-04 00:00:00+00:00, run_after=2025-11-05 00:00:00+00:00
[2025-11-05T15:43:52.523+0000] {processor.py:183} INFO - Processing /home/airflow/.local/lib/python3.8/site-packages/airflow/example_dags/tutorial.py took 0.332 seconds
[2025-11-05T15:44:22.878+0000] {processor.py:161} INFO - Started process (PID=595) to work on /home/airflow/.local/lib/python3.8/site-packages/airflow/example_dags/tutorial.py
[2025-11-05T15:44:22.880+0000] {processor.py:830} INFO - Processing file /home/airflow/.local/lib/python3.8/site-packages/airflow/example_dags/tutorial.py for tasks to queue
[2025-11-05T15:44:22.884+0000] {logging_mixin.py:188} INFO - [2025-11-05T15:44:22.883+0000] {dagbag.py:538} INFO - Filling up the DagBag from /home/airflow/.local/lib/python3.8/site-packages/airflow/example_dags/tutorial.py
[2025-11-05T15:44:22.894+0000] {processor.py:840} INFO - DAG(s) 'tutorial' retrieved from /home/airflow/.local/lib/python3.8/site-packages/airflow/example_dags/tutorial.py
[2025-11-05T15:44:22.928+0000] {logging_mixin.py:188} INFO - [2025-11-05T15:44:22.928+0000] {dag.py:3036} INFO - Sync 1 DAGs
[2025-11-05T15:44:22.964+0000] {logging_mixin.py:188} INFO - [2025-11-05T15:44:22.964+0000] {dag.py:3823} INFO - Setting next_dagrun for tutorial to 2025-11-04 00:00:00+00:00, run_after=2025-11-05 00:00:00+00:00
[2025-11-05T15:44:23.020+0000] {processor.py:183} INFO - Processing /home/airflow/.local/lib/python3.8/site-packages/airflow/example_dags/tutorial.py took 0.149 seconds
