[2025-11-05T15:35:56.679+0000] {processor.py:161} INFO - Started process (PID=117) to work on /home/airflow/.local/lib/python3.8/site-packages/airflow/example_dags/tutorial_objectstorage.py
[2025-11-05T15:35:56.681+0000] {processor.py:830} INFO - Processing file /home/airflow/.local/lib/python3.8/site-packages/airflow/example_dags/tutorial_objectstorage.py for tasks to queue
[2025-11-05T15:35:56.685+0000] {logging_mixin.py:188} INFO - [2025-11-05T15:35:56.685+0000] {dagbag.py:538} INFO - Filling up the DagBag from /home/airflow/.local/lib/python3.8/site-packages/airflow/example_dags/tutorial_objectstorage.py
[2025-11-05T15:35:56.763+0000] {processor.py:840} INFO - DAG(s) 'tutorial_objectstorage' retrieved from /home/airflow/.local/lib/python3.8/site-packages/airflow/example_dags/tutorial_objectstorage.py
[2025-11-05T15:35:57.006+0000] {logging_mixin.py:188} INFO - [2025-11-05T15:35:57.005+0000] {dag.py:3036} INFO - Sync 1 DAGs
[2025-11-05T15:35:57.033+0000] {logging_mixin.py:188} INFO - [2025-11-05T15:35:57.032+0000] {dag.py:3823} INFO - Setting next_dagrun for tutorial_objectstorage to None, run_after=None
[2025-11-05T15:35:57.097+0000] {processor.py:183} INFO - Processing /home/airflow/.local/lib/python3.8/site-packages/airflow/example_dags/tutorial_objectstorage.py took 0.368 seconds
[2025-11-05T15:36:27.858+0000] {processor.py:161} INFO - Started process (PID=172) to work on /home/airflow/.local/lib/python3.8/site-packages/airflow/example_dags/tutorial_objectstorage.py
[2025-11-05T15:36:27.860+0000] {processor.py:830} INFO - Processing file /home/airflow/.local/lib/python3.8/site-packages/airflow/example_dags/tutorial_objectstorage.py for tasks to queue
[2025-11-05T15:36:27.862+0000] {logging_mixin.py:188} INFO - [2025-11-05T15:36:27.862+0000] {dagbag.py:538} INFO - Filling up the DagBag from /home/airflow/.local/lib/python3.8/site-packages/airflow/example_dags/tutorial_objectstorage.py
[2025-11-05T15:36:27.871+0000] {processor.py:840} INFO - DAG(s) 'tutorial_objectstorage' retrieved from /home/airflow/.local/lib/python3.8/site-packages/airflow/example_dags/tutorial_objectstorage.py
[2025-11-05T15:36:27.896+0000] {logging_mixin.py:188} INFO - [2025-11-05T15:36:27.895+0000] {dag.py:3036} INFO - Sync 1 DAGs
[2025-11-05T15:36:27.910+0000] {logging_mixin.py:188} INFO - [2025-11-05T15:36:27.910+0000] {dag.py:3823} INFO - Setting next_dagrun for tutorial_objectstorage to None, run_after=None
[2025-11-05T15:36:27.937+0000] {processor.py:183} INFO - Processing /home/airflow/.local/lib/python3.8/site-packages/airflow/example_dags/tutorial_objectstorage.py took 0.083 seconds
[2025-11-05T15:37:01.348+0000] {processor.py:161} INFO - Started process (PID=233) to work on /home/airflow/.local/lib/python3.8/site-packages/airflow/example_dags/tutorial_objectstorage.py
[2025-11-05T15:37:01.351+0000] {processor.py:830} INFO - Processing file /home/airflow/.local/lib/python3.8/site-packages/airflow/example_dags/tutorial_objectstorage.py for tasks to queue
[2025-11-05T15:37:01.366+0000] {logging_mixin.py:188} INFO - [2025-11-05T15:37:01.364+0000] {dagbag.py:538} INFO - Filling up the DagBag from /home/airflow/.local/lib/python3.8/site-packages/airflow/example_dags/tutorial_objectstorage.py
[2025-11-05T15:37:01.409+0000] {processor.py:840} INFO - DAG(s) 'tutorial_objectstorage' retrieved from /home/airflow/.local/lib/python3.8/site-packages/airflow/example_dags/tutorial_objectstorage.py
[2025-11-05T15:37:01.532+0000] {logging_mixin.py:188} INFO - [2025-11-05T15:37:01.532+0000] {dag.py:3036} INFO - Sync 1 DAGs
[2025-11-05T15:37:01.611+0000] {logging_mixin.py:188} INFO - [2025-11-05T15:37:01.610+0000] {dag.py:3823} INFO - Setting next_dagrun for tutorial_objectstorage to None, run_after=None
[2025-11-05T15:37:01.728+0000] {processor.py:183} INFO - Processing /home/airflow/.local/lib/python3.8/site-packages/airflow/example_dags/tutorial_objectstorage.py took 0.399 seconds
[2025-11-05T15:40:05.266+0000] {processor.py:161} INFO - Started process (PID=119) to work on /home/airflow/.local/lib/python3.8/site-packages/airflow/example_dags/tutorial_objectstorage.py
[2025-11-05T15:40:05.270+0000] {processor.py:830} INFO - Processing file /home/airflow/.local/lib/python3.8/site-packages/airflow/example_dags/tutorial_objectstorage.py for tasks to queue
[2025-11-05T15:40:05.277+0000] {logging_mixin.py:188} INFO - [2025-11-05T15:40:05.276+0000] {dagbag.py:538} INFO - Filling up the DagBag from /home/airflow/.local/lib/python3.8/site-packages/airflow/example_dags/tutorial_objectstorage.py
[2025-11-05T15:40:05.318+0000] {processor.py:840} INFO - DAG(s) 'tutorial_objectstorage' retrieved from /home/airflow/.local/lib/python3.8/site-packages/airflow/example_dags/tutorial_objectstorage.py
[2025-11-05T15:40:05.768+0000] {logging_mixin.py:188} INFO - [2025-11-05T15:40:05.761+0000] {dag.py:3036} INFO - Sync 1 DAGs
[2025-11-05T15:40:05.830+0000] {logging_mixin.py:188} INFO - [2025-11-05T15:40:05.829+0000] {dag.py:3823} INFO - Setting next_dagrun for tutorial_objectstorage to None, run_after=None
[2025-11-05T15:40:05.908+0000] {processor.py:183} INFO - Processing /home/airflow/.local/lib/python3.8/site-packages/airflow/example_dags/tutorial_objectstorage.py took 0.663 seconds
[2025-11-05T15:40:36.553+0000] {processor.py:161} INFO - Started process (PID=173) to work on /home/airflow/.local/lib/python3.8/site-packages/airflow/example_dags/tutorial_objectstorage.py
[2025-11-05T15:40:36.554+0000] {processor.py:830} INFO - Processing file /home/airflow/.local/lib/python3.8/site-packages/airflow/example_dags/tutorial_objectstorage.py for tasks to queue
[2025-11-05T15:40:36.557+0000] {logging_mixin.py:188} INFO - [2025-11-05T15:40:36.556+0000] {dagbag.py:538} INFO - Filling up the DagBag from /home/airflow/.local/lib/python3.8/site-packages/airflow/example_dags/tutorial_objectstorage.py
[2025-11-05T15:40:36.566+0000] {processor.py:840} INFO - DAG(s) 'tutorial_objectstorage' retrieved from /home/airflow/.local/lib/python3.8/site-packages/airflow/example_dags/tutorial_objectstorage.py
[2025-11-05T15:40:36.598+0000] {logging_mixin.py:188} INFO - [2025-11-05T15:40:36.598+0000] {dag.py:3036} INFO - Sync 1 DAGs
[2025-11-05T15:40:36.619+0000] {logging_mixin.py:188} INFO - [2025-11-05T15:40:36.619+0000] {dag.py:3823} INFO - Setting next_dagrun for tutorial_objectstorage to None, run_after=None
[2025-11-05T15:40:36.653+0000] {processor.py:183} INFO - Processing /home/airflow/.local/lib/python3.8/site-packages/airflow/example_dags/tutorial_objectstorage.py took 0.105 seconds
[2025-11-05T15:41:06.822+0000] {processor.py:161} INFO - Started process (PID=228) to work on /home/airflow/.local/lib/python3.8/site-packages/airflow/example_dags/tutorial_objectstorage.py
[2025-11-05T15:41:06.828+0000] {processor.py:830} INFO - Processing file /home/airflow/.local/lib/python3.8/site-packages/airflow/example_dags/tutorial_objectstorage.py for tasks to queue
[2025-11-05T15:41:06.839+0000] {logging_mixin.py:188} INFO - [2025-11-05T15:41:06.838+0000] {dagbag.py:538} INFO - Filling up the DagBag from /home/airflow/.local/lib/python3.8/site-packages/airflow/example_dags/tutorial_objectstorage.py
[2025-11-05T15:41:06.888+0000] {processor.py:840} INFO - DAG(s) 'tutorial_objectstorage' retrieved from /home/airflow/.local/lib/python3.8/site-packages/airflow/example_dags/tutorial_objectstorage.py
[2025-11-05T15:41:07.009+0000] {logging_mixin.py:188} INFO - [2025-11-05T15:41:07.008+0000] {dag.py:3036} INFO - Sync 1 DAGs
[2025-11-05T15:41:07.099+0000] {logging_mixin.py:188} INFO - [2025-11-05T15:41:07.098+0000] {dag.py:3823} INFO - Setting next_dagrun for tutorial_objectstorage to None, run_after=None
[2025-11-05T15:41:07.239+0000] {processor.py:183} INFO - Processing /home/airflow/.local/lib/python3.8/site-packages/airflow/example_dags/tutorial_objectstorage.py took 0.440 seconds
[2025-11-05T15:41:37.402+0000] {processor.py:161} INFO - Started process (PID=284) to work on /home/airflow/.local/lib/python3.8/site-packages/airflow/example_dags/tutorial_objectstorage.py
[2025-11-05T15:41:37.404+0000] {processor.py:830} INFO - Processing file /home/airflow/.local/lib/python3.8/site-packages/airflow/example_dags/tutorial_objectstorage.py for tasks to queue
[2025-11-05T15:41:37.412+0000] {logging_mixin.py:188} INFO - [2025-11-05T15:41:37.411+0000] {dagbag.py:538} INFO - Filling up the DagBag from /home/airflow/.local/lib/python3.8/site-packages/airflow/example_dags/tutorial_objectstorage.py
[2025-11-05T15:41:37.456+0000] {processor.py:840} INFO - DAG(s) 'tutorial_objectstorage' retrieved from /home/airflow/.local/lib/python3.8/site-packages/airflow/example_dags/tutorial_objectstorage.py
[2025-11-05T15:41:37.572+0000] {logging_mixin.py:188} INFO - [2025-11-05T15:41:37.571+0000] {dag.py:3036} INFO - Sync 1 DAGs
[2025-11-05T15:41:37.639+0000] {logging_mixin.py:188} INFO - [2025-11-05T15:41:37.639+0000] {dag.py:3823} INFO - Setting next_dagrun for tutorial_objectstorage to None, run_after=None
[2025-11-05T15:41:37.736+0000] {processor.py:183} INFO - Processing /home/airflow/.local/lib/python3.8/site-packages/airflow/example_dags/tutorial_objectstorage.py took 0.341 seconds
[2025-11-05T15:42:08.538+0000] {processor.py:161} INFO - Started process (PID=340) to work on /home/airflow/.local/lib/python3.8/site-packages/airflow/example_dags/tutorial_objectstorage.py
[2025-11-05T15:42:08.540+0000] {processor.py:830} INFO - Processing file /home/airflow/.local/lib/python3.8/site-packages/airflow/example_dags/tutorial_objectstorage.py for tasks to queue
[2025-11-05T15:42:08.547+0000] {logging_mixin.py:188} INFO - [2025-11-05T15:42:08.546+0000] {dagbag.py:538} INFO - Filling up the DagBag from /home/airflow/.local/lib/python3.8/site-packages/airflow/example_dags/tutorial_objectstorage.py
[2025-11-05T15:42:08.561+0000] {processor.py:840} INFO - DAG(s) 'tutorial_objectstorage' retrieved from /home/airflow/.local/lib/python3.8/site-packages/airflow/example_dags/tutorial_objectstorage.py
[2025-11-05T15:42:08.612+0000] {logging_mixin.py:188} INFO - [2025-11-05T15:42:08.611+0000] {dag.py:3036} INFO - Sync 1 DAGs
[2025-11-05T15:42:08.647+0000] {logging_mixin.py:188} INFO - [2025-11-05T15:42:08.646+0000] {dag.py:3823} INFO - Setting next_dagrun for tutorial_objectstorage to None, run_after=None
[2025-11-05T15:42:08.693+0000] {processor.py:183} INFO - Processing /home/airflow/.local/lib/python3.8/site-packages/airflow/example_dags/tutorial_objectstorage.py took 0.162 seconds
[2025-11-05T15:42:38.785+0000] {processor.py:161} INFO - Started process (PID=394) to work on /home/airflow/.local/lib/python3.8/site-packages/airflow/example_dags/tutorial_objectstorage.py
[2025-11-05T15:42:38.787+0000] {processor.py:830} INFO - Processing file /home/airflow/.local/lib/python3.8/site-packages/airflow/example_dags/tutorial_objectstorage.py for tasks to queue
[2025-11-05T15:42:38.791+0000] {logging_mixin.py:188} INFO - [2025-11-05T15:42:38.790+0000] {dagbag.py:538} INFO - Filling up the DagBag from /home/airflow/.local/lib/python3.8/site-packages/airflow/example_dags/tutorial_objectstorage.py
[2025-11-05T15:42:38.803+0000] {processor.py:840} INFO - DAG(s) 'tutorial_objectstorage' retrieved from /home/airflow/.local/lib/python3.8/site-packages/airflow/example_dags/tutorial_objectstorage.py
[2025-11-05T15:42:38.834+0000] {logging_mixin.py:188} INFO - [2025-11-05T15:42:38.834+0000] {dag.py:3036} INFO - Sync 1 DAGs
[2025-11-05T15:42:38.859+0000] {logging_mixin.py:188} INFO - [2025-11-05T15:42:38.859+0000] {dag.py:3823} INFO - Setting next_dagrun for tutorial_objectstorage to None, run_after=None
[2025-11-05T15:42:38.897+0000] {processor.py:183} INFO - Processing /home/airflow/.local/lib/python3.8/site-packages/airflow/example_dags/tutorial_objectstorage.py took 0.118 seconds
[2025-11-05T15:43:09.379+0000] {processor.py:161} INFO - Started process (PID=456) to work on /home/airflow/.local/lib/python3.8/site-packages/airflow/example_dags/tutorial_objectstorage.py
[2025-11-05T15:43:09.395+0000] {processor.py:830} INFO - Processing file /home/airflow/.local/lib/python3.8/site-packages/airflow/example_dags/tutorial_objectstorage.py for tasks to queue
[2025-11-05T15:43:09.414+0000] {logging_mixin.py:188} INFO - [2025-11-05T15:43:09.413+0000] {dagbag.py:538} INFO - Filling up the DagBag from /home/airflow/.local/lib/python3.8/site-packages/airflow/example_dags/tutorial_objectstorage.py
[2025-11-05T15:43:09.478+0000] {processor.py:840} INFO - DAG(s) 'tutorial_objectstorage' retrieved from /home/airflow/.local/lib/python3.8/site-packages/airflow/example_dags/tutorial_objectstorage.py
[2025-11-05T15:43:09.634+0000] {logging_mixin.py:188} INFO - [2025-11-05T15:43:09.626+0000] {dag.py:3036} INFO - Sync 1 DAGs
[2025-11-05T15:43:09.717+0000] {logging_mixin.py:188} INFO - [2025-11-05T15:43:09.716+0000] {dag.py:3823} INFO - Setting next_dagrun for tutorial_objectstorage to None, run_after=None
[2025-11-05T15:43:09.896+0000] {processor.py:183} INFO - Processing /home/airflow/.local/lib/python3.8/site-packages/airflow/example_dags/tutorial_objectstorage.py took 0.539 seconds
[2025-11-05T15:43:40.808+0000] {processor.py:161} INFO - Started process (PID=512) to work on /home/airflow/.local/lib/python3.8/site-packages/airflow/example_dags/tutorial_objectstorage.py
[2025-11-05T15:43:40.821+0000] {processor.py:830} INFO - Processing file /home/airflow/.local/lib/python3.8/site-packages/airflow/example_dags/tutorial_objectstorage.py for tasks to queue
[2025-11-05T15:43:40.836+0000] {logging_mixin.py:188} INFO - [2025-11-05T15:43:40.834+0000] {dagbag.py:538} INFO - Filling up the DagBag from /home/airflow/.local/lib/python3.8/site-packages/airflow/example_dags/tutorial_objectstorage.py
[2025-11-05T15:43:40.880+0000] {processor.py:840} INFO - DAG(s) 'tutorial_objectstorage' retrieved from /home/airflow/.local/lib/python3.8/site-packages/airflow/example_dags/tutorial_objectstorage.py
[2025-11-05T15:43:40.993+0000] {logging_mixin.py:188} INFO - [2025-11-05T15:43:40.992+0000] {dag.py:3036} INFO - Sync 1 DAGs
[2025-11-05T15:43:41.085+0000] {logging_mixin.py:188} INFO - [2025-11-05T15:43:41.084+0000] {dag.py:3823} INFO - Setting next_dagrun for tutorial_objectstorage to None, run_after=None
[2025-11-05T15:43:41.281+0000] {processor.py:183} INFO - Processing /home/airflow/.local/lib/python3.8/site-packages/airflow/example_dags/tutorial_objectstorage.py took 0.486 seconds
[2025-11-05T15:44:11.503+0000] {processor.py:161} INFO - Started process (PID=567) to work on /home/airflow/.local/lib/python3.8/site-packages/airflow/example_dags/tutorial_objectstorage.py
[2025-11-05T15:44:11.506+0000] {processor.py:830} INFO - Processing file /home/airflow/.local/lib/python3.8/site-packages/airflow/example_dags/tutorial_objectstorage.py for tasks to queue
[2025-11-05T15:44:11.509+0000] {logging_mixin.py:188} INFO - [2025-11-05T15:44:11.509+0000] {dagbag.py:538} INFO - Filling up the DagBag from /home/airflow/.local/lib/python3.8/site-packages/airflow/example_dags/tutorial_objectstorage.py
[2025-11-05T15:44:11.522+0000] {processor.py:840} INFO - DAG(s) 'tutorial_objectstorage' retrieved from /home/airflow/.local/lib/python3.8/site-packages/airflow/example_dags/tutorial_objectstorage.py
[2025-11-05T15:44:11.559+0000] {logging_mixin.py:188} INFO - [2025-11-05T15:44:11.559+0000] {dag.py:3036} INFO - Sync 1 DAGs
[2025-11-05T15:44:11.581+0000] {logging_mixin.py:188} INFO - [2025-11-05T15:44:11.581+0000] {dag.py:3823} INFO - Setting next_dagrun for tutorial_objectstorage to None, run_after=None
[2025-11-05T15:44:11.618+0000] {processor.py:183} INFO - Processing /home/airflow/.local/lib/python3.8/site-packages/airflow/example_dags/tutorial_objectstorage.py took 0.123 seconds
[2025-11-05T15:44:41.844+0000] {processor.py:161} INFO - Started process (PID=622) to work on /home/airflow/.local/lib/python3.8/site-packages/airflow/example_dags/tutorial_objectstorage.py
[2025-11-05T15:44:41.847+0000] {processor.py:830} INFO - Processing file /home/airflow/.local/lib/python3.8/site-packages/airflow/example_dags/tutorial_objectstorage.py for tasks to queue
[2025-11-05T15:44:41.852+0000] {logging_mixin.py:188} INFO - [2025-11-05T15:44:41.851+0000] {dagbag.py:538} INFO - Filling up the DagBag from /home/airflow/.local/lib/python3.8/site-packages/airflow/example_dags/tutorial_objectstorage.py
[2025-11-05T15:44:41.869+0000] {processor.py:840} INFO - DAG(s) 'tutorial_objectstorage' retrieved from /home/airflow/.local/lib/python3.8/site-packages/airflow/example_dags/tutorial_objectstorage.py
[2025-11-05T15:44:41.925+0000] {logging_mixin.py:188} INFO - [2025-11-05T15:44:41.924+0000] {dag.py:3036} INFO - Sync 1 DAGs
[2025-11-05T15:44:41.960+0000] {logging_mixin.py:188} INFO - [2025-11-05T15:44:41.959+0000] {dag.py:3823} INFO - Setting next_dagrun for tutorial_objectstorage to None, run_after=None
[2025-11-05T15:44:42.024+0000] {processor.py:183} INFO - Processing /home/airflow/.local/lib/python3.8/site-packages/airflow/example_dags/tutorial_objectstorage.py took 0.190 seconds
