[2025-11-05T15:35:49.785+0000] {processor.py:161} INFO - Started process (PID=102) to work on /home/airflow/.local/lib/python3.8/site-packages/airflow/example_dags/tutorial_dag.py
[2025-11-05T15:35:49.844+0000] {processor.py:830} INFO - Processing file /home/airflow/.local/lib/python3.8/site-packages/airflow/example_dags/tutorial_dag.py for tasks to queue
[2025-11-05T15:35:49.861+0000] {logging_mixin.py:188} INFO - [2025-11-05T15:35:49.860+0000] {dagbag.py:538} INFO - Filling up the DagBag from /home/airflow/.local/lib/python3.8/site-packages/airflow/example_dags/tutorial_dag.py
[2025-11-05T15:35:49.944+0000] {processor.py:840} INFO - DAG(s) 'tutorial_dag' retrieved from /home/airflow/.local/lib/python3.8/site-packages/airflow/example_dags/tutorial_dag.py
[2025-11-05T15:35:51.090+0000] {logging_mixin.py:188} INFO - [2025-11-05T15:35:51.090+0000] {dag.py:3036} INFO - Sync 1 DAGs
[2025-11-05T15:35:51.220+0000] {logging_mixin.py:188} INFO - [2025-11-05T15:35:51.220+0000] {dag.py:3823} INFO - Setting next_dagrun for tutorial_dag to None, run_after=None
[2025-11-05T15:35:51.418+0000] {processor.py:183} INFO - Processing /home/airflow/.local/lib/python3.8/site-packages/airflow/example_dags/tutorial_dag.py took 1.665 seconds
[2025-11-05T15:36:21.532+0000] {processor.py:161} INFO - Started process (PID=157) to work on /home/airflow/.local/lib/python3.8/site-packages/airflow/example_dags/tutorial_dag.py
[2025-11-05T15:36:21.534+0000] {processor.py:830} INFO - Processing file /home/airflow/.local/lib/python3.8/site-packages/airflow/example_dags/tutorial_dag.py for tasks to queue
[2025-11-05T15:36:21.539+0000] {logging_mixin.py:188} INFO - [2025-11-05T15:36:21.538+0000] {dagbag.py:538} INFO - Filling up the DagBag from /home/airflow/.local/lib/python3.8/site-packages/airflow/example_dags/tutorial_dag.py
[2025-11-05T15:36:21.551+0000] {processor.py:840} INFO - DAG(s) 'tutorial_dag' retrieved from /home/airflow/.local/lib/python3.8/site-packages/airflow/example_dags/tutorial_dag.py
[2025-11-05T15:36:21.594+0000] {logging_mixin.py:188} INFO - [2025-11-05T15:36:21.594+0000] {dag.py:3036} INFO - Sync 1 DAGs
[2025-11-05T15:36:21.617+0000] {logging_mixin.py:188} INFO - [2025-11-05T15:36:21.616+0000] {dag.py:3823} INFO - Setting next_dagrun for tutorial_dag to None, run_after=None
[2025-11-05T15:36:21.655+0000] {processor.py:183} INFO - Processing /home/airflow/.local/lib/python3.8/site-packages/airflow/example_dags/tutorial_dag.py took 0.130 seconds
[2025-11-05T15:36:51.764+0000] {processor.py:161} INFO - Started process (PID=212) to work on /home/airflow/.local/lib/python3.8/site-packages/airflow/example_dags/tutorial_dag.py
[2025-11-05T15:36:51.767+0000] {processor.py:830} INFO - Processing file /home/airflow/.local/lib/python3.8/site-packages/airflow/example_dags/tutorial_dag.py for tasks to queue
[2025-11-05T15:36:51.772+0000] {logging_mixin.py:188} INFO - [2025-11-05T15:36:51.772+0000] {dagbag.py:538} INFO - Filling up the DagBag from /home/airflow/.local/lib/python3.8/site-packages/airflow/example_dags/tutorial_dag.py
[2025-11-05T15:36:51.791+0000] {processor.py:840} INFO - DAG(s) 'tutorial_dag' retrieved from /home/airflow/.local/lib/python3.8/site-packages/airflow/example_dags/tutorial_dag.py
[2025-11-05T15:36:51.846+0000] {logging_mixin.py:188} INFO - [2025-11-05T15:36:51.845+0000] {dag.py:3036} INFO - Sync 1 DAGs
[2025-11-05T15:36:51.879+0000] {logging_mixin.py:188} INFO - [2025-11-05T15:36:51.878+0000] {dag.py:3823} INFO - Setting next_dagrun for tutorial_dag to None, run_after=None
[2025-11-05T15:36:51.932+0000] {processor.py:183} INFO - Processing /home/airflow/.local/lib/python3.8/site-packages/airflow/example_dags/tutorial_dag.py took 0.178 seconds
[2025-11-05T15:37:22.840+0000] {processor.py:161} INFO - Started process (PID=267) to work on /home/airflow/.local/lib/python3.8/site-packages/airflow/example_dags/tutorial_dag.py
[2025-11-05T15:37:22.843+0000] {processor.py:830} INFO - Processing file /home/airflow/.local/lib/python3.8/site-packages/airflow/example_dags/tutorial_dag.py for tasks to queue
[2025-11-05T15:37:22.851+0000] {logging_mixin.py:188} INFO - [2025-11-05T15:37:22.850+0000] {dagbag.py:538} INFO - Filling up the DagBag from /home/airflow/.local/lib/python3.8/site-packages/airflow/example_dags/tutorial_dag.py
[2025-11-05T15:37:22.869+0000] {processor.py:840} INFO - DAG(s) 'tutorial_dag' retrieved from /home/airflow/.local/lib/python3.8/site-packages/airflow/example_dags/tutorial_dag.py
[2025-11-05T15:37:22.942+0000] {logging_mixin.py:188} INFO - [2025-11-05T15:37:22.941+0000] {dag.py:3036} INFO - Sync 1 DAGs
[2025-11-05T15:37:22.982+0000] {logging_mixin.py:188} INFO - [2025-11-05T15:37:22.981+0000] {dag.py:3823} INFO - Setting next_dagrun for tutorial_dag to None, run_after=None
[2025-11-05T15:37:23.057+0000] {processor.py:183} INFO - Processing /home/airflow/.local/lib/python3.8/site-packages/airflow/example_dags/tutorial_dag.py took 0.230 seconds
[2025-11-05T15:39:52.736+0000] {processor.py:161} INFO - Started process (PID=104) to work on /home/airflow/.local/lib/python3.8/site-packages/airflow/example_dags/tutorial_dag.py
[2025-11-05T15:39:52.755+0000] {processor.py:830} INFO - Processing file /home/airflow/.local/lib/python3.8/site-packages/airflow/example_dags/tutorial_dag.py for tasks to queue
[2025-11-05T15:39:52.772+0000] {logging_mixin.py:188} INFO - [2025-11-05T15:39:52.771+0000] {dagbag.py:538} INFO - Filling up the DagBag from /home/airflow/.local/lib/python3.8/site-packages/airflow/example_dags/tutorial_dag.py
[2025-11-05T15:39:52.823+0000] {processor.py:840} INFO - DAG(s) 'tutorial_dag' retrieved from /home/airflow/.local/lib/python3.8/site-packages/airflow/example_dags/tutorial_dag.py
[2025-11-05T15:39:53.541+0000] {logging_mixin.py:188} INFO - [2025-11-05T15:39:53.540+0000] {dag.py:3036} INFO - Sync 1 DAGs
[2025-11-05T15:39:53.601+0000] {logging_mixin.py:188} INFO - [2025-11-05T15:39:53.601+0000] {dag.py:3823} INFO - Setting next_dagrun for tutorial_dag to None, run_after=None
[2025-11-05T15:39:53.713+0000] {processor.py:183} INFO - Processing /home/airflow/.local/lib/python3.8/site-packages/airflow/example_dags/tutorial_dag.py took 0.990 seconds
[2025-11-05T15:40:24.413+0000] {processor.py:161} INFO - Started process (PID=158) to work on /home/airflow/.local/lib/python3.8/site-packages/airflow/example_dags/tutorial_dag.py
[2025-11-05T15:40:24.416+0000] {processor.py:830} INFO - Processing file /home/airflow/.local/lib/python3.8/site-packages/airflow/example_dags/tutorial_dag.py for tasks to queue
[2025-11-05T15:40:24.425+0000] {logging_mixin.py:188} INFO - [2025-11-05T15:40:24.424+0000] {dagbag.py:538} INFO - Filling up the DagBag from /home/airflow/.local/lib/python3.8/site-packages/airflow/example_dags/tutorial_dag.py
[2025-11-05T15:40:24.445+0000] {processor.py:840} INFO - DAG(s) 'tutorial_dag' retrieved from /home/airflow/.local/lib/python3.8/site-packages/airflow/example_dags/tutorial_dag.py
[2025-11-05T15:40:24.503+0000] {logging_mixin.py:188} INFO - [2025-11-05T15:40:24.502+0000] {dag.py:3036} INFO - Sync 1 DAGs
[2025-11-05T15:40:24.546+0000] {logging_mixin.py:188} INFO - [2025-11-05T15:40:24.545+0000] {dag.py:3823} INFO - Setting next_dagrun for tutorial_dag to None, run_after=None
[2025-11-05T15:40:24.613+0000] {processor.py:183} INFO - Processing /home/airflow/.local/lib/python3.8/site-packages/airflow/example_dags/tutorial_dag.py took 0.213 seconds
[2025-11-05T15:40:56.175+0000] {processor.py:161} INFO - Started process (PID=213) to work on /home/airflow/.local/lib/python3.8/site-packages/airflow/example_dags/tutorial_dag.py
[2025-11-05T15:40:56.187+0000] {processor.py:830} INFO - Processing file /home/airflow/.local/lib/python3.8/site-packages/airflow/example_dags/tutorial_dag.py for tasks to queue
[2025-11-05T15:40:56.202+0000] {logging_mixin.py:188} INFO - [2025-11-05T15:40:56.201+0000] {dagbag.py:538} INFO - Filling up the DagBag from /home/airflow/.local/lib/python3.8/site-packages/airflow/example_dags/tutorial_dag.py
[2025-11-05T15:40:56.236+0000] {processor.py:840} INFO - DAG(s) 'tutorial_dag' retrieved from /home/airflow/.local/lib/python3.8/site-packages/airflow/example_dags/tutorial_dag.py
[2025-11-05T15:40:56.389+0000] {logging_mixin.py:188} INFO - [2025-11-05T15:40:56.388+0000] {dag.py:3036} INFO - Sync 1 DAGs
[2025-11-05T15:40:56.469+0000] {logging_mixin.py:188} INFO - [2025-11-05T15:40:56.468+0000] {dag.py:3823} INFO - Setting next_dagrun for tutorial_dag to None, run_after=None
[2025-11-05T15:40:56.618+0000] {processor.py:183} INFO - Processing /home/airflow/.local/lib/python3.8/site-packages/airflow/example_dags/tutorial_dag.py took 0.465 seconds
[2025-11-05T15:41:26.707+0000] {processor.py:161} INFO - Started process (PID=268) to work on /home/airflow/.local/lib/python3.8/site-packages/airflow/example_dags/tutorial_dag.py
[2025-11-05T15:41:26.708+0000] {processor.py:830} INFO - Processing file /home/airflow/.local/lib/python3.8/site-packages/airflow/example_dags/tutorial_dag.py for tasks to queue
[2025-11-05T15:41:26.711+0000] {logging_mixin.py:188} INFO - [2025-11-05T15:41:26.711+0000] {dagbag.py:538} INFO - Filling up the DagBag from /home/airflow/.local/lib/python3.8/site-packages/airflow/example_dags/tutorial_dag.py
[2025-11-05T15:41:26.719+0000] {processor.py:840} INFO - DAG(s) 'tutorial_dag' retrieved from /home/airflow/.local/lib/python3.8/site-packages/airflow/example_dags/tutorial_dag.py
[2025-11-05T15:41:26.750+0000] {logging_mixin.py:188} INFO - [2025-11-05T15:41:26.749+0000] {dag.py:3036} INFO - Sync 1 DAGs
[2025-11-05T15:41:26.773+0000] {logging_mixin.py:188} INFO - [2025-11-05T15:41:26.773+0000] {dag.py:3823} INFO - Setting next_dagrun for tutorial_dag to None, run_after=None
[2025-11-05T15:41:26.808+0000] {processor.py:183} INFO - Processing /home/airflow/.local/lib/python3.8/site-packages/airflow/example_dags/tutorial_dag.py took 0.107 seconds
[2025-11-05T15:41:57.590+0000] {processor.py:161} INFO - Started process (PID=324) to work on /home/airflow/.local/lib/python3.8/site-packages/airflow/example_dags/tutorial_dag.py
[2025-11-05T15:41:57.594+0000] {processor.py:830} INFO - Processing file /home/airflow/.local/lib/python3.8/site-packages/airflow/example_dags/tutorial_dag.py for tasks to queue
[2025-11-05T15:41:57.606+0000] {logging_mixin.py:188} INFO - [2025-11-05T15:41:57.605+0000] {dagbag.py:538} INFO - Filling up the DagBag from /home/airflow/.local/lib/python3.8/site-packages/airflow/example_dags/tutorial_dag.py
[2025-11-05T15:41:57.631+0000] {processor.py:840} INFO - DAG(s) 'tutorial_dag' retrieved from /home/airflow/.local/lib/python3.8/site-packages/airflow/example_dags/tutorial_dag.py
[2025-11-05T15:41:57.713+0000] {logging_mixin.py:188} INFO - [2025-11-05T15:41:57.711+0000] {dag.py:3036} INFO - Sync 1 DAGs
[2025-11-05T15:41:57.759+0000] {logging_mixin.py:188} INFO - [2025-11-05T15:41:57.759+0000] {dag.py:3823} INFO - Setting next_dagrun for tutorial_dag to None, run_after=None
[2025-11-05T15:41:57.837+0000] {processor.py:183} INFO - Processing /home/airflow/.local/lib/python3.8/site-packages/airflow/example_dags/tutorial_dag.py took 0.262 seconds
[2025-11-05T15:42:28.267+0000] {processor.py:161} INFO - Started process (PID=378) to work on /home/airflow/.local/lib/python3.8/site-packages/airflow/example_dags/tutorial_dag.py
[2025-11-05T15:42:28.269+0000] {processor.py:830} INFO - Processing file /home/airflow/.local/lib/python3.8/site-packages/airflow/example_dags/tutorial_dag.py for tasks to queue
[2025-11-05T15:42:28.272+0000] {logging_mixin.py:188} INFO - [2025-11-05T15:42:28.271+0000] {dagbag.py:538} INFO - Filling up the DagBag from /home/airflow/.local/lib/python3.8/site-packages/airflow/example_dags/tutorial_dag.py
[2025-11-05T15:42:28.281+0000] {processor.py:840} INFO - DAG(s) 'tutorial_dag' retrieved from /home/airflow/.local/lib/python3.8/site-packages/airflow/example_dags/tutorial_dag.py
[2025-11-05T15:42:28.312+0000] {logging_mixin.py:188} INFO - [2025-11-05T15:42:28.311+0000] {dag.py:3036} INFO - Sync 1 DAGs
[2025-11-05T15:42:28.330+0000] {logging_mixin.py:188} INFO - [2025-11-05T15:42:28.329+0000] {dag.py:3823} INFO - Setting next_dagrun for tutorial_dag to None, run_after=None
[2025-11-05T15:42:28.359+0000] {processor.py:183} INFO - Processing /home/airflow/.local/lib/python3.8/site-packages/airflow/example_dags/tutorial_dag.py took 0.097 seconds
[2025-11-05T15:42:59.512+0000] {processor.py:161} INFO - Started process (PID=440) to work on /home/airflow/.local/lib/python3.8/site-packages/airflow/example_dags/tutorial_dag.py
[2025-11-05T15:42:59.519+0000] {processor.py:830} INFO - Processing file /home/airflow/.local/lib/python3.8/site-packages/airflow/example_dags/tutorial_dag.py for tasks to queue
[2025-11-05T15:42:59.527+0000] {logging_mixin.py:188} INFO - [2025-11-05T15:42:59.525+0000] {dagbag.py:538} INFO - Filling up the DagBag from /home/airflow/.local/lib/python3.8/site-packages/airflow/example_dags/tutorial_dag.py
[2025-11-05T15:42:59.549+0000] {processor.py:840} INFO - DAG(s) 'tutorial_dag' retrieved from /home/airflow/.local/lib/python3.8/site-packages/airflow/example_dags/tutorial_dag.py
[2025-11-05T15:42:59.613+0000] {logging_mixin.py:188} INFO - [2025-11-05T15:42:59.613+0000] {dag.py:3036} INFO - Sync 1 DAGs
[2025-11-05T15:42:59.654+0000] {logging_mixin.py:188} INFO - [2025-11-05T15:42:59.654+0000] {dag.py:3823} INFO - Setting next_dagrun for tutorial_dag to None, run_after=None
[2025-11-05T15:42:59.727+0000] {processor.py:183} INFO - Processing /home/airflow/.local/lib/python3.8/site-packages/airflow/example_dags/tutorial_dag.py took 0.228 seconds
[2025-11-05T15:43:30.454+0000] {processor.py:161} INFO - Started process (PID=494) to work on /home/airflow/.local/lib/python3.8/site-packages/airflow/example_dags/tutorial_dag.py
[2025-11-05T15:43:30.461+0000] {processor.py:830} INFO - Processing file /home/airflow/.local/lib/python3.8/site-packages/airflow/example_dags/tutorial_dag.py for tasks to queue
[2025-11-05T15:43:30.467+0000] {logging_mixin.py:188} INFO - [2025-11-05T15:43:30.466+0000] {dagbag.py:538} INFO - Filling up the DagBag from /home/airflow/.local/lib/python3.8/site-packages/airflow/example_dags/tutorial_dag.py
[2025-11-05T15:43:30.501+0000] {processor.py:840} INFO - DAG(s) 'tutorial_dag' retrieved from /home/airflow/.local/lib/python3.8/site-packages/airflow/example_dags/tutorial_dag.py
[2025-11-05T15:43:30.580+0000] {logging_mixin.py:188} INFO - [2025-11-05T15:43:30.579+0000] {dag.py:3036} INFO - Sync 1 DAGs
[2025-11-05T15:43:30.630+0000] {logging_mixin.py:188} INFO - [2025-11-05T15:43:30.629+0000] {dag.py:3823} INFO - Setting next_dagrun for tutorial_dag to None, run_after=None
[2025-11-05T15:43:30.731+0000] {processor.py:183} INFO - Processing /home/airflow/.local/lib/python3.8/site-packages/airflow/example_dags/tutorial_dag.py took 0.294 seconds
[2025-11-05T15:44:00.871+0000] {processor.py:161} INFO - Started process (PID=549) to work on /home/airflow/.local/lib/python3.8/site-packages/airflow/example_dags/tutorial_dag.py
[2025-11-05T15:44:00.873+0000] {processor.py:830} INFO - Processing file /home/airflow/.local/lib/python3.8/site-packages/airflow/example_dags/tutorial_dag.py for tasks to queue
[2025-11-05T15:44:00.878+0000] {logging_mixin.py:188} INFO - [2025-11-05T15:44:00.877+0000] {dagbag.py:538} INFO - Filling up the DagBag from /home/airflow/.local/lib/python3.8/site-packages/airflow/example_dags/tutorial_dag.py
[2025-11-05T15:44:00.891+0000] {processor.py:840} INFO - DAG(s) 'tutorial_dag' retrieved from /home/airflow/.local/lib/python3.8/site-packages/airflow/example_dags/tutorial_dag.py
[2025-11-05T15:44:00.935+0000] {logging_mixin.py:188} INFO - [2025-11-05T15:44:00.935+0000] {dag.py:3036} INFO - Sync 1 DAGs
[2025-11-05T15:44:00.969+0000] {logging_mixin.py:188} INFO - [2025-11-05T15:44:00.968+0000] {dag.py:3823} INFO - Setting next_dagrun for tutorial_dag to None, run_after=None
[2025-11-05T15:44:01.019+0000] {processor.py:183} INFO - Processing /home/airflow/.local/lib/python3.8/site-packages/airflow/example_dags/tutorial_dag.py took 0.156 seconds
[2025-11-05T15:44:31.460+0000] {processor.py:161} INFO - Started process (PID=604) to work on /home/airflow/.local/lib/python3.8/site-packages/airflow/example_dags/tutorial_dag.py
[2025-11-05T15:44:31.463+0000] {processor.py:830} INFO - Processing file /home/airflow/.local/lib/python3.8/site-packages/airflow/example_dags/tutorial_dag.py for tasks to queue
[2025-11-05T15:44:31.469+0000] {logging_mixin.py:188} INFO - [2025-11-05T15:44:31.468+0000] {dagbag.py:538} INFO - Filling up the DagBag from /home/airflow/.local/lib/python3.8/site-packages/airflow/example_dags/tutorial_dag.py
[2025-11-05T15:44:31.489+0000] {processor.py:840} INFO - DAG(s) 'tutorial_dag' retrieved from /home/airflow/.local/lib/python3.8/site-packages/airflow/example_dags/tutorial_dag.py
[2025-11-05T15:44:31.559+0000] {logging_mixin.py:188} INFO - [2025-11-05T15:44:31.558+0000] {dag.py:3036} INFO - Sync 1 DAGs
[2025-11-05T15:44:31.624+0000] {logging_mixin.py:188} INFO - [2025-11-05T15:44:31.623+0000] {dag.py:3823} INFO - Setting next_dagrun for tutorial_dag to None, run_after=None
[2025-11-05T15:44:31.705+0000] {processor.py:183} INFO - Processing /home/airflow/.local/lib/python3.8/site-packages/airflow/example_dags/tutorial_dag.py took 0.259 seconds
