[2025-11-13T06:26:12.606+0000] {processor.py:161} INFO - Started process (PID=84) to work on /home/airflow/.local/lib/python3.8/site-packages/airflow/example_dags/example_skip_dag.py
[2025-11-13T06:26:12.705+0000] {processor.py:830} INFO - Processing file /home/airflow/.local/lib/python3.8/site-packages/airflow/example_dags/example_skip_dag.py for tasks to queue
[2025-11-13T06:26:12.718+0000] {logging_mixin.py:188} INFO - [2025-11-13T06:26:12.716+0000] {dagbag.py:538} INFO - Filling up the DagBag from /home/airflow/.local/lib/python3.8/site-packages/airflow/example_dags/example_skip_dag.py
[2025-11-13T06:26:12.786+0000] {processor.py:840} INFO - DAG(s) 'example_skip_dag' retrieved from /home/airflow/.local/lib/python3.8/site-packages/airflow/example_dags/example_skip_dag.py
[2025-11-13T06:26:12.927+0000] {logging_mixin.py:188} INFO - [2025-11-13T06:26:12.926+0000] {dag.py:3036} INFO - Sync 1 DAGs
[2025-11-13T06:26:13.188+0000] {logging_mixin.py:188} INFO - [2025-11-13T06:26:13.187+0000] {dag.py:3823} INFO - Setting next_dagrun for example_skip_dag to 2025-11-12 00:00:00+00:00, run_after=2025-11-13 00:00:00+00:00
[2025-11-13T06:26:13.347+0000] {processor.py:183} INFO - Processing /home/airflow/.local/lib/python3.8/site-packages/airflow/example_dags/example_skip_dag.py took 0.817 seconds
[2025-11-13T06:26:43.515+0000] {processor.py:161} INFO - Started process (PID=146) to work on /home/airflow/.local/lib/python3.8/site-packages/airflow/example_dags/example_skip_dag.py
[2025-11-13T06:26:43.517+0000] {processor.py:830} INFO - Processing file /home/airflow/.local/lib/python3.8/site-packages/airflow/example_dags/example_skip_dag.py for tasks to queue
[2025-11-13T06:26:43.520+0000] {logging_mixin.py:188} INFO - [2025-11-13T06:26:43.520+0000] {dagbag.py:538} INFO - Filling up the DagBag from /home/airflow/.local/lib/python3.8/site-packages/airflow/example_dags/example_skip_dag.py
[2025-11-13T06:26:43.530+0000] {processor.py:840} INFO - DAG(s) 'example_skip_dag' retrieved from /home/airflow/.local/lib/python3.8/site-packages/airflow/example_dags/example_skip_dag.py
[2025-11-13T06:26:43.671+0000] {logging_mixin.py:188} INFO - [2025-11-13T06:26:43.671+0000] {dag.py:3036} INFO - Sync 1 DAGs
[2025-11-13T06:26:43.697+0000] {logging_mixin.py:188} INFO - [2025-11-13T06:26:43.697+0000] {dag.py:3823} INFO - Setting next_dagrun for example_skip_dag to 2025-11-12 00:00:00+00:00, run_after=2025-11-13 00:00:00+00:00
[2025-11-13T06:26:43.733+0000] {processor.py:183} INFO - Processing /home/airflow/.local/lib/python3.8/site-packages/airflow/example_dags/example_skip_dag.py took 0.223 seconds
[2025-11-13T06:27:13.983+0000] {processor.py:161} INFO - Started process (PID=208) to work on /home/airflow/.local/lib/python3.8/site-packages/airflow/example_dags/example_skip_dag.py
[2025-11-13T06:27:13.987+0000] {processor.py:830} INFO - Processing file /home/airflow/.local/lib/python3.8/site-packages/airflow/example_dags/example_skip_dag.py for tasks to queue
[2025-11-13T06:27:13.992+0000] {logging_mixin.py:188} INFO - [2025-11-13T06:27:13.991+0000] {dagbag.py:538} INFO - Filling up the DagBag from /home/airflow/.local/lib/python3.8/site-packages/airflow/example_dags/example_skip_dag.py
[2025-11-13T06:27:14.008+0000] {processor.py:840} INFO - DAG(s) 'example_skip_dag' retrieved from /home/airflow/.local/lib/python3.8/site-packages/airflow/example_dags/example_skip_dag.py
[2025-11-13T06:27:14.069+0000] {logging_mixin.py:188} INFO - [2025-11-13T06:27:14.069+0000] {dag.py:3036} INFO - Sync 1 DAGs
[2025-11-13T06:27:14.114+0000] {logging_mixin.py:188} INFO - [2025-11-13T06:27:14.113+0000] {dag.py:3823} INFO - Setting next_dagrun for example_skip_dag to 2025-11-12 00:00:00+00:00, run_after=2025-11-13 00:00:00+00:00
[2025-11-13T06:27:14.156+0000] {processor.py:183} INFO - Processing /home/airflow/.local/lib/python3.8/site-packages/airflow/example_dags/example_skip_dag.py took 0.188 seconds
[2025-11-13T06:27:44.772+0000] {processor.py:161} INFO - Started process (PID=270) to work on /home/airflow/.local/lib/python3.8/site-packages/airflow/example_dags/example_skip_dag.py
[2025-11-13T06:27:44.773+0000] {processor.py:830} INFO - Processing file /home/airflow/.local/lib/python3.8/site-packages/airflow/example_dags/example_skip_dag.py for tasks to queue
[2025-11-13T06:27:44.776+0000] {logging_mixin.py:188} INFO - [2025-11-13T06:27:44.776+0000] {dagbag.py:538} INFO - Filling up the DagBag from /home/airflow/.local/lib/python3.8/site-packages/airflow/example_dags/example_skip_dag.py
[2025-11-13T06:27:44.785+0000] {processor.py:840} INFO - DAG(s) 'example_skip_dag' retrieved from /home/airflow/.local/lib/python3.8/site-packages/airflow/example_dags/example_skip_dag.py
[2025-11-13T06:27:44.817+0000] {logging_mixin.py:188} INFO - [2025-11-13T06:27:44.817+0000] {dag.py:3036} INFO - Sync 1 DAGs
[2025-11-13T06:27:44.851+0000] {logging_mixin.py:188} INFO - [2025-11-13T06:27:44.851+0000] {dag.py:3823} INFO - Setting next_dagrun for example_skip_dag to 2025-11-12 00:00:00+00:00, run_after=2025-11-13 00:00:00+00:00
[2025-11-13T06:27:44.879+0000] {processor.py:183} INFO - Processing /home/airflow/.local/lib/python3.8/site-packages/airflow/example_dags/example_skip_dag.py took 0.112 seconds
[2025-11-13T06:28:15.096+0000] {processor.py:161} INFO - Started process (PID=332) to work on /home/airflow/.local/lib/python3.8/site-packages/airflow/example_dags/example_skip_dag.py
[2025-11-13T06:28:15.098+0000] {processor.py:830} INFO - Processing file /home/airflow/.local/lib/python3.8/site-packages/airflow/example_dags/example_skip_dag.py for tasks to queue
[2025-11-13T06:28:15.102+0000] {logging_mixin.py:188} INFO - [2025-11-13T06:28:15.102+0000] {dagbag.py:538} INFO - Filling up the DagBag from /home/airflow/.local/lib/python3.8/site-packages/airflow/example_dags/example_skip_dag.py
[2025-11-13T06:28:15.114+0000] {processor.py:840} INFO - DAG(s) 'example_skip_dag' retrieved from /home/airflow/.local/lib/python3.8/site-packages/airflow/example_dags/example_skip_dag.py
[2025-11-13T06:28:15.145+0000] {logging_mixin.py:188} INFO - [2025-11-13T06:28:15.145+0000] {dag.py:3036} INFO - Sync 1 DAGs
[2025-11-13T06:28:15.177+0000] {logging_mixin.py:188} INFO - [2025-11-13T06:28:15.177+0000] {dag.py:3823} INFO - Setting next_dagrun for example_skip_dag to 2025-11-12 00:00:00+00:00, run_after=2025-11-13 00:00:00+00:00
[2025-11-13T06:28:15.206+0000] {processor.py:183} INFO - Processing /home/airflow/.local/lib/python3.8/site-packages/airflow/example_dags/example_skip_dag.py took 0.115 seconds
[2025-11-13T06:28:45.343+0000] {processor.py:161} INFO - Started process (PID=395) to work on /home/airflow/.local/lib/python3.8/site-packages/airflow/example_dags/example_skip_dag.py
[2025-11-13T06:28:45.345+0000] {processor.py:830} INFO - Processing file /home/airflow/.local/lib/python3.8/site-packages/airflow/example_dags/example_skip_dag.py for tasks to queue
[2025-11-13T06:28:45.349+0000] {logging_mixin.py:188} INFO - [2025-11-13T06:28:45.348+0000] {dagbag.py:538} INFO - Filling up the DagBag from /home/airflow/.local/lib/python3.8/site-packages/airflow/example_dags/example_skip_dag.py
[2025-11-13T06:28:45.360+0000] {processor.py:840} INFO - DAG(s) 'example_skip_dag' retrieved from /home/airflow/.local/lib/python3.8/site-packages/airflow/example_dags/example_skip_dag.py
[2025-11-13T06:28:45.399+0000] {logging_mixin.py:188} INFO - [2025-11-13T06:28:45.399+0000] {dag.py:3036} INFO - Sync 1 DAGs
[2025-11-13T06:28:45.450+0000] {logging_mixin.py:188} INFO - [2025-11-13T06:28:45.450+0000] {dag.py:3823} INFO - Setting next_dagrun for example_skip_dag to 2025-11-12 00:00:00+00:00, run_after=2025-11-13 00:00:00+00:00
[2025-11-13T06:28:45.496+0000] {processor.py:183} INFO - Processing /home/airflow/.local/lib/python3.8/site-packages/airflow/example_dags/example_skip_dag.py took 0.160 seconds
[2025-11-13T06:29:16.031+0000] {processor.py:161} INFO - Started process (PID=457) to work on /home/airflow/.local/lib/python3.8/site-packages/airflow/example_dags/example_skip_dag.py
[2025-11-13T06:29:16.033+0000] {processor.py:830} INFO - Processing file /home/airflow/.local/lib/python3.8/site-packages/airflow/example_dags/example_skip_dag.py for tasks to queue
[2025-11-13T06:29:16.035+0000] {logging_mixin.py:188} INFO - [2025-11-13T06:29:16.035+0000] {dagbag.py:538} INFO - Filling up the DagBag from /home/airflow/.local/lib/python3.8/site-packages/airflow/example_dags/example_skip_dag.py
[2025-11-13T06:29:16.044+0000] {processor.py:840} INFO - DAG(s) 'example_skip_dag' retrieved from /home/airflow/.local/lib/python3.8/site-packages/airflow/example_dags/example_skip_dag.py
[2025-11-13T06:29:16.071+0000] {logging_mixin.py:188} INFO - [2025-11-13T06:29:16.071+0000] {dag.py:3036} INFO - Sync 1 DAGs
[2025-11-13T06:29:16.097+0000] {logging_mixin.py:188} INFO - [2025-11-13T06:29:16.096+0000] {dag.py:3823} INFO - Setting next_dagrun for example_skip_dag to 2025-11-12 00:00:00+00:00, run_after=2025-11-13 00:00:00+00:00
[2025-11-13T06:29:16.121+0000] {processor.py:183} INFO - Processing /home/airflow/.local/lib/python3.8/site-packages/airflow/example_dags/example_skip_dag.py took 0.095 seconds
[2025-11-13T06:29:46.540+0000] {processor.py:161} INFO - Started process (PID=519) to work on /home/airflow/.local/lib/python3.8/site-packages/airflow/example_dags/example_skip_dag.py
[2025-11-13T06:29:46.543+0000] {processor.py:830} INFO - Processing file /home/airflow/.local/lib/python3.8/site-packages/airflow/example_dags/example_skip_dag.py for tasks to queue
[2025-11-13T06:29:46.549+0000] {logging_mixin.py:188} INFO - [2025-11-13T06:29:46.549+0000] {dagbag.py:538} INFO - Filling up the DagBag from /home/airflow/.local/lib/python3.8/site-packages/airflow/example_dags/example_skip_dag.py
[2025-11-13T06:29:46.576+0000] {processor.py:840} INFO - DAG(s) 'example_skip_dag' retrieved from /home/airflow/.local/lib/python3.8/site-packages/airflow/example_dags/example_skip_dag.py
[2025-11-13T06:29:46.645+0000] {logging_mixin.py:188} INFO - [2025-11-13T06:29:46.645+0000] {dag.py:3036} INFO - Sync 1 DAGs
[2025-11-13T06:29:46.737+0000] {logging_mixin.py:188} INFO - [2025-11-13T06:29:46.736+0000] {dag.py:3823} INFO - Setting next_dagrun for example_skip_dag to 2025-11-12 00:00:00+00:00, run_after=2025-11-13 00:00:00+00:00
[2025-11-13T06:29:46.815+0000] {processor.py:183} INFO - Processing /home/airflow/.local/lib/python3.8/site-packages/airflow/example_dags/example_skip_dag.py took 0.286 seconds
[2025-11-13T06:30:17.209+0000] {processor.py:161} INFO - Started process (PID=581) to work on /home/airflow/.local/lib/python3.8/site-packages/airflow/example_dags/example_skip_dag.py
[2025-11-13T06:30:17.211+0000] {processor.py:830} INFO - Processing file /home/airflow/.local/lib/python3.8/site-packages/airflow/example_dags/example_skip_dag.py for tasks to queue
[2025-11-13T06:30:17.216+0000] {logging_mixin.py:188} INFO - [2025-11-13T06:30:17.215+0000] {dagbag.py:538} INFO - Filling up the DagBag from /home/airflow/.local/lib/python3.8/site-packages/airflow/example_dags/example_skip_dag.py
[2025-11-13T06:30:17.232+0000] {processor.py:840} INFO - DAG(s) 'example_skip_dag' retrieved from /home/airflow/.local/lib/python3.8/site-packages/airflow/example_dags/example_skip_dag.py
[2025-11-13T06:30:17.286+0000] {logging_mixin.py:188} INFO - [2025-11-13T06:30:17.286+0000] {dag.py:3036} INFO - Sync 1 DAGs
[2025-11-13T06:30:17.343+0000] {logging_mixin.py:188} INFO - [2025-11-13T06:30:17.342+0000] {dag.py:3823} INFO - Setting next_dagrun for example_skip_dag to 2025-11-12 00:00:00+00:00, run_after=2025-11-13 00:00:00+00:00
[2025-11-13T06:30:17.395+0000] {processor.py:183} INFO - Processing /home/airflow/.local/lib/python3.8/site-packages/airflow/example_dags/example_skip_dag.py took 0.192 seconds
[2025-11-13T06:30:47.957+0000] {processor.py:161} INFO - Started process (PID=643) to work on /home/airflow/.local/lib/python3.8/site-packages/airflow/example_dags/example_skip_dag.py
[2025-11-13T06:30:47.961+0000] {processor.py:830} INFO - Processing file /home/airflow/.local/lib/python3.8/site-packages/airflow/example_dags/example_skip_dag.py for tasks to queue
[2025-11-13T06:30:47.966+0000] {logging_mixin.py:188} INFO - [2025-11-13T06:30:47.965+0000] {dagbag.py:538} INFO - Filling up the DagBag from /home/airflow/.local/lib/python3.8/site-packages/airflow/example_dags/example_skip_dag.py
[2025-11-13T06:30:47.986+0000] {processor.py:840} INFO - DAG(s) 'example_skip_dag' retrieved from /home/airflow/.local/lib/python3.8/site-packages/airflow/example_dags/example_skip_dag.py
[2025-11-13T06:30:48.099+0000] {logging_mixin.py:188} INFO - [2025-11-13T06:30:48.096+0000] {dag.py:3036} INFO - Sync 1 DAGs
[2025-11-13T06:30:48.175+0000] {logging_mixin.py:188} INFO - [2025-11-13T06:30:48.175+0000] {dag.py:3823} INFO - Setting next_dagrun for example_skip_dag to 2025-11-12 00:00:00+00:00, run_after=2025-11-13 00:00:00+00:00
[2025-11-13T06:30:48.261+0000] {processor.py:183} INFO - Processing /home/airflow/.local/lib/python3.8/site-packages/airflow/example_dags/example_skip_dag.py took 0.314 seconds
[2025-11-13T06:31:18.469+0000] {processor.py:161} INFO - Started process (PID=705) to work on /home/airflow/.local/lib/python3.8/site-packages/airflow/example_dags/example_skip_dag.py
[2025-11-13T06:31:18.471+0000] {processor.py:830} INFO - Processing file /home/airflow/.local/lib/python3.8/site-packages/airflow/example_dags/example_skip_dag.py for tasks to queue
[2025-11-13T06:31:18.475+0000] {logging_mixin.py:188} INFO - [2025-11-13T06:31:18.474+0000] {dagbag.py:538} INFO - Filling up the DagBag from /home/airflow/.local/lib/python3.8/site-packages/airflow/example_dags/example_skip_dag.py
[2025-11-13T06:31:18.487+0000] {processor.py:840} INFO - DAG(s) 'example_skip_dag' retrieved from /home/airflow/.local/lib/python3.8/site-packages/airflow/example_dags/example_skip_dag.py
[2025-11-13T06:31:18.532+0000] {logging_mixin.py:188} INFO - [2025-11-13T06:31:18.531+0000] {dag.py:3036} INFO - Sync 1 DAGs
[2025-11-13T06:31:18.574+0000] {logging_mixin.py:188} INFO - [2025-11-13T06:31:18.574+0000] {dag.py:3823} INFO - Setting next_dagrun for example_skip_dag to 2025-11-12 00:00:00+00:00, run_after=2025-11-13 00:00:00+00:00
[2025-11-13T06:31:18.617+0000] {processor.py:183} INFO - Processing /home/airflow/.local/lib/python3.8/site-packages/airflow/example_dags/example_skip_dag.py took 0.154 seconds
[2025-11-13T06:31:49.330+0000] {processor.py:161} INFO - Started process (PID=767) to work on /home/airflow/.local/lib/python3.8/site-packages/airflow/example_dags/example_skip_dag.py
[2025-11-13T06:31:49.332+0000] {processor.py:830} INFO - Processing file /home/airflow/.local/lib/python3.8/site-packages/airflow/example_dags/example_skip_dag.py for tasks to queue
[2025-11-13T06:31:49.335+0000] {logging_mixin.py:188} INFO - [2025-11-13T06:31:49.334+0000] {dagbag.py:538} INFO - Filling up the DagBag from /home/airflow/.local/lib/python3.8/site-packages/airflow/example_dags/example_skip_dag.py
[2025-11-13T06:31:49.342+0000] {processor.py:840} INFO - DAG(s) 'example_skip_dag' retrieved from /home/airflow/.local/lib/python3.8/site-packages/airflow/example_dags/example_skip_dag.py
[2025-11-13T06:31:49.370+0000] {logging_mixin.py:188} INFO - [2025-11-13T06:31:49.370+0000] {dag.py:3036} INFO - Sync 1 DAGs
[2025-11-13T06:31:49.400+0000] {logging_mixin.py:188} INFO - [2025-11-13T06:31:49.400+0000] {dag.py:3823} INFO - Setting next_dagrun for example_skip_dag to 2025-11-12 00:00:00+00:00, run_after=2025-11-13 00:00:00+00:00
[2025-11-13T06:31:49.435+0000] {processor.py:183} INFO - Processing /home/airflow/.local/lib/python3.8/site-packages/airflow/example_dags/example_skip_dag.py took 0.108 seconds
[2025-11-13T06:32:19.802+0000] {processor.py:161} INFO - Started process (PID=829) to work on /home/airflow/.local/lib/python3.8/site-packages/airflow/example_dags/example_skip_dag.py
[2025-11-13T06:32:19.805+0000] {processor.py:830} INFO - Processing file /home/airflow/.local/lib/python3.8/site-packages/airflow/example_dags/example_skip_dag.py for tasks to queue
[2025-11-13T06:32:19.809+0000] {logging_mixin.py:188} INFO - [2025-11-13T06:32:19.808+0000] {dagbag.py:538} INFO - Filling up the DagBag from /home/airflow/.local/lib/python3.8/site-packages/airflow/example_dags/example_skip_dag.py
[2025-11-13T06:32:19.824+0000] {processor.py:840} INFO - DAG(s) 'example_skip_dag' retrieved from /home/airflow/.local/lib/python3.8/site-packages/airflow/example_dags/example_skip_dag.py
[2025-11-13T06:32:19.871+0000] {logging_mixin.py:188} INFO - [2025-11-13T06:32:19.871+0000] {dag.py:3036} INFO - Sync 1 DAGs
[2025-11-13T06:32:19.921+0000] {logging_mixin.py:188} INFO - [2025-11-13T06:32:19.921+0000] {dag.py:3823} INFO - Setting next_dagrun for example_skip_dag to 2025-11-12 00:00:00+00:00, run_after=2025-11-13 00:00:00+00:00
[2025-11-13T06:32:19.972+0000] {processor.py:183} INFO - Processing /home/airflow/.local/lib/python3.8/site-packages/airflow/example_dags/example_skip_dag.py took 0.177 seconds
[2025-11-13T06:32:50.099+0000] {processor.py:161} INFO - Started process (PID=891) to work on /home/airflow/.local/lib/python3.8/site-packages/airflow/example_dags/example_skip_dag.py
[2025-11-13T06:32:50.101+0000] {processor.py:830} INFO - Processing file /home/airflow/.local/lib/python3.8/site-packages/airflow/example_dags/example_skip_dag.py for tasks to queue
[2025-11-13T06:32:50.103+0000] {logging_mixin.py:188} INFO - [2025-11-13T06:32:50.103+0000] {dagbag.py:538} INFO - Filling up the DagBag from /home/airflow/.local/lib/python3.8/site-packages/airflow/example_dags/example_skip_dag.py
[2025-11-13T06:32:50.111+0000] {processor.py:840} INFO - DAG(s) 'example_skip_dag' retrieved from /home/airflow/.local/lib/python3.8/site-packages/airflow/example_dags/example_skip_dag.py
[2025-11-13T06:32:50.141+0000] {logging_mixin.py:188} INFO - [2025-11-13T06:32:50.141+0000] {dag.py:3036} INFO - Sync 1 DAGs
[2025-11-13T06:32:50.168+0000] {logging_mixin.py:188} INFO - [2025-11-13T06:32:50.167+0000] {dag.py:3823} INFO - Setting next_dagrun for example_skip_dag to 2025-11-12 00:00:00+00:00, run_after=2025-11-13 00:00:00+00:00
[2025-11-13T06:32:50.193+0000] {processor.py:183} INFO - Processing /home/airflow/.local/lib/python3.8/site-packages/airflow/example_dags/example_skip_dag.py took 0.098 seconds
[2025-11-13T06:33:20.768+0000] {processor.py:161} INFO - Started process (PID=953) to work on /home/airflow/.local/lib/python3.8/site-packages/airflow/example_dags/example_skip_dag.py
[2025-11-13T06:33:20.770+0000] {processor.py:830} INFO - Processing file /home/airflow/.local/lib/python3.8/site-packages/airflow/example_dags/example_skip_dag.py for tasks to queue
[2025-11-13T06:33:20.774+0000] {logging_mixin.py:188} INFO - [2025-11-13T06:33:20.773+0000] {dagbag.py:538} INFO - Filling up the DagBag from /home/airflow/.local/lib/python3.8/site-packages/airflow/example_dags/example_skip_dag.py
[2025-11-13T06:33:20.785+0000] {processor.py:840} INFO - DAG(s) 'example_skip_dag' retrieved from /home/airflow/.local/lib/python3.8/site-packages/airflow/example_dags/example_skip_dag.py
[2025-11-13T06:33:20.826+0000] {logging_mixin.py:188} INFO - [2025-11-13T06:33:20.826+0000] {dag.py:3036} INFO - Sync 1 DAGs
[2025-11-13T06:33:20.865+0000] {logging_mixin.py:188} INFO - [2025-11-13T06:33:20.865+0000] {dag.py:3823} INFO - Setting next_dagrun for example_skip_dag to 2025-11-12 00:00:00+00:00, run_after=2025-11-13 00:00:00+00:00
[2025-11-13T06:33:20.906+0000] {processor.py:183} INFO - Processing /home/airflow/.local/lib/python3.8/site-packages/airflow/example_dags/example_skip_dag.py took 0.144 seconds
[2025-11-13T06:33:51.089+0000] {processor.py:161} INFO - Started process (PID=1015) to work on /home/airflow/.local/lib/python3.8/site-packages/airflow/example_dags/example_skip_dag.py
[2025-11-13T06:33:51.091+0000] {processor.py:830} INFO - Processing file /home/airflow/.local/lib/python3.8/site-packages/airflow/example_dags/example_skip_dag.py for tasks to queue
[2025-11-13T06:33:51.093+0000] {logging_mixin.py:188} INFO - [2025-11-13T06:33:51.093+0000] {dagbag.py:538} INFO - Filling up the DagBag from /home/airflow/.local/lib/python3.8/site-packages/airflow/example_dags/example_skip_dag.py
[2025-11-13T06:33:51.102+0000] {processor.py:840} INFO - DAG(s) 'example_skip_dag' retrieved from /home/airflow/.local/lib/python3.8/site-packages/airflow/example_dags/example_skip_dag.py
[2025-11-13T06:33:51.129+0000] {logging_mixin.py:188} INFO - [2025-11-13T06:33:51.129+0000] {dag.py:3036} INFO - Sync 1 DAGs
[2025-11-13T06:33:51.155+0000] {logging_mixin.py:188} INFO - [2025-11-13T06:33:51.154+0000] {dag.py:3823} INFO - Setting next_dagrun for example_skip_dag to 2025-11-12 00:00:00+00:00, run_after=2025-11-13 00:00:00+00:00
[2025-11-13T06:33:51.187+0000] {processor.py:183} INFO - Processing /home/airflow/.local/lib/python3.8/site-packages/airflow/example_dags/example_skip_dag.py took 0.103 seconds
[2025-11-13T06:34:21.306+0000] {processor.py:161} INFO - Started process (PID=1077) to work on /home/airflow/.local/lib/python3.8/site-packages/airflow/example_dags/example_skip_dag.py
[2025-11-13T06:34:21.308+0000] {processor.py:830} INFO - Processing file /home/airflow/.local/lib/python3.8/site-packages/airflow/example_dags/example_skip_dag.py for tasks to queue
[2025-11-13T06:34:21.311+0000] {logging_mixin.py:188} INFO - [2025-11-13T06:34:21.311+0000] {dagbag.py:538} INFO - Filling up the DagBag from /home/airflow/.local/lib/python3.8/site-packages/airflow/example_dags/example_skip_dag.py
[2025-11-13T06:34:21.322+0000] {processor.py:840} INFO - DAG(s) 'example_skip_dag' retrieved from /home/airflow/.local/lib/python3.8/site-packages/airflow/example_dags/example_skip_dag.py
[2025-11-13T06:34:21.358+0000] {logging_mixin.py:188} INFO - [2025-11-13T06:34:21.357+0000] {dag.py:3036} INFO - Sync 1 DAGs
[2025-11-13T06:34:21.393+0000] {logging_mixin.py:188} INFO - [2025-11-13T06:34:21.393+0000] {dag.py:3823} INFO - Setting next_dagrun for example_skip_dag to 2025-11-12 00:00:00+00:00, run_after=2025-11-13 00:00:00+00:00
[2025-11-13T06:34:21.431+0000] {processor.py:183} INFO - Processing /home/airflow/.local/lib/python3.8/site-packages/airflow/example_dags/example_skip_dag.py took 0.132 seconds
[2025-11-13T06:34:51.883+0000] {processor.py:161} INFO - Started process (PID=1139) to work on /home/airflow/.local/lib/python3.8/site-packages/airflow/example_dags/example_skip_dag.py
[2025-11-13T06:34:51.885+0000] {processor.py:830} INFO - Processing file /home/airflow/.local/lib/python3.8/site-packages/airflow/example_dags/example_skip_dag.py for tasks to queue
[2025-11-13T06:34:51.890+0000] {logging_mixin.py:188} INFO - [2025-11-13T06:34:51.889+0000] {dagbag.py:538} INFO - Filling up the DagBag from /home/airflow/.local/lib/python3.8/site-packages/airflow/example_dags/example_skip_dag.py
[2025-11-13T06:34:51.904+0000] {processor.py:840} INFO - DAG(s) 'example_skip_dag' retrieved from /home/airflow/.local/lib/python3.8/site-packages/airflow/example_dags/example_skip_dag.py
[2025-11-13T06:34:51.947+0000] {logging_mixin.py:188} INFO - [2025-11-13T06:34:51.947+0000] {dag.py:3036} INFO - Sync 1 DAGs
[2025-11-13T06:34:51.987+0000] {logging_mixin.py:188} INFO - [2025-11-13T06:34:51.987+0000] {dag.py:3823} INFO - Setting next_dagrun for example_skip_dag to 2025-11-12 00:00:00+00:00, run_after=2025-11-13 00:00:00+00:00
[2025-11-13T06:34:52.044+0000] {processor.py:183} INFO - Processing /home/airflow/.local/lib/python3.8/site-packages/airflow/example_dags/example_skip_dag.py took 0.168 seconds
[2025-11-13T06:35:22.581+0000] {processor.py:161} INFO - Started process (PID=1201) to work on /home/airflow/.local/lib/python3.8/site-packages/airflow/example_dags/example_skip_dag.py
[2025-11-13T06:35:22.583+0000] {processor.py:830} INFO - Processing file /home/airflow/.local/lib/python3.8/site-packages/airflow/example_dags/example_skip_dag.py for tasks to queue
[2025-11-13T06:35:22.585+0000] {logging_mixin.py:188} INFO - [2025-11-13T06:35:22.585+0000] {dagbag.py:538} INFO - Filling up the DagBag from /home/airflow/.local/lib/python3.8/site-packages/airflow/example_dags/example_skip_dag.py
[2025-11-13T06:35:22.593+0000] {processor.py:840} INFO - DAG(s) 'example_skip_dag' retrieved from /home/airflow/.local/lib/python3.8/site-packages/airflow/example_dags/example_skip_dag.py
[2025-11-13T06:35:22.622+0000] {logging_mixin.py:188} INFO - [2025-11-13T06:35:22.621+0000] {dag.py:3036} INFO - Sync 1 DAGs
[2025-11-13T06:35:22.647+0000] {logging_mixin.py:188} INFO - [2025-11-13T06:35:22.647+0000] {dag.py:3823} INFO - Setting next_dagrun for example_skip_dag to 2025-11-12 00:00:00+00:00, run_after=2025-11-13 00:00:00+00:00
[2025-11-13T06:35:22.682+0000] {processor.py:183} INFO - Processing /home/airflow/.local/lib/python3.8/site-packages/airflow/example_dags/example_skip_dag.py took 0.105 seconds
[2025-11-13T06:35:53.317+0000] {processor.py:161} INFO - Started process (PID=1263) to work on /home/airflow/.local/lib/python3.8/site-packages/airflow/example_dags/example_skip_dag.py
[2025-11-13T06:35:53.319+0000] {processor.py:830} INFO - Processing file /home/airflow/.local/lib/python3.8/site-packages/airflow/example_dags/example_skip_dag.py for tasks to queue
[2025-11-13T06:35:53.324+0000] {logging_mixin.py:188} INFO - [2025-11-13T06:35:53.323+0000] {dagbag.py:538} INFO - Filling up the DagBag from /home/airflow/.local/lib/python3.8/site-packages/airflow/example_dags/example_skip_dag.py
[2025-11-13T06:35:53.339+0000] {processor.py:840} INFO - DAG(s) 'example_skip_dag' retrieved from /home/airflow/.local/lib/python3.8/site-packages/airflow/example_dags/example_skip_dag.py
[2025-11-13T06:35:53.386+0000] {logging_mixin.py:188} INFO - [2025-11-13T06:35:53.386+0000] {dag.py:3036} INFO - Sync 1 DAGs
[2025-11-13T06:35:53.436+0000] {logging_mixin.py:188} INFO - [2025-11-13T06:35:53.435+0000] {dag.py:3823} INFO - Setting next_dagrun for example_skip_dag to 2025-11-12 00:00:00+00:00, run_after=2025-11-13 00:00:00+00:00
[2025-11-13T06:35:53.481+0000] {processor.py:183} INFO - Processing /home/airflow/.local/lib/python3.8/site-packages/airflow/example_dags/example_skip_dag.py took 0.172 seconds
[2025-11-13T06:36:23.583+0000] {processor.py:161} INFO - Started process (PID=1325) to work on /home/airflow/.local/lib/python3.8/site-packages/airflow/example_dags/example_skip_dag.py
[2025-11-13T06:36:23.585+0000] {processor.py:830} INFO - Processing file /home/airflow/.local/lib/python3.8/site-packages/airflow/example_dags/example_skip_dag.py for tasks to queue
[2025-11-13T06:36:23.588+0000] {logging_mixin.py:188} INFO - [2025-11-13T06:36:23.587+0000] {dagbag.py:538} INFO - Filling up the DagBag from /home/airflow/.local/lib/python3.8/site-packages/airflow/example_dags/example_skip_dag.py
[2025-11-13T06:36:23.597+0000] {processor.py:840} INFO - DAG(s) 'example_skip_dag' retrieved from /home/airflow/.local/lib/python3.8/site-packages/airflow/example_dags/example_skip_dag.py
[2025-11-13T06:36:23.635+0000] {logging_mixin.py:188} INFO - [2025-11-13T06:36:23.635+0000] {dag.py:3036} INFO - Sync 1 DAGs
[2025-11-13T06:36:23.677+0000] {logging_mixin.py:188} INFO - [2025-11-13T06:36:23.677+0000] {dag.py:3823} INFO - Setting next_dagrun for example_skip_dag to 2025-11-12 00:00:00+00:00, run_after=2025-11-13 00:00:00+00:00
[2025-11-13T06:36:23.711+0000] {processor.py:183} INFO - Processing /home/airflow/.local/lib/python3.8/site-packages/airflow/example_dags/example_skip_dag.py took 0.133 seconds
[2025-11-13T06:36:54.512+0000] {processor.py:161} INFO - Started process (PID=1386) to work on /home/airflow/.local/lib/python3.8/site-packages/airflow/example_dags/example_skip_dag.py
[2025-11-13T06:36:54.514+0000] {processor.py:830} INFO - Processing file /home/airflow/.local/lib/python3.8/site-packages/airflow/example_dags/example_skip_dag.py for tasks to queue
[2025-11-13T06:36:54.517+0000] {logging_mixin.py:188} INFO - [2025-11-13T06:36:54.517+0000] {dagbag.py:538} INFO - Filling up the DagBag from /home/airflow/.local/lib/python3.8/site-packages/airflow/example_dags/example_skip_dag.py
[2025-11-13T06:36:54.527+0000] {processor.py:840} INFO - DAG(s) 'example_skip_dag' retrieved from /home/airflow/.local/lib/python3.8/site-packages/airflow/example_dags/example_skip_dag.py
[2025-11-13T06:36:54.557+0000] {logging_mixin.py:188} INFO - [2025-11-13T06:36:54.556+0000] {dag.py:3036} INFO - Sync 1 DAGs
[2025-11-13T06:36:54.588+0000] {logging_mixin.py:188} INFO - [2025-11-13T06:36:54.588+0000] {dag.py:3823} INFO - Setting next_dagrun for example_skip_dag to 2025-11-12 00:00:00+00:00, run_after=2025-11-13 00:00:00+00:00
[2025-11-13T06:36:54.622+0000] {processor.py:183} INFO - Processing /home/airflow/.local/lib/python3.8/site-packages/airflow/example_dags/example_skip_dag.py took 0.116 seconds
[2025-11-13T06:37:25.203+0000] {processor.py:161} INFO - Started process (PID=1448) to work on /home/airflow/.local/lib/python3.8/site-packages/airflow/example_dags/example_skip_dag.py
[2025-11-13T06:37:25.205+0000] {processor.py:830} INFO - Processing file /home/airflow/.local/lib/python3.8/site-packages/airflow/example_dags/example_skip_dag.py for tasks to queue
[2025-11-13T06:37:25.212+0000] {logging_mixin.py:188} INFO - [2025-11-13T06:37:25.211+0000] {dagbag.py:538} INFO - Filling up the DagBag from /home/airflow/.local/lib/python3.8/site-packages/airflow/example_dags/example_skip_dag.py
[2025-11-13T06:37:25.226+0000] {processor.py:840} INFO - DAG(s) 'example_skip_dag' retrieved from /home/airflow/.local/lib/python3.8/site-packages/airflow/example_dags/example_skip_dag.py
[2025-11-13T06:37:25.272+0000] {logging_mixin.py:188} INFO - [2025-11-13T06:37:25.271+0000] {dag.py:3036} INFO - Sync 1 DAGs
[2025-11-13T06:37:25.312+0000] {logging_mixin.py:188} INFO - [2025-11-13T06:37:25.312+0000] {dag.py:3823} INFO - Setting next_dagrun for example_skip_dag to 2025-11-12 00:00:00+00:00, run_after=2025-11-13 00:00:00+00:00
[2025-11-13T06:37:25.356+0000] {processor.py:183} INFO - Processing /home/airflow/.local/lib/python3.8/site-packages/airflow/example_dags/example_skip_dag.py took 0.162 seconds
[2025-11-13T06:37:56.101+0000] {processor.py:161} INFO - Started process (PID=1510) to work on /home/airflow/.local/lib/python3.8/site-packages/airflow/example_dags/example_skip_dag.py
[2025-11-13T06:37:56.105+0000] {processor.py:830} INFO - Processing file /home/airflow/.local/lib/python3.8/site-packages/airflow/example_dags/example_skip_dag.py for tasks to queue
[2025-11-13T06:37:56.111+0000] {logging_mixin.py:188} INFO - [2025-11-13T06:37:56.110+0000] {dagbag.py:538} INFO - Filling up the DagBag from /home/airflow/.local/lib/python3.8/site-packages/airflow/example_dags/example_skip_dag.py
[2025-11-13T06:37:56.139+0000] {processor.py:840} INFO - DAG(s) 'example_skip_dag' retrieved from /home/airflow/.local/lib/python3.8/site-packages/airflow/example_dags/example_skip_dag.py
[2025-11-13T06:37:56.206+0000] {logging_mixin.py:188} INFO - [2025-11-13T06:37:56.205+0000] {dag.py:3036} INFO - Sync 1 DAGs
[2025-11-13T06:37:56.285+0000] {logging_mixin.py:188} INFO - [2025-11-13T06:37:56.284+0000] {dag.py:3823} INFO - Setting next_dagrun for example_skip_dag to 2025-11-12 00:00:00+00:00, run_after=2025-11-13 00:00:00+00:00
[2025-11-13T06:37:56.373+0000] {processor.py:183} INFO - Processing /home/airflow/.local/lib/python3.8/site-packages/airflow/example_dags/example_skip_dag.py took 0.285 seconds
[2025-11-13T06:38:26.794+0000] {processor.py:161} INFO - Started process (PID=1572) to work on /home/airflow/.local/lib/python3.8/site-packages/airflow/example_dags/example_skip_dag.py
[2025-11-13T06:38:26.796+0000] {processor.py:830} INFO - Processing file /home/airflow/.local/lib/python3.8/site-packages/airflow/example_dags/example_skip_dag.py for tasks to queue
[2025-11-13T06:38:26.800+0000] {logging_mixin.py:188} INFO - [2025-11-13T06:38:26.800+0000] {dagbag.py:538} INFO - Filling up the DagBag from /home/airflow/.local/lib/python3.8/site-packages/airflow/example_dags/example_skip_dag.py
[2025-11-13T06:38:26.812+0000] {processor.py:840} INFO - DAG(s) 'example_skip_dag' retrieved from /home/airflow/.local/lib/python3.8/site-packages/airflow/example_dags/example_skip_dag.py
[2025-11-13T06:38:26.853+0000] {logging_mixin.py:188} INFO - [2025-11-13T06:38:26.853+0000] {dag.py:3036} INFO - Sync 1 DAGs
[2025-11-13T06:38:26.895+0000] {logging_mixin.py:188} INFO - [2025-11-13T06:38:26.894+0000] {dag.py:3823} INFO - Setting next_dagrun for example_skip_dag to 2025-11-12 00:00:00+00:00, run_after=2025-11-13 00:00:00+00:00
[2025-11-13T06:38:26.930+0000] {processor.py:183} INFO - Processing /home/airflow/.local/lib/python3.8/site-packages/airflow/example_dags/example_skip_dag.py took 0.142 seconds
[2025-11-13T06:38:57.188+0000] {processor.py:161} INFO - Started process (PID=1634) to work on /home/airflow/.local/lib/python3.8/site-packages/airflow/example_dags/example_skip_dag.py
[2025-11-13T06:38:57.190+0000] {processor.py:830} INFO - Processing file /home/airflow/.local/lib/python3.8/site-packages/airflow/example_dags/example_skip_dag.py for tasks to queue
[2025-11-13T06:38:57.194+0000] {logging_mixin.py:188} INFO - [2025-11-13T06:38:57.193+0000] {dagbag.py:538} INFO - Filling up the DagBag from /home/airflow/.local/lib/python3.8/site-packages/airflow/example_dags/example_skip_dag.py
[2025-11-13T06:38:57.204+0000] {processor.py:840} INFO - DAG(s) 'example_skip_dag' retrieved from /home/airflow/.local/lib/python3.8/site-packages/airflow/example_dags/example_skip_dag.py
[2025-11-13T06:38:57.240+0000] {logging_mixin.py:188} INFO - [2025-11-13T06:38:57.240+0000] {dag.py:3036} INFO - Sync 1 DAGs
[2025-11-13T06:38:57.279+0000] {logging_mixin.py:188} INFO - [2025-11-13T06:38:57.279+0000] {dag.py:3823} INFO - Setting next_dagrun for example_skip_dag to 2025-11-12 00:00:00+00:00, run_after=2025-11-13 00:00:00+00:00
[2025-11-13T06:38:57.328+0000] {processor.py:183} INFO - Processing /home/airflow/.local/lib/python3.8/site-packages/airflow/example_dags/example_skip_dag.py took 0.146 seconds
[2025-11-13T06:39:27.826+0000] {processor.py:161} INFO - Started process (PID=1696) to work on /home/airflow/.local/lib/python3.8/site-packages/airflow/example_dags/example_skip_dag.py
[2025-11-13T06:39:27.834+0000] {processor.py:830} INFO - Processing file /home/airflow/.local/lib/python3.8/site-packages/airflow/example_dags/example_skip_dag.py for tasks to queue
[2025-11-13T06:39:27.840+0000] {logging_mixin.py:188} INFO - [2025-11-13T06:39:27.839+0000] {dagbag.py:538} INFO - Filling up the DagBag from /home/airflow/.local/lib/python3.8/site-packages/airflow/example_dags/example_skip_dag.py
[2025-11-13T06:39:27.863+0000] {processor.py:840} INFO - DAG(s) 'example_skip_dag' retrieved from /home/airflow/.local/lib/python3.8/site-packages/airflow/example_dags/example_skip_dag.py
[2025-11-13T06:39:27.963+0000] {logging_mixin.py:188} INFO - [2025-11-13T06:39:27.962+0000] {dag.py:3036} INFO - Sync 1 DAGs
[2025-11-13T06:39:28.087+0000] {logging_mixin.py:188} INFO - [2025-11-13T06:39:28.087+0000] {dag.py:3823} INFO - Setting next_dagrun for example_skip_dag to 2025-11-12 00:00:00+00:00, run_after=2025-11-13 00:00:00+00:00
[2025-11-13T06:39:28.144+0000] {processor.py:183} INFO - Processing /home/airflow/.local/lib/python3.8/site-packages/airflow/example_dags/example_skip_dag.py took 0.326 seconds
[2025-11-13T06:39:58.899+0000] {processor.py:161} INFO - Started process (PID=1758) to work on /home/airflow/.local/lib/python3.8/site-packages/airflow/example_dags/example_skip_dag.py
[2025-11-13T06:39:58.908+0000] {processor.py:830} INFO - Processing file /home/airflow/.local/lib/python3.8/site-packages/airflow/example_dags/example_skip_dag.py for tasks to queue
[2025-11-13T06:39:58.925+0000] {logging_mixin.py:188} INFO - [2025-11-13T06:39:58.924+0000] {dagbag.py:538} INFO - Filling up the DagBag from /home/airflow/.local/lib/python3.8/site-packages/airflow/example_dags/example_skip_dag.py
[2025-11-13T06:39:58.969+0000] {processor.py:840} INFO - DAG(s) 'example_skip_dag' retrieved from /home/airflow/.local/lib/python3.8/site-packages/airflow/example_dags/example_skip_dag.py
[2025-11-13T06:39:59.095+0000] {logging_mixin.py:188} INFO - [2025-11-13T06:39:59.094+0000] {dag.py:3036} INFO - Sync 1 DAGs
[2025-11-13T06:39:59.190+0000] {logging_mixin.py:188} INFO - [2025-11-13T06:39:59.190+0000] {dag.py:3823} INFO - Setting next_dagrun for example_skip_dag to 2025-11-12 00:00:00+00:00, run_after=2025-11-13 00:00:00+00:00
[2025-11-13T06:39:59.268+0000] {processor.py:183} INFO - Processing /home/airflow/.local/lib/python3.8/site-packages/airflow/example_dags/example_skip_dag.py took 0.389 seconds
[2025-11-13T06:40:29.444+0000] {processor.py:161} INFO - Started process (PID=1820) to work on /home/airflow/.local/lib/python3.8/site-packages/airflow/example_dags/example_skip_dag.py
[2025-11-13T06:40:29.446+0000] {processor.py:830} INFO - Processing file /home/airflow/.local/lib/python3.8/site-packages/airflow/example_dags/example_skip_dag.py for tasks to queue
[2025-11-13T06:40:29.450+0000] {logging_mixin.py:188} INFO - [2025-11-13T06:40:29.449+0000] {dagbag.py:538} INFO - Filling up the DagBag from /home/airflow/.local/lib/python3.8/site-packages/airflow/example_dags/example_skip_dag.py
[2025-11-13T06:40:29.459+0000] {processor.py:840} INFO - DAG(s) 'example_skip_dag' retrieved from /home/airflow/.local/lib/python3.8/site-packages/airflow/example_dags/example_skip_dag.py
[2025-11-13T06:40:29.490+0000] {logging_mixin.py:188} INFO - [2025-11-13T06:40:29.490+0000] {dag.py:3036} INFO - Sync 1 DAGs
[2025-11-13T06:40:29.531+0000] {logging_mixin.py:188} INFO - [2025-11-13T06:40:29.531+0000] {dag.py:3823} INFO - Setting next_dagrun for example_skip_dag to 2025-11-12 00:00:00+00:00, run_after=2025-11-13 00:00:00+00:00
[2025-11-13T06:40:29.561+0000] {processor.py:183} INFO - Processing /home/airflow/.local/lib/python3.8/site-packages/airflow/example_dags/example_skip_dag.py took 0.123 seconds
[2025-11-13T06:41:00.015+0000] {processor.py:161} INFO - Started process (PID=1888) to work on /home/airflow/.local/lib/python3.8/site-packages/airflow/example_dags/example_skip_dag.py
[2025-11-13T06:41:00.019+0000] {processor.py:830} INFO - Processing file /home/airflow/.local/lib/python3.8/site-packages/airflow/example_dags/example_skip_dag.py for tasks to queue
[2025-11-13T06:41:00.028+0000] {logging_mixin.py:188} INFO - [2025-11-13T06:41:00.024+0000] {dagbag.py:538} INFO - Filling up the DagBag from /home/airflow/.local/lib/python3.8/site-packages/airflow/example_dags/example_skip_dag.py
[2025-11-13T06:41:00.045+0000] {processor.py:840} INFO - DAG(s) 'example_skip_dag' retrieved from /home/airflow/.local/lib/python3.8/site-packages/airflow/example_dags/example_skip_dag.py
[2025-11-13T06:41:00.092+0000] {logging_mixin.py:188} INFO - [2025-11-13T06:41:00.091+0000] {dag.py:3036} INFO - Sync 1 DAGs
[2025-11-13T06:41:00.161+0000] {logging_mixin.py:188} INFO - [2025-11-13T06:41:00.161+0000] {dag.py:3823} INFO - Setting next_dagrun for example_skip_dag to 2025-11-12 00:00:00+00:00, run_after=2025-11-13 00:00:00+00:00
[2025-11-13T06:41:00.223+0000] {processor.py:183} INFO - Processing /home/airflow/.local/lib/python3.8/site-packages/airflow/example_dags/example_skip_dag.py took 0.228 seconds
[2025-11-13T06:41:31.068+0000] {processor.py:161} INFO - Started process (PID=1950) to work on /home/airflow/.local/lib/python3.8/site-packages/airflow/example_dags/example_skip_dag.py
[2025-11-13T06:41:31.071+0000] {processor.py:830} INFO - Processing file /home/airflow/.local/lib/python3.8/site-packages/airflow/example_dags/example_skip_dag.py for tasks to queue
[2025-11-13T06:41:31.075+0000] {logging_mixin.py:188} INFO - [2025-11-13T06:41:31.075+0000] {dagbag.py:538} INFO - Filling up the DagBag from /home/airflow/.local/lib/python3.8/site-packages/airflow/example_dags/example_skip_dag.py
[2025-11-13T06:41:31.089+0000] {processor.py:840} INFO - DAG(s) 'example_skip_dag' retrieved from /home/airflow/.local/lib/python3.8/site-packages/airflow/example_dags/example_skip_dag.py
[2025-11-13T06:41:31.143+0000] {logging_mixin.py:188} INFO - [2025-11-13T06:41:31.143+0000] {dag.py:3036} INFO - Sync 1 DAGs
[2025-11-13T06:41:31.191+0000] {logging_mixin.py:188} INFO - [2025-11-13T06:41:31.191+0000] {dag.py:3823} INFO - Setting next_dagrun for example_skip_dag to 2025-11-12 00:00:00+00:00, run_after=2025-11-13 00:00:00+00:00
[2025-11-13T06:41:31.243+0000] {processor.py:183} INFO - Processing /home/airflow/.local/lib/python3.8/site-packages/airflow/example_dags/example_skip_dag.py took 0.183 seconds
[2025-11-13T06:42:01.783+0000] {processor.py:161} INFO - Started process (PID=2012) to work on /home/airflow/.local/lib/python3.8/site-packages/airflow/example_dags/example_skip_dag.py
[2025-11-13T06:42:01.786+0000] {processor.py:830} INFO - Processing file /home/airflow/.local/lib/python3.8/site-packages/airflow/example_dags/example_skip_dag.py for tasks to queue
[2025-11-13T06:42:01.790+0000] {logging_mixin.py:188} INFO - [2025-11-13T06:42:01.789+0000] {dagbag.py:538} INFO - Filling up the DagBag from /home/airflow/.local/lib/python3.8/site-packages/airflow/example_dags/example_skip_dag.py
[2025-11-13T06:42:01.803+0000] {processor.py:840} INFO - DAG(s) 'example_skip_dag' retrieved from /home/airflow/.local/lib/python3.8/site-packages/airflow/example_dags/example_skip_dag.py
[2025-11-13T06:42:01.858+0000] {logging_mixin.py:188} INFO - [2025-11-13T06:42:01.858+0000] {dag.py:3036} INFO - Sync 1 DAGs
[2025-11-13T06:42:01.997+0000] {logging_mixin.py:188} INFO - [2025-11-13T06:42:01.996+0000] {dag.py:3823} INFO - Setting next_dagrun for example_skip_dag to 2025-11-12 00:00:00+00:00, run_after=2025-11-13 00:00:00+00:00
[2025-11-13T06:42:02.063+0000] {processor.py:183} INFO - Processing /home/airflow/.local/lib/python3.8/site-packages/airflow/example_dags/example_skip_dag.py took 0.287 seconds
[2025-11-13T06:42:32.162+0000] {processor.py:161} INFO - Started process (PID=2073) to work on /home/airflow/.local/lib/python3.8/site-packages/airflow/example_dags/example_skip_dag.py
[2025-11-13T06:42:32.165+0000] {processor.py:830} INFO - Processing file /home/airflow/.local/lib/python3.8/site-packages/airflow/example_dags/example_skip_dag.py for tasks to queue
[2025-11-13T06:42:32.174+0000] {logging_mixin.py:188} INFO - [2025-11-13T06:42:32.173+0000] {dagbag.py:538} INFO - Filling up the DagBag from /home/airflow/.local/lib/python3.8/site-packages/airflow/example_dags/example_skip_dag.py
[2025-11-13T06:42:32.186+0000] {processor.py:840} INFO - DAG(s) 'example_skip_dag' retrieved from /home/airflow/.local/lib/python3.8/site-packages/airflow/example_dags/example_skip_dag.py
[2025-11-13T06:42:32.224+0000] {logging_mixin.py:188} INFO - [2025-11-13T06:42:32.223+0000] {dag.py:3036} INFO - Sync 1 DAGs
[2025-11-13T06:42:32.259+0000] {logging_mixin.py:188} INFO - [2025-11-13T06:42:32.258+0000] {dag.py:3823} INFO - Setting next_dagrun for example_skip_dag to 2025-11-12 00:00:00+00:00, run_after=2025-11-13 00:00:00+00:00
[2025-11-13T06:42:32.291+0000] {processor.py:183} INFO - Processing /home/airflow/.local/lib/python3.8/site-packages/airflow/example_dags/example_skip_dag.py took 0.135 seconds
[2025-11-13T06:43:02.513+0000] {processor.py:161} INFO - Started process (PID=2135) to work on /home/airflow/.local/lib/python3.8/site-packages/airflow/example_dags/example_skip_dag.py
[2025-11-13T06:43:02.515+0000] {processor.py:830} INFO - Processing file /home/airflow/.local/lib/python3.8/site-packages/airflow/example_dags/example_skip_dag.py for tasks to queue
[2025-11-13T06:43:02.518+0000] {logging_mixin.py:188} INFO - [2025-11-13T06:43:02.518+0000] {dagbag.py:538} INFO - Filling up the DagBag from /home/airflow/.local/lib/python3.8/site-packages/airflow/example_dags/example_skip_dag.py
[2025-11-13T06:43:02.528+0000] {processor.py:840} INFO - DAG(s) 'example_skip_dag' retrieved from /home/airflow/.local/lib/python3.8/site-packages/airflow/example_dags/example_skip_dag.py
[2025-11-13T06:43:02.557+0000] {logging_mixin.py:188} INFO - [2025-11-13T06:43:02.556+0000] {dag.py:3036} INFO - Sync 1 DAGs
[2025-11-13T06:43:02.584+0000] {logging_mixin.py:188} INFO - [2025-11-13T06:43:02.584+0000] {dag.py:3823} INFO - Setting next_dagrun for example_skip_dag to 2025-11-12 00:00:00+00:00, run_after=2025-11-13 00:00:00+00:00
[2025-11-13T06:43:02.618+0000] {processor.py:183} INFO - Processing /home/airflow/.local/lib/python3.8/site-packages/airflow/example_dags/example_skip_dag.py took 0.109 seconds
[2025-11-13T06:43:33.050+0000] {processor.py:161} INFO - Started process (PID=2199) to work on /home/airflow/.local/lib/python3.8/site-packages/airflow/example_dags/example_skip_dag.py
[2025-11-13T06:43:33.052+0000] {processor.py:830} INFO - Processing file /home/airflow/.local/lib/python3.8/site-packages/airflow/example_dags/example_skip_dag.py for tasks to queue
[2025-11-13T06:43:33.054+0000] {logging_mixin.py:188} INFO - [2025-11-13T06:43:33.054+0000] {dagbag.py:538} INFO - Filling up the DagBag from /home/airflow/.local/lib/python3.8/site-packages/airflow/example_dags/example_skip_dag.py
[2025-11-13T06:43:33.062+0000] {processor.py:840} INFO - DAG(s) 'example_skip_dag' retrieved from /home/airflow/.local/lib/python3.8/site-packages/airflow/example_dags/example_skip_dag.py
[2025-11-13T06:43:33.092+0000] {logging_mixin.py:188} INFO - [2025-11-13T06:43:33.092+0000] {dag.py:3036} INFO - Sync 1 DAGs
[2025-11-13T06:43:33.119+0000] {logging_mixin.py:188} INFO - [2025-11-13T06:43:33.119+0000] {dag.py:3823} INFO - Setting next_dagrun for example_skip_dag to 2025-11-12 00:00:00+00:00, run_after=2025-11-13 00:00:00+00:00
[2025-11-13T06:43:33.154+0000] {processor.py:183} INFO - Processing /home/airflow/.local/lib/python3.8/site-packages/airflow/example_dags/example_skip_dag.py took 0.108 seconds
[2025-11-13T06:44:03.540+0000] {processor.py:161} INFO - Started process (PID=2261) to work on /home/airflow/.local/lib/python3.8/site-packages/airflow/example_dags/example_skip_dag.py
[2025-11-13T06:44:03.542+0000] {processor.py:830} INFO - Processing file /home/airflow/.local/lib/python3.8/site-packages/airflow/example_dags/example_skip_dag.py for tasks to queue
[2025-11-13T06:44:03.546+0000] {logging_mixin.py:188} INFO - [2025-11-13T06:44:03.545+0000] {dagbag.py:538} INFO - Filling up the DagBag from /home/airflow/.local/lib/python3.8/site-packages/airflow/example_dags/example_skip_dag.py
[2025-11-13T06:44:03.557+0000] {processor.py:840} INFO - DAG(s) 'example_skip_dag' retrieved from /home/airflow/.local/lib/python3.8/site-packages/airflow/example_dags/example_skip_dag.py
[2025-11-13T06:44:03.599+0000] {logging_mixin.py:188} INFO - [2025-11-13T06:44:03.599+0000] {dag.py:3036} INFO - Sync 1 DAGs
[2025-11-13T06:44:03.640+0000] {logging_mixin.py:188} INFO - [2025-11-13T06:44:03.639+0000] {dag.py:3823} INFO - Setting next_dagrun for example_skip_dag to 2025-11-12 00:00:00+00:00, run_after=2025-11-13 00:00:00+00:00
[2025-11-13T06:44:03.672+0000] {processor.py:183} INFO - Processing /home/airflow/.local/lib/python3.8/site-packages/airflow/example_dags/example_skip_dag.py took 0.138 seconds
[2025-11-13T06:44:33.806+0000] {processor.py:161} INFO - Started process (PID=2323) to work on /home/airflow/.local/lib/python3.8/site-packages/airflow/example_dags/example_skip_dag.py
[2025-11-13T06:44:33.807+0000] {processor.py:830} INFO - Processing file /home/airflow/.local/lib/python3.8/site-packages/airflow/example_dags/example_skip_dag.py for tasks to queue
[2025-11-13T06:44:33.810+0000] {logging_mixin.py:188} INFO - [2025-11-13T06:44:33.810+0000] {dagbag.py:538} INFO - Filling up the DagBag from /home/airflow/.local/lib/python3.8/site-packages/airflow/example_dags/example_skip_dag.py
[2025-11-13T06:44:33.818+0000] {processor.py:840} INFO - DAG(s) 'example_skip_dag' retrieved from /home/airflow/.local/lib/python3.8/site-packages/airflow/example_dags/example_skip_dag.py
[2025-11-13T06:44:33.855+0000] {logging_mixin.py:188} INFO - [2025-11-13T06:44:33.854+0000] {dag.py:3036} INFO - Sync 1 DAGs
[2025-11-13T06:44:33.881+0000] {logging_mixin.py:188} INFO - [2025-11-13T06:44:33.881+0000] {dag.py:3823} INFO - Setting next_dagrun for example_skip_dag to 2025-11-12 00:00:00+00:00, run_after=2025-11-13 00:00:00+00:00
[2025-11-13T06:44:33.917+0000] {processor.py:183} INFO - Processing /home/airflow/.local/lib/python3.8/site-packages/airflow/example_dags/example_skip_dag.py took 0.115 seconds
[2025-11-13T06:45:04.304+0000] {processor.py:161} INFO - Started process (PID=2385) to work on /home/airflow/.local/lib/python3.8/site-packages/airflow/example_dags/example_skip_dag.py
[2025-11-13T06:45:04.306+0000] {processor.py:830} INFO - Processing file /home/airflow/.local/lib/python3.8/site-packages/airflow/example_dags/example_skip_dag.py for tasks to queue
[2025-11-13T06:45:04.308+0000] {logging_mixin.py:188} INFO - [2025-11-13T06:45:04.308+0000] {dagbag.py:538} INFO - Filling up the DagBag from /home/airflow/.local/lib/python3.8/site-packages/airflow/example_dags/example_skip_dag.py
[2025-11-13T06:45:04.316+0000] {processor.py:840} INFO - DAG(s) 'example_skip_dag' retrieved from /home/airflow/.local/lib/python3.8/site-packages/airflow/example_dags/example_skip_dag.py
[2025-11-13T06:45:04.345+0000] {logging_mixin.py:188} INFO - [2025-11-13T06:45:04.344+0000] {dag.py:3036} INFO - Sync 1 DAGs
[2025-11-13T06:45:04.370+0000] {logging_mixin.py:188} INFO - [2025-11-13T06:45:04.369+0000] {dag.py:3823} INFO - Setting next_dagrun for example_skip_dag to 2025-11-12 00:00:00+00:00, run_after=2025-11-13 00:00:00+00:00
[2025-11-13T06:45:04.395+0000] {processor.py:183} INFO - Processing /home/airflow/.local/lib/python3.8/site-packages/airflow/example_dags/example_skip_dag.py took 0.095 seconds
[2025-11-13T06:45:35.000+0000] {processor.py:161} INFO - Started process (PID=2447) to work on /home/airflow/.local/lib/python3.8/site-packages/airflow/example_dags/example_skip_dag.py
[2025-11-13T06:45:35.002+0000] {processor.py:830} INFO - Processing file /home/airflow/.local/lib/python3.8/site-packages/airflow/example_dags/example_skip_dag.py for tasks to queue
[2025-11-13T06:45:35.005+0000] {logging_mixin.py:188} INFO - [2025-11-13T06:45:35.005+0000] {dagbag.py:538} INFO - Filling up the DagBag from /home/airflow/.local/lib/python3.8/site-packages/airflow/example_dags/example_skip_dag.py
[2025-11-13T06:45:35.013+0000] {processor.py:840} INFO - DAG(s) 'example_skip_dag' retrieved from /home/airflow/.local/lib/python3.8/site-packages/airflow/example_dags/example_skip_dag.py
[2025-11-13T06:45:35.042+0000] {logging_mixin.py:188} INFO - [2025-11-13T06:45:35.042+0000] {dag.py:3036} INFO - Sync 1 DAGs
[2025-11-13T06:45:35.068+0000] {logging_mixin.py:188} INFO - [2025-11-13T06:45:35.068+0000] {dag.py:3823} INFO - Setting next_dagrun for example_skip_dag to 2025-11-12 00:00:00+00:00, run_after=2025-11-13 00:00:00+00:00
[2025-11-13T06:45:35.102+0000] {processor.py:183} INFO - Processing /home/airflow/.local/lib/python3.8/site-packages/airflow/example_dags/example_skip_dag.py took 0.107 seconds
[2025-11-13T06:46:05.933+0000] {processor.py:161} INFO - Started process (PID=2510) to work on /home/airflow/.local/lib/python3.8/site-packages/airflow/example_dags/example_skip_dag.py
[2025-11-13T06:46:05.935+0000] {processor.py:830} INFO - Processing file /home/airflow/.local/lib/python3.8/site-packages/airflow/example_dags/example_skip_dag.py for tasks to queue
[2025-11-13T06:46:05.937+0000] {logging_mixin.py:188} INFO - [2025-11-13T06:46:05.937+0000] {dagbag.py:538} INFO - Filling up the DagBag from /home/airflow/.local/lib/python3.8/site-packages/airflow/example_dags/example_skip_dag.py
[2025-11-13T06:46:05.945+0000] {processor.py:840} INFO - DAG(s) 'example_skip_dag' retrieved from /home/airflow/.local/lib/python3.8/site-packages/airflow/example_dags/example_skip_dag.py
[2025-11-13T06:46:05.975+0000] {logging_mixin.py:188} INFO - [2025-11-13T06:46:05.974+0000] {dag.py:3036} INFO - Sync 1 DAGs
[2025-11-13T06:46:06.002+0000] {logging_mixin.py:188} INFO - [2025-11-13T06:46:06.002+0000] {dag.py:3823} INFO - Setting next_dagrun for example_skip_dag to 2025-11-12 00:00:00+00:00, run_after=2025-11-13 00:00:00+00:00
[2025-11-13T06:46:06.035+0000] {processor.py:183} INFO - Processing /home/airflow/.local/lib/python3.8/site-packages/airflow/example_dags/example_skip_dag.py took 0.106 seconds
[2025-11-13T06:46:36.638+0000] {processor.py:161} INFO - Started process (PID=2573) to work on /home/airflow/.local/lib/python3.8/site-packages/airflow/example_dags/example_skip_dag.py
[2025-11-13T06:46:36.641+0000] {processor.py:830} INFO - Processing file /home/airflow/.local/lib/python3.8/site-packages/airflow/example_dags/example_skip_dag.py for tasks to queue
[2025-11-13T06:46:36.647+0000] {logging_mixin.py:188} INFO - [2025-11-13T06:46:36.646+0000] {dagbag.py:538} INFO - Filling up the DagBag from /home/airflow/.local/lib/python3.8/site-packages/airflow/example_dags/example_skip_dag.py
[2025-11-13T06:46:36.663+0000] {processor.py:840} INFO - DAG(s) 'example_skip_dag' retrieved from /home/airflow/.local/lib/python3.8/site-packages/airflow/example_dags/example_skip_dag.py
[2025-11-13T06:46:36.716+0000] {logging_mixin.py:188} INFO - [2025-11-13T06:46:36.716+0000] {dag.py:3036} INFO - Sync 1 DAGs
[2025-11-13T06:46:36.757+0000] {logging_mixin.py:188} INFO - [2025-11-13T06:46:36.756+0000] {dag.py:3823} INFO - Setting next_dagrun for example_skip_dag to 2025-11-12 00:00:00+00:00, run_after=2025-11-13 00:00:00+00:00
[2025-11-13T06:46:36.790+0000] {processor.py:183} INFO - Processing /home/airflow/.local/lib/python3.8/site-packages/airflow/example_dags/example_skip_dag.py took 0.162 seconds
[2025-11-13T06:47:07.219+0000] {processor.py:161} INFO - Started process (PID=2635) to work on /home/airflow/.local/lib/python3.8/site-packages/airflow/example_dags/example_skip_dag.py
[2025-11-13T06:47:07.220+0000] {processor.py:830} INFO - Processing file /home/airflow/.local/lib/python3.8/site-packages/airflow/example_dags/example_skip_dag.py for tasks to queue
[2025-11-13T06:47:07.223+0000] {logging_mixin.py:188} INFO - [2025-11-13T06:47:07.223+0000] {dagbag.py:538} INFO - Filling up the DagBag from /home/airflow/.local/lib/python3.8/site-packages/airflow/example_dags/example_skip_dag.py
[2025-11-13T06:47:07.231+0000] {processor.py:840} INFO - DAG(s) 'example_skip_dag' retrieved from /home/airflow/.local/lib/python3.8/site-packages/airflow/example_dags/example_skip_dag.py
[2025-11-13T06:47:07.259+0000] {logging_mixin.py:188} INFO - [2025-11-13T06:47:07.258+0000] {dag.py:3036} INFO - Sync 1 DAGs
[2025-11-13T06:47:07.285+0000] {logging_mixin.py:188} INFO - [2025-11-13T06:47:07.285+0000] {dag.py:3823} INFO - Setting next_dagrun for example_skip_dag to 2025-11-12 00:00:00+00:00, run_after=2025-11-13 00:00:00+00:00
[2025-11-13T06:47:07.319+0000] {processor.py:183} INFO - Processing /home/airflow/.local/lib/python3.8/site-packages/airflow/example_dags/example_skip_dag.py took 0.105 seconds
[2025-11-13T06:47:37.695+0000] {processor.py:161} INFO - Started process (PID=2698) to work on /home/airflow/.local/lib/python3.8/site-packages/airflow/example_dags/example_skip_dag.py
[2025-11-13T06:47:37.697+0000] {processor.py:830} INFO - Processing file /home/airflow/.local/lib/python3.8/site-packages/airflow/example_dags/example_skip_dag.py for tasks to queue
[2025-11-13T06:47:37.699+0000] {logging_mixin.py:188} INFO - [2025-11-13T06:47:37.699+0000] {dagbag.py:538} INFO - Filling up the DagBag from /home/airflow/.local/lib/python3.8/site-packages/airflow/example_dags/example_skip_dag.py
[2025-11-13T06:47:37.709+0000] {processor.py:840} INFO - DAG(s) 'example_skip_dag' retrieved from /home/airflow/.local/lib/python3.8/site-packages/airflow/example_dags/example_skip_dag.py
[2025-11-13T06:47:37.742+0000] {logging_mixin.py:188} INFO - [2025-11-13T06:47:37.741+0000] {dag.py:3036} INFO - Sync 1 DAGs
[2025-11-13T06:47:37.775+0000] {logging_mixin.py:188} INFO - [2025-11-13T06:47:37.775+0000] {dag.py:3823} INFO - Setting next_dagrun for example_skip_dag to 2025-11-12 00:00:00+00:00, run_after=2025-11-13 00:00:00+00:00
[2025-11-13T06:47:37.803+0000] {processor.py:183} INFO - Processing /home/airflow/.local/lib/python3.8/site-packages/airflow/example_dags/example_skip_dag.py took 0.113 seconds
[2025-11-13T06:48:08.626+0000] {processor.py:161} INFO - Started process (PID=2760) to work on /home/airflow/.local/lib/python3.8/site-packages/airflow/example_dags/example_skip_dag.py
[2025-11-13T06:48:08.628+0000] {processor.py:830} INFO - Processing file /home/airflow/.local/lib/python3.8/site-packages/airflow/example_dags/example_skip_dag.py for tasks to queue
[2025-11-13T06:48:08.632+0000] {logging_mixin.py:188} INFO - [2025-11-13T06:48:08.631+0000] {dagbag.py:538} INFO - Filling up the DagBag from /home/airflow/.local/lib/python3.8/site-packages/airflow/example_dags/example_skip_dag.py
[2025-11-13T06:48:08.645+0000] {processor.py:840} INFO - DAG(s) 'example_skip_dag' retrieved from /home/airflow/.local/lib/python3.8/site-packages/airflow/example_dags/example_skip_dag.py
[2025-11-13T06:48:08.693+0000] {logging_mixin.py:188} INFO - [2025-11-13T06:48:08.692+0000] {dag.py:3036} INFO - Sync 1 DAGs
[2025-11-13T06:48:08.731+0000] {logging_mixin.py:188} INFO - [2025-11-13T06:48:08.730+0000] {dag.py:3823} INFO - Setting next_dagrun for example_skip_dag to 2025-11-12 00:00:00+00:00, run_after=2025-11-13 00:00:00+00:00
[2025-11-13T06:48:08.763+0000] {processor.py:183} INFO - Processing /home/airflow/.local/lib/python3.8/site-packages/airflow/example_dags/example_skip_dag.py took 0.144 seconds
[2025-11-13T06:48:38.871+0000] {processor.py:161} INFO - Started process (PID=2822) to work on /home/airflow/.local/lib/python3.8/site-packages/airflow/example_dags/example_skip_dag.py
[2025-11-13T06:48:38.873+0000] {processor.py:830} INFO - Processing file /home/airflow/.local/lib/python3.8/site-packages/airflow/example_dags/example_skip_dag.py for tasks to queue
[2025-11-13T06:48:38.875+0000] {logging_mixin.py:188} INFO - [2025-11-13T06:48:38.875+0000] {dagbag.py:538} INFO - Filling up the DagBag from /home/airflow/.local/lib/python3.8/site-packages/airflow/example_dags/example_skip_dag.py
[2025-11-13T06:48:38.884+0000] {processor.py:840} INFO - DAG(s) 'example_skip_dag' retrieved from /home/airflow/.local/lib/python3.8/site-packages/airflow/example_dags/example_skip_dag.py
[2025-11-13T06:48:38.914+0000] {logging_mixin.py:188} INFO - [2025-11-13T06:48:38.913+0000] {dag.py:3036} INFO - Sync 1 DAGs
[2025-11-13T06:48:38.942+0000] {logging_mixin.py:188} INFO - [2025-11-13T06:48:38.942+0000] {dag.py:3823} INFO - Setting next_dagrun for example_skip_dag to 2025-11-12 00:00:00+00:00, run_after=2025-11-13 00:00:00+00:00
[2025-11-13T06:48:38.979+0000] {processor.py:183} INFO - Processing /home/airflow/.local/lib/python3.8/site-packages/airflow/example_dags/example_skip_dag.py took 0.113 seconds
[2025-11-13T06:49:09.513+0000] {processor.py:161} INFO - Started process (PID=2884) to work on /home/airflow/.local/lib/python3.8/site-packages/airflow/example_dags/example_skip_dag.py
[2025-11-13T06:49:09.514+0000] {processor.py:830} INFO - Processing file /home/airflow/.local/lib/python3.8/site-packages/airflow/example_dags/example_skip_dag.py for tasks to queue
[2025-11-13T06:49:09.518+0000] {logging_mixin.py:188} INFO - [2025-11-13T06:49:09.517+0000] {dagbag.py:538} INFO - Filling up the DagBag from /home/airflow/.local/lib/python3.8/site-packages/airflow/example_dags/example_skip_dag.py
[2025-11-13T06:49:09.530+0000] {processor.py:840} INFO - DAG(s) 'example_skip_dag' retrieved from /home/airflow/.local/lib/python3.8/site-packages/airflow/example_dags/example_skip_dag.py
[2025-11-13T06:49:09.574+0000] {logging_mixin.py:188} INFO - [2025-11-13T06:49:09.573+0000] {dag.py:3036} INFO - Sync 1 DAGs
[2025-11-13T06:49:09.614+0000] {logging_mixin.py:188} INFO - [2025-11-13T06:49:09.613+0000] {dag.py:3823} INFO - Setting next_dagrun for example_skip_dag to 2025-11-12 00:00:00+00:00, run_after=2025-11-13 00:00:00+00:00
[2025-11-13T06:49:09.663+0000] {processor.py:183} INFO - Processing /home/airflow/.local/lib/python3.8/site-packages/airflow/example_dags/example_skip_dag.py took 0.156 seconds
[2025-11-13T06:49:40.625+0000] {processor.py:161} INFO - Started process (PID=2946) to work on /home/airflow/.local/lib/python3.8/site-packages/airflow/example_dags/example_skip_dag.py
[2025-11-13T06:49:40.628+0000] {processor.py:830} INFO - Processing file /home/airflow/.local/lib/python3.8/site-packages/airflow/example_dags/example_skip_dag.py for tasks to queue
[2025-11-13T06:49:40.632+0000] {logging_mixin.py:188} INFO - [2025-11-13T06:49:40.631+0000] {dagbag.py:538} INFO - Filling up the DagBag from /home/airflow/.local/lib/python3.8/site-packages/airflow/example_dags/example_skip_dag.py
[2025-11-13T06:49:40.644+0000] {processor.py:840} INFO - DAG(s) 'example_skip_dag' retrieved from /home/airflow/.local/lib/python3.8/site-packages/airflow/example_dags/example_skip_dag.py
[2025-11-13T06:49:40.684+0000] {logging_mixin.py:188} INFO - [2025-11-13T06:49:40.684+0000] {dag.py:3036} INFO - Sync 1 DAGs
[2025-11-13T06:49:40.976+0000] {logging_mixin.py:188} INFO - [2025-11-13T06:49:40.975+0000] {dag.py:3823} INFO - Setting next_dagrun for example_skip_dag to 2025-11-12 00:00:00+00:00, run_after=2025-11-13 00:00:00+00:00
[2025-11-13T06:49:41.015+0000] {processor.py:183} INFO - Processing /home/airflow/.local/lib/python3.8/site-packages/airflow/example_dags/example_skip_dag.py took 0.398 seconds
[2025-11-13T06:50:12.530+0000] {processor.py:161} INFO - Started process (PID=3009) to work on /home/airflow/.local/lib/python3.8/site-packages/airflow/example_dags/example_skip_dag.py
[2025-11-13T06:50:12.540+0000] {processor.py:830} INFO - Processing file /home/airflow/.local/lib/python3.8/site-packages/airflow/example_dags/example_skip_dag.py for tasks to queue
[2025-11-13T06:50:12.554+0000] {logging_mixin.py:188} INFO - [2025-11-13T06:50:12.552+0000] {dagbag.py:538} INFO - Filling up the DagBag from /home/airflow/.local/lib/python3.8/site-packages/airflow/example_dags/example_skip_dag.py
[2025-11-13T06:50:12.593+0000] {processor.py:840} INFO - DAG(s) 'example_skip_dag' retrieved from /home/airflow/.local/lib/python3.8/site-packages/airflow/example_dags/example_skip_dag.py
[2025-11-13T06:50:12.716+0000] {logging_mixin.py:188} INFO - [2025-11-13T06:50:12.715+0000] {dag.py:3036} INFO - Sync 1 DAGs
[2025-11-13T06:50:12.916+0000] {logging_mixin.py:188} INFO - [2025-11-13T06:50:12.915+0000] {dag.py:3823} INFO - Setting next_dagrun for example_skip_dag to 2025-11-12 00:00:00+00:00, run_after=2025-11-13 00:00:00+00:00
[2025-11-13T06:50:13.051+0000] {processor.py:183} INFO - Processing /home/airflow/.local/lib/python3.8/site-packages/airflow/example_dags/example_skip_dag.py took 0.545 seconds
[2025-11-13T06:50:43.750+0000] {processor.py:161} INFO - Started process (PID=3071) to work on /home/airflow/.local/lib/python3.8/site-packages/airflow/example_dags/example_skip_dag.py
[2025-11-13T06:50:43.752+0000] {processor.py:830} INFO - Processing file /home/airflow/.local/lib/python3.8/site-packages/airflow/example_dags/example_skip_dag.py for tasks to queue
[2025-11-13T06:50:43.754+0000] {logging_mixin.py:188} INFO - [2025-11-13T06:50:43.754+0000] {dagbag.py:538} INFO - Filling up the DagBag from /home/airflow/.local/lib/python3.8/site-packages/airflow/example_dags/example_skip_dag.py
[2025-11-13T06:50:43.766+0000] {processor.py:840} INFO - DAG(s) 'example_skip_dag' retrieved from /home/airflow/.local/lib/python3.8/site-packages/airflow/example_dags/example_skip_dag.py
[2025-11-13T06:50:43.800+0000] {logging_mixin.py:188} INFO - [2025-11-13T06:50:43.799+0000] {dag.py:3036} INFO - Sync 1 DAGs
[2025-11-13T06:50:43.831+0000] {logging_mixin.py:188} INFO - [2025-11-13T06:50:43.830+0000] {dag.py:3823} INFO - Setting next_dagrun for example_skip_dag to 2025-11-12 00:00:00+00:00, run_after=2025-11-13 00:00:00+00:00
[2025-11-13T06:50:43.868+0000] {processor.py:183} INFO - Processing /home/airflow/.local/lib/python3.8/site-packages/airflow/example_dags/example_skip_dag.py took 0.122 seconds
