[2025-11-13T06:26:24.758+0000] {processor.py:161} INFO - Started process (PID=119) to work on /home/airflow/.local/lib/python3.8/site-packages/airflow/example_dags/example_sla_dag.py
[2025-11-13T06:26:24.767+0000] {processor.py:830} INFO - Processing file /home/airflow/.local/lib/python3.8/site-packages/airflow/example_dags/example_sla_dag.py for tasks to queue
[2025-11-13T06:26:24.778+0000] {logging_mixin.py:188} INFO - [2025-11-13T06:26:24.777+0000] {dagbag.py:538} INFO - Filling up the DagBag from /home/airflow/.local/lib/python3.8/site-packages/airflow/example_dags/example_sla_dag.py
[2025-11-13T06:26:24.848+0000] {processor.py:840} INFO - DAG(s) 'example_sla_dag' retrieved from /home/airflow/.local/lib/python3.8/site-packages/airflow/example_dags/example_sla_dag.py
[2025-11-13T06:26:24.948+0000] {logging_mixin.py:188} INFO - [2025-11-13T06:26:24.947+0000] {dag.py:3036} INFO - Sync 1 DAGs
[2025-11-13T06:26:25.135+0000] {logging_mixin.py:188} INFO - [2025-11-13T06:26:25.135+0000] {dag.py:3823} INFO - Setting next_dagrun for example_sla_dag to 2025-11-13 06:24:00+00:00, run_after=2025-11-13 06:26:00+00:00
[2025-11-13T06:26:25.261+0000] {processor.py:183} INFO - Processing /home/airflow/.local/lib/python3.8/site-packages/airflow/example_dags/example_sla_dag.py took 0.514 seconds
[2025-11-13T06:26:55.648+0000] {processor.py:161} INFO - Started process (PID=187) to work on /home/airflow/.local/lib/python3.8/site-packages/airflow/example_dags/example_sla_dag.py
[2025-11-13T06:26:55.658+0000] {processor.py:830} INFO - Processing file /home/airflow/.local/lib/python3.8/site-packages/airflow/example_dags/example_sla_dag.py for tasks to queue
[2025-11-13T06:26:55.663+0000] {logging_mixin.py:188} INFO - [2025-11-13T06:26:55.662+0000] {dagbag.py:538} INFO - Filling up the DagBag from /home/airflow/.local/lib/python3.8/site-packages/airflow/example_dags/example_sla_dag.py
[2025-11-13T06:26:55.678+0000] {processor.py:840} INFO - DAG(s) 'example_sla_dag' retrieved from /home/airflow/.local/lib/python3.8/site-packages/airflow/example_dags/example_sla_dag.py
[2025-11-13T06:26:55.879+0000] {logging_mixin.py:188} INFO - [2025-11-13T06:26:55.879+0000] {dag.py:3036} INFO - Sync 1 DAGs
[2025-11-13T06:26:55.921+0000] {logging_mixin.py:188} INFO - [2025-11-13T06:26:55.921+0000] {dag.py:3823} INFO - Setting next_dagrun for example_sla_dag to 2025-11-13 06:24:00+00:00, run_after=2025-11-13 06:26:00+00:00
[2025-11-13T06:26:55.966+0000] {processor.py:183} INFO - Processing /home/airflow/.local/lib/python3.8/site-packages/airflow/example_dags/example_sla_dag.py took 0.325 seconds
[2025-11-13T06:27:26.691+0000] {processor.py:161} INFO - Started process (PID=249) to work on /home/airflow/.local/lib/python3.8/site-packages/airflow/example_dags/example_sla_dag.py
[2025-11-13T06:27:26.692+0000] {processor.py:830} INFO - Processing file /home/airflow/.local/lib/python3.8/site-packages/airflow/example_dags/example_sla_dag.py for tasks to queue
[2025-11-13T06:27:26.696+0000] {logging_mixin.py:188} INFO - [2025-11-13T06:27:26.695+0000] {dagbag.py:538} INFO - Filling up the DagBag from /home/airflow/.local/lib/python3.8/site-packages/airflow/example_dags/example_sla_dag.py
[2025-11-13T06:27:26.707+0000] {processor.py:840} INFO - DAG(s) 'example_sla_dag' retrieved from /home/airflow/.local/lib/python3.8/site-packages/airflow/example_dags/example_sla_dag.py
[2025-11-13T06:27:26.736+0000] {logging_mixin.py:188} INFO - [2025-11-13T06:27:26.735+0000] {dag.py:3036} INFO - Sync 1 DAGs
[2025-11-13T06:27:26.772+0000] {logging_mixin.py:188} INFO - [2025-11-13T06:27:26.772+0000] {dag.py:3823} INFO - Setting next_dagrun for example_sla_dag to 2025-11-13 06:24:00+00:00, run_after=2025-11-13 06:26:00+00:00
[2025-11-13T06:27:26.802+0000] {processor.py:183} INFO - Processing /home/airflow/.local/lib/python3.8/site-packages/airflow/example_dags/example_sla_dag.py took 0.116 seconds
[2025-11-13T06:27:56.943+0000] {processor.py:161} INFO - Started process (PID=311) to work on /home/airflow/.local/lib/python3.8/site-packages/airflow/example_dags/example_sla_dag.py
[2025-11-13T06:27:56.944+0000] {processor.py:830} INFO - Processing file /home/airflow/.local/lib/python3.8/site-packages/airflow/example_dags/example_sla_dag.py for tasks to queue
[2025-11-13T06:27:56.947+0000] {logging_mixin.py:188} INFO - [2025-11-13T06:27:56.946+0000] {dagbag.py:538} INFO - Filling up the DagBag from /home/airflow/.local/lib/python3.8/site-packages/airflow/example_dags/example_sla_dag.py
[2025-11-13T06:27:56.961+0000] {processor.py:840} INFO - DAG(s) 'example_sla_dag' retrieved from /home/airflow/.local/lib/python3.8/site-packages/airflow/example_dags/example_sla_dag.py
[2025-11-13T06:27:56.991+0000] {logging_mixin.py:188} INFO - [2025-11-13T06:27:56.990+0000] {dag.py:3036} INFO - Sync 1 DAGs
[2025-11-13T06:27:57.035+0000] {logging_mixin.py:188} INFO - [2025-11-13T06:27:57.035+0000] {dag.py:3823} INFO - Setting next_dagrun for example_sla_dag to 2025-11-13 06:24:00+00:00, run_after=2025-11-13 06:26:00+00:00
[2025-11-13T06:27:57.074+0000] {processor.py:183} INFO - Processing /home/airflow/.local/lib/python3.8/site-packages/airflow/example_dags/example_sla_dag.py took 0.136 seconds
[2025-11-13T06:28:27.796+0000] {processor.py:161} INFO - Started process (PID=374) to work on /home/airflow/.local/lib/python3.8/site-packages/airflow/example_dags/example_sla_dag.py
[2025-11-13T06:28:27.798+0000] {processor.py:830} INFO - Processing file /home/airflow/.local/lib/python3.8/site-packages/airflow/example_dags/example_sla_dag.py for tasks to queue
[2025-11-13T06:28:27.800+0000] {logging_mixin.py:188} INFO - [2025-11-13T06:28:27.800+0000] {dagbag.py:538} INFO - Filling up the DagBag from /home/airflow/.local/lib/python3.8/site-packages/airflow/example_dags/example_sla_dag.py
[2025-11-13T06:28:27.812+0000] {processor.py:840} INFO - DAG(s) 'example_sla_dag' retrieved from /home/airflow/.local/lib/python3.8/site-packages/airflow/example_dags/example_sla_dag.py
[2025-11-13T06:28:27.838+0000] {logging_mixin.py:188} INFO - [2025-11-13T06:28:27.838+0000] {dag.py:3036} INFO - Sync 1 DAGs
[2025-11-13T06:28:27.867+0000] {logging_mixin.py:188} INFO - [2025-11-13T06:28:27.867+0000] {dag.py:3823} INFO - Setting next_dagrun for example_sla_dag to 2025-11-13 06:26:00+00:00, run_after=2025-11-13 06:28:00+00:00
[2025-11-13T06:28:27.892+0000] {processor.py:183} INFO - Processing /home/airflow/.local/lib/python3.8/site-packages/airflow/example_dags/example_sla_dag.py took 0.100 seconds
[2025-11-13T06:28:58.334+0000] {processor.py:161} INFO - Started process (PID=436) to work on /home/airflow/.local/lib/python3.8/site-packages/airflow/example_dags/example_sla_dag.py
[2025-11-13T06:28:58.336+0000] {processor.py:830} INFO - Processing file /home/airflow/.local/lib/python3.8/site-packages/airflow/example_dags/example_sla_dag.py for tasks to queue
[2025-11-13T06:28:58.339+0000] {logging_mixin.py:188} INFO - [2025-11-13T06:28:58.339+0000] {dagbag.py:538} INFO - Filling up the DagBag from /home/airflow/.local/lib/python3.8/site-packages/airflow/example_dags/example_sla_dag.py
[2025-11-13T06:28:58.354+0000] {processor.py:840} INFO - DAG(s) 'example_sla_dag' retrieved from /home/airflow/.local/lib/python3.8/site-packages/airflow/example_dags/example_sla_dag.py
[2025-11-13T06:28:58.387+0000] {logging_mixin.py:188} INFO - [2025-11-13T06:28:58.387+0000] {dag.py:3036} INFO - Sync 1 DAGs
[2025-11-13T06:28:58.429+0000] {logging_mixin.py:188} INFO - [2025-11-13T06:28:58.428+0000] {dag.py:3823} INFO - Setting next_dagrun for example_sla_dag to 2025-11-13 06:26:00+00:00, run_after=2025-11-13 06:28:00+00:00
[2025-11-13T06:28:58.462+0000] {processor.py:183} INFO - Processing /home/airflow/.local/lib/python3.8/site-packages/airflow/example_dags/example_sla_dag.py took 0.133 seconds
[2025-11-13T06:29:28.615+0000] {processor.py:161} INFO - Started process (PID=498) to work on /home/airflow/.local/lib/python3.8/site-packages/airflow/example_dags/example_sla_dag.py
[2025-11-13T06:29:28.617+0000] {processor.py:830} INFO - Processing file /home/airflow/.local/lib/python3.8/site-packages/airflow/example_dags/example_sla_dag.py for tasks to queue
[2025-11-13T06:29:28.620+0000] {logging_mixin.py:188} INFO - [2025-11-13T06:29:28.619+0000] {dagbag.py:538} INFO - Filling up the DagBag from /home/airflow/.local/lib/python3.8/site-packages/airflow/example_dags/example_sla_dag.py
[2025-11-13T06:29:28.637+0000] {processor.py:840} INFO - DAG(s) 'example_sla_dag' retrieved from /home/airflow/.local/lib/python3.8/site-packages/airflow/example_dags/example_sla_dag.py
[2025-11-13T06:29:28.662+0000] {logging_mixin.py:188} INFO - [2025-11-13T06:29:28.662+0000] {dag.py:3036} INFO - Sync 1 DAGs
[2025-11-13T06:29:28.691+0000] {logging_mixin.py:188} INFO - [2025-11-13T06:29:28.691+0000] {dag.py:3823} INFO - Setting next_dagrun for example_sla_dag to 2025-11-13 06:26:00+00:00, run_after=2025-11-13 06:28:00+00:00
[2025-11-13T06:29:28.722+0000] {processor.py:183} INFO - Processing /home/airflow/.local/lib/python3.8/site-packages/airflow/example_dags/example_sla_dag.py took 0.111 seconds
[2025-11-13T06:29:59.531+0000] {processor.py:161} INFO - Started process (PID=560) to work on /home/airflow/.local/lib/python3.8/site-packages/airflow/example_dags/example_sla_dag.py
[2025-11-13T06:29:59.533+0000] {processor.py:830} INFO - Processing file /home/airflow/.local/lib/python3.8/site-packages/airflow/example_dags/example_sla_dag.py for tasks to queue
[2025-11-13T06:29:59.536+0000] {logging_mixin.py:188} INFO - [2025-11-13T06:29:59.535+0000] {dagbag.py:538} INFO - Filling up the DagBag from /home/airflow/.local/lib/python3.8/site-packages/airflow/example_dags/example_sla_dag.py
[2025-11-13T06:29:59.549+0000] {processor.py:840} INFO - DAG(s) 'example_sla_dag' retrieved from /home/airflow/.local/lib/python3.8/site-packages/airflow/example_dags/example_sla_dag.py
[2025-11-13T06:29:59.578+0000] {logging_mixin.py:188} INFO - [2025-11-13T06:29:59.577+0000] {dag.py:3036} INFO - Sync 1 DAGs
[2025-11-13T06:29:59.614+0000] {logging_mixin.py:188} INFO - [2025-11-13T06:29:59.614+0000] {dag.py:3823} INFO - Setting next_dagrun for example_sla_dag to 2025-11-13 06:26:00+00:00, run_after=2025-11-13 06:28:00+00:00
[2025-11-13T06:29:59.648+0000] {processor.py:183} INFO - Processing /home/airflow/.local/lib/python3.8/site-packages/airflow/example_dags/example_sla_dag.py took 0.122 seconds
[2025-11-13T06:30:30.029+0000] {processor.py:161} INFO - Started process (PID=622) to work on /home/airflow/.local/lib/python3.8/site-packages/airflow/example_dags/example_sla_dag.py
[2025-11-13T06:30:30.030+0000] {processor.py:830} INFO - Processing file /home/airflow/.local/lib/python3.8/site-packages/airflow/example_dags/example_sla_dag.py for tasks to queue
[2025-11-13T06:30:30.033+0000] {logging_mixin.py:188} INFO - [2025-11-13T06:30:30.033+0000] {dagbag.py:538} INFO - Filling up the DagBag from /home/airflow/.local/lib/python3.8/site-packages/airflow/example_dags/example_sla_dag.py
[2025-11-13T06:30:30.044+0000] {processor.py:840} INFO - DAG(s) 'example_sla_dag' retrieved from /home/airflow/.local/lib/python3.8/site-packages/airflow/example_dags/example_sla_dag.py
[2025-11-13T06:30:30.067+0000] {logging_mixin.py:188} INFO - [2025-11-13T06:30:30.067+0000] {dag.py:3036} INFO - Sync 1 DAGs
[2025-11-13T06:30:30.096+0000] {logging_mixin.py:188} INFO - [2025-11-13T06:30:30.096+0000] {dag.py:3823} INFO - Setting next_dagrun for example_sla_dag to 2025-11-13 06:28:00+00:00, run_after=2025-11-13 06:30:00+00:00
[2025-11-13T06:30:30.122+0000] {processor.py:183} INFO - Processing /home/airflow/.local/lib/python3.8/site-packages/airflow/example_dags/example_sla_dag.py took 0.097 seconds
[2025-11-13T06:31:00.508+0000] {processor.py:161} INFO - Started process (PID=684) to work on /home/airflow/.local/lib/python3.8/site-packages/airflow/example_dags/example_sla_dag.py
[2025-11-13T06:31:00.510+0000] {processor.py:830} INFO - Processing file /home/airflow/.local/lib/python3.8/site-packages/airflow/example_dags/example_sla_dag.py for tasks to queue
[2025-11-13T06:31:00.513+0000] {logging_mixin.py:188} INFO - [2025-11-13T06:31:00.512+0000] {dagbag.py:538} INFO - Filling up the DagBag from /home/airflow/.local/lib/python3.8/site-packages/airflow/example_dags/example_sla_dag.py
[2025-11-13T06:31:00.525+0000] {processor.py:840} INFO - DAG(s) 'example_sla_dag' retrieved from /home/airflow/.local/lib/python3.8/site-packages/airflow/example_dags/example_sla_dag.py
[2025-11-13T06:31:00.553+0000] {logging_mixin.py:188} INFO - [2025-11-13T06:31:00.553+0000] {dag.py:3036} INFO - Sync 1 DAGs
[2025-11-13T06:31:00.583+0000] {logging_mixin.py:188} INFO - [2025-11-13T06:31:00.583+0000] {dag.py:3823} INFO - Setting next_dagrun for example_sla_dag to 2025-11-13 06:28:00+00:00, run_after=2025-11-13 06:30:00+00:00
[2025-11-13T06:31:00.609+0000] {processor.py:183} INFO - Processing /home/airflow/.local/lib/python3.8/site-packages/airflow/example_dags/example_sla_dag.py took 0.105 seconds
[2025-11-13T06:31:31.514+0000] {processor.py:161} INFO - Started process (PID=746) to work on /home/airflow/.local/lib/python3.8/site-packages/airflow/example_dags/example_sla_dag.py
[2025-11-13T06:31:31.515+0000] {processor.py:830} INFO - Processing file /home/airflow/.local/lib/python3.8/site-packages/airflow/example_dags/example_sla_dag.py for tasks to queue
[2025-11-13T06:31:31.518+0000] {logging_mixin.py:188} INFO - [2025-11-13T06:31:31.517+0000] {dagbag.py:538} INFO - Filling up the DagBag from /home/airflow/.local/lib/python3.8/site-packages/airflow/example_dags/example_sla_dag.py
[2025-11-13T06:31:31.528+0000] {processor.py:840} INFO - DAG(s) 'example_sla_dag' retrieved from /home/airflow/.local/lib/python3.8/site-packages/airflow/example_dags/example_sla_dag.py
[2025-11-13T06:31:31.553+0000] {logging_mixin.py:188} INFO - [2025-11-13T06:31:31.553+0000] {dag.py:3036} INFO - Sync 1 DAGs
[2025-11-13T06:31:31.581+0000] {logging_mixin.py:188} INFO - [2025-11-13T06:31:31.581+0000] {dag.py:3823} INFO - Setting next_dagrun for example_sla_dag to 2025-11-13 06:28:00+00:00, run_after=2025-11-13 06:30:00+00:00
[2025-11-13T06:31:31.608+0000] {processor.py:183} INFO - Processing /home/airflow/.local/lib/python3.8/site-packages/airflow/example_dags/example_sla_dag.py took 0.098 seconds
[2025-11-13T06:32:01.845+0000] {processor.py:161} INFO - Started process (PID=808) to work on /home/airflow/.local/lib/python3.8/site-packages/airflow/example_dags/example_sla_dag.py
[2025-11-13T06:32:01.846+0000] {processor.py:830} INFO - Processing file /home/airflow/.local/lib/python3.8/site-packages/airflow/example_dags/example_sla_dag.py for tasks to queue
[2025-11-13T06:32:01.849+0000] {logging_mixin.py:188} INFO - [2025-11-13T06:32:01.848+0000] {dagbag.py:538} INFO - Filling up the DagBag from /home/airflow/.local/lib/python3.8/site-packages/airflow/example_dags/example_sla_dag.py
[2025-11-13T06:32:01.861+0000] {processor.py:840} INFO - DAG(s) 'example_sla_dag' retrieved from /home/airflow/.local/lib/python3.8/site-packages/airflow/example_dags/example_sla_dag.py
[2025-11-13T06:32:01.886+0000] {logging_mixin.py:188} INFO - [2025-11-13T06:32:01.886+0000] {dag.py:3036} INFO - Sync 1 DAGs
[2025-11-13T06:32:01.918+0000] {logging_mixin.py:188} INFO - [2025-11-13T06:32:01.918+0000] {dag.py:3823} INFO - Setting next_dagrun for example_sla_dag to 2025-11-13 06:30:00+00:00, run_after=2025-11-13 06:32:00+00:00
[2025-11-13T06:32:01.947+0000] {processor.py:183} INFO - Processing /home/airflow/.local/lib/python3.8/site-packages/airflow/example_dags/example_sla_dag.py took 0.106 seconds
[2025-11-13T06:32:32.049+0000] {processor.py:161} INFO - Started process (PID=870) to work on /home/airflow/.local/lib/python3.8/site-packages/airflow/example_dags/example_sla_dag.py
[2025-11-13T06:32:32.051+0000] {processor.py:830} INFO - Processing file /home/airflow/.local/lib/python3.8/site-packages/airflow/example_dags/example_sla_dag.py for tasks to queue
[2025-11-13T06:32:32.055+0000] {logging_mixin.py:188} INFO - [2025-11-13T06:32:32.054+0000] {dagbag.py:538} INFO - Filling up the DagBag from /home/airflow/.local/lib/python3.8/site-packages/airflow/example_dags/example_sla_dag.py
[2025-11-13T06:32:32.070+0000] {processor.py:840} INFO - DAG(s) 'example_sla_dag' retrieved from /home/airflow/.local/lib/python3.8/site-packages/airflow/example_dags/example_sla_dag.py
[2025-11-13T06:32:32.102+0000] {logging_mixin.py:188} INFO - [2025-11-13T06:32:32.101+0000] {dag.py:3036} INFO - Sync 1 DAGs
[2025-11-13T06:32:32.139+0000] {logging_mixin.py:188} INFO - [2025-11-13T06:32:32.139+0000] {dag.py:3823} INFO - Setting next_dagrun for example_sla_dag to 2025-11-13 06:30:00+00:00, run_after=2025-11-13 06:32:00+00:00
[2025-11-13T06:32:32.169+0000] {processor.py:183} INFO - Processing /home/airflow/.local/lib/python3.8/site-packages/airflow/example_dags/example_sla_dag.py took 0.125 seconds
[2025-11-13T06:33:02.978+0000] {processor.py:161} INFO - Started process (PID=932) to work on /home/airflow/.local/lib/python3.8/site-packages/airflow/example_dags/example_sla_dag.py
[2025-11-13T06:33:02.980+0000] {processor.py:830} INFO - Processing file /home/airflow/.local/lib/python3.8/site-packages/airflow/example_dags/example_sla_dag.py for tasks to queue
[2025-11-13T06:33:02.984+0000] {logging_mixin.py:188} INFO - [2025-11-13T06:33:02.983+0000] {dagbag.py:538} INFO - Filling up the DagBag from /home/airflow/.local/lib/python3.8/site-packages/airflow/example_dags/example_sla_dag.py
[2025-11-13T06:33:02.999+0000] {processor.py:840} INFO - DAG(s) 'example_sla_dag' retrieved from /home/airflow/.local/lib/python3.8/site-packages/airflow/example_dags/example_sla_dag.py
[2025-11-13T06:33:03.034+0000] {logging_mixin.py:188} INFO - [2025-11-13T06:33:03.034+0000] {dag.py:3036} INFO - Sync 1 DAGs
[2025-11-13T06:33:03.078+0000] {logging_mixin.py:188} INFO - [2025-11-13T06:33:03.078+0000] {dag.py:3823} INFO - Setting next_dagrun for example_sla_dag to 2025-11-13 06:30:00+00:00, run_after=2025-11-13 06:32:00+00:00
[2025-11-13T06:33:03.109+0000] {processor.py:183} INFO - Processing /home/airflow/.local/lib/python3.8/site-packages/airflow/example_dags/example_sla_dag.py took 0.139 seconds
[2025-11-13T06:33:33.219+0000] {processor.py:161} INFO - Started process (PID=994) to work on /home/airflow/.local/lib/python3.8/site-packages/airflow/example_dags/example_sla_dag.py
[2025-11-13T06:33:33.220+0000] {processor.py:830} INFO - Processing file /home/airflow/.local/lib/python3.8/site-packages/airflow/example_dags/example_sla_dag.py for tasks to queue
[2025-11-13T06:33:33.223+0000] {logging_mixin.py:188} INFO - [2025-11-13T06:33:33.223+0000] {dagbag.py:538} INFO - Filling up the DagBag from /home/airflow/.local/lib/python3.8/site-packages/airflow/example_dags/example_sla_dag.py
[2025-11-13T06:33:33.233+0000] {processor.py:840} INFO - DAG(s) 'example_sla_dag' retrieved from /home/airflow/.local/lib/python3.8/site-packages/airflow/example_dags/example_sla_dag.py
[2025-11-13T06:33:33.258+0000] {logging_mixin.py:188} INFO - [2025-11-13T06:33:33.257+0000] {dag.py:3036} INFO - Sync 1 DAGs
[2025-11-13T06:33:33.284+0000] {logging_mixin.py:188} INFO - [2025-11-13T06:33:33.284+0000] {dag.py:3823} INFO - Setting next_dagrun for example_sla_dag to 2025-11-13 06:30:00+00:00, run_after=2025-11-13 06:32:00+00:00
[2025-11-13T06:33:33.307+0000] {processor.py:183} INFO - Processing /home/airflow/.local/lib/python3.8/site-packages/airflow/example_dags/example_sla_dag.py took 0.093 seconds
[2025-11-13T06:34:04.018+0000] {processor.py:161} INFO - Started process (PID=1056) to work on /home/airflow/.local/lib/python3.8/site-packages/airflow/example_dags/example_sla_dag.py
[2025-11-13T06:34:04.022+0000] {processor.py:830} INFO - Processing file /home/airflow/.local/lib/python3.8/site-packages/airflow/example_dags/example_sla_dag.py for tasks to queue
[2025-11-13T06:34:04.030+0000] {logging_mixin.py:188} INFO - [2025-11-13T06:34:04.028+0000] {dagbag.py:538} INFO - Filling up the DagBag from /home/airflow/.local/lib/python3.8/site-packages/airflow/example_dags/example_sla_dag.py
[2025-11-13T06:34:04.060+0000] {processor.py:840} INFO - DAG(s) 'example_sla_dag' retrieved from /home/airflow/.local/lib/python3.8/site-packages/airflow/example_dags/example_sla_dag.py
[2025-11-13T06:34:04.113+0000] {logging_mixin.py:188} INFO - [2025-11-13T06:34:04.113+0000] {dag.py:3036} INFO - Sync 1 DAGs
[2025-11-13T06:34:04.173+0000] {logging_mixin.py:188} INFO - [2025-11-13T06:34:04.173+0000] {dag.py:3823} INFO - Setting next_dagrun for example_sla_dag to 2025-11-13 06:32:00+00:00, run_after=2025-11-13 06:34:00+00:00
[2025-11-13T06:34:04.214+0000] {processor.py:183} INFO - Processing /home/airflow/.local/lib/python3.8/site-packages/airflow/example_dags/example_sla_dag.py took 0.209 seconds
[2025-11-13T06:34:34.717+0000] {processor.py:161} INFO - Started process (PID=1118) to work on /home/airflow/.local/lib/python3.8/site-packages/airflow/example_dags/example_sla_dag.py
[2025-11-13T06:34:34.719+0000] {processor.py:830} INFO - Processing file /home/airflow/.local/lib/python3.8/site-packages/airflow/example_dags/example_sla_dag.py for tasks to queue
[2025-11-13T06:34:34.723+0000] {logging_mixin.py:188} INFO - [2025-11-13T06:34:34.722+0000] {dagbag.py:538} INFO - Filling up the DagBag from /home/airflow/.local/lib/python3.8/site-packages/airflow/example_dags/example_sla_dag.py
[2025-11-13T06:34:34.738+0000] {processor.py:840} INFO - DAG(s) 'example_sla_dag' retrieved from /home/airflow/.local/lib/python3.8/site-packages/airflow/example_dags/example_sla_dag.py
[2025-11-13T06:34:34.771+0000] {logging_mixin.py:188} INFO - [2025-11-13T06:34:34.771+0000] {dag.py:3036} INFO - Sync 1 DAGs
[2025-11-13T06:34:34.813+0000] {logging_mixin.py:188} INFO - [2025-11-13T06:34:34.813+0000] {dag.py:3823} INFO - Setting next_dagrun for example_sla_dag to 2025-11-13 06:32:00+00:00, run_after=2025-11-13 06:34:00+00:00
[2025-11-13T06:34:34.846+0000] {processor.py:183} INFO - Processing /home/airflow/.local/lib/python3.8/site-packages/airflow/example_dags/example_sla_dag.py took 0.134 seconds
[2025-11-13T06:35:06.056+0000] {processor.py:161} INFO - Started process (PID=1180) to work on /home/airflow/.local/lib/python3.8/site-packages/airflow/example_dags/example_sla_dag.py
[2025-11-13T06:35:06.061+0000] {processor.py:830} INFO - Processing file /home/airflow/.local/lib/python3.8/site-packages/airflow/example_dags/example_sla_dag.py for tasks to queue
[2025-11-13T06:35:06.073+0000] {logging_mixin.py:188} INFO - [2025-11-13T06:35:06.072+0000] {dagbag.py:538} INFO - Filling up the DagBag from /home/airflow/.local/lib/python3.8/site-packages/airflow/example_dags/example_sla_dag.py
[2025-11-13T06:35:06.140+0000] {processor.py:840} INFO - DAG(s) 'example_sla_dag' retrieved from /home/airflow/.local/lib/python3.8/site-packages/airflow/example_dags/example_sla_dag.py
[2025-11-13T06:35:06.284+0000] {logging_mixin.py:188} INFO - [2025-11-13T06:35:06.283+0000] {dag.py:3036} INFO - Sync 1 DAGs
[2025-11-13T06:35:06.486+0000] {logging_mixin.py:188} INFO - [2025-11-13T06:35:06.485+0000] {dag.py:3823} INFO - Setting next_dagrun for example_sla_dag to 2025-11-13 06:32:00+00:00, run_after=2025-11-13 06:34:00+00:00
[2025-11-13T06:35:06.604+0000] {processor.py:183} INFO - Processing /home/airflow/.local/lib/python3.8/site-packages/airflow/example_dags/example_sla_dag.py took 0.567 seconds
[2025-11-13T06:35:37.196+0000] {processor.py:161} INFO - Started process (PID=1242) to work on /home/airflow/.local/lib/python3.8/site-packages/airflow/example_dags/example_sla_dag.py
[2025-11-13T06:35:37.197+0000] {processor.py:830} INFO - Processing file /home/airflow/.local/lib/python3.8/site-packages/airflow/example_dags/example_sla_dag.py for tasks to queue
[2025-11-13T06:35:37.201+0000] {logging_mixin.py:188} INFO - [2025-11-13T06:35:37.200+0000] {dagbag.py:538} INFO - Filling up the DagBag from /home/airflow/.local/lib/python3.8/site-packages/airflow/example_dags/example_sla_dag.py
[2025-11-13T06:35:37.217+0000] {processor.py:840} INFO - DAG(s) 'example_sla_dag' retrieved from /home/airflow/.local/lib/python3.8/site-packages/airflow/example_dags/example_sla_dag.py
[2025-11-13T06:35:37.248+0000] {logging_mixin.py:188} INFO - [2025-11-13T06:35:37.248+0000] {dag.py:3036} INFO - Sync 1 DAGs
[2025-11-13T06:35:37.294+0000] {logging_mixin.py:188} INFO - [2025-11-13T06:35:37.294+0000] {dag.py:3823} INFO - Setting next_dagrun for example_sla_dag to 2025-11-13 06:32:00+00:00, run_after=2025-11-13 06:34:00+00:00
[2025-11-13T06:35:37.329+0000] {processor.py:183} INFO - Processing /home/airflow/.local/lib/python3.8/site-packages/airflow/example_dags/example_sla_dag.py took 0.138 seconds
[2025-11-13T06:36:07.721+0000] {processor.py:161} INFO - Started process (PID=1304) to work on /home/airflow/.local/lib/python3.8/site-packages/airflow/example_dags/example_sla_dag.py
[2025-11-13T06:36:07.724+0000] {processor.py:830} INFO - Processing file /home/airflow/.local/lib/python3.8/site-packages/airflow/example_dags/example_sla_dag.py for tasks to queue
[2025-11-13T06:36:07.730+0000] {logging_mixin.py:188} INFO - [2025-11-13T06:36:07.729+0000] {dagbag.py:538} INFO - Filling up the DagBag from /home/airflow/.local/lib/python3.8/site-packages/airflow/example_dags/example_sla_dag.py
[2025-11-13T06:36:07.758+0000] {processor.py:840} INFO - DAG(s) 'example_sla_dag' retrieved from /home/airflow/.local/lib/python3.8/site-packages/airflow/example_dags/example_sla_dag.py
[2025-11-13T06:36:07.839+0000] {logging_mixin.py:188} INFO - [2025-11-13T06:36:07.838+0000] {dag.py:3036} INFO - Sync 1 DAGs
[2025-11-13T06:36:07.909+0000] {logging_mixin.py:188} INFO - [2025-11-13T06:36:07.909+0000] {dag.py:3823} INFO - Setting next_dagrun for example_sla_dag to 2025-11-13 06:34:00+00:00, run_after=2025-11-13 06:36:00+00:00
[2025-11-13T06:36:07.978+0000] {processor.py:183} INFO - Processing /home/airflow/.local/lib/python3.8/site-packages/airflow/example_dags/example_sla_dag.py took 0.276 seconds
[2025-11-13T06:36:38.523+0000] {processor.py:161} INFO - Started process (PID=1367) to work on /home/airflow/.local/lib/python3.8/site-packages/airflow/example_dags/example_sla_dag.py
[2025-11-13T06:36:38.524+0000] {processor.py:830} INFO - Processing file /home/airflow/.local/lib/python3.8/site-packages/airflow/example_dags/example_sla_dag.py for tasks to queue
[2025-11-13T06:36:38.527+0000] {logging_mixin.py:188} INFO - [2025-11-13T06:36:38.526+0000] {dagbag.py:538} INFO - Filling up the DagBag from /home/airflow/.local/lib/python3.8/site-packages/airflow/example_dags/example_sla_dag.py
[2025-11-13T06:36:38.537+0000] {processor.py:840} INFO - DAG(s) 'example_sla_dag' retrieved from /home/airflow/.local/lib/python3.8/site-packages/airflow/example_dags/example_sla_dag.py
[2025-11-13T06:36:38.561+0000] {logging_mixin.py:188} INFO - [2025-11-13T06:36:38.561+0000] {dag.py:3036} INFO - Sync 1 DAGs
[2025-11-13T06:36:38.593+0000] {logging_mixin.py:188} INFO - [2025-11-13T06:36:38.593+0000] {dag.py:3823} INFO - Setting next_dagrun for example_sla_dag to 2025-11-13 06:34:00+00:00, run_after=2025-11-13 06:36:00+00:00
[2025-11-13T06:36:38.623+0000] {processor.py:183} INFO - Processing /home/airflow/.local/lib/python3.8/site-packages/airflow/example_dags/example_sla_dag.py took 0.105 seconds
[2025-11-13T06:37:09.537+0000] {processor.py:161} INFO - Started process (PID=1429) to work on /home/airflow/.local/lib/python3.8/site-packages/airflow/example_dags/example_sla_dag.py
[2025-11-13T06:37:09.538+0000] {processor.py:830} INFO - Processing file /home/airflow/.local/lib/python3.8/site-packages/airflow/example_dags/example_sla_dag.py for tasks to queue
[2025-11-13T06:37:09.541+0000] {logging_mixin.py:188} INFO - [2025-11-13T06:37:09.541+0000] {dagbag.py:538} INFO - Filling up the DagBag from /home/airflow/.local/lib/python3.8/site-packages/airflow/example_dags/example_sla_dag.py
[2025-11-13T06:37:09.552+0000] {processor.py:840} INFO - DAG(s) 'example_sla_dag' retrieved from /home/airflow/.local/lib/python3.8/site-packages/airflow/example_dags/example_sla_dag.py
[2025-11-13T06:37:09.578+0000] {logging_mixin.py:188} INFO - [2025-11-13T06:37:09.578+0000] {dag.py:3036} INFO - Sync 1 DAGs
[2025-11-13T06:37:09.611+0000] {logging_mixin.py:188} INFO - [2025-11-13T06:37:09.611+0000] {dag.py:3823} INFO - Setting next_dagrun for example_sla_dag to 2025-11-13 06:34:00+00:00, run_after=2025-11-13 06:36:00+00:00
[2025-11-13T06:37:09.637+0000] {processor.py:183} INFO - Processing /home/airflow/.local/lib/python3.8/site-packages/airflow/example_dags/example_sla_dag.py took 0.105 seconds
[2025-11-13T06:37:40.531+0000] {processor.py:161} INFO - Started process (PID=1491) to work on /home/airflow/.local/lib/python3.8/site-packages/airflow/example_dags/example_sla_dag.py
[2025-11-13T06:37:40.533+0000] {processor.py:830} INFO - Processing file /home/airflow/.local/lib/python3.8/site-packages/airflow/example_dags/example_sla_dag.py for tasks to queue
[2025-11-13T06:37:40.536+0000] {logging_mixin.py:188} INFO - [2025-11-13T06:37:40.535+0000] {dagbag.py:538} INFO - Filling up the DagBag from /home/airflow/.local/lib/python3.8/site-packages/airflow/example_dags/example_sla_dag.py
[2025-11-13T06:37:40.547+0000] {processor.py:840} INFO - DAG(s) 'example_sla_dag' retrieved from /home/airflow/.local/lib/python3.8/site-packages/airflow/example_dags/example_sla_dag.py
[2025-11-13T06:37:40.574+0000] {logging_mixin.py:188} INFO - [2025-11-13T06:37:40.573+0000] {dag.py:3036} INFO - Sync 1 DAGs
[2025-11-13T06:37:40.607+0000] {logging_mixin.py:188} INFO - [2025-11-13T06:37:40.607+0000] {dag.py:3823} INFO - Setting next_dagrun for example_sla_dag to 2025-11-13 06:34:00+00:00, run_after=2025-11-13 06:36:00+00:00
[2025-11-13T06:37:40.634+0000] {processor.py:183} INFO - Processing /home/airflow/.local/lib/python3.8/site-packages/airflow/example_dags/example_sla_dag.py took 0.108 seconds
[2025-11-13T06:38:10.970+0000] {processor.py:161} INFO - Started process (PID=1553) to work on /home/airflow/.local/lib/python3.8/site-packages/airflow/example_dags/example_sla_dag.py
[2025-11-13T06:38:10.974+0000] {processor.py:830} INFO - Processing file /home/airflow/.local/lib/python3.8/site-packages/airflow/example_dags/example_sla_dag.py for tasks to queue
[2025-11-13T06:38:10.979+0000] {logging_mixin.py:188} INFO - [2025-11-13T06:38:10.978+0000] {dagbag.py:538} INFO - Filling up the DagBag from /home/airflow/.local/lib/python3.8/site-packages/airflow/example_dags/example_sla_dag.py
[2025-11-13T06:38:11.000+0000] {processor.py:840} INFO - DAG(s) 'example_sla_dag' retrieved from /home/airflow/.local/lib/python3.8/site-packages/airflow/example_dags/example_sla_dag.py
[2025-11-13T06:38:11.045+0000] {logging_mixin.py:188} INFO - [2025-11-13T06:38:11.045+0000] {dag.py:3036} INFO - Sync 1 DAGs
[2025-11-13T06:38:11.097+0000] {logging_mixin.py:188} INFO - [2025-11-13T06:38:11.097+0000] {dag.py:3823} INFO - Setting next_dagrun for example_sla_dag to 2025-11-13 06:36:00+00:00, run_after=2025-11-13 06:38:00+00:00
[2025-11-13T06:38:11.136+0000] {processor.py:183} INFO - Processing /home/airflow/.local/lib/python3.8/site-packages/airflow/example_dags/example_sla_dag.py took 0.176 seconds
[2025-11-13T06:38:41.408+0000] {processor.py:161} INFO - Started process (PID=1615) to work on /home/airflow/.local/lib/python3.8/site-packages/airflow/example_dags/example_sla_dag.py
[2025-11-13T06:38:41.409+0000] {processor.py:830} INFO - Processing file /home/airflow/.local/lib/python3.8/site-packages/airflow/example_dags/example_sla_dag.py for tasks to queue
[2025-11-13T06:38:41.412+0000] {logging_mixin.py:188} INFO - [2025-11-13T06:38:41.412+0000] {dagbag.py:538} INFO - Filling up the DagBag from /home/airflow/.local/lib/python3.8/site-packages/airflow/example_dags/example_sla_dag.py
[2025-11-13T06:38:41.426+0000] {processor.py:840} INFO - DAG(s) 'example_sla_dag' retrieved from /home/airflow/.local/lib/python3.8/site-packages/airflow/example_dags/example_sla_dag.py
[2025-11-13T06:38:41.460+0000] {logging_mixin.py:188} INFO - [2025-11-13T06:38:41.459+0000] {dag.py:3036} INFO - Sync 1 DAGs
[2025-11-13T06:38:41.495+0000] {logging_mixin.py:188} INFO - [2025-11-13T06:38:41.494+0000] {dag.py:3823} INFO - Setting next_dagrun for example_sla_dag to 2025-11-13 06:36:00+00:00, run_after=2025-11-13 06:38:00+00:00
[2025-11-13T06:38:41.522+0000] {processor.py:183} INFO - Processing /home/airflow/.local/lib/python3.8/site-packages/airflow/example_dags/example_sla_dag.py took 0.119 seconds
[2025-11-13T06:39:12.016+0000] {processor.py:161} INFO - Started process (PID=1677) to work on /home/airflow/.local/lib/python3.8/site-packages/airflow/example_dags/example_sla_dag.py
[2025-11-13T06:39:12.020+0000] {processor.py:830} INFO - Processing file /home/airflow/.local/lib/python3.8/site-packages/airflow/example_dags/example_sla_dag.py for tasks to queue
[2025-11-13T06:39:12.028+0000] {logging_mixin.py:188} INFO - [2025-11-13T06:39:12.027+0000] {dagbag.py:538} INFO - Filling up the DagBag from /home/airflow/.local/lib/python3.8/site-packages/airflow/example_dags/example_sla_dag.py
[2025-11-13T06:39:12.051+0000] {processor.py:840} INFO - DAG(s) 'example_sla_dag' retrieved from /home/airflow/.local/lib/python3.8/site-packages/airflow/example_dags/example_sla_dag.py
[2025-11-13T06:39:12.102+0000] {logging_mixin.py:188} INFO - [2025-11-13T06:39:12.102+0000] {dag.py:3036} INFO - Sync 1 DAGs
[2025-11-13T06:39:12.163+0000] {logging_mixin.py:188} INFO - [2025-11-13T06:39:12.163+0000] {dag.py:3823} INFO - Setting next_dagrun for example_sla_dag to 2025-11-13 06:36:00+00:00, run_after=2025-11-13 06:38:00+00:00
[2025-11-13T06:39:12.207+0000] {processor.py:183} INFO - Processing /home/airflow/.local/lib/python3.8/site-packages/airflow/example_dags/example_sla_dag.py took 0.206 seconds
[2025-11-13T06:39:42.431+0000] {processor.py:161} INFO - Started process (PID=1739) to work on /home/airflow/.local/lib/python3.8/site-packages/airflow/example_dags/example_sla_dag.py
[2025-11-13T06:39:42.434+0000] {processor.py:830} INFO - Processing file /home/airflow/.local/lib/python3.8/site-packages/airflow/example_dags/example_sla_dag.py for tasks to queue
[2025-11-13T06:39:42.440+0000] {logging_mixin.py:188} INFO - [2025-11-13T06:39:42.438+0000] {dagbag.py:538} INFO - Filling up the DagBag from /home/airflow/.local/lib/python3.8/site-packages/airflow/example_dags/example_sla_dag.py
[2025-11-13T06:39:42.462+0000] {processor.py:840} INFO - DAG(s) 'example_sla_dag' retrieved from /home/airflow/.local/lib/python3.8/site-packages/airflow/example_dags/example_sla_dag.py
[2025-11-13T06:39:42.512+0000] {logging_mixin.py:188} INFO - [2025-11-13T06:39:42.511+0000] {dag.py:3036} INFO - Sync 1 DAGs
[2025-11-13T06:39:42.599+0000] {logging_mixin.py:188} INFO - [2025-11-13T06:39:42.598+0000] {dag.py:3823} INFO - Setting next_dagrun for example_sla_dag to 2025-11-13 06:36:00+00:00, run_after=2025-11-13 06:38:00+00:00
[2025-11-13T06:39:42.696+0000] {processor.py:183} INFO - Processing /home/airflow/.local/lib/python3.8/site-packages/airflow/example_dags/example_sla_dag.py took 0.275 seconds
[2025-11-13T06:40:12.853+0000] {processor.py:161} INFO - Started process (PID=1801) to work on /home/airflow/.local/lib/python3.8/site-packages/airflow/example_dags/example_sla_dag.py
[2025-11-13T06:40:12.855+0000] {processor.py:830} INFO - Processing file /home/airflow/.local/lib/python3.8/site-packages/airflow/example_dags/example_sla_dag.py for tasks to queue
[2025-11-13T06:40:12.859+0000] {logging_mixin.py:188} INFO - [2025-11-13T06:40:12.858+0000] {dagbag.py:538} INFO - Filling up the DagBag from /home/airflow/.local/lib/python3.8/site-packages/airflow/example_dags/example_sla_dag.py
[2025-11-13T06:40:12.874+0000] {processor.py:840} INFO - DAG(s) 'example_sla_dag' retrieved from /home/airflow/.local/lib/python3.8/site-packages/airflow/example_dags/example_sla_dag.py
[2025-11-13T06:40:12.907+0000] {logging_mixin.py:188} INFO - [2025-11-13T06:40:12.907+0000] {dag.py:3036} INFO - Sync 1 DAGs
[2025-11-13T06:40:12.952+0000] {logging_mixin.py:188} INFO - [2025-11-13T06:40:12.952+0000] {dag.py:3823} INFO - Setting next_dagrun for example_sla_dag to 2025-11-13 06:38:00+00:00, run_after=2025-11-13 06:40:00+00:00
[2025-11-13T06:40:12.986+0000] {processor.py:183} INFO - Processing /home/airflow/.local/lib/python3.8/site-packages/airflow/example_dags/example_sla_dag.py took 0.140 seconds
[2025-11-13T06:40:43.683+0000] {processor.py:161} INFO - Started process (PID=1863) to work on /home/airflow/.local/lib/python3.8/site-packages/airflow/example_dags/example_sla_dag.py
[2025-11-13T06:40:43.687+0000] {processor.py:830} INFO - Processing file /home/airflow/.local/lib/python3.8/site-packages/airflow/example_dags/example_sla_dag.py for tasks to queue
[2025-11-13T06:40:43.692+0000] {logging_mixin.py:188} INFO - [2025-11-13T06:40:43.691+0000] {dagbag.py:538} INFO - Filling up the DagBag from /home/airflow/.local/lib/python3.8/site-packages/airflow/example_dags/example_sla_dag.py
[2025-11-13T06:40:43.715+0000] {processor.py:840} INFO - DAG(s) 'example_sla_dag' retrieved from /home/airflow/.local/lib/python3.8/site-packages/airflow/example_dags/example_sla_dag.py
[2025-11-13T06:40:43.762+0000] {logging_mixin.py:188} INFO - [2025-11-13T06:40:43.761+0000] {dag.py:3036} INFO - Sync 1 DAGs
[2025-11-13T06:40:43.817+0000] {logging_mixin.py:188} INFO - [2025-11-13T06:40:43.816+0000] {dag.py:3823} INFO - Setting next_dagrun for example_sla_dag to 2025-11-13 06:38:00+00:00, run_after=2025-11-13 06:40:00+00:00
[2025-11-13T06:40:43.859+0000] {processor.py:183} INFO - Processing /home/airflow/.local/lib/python3.8/site-packages/airflow/example_dags/example_sla_dag.py took 0.188 seconds
[2025-11-13T06:41:13.991+0000] {processor.py:161} INFO - Started process (PID=1925) to work on /home/airflow/.local/lib/python3.8/site-packages/airflow/example_dags/example_sla_dag.py
[2025-11-13T06:41:13.994+0000] {processor.py:830} INFO - Processing file /home/airflow/.local/lib/python3.8/site-packages/airflow/example_dags/example_sla_dag.py for tasks to queue
[2025-11-13T06:41:13.999+0000] {logging_mixin.py:188} INFO - [2025-11-13T06:41:13.998+0000] {dagbag.py:538} INFO - Filling up the DagBag from /home/airflow/.local/lib/python3.8/site-packages/airflow/example_dags/example_sla_dag.py
[2025-11-13T06:41:14.017+0000] {processor.py:840} INFO - DAG(s) 'example_sla_dag' retrieved from /home/airflow/.local/lib/python3.8/site-packages/airflow/example_dags/example_sla_dag.py
[2025-11-13T06:41:14.059+0000] {logging_mixin.py:188} INFO - [2025-11-13T06:41:14.059+0000] {dag.py:3036} INFO - Sync 1 DAGs
[2025-11-13T06:41:14.113+0000] {logging_mixin.py:188} INFO - [2025-11-13T06:41:14.112+0000] {dag.py:3823} INFO - Setting next_dagrun for example_sla_dag to 2025-11-13 06:38:00+00:00, run_after=2025-11-13 06:40:00+00:00
[2025-11-13T06:41:14.149+0000] {processor.py:183} INFO - Processing /home/airflow/.local/lib/python3.8/site-packages/airflow/example_dags/example_sla_dag.py took 0.171 seconds
[2025-11-13T06:41:46.490+0000] {processor.py:161} INFO - Started process (PID=1987) to work on /home/airflow/.local/lib/python3.8/site-packages/airflow/example_dags/example_sla_dag.py
[2025-11-13T06:41:46.492+0000] {processor.py:830} INFO - Processing file /home/airflow/.local/lib/python3.8/site-packages/airflow/example_dags/example_sla_dag.py for tasks to queue
[2025-11-13T06:41:46.495+0000] {logging_mixin.py:188} INFO - [2025-11-13T06:41:46.495+0000] {dagbag.py:538} INFO - Filling up the DagBag from /home/airflow/.local/lib/python3.8/site-packages/airflow/example_dags/example_sla_dag.py
[2025-11-13T06:41:46.516+0000] {processor.py:840} INFO - DAG(s) 'example_sla_dag' retrieved from /home/airflow/.local/lib/python3.8/site-packages/airflow/example_dags/example_sla_dag.py
[2025-11-13T06:41:46.561+0000] {logging_mixin.py:188} INFO - [2025-11-13T06:41:46.560+0000] {dag.py:3036} INFO - Sync 1 DAGs
[2025-11-13T06:41:46.605+0000] {logging_mixin.py:188} INFO - [2025-11-13T06:41:46.605+0000] {dag.py:3823} INFO - Setting next_dagrun for example_sla_dag to 2025-11-13 06:38:00+00:00, run_after=2025-11-13 06:40:00+00:00
[2025-11-13T06:41:46.651+0000] {processor.py:183} INFO - Processing /home/airflow/.local/lib/python3.8/site-packages/airflow/example_dags/example_sla_dag.py took 0.168 seconds
[2025-11-13T06:42:17.115+0000] {processor.py:161} INFO - Started process (PID=2049) to work on /home/airflow/.local/lib/python3.8/site-packages/airflow/example_dags/example_sla_dag.py
[2025-11-13T06:42:17.118+0000] {processor.py:830} INFO - Processing file /home/airflow/.local/lib/python3.8/site-packages/airflow/example_dags/example_sla_dag.py for tasks to queue
[2025-11-13T06:42:17.121+0000] {logging_mixin.py:188} INFO - [2025-11-13T06:42:17.121+0000] {dagbag.py:538} INFO - Filling up the DagBag from /home/airflow/.local/lib/python3.8/site-packages/airflow/example_dags/example_sla_dag.py
[2025-11-13T06:42:17.134+0000] {processor.py:840} INFO - DAG(s) 'example_sla_dag' retrieved from /home/airflow/.local/lib/python3.8/site-packages/airflow/example_dags/example_sla_dag.py
[2025-11-13T06:42:17.168+0000] {logging_mixin.py:188} INFO - [2025-11-13T06:42:17.167+0000] {dag.py:3036} INFO - Sync 1 DAGs
[2025-11-13T06:42:17.212+0000] {logging_mixin.py:188} INFO - [2025-11-13T06:42:17.211+0000] {dag.py:3823} INFO - Setting next_dagrun for example_sla_dag to 2025-11-13 06:40:00+00:00, run_after=2025-11-13 06:42:00+00:00
[2025-11-13T06:42:17.246+0000] {processor.py:183} INFO - Processing /home/airflow/.local/lib/python3.8/site-packages/airflow/example_dags/example_sla_dag.py took 0.136 seconds
[2025-11-13T06:42:47.590+0000] {processor.py:161} INFO - Started process (PID=2111) to work on /home/airflow/.local/lib/python3.8/site-packages/airflow/example_dags/example_sla_dag.py
[2025-11-13T06:42:47.592+0000] {processor.py:830} INFO - Processing file /home/airflow/.local/lib/python3.8/site-packages/airflow/example_dags/example_sla_dag.py for tasks to queue
[2025-11-13T06:42:47.596+0000] {logging_mixin.py:188} INFO - [2025-11-13T06:42:47.595+0000] {dagbag.py:538} INFO - Filling up the DagBag from /home/airflow/.local/lib/python3.8/site-packages/airflow/example_dags/example_sla_dag.py
[2025-11-13T06:42:47.610+0000] {processor.py:840} INFO - DAG(s) 'example_sla_dag' retrieved from /home/airflow/.local/lib/python3.8/site-packages/airflow/example_dags/example_sla_dag.py
[2025-11-13T06:42:47.645+0000] {logging_mixin.py:188} INFO - [2025-11-13T06:42:47.645+0000] {dag.py:3036} INFO - Sync 1 DAGs
[2025-11-13T06:42:47.678+0000] {logging_mixin.py:188} INFO - [2025-11-13T06:42:47.678+0000] {dag.py:3823} INFO - Setting next_dagrun for example_sla_dag to 2025-11-13 06:40:00+00:00, run_after=2025-11-13 06:42:00+00:00
[2025-11-13T06:42:47.707+0000] {processor.py:183} INFO - Processing /home/airflow/.local/lib/python3.8/site-packages/airflow/example_dags/example_sla_dag.py took 0.122 seconds
[2025-11-13T06:43:18.147+0000] {processor.py:161} INFO - Started process (PID=2173) to work on /home/airflow/.local/lib/python3.8/site-packages/airflow/example_dags/example_sla_dag.py
[2025-11-13T06:43:18.150+0000] {processor.py:830} INFO - Processing file /home/airflow/.local/lib/python3.8/site-packages/airflow/example_dags/example_sla_dag.py for tasks to queue
[2025-11-13T06:43:18.165+0000] {logging_mixin.py:188} INFO - [2025-11-13T06:43:18.164+0000] {dagbag.py:538} INFO - Filling up the DagBag from /home/airflow/.local/lib/python3.8/site-packages/airflow/example_dags/example_sla_dag.py
[2025-11-13T06:43:18.215+0000] {processor.py:840} INFO - DAG(s) 'example_sla_dag' retrieved from /home/airflow/.local/lib/python3.8/site-packages/airflow/example_dags/example_sla_dag.py
[2025-11-13T06:43:18.280+0000] {logging_mixin.py:188} INFO - [2025-11-13T06:43:18.270+0000] {dag.py:3036} INFO - Sync 1 DAGs
[2025-11-13T06:43:18.373+0000] {logging_mixin.py:188} INFO - [2025-11-13T06:43:18.372+0000] {dag.py:3823} INFO - Setting next_dagrun for example_sla_dag to 2025-11-13 06:40:00+00:00, run_after=2025-11-13 06:42:00+00:00
[2025-11-13T06:43:18.461+0000] {processor.py:183} INFO - Processing /home/airflow/.local/lib/python3.8/site-packages/airflow/example_dags/example_sla_dag.py took 0.332 seconds
[2025-11-13T06:43:49.489+0000] {processor.py:161} INFO - Started process (PID=2236) to work on /home/airflow/.local/lib/python3.8/site-packages/airflow/example_dags/example_sla_dag.py
[2025-11-13T06:43:49.492+0000] {processor.py:830} INFO - Processing file /home/airflow/.local/lib/python3.8/site-packages/airflow/example_dags/example_sla_dag.py for tasks to queue
[2025-11-13T06:43:49.498+0000] {logging_mixin.py:188} INFO - [2025-11-13T06:43:49.497+0000] {dagbag.py:538} INFO - Filling up the DagBag from /home/airflow/.local/lib/python3.8/site-packages/airflow/example_dags/example_sla_dag.py
[2025-11-13T06:43:49.532+0000] {processor.py:840} INFO - DAG(s) 'example_sla_dag' retrieved from /home/airflow/.local/lib/python3.8/site-packages/airflow/example_dags/example_sla_dag.py
[2025-11-13T06:43:49.615+0000] {logging_mixin.py:188} INFO - [2025-11-13T06:43:49.614+0000] {dag.py:3036} INFO - Sync 1 DAGs
[2025-11-13T06:43:49.718+0000] {logging_mixin.py:188} INFO - [2025-11-13T06:43:49.715+0000] {dag.py:3823} INFO - Setting next_dagrun for example_sla_dag to 2025-11-13 06:40:00+00:00, run_after=2025-11-13 06:42:00+00:00
[2025-11-13T06:43:49.780+0000] {processor.py:183} INFO - Processing /home/airflow/.local/lib/python3.8/site-packages/airflow/example_dags/example_sla_dag.py took 0.304 seconds
[2025-11-13T06:44:20.598+0000] {processor.py:161} INFO - Started process (PID=2298) to work on /home/airflow/.local/lib/python3.8/site-packages/airflow/example_dags/example_sla_dag.py
[2025-11-13T06:44:20.600+0000] {processor.py:830} INFO - Processing file /home/airflow/.local/lib/python3.8/site-packages/airflow/example_dags/example_sla_dag.py for tasks to queue
[2025-11-13T06:44:20.604+0000] {logging_mixin.py:188} INFO - [2025-11-13T06:44:20.603+0000] {dagbag.py:538} INFO - Filling up the DagBag from /home/airflow/.local/lib/python3.8/site-packages/airflow/example_dags/example_sla_dag.py
[2025-11-13T06:44:20.624+0000] {processor.py:840} INFO - DAG(s) 'example_sla_dag' retrieved from /home/airflow/.local/lib/python3.8/site-packages/airflow/example_dags/example_sla_dag.py
[2025-11-13T06:44:20.667+0000] {logging_mixin.py:188} INFO - [2025-11-13T06:44:20.667+0000] {dag.py:3036} INFO - Sync 1 DAGs
[2025-11-13T06:44:20.721+0000] {logging_mixin.py:188} INFO - [2025-11-13T06:44:20.721+0000] {dag.py:3823} INFO - Setting next_dagrun for example_sla_dag to 2025-11-13 06:42:00+00:00, run_after=2025-11-13 06:44:00+00:00
[2025-11-13T06:44:20.766+0000] {processor.py:183} INFO - Processing /home/airflow/.local/lib/python3.8/site-packages/airflow/example_dags/example_sla_dag.py took 0.177 seconds
[2025-11-13T06:44:51.989+0000] {processor.py:161} INFO - Started process (PID=2360) to work on /home/airflow/.local/lib/python3.8/site-packages/airflow/example_dags/example_sla_dag.py
[2025-11-13T06:44:51.999+0000] {processor.py:830} INFO - Processing file /home/airflow/.local/lib/python3.8/site-packages/airflow/example_dags/example_sla_dag.py for tasks to queue
[2025-11-13T06:44:52.005+0000] {logging_mixin.py:188} INFO - [2025-11-13T06:44:52.004+0000] {dagbag.py:538} INFO - Filling up the DagBag from /home/airflow/.local/lib/python3.8/site-packages/airflow/example_dags/example_sla_dag.py
[2025-11-13T06:44:52.029+0000] {processor.py:840} INFO - DAG(s) 'example_sla_dag' retrieved from /home/airflow/.local/lib/python3.8/site-packages/airflow/example_dags/example_sla_dag.py
[2025-11-13T06:44:52.112+0000] {logging_mixin.py:188} INFO - [2025-11-13T06:44:52.112+0000] {dag.py:3036} INFO - Sync 1 DAGs
[2025-11-13T06:44:52.227+0000] {logging_mixin.py:188} INFO - [2025-11-13T06:44:52.226+0000] {dag.py:3823} INFO - Setting next_dagrun for example_sla_dag to 2025-11-13 06:42:00+00:00, run_after=2025-11-13 06:44:00+00:00
[2025-11-13T06:44:52.286+0000] {processor.py:183} INFO - Processing /home/airflow/.local/lib/python3.8/site-packages/airflow/example_dags/example_sla_dag.py took 0.308 seconds
[2025-11-13T06:45:22.456+0000] {processor.py:161} INFO - Started process (PID=2422) to work on /home/airflow/.local/lib/python3.8/site-packages/airflow/example_dags/example_sla_dag.py
[2025-11-13T06:45:22.458+0000] {processor.py:830} INFO - Processing file /home/airflow/.local/lib/python3.8/site-packages/airflow/example_dags/example_sla_dag.py for tasks to queue
[2025-11-13T06:45:22.461+0000] {logging_mixin.py:188} INFO - [2025-11-13T06:45:22.460+0000] {dagbag.py:538} INFO - Filling up the DagBag from /home/airflow/.local/lib/python3.8/site-packages/airflow/example_dags/example_sla_dag.py
[2025-11-13T06:45:22.472+0000] {processor.py:840} INFO - DAG(s) 'example_sla_dag' retrieved from /home/airflow/.local/lib/python3.8/site-packages/airflow/example_dags/example_sla_dag.py
[2025-11-13T06:45:22.498+0000] {logging_mixin.py:188} INFO - [2025-11-13T06:45:22.498+0000] {dag.py:3036} INFO - Sync 1 DAGs
[2025-11-13T06:45:22.528+0000] {logging_mixin.py:188} INFO - [2025-11-13T06:45:22.528+0000] {dag.py:3823} INFO - Setting next_dagrun for example_sla_dag to 2025-11-13 06:42:00+00:00, run_after=2025-11-13 06:44:00+00:00
[2025-11-13T06:45:22.552+0000] {processor.py:183} INFO - Processing /home/airflow/.local/lib/python3.8/site-packages/airflow/example_dags/example_sla_dag.py took 0.101 seconds
[2025-11-13T06:45:53.023+0000] {processor.py:161} INFO - Started process (PID=2484) to work on /home/airflow/.local/lib/python3.8/site-packages/airflow/example_dags/example_sla_dag.py
[2025-11-13T06:45:53.025+0000] {processor.py:830} INFO - Processing file /home/airflow/.local/lib/python3.8/site-packages/airflow/example_dags/example_sla_dag.py for tasks to queue
[2025-11-13T06:45:53.029+0000] {logging_mixin.py:188} INFO - [2025-11-13T06:45:53.028+0000] {dagbag.py:538} INFO - Filling up the DagBag from /home/airflow/.local/lib/python3.8/site-packages/airflow/example_dags/example_sla_dag.py
[2025-11-13T06:45:53.044+0000] {processor.py:840} INFO - DAG(s) 'example_sla_dag' retrieved from /home/airflow/.local/lib/python3.8/site-packages/airflow/example_dags/example_sla_dag.py
[2025-11-13T06:45:53.076+0000] {logging_mixin.py:188} INFO - [2025-11-13T06:45:53.075+0000] {dag.py:3036} INFO - Sync 1 DAGs
[2025-11-13T06:45:53.114+0000] {logging_mixin.py:188} INFO - [2025-11-13T06:45:53.114+0000] {dag.py:3823} INFO - Setting next_dagrun for example_sla_dag to 2025-11-13 06:42:00+00:00, run_after=2025-11-13 06:44:00+00:00
[2025-11-13T06:45:53.145+0000] {processor.py:183} INFO - Processing /home/airflow/.local/lib/python3.8/site-packages/airflow/example_dags/example_sla_dag.py took 0.128 seconds
[2025-11-13T06:46:23.335+0000] {processor.py:161} INFO - Started process (PID=2546) to work on /home/airflow/.local/lib/python3.8/site-packages/airflow/example_dags/example_sla_dag.py
[2025-11-13T06:46:23.337+0000] {processor.py:830} INFO - Processing file /home/airflow/.local/lib/python3.8/site-packages/airflow/example_dags/example_sla_dag.py for tasks to queue
[2025-11-13T06:46:23.341+0000] {logging_mixin.py:188} INFO - [2025-11-13T06:46:23.341+0000] {dagbag.py:538} INFO - Filling up the DagBag from /home/airflow/.local/lib/python3.8/site-packages/airflow/example_dags/example_sla_dag.py
[2025-11-13T06:46:23.357+0000] {processor.py:840} INFO - DAG(s) 'example_sla_dag' retrieved from /home/airflow/.local/lib/python3.8/site-packages/airflow/example_dags/example_sla_dag.py
[2025-11-13T06:46:23.393+0000] {logging_mixin.py:188} INFO - [2025-11-13T06:46:23.393+0000] {dag.py:3036} INFO - Sync 1 DAGs
[2025-11-13T06:46:23.439+0000] {logging_mixin.py:188} INFO - [2025-11-13T06:46:23.439+0000] {dag.py:3823} INFO - Setting next_dagrun for example_sla_dag to 2025-11-13 06:44:00+00:00, run_after=2025-11-13 06:46:00+00:00
[2025-11-13T06:46:23.475+0000] {processor.py:183} INFO - Processing /home/airflow/.local/lib/python3.8/site-packages/airflow/example_dags/example_sla_dag.py took 0.148 seconds
[2025-11-13T06:46:53.540+0000] {processor.py:161} INFO - Started process (PID=2609) to work on /home/airflow/.local/lib/python3.8/site-packages/airflow/example_dags/example_sla_dag.py
[2025-11-13T06:46:53.542+0000] {processor.py:830} INFO - Processing file /home/airflow/.local/lib/python3.8/site-packages/airflow/example_dags/example_sla_dag.py for tasks to queue
[2025-11-13T06:46:53.545+0000] {logging_mixin.py:188} INFO - [2025-11-13T06:46:53.545+0000] {dagbag.py:538} INFO - Filling up the DagBag from /home/airflow/.local/lib/python3.8/site-packages/airflow/example_dags/example_sla_dag.py
[2025-11-13T06:46:53.559+0000] {processor.py:840} INFO - DAG(s) 'example_sla_dag' retrieved from /home/airflow/.local/lib/python3.8/site-packages/airflow/example_dags/example_sla_dag.py
[2025-11-13T06:46:53.588+0000] {logging_mixin.py:188} INFO - [2025-11-13T06:46:53.588+0000] {dag.py:3036} INFO - Sync 1 DAGs
[2025-11-13T06:46:53.624+0000] {logging_mixin.py:188} INFO - [2025-11-13T06:46:53.624+0000] {dag.py:3823} INFO - Setting next_dagrun for example_sla_dag to 2025-11-13 06:44:00+00:00, run_after=2025-11-13 06:46:00+00:00
[2025-11-13T06:46:53.655+0000] {processor.py:183} INFO - Processing /home/airflow/.local/lib/python3.8/site-packages/airflow/example_dags/example_sla_dag.py took 0.120 seconds
[2025-11-13T06:47:23.752+0000] {processor.py:161} INFO - Started process (PID=2671) to work on /home/airflow/.local/lib/python3.8/site-packages/airflow/example_dags/example_sla_dag.py
[2025-11-13T06:47:23.754+0000] {processor.py:830} INFO - Processing file /home/airflow/.local/lib/python3.8/site-packages/airflow/example_dags/example_sla_dag.py for tasks to queue
[2025-11-13T06:47:23.757+0000] {logging_mixin.py:188} INFO - [2025-11-13T06:47:23.757+0000] {dagbag.py:538} INFO - Filling up the DagBag from /home/airflow/.local/lib/python3.8/site-packages/airflow/example_dags/example_sla_dag.py
[2025-11-13T06:47:23.771+0000] {processor.py:840} INFO - DAG(s) 'example_sla_dag' retrieved from /home/airflow/.local/lib/python3.8/site-packages/airflow/example_dags/example_sla_dag.py
[2025-11-13T06:47:23.804+0000] {logging_mixin.py:188} INFO - [2025-11-13T06:47:23.804+0000] {dag.py:3036} INFO - Sync 1 DAGs
[2025-11-13T06:47:23.843+0000] {logging_mixin.py:188} INFO - [2025-11-13T06:47:23.843+0000] {dag.py:3823} INFO - Setting next_dagrun for example_sla_dag to 2025-11-13 06:44:00+00:00, run_after=2025-11-13 06:46:00+00:00
[2025-11-13T06:47:23.873+0000] {processor.py:183} INFO - Processing /home/airflow/.local/lib/python3.8/site-packages/airflow/example_dags/example_sla_dag.py took 0.126 seconds
[2025-11-13T06:47:55.564+0000] {processor.py:161} INFO - Started process (PID=2734) to work on /home/airflow/.local/lib/python3.8/site-packages/airflow/example_dags/example_sla_dag.py
[2025-11-13T06:47:55.569+0000] {processor.py:830} INFO - Processing file /home/airflow/.local/lib/python3.8/site-packages/airflow/example_dags/example_sla_dag.py for tasks to queue
[2025-11-13T06:47:55.576+0000] {logging_mixin.py:188} INFO - [2025-11-13T06:47:55.575+0000] {dagbag.py:538} INFO - Filling up the DagBag from /home/airflow/.local/lib/python3.8/site-packages/airflow/example_dags/example_sla_dag.py
[2025-11-13T06:47:55.609+0000] {processor.py:840} INFO - DAG(s) 'example_sla_dag' retrieved from /home/airflow/.local/lib/python3.8/site-packages/airflow/example_dags/example_sla_dag.py
[2025-11-13T06:47:55.680+0000] {logging_mixin.py:188} INFO - [2025-11-13T06:47:55.679+0000] {dag.py:3036} INFO - Sync 1 DAGs
[2025-11-13T06:47:55.776+0000] {logging_mixin.py:188} INFO - [2025-11-13T06:47:55.775+0000] {dag.py:3823} INFO - Setting next_dagrun for example_sla_dag to 2025-11-13 06:44:00+00:00, run_after=2025-11-13 06:46:00+00:00
[2025-11-13T06:47:55.858+0000] {processor.py:183} INFO - Processing /home/airflow/.local/lib/python3.8/site-packages/airflow/example_dags/example_sla_dag.py took 0.309 seconds
[2025-11-13T06:48:26.229+0000] {processor.py:161} INFO - Started process (PID=2796) to work on /home/airflow/.local/lib/python3.8/site-packages/airflow/example_dags/example_sla_dag.py
[2025-11-13T06:48:26.231+0000] {processor.py:830} INFO - Processing file /home/airflow/.local/lib/python3.8/site-packages/airflow/example_dags/example_sla_dag.py for tasks to queue
[2025-11-13T06:48:26.235+0000] {logging_mixin.py:188} INFO - [2025-11-13T06:48:26.235+0000] {dagbag.py:538} INFO - Filling up the DagBag from /home/airflow/.local/lib/python3.8/site-packages/airflow/example_dags/example_sla_dag.py
[2025-11-13T06:48:26.250+0000] {processor.py:840} INFO - DAG(s) 'example_sla_dag' retrieved from /home/airflow/.local/lib/python3.8/site-packages/airflow/example_dags/example_sla_dag.py
[2025-11-13T06:48:26.287+0000] {logging_mixin.py:188} INFO - [2025-11-13T06:48:26.287+0000] {dag.py:3036} INFO - Sync 1 DAGs
[2025-11-13T06:48:26.335+0000] {logging_mixin.py:188} INFO - [2025-11-13T06:48:26.334+0000] {dag.py:3823} INFO - Setting next_dagrun for example_sla_dag to 2025-11-13 06:46:00+00:00, run_after=2025-11-13 06:48:00+00:00
[2025-11-13T06:48:26.371+0000] {processor.py:183} INFO - Processing /home/airflow/.local/lib/python3.8/site-packages/airflow/example_dags/example_sla_dag.py took 0.148 seconds
[2025-11-13T06:48:59.990+0000] {processor.py:161} INFO - Started process (PID=2858) to work on /home/airflow/.local/lib/python3.8/site-packages/airflow/example_dags/example_sla_dag.py
[2025-11-13T06:48:59.994+0000] {processor.py:830} INFO - Processing file /home/airflow/.local/lib/python3.8/site-packages/airflow/example_dags/example_sla_dag.py for tasks to queue
[2025-11-13T06:49:00.001+0000] {logging_mixin.py:188} INFO - [2025-11-13T06:48:59.999+0000] {dagbag.py:538} INFO - Filling up the DagBag from /home/airflow/.local/lib/python3.8/site-packages/airflow/example_dags/example_sla_dag.py
[2025-11-13T06:49:00.039+0000] {processor.py:840} INFO - DAG(s) 'example_sla_dag' retrieved from /home/airflow/.local/lib/python3.8/site-packages/airflow/example_dags/example_sla_dag.py
[2025-11-13T06:49:00.118+0000] {logging_mixin.py:188} INFO - [2025-11-13T06:49:00.117+0000] {dag.py:3036} INFO - Sync 1 DAGs
[2025-11-13T06:49:00.226+0000] {logging_mixin.py:188} INFO - [2025-11-13T06:49:00.226+0000] {dag.py:3823} INFO - Setting next_dagrun for example_sla_dag to 2025-11-13 06:46:00+00:00, run_after=2025-11-13 06:48:00+00:00
[2025-11-13T06:49:00.612+0000] {processor.py:183} INFO - Processing /home/airflow/.local/lib/python3.8/site-packages/airflow/example_dags/example_sla_dag.py took 0.633 seconds
[2025-11-13T06:49:31.704+0000] {processor.py:161} INFO - Started process (PID=2920) to work on /home/airflow/.local/lib/python3.8/site-packages/airflow/example_dags/example_sla_dag.py
[2025-11-13T06:49:31.708+0000] {processor.py:830} INFO - Processing file /home/airflow/.local/lib/python3.8/site-packages/airflow/example_dags/example_sla_dag.py for tasks to queue
[2025-11-13T06:49:31.714+0000] {logging_mixin.py:188} INFO - [2025-11-13T06:49:31.713+0000] {dagbag.py:538} INFO - Filling up the DagBag from /home/airflow/.local/lib/python3.8/site-packages/airflow/example_dags/example_sla_dag.py
[2025-11-13T06:49:31.750+0000] {processor.py:840} INFO - DAG(s) 'example_sla_dag' retrieved from /home/airflow/.local/lib/python3.8/site-packages/airflow/example_dags/example_sla_dag.py
[2025-11-13T06:49:31.829+0000] {logging_mixin.py:188} INFO - [2025-11-13T06:49:31.828+0000] {dag.py:3036} INFO - Sync 1 DAGs
[2025-11-13T06:49:31.910+0000] {logging_mixin.py:188} INFO - [2025-11-13T06:49:31.910+0000] {dag.py:3823} INFO - Setting next_dagrun for example_sla_dag to 2025-11-13 06:46:00+00:00, run_after=2025-11-13 06:48:00+00:00
[2025-11-13T06:49:31.979+0000] {processor.py:183} INFO - Processing /home/airflow/.local/lib/python3.8/site-packages/airflow/example_dags/example_sla_dag.py took 0.294 seconds
