[2025-11-13T06:26:11.546+0000] {processor.py:161} INFO - Started process (PID=82) to work on /home/airflow/.local/lib/python3.8/site-packages/airflow/example_dags/example_xcomargs.py
[2025-11-13T06:26:11.555+0000] {processor.py:830} INFO - Processing file /home/airflow/.local/lib/python3.8/site-packages/airflow/example_dags/example_xcomargs.py for tasks to queue
[2025-11-13T06:26:11.575+0000] {logging_mixin.py:188} INFO - [2025-11-13T06:26:11.573+0000] {dagbag.py:538} INFO - Filling up the DagBag from /home/airflow/.local/lib/python3.8/site-packages/airflow/example_dags/example_xcomargs.py
[2025-11-13T06:26:11.689+0000] {processor.py:840} INFO - DAG(s) 'example_xcom_args_with_operators', 'example_xcom_args' retrieved from /home/airflow/.local/lib/python3.8/site-packages/airflow/example_dags/example_xcomargs.py
[2025-11-13T06:26:11.824+0000] {logging_mixin.py:188} INFO - [2025-11-13T06:26:11.823+0000] {dag.py:3036} INFO - Sync 2 DAGs
[2025-11-13T06:26:11.980+0000] {logging_mixin.py:188} INFO - [2025-11-13T06:26:11.979+0000] {dag.py:3823} INFO - Setting next_dagrun for example_xcom_args to None, run_after=None
[2025-11-13T06:26:12.018+0000] {logging_mixin.py:188} INFO - [2025-11-13T06:26:12.017+0000] {dag.py:3823} INFO - Setting next_dagrun for example_xcom_args_with_operators to None, run_after=None
[2025-11-13T06:26:12.160+0000] {processor.py:183} INFO - Processing /home/airflow/.local/lib/python3.8/site-packages/airflow/example_dags/example_xcomargs.py took 0.715 seconds
[2025-11-13T06:26:42.528+0000] {processor.py:161} INFO - Started process (PID=144) to work on /home/airflow/.local/lib/python3.8/site-packages/airflow/example_dags/example_xcomargs.py
[2025-11-13T06:26:42.531+0000] {processor.py:830} INFO - Processing file /home/airflow/.local/lib/python3.8/site-packages/airflow/example_dags/example_xcomargs.py for tasks to queue
[2025-11-13T06:26:42.536+0000] {logging_mixin.py:188} INFO - [2025-11-13T06:26:42.536+0000] {dagbag.py:538} INFO - Filling up the DagBag from /home/airflow/.local/lib/python3.8/site-packages/airflow/example_dags/example_xcomargs.py
[2025-11-13T06:26:42.561+0000] {processor.py:840} INFO - DAG(s) 'example_xcom_args', 'example_xcom_args_with_operators' retrieved from /home/airflow/.local/lib/python3.8/site-packages/airflow/example_dags/example_xcomargs.py
[2025-11-13T06:26:42.989+0000] {logging_mixin.py:188} INFO - [2025-11-13T06:26:42.988+0000] {dag.py:3036} INFO - Sync 2 DAGs
[2025-11-13T06:26:43.025+0000] {logging_mixin.py:188} INFO - [2025-11-13T06:26:43.024+0000] {dag.py:3823} INFO - Setting next_dagrun for example_xcom_args to None, run_after=None
[2025-11-13T06:26:43.035+0000] {logging_mixin.py:188} INFO - [2025-11-13T06:26:43.035+0000] {dag.py:3823} INFO - Setting next_dagrun for example_xcom_args_with_operators to None, run_after=None
[2025-11-13T06:26:43.096+0000] {processor.py:183} INFO - Processing /home/airflow/.local/lib/python3.8/site-packages/airflow/example_dags/example_xcomargs.py took 0.552 seconds
[2025-11-13T06:27:13.429+0000] {processor.py:161} INFO - Started process (PID=206) to work on /home/airflow/.local/lib/python3.8/site-packages/airflow/example_dags/example_xcomargs.py
[2025-11-13T06:27:13.432+0000] {processor.py:830} INFO - Processing file /home/airflow/.local/lib/python3.8/site-packages/airflow/example_dags/example_xcomargs.py for tasks to queue
[2025-11-13T06:27:13.436+0000] {logging_mixin.py:188} INFO - [2025-11-13T06:27:13.435+0000] {dagbag.py:538} INFO - Filling up the DagBag from /home/airflow/.local/lib/python3.8/site-packages/airflow/example_dags/example_xcomargs.py
[2025-11-13T06:27:13.452+0000] {processor.py:840} INFO - DAG(s) 'example_xcom_args_with_operators', 'example_xcom_args' retrieved from /home/airflow/.local/lib/python3.8/site-packages/airflow/example_dags/example_xcomargs.py
[2025-11-13T06:27:13.503+0000] {logging_mixin.py:188} INFO - [2025-11-13T06:27:13.502+0000] {dag.py:3036} INFO - Sync 2 DAGs
[2025-11-13T06:27:13.531+0000] {logging_mixin.py:188} INFO - [2025-11-13T06:27:13.531+0000] {dag.py:3823} INFO - Setting next_dagrun for example_xcom_args to None, run_after=None
[2025-11-13T06:27:13.541+0000] {logging_mixin.py:188} INFO - [2025-11-13T06:27:13.541+0000] {dag.py:3823} INFO - Setting next_dagrun for example_xcom_args_with_operators to None, run_after=None
[2025-11-13T06:27:13.590+0000] {processor.py:183} INFO - Processing /home/airflow/.local/lib/python3.8/site-packages/airflow/example_dags/example_xcomargs.py took 0.171 seconds
[2025-11-13T06:27:43.752+0000] {processor.py:161} INFO - Started process (PID=268) to work on /home/airflow/.local/lib/python3.8/site-packages/airflow/example_dags/example_xcomargs.py
[2025-11-13T06:27:43.754+0000] {processor.py:830} INFO - Processing file /home/airflow/.local/lib/python3.8/site-packages/airflow/example_dags/example_xcomargs.py for tasks to queue
[2025-11-13T06:27:43.757+0000] {logging_mixin.py:188} INFO - [2025-11-13T06:27:43.756+0000] {dagbag.py:538} INFO - Filling up the DagBag from /home/airflow/.local/lib/python3.8/site-packages/airflow/example_dags/example_xcomargs.py
[2025-11-13T06:27:43.769+0000] {processor.py:840} INFO - DAG(s) 'example_xcom_args', 'example_xcom_args_with_operators' retrieved from /home/airflow/.local/lib/python3.8/site-packages/airflow/example_dags/example_xcomargs.py
[2025-11-13T06:27:43.803+0000] {logging_mixin.py:188} INFO - [2025-11-13T06:27:43.803+0000] {dag.py:3036} INFO - Sync 2 DAGs
[2025-11-13T06:27:43.820+0000] {logging_mixin.py:188} INFO - [2025-11-13T06:27:43.820+0000] {dag.py:3823} INFO - Setting next_dagrun for example_xcom_args to None, run_after=None
[2025-11-13T06:27:43.826+0000] {logging_mixin.py:188} INFO - [2025-11-13T06:27:43.825+0000] {dag.py:3823} INFO - Setting next_dagrun for example_xcom_args_with_operators to None, run_after=None
[2025-11-13T06:27:43.852+0000] {processor.py:183} INFO - Processing /home/airflow/.local/lib/python3.8/site-packages/airflow/example_dags/example_xcomargs.py took 0.105 seconds
[2025-11-13T06:28:14.082+0000] {processor.py:161} INFO - Started process (PID=330) to work on /home/airflow/.local/lib/python3.8/site-packages/airflow/example_dags/example_xcomargs.py
[2025-11-13T06:28:14.084+0000] {processor.py:830} INFO - Processing file /home/airflow/.local/lib/python3.8/site-packages/airflow/example_dags/example_xcomargs.py for tasks to queue
[2025-11-13T06:28:14.087+0000] {logging_mixin.py:188} INFO - [2025-11-13T06:28:14.087+0000] {dagbag.py:538} INFO - Filling up the DagBag from /home/airflow/.local/lib/python3.8/site-packages/airflow/example_dags/example_xcomargs.py
[2025-11-13T06:28:14.101+0000] {processor.py:840} INFO - DAG(s) 'example_xcom_args', 'example_xcom_args_with_operators' retrieved from /home/airflow/.local/lib/python3.8/site-packages/airflow/example_dags/example_xcomargs.py
[2025-11-13T06:28:14.144+0000] {logging_mixin.py:188} INFO - [2025-11-13T06:28:14.144+0000] {dag.py:3036} INFO - Sync 2 DAGs
[2025-11-13T06:28:14.166+0000] {logging_mixin.py:188} INFO - [2025-11-13T06:28:14.166+0000] {dag.py:3823} INFO - Setting next_dagrun for example_xcom_args to None, run_after=None
[2025-11-13T06:28:14.174+0000] {logging_mixin.py:188} INFO - [2025-11-13T06:28:14.173+0000] {dag.py:3823} INFO - Setting next_dagrun for example_xcom_args_with_operators to None, run_after=None
[2025-11-13T06:28:14.200+0000] {processor.py:183} INFO - Processing /home/airflow/.local/lib/python3.8/site-packages/airflow/example_dags/example_xcomargs.py took 0.125 seconds
[2025-11-13T06:28:44.274+0000] {processor.py:161} INFO - Started process (PID=393) to work on /home/airflow/.local/lib/python3.8/site-packages/airflow/example_dags/example_xcomargs.py
[2025-11-13T06:28:44.276+0000] {processor.py:830} INFO - Processing file /home/airflow/.local/lib/python3.8/site-packages/airflow/example_dags/example_xcomargs.py for tasks to queue
[2025-11-13T06:28:44.280+0000] {logging_mixin.py:188} INFO - [2025-11-13T06:28:44.279+0000] {dagbag.py:538} INFO - Filling up the DagBag from /home/airflow/.local/lib/python3.8/site-packages/airflow/example_dags/example_xcomargs.py
[2025-11-13T06:28:44.293+0000] {processor.py:840} INFO - DAG(s) 'example_xcom_args', 'example_xcom_args_with_operators' retrieved from /home/airflow/.local/lib/python3.8/site-packages/airflow/example_dags/example_xcomargs.py
[2025-11-13T06:28:44.328+0000] {logging_mixin.py:188} INFO - [2025-11-13T06:28:44.328+0000] {dag.py:3036} INFO - Sync 2 DAGs
[2025-11-13T06:28:44.347+0000] {logging_mixin.py:188} INFO - [2025-11-13T06:28:44.347+0000] {dag.py:3823} INFO - Setting next_dagrun for example_xcom_args to None, run_after=None
[2025-11-13T06:28:44.353+0000] {logging_mixin.py:188} INFO - [2025-11-13T06:28:44.353+0000] {dag.py:3823} INFO - Setting next_dagrun for example_xcom_args_with_operators to None, run_after=None
[2025-11-13T06:28:44.381+0000] {processor.py:183} INFO - Processing /home/airflow/.local/lib/python3.8/site-packages/airflow/example_dags/example_xcomargs.py took 0.112 seconds
[2025-11-13T06:29:14.901+0000] {processor.py:161} INFO - Started process (PID=455) to work on /home/airflow/.local/lib/python3.8/site-packages/airflow/example_dags/example_xcomargs.py
[2025-11-13T06:29:14.903+0000] {processor.py:830} INFO - Processing file /home/airflow/.local/lib/python3.8/site-packages/airflow/example_dags/example_xcomargs.py for tasks to queue
[2025-11-13T06:29:14.906+0000] {logging_mixin.py:188} INFO - [2025-11-13T06:29:14.906+0000] {dagbag.py:538} INFO - Filling up the DagBag from /home/airflow/.local/lib/python3.8/site-packages/airflow/example_dags/example_xcomargs.py
[2025-11-13T06:29:14.925+0000] {processor.py:840} INFO - DAG(s) 'example_xcom_args_with_operators', 'example_xcom_args' retrieved from /home/airflow/.local/lib/python3.8/site-packages/airflow/example_dags/example_xcomargs.py
[2025-11-13T06:29:14.960+0000] {logging_mixin.py:188} INFO - [2025-11-13T06:29:14.960+0000] {dag.py:3036} INFO - Sync 2 DAGs
[2025-11-13T06:29:14.980+0000] {logging_mixin.py:188} INFO - [2025-11-13T06:29:14.979+0000] {dag.py:3823} INFO - Setting next_dagrun for example_xcom_args to None, run_after=None
[2025-11-13T06:29:14.986+0000] {logging_mixin.py:188} INFO - [2025-11-13T06:29:14.986+0000] {dag.py:3823} INFO - Setting next_dagrun for example_xcom_args_with_operators to None, run_after=None
[2025-11-13T06:29:15.016+0000] {processor.py:183} INFO - Processing /home/airflow/.local/lib/python3.8/site-packages/airflow/example_dags/example_xcomargs.py took 0.121 seconds
[2025-11-13T06:29:45.406+0000] {processor.py:161} INFO - Started process (PID=517) to work on /home/airflow/.local/lib/python3.8/site-packages/airflow/example_dags/example_xcomargs.py
[2025-11-13T06:29:45.410+0000] {processor.py:830} INFO - Processing file /home/airflow/.local/lib/python3.8/site-packages/airflow/example_dags/example_xcomargs.py for tasks to queue
[2025-11-13T06:29:45.415+0000] {logging_mixin.py:188} INFO - [2025-11-13T06:29:45.414+0000] {dagbag.py:538} INFO - Filling up the DagBag from /home/airflow/.local/lib/python3.8/site-packages/airflow/example_dags/example_xcomargs.py
[2025-11-13T06:29:45.458+0000] {processor.py:840} INFO - DAG(s) 'example_xcom_args_with_operators', 'example_xcom_args' retrieved from /home/airflow/.local/lib/python3.8/site-packages/airflow/example_dags/example_xcomargs.py
[2025-11-13T06:29:45.558+0000] {logging_mixin.py:188} INFO - [2025-11-13T06:29:45.557+0000] {dag.py:3036} INFO - Sync 2 DAGs
[2025-11-13T06:29:45.610+0000] {logging_mixin.py:188} INFO - [2025-11-13T06:29:45.610+0000] {dag.py:3823} INFO - Setting next_dagrun for example_xcom_args to None, run_after=None
[2025-11-13T06:29:45.625+0000] {logging_mixin.py:188} INFO - [2025-11-13T06:29:45.624+0000] {dag.py:3823} INFO - Setting next_dagrun for example_xcom_args_with_operators to None, run_after=None
[2025-11-13T06:29:45.688+0000] {processor.py:183} INFO - Processing /home/airflow/.local/lib/python3.8/site-packages/airflow/example_dags/example_xcomargs.py took 0.294 seconds
[2025-11-13T06:30:16.206+0000] {processor.py:161} INFO - Started process (PID=579) to work on /home/airflow/.local/lib/python3.8/site-packages/airflow/example_dags/example_xcomargs.py
[2025-11-13T06:30:16.214+0000] {processor.py:830} INFO - Processing file /home/airflow/.local/lib/python3.8/site-packages/airflow/example_dags/example_xcomargs.py for tasks to queue
[2025-11-13T06:30:16.221+0000] {logging_mixin.py:188} INFO - [2025-11-13T06:30:16.220+0000] {dagbag.py:538} INFO - Filling up the DagBag from /home/airflow/.local/lib/python3.8/site-packages/airflow/example_dags/example_xcomargs.py
[2025-11-13T06:30:16.253+0000] {processor.py:840} INFO - DAG(s) 'example_xcom_args_with_operators', 'example_xcom_args' retrieved from /home/airflow/.local/lib/python3.8/site-packages/airflow/example_dags/example_xcomargs.py
[2025-11-13T06:30:16.318+0000] {logging_mixin.py:188} INFO - [2025-11-13T06:30:16.318+0000] {dag.py:3036} INFO - Sync 2 DAGs
[2025-11-13T06:30:16.346+0000] {logging_mixin.py:188} INFO - [2025-11-13T06:30:16.346+0000] {dag.py:3823} INFO - Setting next_dagrun for example_xcom_args to None, run_after=None
[2025-11-13T06:30:16.356+0000] {logging_mixin.py:188} INFO - [2025-11-13T06:30:16.356+0000] {dag.py:3823} INFO - Setting next_dagrun for example_xcom_args_with_operators to None, run_after=None
[2025-11-13T06:30:16.397+0000] {processor.py:183} INFO - Processing /home/airflow/.local/lib/python3.8/site-packages/airflow/example_dags/example_xcomargs.py took 0.204 seconds
[2025-11-13T06:30:46.879+0000] {processor.py:161} INFO - Started process (PID=641) to work on /home/airflow/.local/lib/python3.8/site-packages/airflow/example_dags/example_xcomargs.py
[2025-11-13T06:30:46.881+0000] {processor.py:830} INFO - Processing file /home/airflow/.local/lib/python3.8/site-packages/airflow/example_dags/example_xcomargs.py for tasks to queue
[2025-11-13T06:30:46.886+0000] {logging_mixin.py:188} INFO - [2025-11-13T06:30:46.885+0000] {dagbag.py:538} INFO - Filling up the DagBag from /home/airflow/.local/lib/python3.8/site-packages/airflow/example_dags/example_xcomargs.py
[2025-11-13T06:30:46.906+0000] {processor.py:840} INFO - DAG(s) 'example_xcom_args', 'example_xcom_args_with_operators' retrieved from /home/airflow/.local/lib/python3.8/site-packages/airflow/example_dags/example_xcomargs.py
[2025-11-13T06:30:46.952+0000] {logging_mixin.py:188} INFO - [2025-11-13T06:30:46.952+0000] {dag.py:3036} INFO - Sync 2 DAGs
[2025-11-13T06:30:46.975+0000] {logging_mixin.py:188} INFO - [2025-11-13T06:30:46.974+0000] {dag.py:3823} INFO - Setting next_dagrun for example_xcom_args to None, run_after=None
[2025-11-13T06:30:46.986+0000] {logging_mixin.py:188} INFO - [2025-11-13T06:30:46.986+0000] {dag.py:3823} INFO - Setting next_dagrun for example_xcom_args_with_operators to None, run_after=None
[2025-11-13T06:30:47.028+0000] {processor.py:183} INFO - Processing /home/airflow/.local/lib/python3.8/site-packages/airflow/example_dags/example_xcomargs.py took 0.158 seconds
[2025-11-13T06:31:17.179+0000] {processor.py:161} INFO - Started process (PID=703) to work on /home/airflow/.local/lib/python3.8/site-packages/airflow/example_dags/example_xcomargs.py
[2025-11-13T06:31:17.182+0000] {processor.py:830} INFO - Processing file /home/airflow/.local/lib/python3.8/site-packages/airflow/example_dags/example_xcomargs.py for tasks to queue
[2025-11-13T06:31:17.188+0000] {logging_mixin.py:188} INFO - [2025-11-13T06:31:17.187+0000] {dagbag.py:538} INFO - Filling up the DagBag from /home/airflow/.local/lib/python3.8/site-packages/airflow/example_dags/example_xcomargs.py
[2025-11-13T06:31:17.230+0000] {processor.py:840} INFO - DAG(s) 'example_xcom_args', 'example_xcom_args_with_operators' retrieved from /home/airflow/.local/lib/python3.8/site-packages/airflow/example_dags/example_xcomargs.py
[2025-11-13T06:31:17.299+0000] {logging_mixin.py:188} INFO - [2025-11-13T06:31:17.298+0000] {dag.py:3036} INFO - Sync 2 DAGs
[2025-11-13T06:31:17.334+0000] {logging_mixin.py:188} INFO - [2025-11-13T06:31:17.333+0000] {dag.py:3823} INFO - Setting next_dagrun for example_xcom_args to None, run_after=None
[2025-11-13T06:31:17.342+0000] {logging_mixin.py:188} INFO - [2025-11-13T06:31:17.342+0000] {dag.py:3823} INFO - Setting next_dagrun for example_xcom_args_with_operators to None, run_after=None
[2025-11-13T06:31:17.389+0000] {processor.py:183} INFO - Processing /home/airflow/.local/lib/python3.8/site-packages/airflow/example_dags/example_xcomargs.py took 0.224 seconds
[2025-11-13T06:31:48.239+0000] {processor.py:161} INFO - Started process (PID=765) to work on /home/airflow/.local/lib/python3.8/site-packages/airflow/example_dags/example_xcomargs.py
[2025-11-13T06:31:48.241+0000] {processor.py:830} INFO - Processing file /home/airflow/.local/lib/python3.8/site-packages/airflow/example_dags/example_xcomargs.py for tasks to queue
[2025-11-13T06:31:48.244+0000] {logging_mixin.py:188} INFO - [2025-11-13T06:31:48.243+0000] {dagbag.py:538} INFO - Filling up the DagBag from /home/airflow/.local/lib/python3.8/site-packages/airflow/example_dags/example_xcomargs.py
[2025-11-13T06:31:48.258+0000] {processor.py:840} INFO - DAG(s) 'example_xcom_args', 'example_xcom_args_with_operators' retrieved from /home/airflow/.local/lib/python3.8/site-packages/airflow/example_dags/example_xcomargs.py
[2025-11-13T06:31:48.298+0000] {logging_mixin.py:188} INFO - [2025-11-13T06:31:48.297+0000] {dag.py:3036} INFO - Sync 2 DAGs
[2025-11-13T06:31:48.320+0000] {logging_mixin.py:188} INFO - [2025-11-13T06:31:48.319+0000] {dag.py:3823} INFO - Setting next_dagrun for example_xcom_args to None, run_after=None
[2025-11-13T06:31:48.327+0000] {logging_mixin.py:188} INFO - [2025-11-13T06:31:48.327+0000] {dag.py:3823} INFO - Setting next_dagrun for example_xcom_args_with_operators to None, run_after=None
[2025-11-13T06:31:48.358+0000] {processor.py:183} INFO - Processing /home/airflow/.local/lib/python3.8/site-packages/airflow/example_dags/example_xcomargs.py took 0.125 seconds
[2025-11-13T06:32:18.726+0000] {processor.py:161} INFO - Started process (PID=827) to work on /home/airflow/.local/lib/python3.8/site-packages/airflow/example_dags/example_xcomargs.py
[2025-11-13T06:32:18.728+0000] {processor.py:830} INFO - Processing file /home/airflow/.local/lib/python3.8/site-packages/airflow/example_dags/example_xcomargs.py for tasks to queue
[2025-11-13T06:32:18.731+0000] {logging_mixin.py:188} INFO - [2025-11-13T06:32:18.731+0000] {dagbag.py:538} INFO - Filling up the DagBag from /home/airflow/.local/lib/python3.8/site-packages/airflow/example_dags/example_xcomargs.py
[2025-11-13T06:32:18.745+0000] {processor.py:840} INFO - DAG(s) 'example_xcom_args', 'example_xcom_args_with_operators' retrieved from /home/airflow/.local/lib/python3.8/site-packages/airflow/example_dags/example_xcomargs.py
[2025-11-13T06:32:18.784+0000] {logging_mixin.py:188} INFO - [2025-11-13T06:32:18.784+0000] {dag.py:3036} INFO - Sync 2 DAGs
[2025-11-13T06:32:18.804+0000] {logging_mixin.py:188} INFO - [2025-11-13T06:32:18.803+0000] {dag.py:3823} INFO - Setting next_dagrun for example_xcom_args to None, run_after=None
[2025-11-13T06:32:18.810+0000] {logging_mixin.py:188} INFO - [2025-11-13T06:32:18.810+0000] {dag.py:3823} INFO - Setting next_dagrun for example_xcom_args_with_operators to None, run_after=None
[2025-11-13T06:32:18.840+0000] {processor.py:183} INFO - Processing /home/airflow/.local/lib/python3.8/site-packages/airflow/example_dags/example_xcomargs.py took 0.120 seconds
[2025-11-13T06:32:49.023+0000] {processor.py:161} INFO - Started process (PID=889) to work on /home/airflow/.local/lib/python3.8/site-packages/airflow/example_dags/example_xcomargs.py
[2025-11-13T06:32:49.024+0000] {processor.py:830} INFO - Processing file /home/airflow/.local/lib/python3.8/site-packages/airflow/example_dags/example_xcomargs.py for tasks to queue
[2025-11-13T06:32:49.028+0000] {logging_mixin.py:188} INFO - [2025-11-13T06:32:49.027+0000] {dagbag.py:538} INFO - Filling up the DagBag from /home/airflow/.local/lib/python3.8/site-packages/airflow/example_dags/example_xcomargs.py
[2025-11-13T06:32:49.040+0000] {processor.py:840} INFO - DAG(s) 'example_xcom_args', 'example_xcom_args_with_operators' retrieved from /home/airflow/.local/lib/python3.8/site-packages/airflow/example_dags/example_xcomargs.py
[2025-11-13T06:32:49.073+0000] {logging_mixin.py:188} INFO - [2025-11-13T06:32:49.073+0000] {dag.py:3036} INFO - Sync 2 DAGs
[2025-11-13T06:32:49.092+0000] {logging_mixin.py:188} INFO - [2025-11-13T06:32:49.092+0000] {dag.py:3823} INFO - Setting next_dagrun for example_xcom_args to None, run_after=None
[2025-11-13T06:32:49.098+0000] {logging_mixin.py:188} INFO - [2025-11-13T06:32:49.097+0000] {dag.py:3823} INFO - Setting next_dagrun for example_xcom_args_with_operators to None, run_after=None
[2025-11-13T06:32:49.123+0000] {processor.py:183} INFO - Processing /home/airflow/.local/lib/python3.8/site-packages/airflow/example_dags/example_xcomargs.py took 0.105 seconds
[2025-11-13T06:33:19.686+0000] {processor.py:161} INFO - Started process (PID=951) to work on /home/airflow/.local/lib/python3.8/site-packages/airflow/example_dags/example_xcomargs.py
[2025-11-13T06:33:19.688+0000] {processor.py:830} INFO - Processing file /home/airflow/.local/lib/python3.8/site-packages/airflow/example_dags/example_xcomargs.py for tasks to queue
[2025-11-13T06:33:19.692+0000] {logging_mixin.py:188} INFO - [2025-11-13T06:33:19.691+0000] {dagbag.py:538} INFO - Filling up the DagBag from /home/airflow/.local/lib/python3.8/site-packages/airflow/example_dags/example_xcomargs.py
[2025-11-13T06:33:19.708+0000] {processor.py:840} INFO - DAG(s) 'example_xcom_args_with_operators', 'example_xcom_args' retrieved from /home/airflow/.local/lib/python3.8/site-packages/airflow/example_dags/example_xcomargs.py
[2025-11-13T06:33:19.740+0000] {logging_mixin.py:188} INFO - [2025-11-13T06:33:19.740+0000] {dag.py:3036} INFO - Sync 2 DAGs
[2025-11-13T06:33:19.755+0000] {logging_mixin.py:188} INFO - [2025-11-13T06:33:19.755+0000] {dag.py:3823} INFO - Setting next_dagrun for example_xcom_args to None, run_after=None
[2025-11-13T06:33:19.760+0000] {logging_mixin.py:188} INFO - [2025-11-13T06:33:19.759+0000] {dag.py:3823} INFO - Setting next_dagrun for example_xcom_args_with_operators to None, run_after=None
[2025-11-13T06:33:19.780+0000] {processor.py:183} INFO - Processing /home/airflow/.local/lib/python3.8/site-packages/airflow/example_dags/example_xcomargs.py took 0.099 seconds
[2025-11-13T06:33:49.991+0000] {processor.py:161} INFO - Started process (PID=1013) to work on /home/airflow/.local/lib/python3.8/site-packages/airflow/example_dags/example_xcomargs.py
[2025-11-13T06:33:49.993+0000] {processor.py:830} INFO - Processing file /home/airflow/.local/lib/python3.8/site-packages/airflow/example_dags/example_xcomargs.py for tasks to queue
[2025-11-13T06:33:49.995+0000] {logging_mixin.py:188} INFO - [2025-11-13T06:33:49.995+0000] {dagbag.py:538} INFO - Filling up the DagBag from /home/airflow/.local/lib/python3.8/site-packages/airflow/example_dags/example_xcomargs.py
[2025-11-13T06:33:50.007+0000] {processor.py:840} INFO - DAG(s) 'example_xcom_args', 'example_xcom_args_with_operators' retrieved from /home/airflow/.local/lib/python3.8/site-packages/airflow/example_dags/example_xcomargs.py
[2025-11-13T06:33:50.036+0000] {logging_mixin.py:188} INFO - [2025-11-13T06:33:50.036+0000] {dag.py:3036} INFO - Sync 2 DAGs
[2025-11-13T06:33:50.050+0000] {logging_mixin.py:188} INFO - [2025-11-13T06:33:50.050+0000] {dag.py:3823} INFO - Setting next_dagrun for example_xcom_args to None, run_after=None
[2025-11-13T06:33:50.054+0000] {logging_mixin.py:188} INFO - [2025-11-13T06:33:50.054+0000] {dag.py:3823} INFO - Setting next_dagrun for example_xcom_args_with_operators to None, run_after=None
[2025-11-13T06:33:50.074+0000] {processor.py:183} INFO - Processing /home/airflow/.local/lib/python3.8/site-packages/airflow/example_dags/example_xcomargs.py took 0.087 seconds
[2025-11-13T06:34:20.235+0000] {processor.py:161} INFO - Started process (PID=1075) to work on /home/airflow/.local/lib/python3.8/site-packages/airflow/example_dags/example_xcomargs.py
[2025-11-13T06:34:20.237+0000] {processor.py:830} INFO - Processing file /home/airflow/.local/lib/python3.8/site-packages/airflow/example_dags/example_xcomargs.py for tasks to queue
[2025-11-13T06:34:20.241+0000] {logging_mixin.py:188} INFO - [2025-11-13T06:34:20.240+0000] {dagbag.py:538} INFO - Filling up the DagBag from /home/airflow/.local/lib/python3.8/site-packages/airflow/example_dags/example_xcomargs.py
[2025-11-13T06:34:20.255+0000] {processor.py:840} INFO - DAG(s) 'example_xcom_args_with_operators', 'example_xcom_args' retrieved from /home/airflow/.local/lib/python3.8/site-packages/airflow/example_dags/example_xcomargs.py
[2025-11-13T06:34:20.297+0000] {logging_mixin.py:188} INFO - [2025-11-13T06:34:20.297+0000] {dag.py:3036} INFO - Sync 2 DAGs
[2025-11-13T06:34:20.317+0000] {logging_mixin.py:188} INFO - [2025-11-13T06:34:20.317+0000] {dag.py:3823} INFO - Setting next_dagrun for example_xcom_args to None, run_after=None
[2025-11-13T06:34:20.322+0000] {logging_mixin.py:188} INFO - [2025-11-13T06:34:20.322+0000] {dag.py:3823} INFO - Setting next_dagrun for example_xcom_args_with_operators to None, run_after=None
[2025-11-13T06:34:20.349+0000] {processor.py:183} INFO - Processing /home/airflow/.local/lib/python3.8/site-packages/airflow/example_dags/example_xcomargs.py took 0.122 seconds
[2025-11-13T06:34:50.795+0000] {processor.py:161} INFO - Started process (PID=1137) to work on /home/airflow/.local/lib/python3.8/site-packages/airflow/example_dags/example_xcomargs.py
[2025-11-13T06:34:50.796+0000] {processor.py:830} INFO - Processing file /home/airflow/.local/lib/python3.8/site-packages/airflow/example_dags/example_xcomargs.py for tasks to queue
[2025-11-13T06:34:50.798+0000] {logging_mixin.py:188} INFO - [2025-11-13T06:34:50.798+0000] {dagbag.py:538} INFO - Filling up the DagBag from /home/airflow/.local/lib/python3.8/site-packages/airflow/example_dags/example_xcomargs.py
[2025-11-13T06:34:50.809+0000] {processor.py:840} INFO - DAG(s) 'example_xcom_args_with_operators', 'example_xcom_args' retrieved from /home/airflow/.local/lib/python3.8/site-packages/airflow/example_dags/example_xcomargs.py
[2025-11-13T06:34:50.838+0000] {logging_mixin.py:188} INFO - [2025-11-13T06:34:50.838+0000] {dag.py:3036} INFO - Sync 2 DAGs
[2025-11-13T06:34:50.855+0000] {logging_mixin.py:188} INFO - [2025-11-13T06:34:50.855+0000] {dag.py:3823} INFO - Setting next_dagrun for example_xcom_args to None, run_after=None
[2025-11-13T06:34:50.860+0000] {logging_mixin.py:188} INFO - [2025-11-13T06:34:50.860+0000] {dag.py:3823} INFO - Setting next_dagrun for example_xcom_args_with_operators to None, run_after=None
[2025-11-13T06:34:50.885+0000] {processor.py:183} INFO - Processing /home/airflow/.local/lib/python3.8/site-packages/airflow/example_dags/example_xcomargs.py took 0.094 seconds
[2025-11-13T06:35:21.343+0000] {processor.py:161} INFO - Started process (PID=1199) to work on /home/airflow/.local/lib/python3.8/site-packages/airflow/example_dags/example_xcomargs.py
[2025-11-13T06:35:21.346+0000] {processor.py:830} INFO - Processing file /home/airflow/.local/lib/python3.8/site-packages/airflow/example_dags/example_xcomargs.py for tasks to queue
[2025-11-13T06:35:21.350+0000] {logging_mixin.py:188} INFO - [2025-11-13T06:35:21.350+0000] {dagbag.py:538} INFO - Filling up the DagBag from /home/airflow/.local/lib/python3.8/site-packages/airflow/example_dags/example_xcomargs.py
[2025-11-13T06:35:21.369+0000] {processor.py:840} INFO - DAG(s) 'example_xcom_args_with_operators', 'example_xcom_args' retrieved from /home/airflow/.local/lib/python3.8/site-packages/airflow/example_dags/example_xcomargs.py
[2025-11-13T06:35:21.430+0000] {logging_mixin.py:188} INFO - [2025-11-13T06:35:21.428+0000] {dag.py:3036} INFO - Sync 2 DAGs
[2025-11-13T06:35:21.455+0000] {logging_mixin.py:188} INFO - [2025-11-13T06:35:21.455+0000] {dag.py:3823} INFO - Setting next_dagrun for example_xcom_args to None, run_after=None
[2025-11-13T06:35:21.461+0000] {logging_mixin.py:188} INFO - [2025-11-13T06:35:21.461+0000] {dag.py:3823} INFO - Setting next_dagrun for example_xcom_args_with_operators to None, run_after=None
[2025-11-13T06:35:21.498+0000] {processor.py:183} INFO - Processing /home/airflow/.local/lib/python3.8/site-packages/airflow/example_dags/example_xcomargs.py took 0.161 seconds
[2025-11-13T06:35:52.017+0000] {processor.py:161} INFO - Started process (PID=1259) to work on /home/airflow/.local/lib/python3.8/site-packages/airflow/example_dags/example_xcomargs.py
[2025-11-13T06:35:52.020+0000] {processor.py:830} INFO - Processing file /home/airflow/.local/lib/python3.8/site-packages/airflow/example_dags/example_xcomargs.py for tasks to queue
[2025-11-13T06:35:52.026+0000] {logging_mixin.py:188} INFO - [2025-11-13T06:35:52.025+0000] {dagbag.py:538} INFO - Filling up the DagBag from /home/airflow/.local/lib/python3.8/site-packages/airflow/example_dags/example_xcomargs.py
[2025-11-13T06:35:52.057+0000] {processor.py:840} INFO - DAG(s) 'example_xcom_args', 'example_xcom_args_with_operators' retrieved from /home/airflow/.local/lib/python3.8/site-packages/airflow/example_dags/example_xcomargs.py
[2025-11-13T06:35:52.154+0000] {logging_mixin.py:188} INFO - [2025-11-13T06:35:52.154+0000] {dag.py:3036} INFO - Sync 2 DAGs
[2025-11-13T06:35:52.217+0000] {logging_mixin.py:188} INFO - [2025-11-13T06:35:52.216+0000] {dag.py:3823} INFO - Setting next_dagrun for example_xcom_args to None, run_after=None
[2025-11-13T06:35:52.230+0000] {logging_mixin.py:188} INFO - [2025-11-13T06:35:52.229+0000] {dag.py:3823} INFO - Setting next_dagrun for example_xcom_args_with_operators to None, run_after=None
[2025-11-13T06:35:52.297+0000] {processor.py:183} INFO - Processing /home/airflow/.local/lib/python3.8/site-packages/airflow/example_dags/example_xcomargs.py took 0.291 seconds
[2025-11-13T06:36:22.391+0000] {processor.py:161} INFO - Started process (PID=1321) to work on /home/airflow/.local/lib/python3.8/site-packages/airflow/example_dags/example_xcomargs.py
[2025-11-13T06:36:22.393+0000] {processor.py:830} INFO - Processing file /home/airflow/.local/lib/python3.8/site-packages/airflow/example_dags/example_xcomargs.py for tasks to queue
[2025-11-13T06:36:22.396+0000] {logging_mixin.py:188} INFO - [2025-11-13T06:36:22.395+0000] {dagbag.py:538} INFO - Filling up the DagBag from /home/airflow/.local/lib/python3.8/site-packages/airflow/example_dags/example_xcomargs.py
[2025-11-13T06:36:22.409+0000] {processor.py:840} INFO - DAG(s) 'example_xcom_args_with_operators', 'example_xcom_args' retrieved from /home/airflow/.local/lib/python3.8/site-packages/airflow/example_dags/example_xcomargs.py
[2025-11-13T06:36:22.440+0000] {logging_mixin.py:188} INFO - [2025-11-13T06:36:22.439+0000] {dag.py:3036} INFO - Sync 2 DAGs
[2025-11-13T06:36:22.456+0000] {logging_mixin.py:188} INFO - [2025-11-13T06:36:22.456+0000] {dag.py:3823} INFO - Setting next_dagrun for example_xcom_args to None, run_after=None
[2025-11-13T06:36:22.461+0000] {logging_mixin.py:188} INFO - [2025-11-13T06:36:22.461+0000] {dag.py:3823} INFO - Setting next_dagrun for example_xcom_args_with_operators to None, run_after=None
[2025-11-13T06:36:22.482+0000] {processor.py:183} INFO - Processing /home/airflow/.local/lib/python3.8/site-packages/airflow/example_dags/example_xcomargs.py took 0.096 seconds
[2025-11-13T06:36:53.405+0000] {processor.py:161} INFO - Started process (PID=1384) to work on /home/airflow/.local/lib/python3.8/site-packages/airflow/example_dags/example_xcomargs.py
[2025-11-13T06:36:53.407+0000] {processor.py:830} INFO - Processing file /home/airflow/.local/lib/python3.8/site-packages/airflow/example_dags/example_xcomargs.py for tasks to queue
[2025-11-13T06:36:53.410+0000] {logging_mixin.py:188} INFO - [2025-11-13T06:36:53.410+0000] {dagbag.py:538} INFO - Filling up the DagBag from /home/airflow/.local/lib/python3.8/site-packages/airflow/example_dags/example_xcomargs.py
[2025-11-13T06:36:53.423+0000] {processor.py:840} INFO - DAG(s) 'example_xcom_args', 'example_xcom_args_with_operators' retrieved from /home/airflow/.local/lib/python3.8/site-packages/airflow/example_dags/example_xcomargs.py
[2025-11-13T06:36:53.460+0000] {logging_mixin.py:188} INFO - [2025-11-13T06:36:53.460+0000] {dag.py:3036} INFO - Sync 2 DAGs
[2025-11-13T06:36:53.480+0000] {logging_mixin.py:188} INFO - [2025-11-13T06:36:53.479+0000] {dag.py:3823} INFO - Setting next_dagrun for example_xcom_args to None, run_after=None
[2025-11-13T06:36:53.486+0000] {logging_mixin.py:188} INFO - [2025-11-13T06:36:53.486+0000] {dag.py:3823} INFO - Setting next_dagrun for example_xcom_args_with_operators to None, run_after=None
[2025-11-13T06:36:53.516+0000] {processor.py:183} INFO - Processing /home/airflow/.local/lib/python3.8/site-packages/airflow/example_dags/example_xcomargs.py took 0.119 seconds
[2025-11-13T06:37:24.118+0000] {processor.py:161} INFO - Started process (PID=1446) to work on /home/airflow/.local/lib/python3.8/site-packages/airflow/example_dags/example_xcomargs.py
[2025-11-13T06:37:24.120+0000] {processor.py:830} INFO - Processing file /home/airflow/.local/lib/python3.8/site-packages/airflow/example_dags/example_xcomargs.py for tasks to queue
[2025-11-13T06:37:24.124+0000] {logging_mixin.py:188} INFO - [2025-11-13T06:37:24.124+0000] {dagbag.py:538} INFO - Filling up the DagBag from /home/airflow/.local/lib/python3.8/site-packages/airflow/example_dags/example_xcomargs.py
[2025-11-13T06:37:24.140+0000] {processor.py:840} INFO - DAG(s) 'example_xcom_args', 'example_xcom_args_with_operators' retrieved from /home/airflow/.local/lib/python3.8/site-packages/airflow/example_dags/example_xcomargs.py
[2025-11-13T06:37:24.178+0000] {logging_mixin.py:188} INFO - [2025-11-13T06:37:24.178+0000] {dag.py:3036} INFO - Sync 2 DAGs
[2025-11-13T06:37:24.200+0000] {logging_mixin.py:188} INFO - [2025-11-13T06:37:24.199+0000] {dag.py:3823} INFO - Setting next_dagrun for example_xcom_args to None, run_after=None
[2025-11-13T06:37:24.205+0000] {logging_mixin.py:188} INFO - [2025-11-13T06:37:24.205+0000] {dag.py:3823} INFO - Setting next_dagrun for example_xcom_args_with_operators to None, run_after=None
[2025-11-13T06:37:24.233+0000] {processor.py:183} INFO - Processing /home/airflow/.local/lib/python3.8/site-packages/airflow/example_dags/example_xcomargs.py took 0.122 seconds
[2025-11-13T06:37:55.005+0000] {processor.py:161} INFO - Started process (PID=1508) to work on /home/airflow/.local/lib/python3.8/site-packages/airflow/example_dags/example_xcomargs.py
[2025-11-13T06:37:55.007+0000] {processor.py:830} INFO - Processing file /home/airflow/.local/lib/python3.8/site-packages/airflow/example_dags/example_xcomargs.py for tasks to queue
[2025-11-13T06:37:55.009+0000] {logging_mixin.py:188} INFO - [2025-11-13T06:37:55.009+0000] {dagbag.py:538} INFO - Filling up the DagBag from /home/airflow/.local/lib/python3.8/site-packages/airflow/example_dags/example_xcomargs.py
[2025-11-13T06:37:55.021+0000] {processor.py:840} INFO - DAG(s) 'example_xcom_args', 'example_xcom_args_with_operators' retrieved from /home/airflow/.local/lib/python3.8/site-packages/airflow/example_dags/example_xcomargs.py
[2025-11-13T06:37:55.048+0000] {logging_mixin.py:188} INFO - [2025-11-13T06:37:55.048+0000] {dag.py:3036} INFO - Sync 2 DAGs
[2025-11-13T06:37:55.062+0000] {logging_mixin.py:188} INFO - [2025-11-13T06:37:55.062+0000] {dag.py:3823} INFO - Setting next_dagrun for example_xcom_args to None, run_after=None
[2025-11-13T06:37:55.067+0000] {logging_mixin.py:188} INFO - [2025-11-13T06:37:55.066+0000] {dag.py:3823} INFO - Setting next_dagrun for example_xcom_args_with_operators to None, run_after=None
[2025-11-13T06:37:55.091+0000] {processor.py:183} INFO - Processing /home/airflow/.local/lib/python3.8/site-packages/airflow/example_dags/example_xcomargs.py took 0.090 seconds
[2025-11-13T06:38:25.740+0000] {processor.py:161} INFO - Started process (PID=1570) to work on /home/airflow/.local/lib/python3.8/site-packages/airflow/example_dags/example_xcomargs.py
[2025-11-13T06:38:25.742+0000] {processor.py:830} INFO - Processing file /home/airflow/.local/lib/python3.8/site-packages/airflow/example_dags/example_xcomargs.py for tasks to queue
[2025-11-13T06:38:25.744+0000] {logging_mixin.py:188} INFO - [2025-11-13T06:38:25.743+0000] {dagbag.py:538} INFO - Filling up the DagBag from /home/airflow/.local/lib/python3.8/site-packages/airflow/example_dags/example_xcomargs.py
[2025-11-13T06:38:25.753+0000] {processor.py:840} INFO - DAG(s) 'example_xcom_args', 'example_xcom_args_with_operators' retrieved from /home/airflow/.local/lib/python3.8/site-packages/airflow/example_dags/example_xcomargs.py
[2025-11-13T06:38:25.780+0000] {logging_mixin.py:188} INFO - [2025-11-13T06:38:25.779+0000] {dag.py:3036} INFO - Sync 2 DAGs
[2025-11-13T06:38:25.794+0000] {logging_mixin.py:188} INFO - [2025-11-13T06:38:25.794+0000] {dag.py:3823} INFO - Setting next_dagrun for example_xcom_args to None, run_after=None
[2025-11-13T06:38:25.798+0000] {logging_mixin.py:188} INFO - [2025-11-13T06:38:25.798+0000] {dag.py:3823} INFO - Setting next_dagrun for example_xcom_args_with_operators to None, run_after=None
[2025-11-13T06:38:25.821+0000] {processor.py:183} INFO - Processing /home/airflow/.local/lib/python3.8/site-packages/airflow/example_dags/example_xcomargs.py took 0.084 seconds
[2025-11-13T06:38:56.070+0000] {processor.py:161} INFO - Started process (PID=1632) to work on /home/airflow/.local/lib/python3.8/site-packages/airflow/example_dags/example_xcomargs.py
[2025-11-13T06:38:56.073+0000] {processor.py:830} INFO - Processing file /home/airflow/.local/lib/python3.8/site-packages/airflow/example_dags/example_xcomargs.py for tasks to queue
[2025-11-13T06:38:56.077+0000] {logging_mixin.py:188} INFO - [2025-11-13T06:38:56.076+0000] {dagbag.py:538} INFO - Filling up the DagBag from /home/airflow/.local/lib/python3.8/site-packages/airflow/example_dags/example_xcomargs.py
[2025-11-13T06:38:56.098+0000] {processor.py:840} INFO - DAG(s) 'example_xcom_args_with_operators', 'example_xcom_args' retrieved from /home/airflow/.local/lib/python3.8/site-packages/airflow/example_dags/example_xcomargs.py
[2025-11-13T06:38:56.161+0000] {logging_mixin.py:188} INFO - [2025-11-13T06:38:56.161+0000] {dag.py:3036} INFO - Sync 2 DAGs
[2025-11-13T06:38:56.196+0000] {logging_mixin.py:188} INFO - [2025-11-13T06:38:56.195+0000] {dag.py:3823} INFO - Setting next_dagrun for example_xcom_args to None, run_after=None
[2025-11-13T06:38:56.209+0000] {logging_mixin.py:188} INFO - [2025-11-13T06:38:56.208+0000] {dag.py:3823} INFO - Setting next_dagrun for example_xcom_args_with_operators to None, run_after=None
[2025-11-13T06:38:56.256+0000] {processor.py:183} INFO - Processing /home/airflow/.local/lib/python3.8/site-packages/airflow/example_dags/example_xcomargs.py took 0.197 seconds
[2025-11-13T06:39:26.721+0000] {processor.py:161} INFO - Started process (PID=1694) to work on /home/airflow/.local/lib/python3.8/site-packages/airflow/example_dags/example_xcomargs.py
[2025-11-13T06:39:26.723+0000] {processor.py:830} INFO - Processing file /home/airflow/.local/lib/python3.8/site-packages/airflow/example_dags/example_xcomargs.py for tasks to queue
[2025-11-13T06:39:26.727+0000] {logging_mixin.py:188} INFO - [2025-11-13T06:39:26.727+0000] {dagbag.py:538} INFO - Filling up the DagBag from /home/airflow/.local/lib/python3.8/site-packages/airflow/example_dags/example_xcomargs.py
[2025-11-13T06:39:26.746+0000] {processor.py:840} INFO - DAG(s) 'example_xcom_args_with_operators', 'example_xcom_args' retrieved from /home/airflow/.local/lib/python3.8/site-packages/airflow/example_dags/example_xcomargs.py
[2025-11-13T06:39:26.800+0000] {logging_mixin.py:188} INFO - [2025-11-13T06:39:26.800+0000] {dag.py:3036} INFO - Sync 2 DAGs
[2025-11-13T06:39:26.828+0000] {logging_mixin.py:188} INFO - [2025-11-13T06:39:26.828+0000] {dag.py:3823} INFO - Setting next_dagrun for example_xcom_args to None, run_after=None
[2025-11-13T06:39:26.836+0000] {logging_mixin.py:188} INFO - [2025-11-13T06:39:26.836+0000] {dag.py:3823} INFO - Setting next_dagrun for example_xcom_args_with_operators to None, run_after=None
[2025-11-13T06:39:26.875+0000] {processor.py:183} INFO - Processing /home/airflow/.local/lib/python3.8/site-packages/airflow/example_dags/example_xcomargs.py took 0.162 seconds
[2025-11-13T06:39:57.475+0000] {processor.py:161} INFO - Started process (PID=1756) to work on /home/airflow/.local/lib/python3.8/site-packages/airflow/example_dags/example_xcomargs.py
[2025-11-13T06:39:57.478+0000] {processor.py:830} INFO - Processing file /home/airflow/.local/lib/python3.8/site-packages/airflow/example_dags/example_xcomargs.py for tasks to queue
[2025-11-13T06:39:57.492+0000] {logging_mixin.py:188} INFO - [2025-11-13T06:39:57.491+0000] {dagbag.py:538} INFO - Filling up the DagBag from /home/airflow/.local/lib/python3.8/site-packages/airflow/example_dags/example_xcomargs.py
[2025-11-13T06:39:57.530+0000] {processor.py:840} INFO - DAG(s) 'example_xcom_args_with_operators', 'example_xcom_args' retrieved from /home/airflow/.local/lib/python3.8/site-packages/airflow/example_dags/example_xcomargs.py
[2025-11-13T06:39:57.663+0000] {logging_mixin.py:188} INFO - [2025-11-13T06:39:57.663+0000] {dag.py:3036} INFO - Sync 2 DAGs
[2025-11-13T06:39:57.720+0000] {logging_mixin.py:188} INFO - [2025-11-13T06:39:57.719+0000] {dag.py:3823} INFO - Setting next_dagrun for example_xcom_args to None, run_after=None
[2025-11-13T06:39:57.734+0000] {logging_mixin.py:188} INFO - [2025-11-13T06:39:57.734+0000] {dag.py:3823} INFO - Setting next_dagrun for example_xcom_args_with_operators to None, run_after=None
[2025-11-13T06:39:57.821+0000] {processor.py:183} INFO - Processing /home/airflow/.local/lib/python3.8/site-packages/airflow/example_dags/example_xcomargs.py took 0.362 seconds
[2025-11-13T06:40:28.210+0000] {processor.py:161} INFO - Started process (PID=1818) to work on /home/airflow/.local/lib/python3.8/site-packages/airflow/example_dags/example_xcomargs.py
[2025-11-13T06:40:28.213+0000] {processor.py:830} INFO - Processing file /home/airflow/.local/lib/python3.8/site-packages/airflow/example_dags/example_xcomargs.py for tasks to queue
[2025-11-13T06:40:28.218+0000] {logging_mixin.py:188} INFO - [2025-11-13T06:40:28.217+0000] {dagbag.py:538} INFO - Filling up the DagBag from /home/airflow/.local/lib/python3.8/site-packages/airflow/example_dags/example_xcomargs.py
[2025-11-13T06:40:28.242+0000] {processor.py:840} INFO - DAG(s) 'example_xcom_args_with_operators', 'example_xcom_args' retrieved from /home/airflow/.local/lib/python3.8/site-packages/airflow/example_dags/example_xcomargs.py
[2025-11-13T06:40:28.291+0000] {logging_mixin.py:188} INFO - [2025-11-13T06:40:28.291+0000] {dag.py:3036} INFO - Sync 2 DAGs
[2025-11-13T06:40:28.321+0000] {logging_mixin.py:188} INFO - [2025-11-13T06:40:28.320+0000] {dag.py:3823} INFO - Setting next_dagrun for example_xcom_args to None, run_after=None
[2025-11-13T06:40:28.330+0000] {logging_mixin.py:188} INFO - [2025-11-13T06:40:28.330+0000] {dag.py:3823} INFO - Setting next_dagrun for example_xcom_args_with_operators to None, run_after=None
[2025-11-13T06:40:28.373+0000] {processor.py:183} INFO - Processing /home/airflow/.local/lib/python3.8/site-packages/airflow/example_dags/example_xcomargs.py took 0.174 seconds
[2025-11-13T06:40:58.514+0000] {processor.py:161} INFO - Started process (PID=1880) to work on /home/airflow/.local/lib/python3.8/site-packages/airflow/example_dags/example_xcomargs.py
[2025-11-13T06:40:58.520+0000] {processor.py:830} INFO - Processing file /home/airflow/.local/lib/python3.8/site-packages/airflow/example_dags/example_xcomargs.py for tasks to queue
[2025-11-13T06:40:58.527+0000] {logging_mixin.py:188} INFO - [2025-11-13T06:40:58.526+0000] {dagbag.py:538} INFO - Filling up the DagBag from /home/airflow/.local/lib/python3.8/site-packages/airflow/example_dags/example_xcomargs.py
[2025-11-13T06:40:58.564+0000] {processor.py:840} INFO - DAG(s) 'example_xcom_args', 'example_xcom_args_with_operators' retrieved from /home/airflow/.local/lib/python3.8/site-packages/airflow/example_dags/example_xcomargs.py
[2025-11-13T06:40:58.663+0000] {logging_mixin.py:188} INFO - [2025-11-13T06:40:58.661+0000] {dag.py:3036} INFO - Sync 2 DAGs
[2025-11-13T06:40:58.718+0000] {logging_mixin.py:188} INFO - [2025-11-13T06:40:58.717+0000] {dag.py:3823} INFO - Setting next_dagrun for example_xcom_args to None, run_after=None
[2025-11-13T06:40:58.739+0000] {logging_mixin.py:188} INFO - [2025-11-13T06:40:58.739+0000] {dag.py:3823} INFO - Setting next_dagrun for example_xcom_args_with_operators to None, run_after=None
[2025-11-13T06:40:58.833+0000] {processor.py:183} INFO - Processing /home/airflow/.local/lib/python3.8/site-packages/airflow/example_dags/example_xcomargs.py took 0.332 seconds
[2025-11-13T06:41:29.015+0000] {processor.py:161} INFO - Started process (PID=1941) to work on /home/airflow/.local/lib/python3.8/site-packages/airflow/example_dags/example_xcomargs.py
[2025-11-13T06:41:29.019+0000] {processor.py:830} INFO - Processing file /home/airflow/.local/lib/python3.8/site-packages/airflow/example_dags/example_xcomargs.py for tasks to queue
[2025-11-13T06:41:29.031+0000] {logging_mixin.py:188} INFO - [2025-11-13T06:41:29.029+0000] {dagbag.py:538} INFO - Filling up the DagBag from /home/airflow/.local/lib/python3.8/site-packages/airflow/example_dags/example_xcomargs.py
[2025-11-13T06:41:29.064+0000] {processor.py:840} INFO - DAG(s) 'example_xcom_args', 'example_xcom_args_with_operators' retrieved from /home/airflow/.local/lib/python3.8/site-packages/airflow/example_dags/example_xcomargs.py
[2025-11-13T06:41:29.192+0000] {logging_mixin.py:188} INFO - [2025-11-13T06:41:29.192+0000] {dag.py:3036} INFO - Sync 2 DAGs
[2025-11-13T06:41:29.253+0000] {logging_mixin.py:188} INFO - [2025-11-13T06:41:29.253+0000] {dag.py:3823} INFO - Setting next_dagrun for example_xcom_args to None, run_after=None
[2025-11-13T06:41:29.285+0000] {logging_mixin.py:188} INFO - [2025-11-13T06:41:29.284+0000] {dag.py:3823} INFO - Setting next_dagrun for example_xcom_args_with_operators to None, run_after=None
[2025-11-13T06:41:29.386+0000] {processor.py:183} INFO - Processing /home/airflow/.local/lib/python3.8/site-packages/airflow/example_dags/example_xcomargs.py took 0.387 seconds
[2025-11-13T06:41:59.560+0000] {processor.py:161} INFO - Started process (PID=2003) to work on /home/airflow/.local/lib/python3.8/site-packages/airflow/example_dags/example_xcomargs.py
[2025-11-13T06:41:59.562+0000] {processor.py:830} INFO - Processing file /home/airflow/.local/lib/python3.8/site-packages/airflow/example_dags/example_xcomargs.py for tasks to queue
[2025-11-13T06:41:59.567+0000] {logging_mixin.py:188} INFO - [2025-11-13T06:41:59.566+0000] {dagbag.py:538} INFO - Filling up the DagBag from /home/airflow/.local/lib/python3.8/site-packages/airflow/example_dags/example_xcomargs.py
[2025-11-13T06:41:59.584+0000] {processor.py:840} INFO - DAG(s) 'example_xcom_args_with_operators', 'example_xcom_args' retrieved from /home/airflow/.local/lib/python3.8/site-packages/airflow/example_dags/example_xcomargs.py
[2025-11-13T06:41:59.624+0000] {logging_mixin.py:188} INFO - [2025-11-13T06:41:59.624+0000] {dag.py:3036} INFO - Sync 2 DAGs
[2025-11-13T06:41:59.645+0000] {logging_mixin.py:188} INFO - [2025-11-13T06:41:59.645+0000] {dag.py:3823} INFO - Setting next_dagrun for example_xcom_args to None, run_after=None
[2025-11-13T06:41:59.652+0000] {logging_mixin.py:188} INFO - [2025-11-13T06:41:59.651+0000] {dag.py:3823} INFO - Setting next_dagrun for example_xcom_args_with_operators to None, run_after=None
[2025-11-13T06:41:59.683+0000] {processor.py:183} INFO - Processing /home/airflow/.local/lib/python3.8/site-packages/airflow/example_dags/example_xcomargs.py took 0.130 seconds
[2025-11-13T06:42:29.863+0000] {processor.py:161} INFO - Started process (PID=2065) to work on /home/airflow/.local/lib/python3.8/site-packages/airflow/example_dags/example_xcomargs.py
[2025-11-13T06:42:29.865+0000] {processor.py:830} INFO - Processing file /home/airflow/.local/lib/python3.8/site-packages/airflow/example_dags/example_xcomargs.py for tasks to queue
[2025-11-13T06:42:29.868+0000] {logging_mixin.py:188} INFO - [2025-11-13T06:42:29.868+0000] {dagbag.py:538} INFO - Filling up the DagBag from /home/airflow/.local/lib/python3.8/site-packages/airflow/example_dags/example_xcomargs.py
[2025-11-13T06:42:29.880+0000] {processor.py:840} INFO - DAG(s) 'example_xcom_args', 'example_xcom_args_with_operators' retrieved from /home/airflow/.local/lib/python3.8/site-packages/airflow/example_dags/example_xcomargs.py
[2025-11-13T06:42:29.913+0000] {logging_mixin.py:188} INFO - [2025-11-13T06:42:29.913+0000] {dag.py:3036} INFO - Sync 2 DAGs
[2025-11-13T06:42:29.933+0000] {logging_mixin.py:188} INFO - [2025-11-13T06:42:29.933+0000] {dag.py:3823} INFO - Setting next_dagrun for example_xcom_args to None, run_after=None
[2025-11-13T06:42:29.940+0000] {logging_mixin.py:188} INFO - [2025-11-13T06:42:29.939+0000] {dag.py:3823} INFO - Setting next_dagrun for example_xcom_args_with_operators to None, run_after=None
[2025-11-13T06:42:29.967+0000] {processor.py:183} INFO - Processing /home/airflow/.local/lib/python3.8/site-packages/airflow/example_dags/example_xcomargs.py took 0.110 seconds
[2025-11-13T06:43:00.309+0000] {processor.py:161} INFO - Started process (PID=2127) to work on /home/airflow/.local/lib/python3.8/site-packages/airflow/example_dags/example_xcomargs.py
[2025-11-13T06:43:00.310+0000] {processor.py:830} INFO - Processing file /home/airflow/.local/lib/python3.8/site-packages/airflow/example_dags/example_xcomargs.py for tasks to queue
[2025-11-13T06:43:00.313+0000] {logging_mixin.py:188} INFO - [2025-11-13T06:43:00.313+0000] {dagbag.py:538} INFO - Filling up the DagBag from /home/airflow/.local/lib/python3.8/site-packages/airflow/example_dags/example_xcomargs.py
[2025-11-13T06:43:00.327+0000] {processor.py:840} INFO - DAG(s) 'example_xcom_args', 'example_xcom_args_with_operators' retrieved from /home/airflow/.local/lib/python3.8/site-packages/airflow/example_dags/example_xcomargs.py
[2025-11-13T06:43:00.364+0000] {logging_mixin.py:188} INFO - [2025-11-13T06:43:00.364+0000] {dag.py:3036} INFO - Sync 2 DAGs
[2025-11-13T06:43:00.381+0000] {logging_mixin.py:188} INFO - [2025-11-13T06:43:00.381+0000] {dag.py:3823} INFO - Setting next_dagrun for example_xcom_args to None, run_after=None
[2025-11-13T06:43:00.386+0000] {logging_mixin.py:188} INFO - [2025-11-13T06:43:00.386+0000] {dag.py:3823} INFO - Setting next_dagrun for example_xcom_args_with_operators to None, run_after=None
[2025-11-13T06:43:00.414+0000] {processor.py:183} INFO - Processing /home/airflow/.local/lib/python3.8/site-packages/airflow/example_dags/example_xcomargs.py took 0.110 seconds
[2025-11-13T06:43:30.817+0000] {processor.py:161} INFO - Started process (PID=2196) to work on /home/airflow/.local/lib/python3.8/site-packages/airflow/example_dags/example_xcomargs.py
[2025-11-13T06:43:30.819+0000] {processor.py:830} INFO - Processing file /home/airflow/.local/lib/python3.8/site-packages/airflow/example_dags/example_xcomargs.py for tasks to queue
[2025-11-13T06:43:30.822+0000] {logging_mixin.py:188} INFO - [2025-11-13T06:43:30.822+0000] {dagbag.py:538} INFO - Filling up the DagBag from /home/airflow/.local/lib/python3.8/site-packages/airflow/example_dags/example_xcomargs.py
[2025-11-13T06:43:30.837+0000] {processor.py:840} INFO - DAG(s) 'example_xcom_args_with_operators', 'example_xcom_args' retrieved from /home/airflow/.local/lib/python3.8/site-packages/airflow/example_dags/example_xcomargs.py
[2025-11-13T06:43:30.880+0000] {logging_mixin.py:188} INFO - [2025-11-13T06:43:30.880+0000] {dag.py:3036} INFO - Sync 2 DAGs
[2025-11-13T06:43:30.902+0000] {logging_mixin.py:188} INFO - [2025-11-13T06:43:30.902+0000] {dag.py:3823} INFO - Setting next_dagrun for example_xcom_args to None, run_after=None
[2025-11-13T06:43:30.910+0000] {logging_mixin.py:188} INFO - [2025-11-13T06:43:30.909+0000] {dag.py:3823} INFO - Setting next_dagrun for example_xcom_args_with_operators to None, run_after=None
[2025-11-13T06:43:30.950+0000] {processor.py:183} INFO - Processing /home/airflow/.local/lib/python3.8/site-packages/airflow/example_dags/example_xcomargs.py took 0.139 seconds
[2025-11-13T06:44:01.311+0000] {processor.py:161} INFO - Started process (PID=2258) to work on /home/airflow/.local/lib/python3.8/site-packages/airflow/example_dags/example_xcomargs.py
[2025-11-13T06:44:01.313+0000] {processor.py:830} INFO - Processing file /home/airflow/.local/lib/python3.8/site-packages/airflow/example_dags/example_xcomargs.py for tasks to queue
[2025-11-13T06:44:01.315+0000] {logging_mixin.py:188} INFO - [2025-11-13T06:44:01.315+0000] {dagbag.py:538} INFO - Filling up the DagBag from /home/airflow/.local/lib/python3.8/site-packages/airflow/example_dags/example_xcomargs.py
[2025-11-13T06:44:01.326+0000] {processor.py:840} INFO - DAG(s) 'example_xcom_args_with_operators', 'example_xcom_args' retrieved from /home/airflow/.local/lib/python3.8/site-packages/airflow/example_dags/example_xcomargs.py
[2025-11-13T06:44:01.368+0000] {logging_mixin.py:188} INFO - [2025-11-13T06:44:01.368+0000] {dag.py:3036} INFO - Sync 2 DAGs
[2025-11-13T06:44:01.384+0000] {logging_mixin.py:188} INFO - [2025-11-13T06:44:01.383+0000] {dag.py:3823} INFO - Setting next_dagrun for example_xcom_args to None, run_after=None
[2025-11-13T06:44:01.390+0000] {logging_mixin.py:188} INFO - [2025-11-13T06:44:01.389+0000] {dag.py:3823} INFO - Setting next_dagrun for example_xcom_args_with_operators to None, run_after=None
[2025-11-13T06:44:01.428+0000] {processor.py:183} INFO - Processing /home/airflow/.local/lib/python3.8/site-packages/airflow/example_dags/example_xcomargs.py took 0.122 seconds
[2025-11-13T06:44:31.600+0000] {processor.py:161} INFO - Started process (PID=2320) to work on /home/airflow/.local/lib/python3.8/site-packages/airflow/example_dags/example_xcomargs.py
[2025-11-13T06:44:31.602+0000] {processor.py:830} INFO - Processing file /home/airflow/.local/lib/python3.8/site-packages/airflow/example_dags/example_xcomargs.py for tasks to queue
[2025-11-13T06:44:31.606+0000] {logging_mixin.py:188} INFO - [2025-11-13T06:44:31.605+0000] {dagbag.py:538} INFO - Filling up the DagBag from /home/airflow/.local/lib/python3.8/site-packages/airflow/example_dags/example_xcomargs.py
[2025-11-13T06:44:31.617+0000] {processor.py:840} INFO - DAG(s) 'example_xcom_args', 'example_xcom_args_with_operators' retrieved from /home/airflow/.local/lib/python3.8/site-packages/airflow/example_dags/example_xcomargs.py
[2025-11-13T06:44:31.661+0000] {logging_mixin.py:188} INFO - [2025-11-13T06:44:31.660+0000] {dag.py:3036} INFO - Sync 2 DAGs
[2025-11-13T06:44:31.678+0000] {logging_mixin.py:188} INFO - [2025-11-13T06:44:31.678+0000] {dag.py:3823} INFO - Setting next_dagrun for example_xcom_args to None, run_after=None
[2025-11-13T06:44:31.684+0000] {logging_mixin.py:188} INFO - [2025-11-13T06:44:31.684+0000] {dag.py:3823} INFO - Setting next_dagrun for example_xcom_args_with_operators to None, run_after=None
[2025-11-13T06:44:31.710+0000] {processor.py:183} INFO - Processing /home/airflow/.local/lib/python3.8/site-packages/airflow/example_dags/example_xcomargs.py took 0.115 seconds
[2025-11-13T06:45:02.099+0000] {processor.py:161} INFO - Started process (PID=2382) to work on /home/airflow/.local/lib/python3.8/site-packages/airflow/example_dags/example_xcomargs.py
[2025-11-13T06:45:02.101+0000] {processor.py:830} INFO - Processing file /home/airflow/.local/lib/python3.8/site-packages/airflow/example_dags/example_xcomargs.py for tasks to queue
[2025-11-13T06:45:02.104+0000] {logging_mixin.py:188} INFO - [2025-11-13T06:45:02.104+0000] {dagbag.py:538} INFO - Filling up the DagBag from /home/airflow/.local/lib/python3.8/site-packages/airflow/example_dags/example_xcomargs.py
[2025-11-13T06:45:02.117+0000] {processor.py:840} INFO - DAG(s) 'example_xcom_args_with_operators', 'example_xcom_args' retrieved from /home/airflow/.local/lib/python3.8/site-packages/airflow/example_dags/example_xcomargs.py
[2025-11-13T06:45:02.150+0000] {logging_mixin.py:188} INFO - [2025-11-13T06:45:02.150+0000] {dag.py:3036} INFO - Sync 2 DAGs
[2025-11-13T06:45:02.170+0000] {logging_mixin.py:188} INFO - [2025-11-13T06:45:02.170+0000] {dag.py:3823} INFO - Setting next_dagrun for example_xcom_args to None, run_after=None
[2025-11-13T06:45:02.176+0000] {logging_mixin.py:188} INFO - [2025-11-13T06:45:02.175+0000] {dag.py:3823} INFO - Setting next_dagrun for example_xcom_args_with_operators to None, run_after=None
[2025-11-13T06:45:02.201+0000] {processor.py:183} INFO - Processing /home/airflow/.local/lib/python3.8/site-packages/airflow/example_dags/example_xcomargs.py took 0.106 seconds
[2025-11-13T06:45:32.773+0000] {processor.py:161} INFO - Started process (PID=2444) to work on /home/airflow/.local/lib/python3.8/site-packages/airflow/example_dags/example_xcomargs.py
[2025-11-13T06:45:32.775+0000] {processor.py:830} INFO - Processing file /home/airflow/.local/lib/python3.8/site-packages/airflow/example_dags/example_xcomargs.py for tasks to queue
[2025-11-13T06:45:32.778+0000] {logging_mixin.py:188} INFO - [2025-11-13T06:45:32.778+0000] {dagbag.py:538} INFO - Filling up the DagBag from /home/airflow/.local/lib/python3.8/site-packages/airflow/example_dags/example_xcomargs.py
[2025-11-13T06:45:32.790+0000] {processor.py:840} INFO - DAG(s) 'example_xcom_args_with_operators', 'example_xcom_args' retrieved from /home/airflow/.local/lib/python3.8/site-packages/airflow/example_dags/example_xcomargs.py
[2025-11-13T06:45:32.820+0000] {logging_mixin.py:188} INFO - [2025-11-13T06:45:32.820+0000] {dag.py:3036} INFO - Sync 2 DAGs
[2025-11-13T06:45:32.836+0000] {logging_mixin.py:188} INFO - [2025-11-13T06:45:32.836+0000] {dag.py:3823} INFO - Setting next_dagrun for example_xcom_args to None, run_after=None
[2025-11-13T06:45:32.840+0000] {logging_mixin.py:188} INFO - [2025-11-13T06:45:32.840+0000] {dag.py:3823} INFO - Setting next_dagrun for example_xcom_args_with_operators to None, run_after=None
[2025-11-13T06:45:32.866+0000] {processor.py:183} INFO - Processing /home/airflow/.local/lib/python3.8/site-packages/airflow/example_dags/example_xcomargs.py took 0.098 seconds
[2025-11-13T06:46:03.718+0000] {processor.py:161} INFO - Started process (PID=2507) to work on /home/airflow/.local/lib/python3.8/site-packages/airflow/example_dags/example_xcomargs.py
[2025-11-13T06:46:03.720+0000] {processor.py:830} INFO - Processing file /home/airflow/.local/lib/python3.8/site-packages/airflow/example_dags/example_xcomargs.py for tasks to queue
[2025-11-13T06:46:03.724+0000] {logging_mixin.py:188} INFO - [2025-11-13T06:46:03.724+0000] {dagbag.py:538} INFO - Filling up the DagBag from /home/airflow/.local/lib/python3.8/site-packages/airflow/example_dags/example_xcomargs.py
[2025-11-13T06:46:03.741+0000] {processor.py:840} INFO - DAG(s) 'example_xcom_args_with_operators', 'example_xcom_args' retrieved from /home/airflow/.local/lib/python3.8/site-packages/airflow/example_dags/example_xcomargs.py
[2025-11-13T06:46:03.783+0000] {logging_mixin.py:188} INFO - [2025-11-13T06:46:03.783+0000] {dag.py:3036} INFO - Sync 2 DAGs
[2025-11-13T06:46:03.804+0000] {logging_mixin.py:188} INFO - [2025-11-13T06:46:03.804+0000] {dag.py:3823} INFO - Setting next_dagrun for example_xcom_args to None, run_after=None
[2025-11-13T06:46:03.812+0000] {logging_mixin.py:188} INFO - [2025-11-13T06:46:03.811+0000] {dag.py:3823} INFO - Setting next_dagrun for example_xcom_args_with_operators to None, run_after=None
[2025-11-13T06:46:03.844+0000] {processor.py:183} INFO - Processing /home/airflow/.local/lib/python3.8/site-packages/airflow/example_dags/example_xcomargs.py took 0.133 seconds
[2025-11-13T06:46:34.446+0000] {processor.py:161} INFO - Started process (PID=2570) to work on /home/airflow/.local/lib/python3.8/site-packages/airflow/example_dags/example_xcomargs.py
[2025-11-13T06:46:34.447+0000] {processor.py:830} INFO - Processing file /home/airflow/.local/lib/python3.8/site-packages/airflow/example_dags/example_xcomargs.py for tasks to queue
[2025-11-13T06:46:34.450+0000] {logging_mixin.py:188} INFO - [2025-11-13T06:46:34.450+0000] {dagbag.py:538} INFO - Filling up the DagBag from /home/airflow/.local/lib/python3.8/site-packages/airflow/example_dags/example_xcomargs.py
[2025-11-13T06:46:34.461+0000] {processor.py:840} INFO - DAG(s) 'example_xcom_args', 'example_xcom_args_with_operators' retrieved from /home/airflow/.local/lib/python3.8/site-packages/airflow/example_dags/example_xcomargs.py
[2025-11-13T06:46:34.494+0000] {logging_mixin.py:188} INFO - [2025-11-13T06:46:34.493+0000] {dag.py:3036} INFO - Sync 2 DAGs
[2025-11-13T06:46:34.510+0000] {logging_mixin.py:188} INFO - [2025-11-13T06:46:34.509+0000] {dag.py:3823} INFO - Setting next_dagrun for example_xcom_args to None, run_after=None
[2025-11-13T06:46:34.515+0000] {logging_mixin.py:188} INFO - [2025-11-13T06:46:34.515+0000] {dag.py:3823} INFO - Setting next_dagrun for example_xcom_args_with_operators to None, run_after=None
[2025-11-13T06:46:34.540+0000] {processor.py:183} INFO - Processing /home/airflow/.local/lib/python3.8/site-packages/airflow/example_dags/example_xcomargs.py took 0.099 seconds
[2025-11-13T06:47:05.051+0000] {processor.py:161} INFO - Started process (PID=2632) to work on /home/airflow/.local/lib/python3.8/site-packages/airflow/example_dags/example_xcomargs.py
[2025-11-13T06:47:05.053+0000] {processor.py:830} INFO - Processing file /home/airflow/.local/lib/python3.8/site-packages/airflow/example_dags/example_xcomargs.py for tasks to queue
[2025-11-13T06:47:05.056+0000] {logging_mixin.py:188} INFO - [2025-11-13T06:47:05.055+0000] {dagbag.py:538} INFO - Filling up the DagBag from /home/airflow/.local/lib/python3.8/site-packages/airflow/example_dags/example_xcomargs.py
[2025-11-13T06:47:05.066+0000] {processor.py:840} INFO - DAG(s) 'example_xcom_args', 'example_xcom_args_with_operators' retrieved from /home/airflow/.local/lib/python3.8/site-packages/airflow/example_dags/example_xcomargs.py
[2025-11-13T06:47:05.096+0000] {logging_mixin.py:188} INFO - [2025-11-13T06:47:05.096+0000] {dag.py:3036} INFO - Sync 2 DAGs
[2025-11-13T06:47:05.111+0000] {logging_mixin.py:188} INFO - [2025-11-13T06:47:05.110+0000] {dag.py:3823} INFO - Setting next_dagrun for example_xcom_args to None, run_after=None
[2025-11-13T06:47:05.116+0000] {logging_mixin.py:188} INFO - [2025-11-13T06:47:05.116+0000] {dag.py:3823} INFO - Setting next_dagrun for example_xcom_args_with_operators to None, run_after=None
[2025-11-13T06:47:05.140+0000] {processor.py:183} INFO - Processing /home/airflow/.local/lib/python3.8/site-packages/airflow/example_dags/example_xcomargs.py took 0.093 seconds
[2025-11-13T06:47:35.659+0000] {processor.py:161} INFO - Started process (PID=2695) to work on /home/airflow/.local/lib/python3.8/site-packages/airflow/example_dags/example_xcomargs.py
[2025-11-13T06:47:35.661+0000] {processor.py:830} INFO - Processing file /home/airflow/.local/lib/python3.8/site-packages/airflow/example_dags/example_xcomargs.py for tasks to queue
[2025-11-13T06:47:35.665+0000] {logging_mixin.py:188} INFO - [2025-11-13T06:47:35.665+0000] {dagbag.py:538} INFO - Filling up the DagBag from /home/airflow/.local/lib/python3.8/site-packages/airflow/example_dags/example_xcomargs.py
[2025-11-13T06:47:35.683+0000] {processor.py:840} INFO - DAG(s) 'example_xcom_args_with_operators', 'example_xcom_args' retrieved from /home/airflow/.local/lib/python3.8/site-packages/airflow/example_dags/example_xcomargs.py
[2025-11-13T06:47:35.731+0000] {logging_mixin.py:188} INFO - [2025-11-13T06:47:35.731+0000] {dag.py:3036} INFO - Sync 2 DAGs
[2025-11-13T06:47:35.756+0000] {logging_mixin.py:188} INFO - [2025-11-13T06:47:35.755+0000] {dag.py:3823} INFO - Setting next_dagrun for example_xcom_args to None, run_after=None
[2025-11-13T06:47:35.764+0000] {logging_mixin.py:188} INFO - [2025-11-13T06:47:35.764+0000] {dag.py:3823} INFO - Setting next_dagrun for example_xcom_args_with_operators to None, run_after=None
[2025-11-13T06:47:35.809+0000] {processor.py:183} INFO - Processing /home/airflow/.local/lib/python3.8/site-packages/airflow/example_dags/example_xcomargs.py took 0.160 seconds
[2025-11-13T06:48:06.408+0000] {processor.py:161} INFO - Started process (PID=2757) to work on /home/airflow/.local/lib/python3.8/site-packages/airflow/example_dags/example_xcomargs.py
[2025-11-13T06:48:06.410+0000] {processor.py:830} INFO - Processing file /home/airflow/.local/lib/python3.8/site-packages/airflow/example_dags/example_xcomargs.py for tasks to queue
[2025-11-13T06:48:06.414+0000] {logging_mixin.py:188} INFO - [2025-11-13T06:48:06.413+0000] {dagbag.py:538} INFO - Filling up the DagBag from /home/airflow/.local/lib/python3.8/site-packages/airflow/example_dags/example_xcomargs.py
[2025-11-13T06:48:06.427+0000] {processor.py:840} INFO - DAG(s) 'example_xcom_args_with_operators', 'example_xcom_args' retrieved from /home/airflow/.local/lib/python3.8/site-packages/airflow/example_dags/example_xcomargs.py
[2025-11-13T06:48:06.466+0000] {logging_mixin.py:188} INFO - [2025-11-13T06:48:06.465+0000] {dag.py:3036} INFO - Sync 2 DAGs
[2025-11-13T06:48:06.487+0000] {logging_mixin.py:188} INFO - [2025-11-13T06:48:06.486+0000] {dag.py:3823} INFO - Setting next_dagrun for example_xcom_args to None, run_after=None
[2025-11-13T06:48:06.493+0000] {logging_mixin.py:188} INFO - [2025-11-13T06:48:06.493+0000] {dag.py:3823} INFO - Setting next_dagrun for example_xcom_args_with_operators to None, run_after=None
[2025-11-13T06:48:06.524+0000] {processor.py:183} INFO - Processing /home/airflow/.local/lib/python3.8/site-packages/airflow/example_dags/example_xcomargs.py took 0.122 seconds
[2025-11-13T06:48:36.924+0000] {processor.py:161} INFO - Started process (PID=2819) to work on /home/airflow/.local/lib/python3.8/site-packages/airflow/example_dags/example_xcomargs.py
[2025-11-13T06:48:36.933+0000] {processor.py:830} INFO - Processing file /home/airflow/.local/lib/python3.8/site-packages/airflow/example_dags/example_xcomargs.py for tasks to queue
[2025-11-13T06:48:36.942+0000] {logging_mixin.py:188} INFO - [2025-11-13T06:48:36.941+0000] {dagbag.py:538} INFO - Filling up the DagBag from /home/airflow/.local/lib/python3.8/site-packages/airflow/example_dags/example_xcomargs.py
[2025-11-13T06:48:36.984+0000] {processor.py:840} INFO - DAG(s) 'example_xcom_args', 'example_xcom_args_with_operators' retrieved from /home/airflow/.local/lib/python3.8/site-packages/airflow/example_dags/example_xcomargs.py
[2025-11-13T06:48:37.069+0000] {logging_mixin.py:188} INFO - [2025-11-13T06:48:37.068+0000] {dag.py:3036} INFO - Sync 2 DAGs
[2025-11-13T06:48:37.115+0000] {logging_mixin.py:188} INFO - [2025-11-13T06:48:37.115+0000] {dag.py:3823} INFO - Setting next_dagrun for example_xcom_args to None, run_after=None
[2025-11-13T06:48:37.127+0000] {logging_mixin.py:188} INFO - [2025-11-13T06:48:37.126+0000] {dag.py:3823} INFO - Setting next_dagrun for example_xcom_args_with_operators to None, run_after=None
[2025-11-13T06:48:37.189+0000] {processor.py:183} INFO - Processing /home/airflow/.local/lib/python3.8/site-packages/airflow/example_dags/example_xcomargs.py took 0.286 seconds
[2025-11-13T06:49:08.573+0000] {processor.py:161} INFO - Started process (PID=2882) to work on /home/airflow/.local/lib/python3.8/site-packages/airflow/example_dags/example_xcomargs.py
[2025-11-13T06:49:08.577+0000] {processor.py:830} INFO - Processing file /home/airflow/.local/lib/python3.8/site-packages/airflow/example_dags/example_xcomargs.py for tasks to queue
[2025-11-13T06:49:08.587+0000] {logging_mixin.py:188} INFO - [2025-11-13T06:49:08.586+0000] {dagbag.py:538} INFO - Filling up the DagBag from /home/airflow/.local/lib/python3.8/site-packages/airflow/example_dags/example_xcomargs.py
[2025-11-13T06:49:08.626+0000] {processor.py:840} INFO - DAG(s) 'example_xcom_args', 'example_xcom_args_with_operators' retrieved from /home/airflow/.local/lib/python3.8/site-packages/airflow/example_dags/example_xcomargs.py
[2025-11-13T06:49:08.748+0000] {logging_mixin.py:188} INFO - [2025-11-13T06:49:08.747+0000] {dag.py:3036} INFO - Sync 2 DAGs
[2025-11-13T06:49:08.790+0000] {logging_mixin.py:188} INFO - [2025-11-13T06:49:08.789+0000] {dag.py:3823} INFO - Setting next_dagrun for example_xcom_args to None, run_after=None
[2025-11-13T06:49:08.810+0000] {logging_mixin.py:188} INFO - [2025-11-13T06:49:08.809+0000] {dag.py:3823} INFO - Setting next_dagrun for example_xcom_args_with_operators to None, run_after=None
[2025-11-13T06:49:08.878+0000] {processor.py:183} INFO - Processing /home/airflow/.local/lib/python3.8/site-packages/airflow/example_dags/example_xcomargs.py took 0.321 seconds
