[2025-11-13T06:26:19.400+0000] {processor.py:161} INFO - Started process (PID=103) to work on /home/airflow/.local/lib/python3.8/site-packages/airflow/example_dags/example_latest_only_with_trigger.py
[2025-11-13T06:26:19.414+0000] {processor.py:830} INFO - Processing file /home/airflow/.local/lib/python3.8/site-packages/airflow/example_dags/example_latest_only_with_trigger.py for tasks to queue
[2025-11-13T06:26:19.427+0000] {logging_mixin.py:188} INFO - [2025-11-13T06:26:19.425+0000] {dagbag.py:538} INFO - Filling up the DagBag from /home/airflow/.local/lib/python3.8/site-packages/airflow/example_dags/example_latest_only_with_trigger.py
[2025-11-13T06:26:19.477+0000] {processor.py:840} INFO - DAG(s) 'latest_only_with_trigger' retrieved from /home/airflow/.local/lib/python3.8/site-packages/airflow/example_dags/example_latest_only_with_trigger.py
[2025-11-13T06:26:19.586+0000] {logging_mixin.py:188} INFO - [2025-11-13T06:26:19.585+0000] {dag.py:3036} INFO - Sync 1 DAGs
[2025-11-13T06:26:19.822+0000] {logging_mixin.py:188} INFO - [2025-11-13T06:26:19.822+0000] {dag.py:3823} INFO - Setting next_dagrun for latest_only_with_trigger to 2025-11-13 00:00:00+00:00, run_after=2025-11-13 04:00:00+00:00
[2025-11-13T06:26:20.031+0000] {processor.py:183} INFO - Processing /home/airflow/.local/lib/python3.8/site-packages/airflow/example_dags/example_latest_only_with_trigger.py took 0.651 seconds
[2025-11-13T06:26:50.617+0000] {processor.py:161} INFO - Started process (PID=165) to work on /home/airflow/.local/lib/python3.8/site-packages/airflow/example_dags/example_latest_only_with_trigger.py
[2025-11-13T06:26:50.619+0000] {processor.py:830} INFO - Processing file /home/airflow/.local/lib/python3.8/site-packages/airflow/example_dags/example_latest_only_with_trigger.py for tasks to queue
[2025-11-13T06:26:50.621+0000] {logging_mixin.py:188} INFO - [2025-11-13T06:26:50.621+0000] {dagbag.py:538} INFO - Filling up the DagBag from /home/airflow/.local/lib/python3.8/site-packages/airflow/example_dags/example_latest_only_with_trigger.py
[2025-11-13T06:26:50.629+0000] {processor.py:840} INFO - DAG(s) 'latest_only_with_trigger' retrieved from /home/airflow/.local/lib/python3.8/site-packages/airflow/example_dags/example_latest_only_with_trigger.py
[2025-11-13T06:26:50.757+0000] {logging_mixin.py:188} INFO - [2025-11-13T06:26:50.757+0000] {dag.py:3036} INFO - Sync 1 DAGs
[2025-11-13T06:26:50.785+0000] {logging_mixin.py:188} INFO - [2025-11-13T06:26:50.784+0000] {dag.py:3823} INFO - Setting next_dagrun for latest_only_with_trigger to 2025-11-13 00:00:00+00:00, run_after=2025-11-13 04:00:00+00:00
[2025-11-13T06:26:50.818+0000] {processor.py:183} INFO - Processing /home/airflow/.local/lib/python3.8/site-packages/airflow/example_dags/example_latest_only_with_trigger.py took 0.204 seconds
[2025-11-13T06:27:21.036+0000] {processor.py:161} INFO - Started process (PID=228) to work on /home/airflow/.local/lib/python3.8/site-packages/airflow/example_dags/example_latest_only_with_trigger.py
[2025-11-13T06:27:21.038+0000] {processor.py:830} INFO - Processing file /home/airflow/.local/lib/python3.8/site-packages/airflow/example_dags/example_latest_only_with_trigger.py for tasks to queue
[2025-11-13T06:27:21.042+0000] {logging_mixin.py:188} INFO - [2025-11-13T06:27:21.041+0000] {dagbag.py:538} INFO - Filling up the DagBag from /home/airflow/.local/lib/python3.8/site-packages/airflow/example_dags/example_latest_only_with_trigger.py
[2025-11-13T06:27:21.052+0000] {processor.py:840} INFO - DAG(s) 'latest_only_with_trigger' retrieved from /home/airflow/.local/lib/python3.8/site-packages/airflow/example_dags/example_latest_only_with_trigger.py
[2025-11-13T06:27:21.088+0000] {logging_mixin.py:188} INFO - [2025-11-13T06:27:21.088+0000] {dag.py:3036} INFO - Sync 1 DAGs
[2025-11-13T06:27:21.121+0000] {logging_mixin.py:188} INFO - [2025-11-13T06:27:21.121+0000] {dag.py:3823} INFO - Setting next_dagrun for latest_only_with_trigger to 2025-11-13 00:00:00+00:00, run_after=2025-11-13 04:00:00+00:00
[2025-11-13T06:27:21.193+0000] {processor.py:183} INFO - Processing /home/airflow/.local/lib/python3.8/site-packages/airflow/example_dags/example_latest_only_with_trigger.py took 0.163 seconds
[2025-11-13T06:27:51.556+0000] {processor.py:161} INFO - Started process (PID=289) to work on /home/airflow/.local/lib/python3.8/site-packages/airflow/example_dags/example_latest_only_with_trigger.py
[2025-11-13T06:27:51.603+0000] {processor.py:830} INFO - Processing file /home/airflow/.local/lib/python3.8/site-packages/airflow/example_dags/example_latest_only_with_trigger.py for tasks to queue
[2025-11-13T06:27:51.609+0000] {logging_mixin.py:188} INFO - [2025-11-13T06:27:51.609+0000] {dagbag.py:538} INFO - Filling up the DagBag from /home/airflow/.local/lib/python3.8/site-packages/airflow/example_dags/example_latest_only_with_trigger.py
[2025-11-13T06:27:51.639+0000] {processor.py:840} INFO - DAG(s) 'latest_only_with_trigger' retrieved from /home/airflow/.local/lib/python3.8/site-packages/airflow/example_dags/example_latest_only_with_trigger.py
[2025-11-13T06:27:51.721+0000] {logging_mixin.py:188} INFO - [2025-11-13T06:27:51.720+0000] {dag.py:3036} INFO - Sync 1 DAGs
[2025-11-13T06:27:51.844+0000] {logging_mixin.py:188} INFO - [2025-11-13T06:27:51.844+0000] {dag.py:3823} INFO - Setting next_dagrun for latest_only_with_trigger to 2025-11-13 00:00:00+00:00, run_after=2025-11-13 04:00:00+00:00
[2025-11-13T06:27:51.990+0000] {processor.py:183} INFO - Processing /home/airflow/.local/lib/python3.8/site-packages/airflow/example_dags/example_latest_only_with_trigger.py took 0.443 seconds
[2025-11-13T06:28:22.318+0000] {processor.py:161} INFO - Started process (PID=350) to work on /home/airflow/.local/lib/python3.8/site-packages/airflow/example_dags/example_latest_only_with_trigger.py
[2025-11-13T06:28:22.321+0000] {processor.py:830} INFO - Processing file /home/airflow/.local/lib/python3.8/site-packages/airflow/example_dags/example_latest_only_with_trigger.py for tasks to queue
[2025-11-13T06:28:22.335+0000] {logging_mixin.py:188} INFO - [2025-11-13T06:28:22.334+0000] {dagbag.py:538} INFO - Filling up the DagBag from /home/airflow/.local/lib/python3.8/site-packages/airflow/example_dags/example_latest_only_with_trigger.py
[2025-11-13T06:28:22.355+0000] {processor.py:840} INFO - DAG(s) 'latest_only_with_trigger' retrieved from /home/airflow/.local/lib/python3.8/site-packages/airflow/example_dags/example_latest_only_with_trigger.py
[2025-11-13T06:28:22.434+0000] {logging_mixin.py:188} INFO - [2025-11-13T06:28:22.433+0000] {dag.py:3036} INFO - Sync 1 DAGs
[2025-11-13T06:28:22.534+0000] {logging_mixin.py:188} INFO - [2025-11-13T06:28:22.533+0000] {dag.py:3823} INFO - Setting next_dagrun for latest_only_with_trigger to 2025-11-13 00:00:00+00:00, run_after=2025-11-13 04:00:00+00:00
[2025-11-13T06:28:22.601+0000] {processor.py:183} INFO - Processing /home/airflow/.local/lib/python3.8/site-packages/airflow/example_dags/example_latest_only_with_trigger.py took 0.317 seconds
[2025-11-13T06:28:53.041+0000] {processor.py:161} INFO - Started process (PID=413) to work on /home/airflow/.local/lib/python3.8/site-packages/airflow/example_dags/example_latest_only_with_trigger.py
[2025-11-13T06:28:53.055+0000] {processor.py:830} INFO - Processing file /home/airflow/.local/lib/python3.8/site-packages/airflow/example_dags/example_latest_only_with_trigger.py for tasks to queue
[2025-11-13T06:28:53.067+0000] {logging_mixin.py:188} INFO - [2025-11-13T06:28:53.067+0000] {dagbag.py:538} INFO - Filling up the DagBag from /home/airflow/.local/lib/python3.8/site-packages/airflow/example_dags/example_latest_only_with_trigger.py
[2025-11-13T06:28:53.093+0000] {processor.py:840} INFO - DAG(s) 'latest_only_with_trigger' retrieved from /home/airflow/.local/lib/python3.8/site-packages/airflow/example_dags/example_latest_only_with_trigger.py
[2025-11-13T06:28:53.189+0000] {logging_mixin.py:188} INFO - [2025-11-13T06:28:53.188+0000] {dag.py:3036} INFO - Sync 1 DAGs
[2025-11-13T06:28:53.292+0000] {logging_mixin.py:188} INFO - [2025-11-13T06:28:53.291+0000] {dag.py:3823} INFO - Setting next_dagrun for latest_only_with_trigger to 2025-11-13 00:00:00+00:00, run_after=2025-11-13 04:00:00+00:00
[2025-11-13T06:28:53.407+0000] {processor.py:183} INFO - Processing /home/airflow/.local/lib/python3.8/site-packages/airflow/example_dags/example_latest_only_with_trigger.py took 0.376 seconds
[2025-11-13T06:29:23.603+0000] {processor.py:161} INFO - Started process (PID=476) to work on /home/airflow/.local/lib/python3.8/site-packages/airflow/example_dags/example_latest_only_with_trigger.py
[2025-11-13T06:29:23.605+0000] {processor.py:830} INFO - Processing file /home/airflow/.local/lib/python3.8/site-packages/airflow/example_dags/example_latest_only_with_trigger.py for tasks to queue
[2025-11-13T06:29:23.608+0000] {logging_mixin.py:188} INFO - [2025-11-13T06:29:23.607+0000] {dagbag.py:538} INFO - Filling up the DagBag from /home/airflow/.local/lib/python3.8/site-packages/airflow/example_dags/example_latest_only_with_trigger.py
[2025-11-13T06:29:23.617+0000] {processor.py:840} INFO - DAG(s) 'latest_only_with_trigger' retrieved from /home/airflow/.local/lib/python3.8/site-packages/airflow/example_dags/example_latest_only_with_trigger.py
[2025-11-13T06:29:23.650+0000] {logging_mixin.py:188} INFO - [2025-11-13T06:29:23.650+0000] {dag.py:3036} INFO - Sync 1 DAGs
[2025-11-13T06:29:23.680+0000] {logging_mixin.py:188} INFO - [2025-11-13T06:29:23.680+0000] {dag.py:3823} INFO - Setting next_dagrun for latest_only_with_trigger to 2025-11-13 00:00:00+00:00, run_after=2025-11-13 04:00:00+00:00
[2025-11-13T06:29:23.708+0000] {processor.py:183} INFO - Processing /home/airflow/.local/lib/python3.8/site-packages/airflow/example_dags/example_latest_only_with_trigger.py took 0.111 seconds
[2025-11-13T06:29:54.905+0000] {processor.py:161} INFO - Started process (PID=538) to work on /home/airflow/.local/lib/python3.8/site-packages/airflow/example_dags/example_latest_only_with_trigger.py
[2025-11-13T06:29:54.909+0000] {processor.py:830} INFO - Processing file /home/airflow/.local/lib/python3.8/site-packages/airflow/example_dags/example_latest_only_with_trigger.py for tasks to queue
[2025-11-13T06:29:54.915+0000] {logging_mixin.py:188} INFO - [2025-11-13T06:29:54.914+0000] {dagbag.py:538} INFO - Filling up the DagBag from /home/airflow/.local/lib/python3.8/site-packages/airflow/example_dags/example_latest_only_with_trigger.py
[2025-11-13T06:29:54.932+0000] {processor.py:840} INFO - DAG(s) 'latest_only_with_trigger' retrieved from /home/airflow/.local/lib/python3.8/site-packages/airflow/example_dags/example_latest_only_with_trigger.py
[2025-11-13T06:29:54.994+0000] {logging_mixin.py:188} INFO - [2025-11-13T06:29:54.993+0000] {dag.py:3036} INFO - Sync 1 DAGs
[2025-11-13T06:29:55.056+0000] {logging_mixin.py:188} INFO - [2025-11-13T06:29:55.055+0000] {dag.py:3823} INFO - Setting next_dagrun for latest_only_with_trigger to 2025-11-13 00:00:00+00:00, run_after=2025-11-13 04:00:00+00:00
[2025-11-13T06:29:55.114+0000] {processor.py:183} INFO - Processing /home/airflow/.local/lib/python3.8/site-packages/airflow/example_dags/example_latest_only_with_trigger.py took 0.220 seconds
[2025-11-13T06:30:25.355+0000] {processor.py:161} INFO - Started process (PID=600) to work on /home/airflow/.local/lib/python3.8/site-packages/airflow/example_dags/example_latest_only_with_trigger.py
[2025-11-13T06:30:25.357+0000] {processor.py:830} INFO - Processing file /home/airflow/.local/lib/python3.8/site-packages/airflow/example_dags/example_latest_only_with_trigger.py for tasks to queue
[2025-11-13T06:30:25.361+0000] {logging_mixin.py:188} INFO - [2025-11-13T06:30:25.360+0000] {dagbag.py:538} INFO - Filling up the DagBag from /home/airflow/.local/lib/python3.8/site-packages/airflow/example_dags/example_latest_only_with_trigger.py
[2025-11-13T06:30:25.370+0000] {processor.py:840} INFO - DAG(s) 'latest_only_with_trigger' retrieved from /home/airflow/.local/lib/python3.8/site-packages/airflow/example_dags/example_latest_only_with_trigger.py
[2025-11-13T06:30:25.405+0000] {logging_mixin.py:188} INFO - [2025-11-13T06:30:25.405+0000] {dag.py:3036} INFO - Sync 1 DAGs
[2025-11-13T06:30:25.443+0000] {logging_mixin.py:188} INFO - [2025-11-13T06:30:25.443+0000] {dag.py:3823} INFO - Setting next_dagrun for latest_only_with_trigger to 2025-11-13 00:00:00+00:00, run_after=2025-11-13 04:00:00+00:00
[2025-11-13T06:30:25.475+0000] {processor.py:183} INFO - Processing /home/airflow/.local/lib/python3.8/site-packages/airflow/example_dags/example_latest_only_with_trigger.py took 0.126 seconds
[2025-11-13T06:30:55.740+0000] {processor.py:161} INFO - Started process (PID=662) to work on /home/airflow/.local/lib/python3.8/site-packages/airflow/example_dags/example_latest_only_with_trigger.py
[2025-11-13T06:30:55.742+0000] {processor.py:830} INFO - Processing file /home/airflow/.local/lib/python3.8/site-packages/airflow/example_dags/example_latest_only_with_trigger.py for tasks to queue
[2025-11-13T06:30:55.746+0000] {logging_mixin.py:188} INFO - [2025-11-13T06:30:55.745+0000] {dagbag.py:538} INFO - Filling up the DagBag from /home/airflow/.local/lib/python3.8/site-packages/airflow/example_dags/example_latest_only_with_trigger.py
[2025-11-13T06:30:55.756+0000] {processor.py:840} INFO - DAG(s) 'latest_only_with_trigger' retrieved from /home/airflow/.local/lib/python3.8/site-packages/airflow/example_dags/example_latest_only_with_trigger.py
[2025-11-13T06:30:55.795+0000] {logging_mixin.py:188} INFO - [2025-11-13T06:30:55.795+0000] {dag.py:3036} INFO - Sync 1 DAGs
[2025-11-13T06:30:55.839+0000] {logging_mixin.py:188} INFO - [2025-11-13T06:30:55.838+0000] {dag.py:3823} INFO - Setting next_dagrun for latest_only_with_trigger to 2025-11-13 00:00:00+00:00, run_after=2025-11-13 04:00:00+00:00
[2025-11-13T06:30:55.876+0000] {processor.py:183} INFO - Processing /home/airflow/.local/lib/python3.8/site-packages/airflow/example_dags/example_latest_only_with_trigger.py took 0.144 seconds
[2025-11-13T06:31:26.064+0000] {processor.py:161} INFO - Started process (PID=724) to work on /home/airflow/.local/lib/python3.8/site-packages/airflow/example_dags/example_latest_only_with_trigger.py
[2025-11-13T06:31:26.065+0000] {processor.py:830} INFO - Processing file /home/airflow/.local/lib/python3.8/site-packages/airflow/example_dags/example_latest_only_with_trigger.py for tasks to queue
[2025-11-13T06:31:26.068+0000] {logging_mixin.py:188} INFO - [2025-11-13T06:31:26.068+0000] {dagbag.py:538} INFO - Filling up the DagBag from /home/airflow/.local/lib/python3.8/site-packages/airflow/example_dags/example_latest_only_with_trigger.py
[2025-11-13T06:31:26.076+0000] {processor.py:840} INFO - DAG(s) 'latest_only_with_trigger' retrieved from /home/airflow/.local/lib/python3.8/site-packages/airflow/example_dags/example_latest_only_with_trigger.py
[2025-11-13T06:31:26.107+0000] {logging_mixin.py:188} INFO - [2025-11-13T06:31:26.106+0000] {dag.py:3036} INFO - Sync 1 DAGs
[2025-11-13T06:31:26.137+0000] {logging_mixin.py:188} INFO - [2025-11-13T06:31:26.137+0000] {dag.py:3823} INFO - Setting next_dagrun for latest_only_with_trigger to 2025-11-13 00:00:00+00:00, run_after=2025-11-13 04:00:00+00:00
[2025-11-13T06:31:26.166+0000] {processor.py:183} INFO - Processing /home/airflow/.local/lib/python3.8/site-packages/airflow/example_dags/example_latest_only_with_trigger.py took 0.107 seconds
[2025-11-13T06:31:57.153+0000] {processor.py:161} INFO - Started process (PID=792) to work on /home/airflow/.local/lib/python3.8/site-packages/airflow/example_dags/example_latest_only_with_trigger.py
[2025-11-13T06:31:57.156+0000] {processor.py:830} INFO - Processing file /home/airflow/.local/lib/python3.8/site-packages/airflow/example_dags/example_latest_only_with_trigger.py for tasks to queue
[2025-11-13T06:31:57.163+0000] {logging_mixin.py:188} INFO - [2025-11-13T06:31:57.162+0000] {dagbag.py:538} INFO - Filling up the DagBag from /home/airflow/.local/lib/python3.8/site-packages/airflow/example_dags/example_latest_only_with_trigger.py
[2025-11-13T06:31:57.184+0000] {processor.py:840} INFO - DAG(s) 'latest_only_with_trigger' retrieved from /home/airflow/.local/lib/python3.8/site-packages/airflow/example_dags/example_latest_only_with_trigger.py
[2025-11-13T06:31:57.237+0000] {logging_mixin.py:188} INFO - [2025-11-13T06:31:57.236+0000] {dag.py:3036} INFO - Sync 1 DAGs
[2025-11-13T06:31:57.303+0000] {logging_mixin.py:188} INFO - [2025-11-13T06:31:57.302+0000] {dag.py:3823} INFO - Setting next_dagrun for latest_only_with_trigger to 2025-11-13 00:00:00+00:00, run_after=2025-11-13 04:00:00+00:00
[2025-11-13T06:31:57.354+0000] {processor.py:183} INFO - Processing /home/airflow/.local/lib/python3.8/site-packages/airflow/example_dags/example_latest_only_with_trigger.py took 0.211 seconds
[2025-11-13T06:32:27.537+0000] {processor.py:161} INFO - Started process (PID=854) to work on /home/airflow/.local/lib/python3.8/site-packages/airflow/example_dags/example_latest_only_with_trigger.py
[2025-11-13T06:32:27.539+0000] {processor.py:830} INFO - Processing file /home/airflow/.local/lib/python3.8/site-packages/airflow/example_dags/example_latest_only_with_trigger.py for tasks to queue
[2025-11-13T06:32:27.542+0000] {logging_mixin.py:188} INFO - [2025-11-13T06:32:27.542+0000] {dagbag.py:538} INFO - Filling up the DagBag from /home/airflow/.local/lib/python3.8/site-packages/airflow/example_dags/example_latest_only_with_trigger.py
[2025-11-13T06:32:27.551+0000] {processor.py:840} INFO - DAG(s) 'latest_only_with_trigger' retrieved from /home/airflow/.local/lib/python3.8/site-packages/airflow/example_dags/example_latest_only_with_trigger.py
[2025-11-13T06:32:27.583+0000] {logging_mixin.py:188} INFO - [2025-11-13T06:32:27.582+0000] {dag.py:3036} INFO - Sync 1 DAGs
[2025-11-13T06:32:27.614+0000] {logging_mixin.py:188} INFO - [2025-11-13T06:32:27.613+0000] {dag.py:3823} INFO - Setting next_dagrun for latest_only_with_trigger to 2025-11-13 00:00:00+00:00, run_after=2025-11-13 04:00:00+00:00
[2025-11-13T06:32:27.646+0000] {processor.py:183} INFO - Processing /home/airflow/.local/lib/python3.8/site-packages/airflow/example_dags/example_latest_only_with_trigger.py took 0.115 seconds
[2025-11-13T06:32:58.196+0000] {processor.py:161} INFO - Started process (PID=916) to work on /home/airflow/.local/lib/python3.8/site-packages/airflow/example_dags/example_latest_only_with_trigger.py
[2025-11-13T06:32:58.208+0000] {processor.py:830} INFO - Processing file /home/airflow/.local/lib/python3.8/site-packages/airflow/example_dags/example_latest_only_with_trigger.py for tasks to queue
[2025-11-13T06:32:58.213+0000] {logging_mixin.py:188} INFO - [2025-11-13T06:32:58.212+0000] {dagbag.py:538} INFO - Filling up the DagBag from /home/airflow/.local/lib/python3.8/site-packages/airflow/example_dags/example_latest_only_with_trigger.py
[2025-11-13T06:32:58.236+0000] {processor.py:840} INFO - DAG(s) 'latest_only_with_trigger' retrieved from /home/airflow/.local/lib/python3.8/site-packages/airflow/example_dags/example_latest_only_with_trigger.py
[2025-11-13T06:32:58.321+0000] {logging_mixin.py:188} INFO - [2025-11-13T06:32:58.321+0000] {dag.py:3036} INFO - Sync 1 DAGs
[2025-11-13T06:32:58.368+0000] {logging_mixin.py:188} INFO - [2025-11-13T06:32:58.368+0000] {dag.py:3823} INFO - Setting next_dagrun for latest_only_with_trigger to 2025-11-13 00:00:00+00:00, run_after=2025-11-13 04:00:00+00:00
[2025-11-13T06:32:58.412+0000] {processor.py:183} INFO - Processing /home/airflow/.local/lib/python3.8/site-packages/airflow/example_dags/example_latest_only_with_trigger.py took 0.225 seconds
[2025-11-13T06:33:28.910+0000] {processor.py:161} INFO - Started process (PID=978) to work on /home/airflow/.local/lib/python3.8/site-packages/airflow/example_dags/example_latest_only_with_trigger.py
[2025-11-13T06:33:28.911+0000] {processor.py:830} INFO - Processing file /home/airflow/.local/lib/python3.8/site-packages/airflow/example_dags/example_latest_only_with_trigger.py for tasks to queue
[2025-11-13T06:33:28.915+0000] {logging_mixin.py:188} INFO - [2025-11-13T06:33:28.915+0000] {dagbag.py:538} INFO - Filling up the DagBag from /home/airflow/.local/lib/python3.8/site-packages/airflow/example_dags/example_latest_only_with_trigger.py
[2025-11-13T06:33:28.925+0000] {processor.py:840} INFO - DAG(s) 'latest_only_with_trigger' retrieved from /home/airflow/.local/lib/python3.8/site-packages/airflow/example_dags/example_latest_only_with_trigger.py
[2025-11-13T06:33:28.958+0000] {logging_mixin.py:188} INFO - [2025-11-13T06:33:28.958+0000] {dag.py:3036} INFO - Sync 1 DAGs
[2025-11-13T06:33:28.994+0000] {logging_mixin.py:188} INFO - [2025-11-13T06:33:28.994+0000] {dag.py:3823} INFO - Setting next_dagrun for latest_only_with_trigger to 2025-11-13 00:00:00+00:00, run_after=2025-11-13 04:00:00+00:00
[2025-11-13T06:33:29.024+0000] {processor.py:183} INFO - Processing /home/airflow/.local/lib/python3.8/site-packages/airflow/example_dags/example_latest_only_with_trigger.py took 0.120 seconds
[2025-11-13T06:33:59.887+0000] {processor.py:161} INFO - Started process (PID=1040) to work on /home/airflow/.local/lib/python3.8/site-packages/airflow/example_dags/example_latest_only_with_trigger.py
[2025-11-13T06:33:59.889+0000] {processor.py:830} INFO - Processing file /home/airflow/.local/lib/python3.8/site-packages/airflow/example_dags/example_latest_only_with_trigger.py for tasks to queue
[2025-11-13T06:33:59.893+0000] {logging_mixin.py:188} INFO - [2025-11-13T06:33:59.892+0000] {dagbag.py:538} INFO - Filling up the DagBag from /home/airflow/.local/lib/python3.8/site-packages/airflow/example_dags/example_latest_only_with_trigger.py
[2025-11-13T06:33:59.908+0000] {processor.py:840} INFO - DAG(s) 'latest_only_with_trigger' retrieved from /home/airflow/.local/lib/python3.8/site-packages/airflow/example_dags/example_latest_only_with_trigger.py
[2025-11-13T06:33:59.952+0000] {logging_mixin.py:188} INFO - [2025-11-13T06:33:59.951+0000] {dag.py:3036} INFO - Sync 1 DAGs
[2025-11-13T06:34:00.004+0000] {logging_mixin.py:188} INFO - [2025-11-13T06:34:00.003+0000] {dag.py:3823} INFO - Setting next_dagrun for latest_only_with_trigger to 2025-11-13 00:00:00+00:00, run_after=2025-11-13 04:00:00+00:00
[2025-11-13T06:34:00.050+0000] {processor.py:183} INFO - Processing /home/airflow/.local/lib/python3.8/site-packages/airflow/example_dags/example_latest_only_with_trigger.py took 0.169 seconds
[2025-11-13T06:34:30.891+0000] {processor.py:161} INFO - Started process (PID=1102) to work on /home/airflow/.local/lib/python3.8/site-packages/airflow/example_dags/example_latest_only_with_trigger.py
[2025-11-13T06:34:30.893+0000] {processor.py:830} INFO - Processing file /home/airflow/.local/lib/python3.8/site-packages/airflow/example_dags/example_latest_only_with_trigger.py for tasks to queue
[2025-11-13T06:34:30.895+0000] {logging_mixin.py:188} INFO - [2025-11-13T06:34:30.895+0000] {dagbag.py:538} INFO - Filling up the DagBag from /home/airflow/.local/lib/python3.8/site-packages/airflow/example_dags/example_latest_only_with_trigger.py
[2025-11-13T06:34:30.903+0000] {processor.py:840} INFO - DAG(s) 'latest_only_with_trigger' retrieved from /home/airflow/.local/lib/python3.8/site-packages/airflow/example_dags/example_latest_only_with_trigger.py
[2025-11-13T06:34:30.931+0000] {logging_mixin.py:188} INFO - [2025-11-13T06:34:30.931+0000] {dag.py:3036} INFO - Sync 1 DAGs
[2025-11-13T06:34:30.958+0000] {logging_mixin.py:188} INFO - [2025-11-13T06:34:30.957+0000] {dag.py:3823} INFO - Setting next_dagrun for latest_only_with_trigger to 2025-11-13 00:00:00+00:00, run_after=2025-11-13 04:00:00+00:00
[2025-11-13T06:34:30.984+0000] {processor.py:183} INFO - Processing /home/airflow/.local/lib/python3.8/site-packages/airflow/example_dags/example_latest_only_with_trigger.py took 0.097 seconds
[2025-11-13T06:35:01.283+0000] {processor.py:161} INFO - Started process (PID=1164) to work on /home/airflow/.local/lib/python3.8/site-packages/airflow/example_dags/example_latest_only_with_trigger.py
[2025-11-13T06:35:01.284+0000] {processor.py:830} INFO - Processing file /home/airflow/.local/lib/python3.8/site-packages/airflow/example_dags/example_latest_only_with_trigger.py for tasks to queue
[2025-11-13T06:35:01.287+0000] {logging_mixin.py:188} INFO - [2025-11-13T06:35:01.286+0000] {dagbag.py:538} INFO - Filling up the DagBag from /home/airflow/.local/lib/python3.8/site-packages/airflow/example_dags/example_latest_only_with_trigger.py
[2025-11-13T06:35:01.294+0000] {processor.py:840} INFO - DAG(s) 'latest_only_with_trigger' retrieved from /home/airflow/.local/lib/python3.8/site-packages/airflow/example_dags/example_latest_only_with_trigger.py
[2025-11-13T06:35:01.320+0000] {logging_mixin.py:188} INFO - [2025-11-13T06:35:01.319+0000] {dag.py:3036} INFO - Sync 1 DAGs
[2025-11-13T06:35:01.344+0000] {logging_mixin.py:188} INFO - [2025-11-13T06:35:01.343+0000] {dag.py:3823} INFO - Setting next_dagrun for latest_only_with_trigger to 2025-11-13 00:00:00+00:00, run_after=2025-11-13 04:00:00+00:00
[2025-11-13T06:35:01.371+0000] {processor.py:183} INFO - Processing /home/airflow/.local/lib/python3.8/site-packages/airflow/example_dags/example_latest_only_with_trigger.py took 0.092 seconds
[2025-11-13T06:35:32.025+0000] {processor.py:161} INFO - Started process (PID=1226) to work on /home/airflow/.local/lib/python3.8/site-packages/airflow/example_dags/example_latest_only_with_trigger.py
[2025-11-13T06:35:32.026+0000] {processor.py:830} INFO - Processing file /home/airflow/.local/lib/python3.8/site-packages/airflow/example_dags/example_latest_only_with_trigger.py for tasks to queue
[2025-11-13T06:35:32.029+0000] {logging_mixin.py:188} INFO - [2025-11-13T06:35:32.029+0000] {dagbag.py:538} INFO - Filling up the DagBag from /home/airflow/.local/lib/python3.8/site-packages/airflow/example_dags/example_latest_only_with_trigger.py
[2025-11-13T06:35:32.036+0000] {processor.py:840} INFO - DAG(s) 'latest_only_with_trigger' retrieved from /home/airflow/.local/lib/python3.8/site-packages/airflow/example_dags/example_latest_only_with_trigger.py
[2025-11-13T06:35:32.062+0000] {logging_mixin.py:188} INFO - [2025-11-13T06:35:32.062+0000] {dag.py:3036} INFO - Sync 1 DAGs
[2025-11-13T06:35:32.087+0000] {logging_mixin.py:188} INFO - [2025-11-13T06:35:32.087+0000] {dag.py:3823} INFO - Setting next_dagrun for latest_only_with_trigger to 2025-11-13 00:00:00+00:00, run_after=2025-11-13 04:00:00+00:00
[2025-11-13T06:35:32.111+0000] {processor.py:183} INFO - Processing /home/airflow/.local/lib/python3.8/site-packages/airflow/example_dags/example_latest_only_with_trigger.py took 0.091 seconds
[2025-11-13T06:36:03.002+0000] {processor.py:161} INFO - Started process (PID=1288) to work on /home/airflow/.local/lib/python3.8/site-packages/airflow/example_dags/example_latest_only_with_trigger.py
[2025-11-13T06:36:03.004+0000] {processor.py:830} INFO - Processing file /home/airflow/.local/lib/python3.8/site-packages/airflow/example_dags/example_latest_only_with_trigger.py for tasks to queue
[2025-11-13T06:36:03.007+0000] {logging_mixin.py:188} INFO - [2025-11-13T06:36:03.007+0000] {dagbag.py:538} INFO - Filling up the DagBag from /home/airflow/.local/lib/python3.8/site-packages/airflow/example_dags/example_latest_only_with_trigger.py
[2025-11-13T06:36:03.014+0000] {processor.py:840} INFO - DAG(s) 'latest_only_with_trigger' retrieved from /home/airflow/.local/lib/python3.8/site-packages/airflow/example_dags/example_latest_only_with_trigger.py
[2025-11-13T06:36:03.040+0000] {logging_mixin.py:188} INFO - [2025-11-13T06:36:03.040+0000] {dag.py:3036} INFO - Sync 1 DAGs
[2025-11-13T06:36:03.064+0000] {logging_mixin.py:188} INFO - [2025-11-13T06:36:03.063+0000] {dag.py:3823} INFO - Setting next_dagrun for latest_only_with_trigger to 2025-11-13 00:00:00+00:00, run_after=2025-11-13 04:00:00+00:00
[2025-11-13T06:36:03.088+0000] {processor.py:183} INFO - Processing /home/airflow/.local/lib/python3.8/site-packages/airflow/example_dags/example_latest_only_with_trigger.py took 0.090 seconds
[2025-11-13T06:36:33.857+0000] {processor.py:161} INFO - Started process (PID=1351) to work on /home/airflow/.local/lib/python3.8/site-packages/airflow/example_dags/example_latest_only_with_trigger.py
[2025-11-13T06:36:33.859+0000] {processor.py:830} INFO - Processing file /home/airflow/.local/lib/python3.8/site-packages/airflow/example_dags/example_latest_only_with_trigger.py for tasks to queue
[2025-11-13T06:36:33.862+0000] {logging_mixin.py:188} INFO - [2025-11-13T06:36:33.861+0000] {dagbag.py:538} INFO - Filling up the DagBag from /home/airflow/.local/lib/python3.8/site-packages/airflow/example_dags/example_latest_only_with_trigger.py
[2025-11-13T06:36:33.871+0000] {processor.py:840} INFO - DAG(s) 'latest_only_with_trigger' retrieved from /home/airflow/.local/lib/python3.8/site-packages/airflow/example_dags/example_latest_only_with_trigger.py
[2025-11-13T06:36:33.907+0000] {logging_mixin.py:188} INFO - [2025-11-13T06:36:33.906+0000] {dag.py:3036} INFO - Sync 1 DAGs
[2025-11-13T06:36:33.937+0000] {logging_mixin.py:188} INFO - [2025-11-13T06:36:33.937+0000] {dag.py:3823} INFO - Setting next_dagrun for latest_only_with_trigger to 2025-11-13 00:00:00+00:00, run_after=2025-11-13 04:00:00+00:00
[2025-11-13T06:36:33.962+0000] {processor.py:183} INFO - Processing /home/airflow/.local/lib/python3.8/site-packages/airflow/example_dags/example_latest_only_with_trigger.py took 0.110 seconds
[2025-11-13T06:37:04.153+0000] {processor.py:161} INFO - Started process (PID=1413) to work on /home/airflow/.local/lib/python3.8/site-packages/airflow/example_dags/example_latest_only_with_trigger.py
[2025-11-13T06:37:04.154+0000] {processor.py:830} INFO - Processing file /home/airflow/.local/lib/python3.8/site-packages/airflow/example_dags/example_latest_only_with_trigger.py for tasks to queue
[2025-11-13T06:37:04.157+0000] {logging_mixin.py:188} INFO - [2025-11-13T06:37:04.157+0000] {dagbag.py:538} INFO - Filling up the DagBag from /home/airflow/.local/lib/python3.8/site-packages/airflow/example_dags/example_latest_only_with_trigger.py
[2025-11-13T06:37:04.165+0000] {processor.py:840} INFO - DAG(s) 'latest_only_with_trigger' retrieved from /home/airflow/.local/lib/python3.8/site-packages/airflow/example_dags/example_latest_only_with_trigger.py
[2025-11-13T06:37:04.194+0000] {logging_mixin.py:188} INFO - [2025-11-13T06:37:04.194+0000] {dag.py:3036} INFO - Sync 1 DAGs
[2025-11-13T06:37:04.222+0000] {logging_mixin.py:188} INFO - [2025-11-13T06:37:04.222+0000] {dag.py:3823} INFO - Setting next_dagrun for latest_only_with_trigger to 2025-11-13 00:00:00+00:00, run_after=2025-11-13 04:00:00+00:00
[2025-11-13T06:37:04.249+0000] {processor.py:183} INFO - Processing /home/airflow/.local/lib/python3.8/site-packages/airflow/example_dags/example_latest_only_with_trigger.py took 0.101 seconds
[2025-11-13T06:37:34.439+0000] {processor.py:161} INFO - Started process (PID=1475) to work on /home/airflow/.local/lib/python3.8/site-packages/airflow/example_dags/example_latest_only_with_trigger.py
[2025-11-13T06:37:34.441+0000] {processor.py:830} INFO - Processing file /home/airflow/.local/lib/python3.8/site-packages/airflow/example_dags/example_latest_only_with_trigger.py for tasks to queue
[2025-11-13T06:37:34.444+0000] {logging_mixin.py:188} INFO - [2025-11-13T06:37:34.444+0000] {dagbag.py:538} INFO - Filling up the DagBag from /home/airflow/.local/lib/python3.8/site-packages/airflow/example_dags/example_latest_only_with_trigger.py
[2025-11-13T06:37:34.453+0000] {processor.py:840} INFO - DAG(s) 'latest_only_with_trigger' retrieved from /home/airflow/.local/lib/python3.8/site-packages/airflow/example_dags/example_latest_only_with_trigger.py
[2025-11-13T06:37:34.483+0000] {logging_mixin.py:188} INFO - [2025-11-13T06:37:34.483+0000] {dag.py:3036} INFO - Sync 1 DAGs
[2025-11-13T06:37:34.512+0000] {logging_mixin.py:188} INFO - [2025-11-13T06:37:34.512+0000] {dag.py:3823} INFO - Setting next_dagrun for latest_only_with_trigger to 2025-11-13 00:00:00+00:00, run_after=2025-11-13 04:00:00+00:00
[2025-11-13T06:37:34.542+0000] {processor.py:183} INFO - Processing /home/airflow/.local/lib/python3.8/site-packages/airflow/example_dags/example_latest_only_with_trigger.py took 0.107 seconds
[2025-11-13T06:38:05.223+0000] {processor.py:161} INFO - Started process (PID=1537) to work on /home/airflow/.local/lib/python3.8/site-packages/airflow/example_dags/example_latest_only_with_trigger.py
[2025-11-13T06:38:05.224+0000] {processor.py:830} INFO - Processing file /home/airflow/.local/lib/python3.8/site-packages/airflow/example_dags/example_latest_only_with_trigger.py for tasks to queue
[2025-11-13T06:38:05.226+0000] {logging_mixin.py:188} INFO - [2025-11-13T06:38:05.226+0000] {dagbag.py:538} INFO - Filling up the DagBag from /home/airflow/.local/lib/python3.8/site-packages/airflow/example_dags/example_latest_only_with_trigger.py
[2025-11-13T06:38:05.234+0000] {processor.py:840} INFO - DAG(s) 'latest_only_with_trigger' retrieved from /home/airflow/.local/lib/python3.8/site-packages/airflow/example_dags/example_latest_only_with_trigger.py
[2025-11-13T06:38:05.264+0000] {logging_mixin.py:188} INFO - [2025-11-13T06:38:05.263+0000] {dag.py:3036} INFO - Sync 1 DAGs
[2025-11-13T06:38:05.291+0000] {logging_mixin.py:188} INFO - [2025-11-13T06:38:05.291+0000] {dag.py:3823} INFO - Setting next_dagrun for latest_only_with_trigger to 2025-11-13 00:00:00+00:00, run_after=2025-11-13 04:00:00+00:00
[2025-11-13T06:38:05.317+0000] {processor.py:183} INFO - Processing /home/airflow/.local/lib/python3.8/site-packages/airflow/example_dags/example_latest_only_with_trigger.py took 0.098 seconds
[2025-11-13T06:38:35.698+0000] {processor.py:161} INFO - Started process (PID=1599) to work on /home/airflow/.local/lib/python3.8/site-packages/airflow/example_dags/example_latest_only_with_trigger.py
[2025-11-13T06:38:35.699+0000] {processor.py:830} INFO - Processing file /home/airflow/.local/lib/python3.8/site-packages/airflow/example_dags/example_latest_only_with_trigger.py for tasks to queue
[2025-11-13T06:38:35.702+0000] {logging_mixin.py:188} INFO - [2025-11-13T06:38:35.702+0000] {dagbag.py:538} INFO - Filling up the DagBag from /home/airflow/.local/lib/python3.8/site-packages/airflow/example_dags/example_latest_only_with_trigger.py
[2025-11-13T06:38:35.711+0000] {processor.py:840} INFO - DAG(s) 'latest_only_with_trigger' retrieved from /home/airflow/.local/lib/python3.8/site-packages/airflow/example_dags/example_latest_only_with_trigger.py
[2025-11-13T06:38:35.736+0000] {logging_mixin.py:188} INFO - [2025-11-13T06:38:35.736+0000] {dag.py:3036} INFO - Sync 1 DAGs
[2025-11-13T06:38:35.761+0000] {logging_mixin.py:188} INFO - [2025-11-13T06:38:35.761+0000] {dag.py:3823} INFO - Setting next_dagrun for latest_only_with_trigger to 2025-11-13 00:00:00+00:00, run_after=2025-11-13 04:00:00+00:00
[2025-11-13T06:38:35.786+0000] {processor.py:183} INFO - Processing /home/airflow/.local/lib/python3.8/site-packages/airflow/example_dags/example_latest_only_with_trigger.py took 0.093 seconds
[2025-11-13T06:39:06.608+0000] {processor.py:161} INFO - Started process (PID=1661) to work on /home/airflow/.local/lib/python3.8/site-packages/airflow/example_dags/example_latest_only_with_trigger.py
[2025-11-13T06:39:06.611+0000] {processor.py:830} INFO - Processing file /home/airflow/.local/lib/python3.8/site-packages/airflow/example_dags/example_latest_only_with_trigger.py for tasks to queue
[2025-11-13T06:39:06.618+0000] {logging_mixin.py:188} INFO - [2025-11-13T06:39:06.617+0000] {dagbag.py:538} INFO - Filling up the DagBag from /home/airflow/.local/lib/python3.8/site-packages/airflow/example_dags/example_latest_only_with_trigger.py
[2025-11-13T06:39:06.640+0000] {processor.py:840} INFO - DAG(s) 'latest_only_with_trigger' retrieved from /home/airflow/.local/lib/python3.8/site-packages/airflow/example_dags/example_latest_only_with_trigger.py
[2025-11-13T06:39:06.720+0000] {logging_mixin.py:188} INFO - [2025-11-13T06:39:06.720+0000] {dag.py:3036} INFO - Sync 1 DAGs
[2025-11-13T06:39:06.785+0000] {logging_mixin.py:188} INFO - [2025-11-13T06:39:06.784+0000] {dag.py:3823} INFO - Setting next_dagrun for latest_only_with_trigger to 2025-11-13 00:00:00+00:00, run_after=2025-11-13 04:00:00+00:00
[2025-11-13T06:39:06.845+0000] {processor.py:183} INFO - Processing /home/airflow/.local/lib/python3.8/site-packages/airflow/example_dags/example_latest_only_with_trigger.py took 0.251 seconds
[2025-11-13T06:39:37.149+0000] {processor.py:161} INFO - Started process (PID=1723) to work on /home/airflow/.local/lib/python3.8/site-packages/airflow/example_dags/example_latest_only_with_trigger.py
[2025-11-13T06:39:37.152+0000] {processor.py:830} INFO - Processing file /home/airflow/.local/lib/python3.8/site-packages/airflow/example_dags/example_latest_only_with_trigger.py for tasks to queue
[2025-11-13T06:39:37.158+0000] {logging_mixin.py:188} INFO - [2025-11-13T06:39:37.158+0000] {dagbag.py:538} INFO - Filling up the DagBag from /home/airflow/.local/lib/python3.8/site-packages/airflow/example_dags/example_latest_only_with_trigger.py
[2025-11-13T06:39:37.173+0000] {processor.py:840} INFO - DAG(s) 'latest_only_with_trigger' retrieved from /home/airflow/.local/lib/python3.8/site-packages/airflow/example_dags/example_latest_only_with_trigger.py
[2025-11-13T06:39:37.216+0000] {logging_mixin.py:188} INFO - [2025-11-13T06:39:37.215+0000] {dag.py:3036} INFO - Sync 1 DAGs
[2025-11-13T06:39:37.254+0000] {logging_mixin.py:188} INFO - [2025-11-13T06:39:37.253+0000] {dag.py:3823} INFO - Setting next_dagrun for latest_only_with_trigger to 2025-11-13 00:00:00+00:00, run_after=2025-11-13 04:00:00+00:00
[2025-11-13T06:39:37.284+0000] {processor.py:183} INFO - Processing /home/airflow/.local/lib/python3.8/site-packages/airflow/example_dags/example_latest_only_with_trigger.py took 0.144 seconds
[2025-11-13T06:40:08.123+0000] {processor.py:161} INFO - Started process (PID=1785) to work on /home/airflow/.local/lib/python3.8/site-packages/airflow/example_dags/example_latest_only_with_trigger.py
[2025-11-13T06:40:08.125+0000] {processor.py:830} INFO - Processing file /home/airflow/.local/lib/python3.8/site-packages/airflow/example_dags/example_latest_only_with_trigger.py for tasks to queue
[2025-11-13T06:40:08.130+0000] {logging_mixin.py:188} INFO - [2025-11-13T06:40:08.129+0000] {dagbag.py:538} INFO - Filling up the DagBag from /home/airflow/.local/lib/python3.8/site-packages/airflow/example_dags/example_latest_only_with_trigger.py
[2025-11-13T06:40:08.144+0000] {processor.py:840} INFO - DAG(s) 'latest_only_with_trigger' retrieved from /home/airflow/.local/lib/python3.8/site-packages/airflow/example_dags/example_latest_only_with_trigger.py
[2025-11-13T06:40:08.197+0000] {logging_mixin.py:188} INFO - [2025-11-13T06:40:08.196+0000] {dag.py:3036} INFO - Sync 1 DAGs
[2025-11-13T06:40:08.239+0000] {logging_mixin.py:188} INFO - [2025-11-13T06:40:08.239+0000] {dag.py:3823} INFO - Setting next_dagrun for latest_only_with_trigger to 2025-11-13 00:00:00+00:00, run_after=2025-11-13 04:00:00+00:00
[2025-11-13T06:40:08.286+0000] {processor.py:183} INFO - Processing /home/airflow/.local/lib/python3.8/site-packages/airflow/example_dags/example_latest_only_with_trigger.py took 0.172 seconds
[2025-11-13T06:40:38.624+0000] {processor.py:161} INFO - Started process (PID=1847) to work on /home/airflow/.local/lib/python3.8/site-packages/airflow/example_dags/example_latest_only_with_trigger.py
[2025-11-13T06:40:38.626+0000] {processor.py:830} INFO - Processing file /home/airflow/.local/lib/python3.8/site-packages/airflow/example_dags/example_latest_only_with_trigger.py for tasks to queue
[2025-11-13T06:40:38.631+0000] {logging_mixin.py:188} INFO - [2025-11-13T06:40:38.630+0000] {dagbag.py:538} INFO - Filling up the DagBag from /home/airflow/.local/lib/python3.8/site-packages/airflow/example_dags/example_latest_only_with_trigger.py
[2025-11-13T06:40:38.644+0000] {processor.py:840} INFO - DAG(s) 'latest_only_with_trigger' retrieved from /home/airflow/.local/lib/python3.8/site-packages/airflow/example_dags/example_latest_only_with_trigger.py
[2025-11-13T06:40:38.694+0000] {logging_mixin.py:188} INFO - [2025-11-13T06:40:38.694+0000] {dag.py:3036} INFO - Sync 1 DAGs
[2025-11-13T06:40:38.758+0000] {logging_mixin.py:188} INFO - [2025-11-13T06:40:38.758+0000] {dag.py:3823} INFO - Setting next_dagrun for latest_only_with_trigger to 2025-11-13 00:00:00+00:00, run_after=2025-11-13 04:00:00+00:00
[2025-11-13T06:40:38.822+0000] {processor.py:183} INFO - Processing /home/airflow/.local/lib/python3.8/site-packages/airflow/example_dags/example_latest_only_with_trigger.py took 0.206 seconds
[2025-11-13T06:41:09.410+0000] {processor.py:161} INFO - Started process (PID=1909) to work on /home/airflow/.local/lib/python3.8/site-packages/airflow/example_dags/example_latest_only_with_trigger.py
[2025-11-13T06:41:09.413+0000] {processor.py:830} INFO - Processing file /home/airflow/.local/lib/python3.8/site-packages/airflow/example_dags/example_latest_only_with_trigger.py for tasks to queue
[2025-11-13T06:41:09.425+0000] {logging_mixin.py:188} INFO - [2025-11-13T06:41:09.424+0000] {dagbag.py:538} INFO - Filling up the DagBag from /home/airflow/.local/lib/python3.8/site-packages/airflow/example_dags/example_latest_only_with_trigger.py
[2025-11-13T06:41:09.450+0000] {processor.py:840} INFO - DAG(s) 'latest_only_with_trigger' retrieved from /home/airflow/.local/lib/python3.8/site-packages/airflow/example_dags/example_latest_only_with_trigger.py
[2025-11-13T06:41:09.534+0000] {logging_mixin.py:188} INFO - [2025-11-13T06:41:09.533+0000] {dag.py:3036} INFO - Sync 1 DAGs
[2025-11-13T06:41:09.648+0000] {logging_mixin.py:188} INFO - [2025-11-13T06:41:09.639+0000] {dag.py:3823} INFO - Setting next_dagrun for latest_only_with_trigger to 2025-11-13 00:00:00+00:00, run_after=2025-11-13 04:00:00+00:00
[2025-11-13T06:41:09.736+0000] {processor.py:183} INFO - Processing /home/airflow/.local/lib/python3.8/site-packages/airflow/example_dags/example_latest_only_with_trigger.py took 0.341 seconds
[2025-11-13T06:41:40.212+0000] {processor.py:161} INFO - Started process (PID=1971) to work on /home/airflow/.local/lib/python3.8/site-packages/airflow/example_dags/example_latest_only_with_trigger.py
[2025-11-13T06:41:40.214+0000] {processor.py:830} INFO - Processing file /home/airflow/.local/lib/python3.8/site-packages/airflow/example_dags/example_latest_only_with_trigger.py for tasks to queue
[2025-11-13T06:41:40.218+0000] {logging_mixin.py:188} INFO - [2025-11-13T06:41:40.217+0000] {dagbag.py:538} INFO - Filling up the DagBag from /home/airflow/.local/lib/python3.8/site-packages/airflow/example_dags/example_latest_only_with_trigger.py
[2025-11-13T06:41:40.229+0000] {processor.py:840} INFO - DAG(s) 'latest_only_with_trigger' retrieved from /home/airflow/.local/lib/python3.8/site-packages/airflow/example_dags/example_latest_only_with_trigger.py
[2025-11-13T06:41:40.275+0000] {logging_mixin.py:188} INFO - [2025-11-13T06:41:40.274+0000] {dag.py:3036} INFO - Sync 1 DAGs
[2025-11-13T06:41:40.320+0000] {logging_mixin.py:188} INFO - [2025-11-13T06:41:40.319+0000] {dag.py:3823} INFO - Setting next_dagrun for latest_only_with_trigger to 2025-11-13 00:00:00+00:00, run_after=2025-11-13 04:00:00+00:00
[2025-11-13T06:41:40.369+0000] {processor.py:183} INFO - Processing /home/airflow/.local/lib/python3.8/site-packages/airflow/example_dags/example_latest_only_with_trigger.py took 0.162 seconds
[2025-11-13T06:42:11.204+0000] {processor.py:161} INFO - Started process (PID=2033) to work on /home/airflow/.local/lib/python3.8/site-packages/airflow/example_dags/example_latest_only_with_trigger.py
[2025-11-13T06:42:11.206+0000] {processor.py:830} INFO - Processing file /home/airflow/.local/lib/python3.8/site-packages/airflow/example_dags/example_latest_only_with_trigger.py for tasks to queue
[2025-11-13T06:42:11.209+0000] {logging_mixin.py:188} INFO - [2025-11-13T06:42:11.208+0000] {dagbag.py:538} INFO - Filling up the DagBag from /home/airflow/.local/lib/python3.8/site-packages/airflow/example_dags/example_latest_only_with_trigger.py
[2025-11-13T06:42:11.219+0000] {processor.py:840} INFO - DAG(s) 'latest_only_with_trigger' retrieved from /home/airflow/.local/lib/python3.8/site-packages/airflow/example_dags/example_latest_only_with_trigger.py
[2025-11-13T06:42:11.250+0000] {logging_mixin.py:188} INFO - [2025-11-13T06:42:11.250+0000] {dag.py:3036} INFO - Sync 1 DAGs
[2025-11-13T06:42:11.283+0000] {logging_mixin.py:188} INFO - [2025-11-13T06:42:11.282+0000] {dag.py:3823} INFO - Setting next_dagrun for latest_only_with_trigger to 2025-11-13 00:00:00+00:00, run_after=2025-11-13 04:00:00+00:00
[2025-11-13T06:42:11.310+0000] {processor.py:183} INFO - Processing /home/airflow/.local/lib/python3.8/site-packages/airflow/example_dags/example_latest_only_with_trigger.py took 0.111 seconds
[2025-11-13T06:42:41.530+0000] {processor.py:161} INFO - Started process (PID=2095) to work on /home/airflow/.local/lib/python3.8/site-packages/airflow/example_dags/example_latest_only_with_trigger.py
[2025-11-13T06:42:41.532+0000] {processor.py:830} INFO - Processing file /home/airflow/.local/lib/python3.8/site-packages/airflow/example_dags/example_latest_only_with_trigger.py for tasks to queue
[2025-11-13T06:42:41.537+0000] {logging_mixin.py:188} INFO - [2025-11-13T06:42:41.536+0000] {dagbag.py:538} INFO - Filling up the DagBag from /home/airflow/.local/lib/python3.8/site-packages/airflow/example_dags/example_latest_only_with_trigger.py
[2025-11-13T06:42:41.548+0000] {processor.py:840} INFO - DAG(s) 'latest_only_with_trigger' retrieved from /home/airflow/.local/lib/python3.8/site-packages/airflow/example_dags/example_latest_only_with_trigger.py
[2025-11-13T06:42:41.581+0000] {logging_mixin.py:188} INFO - [2025-11-13T06:42:41.581+0000] {dag.py:3036} INFO - Sync 1 DAGs
[2025-11-13T06:42:41.611+0000] {logging_mixin.py:188} INFO - [2025-11-13T06:42:41.610+0000] {dag.py:3823} INFO - Setting next_dagrun for latest_only_with_trigger to 2025-11-13 00:00:00+00:00, run_after=2025-11-13 04:00:00+00:00
[2025-11-13T06:42:41.638+0000] {processor.py:183} INFO - Processing /home/airflow/.local/lib/python3.8/site-packages/airflow/example_dags/example_latest_only_with_trigger.py took 0.115 seconds
[2025-11-13T06:43:12.154+0000] {processor.py:161} INFO - Started process (PID=2157) to work on /home/airflow/.local/lib/python3.8/site-packages/airflow/example_dags/example_latest_only_with_trigger.py
[2025-11-13T06:43:12.158+0000] {processor.py:830} INFO - Processing file /home/airflow/.local/lib/python3.8/site-packages/airflow/example_dags/example_latest_only_with_trigger.py for tasks to queue
[2025-11-13T06:43:12.163+0000] {logging_mixin.py:188} INFO - [2025-11-13T06:43:12.162+0000] {dagbag.py:538} INFO - Filling up the DagBag from /home/airflow/.local/lib/python3.8/site-packages/airflow/example_dags/example_latest_only_with_trigger.py
[2025-11-13T06:43:12.176+0000] {processor.py:840} INFO - DAG(s) 'latest_only_with_trigger' retrieved from /home/airflow/.local/lib/python3.8/site-packages/airflow/example_dags/example_latest_only_with_trigger.py
[2025-11-13T06:43:12.227+0000] {logging_mixin.py:188} INFO - [2025-11-13T06:43:12.227+0000] {dag.py:3036} INFO - Sync 1 DAGs
[2025-11-13T06:43:12.272+0000] {logging_mixin.py:188} INFO - [2025-11-13T06:43:12.272+0000] {dag.py:3823} INFO - Setting next_dagrun for latest_only_with_trigger to 2025-11-13 00:00:00+00:00, run_after=2025-11-13 04:00:00+00:00
[2025-11-13T06:43:12.319+0000] {processor.py:183} INFO - Processing /home/airflow/.local/lib/python3.8/site-packages/airflow/example_dags/example_latest_only_with_trigger.py took 0.174 seconds
[2025-11-13T06:43:42.742+0000] {processor.py:161} INFO - Started process (PID=2218) to work on /home/airflow/.local/lib/python3.8/site-packages/airflow/example_dags/example_latest_only_with_trigger.py
[2025-11-13T06:43:42.744+0000] {processor.py:830} INFO - Processing file /home/airflow/.local/lib/python3.8/site-packages/airflow/example_dags/example_latest_only_with_trigger.py for tasks to queue
[2025-11-13T06:43:42.747+0000] {logging_mixin.py:188} INFO - [2025-11-13T06:43:42.747+0000] {dagbag.py:538} INFO - Filling up the DagBag from /home/airflow/.local/lib/python3.8/site-packages/airflow/example_dags/example_latest_only_with_trigger.py
[2025-11-13T06:43:42.756+0000] {processor.py:840} INFO - DAG(s) 'latest_only_with_trigger' retrieved from /home/airflow/.local/lib/python3.8/site-packages/airflow/example_dags/example_latest_only_with_trigger.py
[2025-11-13T06:43:42.789+0000] {logging_mixin.py:188} INFO - [2025-11-13T06:43:42.789+0000] {dag.py:3036} INFO - Sync 1 DAGs
[2025-11-13T06:43:42.818+0000] {logging_mixin.py:188} INFO - [2025-11-13T06:43:42.818+0000] {dag.py:3823} INFO - Setting next_dagrun for latest_only_with_trigger to 2025-11-13 00:00:00+00:00, run_after=2025-11-13 04:00:00+00:00
[2025-11-13T06:43:42.847+0000] {processor.py:183} INFO - Processing /home/airflow/.local/lib/python3.8/site-packages/airflow/example_dags/example_latest_only_with_trigger.py took 0.109 seconds
[2025-11-13T06:44:13.128+0000] {processor.py:161} INFO - Started process (PID=2280) to work on /home/airflow/.local/lib/python3.8/site-packages/airflow/example_dags/example_latest_only_with_trigger.py
[2025-11-13T06:44:13.130+0000] {processor.py:830} INFO - Processing file /home/airflow/.local/lib/python3.8/site-packages/airflow/example_dags/example_latest_only_with_trigger.py for tasks to queue
[2025-11-13T06:44:13.133+0000] {logging_mixin.py:188} INFO - [2025-11-13T06:44:13.132+0000] {dagbag.py:538} INFO - Filling up the DagBag from /home/airflow/.local/lib/python3.8/site-packages/airflow/example_dags/example_latest_only_with_trigger.py
[2025-11-13T06:44:13.141+0000] {processor.py:840} INFO - DAG(s) 'latest_only_with_trigger' retrieved from /home/airflow/.local/lib/python3.8/site-packages/airflow/example_dags/example_latest_only_with_trigger.py
[2025-11-13T06:44:13.172+0000] {logging_mixin.py:188} INFO - [2025-11-13T06:44:13.172+0000] {dag.py:3036} INFO - Sync 1 DAGs
[2025-11-13T06:44:13.203+0000] {logging_mixin.py:188} INFO - [2025-11-13T06:44:13.202+0000] {dag.py:3823} INFO - Setting next_dagrun for latest_only_with_trigger to 2025-11-13 00:00:00+00:00, run_after=2025-11-13 04:00:00+00:00
[2025-11-13T06:44:13.233+0000] {processor.py:183} INFO - Processing /home/airflow/.local/lib/python3.8/site-packages/airflow/example_dags/example_latest_only_with_trigger.py took 0.109 seconds
[2025-11-13T06:44:44.393+0000] {processor.py:161} INFO - Started process (PID=2342) to work on /home/airflow/.local/lib/python3.8/site-packages/airflow/example_dags/example_latest_only_with_trigger.py
[2025-11-13T06:44:44.394+0000] {processor.py:830} INFO - Processing file /home/airflow/.local/lib/python3.8/site-packages/airflow/example_dags/example_latest_only_with_trigger.py for tasks to queue
[2025-11-13T06:44:44.398+0000] {logging_mixin.py:188} INFO - [2025-11-13T06:44:44.397+0000] {dagbag.py:538} INFO - Filling up the DagBag from /home/airflow/.local/lib/python3.8/site-packages/airflow/example_dags/example_latest_only_with_trigger.py
[2025-11-13T06:44:44.408+0000] {processor.py:840} INFO - DAG(s) 'latest_only_with_trigger' retrieved from /home/airflow/.local/lib/python3.8/site-packages/airflow/example_dags/example_latest_only_with_trigger.py
[2025-11-13T06:44:44.437+0000] {logging_mixin.py:188} INFO - [2025-11-13T06:44:44.437+0000] {dag.py:3036} INFO - Sync 1 DAGs
[2025-11-13T06:44:44.463+0000] {logging_mixin.py:188} INFO - [2025-11-13T06:44:44.462+0000] {dag.py:3823} INFO - Setting next_dagrun for latest_only_with_trigger to 2025-11-13 00:00:00+00:00, run_after=2025-11-13 04:00:00+00:00
[2025-11-13T06:44:44.490+0000] {processor.py:183} INFO - Processing /home/airflow/.local/lib/python3.8/site-packages/airflow/example_dags/example_latest_only_with_trigger.py took 0.101 seconds
[2025-11-13T06:45:15.110+0000] {processor.py:161} INFO - Started process (PID=2404) to work on /home/airflow/.local/lib/python3.8/site-packages/airflow/example_dags/example_latest_only_with_trigger.py
[2025-11-13T06:45:15.112+0000] {processor.py:830} INFO - Processing file /home/airflow/.local/lib/python3.8/site-packages/airflow/example_dags/example_latest_only_with_trigger.py for tasks to queue
[2025-11-13T06:45:15.121+0000] {logging_mixin.py:188} INFO - [2025-11-13T06:45:15.120+0000] {dagbag.py:538} INFO - Filling up the DagBag from /home/airflow/.local/lib/python3.8/site-packages/airflow/example_dags/example_latest_only_with_trigger.py
[2025-11-13T06:45:15.137+0000] {processor.py:840} INFO - DAG(s) 'latest_only_with_trigger' retrieved from /home/airflow/.local/lib/python3.8/site-packages/airflow/example_dags/example_latest_only_with_trigger.py
[2025-11-13T06:45:15.189+0000] {logging_mixin.py:188} INFO - [2025-11-13T06:45:15.189+0000] {dag.py:3036} INFO - Sync 1 DAGs
[2025-11-13T06:45:15.230+0000] {logging_mixin.py:188} INFO - [2025-11-13T06:45:15.229+0000] {dag.py:3823} INFO - Setting next_dagrun for latest_only_with_trigger to 2025-11-13 00:00:00+00:00, run_after=2025-11-13 04:00:00+00:00
[2025-11-13T06:45:15.275+0000] {processor.py:183} INFO - Processing /home/airflow/.local/lib/python3.8/site-packages/airflow/example_dags/example_latest_only_with_trigger.py took 0.172 seconds
[2025-11-13T06:45:45.751+0000] {processor.py:161} INFO - Started process (PID=2466) to work on /home/airflow/.local/lib/python3.8/site-packages/airflow/example_dags/example_latest_only_with_trigger.py
[2025-11-13T06:45:45.753+0000] {processor.py:830} INFO - Processing file /home/airflow/.local/lib/python3.8/site-packages/airflow/example_dags/example_latest_only_with_trigger.py for tasks to queue
[2025-11-13T06:45:45.756+0000] {logging_mixin.py:188} INFO - [2025-11-13T06:45:45.755+0000] {dagbag.py:538} INFO - Filling up the DagBag from /home/airflow/.local/lib/python3.8/site-packages/airflow/example_dags/example_latest_only_with_trigger.py
[2025-11-13T06:45:45.764+0000] {processor.py:840} INFO - DAG(s) 'latest_only_with_trigger' retrieved from /home/airflow/.local/lib/python3.8/site-packages/airflow/example_dags/example_latest_only_with_trigger.py
[2025-11-13T06:45:45.794+0000] {logging_mixin.py:188} INFO - [2025-11-13T06:45:45.793+0000] {dag.py:3036} INFO - Sync 1 DAGs
[2025-11-13T06:45:45.822+0000] {logging_mixin.py:188} INFO - [2025-11-13T06:45:45.822+0000] {dag.py:3823} INFO - Setting next_dagrun for latest_only_with_trigger to 2025-11-13 00:00:00+00:00, run_after=2025-11-13 04:00:00+00:00
[2025-11-13T06:45:45.851+0000] {processor.py:183} INFO - Processing /home/airflow/.local/lib/python3.8/site-packages/airflow/example_dags/example_latest_only_with_trigger.py took 0.105 seconds
[2025-11-13T06:46:16.159+0000] {processor.py:161} INFO - Started process (PID=2529) to work on /home/airflow/.local/lib/python3.8/site-packages/airflow/example_dags/example_latest_only_with_trigger.py
[2025-11-13T06:46:16.161+0000] {processor.py:830} INFO - Processing file /home/airflow/.local/lib/python3.8/site-packages/airflow/example_dags/example_latest_only_with_trigger.py for tasks to queue
[2025-11-13T06:46:16.164+0000] {logging_mixin.py:188} INFO - [2025-11-13T06:46:16.163+0000] {dagbag.py:538} INFO - Filling up the DagBag from /home/airflow/.local/lib/python3.8/site-packages/airflow/example_dags/example_latest_only_with_trigger.py
[2025-11-13T06:46:16.173+0000] {processor.py:840} INFO - DAG(s) 'latest_only_with_trigger' retrieved from /home/airflow/.local/lib/python3.8/site-packages/airflow/example_dags/example_latest_only_with_trigger.py
[2025-11-13T06:46:16.201+0000] {logging_mixin.py:188} INFO - [2025-11-13T06:46:16.201+0000] {dag.py:3036} INFO - Sync 1 DAGs
[2025-11-13T06:46:16.231+0000] {logging_mixin.py:188} INFO - [2025-11-13T06:46:16.231+0000] {dag.py:3823} INFO - Setting next_dagrun for latest_only_with_trigger to 2025-11-13 00:00:00+00:00, run_after=2025-11-13 04:00:00+00:00
[2025-11-13T06:46:16.259+0000] {processor.py:183} INFO - Processing /home/airflow/.local/lib/python3.8/site-packages/airflow/example_dags/example_latest_only_with_trigger.py took 0.104 seconds
[2025-11-13T06:46:47.312+0000] {processor.py:161} INFO - Started process (PID=2592) to work on /home/airflow/.local/lib/python3.8/site-packages/airflow/example_dags/example_latest_only_with_trigger.py
[2025-11-13T06:46:47.315+0000] {processor.py:830} INFO - Processing file /home/airflow/.local/lib/python3.8/site-packages/airflow/example_dags/example_latest_only_with_trigger.py for tasks to queue
[2025-11-13T06:46:47.320+0000] {logging_mixin.py:188} INFO - [2025-11-13T06:46:47.319+0000] {dagbag.py:538} INFO - Filling up the DagBag from /home/airflow/.local/lib/python3.8/site-packages/airflow/example_dags/example_latest_only_with_trigger.py
[2025-11-13T06:46:47.336+0000] {processor.py:840} INFO - DAG(s) 'latest_only_with_trigger' retrieved from /home/airflow/.local/lib/python3.8/site-packages/airflow/example_dags/example_latest_only_with_trigger.py
[2025-11-13T06:46:47.388+0000] {logging_mixin.py:188} INFO - [2025-11-13T06:46:47.387+0000] {dag.py:3036} INFO - Sync 1 DAGs
[2025-11-13T06:46:47.432+0000] {logging_mixin.py:188} INFO - [2025-11-13T06:46:47.432+0000] {dag.py:3823} INFO - Setting next_dagrun for latest_only_with_trigger to 2025-11-13 00:00:00+00:00, run_after=2025-11-13 04:00:00+00:00
[2025-11-13T06:46:47.475+0000] {processor.py:183} INFO - Processing /home/airflow/.local/lib/python3.8/site-packages/airflow/example_dags/example_latest_only_with_trigger.py took 0.173 seconds
[2025-11-13T06:47:17.739+0000] {processor.py:161} INFO - Started process (PID=2654) to work on /home/airflow/.local/lib/python3.8/site-packages/airflow/example_dags/example_latest_only_with_trigger.py
[2025-11-13T06:47:17.740+0000] {processor.py:830} INFO - Processing file /home/airflow/.local/lib/python3.8/site-packages/airflow/example_dags/example_latest_only_with_trigger.py for tasks to queue
[2025-11-13T06:47:17.743+0000] {logging_mixin.py:188} INFO - [2025-11-13T06:47:17.742+0000] {dagbag.py:538} INFO - Filling up the DagBag from /home/airflow/.local/lib/python3.8/site-packages/airflow/example_dags/example_latest_only_with_trigger.py
[2025-11-13T06:47:17.751+0000] {processor.py:840} INFO - DAG(s) 'latest_only_with_trigger' retrieved from /home/airflow/.local/lib/python3.8/site-packages/airflow/example_dags/example_latest_only_with_trigger.py
[2025-11-13T06:47:17.777+0000] {logging_mixin.py:188} INFO - [2025-11-13T06:47:17.776+0000] {dag.py:3036} INFO - Sync 1 DAGs
[2025-11-13T06:47:17.806+0000] {logging_mixin.py:188} INFO - [2025-11-13T06:47:17.806+0000] {dag.py:3823} INFO - Setting next_dagrun for latest_only_with_trigger to 2025-11-13 00:00:00+00:00, run_after=2025-11-13 04:00:00+00:00
[2025-11-13T06:47:17.832+0000] {processor.py:183} INFO - Processing /home/airflow/.local/lib/python3.8/site-packages/airflow/example_dags/example_latest_only_with_trigger.py took 0.098 seconds
[2025-11-13T06:47:49.185+0000] {processor.py:161} INFO - Started process (PID=2717) to work on /home/airflow/.local/lib/python3.8/site-packages/airflow/example_dags/example_latest_only_with_trigger.py
[2025-11-13T06:47:49.230+0000] {processor.py:830} INFO - Processing file /home/airflow/.local/lib/python3.8/site-packages/airflow/example_dags/example_latest_only_with_trigger.py for tasks to queue
[2025-11-13T06:47:49.239+0000] {logging_mixin.py:188} INFO - [2025-11-13T06:47:49.238+0000] {dagbag.py:538} INFO - Filling up the DagBag from /home/airflow/.local/lib/python3.8/site-packages/airflow/example_dags/example_latest_only_with_trigger.py
[2025-11-13T06:47:49.281+0000] {processor.py:840} INFO - DAG(s) 'latest_only_with_trigger' retrieved from /home/airflow/.local/lib/python3.8/site-packages/airflow/example_dags/example_latest_only_with_trigger.py
[2025-11-13T06:47:49.406+0000] {logging_mixin.py:188} INFO - [2025-11-13T06:47:49.405+0000] {dag.py:3036} INFO - Sync 1 DAGs
[2025-11-13T06:47:49.526+0000] {logging_mixin.py:188} INFO - [2025-11-13T06:47:49.526+0000] {dag.py:3823} INFO - Setting next_dagrun for latest_only_with_trigger to 2025-11-13 00:00:00+00:00, run_after=2025-11-13 04:00:00+00:00
[2025-11-13T06:47:49.627+0000] {processor.py:183} INFO - Processing /home/airflow/.local/lib/python3.8/site-packages/airflow/example_dags/example_latest_only_with_trigger.py took 0.460 seconds
[2025-11-13T06:48:20.780+0000] {processor.py:161} INFO - Started process (PID=2779) to work on /home/airflow/.local/lib/python3.8/site-packages/airflow/example_dags/example_latest_only_with_trigger.py
[2025-11-13T06:48:20.784+0000] {processor.py:830} INFO - Processing file /home/airflow/.local/lib/python3.8/site-packages/airflow/example_dags/example_latest_only_with_trigger.py for tasks to queue
[2025-11-13T06:48:20.790+0000] {logging_mixin.py:188} INFO - [2025-11-13T06:48:20.789+0000] {dagbag.py:538} INFO - Filling up the DagBag from /home/airflow/.local/lib/python3.8/site-packages/airflow/example_dags/example_latest_only_with_trigger.py
[2025-11-13T06:48:20.819+0000] {processor.py:840} INFO - DAG(s) 'latest_only_with_trigger' retrieved from /home/airflow/.local/lib/python3.8/site-packages/airflow/example_dags/example_latest_only_with_trigger.py
[2025-11-13T06:48:20.945+0000] {logging_mixin.py:188} INFO - [2025-11-13T06:48:20.944+0000] {dag.py:3036} INFO - Sync 1 DAGs
[2025-11-13T06:48:21.060+0000] {logging_mixin.py:188} INFO - [2025-11-13T06:48:21.058+0000] {dag.py:3823} INFO - Setting next_dagrun for latest_only_with_trigger to 2025-11-13 00:00:00+00:00, run_after=2025-11-13 04:00:00+00:00
[2025-11-13T06:48:21.157+0000] {processor.py:183} INFO - Processing /home/airflow/.local/lib/python3.8/site-packages/airflow/example_dags/example_latest_only_with_trigger.py took 0.395 seconds
[2025-11-13T06:48:51.599+0000] {processor.py:161} INFO - Started process (PID=2841) to work on /home/airflow/.local/lib/python3.8/site-packages/airflow/example_dags/example_latest_only_with_trigger.py
[2025-11-13T06:48:51.603+0000] {processor.py:830} INFO - Processing file /home/airflow/.local/lib/python3.8/site-packages/airflow/example_dags/example_latest_only_with_trigger.py for tasks to queue
[2025-11-13T06:48:51.611+0000] {logging_mixin.py:188} INFO - [2025-11-13T06:48:51.610+0000] {dagbag.py:538} INFO - Filling up the DagBag from /home/airflow/.local/lib/python3.8/site-packages/airflow/example_dags/example_latest_only_with_trigger.py
[2025-11-13T06:48:51.642+0000] {processor.py:840} INFO - DAG(s) 'latest_only_with_trigger' retrieved from /home/airflow/.local/lib/python3.8/site-packages/airflow/example_dags/example_latest_only_with_trigger.py
[2025-11-13T06:48:51.726+0000] {logging_mixin.py:188} INFO - [2025-11-13T06:48:51.726+0000] {dag.py:3036} INFO - Sync 1 DAGs
[2025-11-13T06:48:51.819+0000] {logging_mixin.py:188} INFO - [2025-11-13T06:48:51.818+0000] {dag.py:3823} INFO - Setting next_dagrun for latest_only_with_trigger to 2025-11-13 00:00:00+00:00, run_after=2025-11-13 04:00:00+00:00
[2025-11-13T06:48:51.963+0000] {processor.py:183} INFO - Processing /home/airflow/.local/lib/python3.8/site-packages/airflow/example_dags/example_latest_only_with_trigger.py took 0.385 seconds
[2025-11-13T06:49:22.397+0000] {processor.py:161} INFO - Started process (PID=2903) to work on /home/airflow/.local/lib/python3.8/site-packages/airflow/example_dags/example_latest_only_with_trigger.py
[2025-11-13T06:49:22.399+0000] {processor.py:830} INFO - Processing file /home/airflow/.local/lib/python3.8/site-packages/airflow/example_dags/example_latest_only_with_trigger.py for tasks to queue
[2025-11-13T06:49:22.403+0000] {logging_mixin.py:188} INFO - [2025-11-13T06:49:22.402+0000] {dagbag.py:538} INFO - Filling up the DagBag from /home/airflow/.local/lib/python3.8/site-packages/airflow/example_dags/example_latest_only_with_trigger.py
[2025-11-13T06:49:22.414+0000] {processor.py:840} INFO - DAG(s) 'latest_only_with_trigger' retrieved from /home/airflow/.local/lib/python3.8/site-packages/airflow/example_dags/example_latest_only_with_trigger.py
[2025-11-13T06:49:22.465+0000] {logging_mixin.py:188} INFO - [2025-11-13T06:49:22.465+0000] {dag.py:3036} INFO - Sync 1 DAGs
[2025-11-13T06:49:22.522+0000] {logging_mixin.py:188} INFO - [2025-11-13T06:49:22.521+0000] {dag.py:3823} INFO - Setting next_dagrun for latest_only_with_trigger to 2025-11-13 00:00:00+00:00, run_after=2025-11-13 04:00:00+00:00
[2025-11-13T06:49:22.567+0000] {processor.py:183} INFO - Processing /home/airflow/.local/lib/python3.8/site-packages/airflow/example_dags/example_latest_only_with_trigger.py took 0.178 seconds
[2025-11-13T06:49:52.971+0000] {processor.py:161} INFO - Started process (PID=2965) to work on /home/airflow/.local/lib/python3.8/site-packages/airflow/example_dags/example_latest_only_with_trigger.py
[2025-11-13T06:49:52.978+0000] {processor.py:830} INFO - Processing file /home/airflow/.local/lib/python3.8/site-packages/airflow/example_dags/example_latest_only_with_trigger.py for tasks to queue
[2025-11-13T06:49:52.983+0000] {logging_mixin.py:188} INFO - [2025-11-13T06:49:52.982+0000] {dagbag.py:538} INFO - Filling up the DagBag from /home/airflow/.local/lib/python3.8/site-packages/airflow/example_dags/example_latest_only_with_trigger.py
[2025-11-13T06:49:53.000+0000] {processor.py:840} INFO - DAG(s) 'latest_only_with_trigger' retrieved from /home/airflow/.local/lib/python3.8/site-packages/airflow/example_dags/example_latest_only_with_trigger.py
[2025-11-13T06:49:53.069+0000] {logging_mixin.py:188} INFO - [2025-11-13T06:49:53.068+0000] {dag.py:3036} INFO - Sync 1 DAGs
[2025-11-13T06:49:53.138+0000] {logging_mixin.py:188} INFO - [2025-11-13T06:49:53.137+0000] {dag.py:3823} INFO - Setting next_dagrun for latest_only_with_trigger to 2025-11-13 00:00:00+00:00, run_after=2025-11-13 04:00:00+00:00
[2025-11-13T06:49:53.200+0000] {processor.py:183} INFO - Processing /home/airflow/.local/lib/python3.8/site-packages/airflow/example_dags/example_latest_only_with_trigger.py took 0.239 seconds
[2025-11-13T06:50:24.572+0000] {processor.py:161} INFO - Started process (PID=3028) to work on /home/airflow/.local/lib/python3.8/site-packages/airflow/example_dags/example_latest_only_with_trigger.py
[2025-11-13T06:50:24.585+0000] {processor.py:830} INFO - Processing file /home/airflow/.local/lib/python3.8/site-packages/airflow/example_dags/example_latest_only_with_trigger.py for tasks to queue
[2025-11-13T06:50:24.594+0000] {logging_mixin.py:188} INFO - [2025-11-13T06:50:24.593+0000] {dagbag.py:538} INFO - Filling up the DagBag from /home/airflow/.local/lib/python3.8/site-packages/airflow/example_dags/example_latest_only_with_trigger.py
[2025-11-13T06:50:24.652+0000] {processor.py:840} INFO - DAG(s) 'latest_only_with_trigger' retrieved from /home/airflow/.local/lib/python3.8/site-packages/airflow/example_dags/example_latest_only_with_trigger.py
[2025-11-13T06:50:24.797+0000] {logging_mixin.py:188} INFO - [2025-11-13T06:50:24.796+0000] {dag.py:3036} INFO - Sync 1 DAGs
[2025-11-13T06:50:25.810+0000] {logging_mixin.py:188} INFO - [2025-11-13T06:50:25.809+0000] {dag.py:3823} INFO - Setting next_dagrun for latest_only_with_trigger to 2025-11-13 00:00:00+00:00, run_after=2025-11-13 04:00:00+00:00
[2025-11-13T06:50:26.020+0000] {processor.py:183} INFO - Processing /home/airflow/.local/lib/python3.8/site-packages/airflow/example_dags/example_latest_only_with_trigger.py took 1.467 seconds
[2025-11-13T06:50:56.871+0000] {processor.py:161} INFO - Started process (PID=3091) to work on /home/airflow/.local/lib/python3.8/site-packages/airflow/example_dags/example_latest_only_with_trigger.py
[2025-11-13T06:50:56.875+0000] {processor.py:830} INFO - Processing file /home/airflow/.local/lib/python3.8/site-packages/airflow/example_dags/example_latest_only_with_trigger.py for tasks to queue
[2025-11-13T06:50:56.881+0000] {logging_mixin.py:188} INFO - [2025-11-13T06:50:56.880+0000] {dagbag.py:538} INFO - Filling up the DagBag from /home/airflow/.local/lib/python3.8/site-packages/airflow/example_dags/example_latest_only_with_trigger.py
[2025-11-13T06:50:56.909+0000] {processor.py:840} INFO - DAG(s) 'latest_only_with_trigger' retrieved from /home/airflow/.local/lib/python3.8/site-packages/airflow/example_dags/example_latest_only_with_trigger.py
[2025-11-13T06:50:57.007+0000] {logging_mixin.py:188} INFO - [2025-11-13T06:50:57.005+0000] {dag.py:3036} INFO - Sync 1 DAGs
[2025-11-13T06:50:57.095+0000] {logging_mixin.py:188} INFO - [2025-11-13T06:50:57.095+0000] {dag.py:3823} INFO - Setting next_dagrun for latest_only_with_trigger to 2025-11-13 00:00:00+00:00, run_after=2025-11-13 04:00:00+00:00
[2025-11-13T06:50:57.183+0000] {processor.py:183} INFO - Processing /home/airflow/.local/lib/python3.8/site-packages/airflow/example_dags/example_latest_only_with_trigger.py took 0.327 seconds
