[2025-11-13T06:26:15.846+0000] {processor.py:161} INFO - Started process (PID=92) to work on /home/airflow/.local/lib/python3.8/site-packages/airflow/example_dags/example_bash_operator.py
[2025-11-13T06:26:15.852+0000] {processor.py:830} INFO - Processing file /home/airflow/.local/lib/python3.8/site-packages/airflow/example_dags/example_bash_operator.py for tasks to queue
[2025-11-13T06:26:15.858+0000] {logging_mixin.py:188} INFO - [2025-11-13T06:26:15.857+0000] {dagbag.py:538} INFO - Filling up the DagBag from /home/airflow/.local/lib/python3.8/site-packages/airflow/example_dags/example_bash_operator.py
[2025-11-13T06:26:15.943+0000] {processor.py:840} INFO - DAG(s) 'example_bash_operator' retrieved from /home/airflow/.local/lib/python3.8/site-packages/airflow/example_dags/example_bash_operator.py
[2025-11-13T06:26:16.000+0000] {logging_mixin.py:188} INFO - [2025-11-13T06:26:15.999+0000] {dag.py:3036} INFO - Sync 1 DAGs
[2025-11-13T06:26:16.191+0000] {logging_mixin.py:188} INFO - [2025-11-13T06:26:16.189+0000] {dag.py:3823} INFO - Setting next_dagrun for example_bash_operator to 2025-11-12 00:00:00+00:00, run_after=2025-11-13 00:00:00+00:00
[2025-11-13T06:26:16.283+0000] {processor.py:183} INFO - Processing /home/airflow/.local/lib/python3.8/site-packages/airflow/example_dags/example_bash_operator.py took 0.458 seconds
[2025-11-13T06:26:46.470+0000] {processor.py:161} INFO - Started process (PID=154) to work on /home/airflow/.local/lib/python3.8/site-packages/airflow/example_dags/example_bash_operator.py
[2025-11-13T06:26:46.472+0000] {processor.py:830} INFO - Processing file /home/airflow/.local/lib/python3.8/site-packages/airflow/example_dags/example_bash_operator.py for tasks to queue
[2025-11-13T06:26:46.476+0000] {logging_mixin.py:188} INFO - [2025-11-13T06:26:46.475+0000] {dagbag.py:538} INFO - Filling up the DagBag from /home/airflow/.local/lib/python3.8/site-packages/airflow/example_dags/example_bash_operator.py
[2025-11-13T06:26:46.496+0000] {processor.py:840} INFO - DAG(s) 'example_bash_operator' retrieved from /home/airflow/.local/lib/python3.8/site-packages/airflow/example_dags/example_bash_operator.py
[2025-11-13T06:26:46.668+0000] {logging_mixin.py:188} INFO - [2025-11-13T06:26:46.667+0000] {dag.py:3036} INFO - Sync 1 DAGs
[2025-11-13T06:26:46.702+0000] {logging_mixin.py:188} INFO - [2025-11-13T06:26:46.701+0000] {dag.py:3823} INFO - Setting next_dagrun for example_bash_operator to 2025-11-12 00:00:00+00:00, run_after=2025-11-13 00:00:00+00:00
[2025-11-13T06:26:46.746+0000] {processor.py:183} INFO - Processing /home/airflow/.local/lib/python3.8/site-packages/airflow/example_dags/example_bash_operator.py took 0.282 seconds
[2025-11-13T06:27:16.804+0000] {processor.py:161} INFO - Started process (PID=216) to work on /home/airflow/.local/lib/python3.8/site-packages/airflow/example_dags/example_bash_operator.py
[2025-11-13T06:27:16.806+0000] {processor.py:830} INFO - Processing file /home/airflow/.local/lib/python3.8/site-packages/airflow/example_dags/example_bash_operator.py for tasks to queue
[2025-11-13T06:27:16.809+0000] {logging_mixin.py:188} INFO - [2025-11-13T06:27:16.809+0000] {dagbag.py:538} INFO - Filling up the DagBag from /home/airflow/.local/lib/python3.8/site-packages/airflow/example_dags/example_bash_operator.py
[2025-11-13T06:27:16.830+0000] {processor.py:840} INFO - DAG(s) 'example_bash_operator' retrieved from /home/airflow/.local/lib/python3.8/site-packages/airflow/example_dags/example_bash_operator.py
[2025-11-13T06:27:16.877+0000] {logging_mixin.py:188} INFO - [2025-11-13T06:27:16.876+0000] {dag.py:3036} INFO - Sync 1 DAGs
[2025-11-13T06:27:16.916+0000] {logging_mixin.py:188} INFO - [2025-11-13T06:27:16.916+0000] {dag.py:3823} INFO - Setting next_dagrun for example_bash_operator to 2025-11-12 00:00:00+00:00, run_after=2025-11-13 00:00:00+00:00
[2025-11-13T06:27:16.945+0000] {processor.py:183} INFO - Processing /home/airflow/.local/lib/python3.8/site-packages/airflow/example_dags/example_bash_operator.py took 0.148 seconds
[2025-11-13T06:27:47.583+0000] {processor.py:161} INFO - Started process (PID=278) to work on /home/airflow/.local/lib/python3.8/site-packages/airflow/example_dags/example_bash_operator.py
[2025-11-13T06:27:47.586+0000] {processor.py:830} INFO - Processing file /home/airflow/.local/lib/python3.8/site-packages/airflow/example_dags/example_bash_operator.py for tasks to queue
[2025-11-13T06:27:47.589+0000] {logging_mixin.py:188} INFO - [2025-11-13T06:27:47.589+0000] {dagbag.py:538} INFO - Filling up the DagBag from /home/airflow/.local/lib/python3.8/site-packages/airflow/example_dags/example_bash_operator.py
[2025-11-13T06:27:47.610+0000] {processor.py:840} INFO - DAG(s) 'example_bash_operator' retrieved from /home/airflow/.local/lib/python3.8/site-packages/airflow/example_dags/example_bash_operator.py
[2025-11-13T06:27:47.669+0000] {logging_mixin.py:188} INFO - [2025-11-13T06:27:47.669+0000] {dag.py:3036} INFO - Sync 1 DAGs
[2025-11-13T06:27:47.710+0000] {logging_mixin.py:188} INFO - [2025-11-13T06:27:47.710+0000] {dag.py:3823} INFO - Setting next_dagrun for example_bash_operator to 2025-11-12 00:00:00+00:00, run_after=2025-11-13 00:00:00+00:00
[2025-11-13T06:27:47.753+0000] {processor.py:183} INFO - Processing /home/airflow/.local/lib/python3.8/site-packages/airflow/example_dags/example_bash_operator.py took 0.176 seconds
[2025-11-13T06:28:17.930+0000] {processor.py:161} INFO - Started process (PID=340) to work on /home/airflow/.local/lib/python3.8/site-packages/airflow/example_dags/example_bash_operator.py
[2025-11-13T06:28:17.932+0000] {processor.py:830} INFO - Processing file /home/airflow/.local/lib/python3.8/site-packages/airflow/example_dags/example_bash_operator.py for tasks to queue
[2025-11-13T06:28:17.935+0000] {logging_mixin.py:188} INFO - [2025-11-13T06:28:17.935+0000] {dagbag.py:538} INFO - Filling up the DagBag from /home/airflow/.local/lib/python3.8/site-packages/airflow/example_dags/example_bash_operator.py
[2025-11-13T06:28:17.951+0000] {processor.py:840} INFO - DAG(s) 'example_bash_operator' retrieved from /home/airflow/.local/lib/python3.8/site-packages/airflow/example_dags/example_bash_operator.py
[2025-11-13T06:28:17.985+0000] {logging_mixin.py:188} INFO - [2025-11-13T06:28:17.985+0000] {dag.py:3036} INFO - Sync 1 DAGs
[2025-11-13T06:28:18.015+0000] {logging_mixin.py:188} INFO - [2025-11-13T06:28:18.014+0000] {dag.py:3823} INFO - Setting next_dagrun for example_bash_operator to 2025-11-12 00:00:00+00:00, run_after=2025-11-13 00:00:00+00:00
[2025-11-13T06:28:18.040+0000] {processor.py:183} INFO - Processing /home/airflow/.local/lib/python3.8/site-packages/airflow/example_dags/example_bash_operator.py took 0.115 seconds
[2025-11-13T06:28:48.157+0000] {processor.py:161} INFO - Started process (PID=403) to work on /home/airflow/.local/lib/python3.8/site-packages/airflow/example_dags/example_bash_operator.py
[2025-11-13T06:28:48.159+0000] {processor.py:830} INFO - Processing file /home/airflow/.local/lib/python3.8/site-packages/airflow/example_dags/example_bash_operator.py for tasks to queue
[2025-11-13T06:28:48.162+0000] {logging_mixin.py:188} INFO - [2025-11-13T06:28:48.161+0000] {dagbag.py:538} INFO - Filling up the DagBag from /home/airflow/.local/lib/python3.8/site-packages/airflow/example_dags/example_bash_operator.py
[2025-11-13T06:28:48.175+0000] {processor.py:840} INFO - DAG(s) 'example_bash_operator' retrieved from /home/airflow/.local/lib/python3.8/site-packages/airflow/example_dags/example_bash_operator.py
[2025-11-13T06:28:48.209+0000] {logging_mixin.py:188} INFO - [2025-11-13T06:28:48.208+0000] {dag.py:3036} INFO - Sync 1 DAGs
[2025-11-13T06:28:48.235+0000] {logging_mixin.py:188} INFO - [2025-11-13T06:28:48.235+0000] {dag.py:3823} INFO - Setting next_dagrun for example_bash_operator to 2025-11-12 00:00:00+00:00, run_after=2025-11-13 00:00:00+00:00
[2025-11-13T06:28:48.260+0000] {processor.py:183} INFO - Processing /home/airflow/.local/lib/python3.8/site-packages/airflow/example_dags/example_bash_operator.py took 0.107 seconds
[2025-11-13T06:29:18.677+0000] {processor.py:161} INFO - Started process (PID=465) to work on /home/airflow/.local/lib/python3.8/site-packages/airflow/example_dags/example_bash_operator.py
[2025-11-13T06:29:18.679+0000] {processor.py:830} INFO - Processing file /home/airflow/.local/lib/python3.8/site-packages/airflow/example_dags/example_bash_operator.py for tasks to queue
[2025-11-13T06:29:18.683+0000] {logging_mixin.py:188} INFO - [2025-11-13T06:29:18.682+0000] {dagbag.py:538} INFO - Filling up the DagBag from /home/airflow/.local/lib/python3.8/site-packages/airflow/example_dags/example_bash_operator.py
[2025-11-13T06:29:18.702+0000] {processor.py:840} INFO - DAG(s) 'example_bash_operator' retrieved from /home/airflow/.local/lib/python3.8/site-packages/airflow/example_dags/example_bash_operator.py
[2025-11-13T06:29:18.747+0000] {logging_mixin.py:188} INFO - [2025-11-13T06:29:18.747+0000] {dag.py:3036} INFO - Sync 1 DAGs
[2025-11-13T06:29:18.782+0000] {logging_mixin.py:188} INFO - [2025-11-13T06:29:18.781+0000] {dag.py:3823} INFO - Setting next_dagrun for example_bash_operator to 2025-11-12 00:00:00+00:00, run_after=2025-11-13 00:00:00+00:00
[2025-11-13T06:29:18.811+0000] {processor.py:183} INFO - Processing /home/airflow/.local/lib/python3.8/site-packages/airflow/example_dags/example_bash_operator.py took 0.138 seconds
[2025-11-13T06:29:49.423+0000] {processor.py:161} INFO - Started process (PID=527) to work on /home/airflow/.local/lib/python3.8/site-packages/airflow/example_dags/example_bash_operator.py
[2025-11-13T06:29:49.427+0000] {processor.py:830} INFO - Processing file /home/airflow/.local/lib/python3.8/site-packages/airflow/example_dags/example_bash_operator.py for tasks to queue
[2025-11-13T06:29:49.434+0000] {logging_mixin.py:188} INFO - [2025-11-13T06:29:49.432+0000] {dagbag.py:538} INFO - Filling up the DagBag from /home/airflow/.local/lib/python3.8/site-packages/airflow/example_dags/example_bash_operator.py
[2025-11-13T06:29:49.470+0000] {processor.py:840} INFO - DAG(s) 'example_bash_operator' retrieved from /home/airflow/.local/lib/python3.8/site-packages/airflow/example_dags/example_bash_operator.py
[2025-11-13T06:29:49.556+0000] {logging_mixin.py:188} INFO - [2025-11-13T06:29:49.556+0000] {dag.py:3036} INFO - Sync 1 DAGs
[2025-11-13T06:29:49.625+0000] {logging_mixin.py:188} INFO - [2025-11-13T06:29:49.624+0000] {dag.py:3823} INFO - Setting next_dagrun for example_bash_operator to 2025-11-12 00:00:00+00:00, run_after=2025-11-13 00:00:00+00:00
[2025-11-13T06:29:49.685+0000] {processor.py:183} INFO - Processing /home/airflow/.local/lib/python3.8/site-packages/airflow/example_dags/example_bash_operator.py took 0.275 seconds
[2025-11-13T06:30:19.978+0000] {processor.py:161} INFO - Started process (PID=589) to work on /home/airflow/.local/lib/python3.8/site-packages/airflow/example_dags/example_bash_operator.py
[2025-11-13T06:30:19.979+0000] {processor.py:830} INFO - Processing file /home/airflow/.local/lib/python3.8/site-packages/airflow/example_dags/example_bash_operator.py for tasks to queue
[2025-11-13T06:30:19.982+0000] {logging_mixin.py:188} INFO - [2025-11-13T06:30:19.981+0000] {dagbag.py:538} INFO - Filling up the DagBag from /home/airflow/.local/lib/python3.8/site-packages/airflow/example_dags/example_bash_operator.py
[2025-11-13T06:30:20.001+0000] {processor.py:840} INFO - DAG(s) 'example_bash_operator' retrieved from /home/airflow/.local/lib/python3.8/site-packages/airflow/example_dags/example_bash_operator.py
[2025-11-13T06:30:20.039+0000] {logging_mixin.py:188} INFO - [2025-11-13T06:30:20.039+0000] {dag.py:3036} INFO - Sync 1 DAGs
[2025-11-13T06:30:20.069+0000] {logging_mixin.py:188} INFO - [2025-11-13T06:30:20.068+0000] {dag.py:3823} INFO - Setting next_dagrun for example_bash_operator to 2025-11-12 00:00:00+00:00, run_after=2025-11-13 00:00:00+00:00
[2025-11-13T06:30:20.095+0000] {processor.py:183} INFO - Processing /home/airflow/.local/lib/python3.8/site-packages/airflow/example_dags/example_bash_operator.py took 0.122 seconds
[2025-11-13T06:30:51.278+0000] {processor.py:161} INFO - Started process (PID=651) to work on /home/airflow/.local/lib/python3.8/site-packages/airflow/example_dags/example_bash_operator.py
[2025-11-13T06:30:51.280+0000] {processor.py:830} INFO - Processing file /home/airflow/.local/lib/python3.8/site-packages/airflow/example_dags/example_bash_operator.py for tasks to queue
[2025-11-13T06:30:51.285+0000] {logging_mixin.py:188} INFO - [2025-11-13T06:30:51.284+0000] {dagbag.py:538} INFO - Filling up the DagBag from /home/airflow/.local/lib/python3.8/site-packages/airflow/example_dags/example_bash_operator.py
[2025-11-13T06:30:51.308+0000] {processor.py:840} INFO - DAG(s) 'example_bash_operator' retrieved from /home/airflow/.local/lib/python3.8/site-packages/airflow/example_dags/example_bash_operator.py
[2025-11-13T06:30:51.372+0000] {logging_mixin.py:188} INFO - [2025-11-13T06:30:51.371+0000] {dag.py:3036} INFO - Sync 1 DAGs
[2025-11-13T06:30:51.438+0000] {logging_mixin.py:188} INFO - [2025-11-13T06:30:51.437+0000] {dag.py:3823} INFO - Setting next_dagrun for example_bash_operator to 2025-11-12 00:00:00+00:00, run_after=2025-11-13 00:00:00+00:00
[2025-11-13T06:30:51.490+0000] {processor.py:183} INFO - Processing /home/airflow/.local/lib/python3.8/site-packages/airflow/example_dags/example_bash_operator.py took 0.219 seconds
[2025-11-13T06:31:22.181+0000] {processor.py:161} INFO - Started process (PID=713) to work on /home/airflow/.local/lib/python3.8/site-packages/airflow/example_dags/example_bash_operator.py
[2025-11-13T06:31:22.182+0000] {processor.py:830} INFO - Processing file /home/airflow/.local/lib/python3.8/site-packages/airflow/example_dags/example_bash_operator.py for tasks to queue
[2025-11-13T06:31:22.185+0000] {logging_mixin.py:188} INFO - [2025-11-13T06:31:22.185+0000] {dagbag.py:538} INFO - Filling up the DagBag from /home/airflow/.local/lib/python3.8/site-packages/airflow/example_dags/example_bash_operator.py
[2025-11-13T06:31:22.199+0000] {processor.py:840} INFO - DAG(s) 'example_bash_operator' retrieved from /home/airflow/.local/lib/python3.8/site-packages/airflow/example_dags/example_bash_operator.py
[2025-11-13T06:31:22.233+0000] {logging_mixin.py:188} INFO - [2025-11-13T06:31:22.233+0000] {dag.py:3036} INFO - Sync 1 DAGs
[2025-11-13T06:31:22.260+0000] {logging_mixin.py:188} INFO - [2025-11-13T06:31:22.260+0000] {dag.py:3823} INFO - Setting next_dagrun for example_bash_operator to 2025-11-12 00:00:00+00:00, run_after=2025-11-13 00:00:00+00:00
[2025-11-13T06:31:22.288+0000] {processor.py:183} INFO - Processing /home/airflow/.local/lib/python3.8/site-packages/airflow/example_dags/example_bash_operator.py took 0.111 seconds
[2025-11-13T06:31:52.745+0000] {processor.py:161} INFO - Started process (PID=775) to work on /home/airflow/.local/lib/python3.8/site-packages/airflow/example_dags/example_bash_operator.py
[2025-11-13T06:31:52.747+0000] {processor.py:830} INFO - Processing file /home/airflow/.local/lib/python3.8/site-packages/airflow/example_dags/example_bash_operator.py for tasks to queue
[2025-11-13T06:31:52.751+0000] {logging_mixin.py:188} INFO - [2025-11-13T06:31:52.751+0000] {dagbag.py:538} INFO - Filling up the DagBag from /home/airflow/.local/lib/python3.8/site-packages/airflow/example_dags/example_bash_operator.py
[2025-11-13T06:31:52.783+0000] {processor.py:840} INFO - DAG(s) 'example_bash_operator' retrieved from /home/airflow/.local/lib/python3.8/site-packages/airflow/example_dags/example_bash_operator.py
[2025-11-13T06:31:52.850+0000] {logging_mixin.py:188} INFO - [2025-11-13T06:31:52.850+0000] {dag.py:3036} INFO - Sync 1 DAGs
[2025-11-13T06:31:52.905+0000] {logging_mixin.py:188} INFO - [2025-11-13T06:31:52.904+0000] {dag.py:3823} INFO - Setting next_dagrun for example_bash_operator to 2025-11-12 00:00:00+00:00, run_after=2025-11-13 00:00:00+00:00
[2025-11-13T06:31:52.952+0000] {processor.py:183} INFO - Processing /home/airflow/.local/lib/python3.8/site-packages/airflow/example_dags/example_bash_operator.py took 0.217 seconds
[2025-11-13T06:32:23.580+0000] {processor.py:161} INFO - Started process (PID=837) to work on /home/airflow/.local/lib/python3.8/site-packages/airflow/example_dags/example_bash_operator.py
[2025-11-13T06:32:23.581+0000] {processor.py:830} INFO - Processing file /home/airflow/.local/lib/python3.8/site-packages/airflow/example_dags/example_bash_operator.py for tasks to queue
[2025-11-13T06:32:23.584+0000] {logging_mixin.py:188} INFO - [2025-11-13T06:32:23.583+0000] {dagbag.py:538} INFO - Filling up the DagBag from /home/airflow/.local/lib/python3.8/site-packages/airflow/example_dags/example_bash_operator.py
[2025-11-13T06:32:23.598+0000] {processor.py:840} INFO - DAG(s) 'example_bash_operator' retrieved from /home/airflow/.local/lib/python3.8/site-packages/airflow/example_dags/example_bash_operator.py
[2025-11-13T06:32:23.639+0000] {logging_mixin.py:188} INFO - [2025-11-13T06:32:23.639+0000] {dag.py:3036} INFO - Sync 1 DAGs
[2025-11-13T06:32:23.668+0000] {logging_mixin.py:188} INFO - [2025-11-13T06:32:23.668+0000] {dag.py:3823} INFO - Setting next_dagrun for example_bash_operator to 2025-11-12 00:00:00+00:00, run_after=2025-11-13 00:00:00+00:00
[2025-11-13T06:32:23.692+0000] {processor.py:183} INFO - Processing /home/airflow/.local/lib/python3.8/site-packages/airflow/example_dags/example_bash_operator.py took 0.117 seconds
[2025-11-13T06:32:53.771+0000] {processor.py:161} INFO - Started process (PID=899) to work on /home/airflow/.local/lib/python3.8/site-packages/airflow/example_dags/example_bash_operator.py
[2025-11-13T06:32:53.773+0000] {processor.py:830} INFO - Processing file /home/airflow/.local/lib/python3.8/site-packages/airflow/example_dags/example_bash_operator.py for tasks to queue
[2025-11-13T06:32:53.776+0000] {logging_mixin.py:188} INFO - [2025-11-13T06:32:53.776+0000] {dagbag.py:538} INFO - Filling up the DagBag from /home/airflow/.local/lib/python3.8/site-packages/airflow/example_dags/example_bash_operator.py
[2025-11-13T06:32:53.795+0000] {processor.py:840} INFO - DAG(s) 'example_bash_operator' retrieved from /home/airflow/.local/lib/python3.8/site-packages/airflow/example_dags/example_bash_operator.py
[2025-11-13T06:32:53.842+0000] {logging_mixin.py:188} INFO - [2025-11-13T06:32:53.841+0000] {dag.py:3036} INFO - Sync 1 DAGs
[2025-11-13T06:32:53.881+0000] {logging_mixin.py:188} INFO - [2025-11-13T06:32:53.880+0000] {dag.py:3823} INFO - Setting next_dagrun for example_bash_operator to 2025-11-12 00:00:00+00:00, run_after=2025-11-13 00:00:00+00:00
[2025-11-13T06:32:53.920+0000] {processor.py:183} INFO - Processing /home/airflow/.local/lib/python3.8/site-packages/airflow/example_dags/example_bash_operator.py took 0.154 seconds
[2025-11-13T06:33:24.388+0000] {processor.py:161} INFO - Started process (PID=961) to work on /home/airflow/.local/lib/python3.8/site-packages/airflow/example_dags/example_bash_operator.py
[2025-11-13T06:33:24.389+0000] {processor.py:830} INFO - Processing file /home/airflow/.local/lib/python3.8/site-packages/airflow/example_dags/example_bash_operator.py for tasks to queue
[2025-11-13T06:33:24.392+0000] {logging_mixin.py:188} INFO - [2025-11-13T06:33:24.392+0000] {dagbag.py:538} INFO - Filling up the DagBag from /home/airflow/.local/lib/python3.8/site-packages/airflow/example_dags/example_bash_operator.py
[2025-11-13T06:33:24.406+0000] {processor.py:840} INFO - DAG(s) 'example_bash_operator' retrieved from /home/airflow/.local/lib/python3.8/site-packages/airflow/example_dags/example_bash_operator.py
[2025-11-13T06:33:24.441+0000] {logging_mixin.py:188} INFO - [2025-11-13T06:33:24.441+0000] {dag.py:3036} INFO - Sync 1 DAGs
[2025-11-13T06:33:24.468+0000] {logging_mixin.py:188} INFO - [2025-11-13T06:33:24.468+0000] {dag.py:3823} INFO - Setting next_dagrun for example_bash_operator to 2025-11-12 00:00:00+00:00, run_after=2025-11-13 00:00:00+00:00
[2025-11-13T06:33:24.494+0000] {processor.py:183} INFO - Processing /home/airflow/.local/lib/python3.8/site-packages/airflow/example_dags/example_bash_operator.py took 0.109 seconds
[2025-11-13T06:33:54.686+0000] {processor.py:161} INFO - Started process (PID=1023) to work on /home/airflow/.local/lib/python3.8/site-packages/airflow/example_dags/example_bash_operator.py
[2025-11-13T06:33:54.688+0000] {processor.py:830} INFO - Processing file /home/airflow/.local/lib/python3.8/site-packages/airflow/example_dags/example_bash_operator.py for tasks to queue
[2025-11-13T06:33:54.690+0000] {logging_mixin.py:188} INFO - [2025-11-13T06:33:54.690+0000] {dagbag.py:538} INFO - Filling up the DagBag from /home/airflow/.local/lib/python3.8/site-packages/airflow/example_dags/example_bash_operator.py
[2025-11-13T06:33:54.704+0000] {processor.py:840} INFO - DAG(s) 'example_bash_operator' retrieved from /home/airflow/.local/lib/python3.8/site-packages/airflow/example_dags/example_bash_operator.py
[2025-11-13T06:33:54.740+0000] {logging_mixin.py:188} INFO - [2025-11-13T06:33:54.739+0000] {dag.py:3036} INFO - Sync 1 DAGs
[2025-11-13T06:33:54.769+0000] {logging_mixin.py:188} INFO - [2025-11-13T06:33:54.768+0000] {dag.py:3823} INFO - Setting next_dagrun for example_bash_operator to 2025-11-12 00:00:00+00:00, run_after=2025-11-13 00:00:00+00:00
[2025-11-13T06:33:54.795+0000] {processor.py:183} INFO - Processing /home/airflow/.local/lib/python3.8/site-packages/airflow/example_dags/example_bash_operator.py took 0.114 seconds
[2025-11-13T06:34:24.864+0000] {processor.py:161} INFO - Started process (PID=1085) to work on /home/airflow/.local/lib/python3.8/site-packages/airflow/example_dags/example_bash_operator.py
[2025-11-13T06:34:24.866+0000] {processor.py:830} INFO - Processing file /home/airflow/.local/lib/python3.8/site-packages/airflow/example_dags/example_bash_operator.py for tasks to queue
[2025-11-13T06:34:24.868+0000] {logging_mixin.py:188} INFO - [2025-11-13T06:34:24.868+0000] {dagbag.py:538} INFO - Filling up the DagBag from /home/airflow/.local/lib/python3.8/site-packages/airflow/example_dags/example_bash_operator.py
[2025-11-13T06:34:24.882+0000] {processor.py:840} INFO - DAG(s) 'example_bash_operator' retrieved from /home/airflow/.local/lib/python3.8/site-packages/airflow/example_dags/example_bash_operator.py
[2025-11-13T06:34:24.918+0000] {logging_mixin.py:188} INFO - [2025-11-13T06:34:24.917+0000] {dag.py:3036} INFO - Sync 1 DAGs
[2025-11-13T06:34:24.945+0000] {logging_mixin.py:188} INFO - [2025-11-13T06:34:24.944+0000] {dag.py:3823} INFO - Setting next_dagrun for example_bash_operator to 2025-11-12 00:00:00+00:00, run_after=2025-11-13 00:00:00+00:00
[2025-11-13T06:34:24.972+0000] {processor.py:183} INFO - Processing /home/airflow/.local/lib/python3.8/site-packages/airflow/example_dags/example_bash_operator.py took 0.112 seconds
[2025-11-13T06:34:55.372+0000] {processor.py:161} INFO - Started process (PID=1147) to work on /home/airflow/.local/lib/python3.8/site-packages/airflow/example_dags/example_bash_operator.py
[2025-11-13T06:34:55.374+0000] {processor.py:830} INFO - Processing file /home/airflow/.local/lib/python3.8/site-packages/airflow/example_dags/example_bash_operator.py for tasks to queue
[2025-11-13T06:34:55.377+0000] {logging_mixin.py:188} INFO - [2025-11-13T06:34:55.376+0000] {dagbag.py:538} INFO - Filling up the DagBag from /home/airflow/.local/lib/python3.8/site-packages/airflow/example_dags/example_bash_operator.py
[2025-11-13T06:34:55.391+0000] {processor.py:840} INFO - DAG(s) 'example_bash_operator' retrieved from /home/airflow/.local/lib/python3.8/site-packages/airflow/example_dags/example_bash_operator.py
[2025-11-13T06:34:55.430+0000] {logging_mixin.py:188} INFO - [2025-11-13T06:34:55.430+0000] {dag.py:3036} INFO - Sync 1 DAGs
[2025-11-13T06:34:55.457+0000] {logging_mixin.py:188} INFO - [2025-11-13T06:34:55.456+0000] {dag.py:3823} INFO - Setting next_dagrun for example_bash_operator to 2025-11-12 00:00:00+00:00, run_after=2025-11-13 00:00:00+00:00
[2025-11-13T06:34:55.481+0000] {processor.py:183} INFO - Processing /home/airflow/.local/lib/python3.8/site-packages/airflow/example_dags/example_bash_operator.py took 0.113 seconds
[2025-11-13T06:35:25.986+0000] {processor.py:161} INFO - Started process (PID=1209) to work on /home/airflow/.local/lib/python3.8/site-packages/airflow/example_dags/example_bash_operator.py
[2025-11-13T06:35:25.988+0000] {processor.py:830} INFO - Processing file /home/airflow/.local/lib/python3.8/site-packages/airflow/example_dags/example_bash_operator.py for tasks to queue
[2025-11-13T06:35:25.995+0000] {logging_mixin.py:188} INFO - [2025-11-13T06:35:25.994+0000] {dagbag.py:538} INFO - Filling up the DagBag from /home/airflow/.local/lib/python3.8/site-packages/airflow/example_dags/example_bash_operator.py
[2025-11-13T06:35:26.025+0000] {processor.py:840} INFO - DAG(s) 'example_bash_operator' retrieved from /home/airflow/.local/lib/python3.8/site-packages/airflow/example_dags/example_bash_operator.py
[2025-11-13T06:35:26.108+0000] {logging_mixin.py:188} INFO - [2025-11-13T06:35:26.107+0000] {dag.py:3036} INFO - Sync 1 DAGs
[2025-11-13T06:35:26.186+0000] {logging_mixin.py:188} INFO - [2025-11-13T06:35:26.184+0000] {dag.py:3823} INFO - Setting next_dagrun for example_bash_operator to 2025-11-12 00:00:00+00:00, run_after=2025-11-13 00:00:00+00:00
[2025-11-13T06:35:26.231+0000] {processor.py:183} INFO - Processing /home/airflow/.local/lib/python3.8/site-packages/airflow/example_dags/example_bash_operator.py took 0.252 seconds
[2025-11-13T06:35:57.004+0000] {processor.py:161} INFO - Started process (PID=1271) to work on /home/airflow/.local/lib/python3.8/site-packages/airflow/example_dags/example_bash_operator.py
[2025-11-13T06:35:57.006+0000] {processor.py:830} INFO - Processing file /home/airflow/.local/lib/python3.8/site-packages/airflow/example_dags/example_bash_operator.py for tasks to queue
[2025-11-13T06:35:57.010+0000] {logging_mixin.py:188} INFO - [2025-11-13T06:35:57.010+0000] {dagbag.py:538} INFO - Filling up the DagBag from /home/airflow/.local/lib/python3.8/site-packages/airflow/example_dags/example_bash_operator.py
[2025-11-13T06:35:57.032+0000] {processor.py:840} INFO - DAG(s) 'example_bash_operator' retrieved from /home/airflow/.local/lib/python3.8/site-packages/airflow/example_dags/example_bash_operator.py
[2025-11-13T06:35:57.088+0000] {logging_mixin.py:188} INFO - [2025-11-13T06:35:57.088+0000] {dag.py:3036} INFO - Sync 1 DAGs
[2025-11-13T06:35:57.133+0000] {logging_mixin.py:188} INFO - [2025-11-13T06:35:57.133+0000] {dag.py:3823} INFO - Setting next_dagrun for example_bash_operator to 2025-11-12 00:00:00+00:00, run_after=2025-11-13 00:00:00+00:00
[2025-11-13T06:35:57.170+0000] {processor.py:183} INFO - Processing /home/airflow/.local/lib/python3.8/site-packages/airflow/example_dags/example_bash_operator.py took 0.172 seconds
[2025-11-13T06:36:27.478+0000] {processor.py:161} INFO - Started process (PID=1333) to work on /home/airflow/.local/lib/python3.8/site-packages/airflow/example_dags/example_bash_operator.py
[2025-11-13T06:36:27.481+0000] {processor.py:830} INFO - Processing file /home/airflow/.local/lib/python3.8/site-packages/airflow/example_dags/example_bash_operator.py for tasks to queue
[2025-11-13T06:36:27.486+0000] {logging_mixin.py:188} INFO - [2025-11-13T06:36:27.485+0000] {dagbag.py:538} INFO - Filling up the DagBag from /home/airflow/.local/lib/python3.8/site-packages/airflow/example_dags/example_bash_operator.py
[2025-11-13T06:36:27.512+0000] {processor.py:840} INFO - DAG(s) 'example_bash_operator' retrieved from /home/airflow/.local/lib/python3.8/site-packages/airflow/example_dags/example_bash_operator.py
[2025-11-13T06:36:27.573+0000] {logging_mixin.py:188} INFO - [2025-11-13T06:36:27.573+0000] {dag.py:3036} INFO - Sync 1 DAGs
[2025-11-13T06:36:27.663+0000] {logging_mixin.py:188} INFO - [2025-11-13T06:36:27.663+0000] {dag.py:3823} INFO - Setting next_dagrun for example_bash_operator to 2025-11-12 00:00:00+00:00, run_after=2025-11-13 00:00:00+00:00
[2025-11-13T06:36:27.731+0000] {processor.py:183} INFO - Processing /home/airflow/.local/lib/python3.8/site-packages/airflow/example_dags/example_bash_operator.py took 0.262 seconds
[2025-11-13T06:36:58.046+0000] {processor.py:161} INFO - Started process (PID=1396) to work on /home/airflow/.local/lib/python3.8/site-packages/airflow/example_dags/example_bash_operator.py
[2025-11-13T06:36:58.049+0000] {processor.py:830} INFO - Processing file /home/airflow/.local/lib/python3.8/site-packages/airflow/example_dags/example_bash_operator.py for tasks to queue
[2025-11-13T06:36:58.054+0000] {logging_mixin.py:188} INFO - [2025-11-13T06:36:58.053+0000] {dagbag.py:538} INFO - Filling up the DagBag from /home/airflow/.local/lib/python3.8/site-packages/airflow/example_dags/example_bash_operator.py
[2025-11-13T06:36:58.089+0000] {processor.py:840} INFO - DAG(s) 'example_bash_operator' retrieved from /home/airflow/.local/lib/python3.8/site-packages/airflow/example_dags/example_bash_operator.py
[2025-11-13T06:36:58.165+0000] {logging_mixin.py:188} INFO - [2025-11-13T06:36:58.165+0000] {dag.py:3036} INFO - Sync 1 DAGs
[2025-11-13T06:36:58.225+0000] {logging_mixin.py:188} INFO - [2025-11-13T06:36:58.224+0000] {dag.py:3823} INFO - Setting next_dagrun for example_bash_operator to 2025-11-12 00:00:00+00:00, run_after=2025-11-13 00:00:00+00:00
[2025-11-13T06:36:58.256+0000] {processor.py:183} INFO - Processing /home/airflow/.local/lib/python3.8/site-packages/airflow/example_dags/example_bash_operator.py took 0.215 seconds
[2025-11-13T06:37:28.452+0000] {processor.py:161} INFO - Started process (PID=1458) to work on /home/airflow/.local/lib/python3.8/site-packages/airflow/example_dags/example_bash_operator.py
[2025-11-13T06:37:28.453+0000] {processor.py:830} INFO - Processing file /home/airflow/.local/lib/python3.8/site-packages/airflow/example_dags/example_bash_operator.py for tasks to queue
[2025-11-13T06:37:28.456+0000] {logging_mixin.py:188} INFO - [2025-11-13T06:37:28.456+0000] {dagbag.py:538} INFO - Filling up the DagBag from /home/airflow/.local/lib/python3.8/site-packages/airflow/example_dags/example_bash_operator.py
[2025-11-13T06:37:28.472+0000] {processor.py:840} INFO - DAG(s) 'example_bash_operator' retrieved from /home/airflow/.local/lib/python3.8/site-packages/airflow/example_dags/example_bash_operator.py
[2025-11-13T06:37:28.514+0000] {logging_mixin.py:188} INFO - [2025-11-13T06:37:28.514+0000] {dag.py:3036} INFO - Sync 1 DAGs
[2025-11-13T06:37:28.550+0000] {logging_mixin.py:188} INFO - [2025-11-13T06:37:28.550+0000] {dag.py:3823} INFO - Setting next_dagrun for example_bash_operator to 2025-11-12 00:00:00+00:00, run_after=2025-11-13 00:00:00+00:00
[2025-11-13T06:37:28.581+0000] {processor.py:183} INFO - Processing /home/airflow/.local/lib/python3.8/site-packages/airflow/example_dags/example_bash_operator.py took 0.134 seconds
[2025-11-13T06:37:59.330+0000] {processor.py:161} INFO - Started process (PID=1526) to work on /home/airflow/.local/lib/python3.8/site-packages/airflow/example_dags/example_bash_operator.py
[2025-11-13T06:37:59.332+0000] {processor.py:830} INFO - Processing file /home/airflow/.local/lib/python3.8/site-packages/airflow/example_dags/example_bash_operator.py for tasks to queue
[2025-11-13T06:37:59.335+0000] {logging_mixin.py:188} INFO - [2025-11-13T06:37:59.334+0000] {dagbag.py:538} INFO - Filling up the DagBag from /home/airflow/.local/lib/python3.8/site-packages/airflow/example_dags/example_bash_operator.py
[2025-11-13T06:37:59.355+0000] {processor.py:840} INFO - DAG(s) 'example_bash_operator' retrieved from /home/airflow/.local/lib/python3.8/site-packages/airflow/example_dags/example_bash_operator.py
[2025-11-13T06:37:59.415+0000] {logging_mixin.py:188} INFO - [2025-11-13T06:37:59.415+0000] {dag.py:3036} INFO - Sync 1 DAGs
[2025-11-13T06:37:59.462+0000] {logging_mixin.py:188} INFO - [2025-11-13T06:37:59.461+0000] {dag.py:3823} INFO - Setting next_dagrun for example_bash_operator to 2025-11-12 00:00:00+00:00, run_after=2025-11-13 00:00:00+00:00
[2025-11-13T06:37:59.498+0000] {processor.py:183} INFO - Processing /home/airflow/.local/lib/python3.8/site-packages/airflow/example_dags/example_bash_operator.py took 0.173 seconds
[2025-11-13T06:38:29.776+0000] {processor.py:161} INFO - Started process (PID=1588) to work on /home/airflow/.local/lib/python3.8/site-packages/airflow/example_dags/example_bash_operator.py
[2025-11-13T06:38:29.778+0000] {processor.py:830} INFO - Processing file /home/airflow/.local/lib/python3.8/site-packages/airflow/example_dags/example_bash_operator.py for tasks to queue
[2025-11-13T06:38:29.781+0000] {logging_mixin.py:188} INFO - [2025-11-13T06:38:29.780+0000] {dagbag.py:538} INFO - Filling up the DagBag from /home/airflow/.local/lib/python3.8/site-packages/airflow/example_dags/example_bash_operator.py
[2025-11-13T06:38:29.795+0000] {processor.py:840} INFO - DAG(s) 'example_bash_operator' retrieved from /home/airflow/.local/lib/python3.8/site-packages/airflow/example_dags/example_bash_operator.py
[2025-11-13T06:38:29.830+0000] {logging_mixin.py:188} INFO - [2025-11-13T06:38:29.829+0000] {dag.py:3036} INFO - Sync 1 DAGs
[2025-11-13T06:38:29.855+0000] {logging_mixin.py:188} INFO - [2025-11-13T06:38:29.855+0000] {dag.py:3823} INFO - Setting next_dagrun for example_bash_operator to 2025-11-12 00:00:00+00:00, run_after=2025-11-13 00:00:00+00:00
[2025-11-13T06:38:29.880+0000] {processor.py:183} INFO - Processing /home/airflow/.local/lib/python3.8/site-packages/airflow/example_dags/example_bash_operator.py took 0.108 seconds
[2025-11-13T06:38:59.928+0000] {processor.py:161} INFO - Started process (PID=1648) to work on /home/airflow/.local/lib/python3.8/site-packages/airflow/example_dags/example_bash_operator.py
[2025-11-13T06:38:59.929+0000] {processor.py:830} INFO - Processing file /home/airflow/.local/lib/python3.8/site-packages/airflow/example_dags/example_bash_operator.py for tasks to queue
[2025-11-13T06:38:59.932+0000] {logging_mixin.py:188} INFO - [2025-11-13T06:38:59.931+0000] {dagbag.py:538} INFO - Filling up the DagBag from /home/airflow/.local/lib/python3.8/site-packages/airflow/example_dags/example_bash_operator.py
[2025-11-13T06:38:59.946+0000] {processor.py:840} INFO - DAG(s) 'example_bash_operator' retrieved from /home/airflow/.local/lib/python3.8/site-packages/airflow/example_dags/example_bash_operator.py
[2025-11-13T06:38:59.979+0000] {logging_mixin.py:188} INFO - [2025-11-13T06:38:59.978+0000] {dag.py:3036} INFO - Sync 1 DAGs
[2025-11-13T06:39:00.009+0000] {logging_mixin.py:188} INFO - [2025-11-13T06:39:00.008+0000] {dag.py:3823} INFO - Setting next_dagrun for example_bash_operator to 2025-11-12 00:00:00+00:00, run_after=2025-11-13 00:00:00+00:00
[2025-11-13T06:39:00.039+0000] {processor.py:183} INFO - Processing /home/airflow/.local/lib/python3.8/site-packages/airflow/example_dags/example_bash_operator.py took 0.115 seconds
[2025-11-13T06:39:31.063+0000] {processor.py:161} INFO - Started process (PID=1710) to work on /home/airflow/.local/lib/python3.8/site-packages/airflow/example_dags/example_bash_operator.py
[2025-11-13T06:39:31.065+0000] {processor.py:830} INFO - Processing file /home/airflow/.local/lib/python3.8/site-packages/airflow/example_dags/example_bash_operator.py for tasks to queue
[2025-11-13T06:39:31.067+0000] {logging_mixin.py:188} INFO - [2025-11-13T06:39:31.067+0000] {dagbag.py:538} INFO - Filling up the DagBag from /home/airflow/.local/lib/python3.8/site-packages/airflow/example_dags/example_bash_operator.py
[2025-11-13T06:39:31.082+0000] {processor.py:840} INFO - DAG(s) 'example_bash_operator' retrieved from /home/airflow/.local/lib/python3.8/site-packages/airflow/example_dags/example_bash_operator.py
[2025-11-13T06:39:31.122+0000] {logging_mixin.py:188} INFO - [2025-11-13T06:39:31.122+0000] {dag.py:3036} INFO - Sync 1 DAGs
[2025-11-13T06:39:31.150+0000] {logging_mixin.py:188} INFO - [2025-11-13T06:39:31.150+0000] {dag.py:3823} INFO - Setting next_dagrun for example_bash_operator to 2025-11-12 00:00:00+00:00, run_after=2025-11-13 00:00:00+00:00
[2025-11-13T06:39:31.180+0000] {processor.py:183} INFO - Processing /home/airflow/.local/lib/python3.8/site-packages/airflow/example_dags/example_bash_operator.py took 0.120 seconds
[2025-11-13T06:40:02.191+0000] {processor.py:161} INFO - Started process (PID=1772) to work on /home/airflow/.local/lib/python3.8/site-packages/airflow/example_dags/example_bash_operator.py
[2025-11-13T06:40:02.195+0000] {processor.py:830} INFO - Processing file /home/airflow/.local/lib/python3.8/site-packages/airflow/example_dags/example_bash_operator.py for tasks to queue
[2025-11-13T06:40:02.208+0000] {logging_mixin.py:188} INFO - [2025-11-13T06:40:02.203+0000] {dagbag.py:538} INFO - Filling up the DagBag from /home/airflow/.local/lib/python3.8/site-packages/airflow/example_dags/example_bash_operator.py
[2025-11-13T06:40:02.260+0000] {processor.py:840} INFO - DAG(s) 'example_bash_operator' retrieved from /home/airflow/.local/lib/python3.8/site-packages/airflow/example_dags/example_bash_operator.py
[2025-11-13T06:40:02.384+0000] {logging_mixin.py:188} INFO - [2025-11-13T06:40:02.383+0000] {dag.py:3036} INFO - Sync 1 DAGs
[2025-11-13T06:40:02.510+0000] {logging_mixin.py:188} INFO - [2025-11-13T06:40:02.510+0000] {dag.py:3823} INFO - Setting next_dagrun for example_bash_operator to 2025-11-12 00:00:00+00:00, run_after=2025-11-13 00:00:00+00:00
[2025-11-13T06:40:02.602+0000] {processor.py:183} INFO - Processing /home/airflow/.local/lib/python3.8/site-packages/airflow/example_dags/example_bash_operator.py took 0.433 seconds
[2025-11-13T06:40:33.320+0000] {processor.py:161} INFO - Started process (PID=1834) to work on /home/airflow/.local/lib/python3.8/site-packages/airflow/example_dags/example_bash_operator.py
[2025-11-13T06:40:33.322+0000] {processor.py:830} INFO - Processing file /home/airflow/.local/lib/python3.8/site-packages/airflow/example_dags/example_bash_operator.py for tasks to queue
[2025-11-13T06:40:33.326+0000] {logging_mixin.py:188} INFO - [2025-11-13T06:40:33.325+0000] {dagbag.py:538} INFO - Filling up the DagBag from /home/airflow/.local/lib/python3.8/site-packages/airflow/example_dags/example_bash_operator.py
[2025-11-13T06:40:33.361+0000] {processor.py:840} INFO - DAG(s) 'example_bash_operator' retrieved from /home/airflow/.local/lib/python3.8/site-packages/airflow/example_dags/example_bash_operator.py
[2025-11-13T06:40:33.420+0000] {logging_mixin.py:188} INFO - [2025-11-13T06:40:33.419+0000] {dag.py:3036} INFO - Sync 1 DAGs
[2025-11-13T06:40:33.479+0000] {logging_mixin.py:188} INFO - [2025-11-13T06:40:33.479+0000] {dag.py:3823} INFO - Setting next_dagrun for example_bash_operator to 2025-11-12 00:00:00+00:00, run_after=2025-11-13 00:00:00+00:00
[2025-11-13T06:40:33.523+0000] {processor.py:183} INFO - Processing /home/airflow/.local/lib/python3.8/site-packages/airflow/example_dags/example_bash_operator.py took 0.211 seconds
[2025-11-13T06:41:04.037+0000] {processor.py:161} INFO - Started process (PID=1896) to work on /home/airflow/.local/lib/python3.8/site-packages/airflow/example_dags/example_bash_operator.py
[2025-11-13T06:41:04.038+0000] {processor.py:830} INFO - Processing file /home/airflow/.local/lib/python3.8/site-packages/airflow/example_dags/example_bash_operator.py for tasks to queue
[2025-11-13T06:41:04.042+0000] {logging_mixin.py:188} INFO - [2025-11-13T06:41:04.041+0000] {dagbag.py:538} INFO - Filling up the DagBag from /home/airflow/.local/lib/python3.8/site-packages/airflow/example_dags/example_bash_operator.py
[2025-11-13T06:41:04.064+0000] {processor.py:840} INFO - DAG(s) 'example_bash_operator' retrieved from /home/airflow/.local/lib/python3.8/site-packages/airflow/example_dags/example_bash_operator.py
[2025-11-13T06:41:04.118+0000] {logging_mixin.py:188} INFO - [2025-11-13T06:41:04.117+0000] {dag.py:3036} INFO - Sync 1 DAGs
[2025-11-13T06:41:04.162+0000] {logging_mixin.py:188} INFO - [2025-11-13T06:41:04.161+0000] {dag.py:3823} INFO - Setting next_dagrun for example_bash_operator to 2025-11-12 00:00:00+00:00, run_after=2025-11-13 00:00:00+00:00
[2025-11-13T06:41:04.203+0000] {processor.py:183} INFO - Processing /home/airflow/.local/lib/python3.8/site-packages/airflow/example_dags/example_bash_operator.py took 0.172 seconds
[2025-11-13T06:41:34.918+0000] {processor.py:161} INFO - Started process (PID=1958) to work on /home/airflow/.local/lib/python3.8/site-packages/airflow/example_dags/example_bash_operator.py
[2025-11-13T06:41:34.919+0000] {processor.py:830} INFO - Processing file /home/airflow/.local/lib/python3.8/site-packages/airflow/example_dags/example_bash_operator.py for tasks to queue
[2025-11-13T06:41:34.923+0000] {logging_mixin.py:188} INFO - [2025-11-13T06:41:34.922+0000] {dagbag.py:538} INFO - Filling up the DagBag from /home/airflow/.local/lib/python3.8/site-packages/airflow/example_dags/example_bash_operator.py
[2025-11-13T06:41:34.937+0000] {processor.py:840} INFO - DAG(s) 'example_bash_operator' retrieved from /home/airflow/.local/lib/python3.8/site-packages/airflow/example_dags/example_bash_operator.py
[2025-11-13T06:41:35.041+0000] {logging_mixin.py:188} INFO - [2025-11-13T06:41:35.040+0000] {dag.py:3036} INFO - Sync 1 DAGs
[2025-11-13T06:41:35.077+0000] {logging_mixin.py:188} INFO - [2025-11-13T06:41:35.077+0000] {dag.py:3823} INFO - Setting next_dagrun for example_bash_operator to 2025-11-12 00:00:00+00:00, run_after=2025-11-13 00:00:00+00:00
[2025-11-13T06:41:35.104+0000] {processor.py:183} INFO - Processing /home/airflow/.local/lib/python3.8/site-packages/airflow/example_dags/example_bash_operator.py took 0.191 seconds
[2025-11-13T06:42:05.872+0000] {processor.py:161} INFO - Started process (PID=2020) to work on /home/airflow/.local/lib/python3.8/site-packages/airflow/example_dags/example_bash_operator.py
[2025-11-13T06:42:05.874+0000] {processor.py:830} INFO - Processing file /home/airflow/.local/lib/python3.8/site-packages/airflow/example_dags/example_bash_operator.py for tasks to queue
[2025-11-13T06:42:05.878+0000] {logging_mixin.py:188} INFO - [2025-11-13T06:42:05.878+0000] {dagbag.py:538} INFO - Filling up the DagBag from /home/airflow/.local/lib/python3.8/site-packages/airflow/example_dags/example_bash_operator.py
[2025-11-13T06:42:05.902+0000] {processor.py:840} INFO - DAG(s) 'example_bash_operator' retrieved from /home/airflow/.local/lib/python3.8/site-packages/airflow/example_dags/example_bash_operator.py
[2025-11-13T06:42:05.952+0000] {logging_mixin.py:188} INFO - [2025-11-13T06:42:05.951+0000] {dag.py:3036} INFO - Sync 1 DAGs
[2025-11-13T06:42:05.995+0000] {logging_mixin.py:188} INFO - [2025-11-13T06:42:05.995+0000] {dag.py:3823} INFO - Setting next_dagrun for example_bash_operator to 2025-11-12 00:00:00+00:00, run_after=2025-11-13 00:00:00+00:00
[2025-11-13T06:42:06.032+0000] {processor.py:183} INFO - Processing /home/airflow/.local/lib/python3.8/site-packages/airflow/example_dags/example_bash_operator.py took 0.168 seconds
[2025-11-13T06:42:36.214+0000] {processor.py:161} INFO - Started process (PID=2082) to work on /home/airflow/.local/lib/python3.8/site-packages/airflow/example_dags/example_bash_operator.py
[2025-11-13T06:42:36.216+0000] {processor.py:830} INFO - Processing file /home/airflow/.local/lib/python3.8/site-packages/airflow/example_dags/example_bash_operator.py for tasks to queue
[2025-11-13T06:42:36.218+0000] {logging_mixin.py:188} INFO - [2025-11-13T06:42:36.218+0000] {dagbag.py:538} INFO - Filling up the DagBag from /home/airflow/.local/lib/python3.8/site-packages/airflow/example_dags/example_bash_operator.py
[2025-11-13T06:42:36.234+0000] {processor.py:840} INFO - DAG(s) 'example_bash_operator' retrieved from /home/airflow/.local/lib/python3.8/site-packages/airflow/example_dags/example_bash_operator.py
[2025-11-13T06:42:36.272+0000] {logging_mixin.py:188} INFO - [2025-11-13T06:42:36.271+0000] {dag.py:3036} INFO - Sync 1 DAGs
[2025-11-13T06:42:36.302+0000] {logging_mixin.py:188} INFO - [2025-11-13T06:42:36.301+0000] {dag.py:3823} INFO - Setting next_dagrun for example_bash_operator to 2025-11-12 00:00:00+00:00, run_after=2025-11-13 00:00:00+00:00
[2025-11-13T06:42:36.328+0000] {processor.py:183} INFO - Processing /home/airflow/.local/lib/python3.8/site-packages/airflow/example_dags/example_bash_operator.py took 0.119 seconds
[2025-11-13T06:43:07.229+0000] {processor.py:161} INFO - Started process (PID=2144) to work on /home/airflow/.local/lib/python3.8/site-packages/airflow/example_dags/example_bash_operator.py
[2025-11-13T06:43:07.231+0000] {processor.py:830} INFO - Processing file /home/airflow/.local/lib/python3.8/site-packages/airflow/example_dags/example_bash_operator.py for tasks to queue
[2025-11-13T06:43:07.234+0000] {logging_mixin.py:188} INFO - [2025-11-13T06:43:07.234+0000] {dagbag.py:538} INFO - Filling up the DagBag from /home/airflow/.local/lib/python3.8/site-packages/airflow/example_dags/example_bash_operator.py
[2025-11-13T06:43:07.249+0000] {processor.py:840} INFO - DAG(s) 'example_bash_operator' retrieved from /home/airflow/.local/lib/python3.8/site-packages/airflow/example_dags/example_bash_operator.py
[2025-11-13T06:43:07.283+0000] {logging_mixin.py:188} INFO - [2025-11-13T06:43:07.283+0000] {dag.py:3036} INFO - Sync 1 DAGs
[2025-11-13T06:43:07.312+0000] {logging_mixin.py:188} INFO - [2025-11-13T06:43:07.312+0000] {dag.py:3823} INFO - Setting next_dagrun for example_bash_operator to 2025-11-12 00:00:00+00:00, run_after=2025-11-13 00:00:00+00:00
[2025-11-13T06:43:07.338+0000] {processor.py:183} INFO - Processing /home/airflow/.local/lib/python3.8/site-packages/airflow/example_dags/example_bash_operator.py took 0.114 seconds
[2025-11-13T06:43:37.630+0000] {processor.py:161} INFO - Started process (PID=2207) to work on /home/airflow/.local/lib/python3.8/site-packages/airflow/example_dags/example_bash_operator.py
[2025-11-13T06:43:37.631+0000] {processor.py:830} INFO - Processing file /home/airflow/.local/lib/python3.8/site-packages/airflow/example_dags/example_bash_operator.py for tasks to queue
[2025-11-13T06:43:37.634+0000] {logging_mixin.py:188} INFO - [2025-11-13T06:43:37.633+0000] {dagbag.py:538} INFO - Filling up the DagBag from /home/airflow/.local/lib/python3.8/site-packages/airflow/example_dags/example_bash_operator.py
[2025-11-13T06:43:37.649+0000] {processor.py:840} INFO - DAG(s) 'example_bash_operator' retrieved from /home/airflow/.local/lib/python3.8/site-packages/airflow/example_dags/example_bash_operator.py
[2025-11-13T06:43:37.686+0000] {logging_mixin.py:188} INFO - [2025-11-13T06:43:37.685+0000] {dag.py:3036} INFO - Sync 1 DAGs
[2025-11-13T06:43:37.713+0000] {logging_mixin.py:188} INFO - [2025-11-13T06:43:37.712+0000] {dag.py:3823} INFO - Setting next_dagrun for example_bash_operator to 2025-11-12 00:00:00+00:00, run_after=2025-11-13 00:00:00+00:00
[2025-11-13T06:43:37.741+0000] {processor.py:183} INFO - Processing /home/airflow/.local/lib/python3.8/site-packages/airflow/example_dags/example_bash_operator.py took 0.116 seconds
[2025-11-13T06:44:08.516+0000] {processor.py:161} INFO - Started process (PID=2269) to work on /home/airflow/.local/lib/python3.8/site-packages/airflow/example_dags/example_bash_operator.py
[2025-11-13T06:44:08.519+0000] {processor.py:830} INFO - Processing file /home/airflow/.local/lib/python3.8/site-packages/airflow/example_dags/example_bash_operator.py for tasks to queue
[2025-11-13T06:44:08.524+0000] {logging_mixin.py:188} INFO - [2025-11-13T06:44:08.524+0000] {dagbag.py:538} INFO - Filling up the DagBag from /home/airflow/.local/lib/python3.8/site-packages/airflow/example_dags/example_bash_operator.py
[2025-11-13T06:44:08.579+0000] {processor.py:840} INFO - DAG(s) 'example_bash_operator' retrieved from /home/airflow/.local/lib/python3.8/site-packages/airflow/example_dags/example_bash_operator.py
[2025-11-13T06:44:08.749+0000] {logging_mixin.py:188} INFO - [2025-11-13T06:44:08.748+0000] {dag.py:3036} INFO - Sync 1 DAGs
[2025-11-13T06:44:08.894+0000] {logging_mixin.py:188} INFO - [2025-11-13T06:44:08.893+0000] {dag.py:3823} INFO - Setting next_dagrun for example_bash_operator to 2025-11-12 00:00:00+00:00, run_after=2025-11-13 00:00:00+00:00
[2025-11-13T06:44:08.990+0000] {processor.py:183} INFO - Processing /home/airflow/.local/lib/python3.8/site-packages/airflow/example_dags/example_bash_operator.py took 0.492 seconds
[2025-11-13T06:44:39.853+0000] {processor.py:161} INFO - Started process (PID=2331) to work on /home/airflow/.local/lib/python3.8/site-packages/airflow/example_dags/example_bash_operator.py
[2025-11-13T06:44:39.861+0000] {processor.py:830} INFO - Processing file /home/airflow/.local/lib/python3.8/site-packages/airflow/example_dags/example_bash_operator.py for tasks to queue
[2025-11-13T06:44:39.870+0000] {logging_mixin.py:188} INFO - [2025-11-13T06:44:39.869+0000] {dagbag.py:538} INFO - Filling up the DagBag from /home/airflow/.local/lib/python3.8/site-packages/airflow/example_dags/example_bash_operator.py
[2025-11-13T06:44:39.939+0000] {processor.py:840} INFO - DAG(s) 'example_bash_operator' retrieved from /home/airflow/.local/lib/python3.8/site-packages/airflow/example_dags/example_bash_operator.py
[2025-11-13T06:44:40.092+0000] {logging_mixin.py:188} INFO - [2025-11-13T06:44:40.091+0000] {dag.py:3036} INFO - Sync 1 DAGs
[2025-11-13T06:44:40.244+0000] {logging_mixin.py:188} INFO - [2025-11-13T06:44:40.243+0000] {dag.py:3823} INFO - Setting next_dagrun for example_bash_operator to 2025-11-12 00:00:00+00:00, run_after=2025-11-13 00:00:00+00:00
[2025-11-13T06:44:40.341+0000] {processor.py:183} INFO - Processing /home/airflow/.local/lib/python3.8/site-packages/airflow/example_dags/example_bash_operator.py took 0.512 seconds
[2025-11-13T06:45:11.036+0000] {processor.py:161} INFO - Started process (PID=2393) to work on /home/airflow/.local/lib/python3.8/site-packages/airflow/example_dags/example_bash_operator.py
[2025-11-13T06:45:11.037+0000] {processor.py:830} INFO - Processing file /home/airflow/.local/lib/python3.8/site-packages/airflow/example_dags/example_bash_operator.py for tasks to queue
[2025-11-13T06:45:11.040+0000] {logging_mixin.py:188} INFO - [2025-11-13T06:45:11.040+0000] {dagbag.py:538} INFO - Filling up the DagBag from /home/airflow/.local/lib/python3.8/site-packages/airflow/example_dags/example_bash_operator.py
[2025-11-13T06:45:11.055+0000] {processor.py:840} INFO - DAG(s) 'example_bash_operator' retrieved from /home/airflow/.local/lib/python3.8/site-packages/airflow/example_dags/example_bash_operator.py
[2025-11-13T06:45:11.095+0000] {logging_mixin.py:188} INFO - [2025-11-13T06:45:11.094+0000] {dag.py:3036} INFO - Sync 1 DAGs
[2025-11-13T06:45:11.126+0000] {logging_mixin.py:188} INFO - [2025-11-13T06:45:11.125+0000] {dag.py:3823} INFO - Setting next_dagrun for example_bash_operator to 2025-11-12 00:00:00+00:00, run_after=2025-11-13 00:00:00+00:00
[2025-11-13T06:45:11.153+0000] {processor.py:183} INFO - Processing /home/airflow/.local/lib/python3.8/site-packages/airflow/example_dags/example_bash_operator.py took 0.123 seconds
[2025-11-13T06:45:41.760+0000] {processor.py:161} INFO - Started process (PID=2455) to work on /home/airflow/.local/lib/python3.8/site-packages/airflow/example_dags/example_bash_operator.py
[2025-11-13T06:45:41.762+0000] {processor.py:830} INFO - Processing file /home/airflow/.local/lib/python3.8/site-packages/airflow/example_dags/example_bash_operator.py for tasks to queue
[2025-11-13T06:45:41.765+0000] {logging_mixin.py:188} INFO - [2025-11-13T06:45:41.764+0000] {dagbag.py:538} INFO - Filling up the DagBag from /home/airflow/.local/lib/python3.8/site-packages/airflow/example_dags/example_bash_operator.py
[2025-11-13T06:45:41.785+0000] {processor.py:840} INFO - DAG(s) 'example_bash_operator' retrieved from /home/airflow/.local/lib/python3.8/site-packages/airflow/example_dags/example_bash_operator.py
[2025-11-13T06:45:41.830+0000] {logging_mixin.py:188} INFO - [2025-11-13T06:45:41.830+0000] {dag.py:3036} INFO - Sync 1 DAGs
[2025-11-13T06:45:41.873+0000] {logging_mixin.py:188} INFO - [2025-11-13T06:45:41.873+0000] {dag.py:3823} INFO - Setting next_dagrun for example_bash_operator to 2025-11-12 00:00:00+00:00, run_after=2025-11-13 00:00:00+00:00
[2025-11-13T06:45:41.905+0000] {processor.py:183} INFO - Processing /home/airflow/.local/lib/python3.8/site-packages/airflow/example_dags/example_bash_operator.py took 0.150 seconds
[2025-11-13T06:46:12.209+0000] {processor.py:161} INFO - Started process (PID=2518) to work on /home/airflow/.local/lib/python3.8/site-packages/airflow/example_dags/example_bash_operator.py
[2025-11-13T06:46:12.211+0000] {processor.py:830} INFO - Processing file /home/airflow/.local/lib/python3.8/site-packages/airflow/example_dags/example_bash_operator.py for tasks to queue
[2025-11-13T06:46:12.214+0000] {logging_mixin.py:188} INFO - [2025-11-13T06:46:12.214+0000] {dagbag.py:538} INFO - Filling up the DagBag from /home/airflow/.local/lib/python3.8/site-packages/airflow/example_dags/example_bash_operator.py
[2025-11-13T06:46:12.229+0000] {processor.py:840} INFO - DAG(s) 'example_bash_operator' retrieved from /home/airflow/.local/lib/python3.8/site-packages/airflow/example_dags/example_bash_operator.py
[2025-11-13T06:46:12.278+0000] {logging_mixin.py:188} INFO - [2025-11-13T06:46:12.277+0000] {dag.py:3036} INFO - Sync 1 DAGs
[2025-11-13T06:46:12.326+0000] {logging_mixin.py:188} INFO - [2025-11-13T06:46:12.326+0000] {dag.py:3823} INFO - Setting next_dagrun for example_bash_operator to 2025-11-12 00:00:00+00:00, run_after=2025-11-13 00:00:00+00:00
[2025-11-13T06:46:12.369+0000] {processor.py:183} INFO - Processing /home/airflow/.local/lib/python3.8/site-packages/airflow/example_dags/example_bash_operator.py took 0.164 seconds
[2025-11-13T06:46:43.069+0000] {processor.py:161} INFO - Started process (PID=2581) to work on /home/airflow/.local/lib/python3.8/site-packages/airflow/example_dags/example_bash_operator.py
[2025-11-13T06:46:43.071+0000] {processor.py:830} INFO - Processing file /home/airflow/.local/lib/python3.8/site-packages/airflow/example_dags/example_bash_operator.py for tasks to queue
[2025-11-13T06:46:43.074+0000] {logging_mixin.py:188} INFO - [2025-11-13T06:46:43.074+0000] {dagbag.py:538} INFO - Filling up the DagBag from /home/airflow/.local/lib/python3.8/site-packages/airflow/example_dags/example_bash_operator.py
[2025-11-13T06:46:43.091+0000] {processor.py:840} INFO - DAG(s) 'example_bash_operator' retrieved from /home/airflow/.local/lib/python3.8/site-packages/airflow/example_dags/example_bash_operator.py
[2025-11-13T06:46:43.133+0000] {logging_mixin.py:188} INFO - [2025-11-13T06:46:43.133+0000] {dag.py:3036} INFO - Sync 1 DAGs
[2025-11-13T06:46:43.169+0000] {logging_mixin.py:188} INFO - [2025-11-13T06:46:43.169+0000] {dag.py:3823} INFO - Setting next_dagrun for example_bash_operator to 2025-11-12 00:00:00+00:00, run_after=2025-11-13 00:00:00+00:00
[2025-11-13T06:46:43.200+0000] {processor.py:183} INFO - Processing /home/airflow/.local/lib/python3.8/site-packages/airflow/example_dags/example_bash_operator.py took 0.136 seconds
[2025-11-13T06:47:13.765+0000] {processor.py:161} INFO - Started process (PID=2643) to work on /home/airflow/.local/lib/python3.8/site-packages/airflow/example_dags/example_bash_operator.py
[2025-11-13T06:47:13.767+0000] {processor.py:830} INFO - Processing file /home/airflow/.local/lib/python3.8/site-packages/airflow/example_dags/example_bash_operator.py for tasks to queue
[2025-11-13T06:47:13.770+0000] {logging_mixin.py:188} INFO - [2025-11-13T06:47:13.770+0000] {dagbag.py:538} INFO - Filling up the DagBag from /home/airflow/.local/lib/python3.8/site-packages/airflow/example_dags/example_bash_operator.py
[2025-11-13T06:47:13.790+0000] {processor.py:840} INFO - DAG(s) 'example_bash_operator' retrieved from /home/airflow/.local/lib/python3.8/site-packages/airflow/example_dags/example_bash_operator.py
[2025-11-13T06:47:13.837+0000] {logging_mixin.py:188} INFO - [2025-11-13T06:47:13.837+0000] {dag.py:3036} INFO - Sync 1 DAGs
[2025-11-13T06:47:13.874+0000] {logging_mixin.py:188} INFO - [2025-11-13T06:47:13.874+0000] {dag.py:3823} INFO - Setting next_dagrun for example_bash_operator to 2025-11-12 00:00:00+00:00, run_after=2025-11-13 00:00:00+00:00
[2025-11-13T06:47:14.102+0000] {processor.py:183} INFO - Processing /home/airflow/.local/lib/python3.8/site-packages/airflow/example_dags/example_bash_operator.py took 0.342 seconds
[2025-11-13T06:47:44.622+0000] {processor.py:161} INFO - Started process (PID=2706) to work on /home/airflow/.local/lib/python3.8/site-packages/airflow/example_dags/example_bash_operator.py
[2025-11-13T06:47:44.624+0000] {processor.py:830} INFO - Processing file /home/airflow/.local/lib/python3.8/site-packages/airflow/example_dags/example_bash_operator.py for tasks to queue
[2025-11-13T06:47:44.628+0000] {logging_mixin.py:188} INFO - [2025-11-13T06:47:44.627+0000] {dagbag.py:538} INFO - Filling up the DagBag from /home/airflow/.local/lib/python3.8/site-packages/airflow/example_dags/example_bash_operator.py
[2025-11-13T06:47:44.654+0000] {processor.py:840} INFO - DAG(s) 'example_bash_operator' retrieved from /home/airflow/.local/lib/python3.8/site-packages/airflow/example_dags/example_bash_operator.py
[2025-11-13T06:47:44.711+0000] {logging_mixin.py:188} INFO - [2025-11-13T06:47:44.710+0000] {dag.py:3036} INFO - Sync 1 DAGs
[2025-11-13T06:47:44.770+0000] {logging_mixin.py:188} INFO - [2025-11-13T06:47:44.769+0000] {dag.py:3823} INFO - Setting next_dagrun for example_bash_operator to 2025-11-12 00:00:00+00:00, run_after=2025-11-13 00:00:00+00:00
[2025-11-13T06:47:44.813+0000] {processor.py:183} INFO - Processing /home/airflow/.local/lib/python3.8/site-packages/airflow/example_dags/example_bash_operator.py took 0.199 seconds
[2025-11-13T06:48:15.466+0000] {processor.py:161} INFO - Started process (PID=2768) to work on /home/airflow/.local/lib/python3.8/site-packages/airflow/example_dags/example_bash_operator.py
[2025-11-13T06:48:15.470+0000] {processor.py:830} INFO - Processing file /home/airflow/.local/lib/python3.8/site-packages/airflow/example_dags/example_bash_operator.py for tasks to queue
[2025-11-13T06:48:15.476+0000] {logging_mixin.py:188} INFO - [2025-11-13T06:48:15.475+0000] {dagbag.py:538} INFO - Filling up the DagBag from /home/airflow/.local/lib/python3.8/site-packages/airflow/example_dags/example_bash_operator.py
[2025-11-13T06:48:15.525+0000] {processor.py:840} INFO - DAG(s) 'example_bash_operator' retrieved from /home/airflow/.local/lib/python3.8/site-packages/airflow/example_dags/example_bash_operator.py
[2025-11-13T06:48:15.621+0000] {logging_mixin.py:188} INFO - [2025-11-13T06:48:15.621+0000] {dag.py:3036} INFO - Sync 1 DAGs
[2025-11-13T06:48:15.705+0000] {logging_mixin.py:188} INFO - [2025-11-13T06:48:15.704+0000] {dag.py:3823} INFO - Setting next_dagrun for example_bash_operator to 2025-11-12 00:00:00+00:00, run_after=2025-11-13 00:00:00+00:00
[2025-11-13T06:48:15.777+0000] {processor.py:183} INFO - Processing /home/airflow/.local/lib/python3.8/site-packages/airflow/example_dags/example_bash_operator.py took 0.322 seconds
[2025-11-13T06:48:46.223+0000] {processor.py:161} INFO - Started process (PID=2830) to work on /home/airflow/.local/lib/python3.8/site-packages/airflow/example_dags/example_bash_operator.py
[2025-11-13T06:48:46.230+0000] {processor.py:830} INFO - Processing file /home/airflow/.local/lib/python3.8/site-packages/airflow/example_dags/example_bash_operator.py for tasks to queue
[2025-11-13T06:48:46.236+0000] {logging_mixin.py:188} INFO - [2025-11-13T06:48:46.235+0000] {dagbag.py:538} INFO - Filling up the DagBag from /home/airflow/.local/lib/python3.8/site-packages/airflow/example_dags/example_bash_operator.py
[2025-11-13T06:48:46.273+0000] {processor.py:840} INFO - DAG(s) 'example_bash_operator' retrieved from /home/airflow/.local/lib/python3.8/site-packages/airflow/example_dags/example_bash_operator.py
[2025-11-13T06:48:46.448+0000] {logging_mixin.py:188} INFO - [2025-11-13T06:48:46.448+0000] {dag.py:3036} INFO - Sync 1 DAGs
[2025-11-13T06:48:46.558+0000] {logging_mixin.py:188} INFO - [2025-11-13T06:48:46.556+0000] {dag.py:3823} INFO - Setting next_dagrun for example_bash_operator to 2025-11-12 00:00:00+00:00, run_after=2025-11-13 00:00:00+00:00
[2025-11-13T06:48:46.619+0000] {processor.py:183} INFO - Processing /home/airflow/.local/lib/python3.8/site-packages/airflow/example_dags/example_bash_operator.py took 0.407 seconds
[2025-11-13T06:49:17.102+0000] {processor.py:161} INFO - Started process (PID=2892) to work on /home/airflow/.local/lib/python3.8/site-packages/airflow/example_dags/example_bash_operator.py
[2025-11-13T06:49:17.115+0000] {processor.py:830} INFO - Processing file /home/airflow/.local/lib/python3.8/site-packages/airflow/example_dags/example_bash_operator.py for tasks to queue
[2025-11-13T06:49:17.130+0000] {logging_mixin.py:188} INFO - [2025-11-13T06:49:17.122+0000] {dagbag.py:538} INFO - Filling up the DagBag from /home/airflow/.local/lib/python3.8/site-packages/airflow/example_dags/example_bash_operator.py
[2025-11-13T06:49:17.229+0000] {processor.py:840} INFO - DAG(s) 'example_bash_operator' retrieved from /home/airflow/.local/lib/python3.8/site-packages/airflow/example_dags/example_bash_operator.py
[2025-11-13T06:49:17.468+0000] {logging_mixin.py:188} INFO - [2025-11-13T06:49:17.468+0000] {dag.py:3036} INFO - Sync 1 DAGs
[2025-11-13T06:49:17.693+0000] {logging_mixin.py:188} INFO - [2025-11-13T06:49:17.692+0000] {dag.py:3823} INFO - Setting next_dagrun for example_bash_operator to 2025-11-12 00:00:00+00:00, run_after=2025-11-13 00:00:00+00:00
[2025-11-13T06:49:17.840+0000] {processor.py:183} INFO - Processing /home/airflow/.local/lib/python3.8/site-packages/airflow/example_dags/example_bash_operator.py took 0.758 seconds
