[2025-11-13T06:26:24.043+0000] {processor.py:161} INFO - Started process (PID=117) to work on /home/airflow/.local/lib/python3.8/site-packages/airflow/example_dags/example_branch_labels.py
[2025-11-13T06:26:24.056+0000] {processor.py:830} INFO - Processing file /home/airflow/.local/lib/python3.8/site-packages/airflow/example_dags/example_branch_labels.py for tasks to queue
[2025-11-13T06:26:24.066+0000] {logging_mixin.py:188} INFO - [2025-11-13T06:26:24.065+0000] {dagbag.py:538} INFO - Filling up the DagBag from /home/airflow/.local/lib/python3.8/site-packages/airflow/example_dags/example_branch_labels.py
[2025-11-13T06:26:24.140+0000] {processor.py:840} INFO - DAG(s) 'example_branch_labels' retrieved from /home/airflow/.local/lib/python3.8/site-packages/airflow/example_dags/example_branch_labels.py
[2025-11-13T06:26:24.211+0000] {logging_mixin.py:188} INFO - [2025-11-13T06:26:24.211+0000] {dag.py:3036} INFO - Sync 1 DAGs
[2025-11-13T06:26:24.354+0000] {logging_mixin.py:188} INFO - [2025-11-13T06:26:24.353+0000] {dag.py:3823} INFO - Setting next_dagrun for example_branch_labels to 2025-11-12 00:00:00+00:00, run_after=2025-11-13 00:00:00+00:00
[2025-11-13T06:26:24.519+0000] {processor.py:183} INFO - Processing /home/airflow/.local/lib/python3.8/site-packages/airflow/example_dags/example_branch_labels.py took 0.498 seconds
[2025-11-13T06:26:55.254+0000] {processor.py:161} INFO - Started process (PID=185) to work on /home/airflow/.local/lib/python3.8/site-packages/airflow/example_dags/example_branch_labels.py
[2025-11-13T06:26:55.256+0000] {processor.py:830} INFO - Processing file /home/airflow/.local/lib/python3.8/site-packages/airflow/example_dags/example_branch_labels.py for tasks to queue
[2025-11-13T06:26:55.259+0000] {logging_mixin.py:188} INFO - [2025-11-13T06:26:55.259+0000] {dagbag.py:538} INFO - Filling up the DagBag from /home/airflow/.local/lib/python3.8/site-packages/airflow/example_dags/example_branch_labels.py
[2025-11-13T06:26:55.275+0000] {processor.py:840} INFO - DAG(s) 'example_branch_labels' retrieved from /home/airflow/.local/lib/python3.8/site-packages/airflow/example_dags/example_branch_labels.py
[2025-11-13T06:26:55.469+0000] {logging_mixin.py:188} INFO - [2025-11-13T06:26:55.469+0000] {dag.py:3036} INFO - Sync 1 DAGs
[2025-11-13T06:26:55.502+0000] {logging_mixin.py:188} INFO - [2025-11-13T06:26:55.502+0000] {dag.py:3823} INFO - Setting next_dagrun for example_branch_labels to 2025-11-12 00:00:00+00:00, run_after=2025-11-13 00:00:00+00:00
[2025-11-13T06:26:55.541+0000] {processor.py:183} INFO - Processing /home/airflow/.local/lib/python3.8/site-packages/airflow/example_dags/example_branch_labels.py took 0.294 seconds
[2025-11-13T06:27:25.678+0000] {processor.py:161} INFO - Started process (PID=247) to work on /home/airflow/.local/lib/python3.8/site-packages/airflow/example_dags/example_branch_labels.py
[2025-11-13T06:27:25.679+0000] {processor.py:830} INFO - Processing file /home/airflow/.local/lib/python3.8/site-packages/airflow/example_dags/example_branch_labels.py for tasks to queue
[2025-11-13T06:27:25.682+0000] {logging_mixin.py:188} INFO - [2025-11-13T06:27:25.682+0000] {dagbag.py:538} INFO - Filling up the DagBag from /home/airflow/.local/lib/python3.8/site-packages/airflow/example_dags/example_branch_labels.py
[2025-11-13T06:27:25.694+0000] {processor.py:840} INFO - DAG(s) 'example_branch_labels' retrieved from /home/airflow/.local/lib/python3.8/site-packages/airflow/example_dags/example_branch_labels.py
[2025-11-13T06:27:25.725+0000] {logging_mixin.py:188} INFO - [2025-11-13T06:27:25.725+0000] {dag.py:3036} INFO - Sync 1 DAGs
[2025-11-13T06:27:25.757+0000] {logging_mixin.py:188} INFO - [2025-11-13T06:27:25.757+0000] {dag.py:3823} INFO - Setting next_dagrun for example_branch_labels to 2025-11-12 00:00:00+00:00, run_after=2025-11-13 00:00:00+00:00
[2025-11-13T06:27:25.785+0000] {processor.py:183} INFO - Processing /home/airflow/.local/lib/python3.8/site-packages/airflow/example_dags/example_branch_labels.py took 0.113 seconds
[2025-11-13T06:27:55.917+0000] {processor.py:161} INFO - Started process (PID=309) to work on /home/airflow/.local/lib/python3.8/site-packages/airflow/example_dags/example_branch_labels.py
[2025-11-13T06:27:55.919+0000] {processor.py:830} INFO - Processing file /home/airflow/.local/lib/python3.8/site-packages/airflow/example_dags/example_branch_labels.py for tasks to queue
[2025-11-13T06:27:55.922+0000] {logging_mixin.py:188} INFO - [2025-11-13T06:27:55.922+0000] {dagbag.py:538} INFO - Filling up the DagBag from /home/airflow/.local/lib/python3.8/site-packages/airflow/example_dags/example_branch_labels.py
[2025-11-13T06:27:55.932+0000] {processor.py:840} INFO - DAG(s) 'example_branch_labels' retrieved from /home/airflow/.local/lib/python3.8/site-packages/airflow/example_dags/example_branch_labels.py
[2025-11-13T06:27:55.961+0000] {logging_mixin.py:188} INFO - [2025-11-13T06:27:55.960+0000] {dag.py:3036} INFO - Sync 1 DAGs
[2025-11-13T06:27:55.990+0000] {logging_mixin.py:188} INFO - [2025-11-13T06:27:55.990+0000] {dag.py:3823} INFO - Setting next_dagrun for example_branch_labels to 2025-11-12 00:00:00+00:00, run_after=2025-11-13 00:00:00+00:00
[2025-11-13T06:27:56.021+0000] {processor.py:183} INFO - Processing /home/airflow/.local/lib/python3.8/site-packages/airflow/example_dags/example_branch_labels.py took 0.108 seconds
[2025-11-13T06:28:26.716+0000] {processor.py:161} INFO - Started process (PID=372) to work on /home/airflow/.local/lib/python3.8/site-packages/airflow/example_dags/example_branch_labels.py
[2025-11-13T06:28:26.718+0000] {processor.py:830} INFO - Processing file /home/airflow/.local/lib/python3.8/site-packages/airflow/example_dags/example_branch_labels.py for tasks to queue
[2025-11-13T06:28:26.723+0000] {logging_mixin.py:188} INFO - [2025-11-13T06:28:26.722+0000] {dagbag.py:538} INFO - Filling up the DagBag from /home/airflow/.local/lib/python3.8/site-packages/airflow/example_dags/example_branch_labels.py
[2025-11-13T06:28:26.738+0000] {processor.py:840} INFO - DAG(s) 'example_branch_labels' retrieved from /home/airflow/.local/lib/python3.8/site-packages/airflow/example_dags/example_branch_labels.py
[2025-11-13T06:28:26.775+0000] {logging_mixin.py:188} INFO - [2025-11-13T06:28:26.774+0000] {dag.py:3036} INFO - Sync 1 DAGs
[2025-11-13T06:28:26.816+0000] {logging_mixin.py:188} INFO - [2025-11-13T06:28:26.816+0000] {dag.py:3823} INFO - Setting next_dagrun for example_branch_labels to 2025-11-12 00:00:00+00:00, run_after=2025-11-13 00:00:00+00:00
[2025-11-13T06:28:26.851+0000] {processor.py:183} INFO - Processing /home/airflow/.local/lib/python3.8/site-packages/airflow/example_dags/example_branch_labels.py took 0.143 seconds
[2025-11-13T06:28:57.319+0000] {processor.py:161} INFO - Started process (PID=434) to work on /home/airflow/.local/lib/python3.8/site-packages/airflow/example_dags/example_branch_labels.py
[2025-11-13T06:28:57.321+0000] {processor.py:830} INFO - Processing file /home/airflow/.local/lib/python3.8/site-packages/airflow/example_dags/example_branch_labels.py for tasks to queue
[2025-11-13T06:28:57.326+0000] {logging_mixin.py:188} INFO - [2025-11-13T06:28:57.325+0000] {dagbag.py:538} INFO - Filling up the DagBag from /home/airflow/.local/lib/python3.8/site-packages/airflow/example_dags/example_branch_labels.py
[2025-11-13T06:28:57.343+0000] {processor.py:840} INFO - DAG(s) 'example_branch_labels' retrieved from /home/airflow/.local/lib/python3.8/site-packages/airflow/example_dags/example_branch_labels.py
[2025-11-13T06:28:57.385+0000] {logging_mixin.py:188} INFO - [2025-11-13T06:28:57.385+0000] {dag.py:3036} INFO - Sync 1 DAGs
[2025-11-13T06:28:57.426+0000] {logging_mixin.py:188} INFO - [2025-11-13T06:28:57.425+0000] {dag.py:3823} INFO - Setting next_dagrun for example_branch_labels to 2025-11-12 00:00:00+00:00, run_after=2025-11-13 00:00:00+00:00
[2025-11-13T06:28:57.462+0000] {processor.py:183} INFO - Processing /home/airflow/.local/lib/python3.8/site-packages/airflow/example_dags/example_branch_labels.py took 0.153 seconds
[2025-11-13T06:29:27.589+0000] {processor.py:161} INFO - Started process (PID=496) to work on /home/airflow/.local/lib/python3.8/site-packages/airflow/example_dags/example_branch_labels.py
[2025-11-13T06:29:27.590+0000] {processor.py:830} INFO - Processing file /home/airflow/.local/lib/python3.8/site-packages/airflow/example_dags/example_branch_labels.py for tasks to queue
[2025-11-13T06:29:27.594+0000] {logging_mixin.py:188} INFO - [2025-11-13T06:29:27.594+0000] {dagbag.py:538} INFO - Filling up the DagBag from /home/airflow/.local/lib/python3.8/site-packages/airflow/example_dags/example_branch_labels.py
[2025-11-13T06:29:27.605+0000] {processor.py:840} INFO - DAG(s) 'example_branch_labels' retrieved from /home/airflow/.local/lib/python3.8/site-packages/airflow/example_dags/example_branch_labels.py
[2025-11-13T06:29:27.633+0000] {logging_mixin.py:188} INFO - [2025-11-13T06:29:27.632+0000] {dag.py:3036} INFO - Sync 1 DAGs
[2025-11-13T06:29:27.661+0000] {logging_mixin.py:188} INFO - [2025-11-13T06:29:27.661+0000] {dag.py:3823} INFO - Setting next_dagrun for example_branch_labels to 2025-11-12 00:00:00+00:00, run_after=2025-11-13 00:00:00+00:00
[2025-11-13T06:29:27.689+0000] {processor.py:183} INFO - Processing /home/airflow/.local/lib/python3.8/site-packages/airflow/example_dags/example_branch_labels.py took 0.105 seconds
[2025-11-13T06:29:58.476+0000] {processor.py:161} INFO - Started process (PID=558) to work on /home/airflow/.local/lib/python3.8/site-packages/airflow/example_dags/example_branch_labels.py
[2025-11-13T06:29:58.478+0000] {processor.py:830} INFO - Processing file /home/airflow/.local/lib/python3.8/site-packages/airflow/example_dags/example_branch_labels.py for tasks to queue
[2025-11-13T06:29:58.481+0000] {logging_mixin.py:188} INFO - [2025-11-13T06:29:58.481+0000] {dagbag.py:538} INFO - Filling up the DagBag from /home/airflow/.local/lib/python3.8/site-packages/airflow/example_dags/example_branch_labels.py
[2025-11-13T06:29:58.494+0000] {processor.py:840} INFO - DAG(s) 'example_branch_labels' retrieved from /home/airflow/.local/lib/python3.8/site-packages/airflow/example_dags/example_branch_labels.py
[2025-11-13T06:29:58.527+0000] {logging_mixin.py:188} INFO - [2025-11-13T06:29:58.527+0000] {dag.py:3036} INFO - Sync 1 DAGs
[2025-11-13T06:29:58.565+0000] {logging_mixin.py:188} INFO - [2025-11-13T06:29:58.565+0000] {dag.py:3823} INFO - Setting next_dagrun for example_branch_labels to 2025-11-12 00:00:00+00:00, run_after=2025-11-13 00:00:00+00:00
[2025-11-13T06:29:58.601+0000] {processor.py:183} INFO - Processing /home/airflow/.local/lib/python3.8/site-packages/airflow/example_dags/example_branch_labels.py took 0.131 seconds
[2025-11-13T06:30:28.874+0000] {processor.py:161} INFO - Started process (PID=620) to work on /home/airflow/.local/lib/python3.8/site-packages/airflow/example_dags/example_branch_labels.py
[2025-11-13T06:30:28.876+0000] {processor.py:830} INFO - Processing file /home/airflow/.local/lib/python3.8/site-packages/airflow/example_dags/example_branch_labels.py for tasks to queue
[2025-11-13T06:30:28.880+0000] {logging_mixin.py:188} INFO - [2025-11-13T06:30:28.879+0000] {dagbag.py:538} INFO - Filling up the DagBag from /home/airflow/.local/lib/python3.8/site-packages/airflow/example_dags/example_branch_labels.py
[2025-11-13T06:30:28.893+0000] {processor.py:840} INFO - DAG(s) 'example_branch_labels' retrieved from /home/airflow/.local/lib/python3.8/site-packages/airflow/example_dags/example_branch_labels.py
[2025-11-13T06:30:28.928+0000] {logging_mixin.py:188} INFO - [2025-11-13T06:30:28.928+0000] {dag.py:3036} INFO - Sync 1 DAGs
[2025-11-13T06:30:28.969+0000] {logging_mixin.py:188} INFO - [2025-11-13T06:30:28.968+0000] {dag.py:3823} INFO - Setting next_dagrun for example_branch_labels to 2025-11-12 00:00:00+00:00, run_after=2025-11-13 00:00:00+00:00
[2025-11-13T06:30:29.004+0000] {processor.py:183} INFO - Processing /home/airflow/.local/lib/python3.8/site-packages/airflow/example_dags/example_branch_labels.py took 0.136 seconds
[2025-11-13T06:30:59.350+0000] {processor.py:161} INFO - Started process (PID=682) to work on /home/airflow/.local/lib/python3.8/site-packages/airflow/example_dags/example_branch_labels.py
[2025-11-13T06:30:59.352+0000] {processor.py:830} INFO - Processing file /home/airflow/.local/lib/python3.8/site-packages/airflow/example_dags/example_branch_labels.py for tasks to queue
[2025-11-13T06:30:59.356+0000] {logging_mixin.py:188} INFO - [2025-11-13T06:30:59.356+0000] {dagbag.py:538} INFO - Filling up the DagBag from /home/airflow/.local/lib/python3.8/site-packages/airflow/example_dags/example_branch_labels.py
[2025-11-13T06:30:59.370+0000] {processor.py:840} INFO - DAG(s) 'example_branch_labels' retrieved from /home/airflow/.local/lib/python3.8/site-packages/airflow/example_dags/example_branch_labels.py
[2025-11-13T06:30:59.411+0000] {logging_mixin.py:188} INFO - [2025-11-13T06:30:59.411+0000] {dag.py:3036} INFO - Sync 1 DAGs
[2025-11-13T06:30:59.452+0000] {logging_mixin.py:188} INFO - [2025-11-13T06:30:59.451+0000] {dag.py:3823} INFO - Setting next_dagrun for example_branch_labels to 2025-11-12 00:00:00+00:00, run_after=2025-11-13 00:00:00+00:00
[2025-11-13T06:30:59.483+0000] {processor.py:183} INFO - Processing /home/airflow/.local/lib/python3.8/site-packages/airflow/example_dags/example_branch_labels.py took 0.139 seconds
[2025-11-13T06:31:30.387+0000] {processor.py:161} INFO - Started process (PID=744) to work on /home/airflow/.local/lib/python3.8/site-packages/airflow/example_dags/example_branch_labels.py
[2025-11-13T06:31:30.389+0000] {processor.py:830} INFO - Processing file /home/airflow/.local/lib/python3.8/site-packages/airflow/example_dags/example_branch_labels.py for tasks to queue
[2025-11-13T06:31:30.392+0000] {logging_mixin.py:188} INFO - [2025-11-13T06:31:30.392+0000] {dagbag.py:538} INFO - Filling up the DagBag from /home/airflow/.local/lib/python3.8/site-packages/airflow/example_dags/example_branch_labels.py
[2025-11-13T06:31:30.406+0000] {processor.py:840} INFO - DAG(s) 'example_branch_labels' retrieved from /home/airflow/.local/lib/python3.8/site-packages/airflow/example_dags/example_branch_labels.py
[2025-11-13T06:31:30.442+0000] {logging_mixin.py:188} INFO - [2025-11-13T06:31:30.442+0000] {dag.py:3036} INFO - Sync 1 DAGs
[2025-11-13T06:31:30.479+0000] {logging_mixin.py:188} INFO - [2025-11-13T06:31:30.479+0000] {dag.py:3823} INFO - Setting next_dagrun for example_branch_labels to 2025-11-12 00:00:00+00:00, run_after=2025-11-13 00:00:00+00:00
[2025-11-13T06:31:30.508+0000] {processor.py:183} INFO - Processing /home/airflow/.local/lib/python3.8/site-packages/airflow/example_dags/example_branch_labels.py took 0.129 seconds
[2025-11-13T06:32:00.699+0000] {processor.py:161} INFO - Started process (PID=806) to work on /home/airflow/.local/lib/python3.8/site-packages/airflow/example_dags/example_branch_labels.py
[2025-11-13T06:32:00.701+0000] {processor.py:830} INFO - Processing file /home/airflow/.local/lib/python3.8/site-packages/airflow/example_dags/example_branch_labels.py for tasks to queue
[2025-11-13T06:32:00.703+0000] {logging_mixin.py:188} INFO - [2025-11-13T06:32:00.703+0000] {dagbag.py:538} INFO - Filling up the DagBag from /home/airflow/.local/lib/python3.8/site-packages/airflow/example_dags/example_branch_labels.py
[2025-11-13T06:32:00.714+0000] {processor.py:840} INFO - DAG(s) 'example_branch_labels' retrieved from /home/airflow/.local/lib/python3.8/site-packages/airflow/example_dags/example_branch_labels.py
[2025-11-13T06:32:00.740+0000] {logging_mixin.py:188} INFO - [2025-11-13T06:32:00.739+0000] {dag.py:3036} INFO - Sync 1 DAGs
[2025-11-13T06:32:00.767+0000] {logging_mixin.py:188} INFO - [2025-11-13T06:32:00.767+0000] {dag.py:3823} INFO - Setting next_dagrun for example_branch_labels to 2025-11-12 00:00:00+00:00, run_after=2025-11-13 00:00:00+00:00
[2025-11-13T06:32:00.790+0000] {processor.py:183} INFO - Processing /home/airflow/.local/lib/python3.8/site-packages/airflow/example_dags/example_branch_labels.py took 0.096 seconds
[2025-11-13T06:32:31.854+0000] {processor.py:161} INFO - Started process (PID=868) to work on /home/airflow/.local/lib/python3.8/site-packages/airflow/example_dags/example_branch_labels.py
[2025-11-13T06:32:31.857+0000] {processor.py:830} INFO - Processing file /home/airflow/.local/lib/python3.8/site-packages/airflow/example_dags/example_branch_labels.py for tasks to queue
[2025-11-13T06:32:31.862+0000] {logging_mixin.py:188} INFO - [2025-11-13T06:32:31.861+0000] {dagbag.py:538} INFO - Filling up the DagBag from /home/airflow/.local/lib/python3.8/site-packages/airflow/example_dags/example_branch_labels.py
[2025-11-13T06:32:31.876+0000] {processor.py:840} INFO - DAG(s) 'example_branch_labels' retrieved from /home/airflow/.local/lib/python3.8/site-packages/airflow/example_dags/example_branch_labels.py
[2025-11-13T06:32:31.911+0000] {logging_mixin.py:188} INFO - [2025-11-13T06:32:31.910+0000] {dag.py:3036} INFO - Sync 1 DAGs
[2025-11-13T06:32:31.947+0000] {logging_mixin.py:188} INFO - [2025-11-13T06:32:31.947+0000] {dag.py:3823} INFO - Setting next_dagrun for example_branch_labels to 2025-11-12 00:00:00+00:00, run_after=2025-11-13 00:00:00+00:00
[2025-11-13T06:32:31.980+0000] {processor.py:183} INFO - Processing /home/airflow/.local/lib/python3.8/site-packages/airflow/example_dags/example_branch_labels.py took 0.133 seconds
[2025-11-13T06:33:02.778+0000] {processor.py:161} INFO - Started process (PID=930) to work on /home/airflow/.local/lib/python3.8/site-packages/airflow/example_dags/example_branch_labels.py
[2025-11-13T06:33:02.780+0000] {processor.py:830} INFO - Processing file /home/airflow/.local/lib/python3.8/site-packages/airflow/example_dags/example_branch_labels.py for tasks to queue
[2025-11-13T06:33:02.784+0000] {logging_mixin.py:188} INFO - [2025-11-13T06:33:02.783+0000] {dagbag.py:538} INFO - Filling up the DagBag from /home/airflow/.local/lib/python3.8/site-packages/airflow/example_dags/example_branch_labels.py
[2025-11-13T06:33:02.799+0000] {processor.py:840} INFO - DAG(s) 'example_branch_labels' retrieved from /home/airflow/.local/lib/python3.8/site-packages/airflow/example_dags/example_branch_labels.py
[2025-11-13T06:33:02.841+0000] {logging_mixin.py:188} INFO - [2025-11-13T06:33:02.840+0000] {dag.py:3036} INFO - Sync 1 DAGs
[2025-11-13T06:33:02.882+0000] {logging_mixin.py:188} INFO - [2025-11-13T06:33:02.881+0000] {dag.py:3823} INFO - Setting next_dagrun for example_branch_labels to 2025-11-12 00:00:00+00:00, run_after=2025-11-13 00:00:00+00:00
[2025-11-13T06:33:02.919+0000] {processor.py:183} INFO - Processing /home/airflow/.local/lib/python3.8/site-packages/airflow/example_dags/example_branch_labels.py took 0.147 seconds
[2025-11-13T06:33:32.992+0000] {processor.py:161} INFO - Started process (PID=992) to work on /home/airflow/.local/lib/python3.8/site-packages/airflow/example_dags/example_branch_labels.py
[2025-11-13T06:33:32.993+0000] {processor.py:830} INFO - Processing file /home/airflow/.local/lib/python3.8/site-packages/airflow/example_dags/example_branch_labels.py for tasks to queue
[2025-11-13T06:33:32.997+0000] {logging_mixin.py:188} INFO - [2025-11-13T06:33:32.996+0000] {dagbag.py:538} INFO - Filling up the DagBag from /home/airflow/.local/lib/python3.8/site-packages/airflow/example_dags/example_branch_labels.py
[2025-11-13T06:33:33.008+0000] {processor.py:840} INFO - DAG(s) 'example_branch_labels' retrieved from /home/airflow/.local/lib/python3.8/site-packages/airflow/example_dags/example_branch_labels.py
[2025-11-13T06:33:33.035+0000] {logging_mixin.py:188} INFO - [2025-11-13T06:33:33.034+0000] {dag.py:3036} INFO - Sync 1 DAGs
[2025-11-13T06:33:33.062+0000] {logging_mixin.py:188} INFO - [2025-11-13T06:33:33.062+0000] {dag.py:3823} INFO - Setting next_dagrun for example_branch_labels to 2025-11-12 00:00:00+00:00, run_after=2025-11-13 00:00:00+00:00
[2025-11-13T06:33:33.089+0000] {processor.py:183} INFO - Processing /home/airflow/.local/lib/python3.8/site-packages/airflow/example_dags/example_branch_labels.py took 0.103 seconds
[2025-11-13T06:34:03.729+0000] {processor.py:161} INFO - Started process (PID=1054) to work on /home/airflow/.local/lib/python3.8/site-packages/airflow/example_dags/example_branch_labels.py
[2025-11-13T06:34:03.731+0000] {processor.py:830} INFO - Processing file /home/airflow/.local/lib/python3.8/site-packages/airflow/example_dags/example_branch_labels.py for tasks to queue
[2025-11-13T06:34:03.738+0000] {logging_mixin.py:188} INFO - [2025-11-13T06:34:03.736+0000] {dagbag.py:538} INFO - Filling up the DagBag from /home/airflow/.local/lib/python3.8/site-packages/airflow/example_dags/example_branch_labels.py
[2025-11-13T06:34:03.758+0000] {processor.py:840} INFO - DAG(s) 'example_branch_labels' retrieved from /home/airflow/.local/lib/python3.8/site-packages/airflow/example_dags/example_branch_labels.py
[2025-11-13T06:34:03.808+0000] {logging_mixin.py:188} INFO - [2025-11-13T06:34:03.807+0000] {dag.py:3036} INFO - Sync 1 DAGs
[2025-11-13T06:34:03.864+0000] {logging_mixin.py:188} INFO - [2025-11-13T06:34:03.864+0000] {dag.py:3823} INFO - Setting next_dagrun for example_branch_labels to 2025-11-12 00:00:00+00:00, run_after=2025-11-13 00:00:00+00:00
[2025-11-13T06:34:03.919+0000] {processor.py:183} INFO - Processing /home/airflow/.local/lib/python3.8/site-packages/airflow/example_dags/example_branch_labels.py took 0.198 seconds
[2025-11-13T06:34:34.530+0000] {processor.py:161} INFO - Started process (PID=1116) to work on /home/airflow/.local/lib/python3.8/site-packages/airflow/example_dags/example_branch_labels.py
[2025-11-13T06:34:34.532+0000] {processor.py:830} INFO - Processing file /home/airflow/.local/lib/python3.8/site-packages/airflow/example_dags/example_branch_labels.py for tasks to queue
[2025-11-13T06:34:34.535+0000] {logging_mixin.py:188} INFO - [2025-11-13T06:34:34.535+0000] {dagbag.py:538} INFO - Filling up the DagBag from /home/airflow/.local/lib/python3.8/site-packages/airflow/example_dags/example_branch_labels.py
[2025-11-13T06:34:34.548+0000] {processor.py:840} INFO - DAG(s) 'example_branch_labels' retrieved from /home/airflow/.local/lib/python3.8/site-packages/airflow/example_dags/example_branch_labels.py
[2025-11-13T06:34:34.590+0000] {logging_mixin.py:188} INFO - [2025-11-13T06:34:34.589+0000] {dag.py:3036} INFO - Sync 1 DAGs
[2025-11-13T06:34:34.635+0000] {logging_mixin.py:188} INFO - [2025-11-13T06:34:34.634+0000] {dag.py:3823} INFO - Setting next_dagrun for example_branch_labels to 2025-11-12 00:00:00+00:00, run_after=2025-11-13 00:00:00+00:00
[2025-11-13T06:34:34.670+0000] {processor.py:183} INFO - Processing /home/airflow/.local/lib/python3.8/site-packages/airflow/example_dags/example_branch_labels.py took 0.146 seconds
[2025-11-13T06:35:05.588+0000] {processor.py:161} INFO - Started process (PID=1178) to work on /home/airflow/.local/lib/python3.8/site-packages/airflow/example_dags/example_branch_labels.py
[2025-11-13T06:35:05.591+0000] {processor.py:830} INFO - Processing file /home/airflow/.local/lib/python3.8/site-packages/airflow/example_dags/example_branch_labels.py for tasks to queue
[2025-11-13T06:35:05.603+0000] {logging_mixin.py:188} INFO - [2025-11-13T06:35:05.602+0000] {dagbag.py:538} INFO - Filling up the DagBag from /home/airflow/.local/lib/python3.8/site-packages/airflow/example_dags/example_branch_labels.py
[2025-11-13T06:35:05.634+0000] {processor.py:840} INFO - DAG(s) 'example_branch_labels' retrieved from /home/airflow/.local/lib/python3.8/site-packages/airflow/example_dags/example_branch_labels.py
[2025-11-13T06:35:05.701+0000] {logging_mixin.py:188} INFO - [2025-11-13T06:35:05.700+0000] {dag.py:3036} INFO - Sync 1 DAGs
[2025-11-13T06:35:05.794+0000] {logging_mixin.py:188} INFO - [2025-11-13T06:35:05.793+0000] {dag.py:3823} INFO - Setting next_dagrun for example_branch_labels to 2025-11-12 00:00:00+00:00, run_after=2025-11-13 00:00:00+00:00
[2025-11-13T06:35:05.867+0000] {processor.py:183} INFO - Processing /home/airflow/.local/lib/python3.8/site-packages/airflow/example_dags/example_branch_labels.py took 0.286 seconds
[2025-11-13T06:35:36.039+0000] {processor.py:161} INFO - Started process (PID=1240) to work on /home/airflow/.local/lib/python3.8/site-packages/airflow/example_dags/example_branch_labels.py
[2025-11-13T06:35:36.042+0000] {processor.py:830} INFO - Processing file /home/airflow/.local/lib/python3.8/site-packages/airflow/example_dags/example_branch_labels.py for tasks to queue
[2025-11-13T06:35:36.048+0000] {logging_mixin.py:188} INFO - [2025-11-13T06:35:36.046+0000] {dagbag.py:538} INFO - Filling up the DagBag from /home/airflow/.local/lib/python3.8/site-packages/airflow/example_dags/example_branch_labels.py
[2025-11-13T06:35:36.088+0000] {processor.py:840} INFO - DAG(s) 'example_branch_labels' retrieved from /home/airflow/.local/lib/python3.8/site-packages/airflow/example_dags/example_branch_labels.py
[2025-11-13T06:35:36.167+0000] {logging_mixin.py:188} INFO - [2025-11-13T06:35:36.166+0000] {dag.py:3036} INFO - Sync 1 DAGs
[2025-11-13T06:35:36.237+0000] {logging_mixin.py:188} INFO - [2025-11-13T06:35:36.237+0000] {dag.py:3823} INFO - Setting next_dagrun for example_branch_labels to 2025-11-12 00:00:00+00:00, run_after=2025-11-13 00:00:00+00:00
[2025-11-13T06:35:36.300+0000] {processor.py:183} INFO - Processing /home/airflow/.local/lib/python3.8/site-packages/airflow/example_dags/example_branch_labels.py took 0.272 seconds
[2025-11-13T06:36:06.639+0000] {processor.py:161} INFO - Started process (PID=1302) to work on /home/airflow/.local/lib/python3.8/site-packages/airflow/example_dags/example_branch_labels.py
[2025-11-13T06:36:06.642+0000] {processor.py:830} INFO - Processing file /home/airflow/.local/lib/python3.8/site-packages/airflow/example_dags/example_branch_labels.py for tasks to queue
[2025-11-13T06:36:06.646+0000] {logging_mixin.py:188} INFO - [2025-11-13T06:36:06.645+0000] {dagbag.py:538} INFO - Filling up the DagBag from /home/airflow/.local/lib/python3.8/site-packages/airflow/example_dags/example_branch_labels.py
[2025-11-13T06:36:06.664+0000] {processor.py:840} INFO - DAG(s) 'example_branch_labels' retrieved from /home/airflow/.local/lib/python3.8/site-packages/airflow/example_dags/example_branch_labels.py
[2025-11-13T06:36:06.728+0000] {logging_mixin.py:188} INFO - [2025-11-13T06:36:06.728+0000] {dag.py:3036} INFO - Sync 1 DAGs
[2025-11-13T06:36:06.800+0000] {logging_mixin.py:188} INFO - [2025-11-13T06:36:06.800+0000] {dag.py:3823} INFO - Setting next_dagrun for example_branch_labels to 2025-11-12 00:00:00+00:00, run_after=2025-11-13 00:00:00+00:00
[2025-11-13T06:36:06.876+0000] {processor.py:183} INFO - Processing /home/airflow/.local/lib/python3.8/site-packages/airflow/example_dags/example_branch_labels.py took 0.243 seconds
[2025-11-13T06:36:37.340+0000] {processor.py:161} INFO - Started process (PID=1365) to work on /home/airflow/.local/lib/python3.8/site-packages/airflow/example_dags/example_branch_labels.py
[2025-11-13T06:36:37.342+0000] {processor.py:830} INFO - Processing file /home/airflow/.local/lib/python3.8/site-packages/airflow/example_dags/example_branch_labels.py for tasks to queue
[2025-11-13T06:36:37.346+0000] {logging_mixin.py:188} INFO - [2025-11-13T06:36:37.345+0000] {dagbag.py:538} INFO - Filling up the DagBag from /home/airflow/.local/lib/python3.8/site-packages/airflow/example_dags/example_branch_labels.py
[2025-11-13T06:36:37.360+0000] {processor.py:840} INFO - DAG(s) 'example_branch_labels' retrieved from /home/airflow/.local/lib/python3.8/site-packages/airflow/example_dags/example_branch_labels.py
[2025-11-13T06:36:37.395+0000] {logging_mixin.py:188} INFO - [2025-11-13T06:36:37.395+0000] {dag.py:3036} INFO - Sync 1 DAGs
[2025-11-13T06:36:37.432+0000] {logging_mixin.py:188} INFO - [2025-11-13T06:36:37.432+0000] {dag.py:3823} INFO - Setting next_dagrun for example_branch_labels to 2025-11-12 00:00:00+00:00, run_after=2025-11-13 00:00:00+00:00
[2025-11-13T06:36:37.463+0000] {processor.py:183} INFO - Processing /home/airflow/.local/lib/python3.8/site-packages/airflow/example_dags/example_branch_labels.py took 0.129 seconds
[2025-11-13T06:37:08.344+0000] {processor.py:161} INFO - Started process (PID=1427) to work on /home/airflow/.local/lib/python3.8/site-packages/airflow/example_dags/example_branch_labels.py
[2025-11-13T06:37:08.347+0000] {processor.py:830} INFO - Processing file /home/airflow/.local/lib/python3.8/site-packages/airflow/example_dags/example_branch_labels.py for tasks to queue
[2025-11-13T06:37:08.353+0000] {logging_mixin.py:188} INFO - [2025-11-13T06:37:08.352+0000] {dagbag.py:538} INFO - Filling up the DagBag from /home/airflow/.local/lib/python3.8/site-packages/airflow/example_dags/example_branch_labels.py
[2025-11-13T06:37:08.374+0000] {processor.py:840} INFO - DAG(s) 'example_branch_labels' retrieved from /home/airflow/.local/lib/python3.8/site-packages/airflow/example_dags/example_branch_labels.py
[2025-11-13T06:37:08.426+0000] {logging_mixin.py:188} INFO - [2025-11-13T06:37:08.426+0000] {dag.py:3036} INFO - Sync 1 DAGs
[2025-11-13T06:37:08.468+0000] {logging_mixin.py:188} INFO - [2025-11-13T06:37:08.468+0000] {dag.py:3823} INFO - Setting next_dagrun for example_branch_labels to 2025-11-12 00:00:00+00:00, run_after=2025-11-13 00:00:00+00:00
[2025-11-13T06:37:08.497+0000] {processor.py:183} INFO - Processing /home/airflow/.local/lib/python3.8/site-packages/airflow/example_dags/example_branch_labels.py took 0.163 seconds
[2025-11-13T06:37:39.372+0000] {processor.py:161} INFO - Started process (PID=1489) to work on /home/airflow/.local/lib/python3.8/site-packages/airflow/example_dags/example_branch_labels.py
[2025-11-13T06:37:39.374+0000] {processor.py:830} INFO - Processing file /home/airflow/.local/lib/python3.8/site-packages/airflow/example_dags/example_branch_labels.py for tasks to queue
[2025-11-13T06:37:39.378+0000] {logging_mixin.py:188} INFO - [2025-11-13T06:37:39.378+0000] {dagbag.py:538} INFO - Filling up the DagBag from /home/airflow/.local/lib/python3.8/site-packages/airflow/example_dags/example_branch_labels.py
[2025-11-13T06:37:39.394+0000] {processor.py:840} INFO - DAG(s) 'example_branch_labels' retrieved from /home/airflow/.local/lib/python3.8/site-packages/airflow/example_dags/example_branch_labels.py
[2025-11-13T06:37:39.440+0000] {logging_mixin.py:188} INFO - [2025-11-13T06:37:39.440+0000] {dag.py:3036} INFO - Sync 1 DAGs
[2025-11-13T06:37:39.478+0000] {logging_mixin.py:188} INFO - [2025-11-13T06:37:39.478+0000] {dag.py:3823} INFO - Setting next_dagrun for example_branch_labels to 2025-11-12 00:00:00+00:00, run_after=2025-11-13 00:00:00+00:00
[2025-11-13T06:37:39.521+0000] {processor.py:183} INFO - Processing /home/airflow/.local/lib/python3.8/site-packages/airflow/example_dags/example_branch_labels.py took 0.155 seconds
[2025-11-13T06:38:10.748+0000] {processor.py:161} INFO - Started process (PID=1551) to work on /home/airflow/.local/lib/python3.8/site-packages/airflow/example_dags/example_branch_labels.py
[2025-11-13T06:38:10.753+0000] {processor.py:830} INFO - Processing file /home/airflow/.local/lib/python3.8/site-packages/airflow/example_dags/example_branch_labels.py for tasks to queue
[2025-11-13T06:38:10.759+0000] {logging_mixin.py:188} INFO - [2025-11-13T06:38:10.758+0000] {dagbag.py:538} INFO - Filling up the DagBag from /home/airflow/.local/lib/python3.8/site-packages/airflow/example_dags/example_branch_labels.py
[2025-11-13T06:38:10.780+0000] {processor.py:840} INFO - DAG(s) 'example_branch_labels' retrieved from /home/airflow/.local/lib/python3.8/site-packages/airflow/example_dags/example_branch_labels.py
[2025-11-13T06:38:10.823+0000] {logging_mixin.py:188} INFO - [2025-11-13T06:38:10.823+0000] {dag.py:3036} INFO - Sync 1 DAGs
[2025-11-13T06:38:10.872+0000] {logging_mixin.py:188} INFO - [2025-11-13T06:38:10.871+0000] {dag.py:3823} INFO - Setting next_dagrun for example_branch_labels to 2025-11-12 00:00:00+00:00, run_after=2025-11-13 00:00:00+00:00
[2025-11-13T06:38:10.908+0000] {processor.py:183} INFO - Processing /home/airflow/.local/lib/python3.8/site-packages/airflow/example_dags/example_branch_labels.py took 0.167 seconds
[2025-11-13T06:38:41.278+0000] {processor.py:161} INFO - Started process (PID=1613) to work on /home/airflow/.local/lib/python3.8/site-packages/airflow/example_dags/example_branch_labels.py
[2025-11-13T06:38:41.280+0000] {processor.py:830} INFO - Processing file /home/airflow/.local/lib/python3.8/site-packages/airflow/example_dags/example_branch_labels.py for tasks to queue
[2025-11-13T06:38:41.282+0000] {logging_mixin.py:188} INFO - [2025-11-13T06:38:41.282+0000] {dagbag.py:538} INFO - Filling up the DagBag from /home/airflow/.local/lib/python3.8/site-packages/airflow/example_dags/example_branch_labels.py
[2025-11-13T06:38:41.294+0000] {processor.py:840} INFO - DAG(s) 'example_branch_labels' retrieved from /home/airflow/.local/lib/python3.8/site-packages/airflow/example_dags/example_branch_labels.py
[2025-11-13T06:38:41.327+0000] {logging_mixin.py:188} INFO - [2025-11-13T06:38:41.326+0000] {dag.py:3036} INFO - Sync 1 DAGs
[2025-11-13T06:38:41.359+0000] {logging_mixin.py:188} INFO - [2025-11-13T06:38:41.358+0000] {dag.py:3823} INFO - Setting next_dagrun for example_branch_labels to 2025-11-12 00:00:00+00:00, run_after=2025-11-13 00:00:00+00:00
[2025-11-13T06:38:41.388+0000] {processor.py:183} INFO - Processing /home/airflow/.local/lib/python3.8/site-packages/airflow/example_dags/example_branch_labels.py took 0.115 seconds
[2025-11-13T06:39:11.631+0000] {processor.py:161} INFO - Started process (PID=1675) to work on /home/airflow/.local/lib/python3.8/site-packages/airflow/example_dags/example_branch_labels.py
[2025-11-13T06:39:11.633+0000] {processor.py:830} INFO - Processing file /home/airflow/.local/lib/python3.8/site-packages/airflow/example_dags/example_branch_labels.py for tasks to queue
[2025-11-13T06:39:11.638+0000] {logging_mixin.py:188} INFO - [2025-11-13T06:39:11.637+0000] {dagbag.py:538} INFO - Filling up the DagBag from /home/airflow/.local/lib/python3.8/site-packages/airflow/example_dags/example_branch_labels.py
[2025-11-13T06:39:11.669+0000] {processor.py:840} INFO - DAG(s) 'example_branch_labels' retrieved from /home/airflow/.local/lib/python3.8/site-packages/airflow/example_dags/example_branch_labels.py
[2025-11-13T06:39:11.719+0000] {logging_mixin.py:188} INFO - [2025-11-13T06:39:11.719+0000] {dag.py:3036} INFO - Sync 1 DAGs
[2025-11-13T06:39:11.787+0000] {logging_mixin.py:188} INFO - [2025-11-13T06:39:11.787+0000] {dag.py:3823} INFO - Setting next_dagrun for example_branch_labels to 2025-11-12 00:00:00+00:00, run_after=2025-11-13 00:00:00+00:00
[2025-11-13T06:39:11.867+0000] {processor.py:183} INFO - Processing /home/airflow/.local/lib/python3.8/site-packages/airflow/example_dags/example_branch_labels.py took 0.244 seconds
[2025-11-13T06:39:42.215+0000] {processor.py:161} INFO - Started process (PID=1737) to work on /home/airflow/.local/lib/python3.8/site-packages/airflow/example_dags/example_branch_labels.py
[2025-11-13T06:39:42.218+0000] {processor.py:830} INFO - Processing file /home/airflow/.local/lib/python3.8/site-packages/airflow/example_dags/example_branch_labels.py for tasks to queue
[2025-11-13T06:39:42.222+0000] {logging_mixin.py:188} INFO - [2025-11-13T06:39:42.221+0000] {dagbag.py:538} INFO - Filling up the DagBag from /home/airflow/.local/lib/python3.8/site-packages/airflow/example_dags/example_branch_labels.py
[2025-11-13T06:39:42.236+0000] {processor.py:840} INFO - DAG(s) 'example_branch_labels' retrieved from /home/airflow/.local/lib/python3.8/site-packages/airflow/example_dags/example_branch_labels.py
[2025-11-13T06:39:42.279+0000] {logging_mixin.py:188} INFO - [2025-11-13T06:39:42.278+0000] {dag.py:3036} INFO - Sync 1 DAGs
[2025-11-13T06:39:42.329+0000] {logging_mixin.py:188} INFO - [2025-11-13T06:39:42.328+0000] {dag.py:3823} INFO - Setting next_dagrun for example_branch_labels to 2025-11-12 00:00:00+00:00, run_after=2025-11-13 00:00:00+00:00
[2025-11-13T06:39:42.367+0000] {processor.py:183} INFO - Processing /home/airflow/.local/lib/python3.8/site-packages/airflow/example_dags/example_branch_labels.py took 0.158 seconds
[2025-11-13T06:40:12.647+0000] {processor.py:161} INFO - Started process (PID=1799) to work on /home/airflow/.local/lib/python3.8/site-packages/airflow/example_dags/example_branch_labels.py
[2025-11-13T06:40:12.649+0000] {processor.py:830} INFO - Processing file /home/airflow/.local/lib/python3.8/site-packages/airflow/example_dags/example_branch_labels.py for tasks to queue
[2025-11-13T06:40:12.653+0000] {logging_mixin.py:188} INFO - [2025-11-13T06:40:12.652+0000] {dagbag.py:538} INFO - Filling up the DagBag from /home/airflow/.local/lib/python3.8/site-packages/airflow/example_dags/example_branch_labels.py
[2025-11-13T06:40:12.664+0000] {processor.py:840} INFO - DAG(s) 'example_branch_labels' retrieved from /home/airflow/.local/lib/python3.8/site-packages/airflow/example_dags/example_branch_labels.py
[2025-11-13T06:40:12.693+0000] {logging_mixin.py:188} INFO - [2025-11-13T06:40:12.693+0000] {dag.py:3036} INFO - Sync 1 DAGs
[2025-11-13T06:40:12.723+0000] {logging_mixin.py:188} INFO - [2025-11-13T06:40:12.723+0000] {dag.py:3823} INFO - Setting next_dagrun for example_branch_labels to 2025-11-12 00:00:00+00:00, run_after=2025-11-13 00:00:00+00:00
[2025-11-13T06:40:12.752+0000] {processor.py:183} INFO - Processing /home/airflow/.local/lib/python3.8/site-packages/airflow/example_dags/example_branch_labels.py took 0.110 seconds
[2025-11-13T06:40:43.199+0000] {processor.py:161} INFO - Started process (PID=1861) to work on /home/airflow/.local/lib/python3.8/site-packages/airflow/example_dags/example_branch_labels.py
[2025-11-13T06:40:43.201+0000] {processor.py:830} INFO - Processing file /home/airflow/.local/lib/python3.8/site-packages/airflow/example_dags/example_branch_labels.py for tasks to queue
[2025-11-13T06:40:43.204+0000] {logging_mixin.py:188} INFO - [2025-11-13T06:40:43.203+0000] {dagbag.py:538} INFO - Filling up the DagBag from /home/airflow/.local/lib/python3.8/site-packages/airflow/example_dags/example_branch_labels.py
[2025-11-13T06:40:43.221+0000] {processor.py:840} INFO - DAG(s) 'example_branch_labels' retrieved from /home/airflow/.local/lib/python3.8/site-packages/airflow/example_dags/example_branch_labels.py
[2025-11-13T06:40:43.262+0000] {logging_mixin.py:188} INFO - [2025-11-13T06:40:43.262+0000] {dag.py:3036} INFO - Sync 1 DAGs
[2025-11-13T06:40:43.309+0000] {logging_mixin.py:188} INFO - [2025-11-13T06:40:43.309+0000] {dag.py:3823} INFO - Setting next_dagrun for example_branch_labels to 2025-11-12 00:00:00+00:00, run_after=2025-11-13 00:00:00+00:00
[2025-11-13T06:40:43.344+0000] {processor.py:183} INFO - Processing /home/airflow/.local/lib/python3.8/site-packages/airflow/example_dags/example_branch_labels.py took 0.151 seconds
[2025-11-13T06:41:13.556+0000] {processor.py:161} INFO - Started process (PID=1922) to work on /home/airflow/.local/lib/python3.8/site-packages/airflow/example_dags/example_branch_labels.py
[2025-11-13T06:41:13.559+0000] {processor.py:830} INFO - Processing file /home/airflow/.local/lib/python3.8/site-packages/airflow/example_dags/example_branch_labels.py for tasks to queue
[2025-11-13T06:41:13.563+0000] {logging_mixin.py:188} INFO - [2025-11-13T06:41:13.562+0000] {dagbag.py:538} INFO - Filling up the DagBag from /home/airflow/.local/lib/python3.8/site-packages/airflow/example_dags/example_branch_labels.py
[2025-11-13T06:41:13.583+0000] {processor.py:840} INFO - DAG(s) 'example_branch_labels' retrieved from /home/airflow/.local/lib/python3.8/site-packages/airflow/example_dags/example_branch_labels.py
[2025-11-13T06:41:13.636+0000] {logging_mixin.py:188} INFO - [2025-11-13T06:41:13.635+0000] {dag.py:3036} INFO - Sync 1 DAGs
[2025-11-13T06:41:13.731+0000] {logging_mixin.py:188} INFO - [2025-11-13T06:41:13.730+0000] {dag.py:3823} INFO - Setting next_dagrun for example_branch_labels to 2025-11-12 00:00:00+00:00, run_after=2025-11-13 00:00:00+00:00
[2025-11-13T06:41:13.780+0000] {processor.py:183} INFO - Processing /home/airflow/.local/lib/python3.8/site-packages/airflow/example_dags/example_branch_labels.py took 0.204 seconds
[2025-11-13T06:41:45.569+0000] {processor.py:161} INFO - Started process (PID=1984) to work on /home/airflow/.local/lib/python3.8/site-packages/airflow/example_dags/example_branch_labels.py
[2025-11-13T06:41:45.571+0000] {processor.py:830} INFO - Processing file /home/airflow/.local/lib/python3.8/site-packages/airflow/example_dags/example_branch_labels.py for tasks to queue
[2025-11-13T06:41:45.575+0000] {logging_mixin.py:188} INFO - [2025-11-13T06:41:45.574+0000] {dagbag.py:538} INFO - Filling up the DagBag from /home/airflow/.local/lib/python3.8/site-packages/airflow/example_dags/example_branch_labels.py
[2025-11-13T06:41:45.591+0000] {processor.py:840} INFO - DAG(s) 'example_branch_labels' retrieved from /home/airflow/.local/lib/python3.8/site-packages/airflow/example_dags/example_branch_labels.py
[2025-11-13T06:41:45.636+0000] {logging_mixin.py:188} INFO - [2025-11-13T06:41:45.636+0000] {dag.py:3036} INFO - Sync 1 DAGs
[2025-11-13T06:41:45.678+0000] {logging_mixin.py:188} INFO - [2025-11-13T06:41:45.677+0000] {dag.py:3823} INFO - Setting next_dagrun for example_branch_labels to 2025-11-12 00:00:00+00:00, run_after=2025-11-13 00:00:00+00:00
[2025-11-13T06:41:45.716+0000] {processor.py:183} INFO - Processing /home/airflow/.local/lib/python3.8/site-packages/airflow/example_dags/example_branch_labels.py took 0.154 seconds
[2025-11-13T06:42:16.470+0000] {processor.py:161} INFO - Started process (PID=2046) to work on /home/airflow/.local/lib/python3.8/site-packages/airflow/example_dags/example_branch_labels.py
[2025-11-13T06:42:16.471+0000] {processor.py:830} INFO - Processing file /home/airflow/.local/lib/python3.8/site-packages/airflow/example_dags/example_branch_labels.py for tasks to queue
[2025-11-13T06:42:16.475+0000] {logging_mixin.py:188} INFO - [2025-11-13T06:42:16.475+0000] {dagbag.py:538} INFO - Filling up the DagBag from /home/airflow/.local/lib/python3.8/site-packages/airflow/example_dags/example_branch_labels.py
[2025-11-13T06:42:16.487+0000] {processor.py:840} INFO - DAG(s) 'example_branch_labels' retrieved from /home/airflow/.local/lib/python3.8/site-packages/airflow/example_dags/example_branch_labels.py
[2025-11-13T06:42:16.514+0000] {logging_mixin.py:188} INFO - [2025-11-13T06:42:16.514+0000] {dag.py:3036} INFO - Sync 1 DAGs
[2025-11-13T06:42:16.542+0000] {logging_mixin.py:188} INFO - [2025-11-13T06:42:16.541+0000] {dag.py:3823} INFO - Setting next_dagrun for example_branch_labels to 2025-11-12 00:00:00+00:00, run_after=2025-11-13 00:00:00+00:00
[2025-11-13T06:42:16.567+0000] {processor.py:183} INFO - Processing /home/airflow/.local/lib/python3.8/site-packages/airflow/example_dags/example_branch_labels.py took 0.103 seconds
[2025-11-13T06:42:46.958+0000] {processor.py:161} INFO - Started process (PID=2108) to work on /home/airflow/.local/lib/python3.8/site-packages/airflow/example_dags/example_branch_labels.py
[2025-11-13T06:42:46.959+0000] {processor.py:830} INFO - Processing file /home/airflow/.local/lib/python3.8/site-packages/airflow/example_dags/example_branch_labels.py for tasks to queue
[2025-11-13T06:42:46.962+0000] {logging_mixin.py:188} INFO - [2025-11-13T06:42:46.961+0000] {dagbag.py:538} INFO - Filling up the DagBag from /home/airflow/.local/lib/python3.8/site-packages/airflow/example_dags/example_branch_labels.py
[2025-11-13T06:42:46.972+0000] {processor.py:840} INFO - DAG(s) 'example_branch_labels' retrieved from /home/airflow/.local/lib/python3.8/site-packages/airflow/example_dags/example_branch_labels.py
[2025-11-13T06:42:47.004+0000] {logging_mixin.py:188} INFO - [2025-11-13T06:42:47.004+0000] {dag.py:3036} INFO - Sync 1 DAGs
[2025-11-13T06:42:47.036+0000] {logging_mixin.py:188} INFO - [2025-11-13T06:42:47.036+0000] {dag.py:3823} INFO - Setting next_dagrun for example_branch_labels to 2025-11-12 00:00:00+00:00, run_after=2025-11-13 00:00:00+00:00
[2025-11-13T06:42:47.061+0000] {processor.py:183} INFO - Processing /home/airflow/.local/lib/python3.8/site-packages/airflow/example_dags/example_branch_labels.py took 0.108 seconds
[2025-11-13T06:43:17.854+0000] {processor.py:161} INFO - Started process (PID=2170) to work on /home/airflow/.local/lib/python3.8/site-packages/airflow/example_dags/example_branch_labels.py
[2025-11-13T06:43:17.856+0000] {processor.py:830} INFO - Processing file /home/airflow/.local/lib/python3.8/site-packages/airflow/example_dags/example_branch_labels.py for tasks to queue
[2025-11-13T06:43:17.859+0000] {logging_mixin.py:188} INFO - [2025-11-13T06:43:17.858+0000] {dagbag.py:538} INFO - Filling up the DagBag from /home/airflow/.local/lib/python3.8/site-packages/airflow/example_dags/example_branch_labels.py
[2025-11-13T06:43:17.870+0000] {processor.py:840} INFO - DAG(s) 'example_branch_labels' retrieved from /home/airflow/.local/lib/python3.8/site-packages/airflow/example_dags/example_branch_labels.py
[2025-11-13T06:43:17.901+0000] {logging_mixin.py:188} INFO - [2025-11-13T06:43:17.900+0000] {dag.py:3036} INFO - Sync 1 DAGs
[2025-11-13T06:43:17.940+0000] {logging_mixin.py:188} INFO - [2025-11-13T06:43:17.940+0000] {dag.py:3823} INFO - Setting next_dagrun for example_branch_labels to 2025-11-12 00:00:00+00:00, run_after=2025-11-13 00:00:00+00:00
[2025-11-13T06:43:18.004+0000] {processor.py:183} INFO - Processing /home/airflow/.local/lib/python3.8/site-packages/airflow/example_dags/example_branch_labels.py took 0.154 seconds
[2025-11-13T06:43:49.033+0000] {processor.py:161} INFO - Started process (PID=2233) to work on /home/airflow/.local/lib/python3.8/site-packages/airflow/example_dags/example_branch_labels.py
[2025-11-13T06:43:49.036+0000] {processor.py:830} INFO - Processing file /home/airflow/.local/lib/python3.8/site-packages/airflow/example_dags/example_branch_labels.py for tasks to queue
[2025-11-13T06:43:49.050+0000] {logging_mixin.py:188} INFO - [2025-11-13T06:43:49.041+0000] {dagbag.py:538} INFO - Filling up the DagBag from /home/airflow/.local/lib/python3.8/site-packages/airflow/example_dags/example_branch_labels.py
[2025-11-13T06:43:49.092+0000] {processor.py:840} INFO - DAG(s) 'example_branch_labels' retrieved from /home/airflow/.local/lib/python3.8/site-packages/airflow/example_dags/example_branch_labels.py
[2025-11-13T06:43:49.211+0000] {logging_mixin.py:188} INFO - [2025-11-13T06:43:49.210+0000] {dag.py:3036} INFO - Sync 1 DAGs
[2025-11-13T06:43:49.281+0000] {logging_mixin.py:188} INFO - [2025-11-13T06:43:49.281+0000] {dag.py:3823} INFO - Setting next_dagrun for example_branch_labels to 2025-11-12 00:00:00+00:00, run_after=2025-11-13 00:00:00+00:00
[2025-11-13T06:43:49.342+0000] {processor.py:183} INFO - Processing /home/airflow/.local/lib/python3.8/site-packages/airflow/example_dags/example_branch_labels.py took 0.330 seconds
[2025-11-13T06:44:20.362+0000] {processor.py:161} INFO - Started process (PID=2297) to work on /home/airflow/.local/lib/python3.8/site-packages/airflow/example_dags/example_branch_labels.py
[2025-11-13T06:44:20.364+0000] {processor.py:830} INFO - Processing file /home/airflow/.local/lib/python3.8/site-packages/airflow/example_dags/example_branch_labels.py for tasks to queue
[2025-11-13T06:44:20.369+0000] {logging_mixin.py:188} INFO - [2025-11-13T06:44:20.368+0000] {dagbag.py:538} INFO - Filling up the DagBag from /home/airflow/.local/lib/python3.8/site-packages/airflow/example_dags/example_branch_labels.py
[2025-11-13T06:44:20.385+0000] {processor.py:840} INFO - DAG(s) 'example_branch_labels' retrieved from /home/airflow/.local/lib/python3.8/site-packages/airflow/example_dags/example_branch_labels.py
[2025-11-13T06:44:20.434+0000] {logging_mixin.py:188} INFO - [2025-11-13T06:44:20.434+0000] {dag.py:3036} INFO - Sync 1 DAGs
[2025-11-13T06:44:20.501+0000] {logging_mixin.py:188} INFO - [2025-11-13T06:44:20.501+0000] {dag.py:3823} INFO - Setting next_dagrun for example_branch_labels to 2025-11-12 00:00:00+00:00, run_after=2025-11-13 00:00:00+00:00
[2025-11-13T06:44:20.547+0000] {processor.py:183} INFO - Processing /home/airflow/.local/lib/python3.8/site-packages/airflow/example_dags/example_branch_labels.py took 0.193 seconds
[2025-11-13T06:44:51.394+0000] {processor.py:161} INFO - Started process (PID=2359) to work on /home/airflow/.local/lib/python3.8/site-packages/airflow/example_dags/example_branch_labels.py
[2025-11-13T06:44:51.395+0000] {processor.py:830} INFO - Processing file /home/airflow/.local/lib/python3.8/site-packages/airflow/example_dags/example_branch_labels.py for tasks to queue
[2025-11-13T06:44:51.397+0000] {logging_mixin.py:188} INFO - [2025-11-13T06:44:51.397+0000] {dagbag.py:538} INFO - Filling up the DagBag from /home/airflow/.local/lib/python3.8/site-packages/airflow/example_dags/example_branch_labels.py
[2025-11-13T06:44:51.407+0000] {processor.py:840} INFO - DAG(s) 'example_branch_labels' retrieved from /home/airflow/.local/lib/python3.8/site-packages/airflow/example_dags/example_branch_labels.py
[2025-11-13T06:44:51.436+0000] {logging_mixin.py:188} INFO - [2025-11-13T06:44:51.436+0000] {dag.py:3036} INFO - Sync 1 DAGs
[2025-11-13T06:44:51.465+0000] {logging_mixin.py:188} INFO - [2025-11-13T06:44:51.465+0000] {dag.py:3823} INFO - Setting next_dagrun for example_branch_labels to 2025-11-12 00:00:00+00:00, run_after=2025-11-13 00:00:00+00:00
[2025-11-13T06:44:51.500+0000] {processor.py:183} INFO - Processing /home/airflow/.local/lib/python3.8/site-packages/airflow/example_dags/example_branch_labels.py took 0.110 seconds
[2025-11-13T06:45:21.891+0000] {processor.py:161} INFO - Started process (PID=2420) to work on /home/airflow/.local/lib/python3.8/site-packages/airflow/example_dags/example_branch_labels.py
[2025-11-13T06:45:21.893+0000] {processor.py:830} INFO - Processing file /home/airflow/.local/lib/python3.8/site-packages/airflow/example_dags/example_branch_labels.py for tasks to queue
[2025-11-13T06:45:21.896+0000] {logging_mixin.py:188} INFO - [2025-11-13T06:45:21.896+0000] {dagbag.py:538} INFO - Filling up the DagBag from /home/airflow/.local/lib/python3.8/site-packages/airflow/example_dags/example_branch_labels.py
[2025-11-13T06:45:21.908+0000] {processor.py:840} INFO - DAG(s) 'example_branch_labels' retrieved from /home/airflow/.local/lib/python3.8/site-packages/airflow/example_dags/example_branch_labels.py
[2025-11-13T06:45:21.937+0000] {logging_mixin.py:188} INFO - [2025-11-13T06:45:21.936+0000] {dag.py:3036} INFO - Sync 1 DAGs
[2025-11-13T06:45:21.965+0000] {logging_mixin.py:188} INFO - [2025-11-13T06:45:21.965+0000] {dag.py:3823} INFO - Setting next_dagrun for example_branch_labels to 2025-11-12 00:00:00+00:00, run_after=2025-11-13 00:00:00+00:00
[2025-11-13T06:45:22.007+0000] {processor.py:183} INFO - Processing /home/airflow/.local/lib/python3.8/site-packages/airflow/example_dags/example_branch_labels.py took 0.121 seconds
[2025-11-13T06:45:52.844+0000] {processor.py:161} INFO - Started process (PID=2483) to work on /home/airflow/.local/lib/python3.8/site-packages/airflow/example_dags/example_branch_labels.py
[2025-11-13T06:45:52.846+0000] {processor.py:830} INFO - Processing file /home/airflow/.local/lib/python3.8/site-packages/airflow/example_dags/example_branch_labels.py for tasks to queue
[2025-11-13T06:45:52.850+0000] {logging_mixin.py:188} INFO - [2025-11-13T06:45:52.850+0000] {dagbag.py:538} INFO - Filling up the DagBag from /home/airflow/.local/lib/python3.8/site-packages/airflow/example_dags/example_branch_labels.py
[2025-11-13T06:45:52.866+0000] {processor.py:840} INFO - DAG(s) 'example_branch_labels' retrieved from /home/airflow/.local/lib/python3.8/site-packages/airflow/example_dags/example_branch_labels.py
[2025-11-13T06:45:52.905+0000] {logging_mixin.py:188} INFO - [2025-11-13T06:45:52.904+0000] {dag.py:3036} INFO - Sync 1 DAGs
[2025-11-13T06:45:52.949+0000] {logging_mixin.py:188} INFO - [2025-11-13T06:45:52.949+0000] {dag.py:3823} INFO - Setting next_dagrun for example_branch_labels to 2025-11-12 00:00:00+00:00, run_after=2025-11-13 00:00:00+00:00
[2025-11-13T06:45:52.980+0000] {processor.py:183} INFO - Processing /home/airflow/.local/lib/python3.8/site-packages/airflow/example_dags/example_branch_labels.py took 0.143 seconds
[2025-11-13T06:46:23.140+0000] {processor.py:161} INFO - Started process (PID=2545) to work on /home/airflow/.local/lib/python3.8/site-packages/airflow/example_dags/example_branch_labels.py
[2025-11-13T06:46:23.142+0000] {processor.py:830} INFO - Processing file /home/airflow/.local/lib/python3.8/site-packages/airflow/example_dags/example_branch_labels.py for tasks to queue
[2025-11-13T06:46:23.145+0000] {logging_mixin.py:188} INFO - [2025-11-13T06:46:23.144+0000] {dagbag.py:538} INFO - Filling up the DagBag from /home/airflow/.local/lib/python3.8/site-packages/airflow/example_dags/example_branch_labels.py
[2025-11-13T06:46:23.158+0000] {processor.py:840} INFO - DAG(s) 'example_branch_labels' retrieved from /home/airflow/.local/lib/python3.8/site-packages/airflow/example_dags/example_branch_labels.py
[2025-11-13T06:46:23.194+0000] {logging_mixin.py:188} INFO - [2025-11-13T06:46:23.193+0000] {dag.py:3036} INFO - Sync 1 DAGs
[2025-11-13T06:46:23.232+0000] {logging_mixin.py:188} INFO - [2025-11-13T06:46:23.232+0000] {dag.py:3823} INFO - Setting next_dagrun for example_branch_labels to 2025-11-12 00:00:00+00:00, run_after=2025-11-13 00:00:00+00:00
[2025-11-13T06:46:23.263+0000] {processor.py:183} INFO - Processing /home/airflow/.local/lib/python3.8/site-packages/airflow/example_dags/example_branch_labels.py took 0.130 seconds
[2025-11-13T06:46:53.358+0000] {processor.py:161} INFO - Started process (PID=2607) to work on /home/airflow/.local/lib/python3.8/site-packages/airflow/example_dags/example_branch_labels.py
[2025-11-13T06:46:53.360+0000] {processor.py:830} INFO - Processing file /home/airflow/.local/lib/python3.8/site-packages/airflow/example_dags/example_branch_labels.py for tasks to queue
[2025-11-13T06:46:53.363+0000] {logging_mixin.py:188} INFO - [2025-11-13T06:46:53.363+0000] {dagbag.py:538} INFO - Filling up the DagBag from /home/airflow/.local/lib/python3.8/site-packages/airflow/example_dags/example_branch_labels.py
[2025-11-13T06:46:53.376+0000] {processor.py:840} INFO - DAG(s) 'example_branch_labels' retrieved from /home/airflow/.local/lib/python3.8/site-packages/airflow/example_dags/example_branch_labels.py
[2025-11-13T06:46:53.414+0000] {logging_mixin.py:188} INFO - [2025-11-13T06:46:53.413+0000] {dag.py:3036} INFO - Sync 1 DAGs
[2025-11-13T06:46:53.448+0000] {logging_mixin.py:188} INFO - [2025-11-13T06:46:53.448+0000] {dag.py:3823} INFO - Setting next_dagrun for example_branch_labels to 2025-11-12 00:00:00+00:00, run_after=2025-11-13 00:00:00+00:00
[2025-11-13T06:46:53.479+0000] {processor.py:183} INFO - Processing /home/airflow/.local/lib/python3.8/site-packages/airflow/example_dags/example_branch_labels.py took 0.126 seconds
[2025-11-13T06:47:23.595+0000] {processor.py:161} INFO - Started process (PID=2669) to work on /home/airflow/.local/lib/python3.8/site-packages/airflow/example_dags/example_branch_labels.py
[2025-11-13T06:47:23.597+0000] {processor.py:830} INFO - Processing file /home/airflow/.local/lib/python3.8/site-packages/airflow/example_dags/example_branch_labels.py for tasks to queue
[2025-11-13T06:47:23.601+0000] {logging_mixin.py:188} INFO - [2025-11-13T06:47:23.600+0000] {dagbag.py:538} INFO - Filling up the DagBag from /home/airflow/.local/lib/python3.8/site-packages/airflow/example_dags/example_branch_labels.py
[2025-11-13T06:47:23.613+0000] {processor.py:840} INFO - DAG(s) 'example_branch_labels' retrieved from /home/airflow/.local/lib/python3.8/site-packages/airflow/example_dags/example_branch_labels.py
[2025-11-13T06:47:23.647+0000] {logging_mixin.py:188} INFO - [2025-11-13T06:47:23.646+0000] {dag.py:3036} INFO - Sync 1 DAGs
[2025-11-13T06:47:23.684+0000] {logging_mixin.py:188} INFO - [2025-11-13T06:47:23.684+0000] {dag.py:3823} INFO - Setting next_dagrun for example_branch_labels to 2025-11-12 00:00:00+00:00, run_after=2025-11-13 00:00:00+00:00
[2025-11-13T06:47:23.717+0000] {processor.py:183} INFO - Processing /home/airflow/.local/lib/python3.8/site-packages/airflow/example_dags/example_branch_labels.py took 0.129 seconds
[2025-11-13T06:47:55.116+0000] {processor.py:161} INFO - Started process (PID=2732) to work on /home/airflow/.local/lib/python3.8/site-packages/airflow/example_dags/example_branch_labels.py
[2025-11-13T06:47:55.122+0000] {processor.py:830} INFO - Processing file /home/airflow/.local/lib/python3.8/site-packages/airflow/example_dags/example_branch_labels.py for tasks to queue
[2025-11-13T06:47:55.135+0000] {logging_mixin.py:188} INFO - [2025-11-13T06:47:55.134+0000] {dagbag.py:538} INFO - Filling up the DagBag from /home/airflow/.local/lib/python3.8/site-packages/airflow/example_dags/example_branch_labels.py
[2025-11-13T06:47:55.193+0000] {processor.py:840} INFO - DAG(s) 'example_branch_labels' retrieved from /home/airflow/.local/lib/python3.8/site-packages/airflow/example_dags/example_branch_labels.py
[2025-11-13T06:47:55.290+0000] {logging_mixin.py:188} INFO - [2025-11-13T06:47:55.289+0000] {dag.py:3036} INFO - Sync 1 DAGs
[2025-11-13T06:47:55.373+0000] {logging_mixin.py:188} INFO - [2025-11-13T06:47:55.372+0000] {dag.py:3823} INFO - Setting next_dagrun for example_branch_labels to 2025-11-12 00:00:00+00:00, run_after=2025-11-13 00:00:00+00:00
[2025-11-13T06:47:55.444+0000] {processor.py:183} INFO - Processing /home/airflow/.local/lib/python3.8/site-packages/airflow/example_dags/example_branch_labels.py took 0.344 seconds
[2025-11-13T06:48:26.041+0000] {processor.py:161} INFO - Started process (PID=2794) to work on /home/airflow/.local/lib/python3.8/site-packages/airflow/example_dags/example_branch_labels.py
[2025-11-13T06:48:26.042+0000] {processor.py:830} INFO - Processing file /home/airflow/.local/lib/python3.8/site-packages/airflow/example_dags/example_branch_labels.py for tasks to queue
[2025-11-13T06:48:26.046+0000] {logging_mixin.py:188} INFO - [2025-11-13T06:48:26.045+0000] {dagbag.py:538} INFO - Filling up the DagBag from /home/airflow/.local/lib/python3.8/site-packages/airflow/example_dags/example_branch_labels.py
[2025-11-13T06:48:26.061+0000] {processor.py:840} INFO - DAG(s) 'example_branch_labels' retrieved from /home/airflow/.local/lib/python3.8/site-packages/airflow/example_dags/example_branch_labels.py
[2025-11-13T06:48:26.099+0000] {logging_mixin.py:188} INFO - [2025-11-13T06:48:26.099+0000] {dag.py:3036} INFO - Sync 1 DAGs
[2025-11-13T06:48:26.138+0000] {logging_mixin.py:188} INFO - [2025-11-13T06:48:26.137+0000] {dag.py:3823} INFO - Setting next_dagrun for example_branch_labels to 2025-11-12 00:00:00+00:00, run_after=2025-11-13 00:00:00+00:00
[2025-11-13T06:48:26.177+0000] {processor.py:183} INFO - Processing /home/airflow/.local/lib/python3.8/site-packages/airflow/example_dags/example_branch_labels.py took 0.142 seconds
[2025-11-13T06:48:58.343+0000] {processor.py:161} INFO - Started process (PID=2855) to work on /home/airflow/.local/lib/python3.8/site-packages/airflow/example_dags/example_branch_labels.py
[2025-11-13T06:48:58.349+0000] {processor.py:830} INFO - Processing file /home/airflow/.local/lib/python3.8/site-packages/airflow/example_dags/example_branch_labels.py for tasks to queue
[2025-11-13T06:48:58.367+0000] {logging_mixin.py:188} INFO - [2025-11-13T06:48:58.366+0000] {dagbag.py:538} INFO - Filling up the DagBag from /home/airflow/.local/lib/python3.8/site-packages/airflow/example_dags/example_branch_labels.py
[2025-11-13T06:48:58.458+0000] {processor.py:840} INFO - DAG(s) 'example_branch_labels' retrieved from /home/airflow/.local/lib/python3.8/site-packages/airflow/example_dags/example_branch_labels.py
[2025-11-13T06:48:58.657+0000] {logging_mixin.py:188} INFO - [2025-11-13T06:48:58.656+0000] {dag.py:3036} INFO - Sync 1 DAGs
[2025-11-13T06:48:58.789+0000] {logging_mixin.py:188} INFO - [2025-11-13T06:48:58.788+0000] {dag.py:3823} INFO - Setting next_dagrun for example_branch_labels to 2025-11-12 00:00:00+00:00, run_after=2025-11-13 00:00:00+00:00
[2025-11-13T06:48:59.395+0000] {processor.py:183} INFO - Processing /home/airflow/.local/lib/python3.8/site-packages/airflow/example_dags/example_branch_labels.py took 1.086 seconds
[2025-11-13T06:49:29.627+0000] {processor.py:161} INFO - Started process (PID=2916) to work on /home/airflow/.local/lib/python3.8/site-packages/airflow/example_dags/example_branch_labels.py
[2025-11-13T06:49:29.630+0000] {processor.py:830} INFO - Processing file /home/airflow/.local/lib/python3.8/site-packages/airflow/example_dags/example_branch_labels.py for tasks to queue
[2025-11-13T06:49:29.633+0000] {logging_mixin.py:188} INFO - [2025-11-13T06:49:29.633+0000] {dagbag.py:538} INFO - Filling up the DagBag from /home/airflow/.local/lib/python3.8/site-packages/airflow/example_dags/example_branch_labels.py
[2025-11-13T06:49:29.648+0000] {processor.py:840} INFO - DAG(s) 'example_branch_labels' retrieved from /home/airflow/.local/lib/python3.8/site-packages/airflow/example_dags/example_branch_labels.py
[2025-11-13T06:49:29.679+0000] {logging_mixin.py:188} INFO - [2025-11-13T06:49:29.679+0000] {dag.py:3036} INFO - Sync 1 DAGs
[2025-11-13T06:49:29.714+0000] {logging_mixin.py:188} INFO - [2025-11-13T06:49:29.714+0000] {dag.py:3823} INFO - Setting next_dagrun for example_branch_labels to 2025-11-12 00:00:00+00:00, run_after=2025-11-13 00:00:00+00:00
[2025-11-13T06:49:29.751+0000] {processor.py:183} INFO - Processing /home/airflow/.local/lib/python3.8/site-packages/airflow/example_dags/example_branch_labels.py took 0.131 seconds
[2025-11-13T06:50:00.623+0000] {processor.py:161} INFO - Started process (PID=2978) to work on /home/airflow/.local/lib/python3.8/site-packages/airflow/example_dags/example_branch_labels.py
[2025-11-13T06:50:00.632+0000] {processor.py:830} INFO - Processing file /home/airflow/.local/lib/python3.8/site-packages/airflow/example_dags/example_branch_labels.py for tasks to queue
[2025-11-13T06:50:00.638+0000] {logging_mixin.py:188} INFO - [2025-11-13T06:50:00.637+0000] {dagbag.py:538} INFO - Filling up the DagBag from /home/airflow/.local/lib/python3.8/site-packages/airflow/example_dags/example_branch_labels.py
[2025-11-13T06:50:00.676+0000] {processor.py:840} INFO - DAG(s) 'example_branch_labels' retrieved from /home/airflow/.local/lib/python3.8/site-packages/airflow/example_dags/example_branch_labels.py
[2025-11-13T06:50:00.772+0000] {logging_mixin.py:188} INFO - [2025-11-13T06:50:00.772+0000] {dag.py:3036} INFO - Sync 1 DAGs
[2025-11-13T06:50:00.875+0000] {logging_mixin.py:188} INFO - [2025-11-13T06:50:00.874+0000] {dag.py:3823} INFO - Setting next_dagrun for example_branch_labels to 2025-11-12 00:00:00+00:00, run_after=2025-11-13 00:00:00+00:00
[2025-11-13T06:50:00.969+0000] {processor.py:183} INFO - Processing /home/airflow/.local/lib/python3.8/site-packages/airflow/example_dags/example_branch_labels.py took 0.362 seconds
[2025-11-13T06:50:31.742+0000] {processor.py:161} INFO - Started process (PID=3041) to work on /home/airflow/.local/lib/python3.8/site-packages/airflow/example_dags/example_branch_labels.py
[2025-11-13T06:50:31.745+0000] {processor.py:830} INFO - Processing file /home/airflow/.local/lib/python3.8/site-packages/airflow/example_dags/example_branch_labels.py for tasks to queue
[2025-11-13T06:50:31.755+0000] {logging_mixin.py:188} INFO - [2025-11-13T06:50:31.754+0000] {dagbag.py:538} INFO - Filling up the DagBag from /home/airflow/.local/lib/python3.8/site-packages/airflow/example_dags/example_branch_labels.py
[2025-11-13T06:50:31.789+0000] {processor.py:840} INFO - DAG(s) 'example_branch_labels' retrieved from /home/airflow/.local/lib/python3.8/site-packages/airflow/example_dags/example_branch_labels.py
[2025-11-13T06:50:31.886+0000] {logging_mixin.py:188} INFO - [2025-11-13T06:50:31.885+0000] {dag.py:3036} INFO - Sync 1 DAGs
[2025-11-13T06:50:31.987+0000] {logging_mixin.py:188} INFO - [2025-11-13T06:50:31.986+0000] {dag.py:3823} INFO - Setting next_dagrun for example_branch_labels to 2025-11-12 00:00:00+00:00, run_after=2025-11-13 00:00:00+00:00
[2025-11-13T06:50:32.100+0000] {processor.py:183} INFO - Processing /home/airflow/.local/lib/python3.8/site-packages/airflow/example_dags/example_branch_labels.py took 0.376 seconds
[2025-11-13T06:51:02.526+0000] {processor.py:161} INFO - Started process (PID=3104) to work on /home/airflow/.local/lib/python3.8/site-packages/airflow/example_dags/example_branch_labels.py
[2025-11-13T06:51:02.528+0000] {processor.py:830} INFO - Processing file /home/airflow/.local/lib/python3.8/site-packages/airflow/example_dags/example_branch_labels.py for tasks to queue
[2025-11-13T06:51:02.531+0000] {logging_mixin.py:188} INFO - [2025-11-13T06:51:02.531+0000] {dagbag.py:538} INFO - Filling up the DagBag from /home/airflow/.local/lib/python3.8/site-packages/airflow/example_dags/example_branch_labels.py
[2025-11-13T06:51:02.542+0000] {processor.py:840} INFO - DAG(s) 'example_branch_labels' retrieved from /home/airflow/.local/lib/python3.8/site-packages/airflow/example_dags/example_branch_labels.py
[2025-11-13T06:51:02.574+0000] {logging_mixin.py:188} INFO - [2025-11-13T06:51:02.573+0000] {dag.py:3036} INFO - Sync 1 DAGs
[2025-11-13T06:51:02.755+0000] {logging_mixin.py:188} INFO - [2025-11-13T06:51:02.754+0000] {dag.py:3823} INFO - Setting next_dagrun for example_branch_labels to 2025-11-12 00:00:00+00:00, run_after=2025-11-13 00:00:00+00:00
[2025-11-13T06:51:02.787+0000] {processor.py:183} INFO - Processing /home/airflow/.local/lib/python3.8/site-packages/airflow/example_dags/example_branch_labels.py took 0.268 seconds
