[2025-11-13T06:26:16.864+0000] {processor.py:161} INFO - Started process (PID=96) to work on /home/airflow/.local/lib/python3.8/site-packages/airflow/example_dags/example_branch_datetime_operator.py
[2025-11-13T06:26:16.868+0000] {processor.py:830} INFO - Processing file /home/airflow/.local/lib/python3.8/site-packages/airflow/example_dags/example_branch_datetime_operator.py for tasks to queue
[2025-11-13T06:26:16.884+0000] {logging_mixin.py:188} INFO - [2025-11-13T06:26:16.884+0000] {dagbag.py:538} INFO - Filling up the DagBag from /home/airflow/.local/lib/python3.8/site-packages/airflow/example_dags/example_branch_datetime_operator.py
[2025-11-13T06:26:16.951+0000] {processor.py:840} INFO - DAG(s) 'example_branch_datetime_operator_2', 'example_branch_datetime_operator_3', 'example_branch_datetime_operator' retrieved from /home/airflow/.local/lib/python3.8/site-packages/airflow/example_dags/example_branch_datetime_operator.py
[2025-11-13T06:26:17.007+0000] {logging_mixin.py:188} INFO - [2025-11-13T06:26:16.997+0000] {dag.py:3036} INFO - Sync 3 DAGs
[2025-11-13T06:26:17.102+0000] {logging_mixin.py:188} INFO - [2025-11-13T06:26:17.102+0000] {dag.py:3823} INFO - Setting next_dagrun for example_branch_datetime_operator to 2025-11-12 00:00:00+00:00, run_after=2025-11-13 00:00:00+00:00
[2025-11-13T06:26:17.130+0000] {logging_mixin.py:188} INFO - [2025-11-13T06:26:17.129+0000] {dag.py:3823} INFO - Setting next_dagrun for example_branch_datetime_operator_2 to 2025-11-12 00:00:00+00:00, run_after=2025-11-13 00:00:00+00:00
[2025-11-13T06:26:17.148+0000] {logging_mixin.py:188} INFO - [2025-11-13T06:26:17.147+0000] {dag.py:3823} INFO - Setting next_dagrun for example_branch_datetime_operator_3 to 2025-11-12 00:00:00+00:00, run_after=2025-11-13 00:00:00+00:00
[2025-11-13T06:26:17.240+0000] {processor.py:183} INFO - Processing /home/airflow/.local/lib/python3.8/site-packages/airflow/example_dags/example_branch_datetime_operator.py took 0.396 seconds
[2025-11-13T06:26:47.661+0000] {processor.py:161} INFO - Started process (PID=158) to work on /home/airflow/.local/lib/python3.8/site-packages/airflow/example_dags/example_branch_datetime_operator.py
[2025-11-13T06:26:47.663+0000] {processor.py:830} INFO - Processing file /home/airflow/.local/lib/python3.8/site-packages/airflow/example_dags/example_branch_datetime_operator.py for tasks to queue
[2025-11-13T06:26:47.667+0000] {logging_mixin.py:188} INFO - [2025-11-13T06:26:47.666+0000] {dagbag.py:538} INFO - Filling up the DagBag from /home/airflow/.local/lib/python3.8/site-packages/airflow/example_dags/example_branch_datetime_operator.py
[2025-11-13T06:26:47.689+0000] {processor.py:840} INFO - DAG(s) 'example_branch_datetime_operator', 'example_branch_datetime_operator_3', 'example_branch_datetime_operator_2' retrieved from /home/airflow/.local/lib/python3.8/site-packages/airflow/example_dags/example_branch_datetime_operator.py
[2025-11-13T06:26:47.913+0000] {logging_mixin.py:188} INFO - [2025-11-13T06:26:47.913+0000] {dag.py:3036} INFO - Sync 3 DAGs
[2025-11-13T06:26:47.955+0000] {logging_mixin.py:188} INFO - [2025-11-13T06:26:47.955+0000] {dag.py:3823} INFO - Setting next_dagrun for example_branch_datetime_operator to 2025-11-12 00:00:00+00:00, run_after=2025-11-13 00:00:00+00:00
[2025-11-13T06:26:47.964+0000] {logging_mixin.py:188} INFO - [2025-11-13T06:26:47.963+0000] {dag.py:3823} INFO - Setting next_dagrun for example_branch_datetime_operator_2 to 2025-11-12 00:00:00+00:00, run_after=2025-11-13 00:00:00+00:00
[2025-11-13T06:26:47.970+0000] {logging_mixin.py:188} INFO - [2025-11-13T06:26:47.970+0000] {dag.py:3823} INFO - Setting next_dagrun for example_branch_datetime_operator_3 to 2025-11-12 00:00:00+00:00, run_after=2025-11-13 00:00:00+00:00
[2025-11-13T06:26:48.012+0000] {processor.py:183} INFO - Processing /home/airflow/.local/lib/python3.8/site-packages/airflow/example_dags/example_branch_datetime_operator.py took 0.361 seconds
[2025-11-13T06:27:18.197+0000] {processor.py:161} INFO - Started process (PID=220) to work on /home/airflow/.local/lib/python3.8/site-packages/airflow/example_dags/example_branch_datetime_operator.py
[2025-11-13T06:27:18.199+0000] {processor.py:830} INFO - Processing file /home/airflow/.local/lib/python3.8/site-packages/airflow/example_dags/example_branch_datetime_operator.py for tasks to queue
[2025-11-13T06:27:18.202+0000] {logging_mixin.py:188} INFO - [2025-11-13T06:27:18.201+0000] {dagbag.py:538} INFO - Filling up the DagBag from /home/airflow/.local/lib/python3.8/site-packages/airflow/example_dags/example_branch_datetime_operator.py
[2025-11-13T06:27:18.214+0000] {processor.py:840} INFO - DAG(s) 'example_branch_datetime_operator', 'example_branch_datetime_operator_2', 'example_branch_datetime_operator_3' retrieved from /home/airflow/.local/lib/python3.8/site-packages/airflow/example_dags/example_branch_datetime_operator.py
[2025-11-13T06:27:18.249+0000] {logging_mixin.py:188} INFO - [2025-11-13T06:27:18.248+0000] {dag.py:3036} INFO - Sync 3 DAGs
[2025-11-13T06:27:18.278+0000] {logging_mixin.py:188} INFO - [2025-11-13T06:27:18.277+0000] {dag.py:3823} INFO - Setting next_dagrun for example_branch_datetime_operator to 2025-11-12 00:00:00+00:00, run_after=2025-11-13 00:00:00+00:00
[2025-11-13T06:27:18.284+0000] {logging_mixin.py:188} INFO - [2025-11-13T06:27:18.284+0000] {dag.py:3823} INFO - Setting next_dagrun for example_branch_datetime_operator_2 to 2025-11-12 00:00:00+00:00, run_after=2025-11-13 00:00:00+00:00
[2025-11-13T06:27:18.288+0000] {logging_mixin.py:188} INFO - [2025-11-13T06:27:18.288+0000] {dag.py:3823} INFO - Setting next_dagrun for example_branch_datetime_operator_3 to 2025-11-12 00:00:00+00:00, run_after=2025-11-13 00:00:00+00:00
[2025-11-13T06:27:18.312+0000] {processor.py:183} INFO - Processing /home/airflow/.local/lib/python3.8/site-packages/airflow/example_dags/example_branch_datetime_operator.py took 0.118 seconds
[2025-11-13T06:27:49.010+0000] {processor.py:161} INFO - Started process (PID=282) to work on /home/airflow/.local/lib/python3.8/site-packages/airflow/example_dags/example_branch_datetime_operator.py
[2025-11-13T06:27:49.016+0000] {processor.py:830} INFO - Processing file /home/airflow/.local/lib/python3.8/site-packages/airflow/example_dags/example_branch_datetime_operator.py for tasks to queue
[2025-11-13T06:27:49.023+0000] {logging_mixin.py:188} INFO - [2025-11-13T06:27:49.022+0000] {dagbag.py:538} INFO - Filling up the DagBag from /home/airflow/.local/lib/python3.8/site-packages/airflow/example_dags/example_branch_datetime_operator.py
[2025-11-13T06:27:49.054+0000] {processor.py:840} INFO - DAG(s) 'example_branch_datetime_operator', 'example_branch_datetime_operator_3', 'example_branch_datetime_operator_2' retrieved from /home/airflow/.local/lib/python3.8/site-packages/airflow/example_dags/example_branch_datetime_operator.py
[2025-11-13T06:27:49.105+0000] {logging_mixin.py:188} INFO - [2025-11-13T06:27:49.105+0000] {dag.py:3036} INFO - Sync 3 DAGs
[2025-11-13T06:27:49.147+0000] {logging_mixin.py:188} INFO - [2025-11-13T06:27:49.146+0000] {dag.py:3823} INFO - Setting next_dagrun for example_branch_datetime_operator to 2025-11-12 00:00:00+00:00, run_after=2025-11-13 00:00:00+00:00
[2025-11-13T06:27:49.155+0000] {logging_mixin.py:188} INFO - [2025-11-13T06:27:49.155+0000] {dag.py:3823} INFO - Setting next_dagrun for example_branch_datetime_operator_2 to 2025-11-12 00:00:00+00:00, run_after=2025-11-13 00:00:00+00:00
[2025-11-13T06:27:49.160+0000] {logging_mixin.py:188} INFO - [2025-11-13T06:27:49.160+0000] {dag.py:3823} INFO - Setting next_dagrun for example_branch_datetime_operator_3 to 2025-11-12 00:00:00+00:00, run_after=2025-11-13 00:00:00+00:00
[2025-11-13T06:27:49.192+0000] {processor.py:183} INFO - Processing /home/airflow/.local/lib/python3.8/site-packages/airflow/example_dags/example_branch_datetime_operator.py took 0.193 seconds
[2025-11-13T06:28:19.384+0000] {processor.py:161} INFO - Started process (PID=344) to work on /home/airflow/.local/lib/python3.8/site-packages/airflow/example_dags/example_branch_datetime_operator.py
[2025-11-13T06:28:19.386+0000] {processor.py:830} INFO - Processing file /home/airflow/.local/lib/python3.8/site-packages/airflow/example_dags/example_branch_datetime_operator.py for tasks to queue
[2025-11-13T06:28:19.389+0000] {logging_mixin.py:188} INFO - [2025-11-13T06:28:19.389+0000] {dagbag.py:538} INFO - Filling up the DagBag from /home/airflow/.local/lib/python3.8/site-packages/airflow/example_dags/example_branch_datetime_operator.py
[2025-11-13T06:28:19.403+0000] {processor.py:840} INFO - DAG(s) 'example_branch_datetime_operator_3', 'example_branch_datetime_operator_2', 'example_branch_datetime_operator' retrieved from /home/airflow/.local/lib/python3.8/site-packages/airflow/example_dags/example_branch_datetime_operator.py
[2025-11-13T06:28:19.441+0000] {logging_mixin.py:188} INFO - [2025-11-13T06:28:19.441+0000] {dag.py:3036} INFO - Sync 3 DAGs
[2025-11-13T06:28:19.475+0000] {logging_mixin.py:188} INFO - [2025-11-13T06:28:19.475+0000] {dag.py:3823} INFO - Setting next_dagrun for example_branch_datetime_operator to 2025-11-12 00:00:00+00:00, run_after=2025-11-13 00:00:00+00:00
[2025-11-13T06:28:19.484+0000] {logging_mixin.py:188} INFO - [2025-11-13T06:28:19.483+0000] {dag.py:3823} INFO - Setting next_dagrun for example_branch_datetime_operator_2 to 2025-11-12 00:00:00+00:00, run_after=2025-11-13 00:00:00+00:00
[2025-11-13T06:28:19.489+0000] {logging_mixin.py:188} INFO - [2025-11-13T06:28:19.489+0000] {dag.py:3823} INFO - Setting next_dagrun for example_branch_datetime_operator_3 to 2025-11-12 00:00:00+00:00, run_after=2025-11-13 00:00:00+00:00
[2025-11-13T06:28:19.519+0000] {processor.py:183} INFO - Processing /home/airflow/.local/lib/python3.8/site-packages/airflow/example_dags/example_branch_datetime_operator.py took 0.140 seconds
[2025-11-13T06:28:49.584+0000] {processor.py:161} INFO - Started process (PID=407) to work on /home/airflow/.local/lib/python3.8/site-packages/airflow/example_dags/example_branch_datetime_operator.py
[2025-11-13T06:28:49.586+0000] {processor.py:830} INFO - Processing file /home/airflow/.local/lib/python3.8/site-packages/airflow/example_dags/example_branch_datetime_operator.py for tasks to queue
[2025-11-13T06:28:49.588+0000] {logging_mixin.py:188} INFO - [2025-11-13T06:28:49.588+0000] {dagbag.py:538} INFO - Filling up the DagBag from /home/airflow/.local/lib/python3.8/site-packages/airflow/example_dags/example_branch_datetime_operator.py
[2025-11-13T06:28:49.599+0000] {processor.py:840} INFO - DAG(s) 'example_branch_datetime_operator_2', 'example_branch_datetime_operator_3', 'example_branch_datetime_operator' retrieved from /home/airflow/.local/lib/python3.8/site-packages/airflow/example_dags/example_branch_datetime_operator.py
[2025-11-13T06:28:49.635+0000] {logging_mixin.py:188} INFO - [2025-11-13T06:28:49.635+0000] {dag.py:3036} INFO - Sync 3 DAGs
[2025-11-13T06:28:49.664+0000] {logging_mixin.py:188} INFO - [2025-11-13T06:28:49.663+0000] {dag.py:3823} INFO - Setting next_dagrun for example_branch_datetime_operator to 2025-11-12 00:00:00+00:00, run_after=2025-11-13 00:00:00+00:00
[2025-11-13T06:28:49.670+0000] {logging_mixin.py:188} INFO - [2025-11-13T06:28:49.670+0000] {dag.py:3823} INFO - Setting next_dagrun for example_branch_datetime_operator_2 to 2025-11-12 00:00:00+00:00, run_after=2025-11-13 00:00:00+00:00
[2025-11-13T06:28:49.674+0000] {logging_mixin.py:188} INFO - [2025-11-13T06:28:49.674+0000] {dag.py:3823} INFO - Setting next_dagrun for example_branch_datetime_operator_3 to 2025-11-12 00:00:00+00:00, run_after=2025-11-13 00:00:00+00:00
[2025-11-13T06:28:49.696+0000] {processor.py:183} INFO - Processing /home/airflow/.local/lib/python3.8/site-packages/airflow/example_dags/example_branch_datetime_operator.py took 0.117 seconds
[2025-11-13T06:29:19.915+0000] {processor.py:161} INFO - Started process (PID=469) to work on /home/airflow/.local/lib/python3.8/site-packages/airflow/example_dags/example_branch_datetime_operator.py
[2025-11-13T06:29:19.917+0000] {processor.py:830} INFO - Processing file /home/airflow/.local/lib/python3.8/site-packages/airflow/example_dags/example_branch_datetime_operator.py for tasks to queue
[2025-11-13T06:29:19.919+0000] {logging_mixin.py:188} INFO - [2025-11-13T06:29:19.919+0000] {dagbag.py:538} INFO - Filling up the DagBag from /home/airflow/.local/lib/python3.8/site-packages/airflow/example_dags/example_branch_datetime_operator.py
[2025-11-13T06:29:19.933+0000] {processor.py:840} INFO - DAG(s) 'example_branch_datetime_operator_2', 'example_branch_datetime_operator_3', 'example_branch_datetime_operator' retrieved from /home/airflow/.local/lib/python3.8/site-packages/airflow/example_dags/example_branch_datetime_operator.py
[2025-11-13T06:29:19.970+0000] {logging_mixin.py:188} INFO - [2025-11-13T06:29:19.970+0000] {dag.py:3036} INFO - Sync 3 DAGs
[2025-11-13T06:29:20.002+0000] {logging_mixin.py:188} INFO - [2025-11-13T06:29:20.002+0000] {dag.py:3823} INFO - Setting next_dagrun for example_branch_datetime_operator to 2025-11-12 00:00:00+00:00, run_after=2025-11-13 00:00:00+00:00
[2025-11-13T06:29:20.012+0000] {logging_mixin.py:188} INFO - [2025-11-13T06:29:20.011+0000] {dag.py:3823} INFO - Setting next_dagrun for example_branch_datetime_operator_2 to 2025-11-12 00:00:00+00:00, run_after=2025-11-13 00:00:00+00:00
[2025-11-13T06:29:20.016+0000] {logging_mixin.py:188} INFO - [2025-11-13T06:29:20.015+0000] {dag.py:3823} INFO - Setting next_dagrun for example_branch_datetime_operator_3 to 2025-11-12 00:00:00+00:00, run_after=2025-11-13 00:00:00+00:00
[2025-11-13T06:29:20.044+0000] {processor.py:183} INFO - Processing /home/airflow/.local/lib/python3.8/site-packages/airflow/example_dags/example_branch_datetime_operator.py took 0.133 seconds
[2025-11-13T06:29:50.884+0000] {processor.py:161} INFO - Started process (PID=531) to work on /home/airflow/.local/lib/python3.8/site-packages/airflow/example_dags/example_branch_datetime_operator.py
[2025-11-13T06:29:50.888+0000] {processor.py:830} INFO - Processing file /home/airflow/.local/lib/python3.8/site-packages/airflow/example_dags/example_branch_datetime_operator.py for tasks to queue
[2025-11-13T06:29:50.895+0000] {logging_mixin.py:188} INFO - [2025-11-13T06:29:50.893+0000] {dagbag.py:538} INFO - Filling up the DagBag from /home/airflow/.local/lib/python3.8/site-packages/airflow/example_dags/example_branch_datetime_operator.py
[2025-11-13T06:29:50.944+0000] {processor.py:840} INFO - DAG(s) 'example_branch_datetime_operator', 'example_branch_datetime_operator_3', 'example_branch_datetime_operator_2' retrieved from /home/airflow/.local/lib/python3.8/site-packages/airflow/example_dags/example_branch_datetime_operator.py
[2025-11-13T06:29:51.094+0000] {logging_mixin.py:188} INFO - [2025-11-13T06:29:51.093+0000] {dag.py:3036} INFO - Sync 3 DAGs
[2025-11-13T06:29:51.186+0000] {logging_mixin.py:188} INFO - [2025-11-13T06:29:51.185+0000] {dag.py:3823} INFO - Setting next_dagrun for example_branch_datetime_operator to 2025-11-12 00:00:00+00:00, run_after=2025-11-13 00:00:00+00:00
[2025-11-13T06:29:51.203+0000] {logging_mixin.py:188} INFO - [2025-11-13T06:29:51.202+0000] {dag.py:3823} INFO - Setting next_dagrun for example_branch_datetime_operator_2 to 2025-11-12 00:00:00+00:00, run_after=2025-11-13 00:00:00+00:00
[2025-11-13T06:29:51.214+0000] {logging_mixin.py:188} INFO - [2025-11-13T06:29:51.213+0000] {dag.py:3823} INFO - Setting next_dagrun for example_branch_datetime_operator_3 to 2025-11-12 00:00:00+00:00, run_after=2025-11-13 00:00:00+00:00
[2025-11-13T06:29:51.280+0000] {processor.py:183} INFO - Processing /home/airflow/.local/lib/python3.8/site-packages/airflow/example_dags/example_branch_datetime_operator.py took 0.407 seconds
[2025-11-13T06:30:22.184+0000] {processor.py:161} INFO - Started process (PID=593) to work on /home/airflow/.local/lib/python3.8/site-packages/airflow/example_dags/example_branch_datetime_operator.py
[2025-11-13T06:30:22.186+0000] {processor.py:830} INFO - Processing file /home/airflow/.local/lib/python3.8/site-packages/airflow/example_dags/example_branch_datetime_operator.py for tasks to queue
[2025-11-13T06:30:22.189+0000] {logging_mixin.py:188} INFO - [2025-11-13T06:30:22.188+0000] {dagbag.py:538} INFO - Filling up the DagBag from /home/airflow/.local/lib/python3.8/site-packages/airflow/example_dags/example_branch_datetime_operator.py
[2025-11-13T06:30:22.206+0000] {processor.py:840} INFO - DAG(s) 'example_branch_datetime_operator_2', 'example_branch_datetime_operator', 'example_branch_datetime_operator_3' retrieved from /home/airflow/.local/lib/python3.8/site-packages/airflow/example_dags/example_branch_datetime_operator.py
[2025-11-13T06:30:22.247+0000] {logging_mixin.py:188} INFO - [2025-11-13T06:30:22.247+0000] {dag.py:3036} INFO - Sync 3 DAGs
[2025-11-13T06:30:22.281+0000] {logging_mixin.py:188} INFO - [2025-11-13T06:30:22.281+0000] {dag.py:3823} INFO - Setting next_dagrun for example_branch_datetime_operator to 2025-11-12 00:00:00+00:00, run_after=2025-11-13 00:00:00+00:00
[2025-11-13T06:30:22.289+0000] {logging_mixin.py:188} INFO - [2025-11-13T06:30:22.289+0000] {dag.py:3823} INFO - Setting next_dagrun for example_branch_datetime_operator_2 to 2025-11-12 00:00:00+00:00, run_after=2025-11-13 00:00:00+00:00
[2025-11-13T06:30:22.292+0000] {logging_mixin.py:188} INFO - [2025-11-13T06:30:22.292+0000] {dag.py:3823} INFO - Setting next_dagrun for example_branch_datetime_operator_3 to 2025-11-12 00:00:00+00:00, run_after=2025-11-13 00:00:00+00:00
[2025-11-13T06:30:22.315+0000] {processor.py:183} INFO - Processing /home/airflow/.local/lib/python3.8/site-packages/airflow/example_dags/example_branch_datetime_operator.py took 0.135 seconds
[2025-11-13T06:30:52.616+0000] {processor.py:161} INFO - Started process (PID=655) to work on /home/airflow/.local/lib/python3.8/site-packages/airflow/example_dags/example_branch_datetime_operator.py
[2025-11-13T06:30:52.618+0000] {processor.py:830} INFO - Processing file /home/airflow/.local/lib/python3.8/site-packages/airflow/example_dags/example_branch_datetime_operator.py for tasks to queue
[2025-11-13T06:30:52.625+0000] {logging_mixin.py:188} INFO - [2025-11-13T06:30:52.624+0000] {dagbag.py:538} INFO - Filling up the DagBag from /home/airflow/.local/lib/python3.8/site-packages/airflow/example_dags/example_branch_datetime_operator.py
[2025-11-13T06:30:52.650+0000] {processor.py:840} INFO - DAG(s) 'example_branch_datetime_operator_2', 'example_branch_datetime_operator_3', 'example_branch_datetime_operator' retrieved from /home/airflow/.local/lib/python3.8/site-packages/airflow/example_dags/example_branch_datetime_operator.py
[2025-11-13T06:30:52.700+0000] {logging_mixin.py:188} INFO - [2025-11-13T06:30:52.700+0000] {dag.py:3036} INFO - Sync 3 DAGs
[2025-11-13T06:30:52.744+0000] {logging_mixin.py:188} INFO - [2025-11-13T06:30:52.744+0000] {dag.py:3823} INFO - Setting next_dagrun for example_branch_datetime_operator to 2025-11-12 00:00:00+00:00, run_after=2025-11-13 00:00:00+00:00
[2025-11-13T06:30:52.756+0000] {logging_mixin.py:188} INFO - [2025-11-13T06:30:52.755+0000] {dag.py:3823} INFO - Setting next_dagrun for example_branch_datetime_operator_2 to 2025-11-12 00:00:00+00:00, run_after=2025-11-13 00:00:00+00:00
[2025-11-13T06:30:52.761+0000] {logging_mixin.py:188} INFO - [2025-11-13T06:30:52.761+0000] {dag.py:3823} INFO - Setting next_dagrun for example_branch_datetime_operator_3 to 2025-11-12 00:00:00+00:00, run_after=2025-11-13 00:00:00+00:00
[2025-11-13T06:30:52.793+0000] {processor.py:183} INFO - Processing /home/airflow/.local/lib/python3.8/site-packages/airflow/example_dags/example_branch_datetime_operator.py took 0.189 seconds
[2025-11-13T06:31:23.530+0000] {processor.py:161} INFO - Started process (PID=717) to work on /home/airflow/.local/lib/python3.8/site-packages/airflow/example_dags/example_branch_datetime_operator.py
[2025-11-13T06:31:23.542+0000] {processor.py:830} INFO - Processing file /home/airflow/.local/lib/python3.8/site-packages/airflow/example_dags/example_branch_datetime_operator.py for tasks to queue
[2025-11-13T06:31:23.547+0000] {logging_mixin.py:188} INFO - [2025-11-13T06:31:23.546+0000] {dagbag.py:538} INFO - Filling up the DagBag from /home/airflow/.local/lib/python3.8/site-packages/airflow/example_dags/example_branch_datetime_operator.py
[2025-11-13T06:31:23.614+0000] {processor.py:840} INFO - DAG(s) 'example_branch_datetime_operator', 'example_branch_datetime_operator_3', 'example_branch_datetime_operator_2' retrieved from /home/airflow/.local/lib/python3.8/site-packages/airflow/example_dags/example_branch_datetime_operator.py
[2025-11-13T06:31:23.743+0000] {logging_mixin.py:188} INFO - [2025-11-13T06:31:23.742+0000] {dag.py:3036} INFO - Sync 3 DAGs
[2025-11-13T06:31:23.859+0000] {logging_mixin.py:188} INFO - [2025-11-13T06:31:23.859+0000] {dag.py:3823} INFO - Setting next_dagrun for example_branch_datetime_operator to 2025-11-12 00:00:00+00:00, run_after=2025-11-13 00:00:00+00:00
[2025-11-13T06:31:23.895+0000] {logging_mixin.py:188} INFO - [2025-11-13T06:31:23.894+0000] {dag.py:3823} INFO - Setting next_dagrun for example_branch_datetime_operator_2 to 2025-11-12 00:00:00+00:00, run_after=2025-11-13 00:00:00+00:00
[2025-11-13T06:31:23.915+0000] {logging_mixin.py:188} INFO - [2025-11-13T06:31:23.914+0000] {dag.py:3823} INFO - Setting next_dagrun for example_branch_datetime_operator_3 to 2025-11-12 00:00:00+00:00, run_after=2025-11-13 00:00:00+00:00
[2025-11-13T06:31:24.050+0000] {processor.py:183} INFO - Processing /home/airflow/.local/lib/python3.8/site-packages/airflow/example_dags/example_branch_datetime_operator.py took 0.544 seconds
[2025-11-13T06:31:54.331+0000] {processor.py:161} INFO - Started process (PID=779) to work on /home/airflow/.local/lib/python3.8/site-packages/airflow/example_dags/example_branch_datetime_operator.py
[2025-11-13T06:31:54.343+0000] {processor.py:830} INFO - Processing file /home/airflow/.local/lib/python3.8/site-packages/airflow/example_dags/example_branch_datetime_operator.py for tasks to queue
[2025-11-13T06:31:54.358+0000] {logging_mixin.py:188} INFO - [2025-11-13T06:31:54.348+0000] {dagbag.py:538} INFO - Filling up the DagBag from /home/airflow/.local/lib/python3.8/site-packages/airflow/example_dags/example_branch_datetime_operator.py
[2025-11-13T06:31:54.442+0000] {processor.py:840} INFO - DAG(s) 'example_branch_datetime_operator', 'example_branch_datetime_operator_3', 'example_branch_datetime_operator_2' retrieved from /home/airflow/.local/lib/python3.8/site-packages/airflow/example_dags/example_branch_datetime_operator.py
[2025-11-13T06:31:54.640+0000] {logging_mixin.py:188} INFO - [2025-11-13T06:31:54.639+0000] {dag.py:3036} INFO - Sync 3 DAGs
[2025-11-13T06:31:54.816+0000] {logging_mixin.py:188} INFO - [2025-11-13T06:31:54.815+0000] {dag.py:3823} INFO - Setting next_dagrun for example_branch_datetime_operator to 2025-11-12 00:00:00+00:00, run_after=2025-11-13 00:00:00+00:00
[2025-11-13T06:31:54.862+0000] {logging_mixin.py:188} INFO - [2025-11-13T06:31:54.851+0000] {dag.py:3823} INFO - Setting next_dagrun for example_branch_datetime_operator_2 to 2025-11-12 00:00:00+00:00, run_after=2025-11-13 00:00:00+00:00
[2025-11-13T06:31:54.881+0000] {logging_mixin.py:188} INFO - [2025-11-13T06:31:54.881+0000] {dag.py:3823} INFO - Setting next_dagrun for example_branch_datetime_operator_3 to 2025-11-12 00:00:00+00:00, run_after=2025-11-13 00:00:00+00:00
[2025-11-13T06:31:54.999+0000] {processor.py:183} INFO - Processing /home/airflow/.local/lib/python3.8/site-packages/airflow/example_dags/example_branch_datetime_operator.py took 0.689 seconds
[2025-11-13T06:32:26.095+0000] {processor.py:161} INFO - Started process (PID=841) to work on /home/airflow/.local/lib/python3.8/site-packages/airflow/example_dags/example_branch_datetime_operator.py
[2025-11-13T06:32:26.100+0000] {processor.py:830} INFO - Processing file /home/airflow/.local/lib/python3.8/site-packages/airflow/example_dags/example_branch_datetime_operator.py for tasks to queue
[2025-11-13T06:32:26.106+0000] {logging_mixin.py:188} INFO - [2025-11-13T06:32:26.105+0000] {dagbag.py:538} INFO - Filling up the DagBag from /home/airflow/.local/lib/python3.8/site-packages/airflow/example_dags/example_branch_datetime_operator.py
[2025-11-13T06:32:26.145+0000] {processor.py:840} INFO - DAG(s) 'example_branch_datetime_operator_2', 'example_branch_datetime_operator_3', 'example_branch_datetime_operator' retrieved from /home/airflow/.local/lib/python3.8/site-packages/airflow/example_dags/example_branch_datetime_operator.py
[2025-11-13T06:32:26.235+0000] {logging_mixin.py:188} INFO - [2025-11-13T06:32:26.235+0000] {dag.py:3036} INFO - Sync 3 DAGs
[2025-11-13T06:32:26.322+0000] {logging_mixin.py:188} INFO - [2025-11-13T06:32:26.321+0000] {dag.py:3823} INFO - Setting next_dagrun for example_branch_datetime_operator to 2025-11-12 00:00:00+00:00, run_after=2025-11-13 00:00:00+00:00
[2025-11-13T06:32:26.346+0000] {logging_mixin.py:188} INFO - [2025-11-13T06:32:26.346+0000] {dag.py:3823} INFO - Setting next_dagrun for example_branch_datetime_operator_2 to 2025-11-12 00:00:00+00:00, run_after=2025-11-13 00:00:00+00:00
[2025-11-13T06:32:26.362+0000] {logging_mixin.py:188} INFO - [2025-11-13T06:32:26.362+0000] {dag.py:3823} INFO - Setting next_dagrun for example_branch_datetime_operator_3 to 2025-11-12 00:00:00+00:00, run_after=2025-11-13 00:00:00+00:00
[2025-11-13T06:32:26.436+0000] {processor.py:183} INFO - Processing /home/airflow/.local/lib/python3.8/site-packages/airflow/example_dags/example_branch_datetime_operator.py took 0.353 seconds
[2025-11-13T06:32:57.250+0000] {processor.py:161} INFO - Started process (PID=909) to work on /home/airflow/.local/lib/python3.8/site-packages/airflow/example_dags/example_branch_datetime_operator.py
[2025-11-13T06:32:57.252+0000] {processor.py:830} INFO - Processing file /home/airflow/.local/lib/python3.8/site-packages/airflow/example_dags/example_branch_datetime_operator.py for tasks to queue
[2025-11-13T06:32:57.256+0000] {logging_mixin.py:188} INFO - [2025-11-13T06:32:57.256+0000] {dagbag.py:538} INFO - Filling up the DagBag from /home/airflow/.local/lib/python3.8/site-packages/airflow/example_dags/example_branch_datetime_operator.py
[2025-11-13T06:32:57.277+0000] {processor.py:840} INFO - DAG(s) 'example_branch_datetime_operator_2', 'example_branch_datetime_operator', 'example_branch_datetime_operator_3' retrieved from /home/airflow/.local/lib/python3.8/site-packages/airflow/example_dags/example_branch_datetime_operator.py
[2025-11-13T06:32:57.327+0000] {logging_mixin.py:188} INFO - [2025-11-13T06:32:57.326+0000] {dag.py:3036} INFO - Sync 3 DAGs
[2025-11-13T06:32:57.367+0000] {logging_mixin.py:188} INFO - [2025-11-13T06:32:57.367+0000] {dag.py:3823} INFO - Setting next_dagrun for example_branch_datetime_operator to 2025-11-12 00:00:00+00:00, run_after=2025-11-13 00:00:00+00:00
[2025-11-13T06:32:57.375+0000] {logging_mixin.py:188} INFO - [2025-11-13T06:32:57.375+0000] {dag.py:3823} INFO - Setting next_dagrun for example_branch_datetime_operator_2 to 2025-11-12 00:00:00+00:00, run_after=2025-11-13 00:00:00+00:00
[2025-11-13T06:32:57.380+0000] {logging_mixin.py:188} INFO - [2025-11-13T06:32:57.379+0000] {dag.py:3823} INFO - Setting next_dagrun for example_branch_datetime_operator_3 to 2025-11-12 00:00:00+00:00, run_after=2025-11-13 00:00:00+00:00
[2025-11-13T06:32:57.409+0000] {processor.py:183} INFO - Processing /home/airflow/.local/lib/python3.8/site-packages/airflow/example_dags/example_branch_datetime_operator.py took 0.167 seconds
[2025-11-13T06:33:27.865+0000] {processor.py:161} INFO - Started process (PID=971) to work on /home/airflow/.local/lib/python3.8/site-packages/airflow/example_dags/example_branch_datetime_operator.py
[2025-11-13T06:33:27.866+0000] {processor.py:830} INFO - Processing file /home/airflow/.local/lib/python3.8/site-packages/airflow/example_dags/example_branch_datetime_operator.py for tasks to queue
[2025-11-13T06:33:27.870+0000] {logging_mixin.py:188} INFO - [2025-11-13T06:33:27.870+0000] {dagbag.py:538} INFO - Filling up the DagBag from /home/airflow/.local/lib/python3.8/site-packages/airflow/example_dags/example_branch_datetime_operator.py
[2025-11-13T06:33:27.888+0000] {processor.py:840} INFO - DAG(s) 'example_branch_datetime_operator_3', 'example_branch_datetime_operator', 'example_branch_datetime_operator_2' retrieved from /home/airflow/.local/lib/python3.8/site-packages/airflow/example_dags/example_branch_datetime_operator.py
[2025-11-13T06:33:27.943+0000] {logging_mixin.py:188} INFO - [2025-11-13T06:33:27.942+0000] {dag.py:3036} INFO - Sync 3 DAGs
[2025-11-13T06:33:27.994+0000] {logging_mixin.py:188} INFO - [2025-11-13T06:33:27.994+0000] {dag.py:3823} INFO - Setting next_dagrun for example_branch_datetime_operator to 2025-11-12 00:00:00+00:00, run_after=2025-11-13 00:00:00+00:00
[2025-11-13T06:33:28.004+0000] {logging_mixin.py:188} INFO - [2025-11-13T06:33:28.004+0000] {dag.py:3823} INFO - Setting next_dagrun for example_branch_datetime_operator_2 to 2025-11-12 00:00:00+00:00, run_after=2025-11-13 00:00:00+00:00
[2025-11-13T06:33:28.010+0000] {logging_mixin.py:188} INFO - [2025-11-13T06:33:28.010+0000] {dag.py:3823} INFO - Setting next_dagrun for example_branch_datetime_operator_3 to 2025-11-12 00:00:00+00:00, run_after=2025-11-13 00:00:00+00:00
[2025-11-13T06:33:28.064+0000] {processor.py:183} INFO - Processing /home/airflow/.local/lib/python3.8/site-packages/airflow/example_dags/example_branch_datetime_operator.py took 0.206 seconds
[2025-11-13T06:33:58.167+0000] {processor.py:161} INFO - Started process (PID=1033) to work on /home/airflow/.local/lib/python3.8/site-packages/airflow/example_dags/example_branch_datetime_operator.py
[2025-11-13T06:33:58.169+0000] {processor.py:830} INFO - Processing file /home/airflow/.local/lib/python3.8/site-packages/airflow/example_dags/example_branch_datetime_operator.py for tasks to queue
[2025-11-13T06:33:58.171+0000] {logging_mixin.py:188} INFO - [2025-11-13T06:33:58.171+0000] {dagbag.py:538} INFO - Filling up the DagBag from /home/airflow/.local/lib/python3.8/site-packages/airflow/example_dags/example_branch_datetime_operator.py
[2025-11-13T06:33:58.182+0000] {processor.py:840} INFO - DAG(s) 'example_branch_datetime_operator_2', 'example_branch_datetime_operator_3', 'example_branch_datetime_operator' retrieved from /home/airflow/.local/lib/python3.8/site-packages/airflow/example_dags/example_branch_datetime_operator.py
[2025-11-13T06:33:58.216+0000] {logging_mixin.py:188} INFO - [2025-11-13T06:33:58.216+0000] {dag.py:3036} INFO - Sync 3 DAGs
[2025-11-13T06:33:58.243+0000] {logging_mixin.py:188} INFO - [2025-11-13T06:33:58.243+0000] {dag.py:3823} INFO - Setting next_dagrun for example_branch_datetime_operator to 2025-11-12 00:00:00+00:00, run_after=2025-11-13 00:00:00+00:00
[2025-11-13T06:33:58.250+0000] {logging_mixin.py:188} INFO - [2025-11-13T06:33:58.250+0000] {dag.py:3823} INFO - Setting next_dagrun for example_branch_datetime_operator_2 to 2025-11-12 00:00:00+00:00, run_after=2025-11-13 00:00:00+00:00
[2025-11-13T06:33:58.253+0000] {logging_mixin.py:188} INFO - [2025-11-13T06:33:58.253+0000] {dag.py:3823} INFO - Setting next_dagrun for example_branch_datetime_operator_3 to 2025-11-12 00:00:00+00:00, run_after=2025-11-13 00:00:00+00:00
[2025-11-13T06:33:58.276+0000] {processor.py:183} INFO - Processing /home/airflow/.local/lib/python3.8/site-packages/airflow/example_dags/example_branch_datetime_operator.py took 0.113 seconds
[2025-11-13T06:34:28.379+0000] {processor.py:161} INFO - Started process (PID=1095) to work on /home/airflow/.local/lib/python3.8/site-packages/airflow/example_dags/example_branch_datetime_operator.py
[2025-11-13T06:34:28.381+0000] {processor.py:830} INFO - Processing file /home/airflow/.local/lib/python3.8/site-packages/airflow/example_dags/example_branch_datetime_operator.py for tasks to queue
[2025-11-13T06:34:28.384+0000] {logging_mixin.py:188} INFO - [2025-11-13T06:34:28.383+0000] {dagbag.py:538} INFO - Filling up the DagBag from /home/airflow/.local/lib/python3.8/site-packages/airflow/example_dags/example_branch_datetime_operator.py
[2025-11-13T06:34:28.394+0000] {processor.py:840} INFO - DAG(s) 'example_branch_datetime_operator_3', 'example_branch_datetime_operator_2', 'example_branch_datetime_operator' retrieved from /home/airflow/.local/lib/python3.8/site-packages/airflow/example_dags/example_branch_datetime_operator.py
[2025-11-13T06:34:28.429+0000] {logging_mixin.py:188} INFO - [2025-11-13T06:34:28.429+0000] {dag.py:3036} INFO - Sync 3 DAGs
[2025-11-13T06:34:28.467+0000] {logging_mixin.py:188} INFO - [2025-11-13T06:34:28.466+0000] {dag.py:3823} INFO - Setting next_dagrun for example_branch_datetime_operator to 2025-11-12 00:00:00+00:00, run_after=2025-11-13 00:00:00+00:00
[2025-11-13T06:34:28.473+0000] {logging_mixin.py:188} INFO - [2025-11-13T06:34:28.472+0000] {dag.py:3823} INFO - Setting next_dagrun for example_branch_datetime_operator_2 to 2025-11-12 00:00:00+00:00, run_after=2025-11-13 00:00:00+00:00
[2025-11-13T06:34:28.476+0000] {logging_mixin.py:188} INFO - [2025-11-13T06:34:28.476+0000] {dag.py:3823} INFO - Setting next_dagrun for example_branch_datetime_operator_3 to 2025-11-12 00:00:00+00:00, run_after=2025-11-13 00:00:00+00:00
[2025-11-13T06:34:28.510+0000] {processor.py:183} INFO - Processing /home/airflow/.local/lib/python3.8/site-packages/airflow/example_dags/example_branch_datetime_operator.py took 0.135 seconds
[2025-11-13T06:34:58.820+0000] {processor.py:161} INFO - Started process (PID=1157) to work on /home/airflow/.local/lib/python3.8/site-packages/airflow/example_dags/example_branch_datetime_operator.py
[2025-11-13T06:34:58.822+0000] {processor.py:830} INFO - Processing file /home/airflow/.local/lib/python3.8/site-packages/airflow/example_dags/example_branch_datetime_operator.py for tasks to queue
[2025-11-13T06:34:58.824+0000] {logging_mixin.py:188} INFO - [2025-11-13T06:34:58.824+0000] {dagbag.py:538} INFO - Filling up the DagBag from /home/airflow/.local/lib/python3.8/site-packages/airflow/example_dags/example_branch_datetime_operator.py
[2025-11-13T06:34:58.835+0000] {processor.py:840} INFO - DAG(s) 'example_branch_datetime_operator', 'example_branch_datetime_operator_2', 'example_branch_datetime_operator_3' retrieved from /home/airflow/.local/lib/python3.8/site-packages/airflow/example_dags/example_branch_datetime_operator.py
[2025-11-13T06:34:58.871+0000] {logging_mixin.py:188} INFO - [2025-11-13T06:34:58.870+0000] {dag.py:3036} INFO - Sync 3 DAGs
[2025-11-13T06:34:58.899+0000] {logging_mixin.py:188} INFO - [2025-11-13T06:34:58.898+0000] {dag.py:3823} INFO - Setting next_dagrun for example_branch_datetime_operator to 2025-11-12 00:00:00+00:00, run_after=2025-11-13 00:00:00+00:00
[2025-11-13T06:34:58.905+0000] {logging_mixin.py:188} INFO - [2025-11-13T06:34:58.905+0000] {dag.py:3823} INFO - Setting next_dagrun for example_branch_datetime_operator_2 to 2025-11-12 00:00:00+00:00, run_after=2025-11-13 00:00:00+00:00
[2025-11-13T06:34:58.908+0000] {logging_mixin.py:188} INFO - [2025-11-13T06:34:58.908+0000] {dag.py:3823} INFO - Setting next_dagrun for example_branch_datetime_operator_3 to 2025-11-12 00:00:00+00:00, run_after=2025-11-13 00:00:00+00:00
[2025-11-13T06:34:58.940+0000] {processor.py:183} INFO - Processing /home/airflow/.local/lib/python3.8/site-packages/airflow/example_dags/example_branch_datetime_operator.py took 0.124 seconds
[2025-11-13T06:35:29.589+0000] {processor.py:161} INFO - Started process (PID=1219) to work on /home/airflow/.local/lib/python3.8/site-packages/airflow/example_dags/example_branch_datetime_operator.py
[2025-11-13T06:35:29.590+0000] {processor.py:830} INFO - Processing file /home/airflow/.local/lib/python3.8/site-packages/airflow/example_dags/example_branch_datetime_operator.py for tasks to queue
[2025-11-13T06:35:29.593+0000] {logging_mixin.py:188} INFO - [2025-11-13T06:35:29.593+0000] {dagbag.py:538} INFO - Filling up the DagBag from /home/airflow/.local/lib/python3.8/site-packages/airflow/example_dags/example_branch_datetime_operator.py
[2025-11-13T06:35:29.606+0000] {processor.py:840} INFO - DAG(s) 'example_branch_datetime_operator', 'example_branch_datetime_operator_2', 'example_branch_datetime_operator_3' retrieved from /home/airflow/.local/lib/python3.8/site-packages/airflow/example_dags/example_branch_datetime_operator.py
[2025-11-13T06:35:29.642+0000] {logging_mixin.py:188} INFO - [2025-11-13T06:35:29.641+0000] {dag.py:3036} INFO - Sync 3 DAGs
[2025-11-13T06:35:29.671+0000] {logging_mixin.py:188} INFO - [2025-11-13T06:35:29.670+0000] {dag.py:3823} INFO - Setting next_dagrun for example_branch_datetime_operator to 2025-11-12 00:00:00+00:00, run_after=2025-11-13 00:00:00+00:00
[2025-11-13T06:35:29.676+0000] {logging_mixin.py:188} INFO - [2025-11-13T06:35:29.676+0000] {dag.py:3823} INFO - Setting next_dagrun for example_branch_datetime_operator_2 to 2025-11-12 00:00:00+00:00, run_after=2025-11-13 00:00:00+00:00
[2025-11-13T06:35:29.680+0000] {logging_mixin.py:188} INFO - [2025-11-13T06:35:29.680+0000] {dag.py:3823} INFO - Setting next_dagrun for example_branch_datetime_operator_3 to 2025-11-12 00:00:00+00:00, run_after=2025-11-13 00:00:00+00:00
[2025-11-13T06:35:29.708+0000] {processor.py:183} INFO - Processing /home/airflow/.local/lib/python3.8/site-packages/airflow/example_dags/example_branch_datetime_operator.py took 0.123 seconds
[2025-11-13T06:36:00.482+0000] {processor.py:161} INFO - Started process (PID=1281) to work on /home/airflow/.local/lib/python3.8/site-packages/airflow/example_dags/example_branch_datetime_operator.py
[2025-11-13T06:36:00.484+0000] {processor.py:830} INFO - Processing file /home/airflow/.local/lib/python3.8/site-packages/airflow/example_dags/example_branch_datetime_operator.py for tasks to queue
[2025-11-13T06:36:00.489+0000] {logging_mixin.py:188} INFO - [2025-11-13T06:36:00.489+0000] {dagbag.py:538} INFO - Filling up the DagBag from /home/airflow/.local/lib/python3.8/site-packages/airflow/example_dags/example_branch_datetime_operator.py
[2025-11-13T06:36:00.507+0000] {processor.py:840} INFO - DAG(s) 'example_branch_datetime_operator', 'example_branch_datetime_operator_2', 'example_branch_datetime_operator_3' retrieved from /home/airflow/.local/lib/python3.8/site-packages/airflow/example_dags/example_branch_datetime_operator.py
[2025-11-13T06:36:00.552+0000] {logging_mixin.py:188} INFO - [2025-11-13T06:36:00.552+0000] {dag.py:3036} INFO - Sync 3 DAGs
[2025-11-13T06:36:00.595+0000] {logging_mixin.py:188} INFO - [2025-11-13T06:36:00.595+0000] {dag.py:3823} INFO - Setting next_dagrun for example_branch_datetime_operator to 2025-11-12 00:00:00+00:00, run_after=2025-11-13 00:00:00+00:00
[2025-11-13T06:36:00.603+0000] {logging_mixin.py:188} INFO - [2025-11-13T06:36:00.603+0000] {dag.py:3823} INFO - Setting next_dagrun for example_branch_datetime_operator_2 to 2025-11-12 00:00:00+00:00, run_after=2025-11-13 00:00:00+00:00
[2025-11-13T06:36:00.608+0000] {logging_mixin.py:188} INFO - [2025-11-13T06:36:00.607+0000] {dag.py:3823} INFO - Setting next_dagrun for example_branch_datetime_operator_3 to 2025-11-12 00:00:00+00:00, run_after=2025-11-13 00:00:00+00:00
[2025-11-13T06:36:00.645+0000] {processor.py:183} INFO - Processing /home/airflow/.local/lib/python3.8/site-packages/airflow/example_dags/example_branch_datetime_operator.py took 0.171 seconds
[2025-11-13T06:36:31.272+0000] {processor.py:161} INFO - Started process (PID=1344) to work on /home/airflow/.local/lib/python3.8/site-packages/airflow/example_dags/example_branch_datetime_operator.py
[2025-11-13T06:36:31.274+0000] {processor.py:830} INFO - Processing file /home/airflow/.local/lib/python3.8/site-packages/airflow/example_dags/example_branch_datetime_operator.py for tasks to queue
[2025-11-13T06:36:31.276+0000] {logging_mixin.py:188} INFO - [2025-11-13T06:36:31.276+0000] {dagbag.py:538} INFO - Filling up the DagBag from /home/airflow/.local/lib/python3.8/site-packages/airflow/example_dags/example_branch_datetime_operator.py
[2025-11-13T06:36:31.290+0000] {processor.py:840} INFO - DAG(s) 'example_branch_datetime_operator_3', 'example_branch_datetime_operator', 'example_branch_datetime_operator_2' retrieved from /home/airflow/.local/lib/python3.8/site-packages/airflow/example_dags/example_branch_datetime_operator.py
[2025-11-13T06:36:31.324+0000] {logging_mixin.py:188} INFO - [2025-11-13T06:36:31.323+0000] {dag.py:3036} INFO - Sync 3 DAGs
[2025-11-13T06:36:31.352+0000] {logging_mixin.py:188} INFO - [2025-11-13T06:36:31.352+0000] {dag.py:3823} INFO - Setting next_dagrun for example_branch_datetime_operator to 2025-11-12 00:00:00+00:00, run_after=2025-11-13 00:00:00+00:00
[2025-11-13T06:36:31.358+0000] {logging_mixin.py:188} INFO - [2025-11-13T06:36:31.358+0000] {dag.py:3823} INFO - Setting next_dagrun for example_branch_datetime_operator_2 to 2025-11-12 00:00:00+00:00, run_after=2025-11-13 00:00:00+00:00
[2025-11-13T06:36:31.362+0000] {logging_mixin.py:188} INFO - [2025-11-13T06:36:31.361+0000] {dag.py:3823} INFO - Setting next_dagrun for example_branch_datetime_operator_3 to 2025-11-12 00:00:00+00:00, run_after=2025-11-13 00:00:00+00:00
[2025-11-13T06:36:31.393+0000] {processor.py:183} INFO - Processing /home/airflow/.local/lib/python3.8/site-packages/airflow/example_dags/example_branch_datetime_operator.py took 0.126 seconds
[2025-11-13T06:37:01.497+0000] {processor.py:161} INFO - Started process (PID=1406) to work on /home/airflow/.local/lib/python3.8/site-packages/airflow/example_dags/example_branch_datetime_operator.py
[2025-11-13T06:37:01.498+0000] {processor.py:830} INFO - Processing file /home/airflow/.local/lib/python3.8/site-packages/airflow/example_dags/example_branch_datetime_operator.py for tasks to queue
[2025-11-13T06:37:01.501+0000] {logging_mixin.py:188} INFO - [2025-11-13T06:37:01.501+0000] {dagbag.py:538} INFO - Filling up the DagBag from /home/airflow/.local/lib/python3.8/site-packages/airflow/example_dags/example_branch_datetime_operator.py
[2025-11-13T06:37:01.514+0000] {processor.py:840} INFO - DAG(s) 'example_branch_datetime_operator_3', 'example_branch_datetime_operator', 'example_branch_datetime_operator_2' retrieved from /home/airflow/.local/lib/python3.8/site-packages/airflow/example_dags/example_branch_datetime_operator.py
[2025-11-13T06:37:01.554+0000] {logging_mixin.py:188} INFO - [2025-11-13T06:37:01.554+0000] {dag.py:3036} INFO - Sync 3 DAGs
[2025-11-13T06:37:01.586+0000] {logging_mixin.py:188} INFO - [2025-11-13T06:37:01.586+0000] {dag.py:3823} INFO - Setting next_dagrun for example_branch_datetime_operator to 2025-11-12 00:00:00+00:00, run_after=2025-11-13 00:00:00+00:00
[2025-11-13T06:37:01.592+0000] {logging_mixin.py:188} INFO - [2025-11-13T06:37:01.592+0000] {dag.py:3823} INFO - Setting next_dagrun for example_branch_datetime_operator_2 to 2025-11-12 00:00:00+00:00, run_after=2025-11-13 00:00:00+00:00
[2025-11-13T06:37:01.597+0000] {logging_mixin.py:188} INFO - [2025-11-13T06:37:01.597+0000] {dag.py:3823} INFO - Setting next_dagrun for example_branch_datetime_operator_3 to 2025-11-12 00:00:00+00:00, run_after=2025-11-13 00:00:00+00:00
[2025-11-13T06:37:01.633+0000] {processor.py:183} INFO - Processing /home/airflow/.local/lib/python3.8/site-packages/airflow/example_dags/example_branch_datetime_operator.py took 0.140 seconds
[2025-11-13T06:37:31.789+0000] {processor.py:161} INFO - Started process (PID=1468) to work on /home/airflow/.local/lib/python3.8/site-packages/airflow/example_dags/example_branch_datetime_operator.py
[2025-11-13T06:37:31.791+0000] {processor.py:830} INFO - Processing file /home/airflow/.local/lib/python3.8/site-packages/airflow/example_dags/example_branch_datetime_operator.py for tasks to queue
[2025-11-13T06:37:31.794+0000] {logging_mixin.py:188} INFO - [2025-11-13T06:37:31.793+0000] {dagbag.py:538} INFO - Filling up the DagBag from /home/airflow/.local/lib/python3.8/site-packages/airflow/example_dags/example_branch_datetime_operator.py
[2025-11-13T06:37:31.805+0000] {processor.py:840} INFO - DAG(s) 'example_branch_datetime_operator', 'example_branch_datetime_operator_2', 'example_branch_datetime_operator_3' retrieved from /home/airflow/.local/lib/python3.8/site-packages/airflow/example_dags/example_branch_datetime_operator.py
[2025-11-13T06:37:31.842+0000] {logging_mixin.py:188} INFO - [2025-11-13T06:37:31.842+0000] {dag.py:3036} INFO - Sync 3 DAGs
[2025-11-13T06:37:31.872+0000] {logging_mixin.py:188} INFO - [2025-11-13T06:37:31.872+0000] {dag.py:3823} INFO - Setting next_dagrun for example_branch_datetime_operator to 2025-11-12 00:00:00+00:00, run_after=2025-11-13 00:00:00+00:00
[2025-11-13T06:37:31.880+0000] {logging_mixin.py:188} INFO - [2025-11-13T06:37:31.879+0000] {dag.py:3823} INFO - Setting next_dagrun for example_branch_datetime_operator_2 to 2025-11-12 00:00:00+00:00, run_after=2025-11-13 00:00:00+00:00
[2025-11-13T06:37:31.883+0000] {logging_mixin.py:188} INFO - [2025-11-13T06:37:31.883+0000] {dag.py:3823} INFO - Setting next_dagrun for example_branch_datetime_operator_3 to 2025-11-12 00:00:00+00:00, run_after=2025-11-13 00:00:00+00:00
[2025-11-13T06:37:31.917+0000] {processor.py:183} INFO - Processing /home/airflow/.local/lib/python3.8/site-packages/airflow/example_dags/example_branch_datetime_operator.py took 0.132 seconds
[2025-11-13T06:38:02.773+0000] {processor.py:161} INFO - Started process (PID=1530) to work on /home/airflow/.local/lib/python3.8/site-packages/airflow/example_dags/example_branch_datetime_operator.py
[2025-11-13T06:38:02.775+0000] {processor.py:830} INFO - Processing file /home/airflow/.local/lib/python3.8/site-packages/airflow/example_dags/example_branch_datetime_operator.py for tasks to queue
[2025-11-13T06:38:02.778+0000] {logging_mixin.py:188} INFO - [2025-11-13T06:38:02.778+0000] {dagbag.py:538} INFO - Filling up the DagBag from /home/airflow/.local/lib/python3.8/site-packages/airflow/example_dags/example_branch_datetime_operator.py
[2025-11-13T06:38:02.793+0000] {processor.py:840} INFO - DAG(s) 'example_branch_datetime_operator', 'example_branch_datetime_operator_2', 'example_branch_datetime_operator_3' retrieved from /home/airflow/.local/lib/python3.8/site-packages/airflow/example_dags/example_branch_datetime_operator.py
[2025-11-13T06:38:02.840+0000] {logging_mixin.py:188} INFO - [2025-11-13T06:38:02.839+0000] {dag.py:3036} INFO - Sync 3 DAGs
[2025-11-13T06:38:02.870+0000] {logging_mixin.py:188} INFO - [2025-11-13T06:38:02.870+0000] {dag.py:3823} INFO - Setting next_dagrun for example_branch_datetime_operator to 2025-11-12 00:00:00+00:00, run_after=2025-11-13 00:00:00+00:00
[2025-11-13T06:38:02.877+0000] {logging_mixin.py:188} INFO - [2025-11-13T06:38:02.877+0000] {dag.py:3823} INFO - Setting next_dagrun for example_branch_datetime_operator_2 to 2025-11-12 00:00:00+00:00, run_after=2025-11-13 00:00:00+00:00
[2025-11-13T06:38:02.881+0000] {logging_mixin.py:188} INFO - [2025-11-13T06:38:02.881+0000] {dag.py:3823} INFO - Setting next_dagrun for example_branch_datetime_operator_3 to 2025-11-12 00:00:00+00:00, run_after=2025-11-13 00:00:00+00:00
[2025-11-13T06:38:02.904+0000] {processor.py:183} INFO - Processing /home/airflow/.local/lib/python3.8/site-packages/airflow/example_dags/example_branch_datetime_operator.py took 0.136 seconds
[2025-11-13T06:38:33.197+0000] {processor.py:161} INFO - Started process (PID=1592) to work on /home/airflow/.local/lib/python3.8/site-packages/airflow/example_dags/example_branch_datetime_operator.py
[2025-11-13T06:38:33.200+0000] {processor.py:830} INFO - Processing file /home/airflow/.local/lib/python3.8/site-packages/airflow/example_dags/example_branch_datetime_operator.py for tasks to queue
[2025-11-13T06:38:33.204+0000] {logging_mixin.py:188} INFO - [2025-11-13T06:38:33.203+0000] {dagbag.py:538} INFO - Filling up the DagBag from /home/airflow/.local/lib/python3.8/site-packages/airflow/example_dags/example_branch_datetime_operator.py
[2025-11-13T06:38:33.221+0000] {processor.py:840} INFO - DAG(s) 'example_branch_datetime_operator', 'example_branch_datetime_operator_2', 'example_branch_datetime_operator_3' retrieved from /home/airflow/.local/lib/python3.8/site-packages/airflow/example_dags/example_branch_datetime_operator.py
[2025-11-13T06:38:33.289+0000] {logging_mixin.py:188} INFO - [2025-11-13T06:38:33.289+0000] {dag.py:3036} INFO - Sync 3 DAGs
[2025-11-13T06:38:33.338+0000] {logging_mixin.py:188} INFO - [2025-11-13T06:38:33.338+0000] {dag.py:3823} INFO - Setting next_dagrun for example_branch_datetime_operator to 2025-11-12 00:00:00+00:00, run_after=2025-11-13 00:00:00+00:00
[2025-11-13T06:38:33.347+0000] {logging_mixin.py:188} INFO - [2025-11-13T06:38:33.347+0000] {dag.py:3823} INFO - Setting next_dagrun for example_branch_datetime_operator_2 to 2025-11-12 00:00:00+00:00, run_after=2025-11-13 00:00:00+00:00
[2025-11-13T06:38:33.352+0000] {logging_mixin.py:188} INFO - [2025-11-13T06:38:33.352+0000] {dag.py:3823} INFO - Setting next_dagrun for example_branch_datetime_operator_3 to 2025-11-12 00:00:00+00:00, run_after=2025-11-13 00:00:00+00:00
[2025-11-13T06:38:33.389+0000] {processor.py:183} INFO - Processing /home/airflow/.local/lib/python3.8/site-packages/airflow/example_dags/example_branch_datetime_operator.py took 0.198 seconds
[2025-11-13T06:39:03.923+0000] {processor.py:161} INFO - Started process (PID=1654) to work on /home/airflow/.local/lib/python3.8/site-packages/airflow/example_dags/example_branch_datetime_operator.py
[2025-11-13T06:39:03.924+0000] {processor.py:830} INFO - Processing file /home/airflow/.local/lib/python3.8/site-packages/airflow/example_dags/example_branch_datetime_operator.py for tasks to queue
[2025-11-13T06:39:03.928+0000] {logging_mixin.py:188} INFO - [2025-11-13T06:39:03.927+0000] {dagbag.py:538} INFO - Filling up the DagBag from /home/airflow/.local/lib/python3.8/site-packages/airflow/example_dags/example_branch_datetime_operator.py
[2025-11-13T06:39:03.946+0000] {processor.py:840} INFO - DAG(s) 'example_branch_datetime_operator', 'example_branch_datetime_operator_2', 'example_branch_datetime_operator_3' retrieved from /home/airflow/.local/lib/python3.8/site-packages/airflow/example_dags/example_branch_datetime_operator.py
[2025-11-13T06:39:03.986+0000] {logging_mixin.py:188} INFO - [2025-11-13T06:39:03.985+0000] {dag.py:3036} INFO - Sync 3 DAGs
[2025-11-13T06:39:04.016+0000] {logging_mixin.py:188} INFO - [2025-11-13T06:39:04.016+0000] {dag.py:3823} INFO - Setting next_dagrun for example_branch_datetime_operator to 2025-11-12 00:00:00+00:00, run_after=2025-11-13 00:00:00+00:00
[2025-11-13T06:39:04.023+0000] {logging_mixin.py:188} INFO - [2025-11-13T06:39:04.023+0000] {dag.py:3823} INFO - Setting next_dagrun for example_branch_datetime_operator_2 to 2025-11-12 00:00:00+00:00, run_after=2025-11-13 00:00:00+00:00
[2025-11-13T06:39:04.027+0000] {logging_mixin.py:188} INFO - [2025-11-13T06:39:04.027+0000] {dag.py:3823} INFO - Setting next_dagrun for example_branch_datetime_operator_3 to 2025-11-12 00:00:00+00:00, run_after=2025-11-13 00:00:00+00:00
[2025-11-13T06:39:04.060+0000] {processor.py:183} INFO - Processing /home/airflow/.local/lib/python3.8/site-packages/airflow/example_dags/example_branch_datetime_operator.py took 0.142 seconds
[2025-11-13T06:39:34.407+0000] {processor.py:161} INFO - Started process (PID=1716) to work on /home/airflow/.local/lib/python3.8/site-packages/airflow/example_dags/example_branch_datetime_operator.py
[2025-11-13T06:39:34.409+0000] {processor.py:830} INFO - Processing file /home/airflow/.local/lib/python3.8/site-packages/airflow/example_dags/example_branch_datetime_operator.py for tasks to queue
[2025-11-13T06:39:34.412+0000] {logging_mixin.py:188} INFO - [2025-11-13T06:39:34.411+0000] {dagbag.py:538} INFO - Filling up the DagBag from /home/airflow/.local/lib/python3.8/site-packages/airflow/example_dags/example_branch_datetime_operator.py
[2025-11-13T06:39:34.423+0000] {processor.py:840} INFO - DAG(s) 'example_branch_datetime_operator_3', 'example_branch_datetime_operator', 'example_branch_datetime_operator_2' retrieved from /home/airflow/.local/lib/python3.8/site-packages/airflow/example_dags/example_branch_datetime_operator.py
[2025-11-13T06:39:34.458+0000] {logging_mixin.py:188} INFO - [2025-11-13T06:39:34.458+0000] {dag.py:3036} INFO - Sync 3 DAGs
[2025-11-13T06:39:34.487+0000] {logging_mixin.py:188} INFO - [2025-11-13T06:39:34.487+0000] {dag.py:3823} INFO - Setting next_dagrun for example_branch_datetime_operator to 2025-11-12 00:00:00+00:00, run_after=2025-11-13 00:00:00+00:00
[2025-11-13T06:39:34.493+0000] {logging_mixin.py:188} INFO - [2025-11-13T06:39:34.493+0000] {dag.py:3823} INFO - Setting next_dagrun for example_branch_datetime_operator_2 to 2025-11-12 00:00:00+00:00, run_after=2025-11-13 00:00:00+00:00
[2025-11-13T06:39:34.497+0000] {logging_mixin.py:188} INFO - [2025-11-13T06:39:34.497+0000] {dag.py:3823} INFO - Setting next_dagrun for example_branch_datetime_operator_3 to 2025-11-12 00:00:00+00:00, run_after=2025-11-13 00:00:00+00:00
[2025-11-13T06:39:34.529+0000] {processor.py:183} INFO - Processing /home/airflow/.local/lib/python3.8/site-packages/airflow/example_dags/example_branch_datetime_operator.py took 0.125 seconds
[2025-11-13T06:40:05.207+0000] {processor.py:161} INFO - Started process (PID=1778) to work on /home/airflow/.local/lib/python3.8/site-packages/airflow/example_dags/example_branch_datetime_operator.py
[2025-11-13T06:40:05.209+0000] {processor.py:830} INFO - Processing file /home/airflow/.local/lib/python3.8/site-packages/airflow/example_dags/example_branch_datetime_operator.py for tasks to queue
[2025-11-13T06:40:05.212+0000] {logging_mixin.py:188} INFO - [2025-11-13T06:40:05.211+0000] {dagbag.py:538} INFO - Filling up the DagBag from /home/airflow/.local/lib/python3.8/site-packages/airflow/example_dags/example_branch_datetime_operator.py
[2025-11-13T06:40:05.228+0000] {processor.py:840} INFO - DAG(s) 'example_branch_datetime_operator_3', 'example_branch_datetime_operator', 'example_branch_datetime_operator_2' retrieved from /home/airflow/.local/lib/python3.8/site-packages/airflow/example_dags/example_branch_datetime_operator.py
[2025-11-13T06:40:05.265+0000] {logging_mixin.py:188} INFO - [2025-11-13T06:40:05.264+0000] {dag.py:3036} INFO - Sync 3 DAGs
[2025-11-13T06:40:05.294+0000] {logging_mixin.py:188} INFO - [2025-11-13T06:40:05.293+0000] {dag.py:3823} INFO - Setting next_dagrun for example_branch_datetime_operator to 2025-11-12 00:00:00+00:00, run_after=2025-11-13 00:00:00+00:00
[2025-11-13T06:40:05.301+0000] {logging_mixin.py:188} INFO - [2025-11-13T06:40:05.301+0000] {dag.py:3823} INFO - Setting next_dagrun for example_branch_datetime_operator_2 to 2025-11-12 00:00:00+00:00, run_after=2025-11-13 00:00:00+00:00
[2025-11-13T06:40:05.305+0000] {logging_mixin.py:188} INFO - [2025-11-13T06:40:05.304+0000] {dag.py:3823} INFO - Setting next_dagrun for example_branch_datetime_operator_3 to 2025-11-12 00:00:00+00:00, run_after=2025-11-13 00:00:00+00:00
[2025-11-13T06:40:05.330+0000] {processor.py:183} INFO - Processing /home/airflow/.local/lib/python3.8/site-packages/airflow/example_dags/example_branch_datetime_operator.py took 0.128 seconds
[2025-11-13T06:40:35.624+0000] {processor.py:161} INFO - Started process (PID=1840) to work on /home/airflow/.local/lib/python3.8/site-packages/airflow/example_dags/example_branch_datetime_operator.py
[2025-11-13T06:40:35.626+0000] {processor.py:830} INFO - Processing file /home/airflow/.local/lib/python3.8/site-packages/airflow/example_dags/example_branch_datetime_operator.py for tasks to queue
[2025-11-13T06:40:35.630+0000] {logging_mixin.py:188} INFO - [2025-11-13T06:40:35.630+0000] {dagbag.py:538} INFO - Filling up the DagBag from /home/airflow/.local/lib/python3.8/site-packages/airflow/example_dags/example_branch_datetime_operator.py
[2025-11-13T06:40:35.650+0000] {processor.py:840} INFO - DAG(s) 'example_branch_datetime_operator_2', 'example_branch_datetime_operator_3', 'example_branch_datetime_operator' retrieved from /home/airflow/.local/lib/python3.8/site-packages/airflow/example_dags/example_branch_datetime_operator.py
[2025-11-13T06:40:35.703+0000] {logging_mixin.py:188} INFO - [2025-11-13T06:40:35.703+0000] {dag.py:3036} INFO - Sync 3 DAGs
[2025-11-13T06:40:35.749+0000] {logging_mixin.py:188} INFO - [2025-11-13T06:40:35.748+0000] {dag.py:3823} INFO - Setting next_dagrun for example_branch_datetime_operator to 2025-11-12 00:00:00+00:00, run_after=2025-11-13 00:00:00+00:00
[2025-11-13T06:40:35.761+0000] {logging_mixin.py:188} INFO - [2025-11-13T06:40:35.760+0000] {dag.py:3823} INFO - Setting next_dagrun for example_branch_datetime_operator_2 to 2025-11-12 00:00:00+00:00, run_after=2025-11-13 00:00:00+00:00
[2025-11-13T06:40:35.769+0000] {logging_mixin.py:188} INFO - [2025-11-13T06:40:35.768+0000] {dag.py:3823} INFO - Setting next_dagrun for example_branch_datetime_operator_3 to 2025-11-12 00:00:00+00:00, run_after=2025-11-13 00:00:00+00:00
[2025-11-13T06:40:35.810+0000] {processor.py:183} INFO - Processing /home/airflow/.local/lib/python3.8/site-packages/airflow/example_dags/example_branch_datetime_operator.py took 0.192 seconds
[2025-11-13T06:41:06.327+0000] {processor.py:161} INFO - Started process (PID=1900) to work on /home/airflow/.local/lib/python3.8/site-packages/airflow/example_dags/example_branch_datetime_operator.py
[2025-11-13T06:41:06.330+0000] {processor.py:830} INFO - Processing file /home/airflow/.local/lib/python3.8/site-packages/airflow/example_dags/example_branch_datetime_operator.py for tasks to queue
[2025-11-13T06:41:06.334+0000] {logging_mixin.py:188} INFO - [2025-11-13T06:41:06.333+0000] {dagbag.py:538} INFO - Filling up the DagBag from /home/airflow/.local/lib/python3.8/site-packages/airflow/example_dags/example_branch_datetime_operator.py
[2025-11-13T06:41:06.348+0000] {processor.py:840} INFO - DAG(s) 'example_branch_datetime_operator', 'example_branch_datetime_operator_3', 'example_branch_datetime_operator_2' retrieved from /home/airflow/.local/lib/python3.8/site-packages/airflow/example_dags/example_branch_datetime_operator.py
[2025-11-13T06:41:06.385+0000] {logging_mixin.py:188} INFO - [2025-11-13T06:41:06.384+0000] {dag.py:3036} INFO - Sync 3 DAGs
[2025-11-13T06:41:06.414+0000] {logging_mixin.py:188} INFO - [2025-11-13T06:41:06.413+0000] {dag.py:3823} INFO - Setting next_dagrun for example_branch_datetime_operator to 2025-11-12 00:00:00+00:00, run_after=2025-11-13 00:00:00+00:00
[2025-11-13T06:41:06.420+0000] {logging_mixin.py:188} INFO - [2025-11-13T06:41:06.420+0000] {dag.py:3823} INFO - Setting next_dagrun for example_branch_datetime_operator_2 to 2025-11-12 00:00:00+00:00, run_after=2025-11-13 00:00:00+00:00
[2025-11-13T06:41:06.424+0000] {logging_mixin.py:188} INFO - [2025-11-13T06:41:06.424+0000] {dag.py:3823} INFO - Setting next_dagrun for example_branch_datetime_operator_3 to 2025-11-12 00:00:00+00:00, run_after=2025-11-13 00:00:00+00:00
[2025-11-13T06:41:06.448+0000] {processor.py:183} INFO - Processing /home/airflow/.local/lib/python3.8/site-packages/airflow/example_dags/example_branch_datetime_operator.py took 0.128 seconds
[2025-11-13T06:41:37.312+0000] {processor.py:161} INFO - Started process (PID=1962) to work on /home/airflow/.local/lib/python3.8/site-packages/airflow/example_dags/example_branch_datetime_operator.py
[2025-11-13T06:41:37.314+0000] {processor.py:830} INFO - Processing file /home/airflow/.local/lib/python3.8/site-packages/airflow/example_dags/example_branch_datetime_operator.py for tasks to queue
[2025-11-13T06:41:37.317+0000] {logging_mixin.py:188} INFO - [2025-11-13T06:41:37.316+0000] {dagbag.py:538} INFO - Filling up the DagBag from /home/airflow/.local/lib/python3.8/site-packages/airflow/example_dags/example_branch_datetime_operator.py
[2025-11-13T06:41:37.328+0000] {processor.py:840} INFO - DAG(s) 'example_branch_datetime_operator_3', 'example_branch_datetime_operator_2', 'example_branch_datetime_operator' retrieved from /home/airflow/.local/lib/python3.8/site-packages/airflow/example_dags/example_branch_datetime_operator.py
[2025-11-13T06:41:37.366+0000] {logging_mixin.py:188} INFO - [2025-11-13T06:41:37.365+0000] {dag.py:3036} INFO - Sync 3 DAGs
[2025-11-13T06:41:37.395+0000] {logging_mixin.py:188} INFO - [2025-11-13T06:41:37.394+0000] {dag.py:3823} INFO - Setting next_dagrun for example_branch_datetime_operator to 2025-11-12 00:00:00+00:00, run_after=2025-11-13 00:00:00+00:00
[2025-11-13T06:41:37.402+0000] {logging_mixin.py:188} INFO - [2025-11-13T06:41:37.401+0000] {dag.py:3823} INFO - Setting next_dagrun for example_branch_datetime_operator_2 to 2025-11-12 00:00:00+00:00, run_after=2025-11-13 00:00:00+00:00
[2025-11-13T06:41:37.407+0000] {logging_mixin.py:188} INFO - [2025-11-13T06:41:37.406+0000] {dag.py:3823} INFO - Setting next_dagrun for example_branch_datetime_operator_3 to 2025-11-12 00:00:00+00:00, run_after=2025-11-13 00:00:00+00:00
[2025-11-13T06:41:37.441+0000] {processor.py:183} INFO - Processing /home/airflow/.local/lib/python3.8/site-packages/airflow/example_dags/example_branch_datetime_operator.py took 0.134 seconds
[2025-11-13T06:42:08.299+0000] {processor.py:161} INFO - Started process (PID=2024) to work on /home/airflow/.local/lib/python3.8/site-packages/airflow/example_dags/example_branch_datetime_operator.py
[2025-11-13T06:42:08.304+0000] {processor.py:830} INFO - Processing file /home/airflow/.local/lib/python3.8/site-packages/airflow/example_dags/example_branch_datetime_operator.py for tasks to queue
[2025-11-13T06:42:08.314+0000] {logging_mixin.py:188} INFO - [2025-11-13T06:42:08.313+0000] {dagbag.py:538} INFO - Filling up the DagBag from /home/airflow/.local/lib/python3.8/site-packages/airflow/example_dags/example_branch_datetime_operator.py
[2025-11-13T06:42:08.348+0000] {processor.py:840} INFO - DAG(s) 'example_branch_datetime_operator_3', 'example_branch_datetime_operator_2', 'example_branch_datetime_operator' retrieved from /home/airflow/.local/lib/python3.8/site-packages/airflow/example_dags/example_branch_datetime_operator.py
[2025-11-13T06:42:08.464+0000] {logging_mixin.py:188} INFO - [2025-11-13T06:42:08.462+0000] {dag.py:3036} INFO - Sync 3 DAGs
[2025-11-13T06:42:08.556+0000] {logging_mixin.py:188} INFO - [2025-11-13T06:42:08.555+0000] {dag.py:3823} INFO - Setting next_dagrun for example_branch_datetime_operator to 2025-11-12 00:00:00+00:00, run_after=2025-11-13 00:00:00+00:00
[2025-11-13T06:42:08.580+0000] {logging_mixin.py:188} INFO - [2025-11-13T06:42:08.579+0000] {dag.py:3823} INFO - Setting next_dagrun for example_branch_datetime_operator_2 to 2025-11-12 00:00:00+00:00, run_after=2025-11-13 00:00:00+00:00
[2025-11-13T06:42:08.589+0000] {logging_mixin.py:188} INFO - [2025-11-13T06:42:08.589+0000] {dag.py:3823} INFO - Setting next_dagrun for example_branch_datetime_operator_3 to 2025-11-12 00:00:00+00:00, run_after=2025-11-13 00:00:00+00:00
[2025-11-13T06:42:08.659+0000] {processor.py:183} INFO - Processing /home/airflow/.local/lib/python3.8/site-packages/airflow/example_dags/example_branch_datetime_operator.py took 0.369 seconds
[2025-11-13T06:42:39.674+0000] {processor.py:161} INFO - Started process (PID=2086) to work on /home/airflow/.local/lib/python3.8/site-packages/airflow/example_dags/example_branch_datetime_operator.py
[2025-11-13T06:42:39.682+0000] {processor.py:830} INFO - Processing file /home/airflow/.local/lib/python3.8/site-packages/airflow/example_dags/example_branch_datetime_operator.py for tasks to queue
[2025-11-13T06:42:39.689+0000] {logging_mixin.py:188} INFO - [2025-11-13T06:42:39.688+0000] {dagbag.py:538} INFO - Filling up the DagBag from /home/airflow/.local/lib/python3.8/site-packages/airflow/example_dags/example_branch_datetime_operator.py
[2025-11-13T06:42:39.716+0000] {processor.py:840} INFO - DAG(s) 'example_branch_datetime_operator', 'example_branch_datetime_operator_2', 'example_branch_datetime_operator_3' retrieved from /home/airflow/.local/lib/python3.8/site-packages/airflow/example_dags/example_branch_datetime_operator.py
[2025-11-13T06:42:39.780+0000] {logging_mixin.py:188} INFO - [2025-11-13T06:42:39.780+0000] {dag.py:3036} INFO - Sync 3 DAGs
[2025-11-13T06:42:39.824+0000] {logging_mixin.py:188} INFO - [2025-11-13T06:42:39.823+0000] {dag.py:3823} INFO - Setting next_dagrun for example_branch_datetime_operator to 2025-11-12 00:00:00+00:00, run_after=2025-11-13 00:00:00+00:00
[2025-11-13T06:42:39.834+0000] {logging_mixin.py:188} INFO - [2025-11-13T06:42:39.834+0000] {dag.py:3823} INFO - Setting next_dagrun for example_branch_datetime_operator_2 to 2025-11-12 00:00:00+00:00, run_after=2025-11-13 00:00:00+00:00
[2025-11-13T06:42:39.839+0000] {logging_mixin.py:188} INFO - [2025-11-13T06:42:39.839+0000] {dag.py:3823} INFO - Setting next_dagrun for example_branch_datetime_operator_3 to 2025-11-12 00:00:00+00:00, run_after=2025-11-13 00:00:00+00:00
[2025-11-13T06:42:39.877+0000] {processor.py:183} INFO - Processing /home/airflow/.local/lib/python3.8/site-packages/airflow/example_dags/example_branch_datetime_operator.py took 0.221 seconds
[2025-11-13T06:43:10.854+0000] {processor.py:161} INFO - Started process (PID=2148) to work on /home/airflow/.local/lib/python3.8/site-packages/airflow/example_dags/example_branch_datetime_operator.py
[2025-11-13T06:43:10.857+0000] {processor.py:830} INFO - Processing file /home/airflow/.local/lib/python3.8/site-packages/airflow/example_dags/example_branch_datetime_operator.py for tasks to queue
[2025-11-13T06:43:10.861+0000] {logging_mixin.py:188} INFO - [2025-11-13T06:43:10.861+0000] {dagbag.py:538} INFO - Filling up the DagBag from /home/airflow/.local/lib/python3.8/site-packages/airflow/example_dags/example_branch_datetime_operator.py
[2025-11-13T06:43:10.886+0000] {processor.py:840} INFO - DAG(s) 'example_branch_datetime_operator', 'example_branch_datetime_operator_3', 'example_branch_datetime_operator_2' retrieved from /home/airflow/.local/lib/python3.8/site-packages/airflow/example_dags/example_branch_datetime_operator.py
[2025-11-13T06:43:10.996+0000] {logging_mixin.py:188} INFO - [2025-11-13T06:43:10.996+0000] {dag.py:3036} INFO - Sync 3 DAGs
[2025-11-13T06:43:11.076+0000] {logging_mixin.py:188} INFO - [2025-11-13T06:43:11.075+0000] {dag.py:3823} INFO - Setting next_dagrun for example_branch_datetime_operator to 2025-11-12 00:00:00+00:00, run_after=2025-11-13 00:00:00+00:00
[2025-11-13T06:43:11.091+0000] {logging_mixin.py:188} INFO - [2025-11-13T06:43:11.090+0000] {dag.py:3823} INFO - Setting next_dagrun for example_branch_datetime_operator_2 to 2025-11-12 00:00:00+00:00, run_after=2025-11-13 00:00:00+00:00
[2025-11-13T06:43:11.099+0000] {logging_mixin.py:188} INFO - [2025-11-13T06:43:11.098+0000] {dag.py:3823} INFO - Setting next_dagrun for example_branch_datetime_operator_3 to 2025-11-12 00:00:00+00:00, run_after=2025-11-13 00:00:00+00:00
[2025-11-13T06:43:11.152+0000] {processor.py:183} INFO - Processing /home/airflow/.local/lib/python3.8/site-packages/airflow/example_dags/example_branch_datetime_operator.py took 0.306 seconds
[2025-11-13T06:43:41.211+0000] {processor.py:161} INFO - Started process (PID=2211) to work on /home/airflow/.local/lib/python3.8/site-packages/airflow/example_dags/example_branch_datetime_operator.py
[2025-11-13T06:43:41.212+0000] {processor.py:830} INFO - Processing file /home/airflow/.local/lib/python3.8/site-packages/airflow/example_dags/example_branch_datetime_operator.py for tasks to queue
[2025-11-13T06:43:41.215+0000] {logging_mixin.py:188} INFO - [2025-11-13T06:43:41.214+0000] {dagbag.py:538} INFO - Filling up the DagBag from /home/airflow/.local/lib/python3.8/site-packages/airflow/example_dags/example_branch_datetime_operator.py
[2025-11-13T06:43:41.227+0000] {processor.py:840} INFO - DAG(s) 'example_branch_datetime_operator_2', 'example_branch_datetime_operator_3', 'example_branch_datetime_operator' retrieved from /home/airflow/.local/lib/python3.8/site-packages/airflow/example_dags/example_branch_datetime_operator.py
[2025-11-13T06:43:41.265+0000] {logging_mixin.py:188} INFO - [2025-11-13T06:43:41.265+0000] {dag.py:3036} INFO - Sync 3 DAGs
[2025-11-13T06:43:41.293+0000] {logging_mixin.py:188} INFO - [2025-11-13T06:43:41.293+0000] {dag.py:3823} INFO - Setting next_dagrun for example_branch_datetime_operator to 2025-11-12 00:00:00+00:00, run_after=2025-11-13 00:00:00+00:00
[2025-11-13T06:43:41.300+0000] {logging_mixin.py:188} INFO - [2025-11-13T06:43:41.299+0000] {dag.py:3823} INFO - Setting next_dagrun for example_branch_datetime_operator_2 to 2025-11-12 00:00:00+00:00, run_after=2025-11-13 00:00:00+00:00
[2025-11-13T06:43:41.304+0000] {logging_mixin.py:188} INFO - [2025-11-13T06:43:41.303+0000] {dag.py:3823} INFO - Setting next_dagrun for example_branch_datetime_operator_3 to 2025-11-12 00:00:00+00:00, run_after=2025-11-13 00:00:00+00:00
[2025-11-13T06:43:41.328+0000] {processor.py:183} INFO - Processing /home/airflow/.local/lib/python3.8/site-packages/airflow/example_dags/example_branch_datetime_operator.py took 0.121 seconds
[2025-11-13T06:44:11.619+0000] {processor.py:161} INFO - Started process (PID=2273) to work on /home/airflow/.local/lib/python3.8/site-packages/airflow/example_dags/example_branch_datetime_operator.py
[2025-11-13T06:44:11.621+0000] {processor.py:830} INFO - Processing file /home/airflow/.local/lib/python3.8/site-packages/airflow/example_dags/example_branch_datetime_operator.py for tasks to queue
[2025-11-13T06:44:11.624+0000] {logging_mixin.py:188} INFO - [2025-11-13T06:44:11.624+0000] {dagbag.py:538} INFO - Filling up the DagBag from /home/airflow/.local/lib/python3.8/site-packages/airflow/example_dags/example_branch_datetime_operator.py
[2025-11-13T06:44:11.635+0000] {processor.py:840} INFO - DAG(s) 'example_branch_datetime_operator', 'example_branch_datetime_operator_2', 'example_branch_datetime_operator_3' retrieved from /home/airflow/.local/lib/python3.8/site-packages/airflow/example_dags/example_branch_datetime_operator.py
[2025-11-13T06:44:11.670+0000] {logging_mixin.py:188} INFO - [2025-11-13T06:44:11.670+0000] {dag.py:3036} INFO - Sync 3 DAGs
[2025-11-13T06:44:11.702+0000] {logging_mixin.py:188} INFO - [2025-11-13T06:44:11.702+0000] {dag.py:3823} INFO - Setting next_dagrun for example_branch_datetime_operator to 2025-11-12 00:00:00+00:00, run_after=2025-11-13 00:00:00+00:00
[2025-11-13T06:44:11.712+0000] {logging_mixin.py:188} INFO - [2025-11-13T06:44:11.711+0000] {dag.py:3823} INFO - Setting next_dagrun for example_branch_datetime_operator_2 to 2025-11-12 00:00:00+00:00, run_after=2025-11-13 00:00:00+00:00
[2025-11-13T06:44:11.718+0000] {logging_mixin.py:188} INFO - [2025-11-13T06:44:11.718+0000] {dag.py:3823} INFO - Setting next_dagrun for example_branch_datetime_operator_3 to 2025-11-12 00:00:00+00:00, run_after=2025-11-13 00:00:00+00:00
[2025-11-13T06:44:11.746+0000] {processor.py:183} INFO - Processing /home/airflow/.local/lib/python3.8/site-packages/airflow/example_dags/example_branch_datetime_operator.py took 0.131 seconds
[2025-11-13T06:44:41.877+0000] {processor.py:161} INFO - Started process (PID=2335) to work on /home/airflow/.local/lib/python3.8/site-packages/airflow/example_dags/example_branch_datetime_operator.py
[2025-11-13T06:44:41.878+0000] {processor.py:830} INFO - Processing file /home/airflow/.local/lib/python3.8/site-packages/airflow/example_dags/example_branch_datetime_operator.py for tasks to queue
[2025-11-13T06:44:41.881+0000] {logging_mixin.py:188} INFO - [2025-11-13T06:44:41.880+0000] {dagbag.py:538} INFO - Filling up the DagBag from /home/airflow/.local/lib/python3.8/site-packages/airflow/example_dags/example_branch_datetime_operator.py
[2025-11-13T06:44:41.892+0000] {processor.py:840} INFO - DAG(s) 'example_branch_datetime_operator', 'example_branch_datetime_operator_3', 'example_branch_datetime_operator_2' retrieved from /home/airflow/.local/lib/python3.8/site-packages/airflow/example_dags/example_branch_datetime_operator.py
[2025-11-13T06:44:41.928+0000] {logging_mixin.py:188} INFO - [2025-11-13T06:44:41.928+0000] {dag.py:3036} INFO - Sync 3 DAGs
[2025-11-13T06:44:41.966+0000] {logging_mixin.py:188} INFO - [2025-11-13T06:44:41.966+0000] {dag.py:3823} INFO - Setting next_dagrun for example_branch_datetime_operator to 2025-11-12 00:00:00+00:00, run_after=2025-11-13 00:00:00+00:00
[2025-11-13T06:44:41.976+0000] {logging_mixin.py:188} INFO - [2025-11-13T06:44:41.976+0000] {dag.py:3823} INFO - Setting next_dagrun for example_branch_datetime_operator_2 to 2025-11-12 00:00:00+00:00, run_after=2025-11-13 00:00:00+00:00
[2025-11-13T06:44:41.982+0000] {logging_mixin.py:188} INFO - [2025-11-13T06:44:41.982+0000] {dag.py:3823} INFO - Setting next_dagrun for example_branch_datetime_operator_3 to 2025-11-12 00:00:00+00:00, run_after=2025-11-13 00:00:00+00:00
[2025-11-13T06:44:42.010+0000] {processor.py:183} INFO - Processing /home/airflow/.local/lib/python3.8/site-packages/airflow/example_dags/example_branch_datetime_operator.py took 0.137 seconds
[2025-11-13T06:45:12.355+0000] {processor.py:161} INFO - Started process (PID=2397) to work on /home/airflow/.local/lib/python3.8/site-packages/airflow/example_dags/example_branch_datetime_operator.py
[2025-11-13T06:45:12.357+0000] {processor.py:830} INFO - Processing file /home/airflow/.local/lib/python3.8/site-packages/airflow/example_dags/example_branch_datetime_operator.py for tasks to queue
[2025-11-13T06:45:12.360+0000] {logging_mixin.py:188} INFO - [2025-11-13T06:45:12.360+0000] {dagbag.py:538} INFO - Filling up the DagBag from /home/airflow/.local/lib/python3.8/site-packages/airflow/example_dags/example_branch_datetime_operator.py
[2025-11-13T06:45:12.374+0000] {processor.py:840} INFO - DAG(s) 'example_branch_datetime_operator_3', 'example_branch_datetime_operator', 'example_branch_datetime_operator_2' retrieved from /home/airflow/.local/lib/python3.8/site-packages/airflow/example_dags/example_branch_datetime_operator.py
[2025-11-13T06:45:12.426+0000] {logging_mixin.py:188} INFO - [2025-11-13T06:45:12.426+0000] {dag.py:3036} INFO - Sync 3 DAGs
[2025-11-13T06:45:12.469+0000] {logging_mixin.py:188} INFO - [2025-11-13T06:45:12.468+0000] {dag.py:3823} INFO - Setting next_dagrun for example_branch_datetime_operator to 2025-11-12 00:00:00+00:00, run_after=2025-11-13 00:00:00+00:00
[2025-11-13T06:45:12.477+0000] {logging_mixin.py:188} INFO - [2025-11-13T06:45:12.477+0000] {dag.py:3823} INFO - Setting next_dagrun for example_branch_datetime_operator_2 to 2025-11-12 00:00:00+00:00, run_after=2025-11-13 00:00:00+00:00
[2025-11-13T06:45:12.484+0000] {logging_mixin.py:188} INFO - [2025-11-13T06:45:12.483+0000] {dag.py:3823} INFO - Setting next_dagrun for example_branch_datetime_operator_3 to 2025-11-12 00:00:00+00:00, run_after=2025-11-13 00:00:00+00:00
[2025-11-13T06:45:12.518+0000] {processor.py:183} INFO - Processing /home/airflow/.local/lib/python3.8/site-packages/airflow/example_dags/example_branch_datetime_operator.py took 0.168 seconds
[2025-11-13T06:45:43.297+0000] {processor.py:161} INFO - Started process (PID=2459) to work on /home/airflow/.local/lib/python3.8/site-packages/airflow/example_dags/example_branch_datetime_operator.py
[2025-11-13T06:45:43.299+0000] {processor.py:830} INFO - Processing file /home/airflow/.local/lib/python3.8/site-packages/airflow/example_dags/example_branch_datetime_operator.py for tasks to queue
[2025-11-13T06:45:43.302+0000] {logging_mixin.py:188} INFO - [2025-11-13T06:45:43.301+0000] {dagbag.py:538} INFO - Filling up the DagBag from /home/airflow/.local/lib/python3.8/site-packages/airflow/example_dags/example_branch_datetime_operator.py
[2025-11-13T06:45:43.316+0000] {processor.py:840} INFO - DAG(s) 'example_branch_datetime_operator', 'example_branch_datetime_operator_2', 'example_branch_datetime_operator_3' retrieved from /home/airflow/.local/lib/python3.8/site-packages/airflow/example_dags/example_branch_datetime_operator.py
[2025-11-13T06:45:43.359+0000] {logging_mixin.py:188} INFO - [2025-11-13T06:45:43.359+0000] {dag.py:3036} INFO - Sync 3 DAGs
[2025-11-13T06:45:43.393+0000] {logging_mixin.py:188} INFO - [2025-11-13T06:45:43.393+0000] {dag.py:3823} INFO - Setting next_dagrun for example_branch_datetime_operator to 2025-11-12 00:00:00+00:00, run_after=2025-11-13 00:00:00+00:00
[2025-11-13T06:45:43.403+0000] {logging_mixin.py:188} INFO - [2025-11-13T06:45:43.403+0000] {dag.py:3823} INFO - Setting next_dagrun for example_branch_datetime_operator_2 to 2025-11-12 00:00:00+00:00, run_after=2025-11-13 00:00:00+00:00
[2025-11-13T06:45:43.408+0000] {logging_mixin.py:188} INFO - [2025-11-13T06:45:43.407+0000] {dag.py:3823} INFO - Setting next_dagrun for example_branch_datetime_operator_3 to 2025-11-12 00:00:00+00:00, run_after=2025-11-13 00:00:00+00:00
[2025-11-13T06:45:43.444+0000] {processor.py:183} INFO - Processing /home/airflow/.local/lib/python3.8/site-packages/airflow/example_dags/example_branch_datetime_operator.py took 0.152 seconds
[2025-11-13T06:46:13.731+0000] {processor.py:161} INFO - Started process (PID=2522) to work on /home/airflow/.local/lib/python3.8/site-packages/airflow/example_dags/example_branch_datetime_operator.py
[2025-11-13T06:46:13.732+0000] {processor.py:830} INFO - Processing file /home/airflow/.local/lib/python3.8/site-packages/airflow/example_dags/example_branch_datetime_operator.py for tasks to queue
[2025-11-13T06:46:13.735+0000] {logging_mixin.py:188} INFO - [2025-11-13T06:46:13.735+0000] {dagbag.py:538} INFO - Filling up the DagBag from /home/airflow/.local/lib/python3.8/site-packages/airflow/example_dags/example_branch_datetime_operator.py
[2025-11-13T06:46:13.750+0000] {processor.py:840} INFO - DAG(s) 'example_branch_datetime_operator', 'example_branch_datetime_operator_2', 'example_branch_datetime_operator_3' retrieved from /home/airflow/.local/lib/python3.8/site-packages/airflow/example_dags/example_branch_datetime_operator.py
[2025-11-13T06:46:13.793+0000] {logging_mixin.py:188} INFO - [2025-11-13T06:46:13.793+0000] {dag.py:3036} INFO - Sync 3 DAGs
[2025-11-13T06:46:13.828+0000] {logging_mixin.py:188} INFO - [2025-11-13T06:46:13.827+0000] {dag.py:3823} INFO - Setting next_dagrun for example_branch_datetime_operator to 2025-11-12 00:00:00+00:00, run_after=2025-11-13 00:00:00+00:00
[2025-11-13T06:46:13.836+0000] {logging_mixin.py:188} INFO - [2025-11-13T06:46:13.836+0000] {dag.py:3823} INFO - Setting next_dagrun for example_branch_datetime_operator_2 to 2025-11-12 00:00:00+00:00, run_after=2025-11-13 00:00:00+00:00
[2025-11-13T06:46:13.840+0000] {logging_mixin.py:188} INFO - [2025-11-13T06:46:13.840+0000] {dag.py:3823} INFO - Setting next_dagrun for example_branch_datetime_operator_3 to 2025-11-12 00:00:00+00:00, run_after=2025-11-13 00:00:00+00:00
[2025-11-13T06:46:13.871+0000] {processor.py:183} INFO - Processing /home/airflow/.local/lib/python3.8/site-packages/airflow/example_dags/example_branch_datetime_operator.py took 0.145 seconds
[2025-11-13T06:46:44.474+0000] {processor.py:161} INFO - Started process (PID=2585) to work on /home/airflow/.local/lib/python3.8/site-packages/airflow/example_dags/example_branch_datetime_operator.py
[2025-11-13T06:46:44.476+0000] {processor.py:830} INFO - Processing file /home/airflow/.local/lib/python3.8/site-packages/airflow/example_dags/example_branch_datetime_operator.py for tasks to queue
[2025-11-13T06:46:44.481+0000] {logging_mixin.py:188} INFO - [2025-11-13T06:46:44.480+0000] {dagbag.py:538} INFO - Filling up the DagBag from /home/airflow/.local/lib/python3.8/site-packages/airflow/example_dags/example_branch_datetime_operator.py
[2025-11-13T06:46:44.507+0000] {processor.py:840} INFO - DAG(s) 'example_branch_datetime_operator_3', 'example_branch_datetime_operator_2', 'example_branch_datetime_operator' retrieved from /home/airflow/.local/lib/python3.8/site-packages/airflow/example_dags/example_branch_datetime_operator.py
[2025-11-13T06:46:44.571+0000] {logging_mixin.py:188} INFO - [2025-11-13T06:46:44.570+0000] {dag.py:3036} INFO - Sync 3 DAGs
[2025-11-13T06:46:44.623+0000] {logging_mixin.py:188} INFO - [2025-11-13T06:46:44.622+0000] {dag.py:3823} INFO - Setting next_dagrun for example_branch_datetime_operator to 2025-11-12 00:00:00+00:00, run_after=2025-11-13 00:00:00+00:00
[2025-11-13T06:46:44.637+0000] {logging_mixin.py:188} INFO - [2025-11-13T06:46:44.637+0000] {dag.py:3823} INFO - Setting next_dagrun for example_branch_datetime_operator_2 to 2025-11-12 00:00:00+00:00, run_after=2025-11-13 00:00:00+00:00
[2025-11-13T06:46:44.644+0000] {logging_mixin.py:188} INFO - [2025-11-13T06:46:44.644+0000] {dag.py:3823} INFO - Setting next_dagrun for example_branch_datetime_operator_3 to 2025-11-12 00:00:00+00:00, run_after=2025-11-13 00:00:00+00:00
[2025-11-13T06:46:44.705+0000] {processor.py:183} INFO - Processing /home/airflow/.local/lib/python3.8/site-packages/airflow/example_dags/example_branch_datetime_operator.py took 0.238 seconds
[2025-11-13T06:47:15.389+0000] {processor.py:161} INFO - Started process (PID=2647) to work on /home/airflow/.local/lib/python3.8/site-packages/airflow/example_dags/example_branch_datetime_operator.py
[2025-11-13T06:47:15.391+0000] {processor.py:830} INFO - Processing file /home/airflow/.local/lib/python3.8/site-packages/airflow/example_dags/example_branch_datetime_operator.py for tasks to queue
[2025-11-13T06:47:15.394+0000] {logging_mixin.py:188} INFO - [2025-11-13T06:47:15.393+0000] {dagbag.py:538} INFO - Filling up the DagBag from /home/airflow/.local/lib/python3.8/site-packages/airflow/example_dags/example_branch_datetime_operator.py
[2025-11-13T06:47:15.405+0000] {processor.py:840} INFO - DAG(s) 'example_branch_datetime_operator', 'example_branch_datetime_operator_2', 'example_branch_datetime_operator_3' retrieved from /home/airflow/.local/lib/python3.8/site-packages/airflow/example_dags/example_branch_datetime_operator.py
[2025-11-13T06:47:15.442+0000] {logging_mixin.py:188} INFO - [2025-11-13T06:47:15.441+0000] {dag.py:3036} INFO - Sync 3 DAGs
[2025-11-13T06:47:15.473+0000] {logging_mixin.py:188} INFO - [2025-11-13T06:47:15.472+0000] {dag.py:3823} INFO - Setting next_dagrun for example_branch_datetime_operator to 2025-11-12 00:00:00+00:00, run_after=2025-11-13 00:00:00+00:00
[2025-11-13T06:47:15.479+0000] {logging_mixin.py:188} INFO - [2025-11-13T06:47:15.479+0000] {dag.py:3823} INFO - Setting next_dagrun for example_branch_datetime_operator_2 to 2025-11-12 00:00:00+00:00, run_after=2025-11-13 00:00:00+00:00
[2025-11-13T06:47:15.483+0000] {logging_mixin.py:188} INFO - [2025-11-13T06:47:15.483+0000] {dag.py:3823} INFO - Setting next_dagrun for example_branch_datetime_operator_3 to 2025-11-12 00:00:00+00:00, run_after=2025-11-13 00:00:00+00:00
[2025-11-13T06:47:15.508+0000] {processor.py:183} INFO - Processing /home/airflow/.local/lib/python3.8/site-packages/airflow/example_dags/example_branch_datetime_operator.py took 0.123 seconds
[2025-11-13T06:47:46.151+0000] {processor.py:161} INFO - Started process (PID=2710) to work on /home/airflow/.local/lib/python3.8/site-packages/airflow/example_dags/example_branch_datetime_operator.py
[2025-11-13T06:47:46.154+0000] {processor.py:830} INFO - Processing file /home/airflow/.local/lib/python3.8/site-packages/airflow/example_dags/example_branch_datetime_operator.py for tasks to queue
[2025-11-13T06:47:46.159+0000] {logging_mixin.py:188} INFO - [2025-11-13T06:47:46.159+0000] {dagbag.py:538} INFO - Filling up the DagBag from /home/airflow/.local/lib/python3.8/site-packages/airflow/example_dags/example_branch_datetime_operator.py
[2025-11-13T06:47:46.189+0000] {processor.py:840} INFO - DAG(s) 'example_branch_datetime_operator_3', 'example_branch_datetime_operator', 'example_branch_datetime_operator_2' retrieved from /home/airflow/.local/lib/python3.8/site-packages/airflow/example_dags/example_branch_datetime_operator.py
[2025-11-13T06:47:46.278+0000] {logging_mixin.py:188} INFO - [2025-11-13T06:47:46.278+0000] {dag.py:3036} INFO - Sync 3 DAGs
[2025-11-13T06:47:46.334+0000] {logging_mixin.py:188} INFO - [2025-11-13T06:47:46.334+0000] {dag.py:3823} INFO - Setting next_dagrun for example_branch_datetime_operator to 2025-11-12 00:00:00+00:00, run_after=2025-11-13 00:00:00+00:00
[2025-11-13T06:47:46.345+0000] {logging_mixin.py:188} INFO - [2025-11-13T06:47:46.344+0000] {dag.py:3823} INFO - Setting next_dagrun for example_branch_datetime_operator_2 to 2025-11-12 00:00:00+00:00, run_after=2025-11-13 00:00:00+00:00
[2025-11-13T06:47:46.351+0000] {logging_mixin.py:188} INFO - [2025-11-13T06:47:46.350+0000] {dag.py:3823} INFO - Setting next_dagrun for example_branch_datetime_operator_3 to 2025-11-12 00:00:00+00:00, run_after=2025-11-13 00:00:00+00:00
[2025-11-13T06:47:46.398+0000] {processor.py:183} INFO - Processing /home/airflow/.local/lib/python3.8/site-packages/airflow/example_dags/example_branch_datetime_operator.py took 0.258 seconds
[2025-11-13T06:48:16.903+0000] {processor.py:161} INFO - Started process (PID=2772) to work on /home/airflow/.local/lib/python3.8/site-packages/airflow/example_dags/example_branch_datetime_operator.py
[2025-11-13T06:48:16.917+0000] {processor.py:830} INFO - Processing file /home/airflow/.local/lib/python3.8/site-packages/airflow/example_dags/example_branch_datetime_operator.py for tasks to queue
[2025-11-13T06:48:16.962+0000] {logging_mixin.py:188} INFO - [2025-11-13T06:48:16.961+0000] {dagbag.py:538} INFO - Filling up the DagBag from /home/airflow/.local/lib/python3.8/site-packages/airflow/example_dags/example_branch_datetime_operator.py
[2025-11-13T06:48:17.066+0000] {processor.py:840} INFO - DAG(s) 'example_branch_datetime_operator_2', 'example_branch_datetime_operator', 'example_branch_datetime_operator_3' retrieved from /home/airflow/.local/lib/python3.8/site-packages/airflow/example_dags/example_branch_datetime_operator.py
[2025-11-13T06:48:17.253+0000] {logging_mixin.py:188} INFO - [2025-11-13T06:48:17.246+0000] {dag.py:3036} INFO - Sync 3 DAGs
[2025-11-13T06:48:17.359+0000] {logging_mixin.py:188} INFO - [2025-11-13T06:48:17.358+0000] {dag.py:3823} INFO - Setting next_dagrun for example_branch_datetime_operator to 2025-11-12 00:00:00+00:00, run_after=2025-11-13 00:00:00+00:00
[2025-11-13T06:48:17.378+0000] {logging_mixin.py:188} INFO - [2025-11-13T06:48:17.377+0000] {dag.py:3823} INFO - Setting next_dagrun for example_branch_datetime_operator_2 to 2025-11-12 00:00:00+00:00, run_after=2025-11-13 00:00:00+00:00
[2025-11-13T06:48:17.396+0000] {logging_mixin.py:188} INFO - [2025-11-13T06:48:17.388+0000] {dag.py:3823} INFO - Setting next_dagrun for example_branch_datetime_operator_3 to 2025-11-12 00:00:00+00:00, run_after=2025-11-13 00:00:00+00:00
[2025-11-13T06:48:17.469+0000] {processor.py:183} INFO - Processing /home/airflow/.local/lib/python3.8/site-packages/airflow/example_dags/example_branch_datetime_operator.py took 0.593 seconds
[2025-11-13T06:48:48.243+0000] {processor.py:161} INFO - Started process (PID=2834) to work on /home/airflow/.local/lib/python3.8/site-packages/airflow/example_dags/example_branch_datetime_operator.py
[2025-11-13T06:48:48.248+0000] {processor.py:830} INFO - Processing file /home/airflow/.local/lib/python3.8/site-packages/airflow/example_dags/example_branch_datetime_operator.py for tasks to queue
[2025-11-13T06:48:48.251+0000] {logging_mixin.py:188} INFO - [2025-11-13T06:48:48.250+0000] {dagbag.py:538} INFO - Filling up the DagBag from /home/airflow/.local/lib/python3.8/site-packages/airflow/example_dags/example_branch_datetime_operator.py
[2025-11-13T06:48:48.267+0000] {processor.py:840} INFO - DAG(s) 'example_branch_datetime_operator', 'example_branch_datetime_operator_2', 'example_branch_datetime_operator_3' retrieved from /home/airflow/.local/lib/python3.8/site-packages/airflow/example_dags/example_branch_datetime_operator.py
[2025-11-13T06:48:48.318+0000] {logging_mixin.py:188} INFO - [2025-11-13T06:48:48.318+0000] {dag.py:3036} INFO - Sync 3 DAGs
[2025-11-13T06:48:48.366+0000] {logging_mixin.py:188} INFO - [2025-11-13T06:48:48.366+0000] {dag.py:3823} INFO - Setting next_dagrun for example_branch_datetime_operator to 2025-11-12 00:00:00+00:00, run_after=2025-11-13 00:00:00+00:00
[2025-11-13T06:48:48.375+0000] {logging_mixin.py:188} INFO - [2025-11-13T06:48:48.374+0000] {dag.py:3823} INFO - Setting next_dagrun for example_branch_datetime_operator_2 to 2025-11-12 00:00:00+00:00, run_after=2025-11-13 00:00:00+00:00
[2025-11-13T06:48:48.379+0000] {logging_mixin.py:188} INFO - [2025-11-13T06:48:48.379+0000] {dag.py:3823} INFO - Setting next_dagrun for example_branch_datetime_operator_3 to 2025-11-12 00:00:00+00:00, run_after=2025-11-13 00:00:00+00:00
[2025-11-13T06:48:48.414+0000] {processor.py:183} INFO - Processing /home/airflow/.local/lib/python3.8/site-packages/airflow/example_dags/example_branch_datetime_operator.py took 0.177 seconds
[2025-11-13T06:49:18.645+0000] {processor.py:161} INFO - Started process (PID=2896) to work on /home/airflow/.local/lib/python3.8/site-packages/airflow/example_dags/example_branch_datetime_operator.py
[2025-11-13T06:49:18.648+0000] {processor.py:830} INFO - Processing file /home/airflow/.local/lib/python3.8/site-packages/airflow/example_dags/example_branch_datetime_operator.py for tasks to queue
[2025-11-13T06:49:18.659+0000] {logging_mixin.py:188} INFO - [2025-11-13T06:49:18.658+0000] {dagbag.py:538} INFO - Filling up the DagBag from /home/airflow/.local/lib/python3.8/site-packages/airflow/example_dags/example_branch_datetime_operator.py
[2025-11-13T06:49:18.742+0000] {processor.py:840} INFO - DAG(s) 'example_branch_datetime_operator', 'example_branch_datetime_operator_2', 'example_branch_datetime_operator_3' retrieved from /home/airflow/.local/lib/python3.8/site-packages/airflow/example_dags/example_branch_datetime_operator.py
[2025-11-13T06:49:18.863+0000] {logging_mixin.py:188} INFO - [2025-11-13T06:49:18.862+0000] {dag.py:3036} INFO - Sync 3 DAGs
[2025-11-13T06:49:18.987+0000] {logging_mixin.py:188} INFO - [2025-11-13T06:49:18.986+0000] {dag.py:3823} INFO - Setting next_dagrun for example_branch_datetime_operator to 2025-11-12 00:00:00+00:00, run_after=2025-11-13 00:00:00+00:00
[2025-11-13T06:49:19.038+0000] {logging_mixin.py:188} INFO - [2025-11-13T06:49:19.037+0000] {dag.py:3823} INFO - Setting next_dagrun for example_branch_datetime_operator_2 to 2025-11-12 00:00:00+00:00, run_after=2025-11-13 00:00:00+00:00
[2025-11-13T06:49:19.048+0000] {logging_mixin.py:188} INFO - [2025-11-13T06:49:19.048+0000] {dag.py:3823} INFO - Setting next_dagrun for example_branch_datetime_operator_3 to 2025-11-12 00:00:00+00:00, run_after=2025-11-13 00:00:00+00:00
[2025-11-13T06:49:19.156+0000] {processor.py:183} INFO - Processing /home/airflow/.local/lib/python3.8/site-packages/airflow/example_dags/example_branch_datetime_operator.py took 0.533 seconds
