[2025-11-13T06:26:18.863+0000] {processor.py:161} INFO - Started process (PID=102) to work on /home/airflow/.local/lib/python3.8/site-packages/airflow/example_dags/example_nested_branch_dag.py
[2025-11-13T06:26:18.887+0000] {processor.py:830} INFO - Processing file /home/airflow/.local/lib/python3.8/site-packages/airflow/example_dags/example_nested_branch_dag.py for tasks to queue
[2025-11-13T06:26:18.904+0000] {logging_mixin.py:188} INFO - [2025-11-13T06:26:18.903+0000] {dagbag.py:538} INFO - Filling up the DagBag from /home/airflow/.local/lib/python3.8/site-packages/airflow/example_dags/example_nested_branch_dag.py
[2025-11-13T06:26:18.993+0000] {processor.py:840} INFO - DAG(s) 'example_nested_branch_dag' retrieved from /home/airflow/.local/lib/python3.8/site-packages/airflow/example_dags/example_nested_branch_dag.py
[2025-11-13T06:26:19.087+0000] {logging_mixin.py:188} INFO - [2025-11-13T06:26:19.087+0000] {dag.py:3036} INFO - Sync 1 DAGs
[2025-11-13T06:26:19.241+0000] {logging_mixin.py:188} INFO - [2025-11-13T06:26:19.240+0000] {dag.py:3823} INFO - Setting next_dagrun for example_nested_branch_dag to 2025-11-12 00:00:00+00:00, run_after=2025-11-13 00:00:00+00:00
[2025-11-13T06:26:19.402+0000] {processor.py:183} INFO - Processing /home/airflow/.local/lib/python3.8/site-packages/airflow/example_dags/example_nested_branch_dag.py took 0.572 seconds
[2025-11-13T06:26:49.599+0000] {processor.py:161} INFO - Started process (PID=164) to work on /home/airflow/.local/lib/python3.8/site-packages/airflow/example_dags/example_nested_branch_dag.py
[2025-11-13T06:26:49.601+0000] {processor.py:830} INFO - Processing file /home/airflow/.local/lib/python3.8/site-packages/airflow/example_dags/example_nested_branch_dag.py for tasks to queue
[2025-11-13T06:26:49.604+0000] {logging_mixin.py:188} INFO - [2025-11-13T06:26:49.603+0000] {dagbag.py:538} INFO - Filling up the DagBag from /home/airflow/.local/lib/python3.8/site-packages/airflow/example_dags/example_nested_branch_dag.py
[2025-11-13T06:26:49.618+0000] {processor.py:840} INFO - DAG(s) 'example_nested_branch_dag' retrieved from /home/airflow/.local/lib/python3.8/site-packages/airflow/example_dags/example_nested_branch_dag.py
[2025-11-13T06:26:49.751+0000] {logging_mixin.py:188} INFO - [2025-11-13T06:26:49.750+0000] {dag.py:3036} INFO - Sync 1 DAGs
[2025-11-13T06:26:49.776+0000] {logging_mixin.py:188} INFO - [2025-11-13T06:26:49.776+0000] {dag.py:3823} INFO - Setting next_dagrun for example_nested_branch_dag to 2025-11-12 00:00:00+00:00, run_after=2025-11-13 00:00:00+00:00
[2025-11-13T06:26:49.811+0000] {processor.py:183} INFO - Processing /home/airflow/.local/lib/python3.8/site-packages/airflow/example_dags/example_nested_branch_dag.py took 0.218 seconds
[2025-11-13T06:27:20.718+0000] {processor.py:161} INFO - Started process (PID=226) to work on /home/airflow/.local/lib/python3.8/site-packages/airflow/example_dags/example_nested_branch_dag.py
[2025-11-13T06:27:20.719+0000] {processor.py:830} INFO - Processing file /home/airflow/.local/lib/python3.8/site-packages/airflow/example_dags/example_nested_branch_dag.py for tasks to queue
[2025-11-13T06:27:20.722+0000] {logging_mixin.py:188} INFO - [2025-11-13T06:27:20.722+0000] {dagbag.py:538} INFO - Filling up the DagBag from /home/airflow/.local/lib/python3.8/site-packages/airflow/example_dags/example_nested_branch_dag.py
[2025-11-13T06:27:20.735+0000] {processor.py:840} INFO - DAG(s) 'example_nested_branch_dag' retrieved from /home/airflow/.local/lib/python3.8/site-packages/airflow/example_dags/example_nested_branch_dag.py
[2025-11-13T06:27:20.764+0000] {logging_mixin.py:188} INFO - [2025-11-13T06:27:20.763+0000] {dag.py:3036} INFO - Sync 1 DAGs
[2025-11-13T06:27:20.792+0000] {logging_mixin.py:188} INFO - [2025-11-13T06:27:20.792+0000] {dag.py:3823} INFO - Setting next_dagrun for example_nested_branch_dag to 2025-11-12 00:00:00+00:00, run_after=2025-11-13 00:00:00+00:00
[2025-11-13T06:27:20.818+0000] {processor.py:183} INFO - Processing /home/airflow/.local/lib/python3.8/site-packages/airflow/example_dags/example_nested_branch_dag.py took 0.105 seconds
[2025-11-13T06:27:51.555+0000] {processor.py:161} INFO - Started process (PID=288) to work on /home/airflow/.local/lib/python3.8/site-packages/airflow/example_dags/example_nested_branch_dag.py
[2025-11-13T06:27:51.603+0000] {processor.py:830} INFO - Processing file /home/airflow/.local/lib/python3.8/site-packages/airflow/example_dags/example_nested_branch_dag.py for tasks to queue
[2025-11-13T06:27:51.609+0000] {logging_mixin.py:188} INFO - [2025-11-13T06:27:51.608+0000] {dagbag.py:538} INFO - Filling up the DagBag from /home/airflow/.local/lib/python3.8/site-packages/airflow/example_dags/example_nested_branch_dag.py
[2025-11-13T06:27:51.687+0000] {processor.py:840} INFO - DAG(s) 'example_nested_branch_dag' retrieved from /home/airflow/.local/lib/python3.8/site-packages/airflow/example_dags/example_nested_branch_dag.py
[2025-11-13T06:27:51.808+0000] {logging_mixin.py:188} INFO - [2025-11-13T06:27:51.807+0000] {dag.py:3036} INFO - Sync 1 DAGs
[2025-11-13T06:27:52.054+0000] {logging_mixin.py:188} INFO - [2025-11-13T06:27:52.053+0000] {dag.py:3823} INFO - Setting next_dagrun for example_nested_branch_dag to 2025-11-12 00:00:00+00:00, run_after=2025-11-13 00:00:00+00:00
[2025-11-13T06:27:52.242+0000] {processor.py:183} INFO - Processing /home/airflow/.local/lib/python3.8/site-packages/airflow/example_dags/example_nested_branch_dag.py took 0.697 seconds
[2025-11-13T06:28:22.710+0000] {processor.py:161} INFO - Started process (PID=351) to work on /home/airflow/.local/lib/python3.8/site-packages/airflow/example_dags/example_nested_branch_dag.py
[2025-11-13T06:28:22.712+0000] {processor.py:830} INFO - Processing file /home/airflow/.local/lib/python3.8/site-packages/airflow/example_dags/example_nested_branch_dag.py for tasks to queue
[2025-11-13T06:28:22.718+0000] {logging_mixin.py:188} INFO - [2025-11-13T06:28:22.717+0000] {dagbag.py:538} INFO - Filling up the DagBag from /home/airflow/.local/lib/python3.8/site-packages/airflow/example_dags/example_nested_branch_dag.py
[2025-11-13T06:28:22.752+0000] {processor.py:840} INFO - DAG(s) 'example_nested_branch_dag' retrieved from /home/airflow/.local/lib/python3.8/site-packages/airflow/example_dags/example_nested_branch_dag.py
[2025-11-13T06:28:22.823+0000] {logging_mixin.py:188} INFO - [2025-11-13T06:28:22.823+0000] {dag.py:3036} INFO - Sync 1 DAGs
[2025-11-13T06:28:22.914+0000] {logging_mixin.py:188} INFO - [2025-11-13T06:28:22.913+0000] {dag.py:3823} INFO - Setting next_dagrun for example_nested_branch_dag to 2025-11-12 00:00:00+00:00, run_after=2025-11-13 00:00:00+00:00
[2025-11-13T06:28:22.969+0000] {processor.py:183} INFO - Processing /home/airflow/.local/lib/python3.8/site-packages/airflow/example_dags/example_nested_branch_dag.py took 0.271 seconds
[2025-11-13T06:28:53.197+0000] {processor.py:161} INFO - Started process (PID=414) to work on /home/airflow/.local/lib/python3.8/site-packages/airflow/example_dags/example_nested_branch_dag.py
[2025-11-13T06:28:53.202+0000] {processor.py:830} INFO - Processing file /home/airflow/.local/lib/python3.8/site-packages/airflow/example_dags/example_nested_branch_dag.py for tasks to queue
[2025-11-13T06:28:53.215+0000] {logging_mixin.py:188} INFO - [2025-11-13T06:28:53.212+0000] {dagbag.py:538} INFO - Filling up the DagBag from /home/airflow/.local/lib/python3.8/site-packages/airflow/example_dags/example_nested_branch_dag.py
[2025-11-13T06:28:53.272+0000] {processor.py:840} INFO - DAG(s) 'example_nested_branch_dag' retrieved from /home/airflow/.local/lib/python3.8/site-packages/airflow/example_dags/example_nested_branch_dag.py
[2025-11-13T06:28:53.399+0000] {logging_mixin.py:188} INFO - [2025-11-13T06:28:53.395+0000] {dag.py:3036} INFO - Sync 1 DAGs
[2025-11-13T06:28:53.493+0000] {logging_mixin.py:188} INFO - [2025-11-13T06:28:53.492+0000] {dag.py:3823} INFO - Setting next_dagrun for example_nested_branch_dag to 2025-11-12 00:00:00+00:00, run_after=2025-11-13 00:00:00+00:00
[2025-11-13T06:28:53.532+0000] {processor.py:183} INFO - Processing /home/airflow/.local/lib/python3.8/site-packages/airflow/example_dags/example_nested_branch_dag.py took 0.350 seconds
[2025-11-13T06:29:23.604+0000] {processor.py:161} INFO - Started process (PID=475) to work on /home/airflow/.local/lib/python3.8/site-packages/airflow/example_dags/example_nested_branch_dag.py
[2025-11-13T06:29:23.606+0000] {processor.py:830} INFO - Processing file /home/airflow/.local/lib/python3.8/site-packages/airflow/example_dags/example_nested_branch_dag.py for tasks to queue
[2025-11-13T06:29:23.610+0000] {logging_mixin.py:188} INFO - [2025-11-13T06:29:23.610+0000] {dagbag.py:538} INFO - Filling up the DagBag from /home/airflow/.local/lib/python3.8/site-packages/airflow/example_dags/example_nested_branch_dag.py
[2025-11-13T06:29:23.627+0000] {processor.py:840} INFO - DAG(s) 'example_nested_branch_dag' retrieved from /home/airflow/.local/lib/python3.8/site-packages/airflow/example_dags/example_nested_branch_dag.py
[2025-11-13T06:29:23.661+0000] {logging_mixin.py:188} INFO - [2025-11-13T06:29:23.661+0000] {dag.py:3036} INFO - Sync 1 DAGs
[2025-11-13T06:29:23.692+0000] {logging_mixin.py:188} INFO - [2025-11-13T06:29:23.692+0000] {dag.py:3823} INFO - Setting next_dagrun for example_nested_branch_dag to 2025-11-12 00:00:00+00:00, run_after=2025-11-13 00:00:00+00:00
[2025-11-13T06:29:23.722+0000] {processor.py:183} INFO - Processing /home/airflow/.local/lib/python3.8/site-packages/airflow/example_dags/example_nested_branch_dag.py took 0.124 seconds
[2025-11-13T06:29:54.576+0000] {processor.py:161} INFO - Started process (PID=537) to work on /home/airflow/.local/lib/python3.8/site-packages/airflow/example_dags/example_nested_branch_dag.py
[2025-11-13T06:29:54.581+0000] {processor.py:830} INFO - Processing file /home/airflow/.local/lib/python3.8/site-packages/airflow/example_dags/example_nested_branch_dag.py for tasks to queue
[2025-11-13T06:29:54.604+0000] {logging_mixin.py:188} INFO - [2025-11-13T06:29:54.603+0000] {dagbag.py:538} INFO - Filling up the DagBag from /home/airflow/.local/lib/python3.8/site-packages/airflow/example_dags/example_nested_branch_dag.py
[2025-11-13T06:29:54.646+0000] {processor.py:840} INFO - DAG(s) 'example_nested_branch_dag' retrieved from /home/airflow/.local/lib/python3.8/site-packages/airflow/example_dags/example_nested_branch_dag.py
[2025-11-13T06:29:54.733+0000] {logging_mixin.py:188} INFO - [2025-11-13T06:29:54.732+0000] {dag.py:3036} INFO - Sync 1 DAGs
[2025-11-13T06:29:54.831+0000] {logging_mixin.py:188} INFO - [2025-11-13T06:29:54.828+0000] {dag.py:3823} INFO - Setting next_dagrun for example_nested_branch_dag to 2025-11-12 00:00:00+00:00, run_after=2025-11-13 00:00:00+00:00
[2025-11-13T06:29:54.898+0000] {processor.py:183} INFO - Processing /home/airflow/.local/lib/python3.8/site-packages/airflow/example_dags/example_nested_branch_dag.py took 0.334 seconds
[2025-11-13T06:30:25.148+0000] {processor.py:161} INFO - Started process (PID=599) to work on /home/airflow/.local/lib/python3.8/site-packages/airflow/example_dags/example_nested_branch_dag.py
[2025-11-13T06:30:25.150+0000] {processor.py:830} INFO - Processing file /home/airflow/.local/lib/python3.8/site-packages/airflow/example_dags/example_nested_branch_dag.py for tasks to queue
[2025-11-13T06:30:25.154+0000] {logging_mixin.py:188} INFO - [2025-11-13T06:30:25.153+0000] {dagbag.py:538} INFO - Filling up the DagBag from /home/airflow/.local/lib/python3.8/site-packages/airflow/example_dags/example_nested_branch_dag.py
[2025-11-13T06:30:25.173+0000] {processor.py:840} INFO - DAG(s) 'example_nested_branch_dag' retrieved from /home/airflow/.local/lib/python3.8/site-packages/airflow/example_dags/example_nested_branch_dag.py
[2025-11-13T06:30:25.212+0000] {logging_mixin.py:188} INFO - [2025-11-13T06:30:25.211+0000] {dag.py:3036} INFO - Sync 1 DAGs
[2025-11-13T06:30:25.251+0000] {logging_mixin.py:188} INFO - [2025-11-13T06:30:25.250+0000] {dag.py:3823} INFO - Setting next_dagrun for example_nested_branch_dag to 2025-11-12 00:00:00+00:00, run_after=2025-11-13 00:00:00+00:00
[2025-11-13T06:30:25.291+0000] {processor.py:183} INFO - Processing /home/airflow/.local/lib/python3.8/site-packages/airflow/example_dags/example_nested_branch_dag.py took 0.150 seconds
[2025-11-13T06:30:55.534+0000] {processor.py:161} INFO - Started process (PID=661) to work on /home/airflow/.local/lib/python3.8/site-packages/airflow/example_dags/example_nested_branch_dag.py
[2025-11-13T06:30:55.536+0000] {processor.py:830} INFO - Processing file /home/airflow/.local/lib/python3.8/site-packages/airflow/example_dags/example_nested_branch_dag.py for tasks to queue
[2025-11-13T06:30:55.541+0000] {logging_mixin.py:188} INFO - [2025-11-13T06:30:55.540+0000] {dagbag.py:538} INFO - Filling up the DagBag from /home/airflow/.local/lib/python3.8/site-packages/airflow/example_dags/example_nested_branch_dag.py
[2025-11-13T06:30:55.560+0000] {processor.py:840} INFO - DAG(s) 'example_nested_branch_dag' retrieved from /home/airflow/.local/lib/python3.8/site-packages/airflow/example_dags/example_nested_branch_dag.py
[2025-11-13T06:30:55.601+0000] {logging_mixin.py:188} INFO - [2025-11-13T06:30:55.600+0000] {dag.py:3036} INFO - Sync 1 DAGs
[2025-11-13T06:30:55.640+0000] {logging_mixin.py:188} INFO - [2025-11-13T06:30:55.639+0000] {dag.py:3823} INFO - Setting next_dagrun for example_nested_branch_dag to 2025-11-12 00:00:00+00:00, run_after=2025-11-13 00:00:00+00:00
[2025-11-13T06:30:55.673+0000] {processor.py:183} INFO - Processing /home/airflow/.local/lib/python3.8/site-packages/airflow/example_dags/example_nested_branch_dag.py took 0.146 seconds
[2025-11-13T06:31:26.063+0000] {processor.py:161} INFO - Started process (PID=723) to work on /home/airflow/.local/lib/python3.8/site-packages/airflow/example_dags/example_nested_branch_dag.py
[2025-11-13T06:31:26.065+0000] {processor.py:830} INFO - Processing file /home/airflow/.local/lib/python3.8/site-packages/airflow/example_dags/example_nested_branch_dag.py for tasks to queue
[2025-11-13T06:31:26.068+0000] {logging_mixin.py:188} INFO - [2025-11-13T06:31:26.067+0000] {dagbag.py:538} INFO - Filling up the DagBag from /home/airflow/.local/lib/python3.8/site-packages/airflow/example_dags/example_nested_branch_dag.py
[2025-11-13T06:31:26.081+0000] {processor.py:840} INFO - DAG(s) 'example_nested_branch_dag' retrieved from /home/airflow/.local/lib/python3.8/site-packages/airflow/example_dags/example_nested_branch_dag.py
[2025-11-13T06:31:26.112+0000] {logging_mixin.py:188} INFO - [2025-11-13T06:31:26.112+0000] {dag.py:3036} INFO - Sync 1 DAGs
[2025-11-13T06:31:26.145+0000] {logging_mixin.py:188} INFO - [2025-11-13T06:31:26.145+0000] {dag.py:3823} INFO - Setting next_dagrun for example_nested_branch_dag to 2025-11-12 00:00:00+00:00, run_after=2025-11-13 00:00:00+00:00
[2025-11-13T06:31:26.174+0000] {processor.py:183} INFO - Processing /home/airflow/.local/lib/python3.8/site-packages/airflow/example_dags/example_nested_branch_dag.py took 0.115 seconds
[2025-11-13T06:31:56.889+0000] {processor.py:161} INFO - Started process (PID=791) to work on /home/airflow/.local/lib/python3.8/site-packages/airflow/example_dags/example_nested_branch_dag.py
[2025-11-13T06:31:56.892+0000] {processor.py:830} INFO - Processing file /home/airflow/.local/lib/python3.8/site-packages/airflow/example_dags/example_nested_branch_dag.py for tasks to queue
[2025-11-13T06:31:56.898+0000] {logging_mixin.py:188} INFO - [2025-11-13T06:31:56.896+0000] {dagbag.py:538} INFO - Filling up the DagBag from /home/airflow/.local/lib/python3.8/site-packages/airflow/example_dags/example_nested_branch_dag.py
[2025-11-13T06:31:56.931+0000] {processor.py:840} INFO - DAG(s) 'example_nested_branch_dag' retrieved from /home/airflow/.local/lib/python3.8/site-packages/airflow/example_dags/example_nested_branch_dag.py
[2025-11-13T06:31:56.992+0000] {logging_mixin.py:188} INFO - [2025-11-13T06:31:56.992+0000] {dag.py:3036} INFO - Sync 1 DAGs
[2025-11-13T06:31:57.078+0000] {logging_mixin.py:188} INFO - [2025-11-13T06:31:57.077+0000] {dag.py:3823} INFO - Setting next_dagrun for example_nested_branch_dag to 2025-11-12 00:00:00+00:00, run_after=2025-11-13 00:00:00+00:00
[2025-11-13T06:31:57.128+0000] {processor.py:183} INFO - Processing /home/airflow/.local/lib/python3.8/site-packages/airflow/example_dags/example_nested_branch_dag.py took 0.258 seconds
[2025-11-13T06:32:27.356+0000] {processor.py:161} INFO - Started process (PID=853) to work on /home/airflow/.local/lib/python3.8/site-packages/airflow/example_dags/example_nested_branch_dag.py
[2025-11-13T06:32:27.358+0000] {processor.py:830} INFO - Processing file /home/airflow/.local/lib/python3.8/site-packages/airflow/example_dags/example_nested_branch_dag.py for tasks to queue
[2025-11-13T06:32:27.362+0000] {logging_mixin.py:188} INFO - [2025-11-13T06:32:27.361+0000] {dagbag.py:538} INFO - Filling up the DagBag from /home/airflow/.local/lib/python3.8/site-packages/airflow/example_dags/example_nested_branch_dag.py
[2025-11-13T06:32:27.378+0000] {processor.py:840} INFO - DAG(s) 'example_nested_branch_dag' retrieved from /home/airflow/.local/lib/python3.8/site-packages/airflow/example_dags/example_nested_branch_dag.py
[2025-11-13T06:32:27.412+0000] {logging_mixin.py:188} INFO - [2025-11-13T06:32:27.412+0000] {dag.py:3036} INFO - Sync 1 DAGs
[2025-11-13T06:32:27.445+0000] {logging_mixin.py:188} INFO - [2025-11-13T06:32:27.444+0000] {dag.py:3823} INFO - Setting next_dagrun for example_nested_branch_dag to 2025-11-12 00:00:00+00:00, run_after=2025-11-13 00:00:00+00:00
[2025-11-13T06:32:27.477+0000] {processor.py:183} INFO - Processing /home/airflow/.local/lib/python3.8/site-packages/airflow/example_dags/example_nested_branch_dag.py took 0.126 seconds
[2025-11-13T06:32:57.994+0000] {processor.py:161} INFO - Started process (PID=915) to work on /home/airflow/.local/lib/python3.8/site-packages/airflow/example_dags/example_nested_branch_dag.py
[2025-11-13T06:32:57.996+0000] {processor.py:830} INFO - Processing file /home/airflow/.local/lib/python3.8/site-packages/airflow/example_dags/example_nested_branch_dag.py for tasks to queue
[2025-11-13T06:32:58.000+0000] {logging_mixin.py:188} INFO - [2025-11-13T06:32:58.000+0000] {dagbag.py:538} INFO - Filling up the DagBag from /home/airflow/.local/lib/python3.8/site-packages/airflow/example_dags/example_nested_branch_dag.py
[2025-11-13T06:32:58.019+0000] {processor.py:840} INFO - DAG(s) 'example_nested_branch_dag' retrieved from /home/airflow/.local/lib/python3.8/site-packages/airflow/example_dags/example_nested_branch_dag.py
[2025-11-13T06:32:58.053+0000] {logging_mixin.py:188} INFO - [2025-11-13T06:32:58.052+0000] {dag.py:3036} INFO - Sync 1 DAGs
[2025-11-13T06:32:58.085+0000] {logging_mixin.py:188} INFO - [2025-11-13T06:32:58.084+0000] {dag.py:3823} INFO - Setting next_dagrun for example_nested_branch_dag to 2025-11-12 00:00:00+00:00, run_after=2025-11-13 00:00:00+00:00
[2025-11-13T06:32:58.120+0000] {processor.py:183} INFO - Processing /home/airflow/.local/lib/python3.8/site-packages/airflow/example_dags/example_nested_branch_dag.py took 0.134 seconds
[2025-11-13T06:33:28.730+0000] {processor.py:161} INFO - Started process (PID=977) to work on /home/airflow/.local/lib/python3.8/site-packages/airflow/example_dags/example_nested_branch_dag.py
[2025-11-13T06:33:28.733+0000] {processor.py:830} INFO - Processing file /home/airflow/.local/lib/python3.8/site-packages/airflow/example_dags/example_nested_branch_dag.py for tasks to queue
[2025-11-13T06:33:28.736+0000] {logging_mixin.py:188} INFO - [2025-11-13T06:33:28.736+0000] {dagbag.py:538} INFO - Filling up the DagBag from /home/airflow/.local/lib/python3.8/site-packages/airflow/example_dags/example_nested_branch_dag.py
[2025-11-13T06:33:28.754+0000] {processor.py:840} INFO - DAG(s) 'example_nested_branch_dag' retrieved from /home/airflow/.local/lib/python3.8/site-packages/airflow/example_dags/example_nested_branch_dag.py
[2025-11-13T06:33:28.790+0000] {logging_mixin.py:188} INFO - [2025-11-13T06:33:28.789+0000] {dag.py:3036} INFO - Sync 1 DAGs
[2025-11-13T06:33:28.829+0000] {logging_mixin.py:188} INFO - [2025-11-13T06:33:28.829+0000] {dag.py:3823} INFO - Setting next_dagrun for example_nested_branch_dag to 2025-11-12 00:00:00+00:00, run_after=2025-11-13 00:00:00+00:00
[2025-11-13T06:33:28.859+0000] {processor.py:183} INFO - Processing /home/airflow/.local/lib/python3.8/site-packages/airflow/example_dags/example_nested_branch_dag.py took 0.136 seconds
[2025-11-13T06:33:59.698+0000] {processor.py:161} INFO - Started process (PID=1039) to work on /home/airflow/.local/lib/python3.8/site-packages/airflow/example_dags/example_nested_branch_dag.py
[2025-11-13T06:33:59.701+0000] {processor.py:830} INFO - Processing file /home/airflow/.local/lib/python3.8/site-packages/airflow/example_dags/example_nested_branch_dag.py for tasks to queue
[2025-11-13T06:33:59.705+0000] {logging_mixin.py:188} INFO - [2025-11-13T06:33:59.704+0000] {dagbag.py:538} INFO - Filling up the DagBag from /home/airflow/.local/lib/python3.8/site-packages/airflow/example_dags/example_nested_branch_dag.py
[2025-11-13T06:33:59.725+0000] {processor.py:840} INFO - DAG(s) 'example_nested_branch_dag' retrieved from /home/airflow/.local/lib/python3.8/site-packages/airflow/example_dags/example_nested_branch_dag.py
[2025-11-13T06:33:59.775+0000] {logging_mixin.py:188} INFO - [2025-11-13T06:33:59.774+0000] {dag.py:3036} INFO - Sync 1 DAGs
[2025-11-13T06:33:59.824+0000] {logging_mixin.py:188} INFO - [2025-11-13T06:33:59.824+0000] {dag.py:3823} INFO - Setting next_dagrun for example_nested_branch_dag to 2025-11-12 00:00:00+00:00, run_after=2025-11-13 00:00:00+00:00
[2025-11-13T06:33:59.864+0000] {processor.py:183} INFO - Processing /home/airflow/.local/lib/python3.8/site-packages/airflow/example_dags/example_nested_branch_dag.py took 0.172 seconds
[2025-11-13T06:34:30.755+0000] {processor.py:161} INFO - Started process (PID=1101) to work on /home/airflow/.local/lib/python3.8/site-packages/airflow/example_dags/example_nested_branch_dag.py
[2025-11-13T06:34:30.756+0000] {processor.py:830} INFO - Processing file /home/airflow/.local/lib/python3.8/site-packages/airflow/example_dags/example_nested_branch_dag.py for tasks to queue
[2025-11-13T06:34:30.759+0000] {logging_mixin.py:188} INFO - [2025-11-13T06:34:30.759+0000] {dagbag.py:538} INFO - Filling up the DagBag from /home/airflow/.local/lib/python3.8/site-packages/airflow/example_dags/example_nested_branch_dag.py
[2025-11-13T06:34:30.772+0000] {processor.py:840} INFO - DAG(s) 'example_nested_branch_dag' retrieved from /home/airflow/.local/lib/python3.8/site-packages/airflow/example_dags/example_nested_branch_dag.py
[2025-11-13T06:34:30.800+0000] {logging_mixin.py:188} INFO - [2025-11-13T06:34:30.800+0000] {dag.py:3036} INFO - Sync 1 DAGs
[2025-11-13T06:34:30.828+0000] {logging_mixin.py:188} INFO - [2025-11-13T06:34:30.827+0000] {dag.py:3823} INFO - Setting next_dagrun for example_nested_branch_dag to 2025-11-12 00:00:00+00:00, run_after=2025-11-13 00:00:00+00:00
[2025-11-13T06:34:30.851+0000] {processor.py:183} INFO - Processing /home/airflow/.local/lib/python3.8/site-packages/airflow/example_dags/example_nested_branch_dag.py took 0.101 seconds
[2025-11-13T06:35:01.151+0000] {processor.py:161} INFO - Started process (PID=1163) to work on /home/airflow/.local/lib/python3.8/site-packages/airflow/example_dags/example_nested_branch_dag.py
[2025-11-13T06:35:01.153+0000] {processor.py:830} INFO - Processing file /home/airflow/.local/lib/python3.8/site-packages/airflow/example_dags/example_nested_branch_dag.py for tasks to queue
[2025-11-13T06:35:01.156+0000] {logging_mixin.py:188} INFO - [2025-11-13T06:35:01.155+0000] {dagbag.py:538} INFO - Filling up the DagBag from /home/airflow/.local/lib/python3.8/site-packages/airflow/example_dags/example_nested_branch_dag.py
[2025-11-13T06:35:01.169+0000] {processor.py:840} INFO - DAG(s) 'example_nested_branch_dag' retrieved from /home/airflow/.local/lib/python3.8/site-packages/airflow/example_dags/example_nested_branch_dag.py
[2025-11-13T06:35:01.195+0000] {logging_mixin.py:188} INFO - [2025-11-13T06:35:01.195+0000] {dag.py:3036} INFO - Sync 1 DAGs
[2025-11-13T06:35:01.223+0000] {logging_mixin.py:188} INFO - [2025-11-13T06:35:01.223+0000] {dag.py:3823} INFO - Setting next_dagrun for example_nested_branch_dag to 2025-11-12 00:00:00+00:00, run_after=2025-11-13 00:00:00+00:00
[2025-11-13T06:35:01.249+0000] {processor.py:183} INFO - Processing /home/airflow/.local/lib/python3.8/site-packages/airflow/example_dags/example_nested_branch_dag.py took 0.102 seconds
[2025-11-13T06:35:31.882+0000] {processor.py:161} INFO - Started process (PID=1225) to work on /home/airflow/.local/lib/python3.8/site-packages/airflow/example_dags/example_nested_branch_dag.py
[2025-11-13T06:35:31.884+0000] {processor.py:830} INFO - Processing file /home/airflow/.local/lib/python3.8/site-packages/airflow/example_dags/example_nested_branch_dag.py for tasks to queue
[2025-11-13T06:35:31.887+0000] {logging_mixin.py:188} INFO - [2025-11-13T06:35:31.886+0000] {dagbag.py:538} INFO - Filling up the DagBag from /home/airflow/.local/lib/python3.8/site-packages/airflow/example_dags/example_nested_branch_dag.py
[2025-11-13T06:35:31.900+0000] {processor.py:840} INFO - DAG(s) 'example_nested_branch_dag' retrieved from /home/airflow/.local/lib/python3.8/site-packages/airflow/example_dags/example_nested_branch_dag.py
[2025-11-13T06:35:31.928+0000] {logging_mixin.py:188} INFO - [2025-11-13T06:35:31.928+0000] {dag.py:3036} INFO - Sync 1 DAGs
[2025-11-13T06:35:31.957+0000] {logging_mixin.py:188} INFO - [2025-11-13T06:35:31.957+0000] {dag.py:3823} INFO - Setting next_dagrun for example_nested_branch_dag to 2025-11-12 00:00:00+00:00, run_after=2025-11-13 00:00:00+00:00
[2025-11-13T06:35:31.984+0000] {processor.py:183} INFO - Processing /home/airflow/.local/lib/python3.8/site-packages/airflow/example_dags/example_nested_branch_dag.py took 0.106 seconds
[2025-11-13T06:36:02.866+0000] {processor.py:161} INFO - Started process (PID=1287) to work on /home/airflow/.local/lib/python3.8/site-packages/airflow/example_dags/example_nested_branch_dag.py
[2025-11-13T06:36:02.868+0000] {processor.py:830} INFO - Processing file /home/airflow/.local/lib/python3.8/site-packages/airflow/example_dags/example_nested_branch_dag.py for tasks to queue
[2025-11-13T06:36:02.871+0000] {logging_mixin.py:188} INFO - [2025-11-13T06:36:02.870+0000] {dagbag.py:538} INFO - Filling up the DagBag from /home/airflow/.local/lib/python3.8/site-packages/airflow/example_dags/example_nested_branch_dag.py
[2025-11-13T06:36:02.884+0000] {processor.py:840} INFO - DAG(s) 'example_nested_branch_dag' retrieved from /home/airflow/.local/lib/python3.8/site-packages/airflow/example_dags/example_nested_branch_dag.py
[2025-11-13T06:36:02.911+0000] {logging_mixin.py:188} INFO - [2025-11-13T06:36:02.911+0000] {dag.py:3036} INFO - Sync 1 DAGs
[2025-11-13T06:36:02.938+0000] {logging_mixin.py:188} INFO - [2025-11-13T06:36:02.938+0000] {dag.py:3823} INFO - Setting next_dagrun for example_nested_branch_dag to 2025-11-12 00:00:00+00:00, run_after=2025-11-13 00:00:00+00:00
[2025-11-13T06:36:02.964+0000] {processor.py:183} INFO - Processing /home/airflow/.local/lib/python3.8/site-packages/airflow/example_dags/example_nested_branch_dag.py took 0.102 seconds
[2025-11-13T06:36:33.658+0000] {processor.py:161} INFO - Started process (PID=1350) to work on /home/airflow/.local/lib/python3.8/site-packages/airflow/example_dags/example_nested_branch_dag.py
[2025-11-13T06:36:33.660+0000] {processor.py:830} INFO - Processing file /home/airflow/.local/lib/python3.8/site-packages/airflow/example_dags/example_nested_branch_dag.py for tasks to queue
[2025-11-13T06:36:33.663+0000] {logging_mixin.py:188} INFO - [2025-11-13T06:36:33.663+0000] {dagbag.py:538} INFO - Filling up the DagBag from /home/airflow/.local/lib/python3.8/site-packages/airflow/example_dags/example_nested_branch_dag.py
[2025-11-13T06:36:33.679+0000] {processor.py:840} INFO - DAG(s) 'example_nested_branch_dag' retrieved from /home/airflow/.local/lib/python3.8/site-packages/airflow/example_dags/example_nested_branch_dag.py
[2025-11-13T06:36:33.714+0000] {logging_mixin.py:188} INFO - [2025-11-13T06:36:33.713+0000] {dag.py:3036} INFO - Sync 1 DAGs
[2025-11-13T06:36:33.752+0000] {logging_mixin.py:188} INFO - [2025-11-13T06:36:33.751+0000] {dag.py:3823} INFO - Setting next_dagrun for example_nested_branch_dag to 2025-11-12 00:00:00+00:00, run_after=2025-11-13 00:00:00+00:00
[2025-11-13T06:36:33.794+0000] {processor.py:183} INFO - Processing /home/airflow/.local/lib/python3.8/site-packages/airflow/example_dags/example_nested_branch_dag.py took 0.141 seconds
[2025-11-13T06:37:04.002+0000] {processor.py:161} INFO - Started process (PID=1412) to work on /home/airflow/.local/lib/python3.8/site-packages/airflow/example_dags/example_nested_branch_dag.py
[2025-11-13T06:37:04.004+0000] {processor.py:830} INFO - Processing file /home/airflow/.local/lib/python3.8/site-packages/airflow/example_dags/example_nested_branch_dag.py for tasks to queue
[2025-11-13T06:37:04.007+0000] {logging_mixin.py:188} INFO - [2025-11-13T06:37:04.006+0000] {dagbag.py:538} INFO - Filling up the DagBag from /home/airflow/.local/lib/python3.8/site-packages/airflow/example_dags/example_nested_branch_dag.py
[2025-11-13T06:37:04.020+0000] {processor.py:840} INFO - DAG(s) 'example_nested_branch_dag' retrieved from /home/airflow/.local/lib/python3.8/site-packages/airflow/example_dags/example_nested_branch_dag.py
[2025-11-13T06:37:04.051+0000] {logging_mixin.py:188} INFO - [2025-11-13T06:37:04.050+0000] {dag.py:3036} INFO - Sync 1 DAGs
[2025-11-13T06:37:04.084+0000] {logging_mixin.py:188} INFO - [2025-11-13T06:37:04.084+0000] {dag.py:3823} INFO - Setting next_dagrun for example_nested_branch_dag to 2025-11-12 00:00:00+00:00, run_after=2025-11-13 00:00:00+00:00
[2025-11-13T06:37:04.113+0000] {processor.py:183} INFO - Processing /home/airflow/.local/lib/python3.8/site-packages/airflow/example_dags/example_nested_branch_dag.py took 0.115 seconds
[2025-11-13T06:37:34.286+0000] {processor.py:161} INFO - Started process (PID=1474) to work on /home/airflow/.local/lib/python3.8/site-packages/airflow/example_dags/example_nested_branch_dag.py
[2025-11-13T06:37:34.287+0000] {processor.py:830} INFO - Processing file /home/airflow/.local/lib/python3.8/site-packages/airflow/example_dags/example_nested_branch_dag.py for tasks to queue
[2025-11-13T06:37:34.291+0000] {logging_mixin.py:188} INFO - [2025-11-13T06:37:34.290+0000] {dagbag.py:538} INFO - Filling up the DagBag from /home/airflow/.local/lib/python3.8/site-packages/airflow/example_dags/example_nested_branch_dag.py
[2025-11-13T06:37:34.303+0000] {processor.py:840} INFO - DAG(s) 'example_nested_branch_dag' retrieved from /home/airflow/.local/lib/python3.8/site-packages/airflow/example_dags/example_nested_branch_dag.py
[2025-11-13T06:37:34.332+0000] {logging_mixin.py:188} INFO - [2025-11-13T06:37:34.332+0000] {dag.py:3036} INFO - Sync 1 DAGs
[2025-11-13T06:37:34.361+0000] {logging_mixin.py:188} INFO - [2025-11-13T06:37:34.361+0000] {dag.py:3823} INFO - Setting next_dagrun for example_nested_branch_dag to 2025-11-12 00:00:00+00:00, run_after=2025-11-13 00:00:00+00:00
[2025-11-13T06:37:34.388+0000] {processor.py:183} INFO - Processing /home/airflow/.local/lib/python3.8/site-packages/airflow/example_dags/example_nested_branch_dag.py took 0.107 seconds
[2025-11-13T06:38:05.099+0000] {processor.py:161} INFO - Started process (PID=1536) to work on /home/airflow/.local/lib/python3.8/site-packages/airflow/example_dags/example_nested_branch_dag.py
[2025-11-13T06:38:05.101+0000] {processor.py:830} INFO - Processing file /home/airflow/.local/lib/python3.8/site-packages/airflow/example_dags/example_nested_branch_dag.py for tasks to queue
[2025-11-13T06:38:05.105+0000] {logging_mixin.py:188} INFO - [2025-11-13T06:38:05.104+0000] {dagbag.py:538} INFO - Filling up the DagBag from /home/airflow/.local/lib/python3.8/site-packages/airflow/example_dags/example_nested_branch_dag.py
[2025-11-13T06:38:05.121+0000] {processor.py:840} INFO - DAG(s) 'example_nested_branch_dag' retrieved from /home/airflow/.local/lib/python3.8/site-packages/airflow/example_dags/example_nested_branch_dag.py
[2025-11-13T06:38:05.148+0000] {logging_mixin.py:188} INFO - [2025-11-13T06:38:05.147+0000] {dag.py:3036} INFO - Sync 1 DAGs
[2025-11-13T06:38:05.174+0000] {logging_mixin.py:188} INFO - [2025-11-13T06:38:05.174+0000] {dag.py:3823} INFO - Setting next_dagrun for example_nested_branch_dag to 2025-11-12 00:00:00+00:00, run_after=2025-11-13 00:00:00+00:00
[2025-11-13T06:38:05.200+0000] {processor.py:183} INFO - Processing /home/airflow/.local/lib/python3.8/site-packages/airflow/example_dags/example_nested_branch_dag.py took 0.107 seconds
[2025-11-13T06:38:35.560+0000] {processor.py:161} INFO - Started process (PID=1598) to work on /home/airflow/.local/lib/python3.8/site-packages/airflow/example_dags/example_nested_branch_dag.py
[2025-11-13T06:38:35.562+0000] {processor.py:830} INFO - Processing file /home/airflow/.local/lib/python3.8/site-packages/airflow/example_dags/example_nested_branch_dag.py for tasks to queue
[2025-11-13T06:38:35.564+0000] {logging_mixin.py:188} INFO - [2025-11-13T06:38:35.564+0000] {dagbag.py:538} INFO - Filling up the DagBag from /home/airflow/.local/lib/python3.8/site-packages/airflow/example_dags/example_nested_branch_dag.py
[2025-11-13T06:38:35.577+0000] {processor.py:840} INFO - DAG(s) 'example_nested_branch_dag' retrieved from /home/airflow/.local/lib/python3.8/site-packages/airflow/example_dags/example_nested_branch_dag.py
[2025-11-13T06:38:35.605+0000] {logging_mixin.py:188} INFO - [2025-11-13T06:38:35.605+0000] {dag.py:3036} INFO - Sync 1 DAGs
[2025-11-13T06:38:35.632+0000] {logging_mixin.py:188} INFO - [2025-11-13T06:38:35.632+0000] {dag.py:3823} INFO - Setting next_dagrun for example_nested_branch_dag to 2025-11-12 00:00:00+00:00, run_after=2025-11-13 00:00:00+00:00
[2025-11-13T06:38:35.659+0000] {processor.py:183} INFO - Processing /home/airflow/.local/lib/python3.8/site-packages/airflow/example_dags/example_nested_branch_dag.py took 0.103 seconds
[2025-11-13T06:39:06.312+0000] {processor.py:161} INFO - Started process (PID=1660) to work on /home/airflow/.local/lib/python3.8/site-packages/airflow/example_dags/example_nested_branch_dag.py
[2025-11-13T06:39:06.315+0000] {processor.py:830} INFO - Processing file /home/airflow/.local/lib/python3.8/site-packages/airflow/example_dags/example_nested_branch_dag.py for tasks to queue
[2025-11-13T06:39:06.329+0000] {logging_mixin.py:188} INFO - [2025-11-13T06:39:06.328+0000] {dagbag.py:538} INFO - Filling up the DagBag from /home/airflow/.local/lib/python3.8/site-packages/airflow/example_dags/example_nested_branch_dag.py
[2025-11-13T06:39:06.396+0000] {processor.py:840} INFO - DAG(s) 'example_nested_branch_dag' retrieved from /home/airflow/.local/lib/python3.8/site-packages/airflow/example_dags/example_nested_branch_dag.py
[2025-11-13T06:39:06.474+0000] {logging_mixin.py:188} INFO - [2025-11-13T06:39:06.474+0000] {dag.py:3036} INFO - Sync 1 DAGs
[2025-11-13T06:39:06.559+0000] {logging_mixin.py:188} INFO - [2025-11-13T06:39:06.557+0000] {dag.py:3823} INFO - Setting next_dagrun for example_nested_branch_dag to 2025-11-12 00:00:00+00:00, run_after=2025-11-13 00:00:00+00:00
[2025-11-13T06:39:06.625+0000] {processor.py:183} INFO - Processing /home/airflow/.local/lib/python3.8/site-packages/airflow/example_dags/example_nested_branch_dag.py took 0.341 seconds
[2025-11-13T06:39:36.807+0000] {processor.py:161} INFO - Started process (PID=1722) to work on /home/airflow/.local/lib/python3.8/site-packages/airflow/example_dags/example_nested_branch_dag.py
[2025-11-13T06:39:36.811+0000] {processor.py:830} INFO - Processing file /home/airflow/.local/lib/python3.8/site-packages/airflow/example_dags/example_nested_branch_dag.py for tasks to queue
[2025-11-13T06:39:36.818+0000] {logging_mixin.py:188} INFO - [2025-11-13T06:39:36.817+0000] {dagbag.py:538} INFO - Filling up the DagBag from /home/airflow/.local/lib/python3.8/site-packages/airflow/example_dags/example_nested_branch_dag.py
[2025-11-13T06:39:36.856+0000] {processor.py:840} INFO - DAG(s) 'example_nested_branch_dag' retrieved from /home/airflow/.local/lib/python3.8/site-packages/airflow/example_dags/example_nested_branch_dag.py
[2025-11-13T06:39:36.944+0000] {logging_mixin.py:188} INFO - [2025-11-13T06:39:36.943+0000] {dag.py:3036} INFO - Sync 1 DAGs
[2025-11-13T06:39:37.027+0000] {logging_mixin.py:188} INFO - [2025-11-13T06:39:37.027+0000] {dag.py:3823} INFO - Setting next_dagrun for example_nested_branch_dag to 2025-11-12 00:00:00+00:00, run_after=2025-11-13 00:00:00+00:00
[2025-11-13T06:39:37.076+0000] {processor.py:183} INFO - Processing /home/airflow/.local/lib/python3.8/site-packages/airflow/example_dags/example_nested_branch_dag.py took 0.284 seconds
[2025-11-13T06:40:07.725+0000] {processor.py:161} INFO - Started process (PID=1784) to work on /home/airflow/.local/lib/python3.8/site-packages/airflow/example_dags/example_nested_branch_dag.py
[2025-11-13T06:40:07.733+0000] {processor.py:830} INFO - Processing file /home/airflow/.local/lib/python3.8/site-packages/airflow/example_dags/example_nested_branch_dag.py for tasks to queue
[2025-11-13T06:40:07.739+0000] {logging_mixin.py:188} INFO - [2025-11-13T06:40:07.738+0000] {dagbag.py:538} INFO - Filling up the DagBag from /home/airflow/.local/lib/python3.8/site-packages/airflow/example_dags/example_nested_branch_dag.py
[2025-11-13T06:40:07.783+0000] {processor.py:840} INFO - DAG(s) 'example_nested_branch_dag' retrieved from /home/airflow/.local/lib/python3.8/site-packages/airflow/example_dags/example_nested_branch_dag.py
[2025-11-13T06:40:07.856+0000] {logging_mixin.py:188} INFO - [2025-11-13T06:40:07.854+0000] {dag.py:3036} INFO - Sync 1 DAGs
[2025-11-13T06:40:07.948+0000] {logging_mixin.py:188} INFO - [2025-11-13T06:40:07.947+0000] {dag.py:3823} INFO - Setting next_dagrun for example_nested_branch_dag to 2025-11-12 00:00:00+00:00, run_after=2025-11-13 00:00:00+00:00
[2025-11-13T06:40:08.028+0000] {processor.py:183} INFO - Processing /home/airflow/.local/lib/python3.8/site-packages/airflow/example_dags/example_nested_branch_dag.py took 0.314 seconds
[2025-11-13T06:40:38.305+0000] {processor.py:161} INFO - Started process (PID=1846) to work on /home/airflow/.local/lib/python3.8/site-packages/airflow/example_dags/example_nested_branch_dag.py
[2025-11-13T06:40:38.308+0000] {processor.py:830} INFO - Processing file /home/airflow/.local/lib/python3.8/site-packages/airflow/example_dags/example_nested_branch_dag.py for tasks to queue
[2025-11-13T06:40:38.322+0000] {logging_mixin.py:188} INFO - [2025-11-13T06:40:38.321+0000] {dagbag.py:538} INFO - Filling up the DagBag from /home/airflow/.local/lib/python3.8/site-packages/airflow/example_dags/example_nested_branch_dag.py
[2025-11-13T06:40:38.365+0000] {processor.py:840} INFO - DAG(s) 'example_nested_branch_dag' retrieved from /home/airflow/.local/lib/python3.8/site-packages/airflow/example_dags/example_nested_branch_dag.py
[2025-11-13T06:40:38.455+0000] {logging_mixin.py:188} INFO - [2025-11-13T06:40:38.455+0000] {dag.py:3036} INFO - Sync 1 DAGs
[2025-11-13T06:40:38.512+0000] {logging_mixin.py:188} INFO - [2025-11-13T06:40:38.511+0000] {dag.py:3823} INFO - Setting next_dagrun for example_nested_branch_dag to 2025-11-12 00:00:00+00:00, run_after=2025-11-13 00:00:00+00:00
[2025-11-13T06:40:38.561+0000] {processor.py:183} INFO - Processing /home/airflow/.local/lib/python3.8/site-packages/airflow/example_dags/example_nested_branch_dag.py took 0.267 seconds
[2025-11-13T06:41:08.921+0000] {processor.py:161} INFO - Started process (PID=1908) to work on /home/airflow/.local/lib/python3.8/site-packages/airflow/example_dags/example_nested_branch_dag.py
[2025-11-13T06:41:08.924+0000] {processor.py:830} INFO - Processing file /home/airflow/.local/lib/python3.8/site-packages/airflow/example_dags/example_nested_branch_dag.py for tasks to queue
[2025-11-13T06:41:08.932+0000] {logging_mixin.py:188} INFO - [2025-11-13T06:41:08.930+0000] {dagbag.py:538} INFO - Filling up the DagBag from /home/airflow/.local/lib/python3.8/site-packages/airflow/example_dags/example_nested_branch_dag.py
[2025-11-13T06:41:08.987+0000] {processor.py:840} INFO - DAG(s) 'example_nested_branch_dag' retrieved from /home/airflow/.local/lib/python3.8/site-packages/airflow/example_dags/example_nested_branch_dag.py
[2025-11-13T06:41:09.102+0000] {logging_mixin.py:188} INFO - [2025-11-13T06:41:09.101+0000] {dag.py:3036} INFO - Sync 1 DAGs
[2025-11-13T06:41:09.202+0000] {logging_mixin.py:188} INFO - [2025-11-13T06:41:09.202+0000] {dag.py:3823} INFO - Setting next_dagrun for example_nested_branch_dag to 2025-11-12 00:00:00+00:00, run_after=2025-11-13 00:00:00+00:00
[2025-11-13T06:41:09.282+0000] {processor.py:183} INFO - Processing /home/airflow/.local/lib/python3.8/site-packages/airflow/example_dags/example_nested_branch_dag.py took 0.374 seconds
[2025-11-13T06:41:40.005+0000] {processor.py:161} INFO - Started process (PID=1970) to work on /home/airflow/.local/lib/python3.8/site-packages/airflow/example_dags/example_nested_branch_dag.py
[2025-11-13T06:41:40.007+0000] {processor.py:830} INFO - Processing file /home/airflow/.local/lib/python3.8/site-packages/airflow/example_dags/example_nested_branch_dag.py for tasks to queue
[2025-11-13T06:41:40.011+0000] {logging_mixin.py:188} INFO - [2025-11-13T06:41:40.010+0000] {dagbag.py:538} INFO - Filling up the DagBag from /home/airflow/.local/lib/python3.8/site-packages/airflow/example_dags/example_nested_branch_dag.py
[2025-11-13T06:41:40.030+0000] {processor.py:840} INFO - DAG(s) 'example_nested_branch_dag' retrieved from /home/airflow/.local/lib/python3.8/site-packages/airflow/example_dags/example_nested_branch_dag.py
[2025-11-13T06:41:40.076+0000] {logging_mixin.py:188} INFO - [2025-11-13T06:41:40.076+0000] {dag.py:3036} INFO - Sync 1 DAGs
[2025-11-13T06:41:40.115+0000] {logging_mixin.py:188} INFO - [2025-11-13T06:41:40.114+0000] {dag.py:3823} INFO - Setting next_dagrun for example_nested_branch_dag to 2025-11-12 00:00:00+00:00, run_after=2025-11-13 00:00:00+00:00
[2025-11-13T06:41:40.152+0000] {processor.py:183} INFO - Processing /home/airflow/.local/lib/python3.8/site-packages/airflow/example_dags/example_nested_branch_dag.py took 0.153 seconds
[2025-11-13T06:42:11.036+0000] {processor.py:161} INFO - Started process (PID=2032) to work on /home/airflow/.local/lib/python3.8/site-packages/airflow/example_dags/example_nested_branch_dag.py
[2025-11-13T06:42:11.037+0000] {processor.py:830} INFO - Processing file /home/airflow/.local/lib/python3.8/site-packages/airflow/example_dags/example_nested_branch_dag.py for tasks to queue
[2025-11-13T06:42:11.040+0000] {logging_mixin.py:188} INFO - [2025-11-13T06:42:11.040+0000] {dagbag.py:538} INFO - Filling up the DagBag from /home/airflow/.local/lib/python3.8/site-packages/airflow/example_dags/example_nested_branch_dag.py
[2025-11-13T06:42:11.055+0000] {processor.py:840} INFO - DAG(s) 'example_nested_branch_dag' retrieved from /home/airflow/.local/lib/python3.8/site-packages/airflow/example_dags/example_nested_branch_dag.py
[2025-11-13T06:42:11.086+0000] {logging_mixin.py:188} INFO - [2025-11-13T06:42:11.086+0000] {dag.py:3036} INFO - Sync 1 DAGs
[2025-11-13T06:42:11.118+0000] {logging_mixin.py:188} INFO - [2025-11-13T06:42:11.117+0000] {dag.py:3823} INFO - Setting next_dagrun for example_nested_branch_dag to 2025-11-12 00:00:00+00:00, run_after=2025-11-13 00:00:00+00:00
[2025-11-13T06:42:11.147+0000] {processor.py:183} INFO - Processing /home/airflow/.local/lib/python3.8/site-packages/airflow/example_dags/example_nested_branch_dag.py took 0.116 seconds
[2025-11-13T06:42:41.358+0000] {processor.py:161} INFO - Started process (PID=2094) to work on /home/airflow/.local/lib/python3.8/site-packages/airflow/example_dags/example_nested_branch_dag.py
[2025-11-13T06:42:41.360+0000] {processor.py:830} INFO - Processing file /home/airflow/.local/lib/python3.8/site-packages/airflow/example_dags/example_nested_branch_dag.py for tasks to queue
[2025-11-13T06:42:41.362+0000] {logging_mixin.py:188} INFO - [2025-11-13T06:42:41.362+0000] {dagbag.py:538} INFO - Filling up the DagBag from /home/airflow/.local/lib/python3.8/site-packages/airflow/example_dags/example_nested_branch_dag.py
[2025-11-13T06:42:41.377+0000] {processor.py:840} INFO - DAG(s) 'example_nested_branch_dag' retrieved from /home/airflow/.local/lib/python3.8/site-packages/airflow/example_dags/example_nested_branch_dag.py
[2025-11-13T06:42:41.406+0000] {logging_mixin.py:188} INFO - [2025-11-13T06:42:41.406+0000] {dag.py:3036} INFO - Sync 1 DAGs
[2025-11-13T06:42:41.435+0000] {logging_mixin.py:188} INFO - [2025-11-13T06:42:41.434+0000] {dag.py:3823} INFO - Setting next_dagrun for example_nested_branch_dag to 2025-11-12 00:00:00+00:00, run_after=2025-11-13 00:00:00+00:00
[2025-11-13T06:42:41.462+0000] {processor.py:183} INFO - Processing /home/airflow/.local/lib/python3.8/site-packages/airflow/example_dags/example_nested_branch_dag.py took 0.108 seconds
[2025-11-13T06:43:11.876+0000] {processor.py:161} INFO - Started process (PID=2154) to work on /home/airflow/.local/lib/python3.8/site-packages/airflow/example_dags/example_nested_branch_dag.py
[2025-11-13T06:43:11.879+0000] {processor.py:830} INFO - Processing file /home/airflow/.local/lib/python3.8/site-packages/airflow/example_dags/example_nested_branch_dag.py for tasks to queue
[2025-11-13T06:43:11.883+0000] {logging_mixin.py:188} INFO - [2025-11-13T06:43:11.882+0000] {dagbag.py:538} INFO - Filling up the DagBag from /home/airflow/.local/lib/python3.8/site-packages/airflow/example_dags/example_nested_branch_dag.py
[2025-11-13T06:43:11.924+0000] {processor.py:840} INFO - DAG(s) 'example_nested_branch_dag' retrieved from /home/airflow/.local/lib/python3.8/site-packages/airflow/example_dags/example_nested_branch_dag.py
[2025-11-13T06:43:11.986+0000] {logging_mixin.py:188} INFO - [2025-11-13T06:43:11.985+0000] {dag.py:3036} INFO - Sync 1 DAGs
[2025-11-13T06:43:12.038+0000] {logging_mixin.py:188} INFO - [2025-11-13T06:43:12.037+0000] {dag.py:3823} INFO - Setting next_dagrun for example_nested_branch_dag to 2025-11-12 00:00:00+00:00, run_after=2025-11-13 00:00:00+00:00
[2025-11-13T06:43:12.091+0000] {processor.py:183} INFO - Processing /home/airflow/.local/lib/python3.8/site-packages/airflow/example_dags/example_nested_branch_dag.py took 0.223 seconds
[2025-11-13T06:43:42.742+0000] {processor.py:161} INFO - Started process (PID=2217) to work on /home/airflow/.local/lib/python3.8/site-packages/airflow/example_dags/example_nested_branch_dag.py
[2025-11-13T06:43:42.744+0000] {processor.py:830} INFO - Processing file /home/airflow/.local/lib/python3.8/site-packages/airflow/example_dags/example_nested_branch_dag.py for tasks to queue
[2025-11-13T06:43:42.747+0000] {logging_mixin.py:188} INFO - [2025-11-13T06:43:42.747+0000] {dagbag.py:538} INFO - Filling up the DagBag from /home/airflow/.local/lib/python3.8/site-packages/airflow/example_dags/example_nested_branch_dag.py
[2025-11-13T06:43:42.762+0000] {processor.py:840} INFO - DAG(s) 'example_nested_branch_dag' retrieved from /home/airflow/.local/lib/python3.8/site-packages/airflow/example_dags/example_nested_branch_dag.py
[2025-11-13T06:43:42.795+0000] {logging_mixin.py:188} INFO - [2025-11-13T06:43:42.795+0000] {dag.py:3036} INFO - Sync 1 DAGs
[2025-11-13T06:43:42.825+0000] {logging_mixin.py:188} INFO - [2025-11-13T06:43:42.825+0000] {dag.py:3823} INFO - Setting next_dagrun for example_nested_branch_dag to 2025-11-12 00:00:00+00:00, run_after=2025-11-13 00:00:00+00:00
[2025-11-13T06:43:42.855+0000] {processor.py:183} INFO - Processing /home/airflow/.local/lib/python3.8/site-packages/airflow/example_dags/example_nested_branch_dag.py took 0.117 seconds
[2025-11-13T06:44:13.128+0000] {processor.py:161} INFO - Started process (PID=2279) to work on /home/airflow/.local/lib/python3.8/site-packages/airflow/example_dags/example_nested_branch_dag.py
[2025-11-13T06:44:13.130+0000] {processor.py:830} INFO - Processing file /home/airflow/.local/lib/python3.8/site-packages/airflow/example_dags/example_nested_branch_dag.py for tasks to queue
[2025-11-13T06:44:13.133+0000] {logging_mixin.py:188} INFO - [2025-11-13T06:44:13.132+0000] {dagbag.py:538} INFO - Filling up the DagBag from /home/airflow/.local/lib/python3.8/site-packages/airflow/example_dags/example_nested_branch_dag.py
[2025-11-13T06:44:13.146+0000] {processor.py:840} INFO - DAG(s) 'example_nested_branch_dag' retrieved from /home/airflow/.local/lib/python3.8/site-packages/airflow/example_dags/example_nested_branch_dag.py
[2025-11-13T06:44:13.178+0000] {logging_mixin.py:188} INFO - [2025-11-13T06:44:13.178+0000] {dag.py:3036} INFO - Sync 1 DAGs
[2025-11-13T06:44:13.212+0000] {logging_mixin.py:188} INFO - [2025-11-13T06:44:13.212+0000] {dag.py:3823} INFO - Setting next_dagrun for example_nested_branch_dag to 2025-11-12 00:00:00+00:00, run_after=2025-11-13 00:00:00+00:00
[2025-11-13T06:44:13.243+0000] {processor.py:183} INFO - Processing /home/airflow/.local/lib/python3.8/site-packages/airflow/example_dags/example_nested_branch_dag.py took 0.120 seconds
[2025-11-13T06:44:44.258+0000] {processor.py:161} INFO - Started process (PID=2341) to work on /home/airflow/.local/lib/python3.8/site-packages/airflow/example_dags/example_nested_branch_dag.py
[2025-11-13T06:44:44.259+0000] {processor.py:830} INFO - Processing file /home/airflow/.local/lib/python3.8/site-packages/airflow/example_dags/example_nested_branch_dag.py for tasks to queue
[2025-11-13T06:44:44.262+0000] {logging_mixin.py:188} INFO - [2025-11-13T06:44:44.262+0000] {dagbag.py:538} INFO - Filling up the DagBag from /home/airflow/.local/lib/python3.8/site-packages/airflow/example_dags/example_nested_branch_dag.py
[2025-11-13T06:44:44.274+0000] {processor.py:840} INFO - DAG(s) 'example_nested_branch_dag' retrieved from /home/airflow/.local/lib/python3.8/site-packages/airflow/example_dags/example_nested_branch_dag.py
[2025-11-13T06:44:44.301+0000] {logging_mixin.py:188} INFO - [2025-11-13T06:44:44.301+0000] {dag.py:3036} INFO - Sync 1 DAGs
[2025-11-13T06:44:44.327+0000] {logging_mixin.py:188} INFO - [2025-11-13T06:44:44.327+0000] {dag.py:3823} INFO - Setting next_dagrun for example_nested_branch_dag to 2025-11-12 00:00:00+00:00, run_after=2025-11-13 00:00:00+00:00
[2025-11-13T06:44:44.352+0000] {processor.py:183} INFO - Processing /home/airflow/.local/lib/python3.8/site-packages/airflow/example_dags/example_nested_branch_dag.py took 0.099 seconds
[2025-11-13T06:45:14.832+0000] {processor.py:161} INFO - Started process (PID=2403) to work on /home/airflow/.local/lib/python3.8/site-packages/airflow/example_dags/example_nested_branch_dag.py
[2025-11-13T06:45:14.834+0000] {processor.py:830} INFO - Processing file /home/airflow/.local/lib/python3.8/site-packages/airflow/example_dags/example_nested_branch_dag.py for tasks to queue
[2025-11-13T06:45:14.839+0000] {logging_mixin.py:188} INFO - [2025-11-13T06:45:14.839+0000] {dagbag.py:538} INFO - Filling up the DagBag from /home/airflow/.local/lib/python3.8/site-packages/airflow/example_dags/example_nested_branch_dag.py
[2025-11-13T06:45:14.874+0000] {processor.py:840} INFO - DAG(s) 'example_nested_branch_dag' retrieved from /home/airflow/.local/lib/python3.8/site-packages/airflow/example_dags/example_nested_branch_dag.py
[2025-11-13T06:45:14.925+0000] {logging_mixin.py:188} INFO - [2025-11-13T06:45:14.925+0000] {dag.py:3036} INFO - Sync 1 DAGs
[2025-11-13T06:45:14.988+0000] {logging_mixin.py:188} INFO - [2025-11-13T06:45:14.988+0000] {dag.py:3823} INFO - Setting next_dagrun for example_nested_branch_dag to 2025-11-12 00:00:00+00:00, run_after=2025-11-13 00:00:00+00:00
[2025-11-13T06:45:15.045+0000] {processor.py:183} INFO - Processing /home/airflow/.local/lib/python3.8/site-packages/airflow/example_dags/example_nested_branch_dag.py took 0.222 seconds
[2025-11-13T06:45:45.597+0000] {processor.py:161} INFO - Started process (PID=2465) to work on /home/airflow/.local/lib/python3.8/site-packages/airflow/example_dags/example_nested_branch_dag.py
[2025-11-13T06:45:45.599+0000] {processor.py:830} INFO - Processing file /home/airflow/.local/lib/python3.8/site-packages/airflow/example_dags/example_nested_branch_dag.py for tasks to queue
[2025-11-13T06:45:45.601+0000] {logging_mixin.py:188} INFO - [2025-11-13T06:45:45.601+0000] {dagbag.py:538} INFO - Filling up the DagBag from /home/airflow/.local/lib/python3.8/site-packages/airflow/example_dags/example_nested_branch_dag.py
[2025-11-13T06:45:45.614+0000] {processor.py:840} INFO - DAG(s) 'example_nested_branch_dag' retrieved from /home/airflow/.local/lib/python3.8/site-packages/airflow/example_dags/example_nested_branch_dag.py
[2025-11-13T06:45:45.642+0000] {logging_mixin.py:188} INFO - [2025-11-13T06:45:45.641+0000] {dag.py:3036} INFO - Sync 1 DAGs
[2025-11-13T06:45:45.674+0000] {logging_mixin.py:188} INFO - [2025-11-13T06:45:45.674+0000] {dag.py:3823} INFO - Setting next_dagrun for example_nested_branch_dag to 2025-11-12 00:00:00+00:00, run_after=2025-11-13 00:00:00+00:00
[2025-11-13T06:45:45.703+0000] {processor.py:183} INFO - Processing /home/airflow/.local/lib/python3.8/site-packages/airflow/example_dags/example_nested_branch_dag.py took 0.109 seconds
[2025-11-13T06:46:16.014+0000] {processor.py:161} INFO - Started process (PID=2528) to work on /home/airflow/.local/lib/python3.8/site-packages/airflow/example_dags/example_nested_branch_dag.py
[2025-11-13T06:46:16.016+0000] {processor.py:830} INFO - Processing file /home/airflow/.local/lib/python3.8/site-packages/airflow/example_dags/example_nested_branch_dag.py for tasks to queue
[2025-11-13T06:46:16.019+0000] {logging_mixin.py:188} INFO - [2025-11-13T06:46:16.018+0000] {dagbag.py:538} INFO - Filling up the DagBag from /home/airflow/.local/lib/python3.8/site-packages/airflow/example_dags/example_nested_branch_dag.py
[2025-11-13T06:46:16.031+0000] {processor.py:840} INFO - DAG(s) 'example_nested_branch_dag' retrieved from /home/airflow/.local/lib/python3.8/site-packages/airflow/example_dags/example_nested_branch_dag.py
[2025-11-13T06:46:16.059+0000] {logging_mixin.py:188} INFO - [2025-11-13T06:46:16.059+0000] {dag.py:3036} INFO - Sync 1 DAGs
[2025-11-13T06:46:16.087+0000] {logging_mixin.py:188} INFO - [2025-11-13T06:46:16.086+0000] {dag.py:3823} INFO - Setting next_dagrun for example_nested_branch_dag to 2025-11-12 00:00:00+00:00, run_after=2025-11-13 00:00:00+00:00
[2025-11-13T06:46:16.117+0000] {processor.py:183} INFO - Processing /home/airflow/.local/lib/python3.8/site-packages/airflow/example_dags/example_nested_branch_dag.py took 0.107 seconds
[2025-11-13T06:46:47.059+0000] {processor.py:161} INFO - Started process (PID=2591) to work on /home/airflow/.local/lib/python3.8/site-packages/airflow/example_dags/example_nested_branch_dag.py
[2025-11-13T06:46:47.062+0000] {processor.py:830} INFO - Processing file /home/airflow/.local/lib/python3.8/site-packages/airflow/example_dags/example_nested_branch_dag.py for tasks to queue
[2025-11-13T06:46:47.067+0000] {logging_mixin.py:188} INFO - [2025-11-13T06:46:47.066+0000] {dagbag.py:538} INFO - Filling up the DagBag from /home/airflow/.local/lib/python3.8/site-packages/airflow/example_dags/example_nested_branch_dag.py
[2025-11-13T06:46:47.096+0000] {processor.py:840} INFO - DAG(s) 'example_nested_branch_dag' retrieved from /home/airflow/.local/lib/python3.8/site-packages/airflow/example_dags/example_nested_branch_dag.py
[2025-11-13T06:46:47.145+0000] {logging_mixin.py:188} INFO - [2025-11-13T06:46:47.144+0000] {dag.py:3036} INFO - Sync 1 DAGs
[2025-11-13T06:46:47.203+0000] {logging_mixin.py:188} INFO - [2025-11-13T06:46:47.202+0000] {dag.py:3823} INFO - Setting next_dagrun for example_nested_branch_dag to 2025-11-12 00:00:00+00:00, run_after=2025-11-13 00:00:00+00:00
[2025-11-13T06:46:47.253+0000] {processor.py:183} INFO - Processing /home/airflow/.local/lib/python3.8/site-packages/airflow/example_dags/example_nested_branch_dag.py took 0.206 seconds
[2025-11-13T06:47:17.609+0000] {processor.py:161} INFO - Started process (PID=2653) to work on /home/airflow/.local/lib/python3.8/site-packages/airflow/example_dags/example_nested_branch_dag.py
[2025-11-13T06:47:17.610+0000] {processor.py:830} INFO - Processing file /home/airflow/.local/lib/python3.8/site-packages/airflow/example_dags/example_nested_branch_dag.py for tasks to queue
[2025-11-13T06:47:17.614+0000] {logging_mixin.py:188} INFO - [2025-11-13T06:47:17.613+0000] {dagbag.py:538} INFO - Filling up the DagBag from /home/airflow/.local/lib/python3.8/site-packages/airflow/example_dags/example_nested_branch_dag.py
[2025-11-13T06:47:17.627+0000] {processor.py:840} INFO - DAG(s) 'example_nested_branch_dag' retrieved from /home/airflow/.local/lib/python3.8/site-packages/airflow/example_dags/example_nested_branch_dag.py
[2025-11-13T06:47:17.656+0000] {logging_mixin.py:188} INFO - [2025-11-13T06:47:17.655+0000] {dag.py:3036} INFO - Sync 1 DAGs
[2025-11-13T06:47:17.684+0000] {logging_mixin.py:188} INFO - [2025-11-13T06:47:17.683+0000] {dag.py:3823} INFO - Setting next_dagrun for example_nested_branch_dag to 2025-11-12 00:00:00+00:00, run_after=2025-11-13 00:00:00+00:00
[2025-11-13T06:47:17.715+0000] {processor.py:183} INFO - Processing /home/airflow/.local/lib/python3.8/site-packages/airflow/example_dags/example_nested_branch_dag.py took 0.110 seconds
[2025-11-13T06:47:48.289+0000] {processor.py:161} INFO - Started process (PID=2716) to work on /home/airflow/.local/lib/python3.8/site-packages/airflow/example_dags/example_nested_branch_dag.py
[2025-11-13T06:47:48.310+0000] {processor.py:830} INFO - Processing file /home/airflow/.local/lib/python3.8/site-packages/airflow/example_dags/example_nested_branch_dag.py for tasks to queue
[2025-11-13T06:47:48.327+0000] {logging_mixin.py:188} INFO - [2025-11-13T06:47:48.321+0000] {dagbag.py:538} INFO - Filling up the DagBag from /home/airflow/.local/lib/python3.8/site-packages/airflow/example_dags/example_nested_branch_dag.py
[2025-11-13T06:47:48.394+0000] {processor.py:840} INFO - DAG(s) 'example_nested_branch_dag' retrieved from /home/airflow/.local/lib/python3.8/site-packages/airflow/example_dags/example_nested_branch_dag.py
[2025-11-13T06:47:48.536+0000] {logging_mixin.py:188} INFO - [2025-11-13T06:47:48.536+0000] {dag.py:3036} INFO - Sync 1 DAGs
[2025-11-13T06:47:48.690+0000] {logging_mixin.py:188} INFO - [2025-11-13T06:47:48.689+0000] {dag.py:3823} INFO - Setting next_dagrun for example_nested_branch_dag to 2025-11-12 00:00:00+00:00, run_after=2025-11-13 00:00:00+00:00
[2025-11-13T06:47:48.832+0000] {processor.py:183} INFO - Processing /home/airflow/.local/lib/python3.8/site-packages/airflow/example_dags/example_nested_branch_dag.py took 0.559 seconds
[2025-11-13T06:48:19.235+0000] {processor.py:161} INFO - Started process (PID=2778) to work on /home/airflow/.local/lib/python3.8/site-packages/airflow/example_dags/example_nested_branch_dag.py
[2025-11-13T06:48:19.237+0000] {processor.py:830} INFO - Processing file /home/airflow/.local/lib/python3.8/site-packages/airflow/example_dags/example_nested_branch_dag.py for tasks to queue
[2025-11-13T06:48:19.239+0000] {logging_mixin.py:188} INFO - [2025-11-13T06:48:19.239+0000] {dagbag.py:538} INFO - Filling up the DagBag from /home/airflow/.local/lib/python3.8/site-packages/airflow/example_dags/example_nested_branch_dag.py
[2025-11-13T06:48:19.251+0000] {processor.py:840} INFO - DAG(s) 'example_nested_branch_dag' retrieved from /home/airflow/.local/lib/python3.8/site-packages/airflow/example_dags/example_nested_branch_dag.py
[2025-11-13T06:48:19.280+0000] {logging_mixin.py:188} INFO - [2025-11-13T06:48:19.280+0000] {dag.py:3036} INFO - Sync 1 DAGs
[2025-11-13T06:48:19.306+0000] {logging_mixin.py:188} INFO - [2025-11-13T06:48:19.306+0000] {dag.py:3823} INFO - Setting next_dagrun for example_nested_branch_dag to 2025-11-12 00:00:00+00:00, run_after=2025-11-13 00:00:00+00:00
[2025-11-13T06:48:19.344+0000] {processor.py:183} INFO - Processing /home/airflow/.local/lib/python3.8/site-packages/airflow/example_dags/example_nested_branch_dag.py took 0.113 seconds
[2025-11-13T06:48:49.889+0000] {processor.py:161} INFO - Started process (PID=2840) to work on /home/airflow/.local/lib/python3.8/site-packages/airflow/example_dags/example_nested_branch_dag.py
[2025-11-13T06:48:49.891+0000] {processor.py:830} INFO - Processing file /home/airflow/.local/lib/python3.8/site-packages/airflow/example_dags/example_nested_branch_dag.py for tasks to queue
[2025-11-13T06:48:49.895+0000] {logging_mixin.py:188} INFO - [2025-11-13T06:48:49.894+0000] {dagbag.py:538} INFO - Filling up the DagBag from /home/airflow/.local/lib/python3.8/site-packages/airflow/example_dags/example_nested_branch_dag.py
[2025-11-13T06:48:49.911+0000] {processor.py:840} INFO - DAG(s) 'example_nested_branch_dag' retrieved from /home/airflow/.local/lib/python3.8/site-packages/airflow/example_dags/example_nested_branch_dag.py
[2025-11-13T06:48:49.946+0000] {logging_mixin.py:188} INFO - [2025-11-13T06:48:49.946+0000] {dag.py:3036} INFO - Sync 1 DAGs
[2025-11-13T06:48:49.983+0000] {logging_mixin.py:188} INFO - [2025-11-13T06:48:49.983+0000] {dag.py:3823} INFO - Setting next_dagrun for example_nested_branch_dag to 2025-11-12 00:00:00+00:00, run_after=2025-11-13 00:00:00+00:00
[2025-11-13T06:48:50.032+0000] {processor.py:183} INFO - Processing /home/airflow/.local/lib/python3.8/site-packages/airflow/example_dags/example_nested_branch_dag.py took 0.148 seconds
[2025-11-13T06:49:20.881+0000] {processor.py:161} INFO - Started process (PID=2902) to work on /home/airflow/.local/lib/python3.8/site-packages/airflow/example_dags/example_nested_branch_dag.py
[2025-11-13T06:49:20.884+0000] {processor.py:830} INFO - Processing file /home/airflow/.local/lib/python3.8/site-packages/airflow/example_dags/example_nested_branch_dag.py for tasks to queue
[2025-11-13T06:49:20.889+0000] {logging_mixin.py:188} INFO - [2025-11-13T06:49:20.888+0000] {dagbag.py:538} INFO - Filling up the DagBag from /home/airflow/.local/lib/python3.8/site-packages/airflow/example_dags/example_nested_branch_dag.py
[2025-11-13T06:49:20.915+0000] {processor.py:840} INFO - DAG(s) 'example_nested_branch_dag' retrieved from /home/airflow/.local/lib/python3.8/site-packages/airflow/example_dags/example_nested_branch_dag.py
[2025-11-13T06:49:20.967+0000] {logging_mixin.py:188} INFO - [2025-11-13T06:49:20.967+0000] {dag.py:3036} INFO - Sync 1 DAGs
[2025-11-13T06:49:21.062+0000] {logging_mixin.py:188} INFO - [2025-11-13T06:49:21.062+0000] {dag.py:3823} INFO - Setting next_dagrun for example_nested_branch_dag to 2025-11-12 00:00:00+00:00, run_after=2025-11-13 00:00:00+00:00
[2025-11-13T06:49:21.110+0000] {processor.py:183} INFO - Processing /home/airflow/.local/lib/python3.8/site-packages/airflow/example_dags/example_nested_branch_dag.py took 0.242 seconds
[2025-11-13T06:49:52.012+0000] {processor.py:161} INFO - Started process (PID=2964) to work on /home/airflow/.local/lib/python3.8/site-packages/airflow/example_dags/example_nested_branch_dag.py
[2025-11-13T06:49:52.015+0000] {processor.py:830} INFO - Processing file /home/airflow/.local/lib/python3.8/site-packages/airflow/example_dags/example_nested_branch_dag.py for tasks to queue
[2025-11-13T06:49:52.021+0000] {logging_mixin.py:188} INFO - [2025-11-13T06:49:52.020+0000] {dagbag.py:538} INFO - Filling up the DagBag from /home/airflow/.local/lib/python3.8/site-packages/airflow/example_dags/example_nested_branch_dag.py
[2025-11-13T06:49:52.068+0000] {processor.py:840} INFO - DAG(s) 'example_nested_branch_dag' retrieved from /home/airflow/.local/lib/python3.8/site-packages/airflow/example_dags/example_nested_branch_dag.py
[2025-11-13T06:49:52.138+0000] {logging_mixin.py:188} INFO - [2025-11-13T06:49:52.137+0000] {dag.py:3036} INFO - Sync 1 DAGs
[2025-11-13T06:49:52.220+0000] {logging_mixin.py:188} INFO - [2025-11-13T06:49:52.219+0000] {dag.py:3823} INFO - Setting next_dagrun for example_nested_branch_dag to 2025-11-12 00:00:00+00:00, run_after=2025-11-13 00:00:00+00:00
[2025-11-13T06:49:52.302+0000] {processor.py:183} INFO - Processing /home/airflow/.local/lib/python3.8/site-packages/airflow/example_dags/example_nested_branch_dag.py took 0.305 seconds
[2025-11-13T06:50:24.175+0000] {processor.py:161} INFO - Started process (PID=3027) to work on /home/airflow/.local/lib/python3.8/site-packages/airflow/example_dags/example_nested_branch_dag.py
[2025-11-13T06:50:24.178+0000] {processor.py:830} INFO - Processing file /home/airflow/.local/lib/python3.8/site-packages/airflow/example_dags/example_nested_branch_dag.py for tasks to queue
[2025-11-13T06:50:24.189+0000] {logging_mixin.py:188} INFO - [2025-11-13T06:50:24.188+0000] {dagbag.py:538} INFO - Filling up the DagBag from /home/airflow/.local/lib/python3.8/site-packages/airflow/example_dags/example_nested_branch_dag.py
[2025-11-13T06:50:24.219+0000] {processor.py:840} INFO - DAG(s) 'example_nested_branch_dag' retrieved from /home/airflow/.local/lib/python3.8/site-packages/airflow/example_dags/example_nested_branch_dag.py
[2025-11-13T06:50:24.286+0000] {logging_mixin.py:188} INFO - [2025-11-13T06:50:24.286+0000] {dag.py:3036} INFO - Sync 1 DAGs
[2025-11-13T06:50:24.927+0000] {logging_mixin.py:188} INFO - [2025-11-13T06:50:24.927+0000] {dag.py:3823} INFO - Setting next_dagrun for example_nested_branch_dag to 2025-11-12 00:00:00+00:00, run_after=2025-11-13 00:00:00+00:00
[2025-11-13T06:50:25.081+0000] {processor.py:183} INFO - Processing /home/airflow/.local/lib/python3.8/site-packages/airflow/example_dags/example_nested_branch_dag.py took 0.918 seconds
[2025-11-13T06:50:55.478+0000] {processor.py:161} INFO - Started process (PID=3090) to work on /home/airflow/.local/lib/python3.8/site-packages/airflow/example_dags/example_nested_branch_dag.py
[2025-11-13T06:50:55.483+0000] {processor.py:830} INFO - Processing file /home/airflow/.local/lib/python3.8/site-packages/airflow/example_dags/example_nested_branch_dag.py for tasks to queue
[2025-11-13T06:50:55.495+0000] {logging_mixin.py:188} INFO - [2025-11-13T06:50:55.494+0000] {dagbag.py:538} INFO - Filling up the DagBag from /home/airflow/.local/lib/python3.8/site-packages/airflow/example_dags/example_nested_branch_dag.py
[2025-11-13T06:50:55.543+0000] {processor.py:840} INFO - DAG(s) 'example_nested_branch_dag' retrieved from /home/airflow/.local/lib/python3.8/site-packages/airflow/example_dags/example_nested_branch_dag.py
[2025-11-13T06:50:55.687+0000] {logging_mixin.py:188} INFO - [2025-11-13T06:50:55.678+0000] {dag.py:3036} INFO - Sync 1 DAGs
[2025-11-13T06:50:55.828+0000] {logging_mixin.py:188} INFO - [2025-11-13T06:50:55.828+0000] {dag.py:3823} INFO - Setting next_dagrun for example_nested_branch_dag to 2025-11-12 00:00:00+00:00, run_after=2025-11-13 00:00:00+00:00
[2025-11-13T06:50:55.936+0000] {processor.py:183} INFO - Processing /home/airflow/.local/lib/python3.8/site-packages/airflow/example_dags/example_nested_branch_dag.py took 0.474 seconds
