[2025-11-13T06:26:18.695+0000] {processor.py:161} INFO - Started process (PID=101) to work on /home/airflow/.local/lib/python3.8/site-packages/airflow/example_dags/example_latest_only.py
[2025-11-13T06:26:18.699+0000] {processor.py:830} INFO - Processing file /home/airflow/.local/lib/python3.8/site-packages/airflow/example_dags/example_latest_only.py for tasks to queue
[2025-11-13T06:26:18.729+0000] {logging_mixin.py:188} INFO - [2025-11-13T06:26:18.728+0000] {dagbag.py:538} INFO - Filling up the DagBag from /home/airflow/.local/lib/python3.8/site-packages/airflow/example_dags/example_latest_only.py
[2025-11-13T06:26:18.752+0000] {processor.py:840} INFO - DAG(s) 'latest_only' retrieved from /home/airflow/.local/lib/python3.8/site-packages/airflow/example_dags/example_latest_only.py
[2025-11-13T06:26:18.810+0000] {logging_mixin.py:188} INFO - [2025-11-13T06:26:18.804+0000] {dag.py:3036} INFO - Sync 1 DAGs
[2025-11-13T06:26:18.926+0000] {logging_mixin.py:188} INFO - [2025-11-13T06:26:18.925+0000] {dag.py:3823} INFO - Setting next_dagrun for latest_only to 2025-11-13 00:00:00+00:00, run_after=2025-11-13 04:00:00+00:00
[2025-11-13T06:26:19.078+0000] {processor.py:183} INFO - Processing /home/airflow/.local/lib/python3.8/site-packages/airflow/example_dags/example_latest_only.py took 0.421 seconds
[2025-11-13T06:26:49.343+0000] {processor.py:161} INFO - Started process (PID=163) to work on /home/airflow/.local/lib/python3.8/site-packages/airflow/example_dags/example_latest_only.py
[2025-11-13T06:26:49.344+0000] {processor.py:830} INFO - Processing file /home/airflow/.local/lib/python3.8/site-packages/airflow/example_dags/example_latest_only.py for tasks to queue
[2025-11-13T06:26:49.347+0000] {logging_mixin.py:188} INFO - [2025-11-13T06:26:49.346+0000] {dagbag.py:538} INFO - Filling up the DagBag from /home/airflow/.local/lib/python3.8/site-packages/airflow/example_dags/example_latest_only.py
[2025-11-13T06:26:49.353+0000] {processor.py:840} INFO - DAG(s) 'latest_only' retrieved from /home/airflow/.local/lib/python3.8/site-packages/airflow/example_dags/example_latest_only.py
[2025-11-13T06:26:49.478+0000] {logging_mixin.py:188} INFO - [2025-11-13T06:26:49.478+0000] {dag.py:3036} INFO - Sync 1 DAGs
[2025-11-13T06:26:49.503+0000] {logging_mixin.py:188} INFO - [2025-11-13T06:26:49.503+0000] {dag.py:3823} INFO - Setting next_dagrun for latest_only to 2025-11-13 00:00:00+00:00, run_after=2025-11-13 04:00:00+00:00
[2025-11-13T06:26:49.539+0000] {processor.py:183} INFO - Processing /home/airflow/.local/lib/python3.8/site-packages/airflow/example_dags/example_latest_only.py took 0.201 seconds
[2025-11-13T06:27:19.697+0000] {processor.py:161} INFO - Started process (PID=225) to work on /home/airflow/.local/lib/python3.8/site-packages/airflow/example_dags/example_latest_only.py
[2025-11-13T06:27:19.698+0000] {processor.py:830} INFO - Processing file /home/airflow/.local/lib/python3.8/site-packages/airflow/example_dags/example_latest_only.py for tasks to queue
[2025-11-13T06:27:19.701+0000] {logging_mixin.py:188} INFO - [2025-11-13T06:27:19.701+0000] {dagbag.py:538} INFO - Filling up the DagBag from /home/airflow/.local/lib/python3.8/site-packages/airflow/example_dags/example_latest_only.py
[2025-11-13T06:27:19.707+0000] {processor.py:840} INFO - DAG(s) 'latest_only' retrieved from /home/airflow/.local/lib/python3.8/site-packages/airflow/example_dags/example_latest_only.py
[2025-11-13T06:27:19.733+0000] {logging_mixin.py:188} INFO - [2025-11-13T06:27:19.732+0000] {dag.py:3036} INFO - Sync 1 DAGs
[2025-11-13T06:27:19.757+0000] {logging_mixin.py:188} INFO - [2025-11-13T06:27:19.757+0000] {dag.py:3823} INFO - Setting next_dagrun for latest_only to 2025-11-13 00:00:00+00:00, run_after=2025-11-13 04:00:00+00:00
[2025-11-13T06:27:19.780+0000] {processor.py:183} INFO - Processing /home/airflow/.local/lib/python3.8/site-packages/airflow/example_dags/example_latest_only.py took 0.087 seconds
[2025-11-13T06:27:50.448+0000] {processor.py:161} INFO - Started process (PID=287) to work on /home/airflow/.local/lib/python3.8/site-packages/airflow/example_dags/example_latest_only.py
[2025-11-13T06:27:50.450+0000] {processor.py:830} INFO - Processing file /home/airflow/.local/lib/python3.8/site-packages/airflow/example_dags/example_latest_only.py for tasks to queue
[2025-11-13T06:27:50.453+0000] {logging_mixin.py:188} INFO - [2025-11-13T06:27:50.453+0000] {dagbag.py:538} INFO - Filling up the DagBag from /home/airflow/.local/lib/python3.8/site-packages/airflow/example_dags/example_latest_only.py
[2025-11-13T06:27:50.462+0000] {processor.py:840} INFO - DAG(s) 'latest_only' retrieved from /home/airflow/.local/lib/python3.8/site-packages/airflow/example_dags/example_latest_only.py
[2025-11-13T06:27:50.492+0000] {logging_mixin.py:188} INFO - [2025-11-13T06:27:50.492+0000] {dag.py:3036} INFO - Sync 1 DAGs
[2025-11-13T06:27:50.524+0000] {logging_mixin.py:188} INFO - [2025-11-13T06:27:50.524+0000] {dag.py:3823} INFO - Setting next_dagrun for latest_only to 2025-11-13 00:00:00+00:00, run_after=2025-11-13 04:00:00+00:00
[2025-11-13T06:27:50.552+0000] {processor.py:183} INFO - Processing /home/airflow/.local/lib/python3.8/site-packages/airflow/example_dags/example_latest_only.py took 0.111 seconds
[2025-11-13T06:28:21.008+0000] {processor.py:161} INFO - Started process (PID=349) to work on /home/airflow/.local/lib/python3.8/site-packages/airflow/example_dags/example_latest_only.py
[2025-11-13T06:28:21.010+0000] {processor.py:830} INFO - Processing file /home/airflow/.local/lib/python3.8/site-packages/airflow/example_dags/example_latest_only.py for tasks to queue
[2025-11-13T06:28:21.014+0000] {logging_mixin.py:188} INFO - [2025-11-13T06:28:21.013+0000] {dagbag.py:538} INFO - Filling up the DagBag from /home/airflow/.local/lib/python3.8/site-packages/airflow/example_dags/example_latest_only.py
[2025-11-13T06:28:21.024+0000] {processor.py:840} INFO - DAG(s) 'latest_only' retrieved from /home/airflow/.local/lib/python3.8/site-packages/airflow/example_dags/example_latest_only.py
[2025-11-13T06:28:21.064+0000] {logging_mixin.py:188} INFO - [2025-11-13T06:28:21.064+0000] {dag.py:3036} INFO - Sync 1 DAGs
[2025-11-13T06:28:21.114+0000] {logging_mixin.py:188} INFO - [2025-11-13T06:28:21.114+0000] {dag.py:3823} INFO - Setting next_dagrun for latest_only to 2025-11-13 00:00:00+00:00, run_after=2025-11-13 04:00:00+00:00
[2025-11-13T06:28:21.159+0000] {processor.py:183} INFO - Processing /home/airflow/.local/lib/python3.8/site-packages/airflow/example_dags/example_latest_only.py took 0.159 seconds
[2025-11-13T06:28:52.751+0000] {processor.py:161} INFO - Started process (PID=412) to work on /home/airflow/.local/lib/python3.8/site-packages/airflow/example_dags/example_latest_only.py
[2025-11-13T06:28:52.755+0000] {processor.py:830} INFO - Processing file /home/airflow/.local/lib/python3.8/site-packages/airflow/example_dags/example_latest_only.py for tasks to queue
[2025-11-13T06:28:52.766+0000] {logging_mixin.py:188} INFO - [2025-11-13T06:28:52.765+0000] {dagbag.py:538} INFO - Filling up the DagBag from /home/airflow/.local/lib/python3.8/site-packages/airflow/example_dags/example_latest_only.py
[2025-11-13T06:28:52.788+0000] {processor.py:840} INFO - DAG(s) 'latest_only' retrieved from /home/airflow/.local/lib/python3.8/site-packages/airflow/example_dags/example_latest_only.py
[2025-11-13T06:28:52.866+0000] {logging_mixin.py:188} INFO - [2025-11-13T06:28:52.865+0000] {dag.py:3036} INFO - Sync 1 DAGs
[2025-11-13T06:28:52.943+0000] {logging_mixin.py:188} INFO - [2025-11-13T06:28:52.942+0000] {dag.py:3823} INFO - Setting next_dagrun for latest_only to 2025-11-13 00:00:00+00:00, run_after=2025-11-13 04:00:00+00:00
[2025-11-13T06:28:53.035+0000] {processor.py:183} INFO - Processing /home/airflow/.local/lib/python3.8/site-packages/airflow/example_dags/example_latest_only.py took 0.295 seconds
[2025-11-13T06:29:23.444+0000] {processor.py:161} INFO - Started process (PID=474) to work on /home/airflow/.local/lib/python3.8/site-packages/airflow/example_dags/example_latest_only.py
[2025-11-13T06:29:23.446+0000] {processor.py:830} INFO - Processing file /home/airflow/.local/lib/python3.8/site-packages/airflow/example_dags/example_latest_only.py for tasks to queue
[2025-11-13T06:29:23.449+0000] {logging_mixin.py:188} INFO - [2025-11-13T06:29:23.449+0000] {dagbag.py:538} INFO - Filling up the DagBag from /home/airflow/.local/lib/python3.8/site-packages/airflow/example_dags/example_latest_only.py
[2025-11-13T06:29:23.463+0000] {processor.py:840} INFO - DAG(s) 'latest_only' retrieved from /home/airflow/.local/lib/python3.8/site-packages/airflow/example_dags/example_latest_only.py
[2025-11-13T06:29:23.493+0000] {logging_mixin.py:188} INFO - [2025-11-13T06:29:23.493+0000] {dag.py:3036} INFO - Sync 1 DAGs
[2025-11-13T06:29:23.522+0000] {logging_mixin.py:188} INFO - [2025-11-13T06:29:23.521+0000] {dag.py:3823} INFO - Setting next_dagrun for latest_only to 2025-11-13 00:00:00+00:00, run_after=2025-11-13 04:00:00+00:00
[2025-11-13T06:29:23.549+0000] {processor.py:183} INFO - Processing /home/airflow/.local/lib/python3.8/site-packages/airflow/example_dags/example_latest_only.py took 0.110 seconds
[2025-11-13T06:29:54.486+0000] {processor.py:161} INFO - Started process (PID=536) to work on /home/airflow/.local/lib/python3.8/site-packages/airflow/example_dags/example_latest_only.py
[2025-11-13T06:29:54.489+0000] {processor.py:830} INFO - Processing file /home/airflow/.local/lib/python3.8/site-packages/airflow/example_dags/example_latest_only.py for tasks to queue
[2025-11-13T06:29:54.496+0000] {logging_mixin.py:188} INFO - [2025-11-13T06:29:54.495+0000] {dagbag.py:538} INFO - Filling up the DagBag from /home/airflow/.local/lib/python3.8/site-packages/airflow/example_dags/example_latest_only.py
[2025-11-13T06:29:54.514+0000] {processor.py:840} INFO - DAG(s) 'latest_only' retrieved from /home/airflow/.local/lib/python3.8/site-packages/airflow/example_dags/example_latest_only.py
[2025-11-13T06:29:54.583+0000] {logging_mixin.py:188} INFO - [2025-11-13T06:29:54.583+0000] {dag.py:3036} INFO - Sync 1 DAGs
[2025-11-13T06:29:54.699+0000] {logging_mixin.py:188} INFO - [2025-11-13T06:29:54.699+0000] {dag.py:3823} INFO - Setting next_dagrun for latest_only to 2025-11-13 00:00:00+00:00, run_after=2025-11-13 04:00:00+00:00
[2025-11-13T06:29:54.815+0000] {processor.py:183} INFO - Processing /home/airflow/.local/lib/python3.8/site-packages/airflow/example_dags/example_latest_only.py took 0.343 seconds
[2025-11-13T06:30:24.927+0000] {processor.py:161} INFO - Started process (PID=598) to work on /home/airflow/.local/lib/python3.8/site-packages/airflow/example_dags/example_latest_only.py
[2025-11-13T06:30:24.929+0000] {processor.py:830} INFO - Processing file /home/airflow/.local/lib/python3.8/site-packages/airflow/example_dags/example_latest_only.py for tasks to queue
[2025-11-13T06:30:24.933+0000] {logging_mixin.py:188} INFO - [2025-11-13T06:30:24.932+0000] {dagbag.py:538} INFO - Filling up the DagBag from /home/airflow/.local/lib/python3.8/site-packages/airflow/example_dags/example_latest_only.py
[2025-11-13T06:30:24.943+0000] {processor.py:840} INFO - DAG(s) 'latest_only' retrieved from /home/airflow/.local/lib/python3.8/site-packages/airflow/example_dags/example_latest_only.py
[2025-11-13T06:30:24.984+0000] {logging_mixin.py:188} INFO - [2025-11-13T06:30:24.983+0000] {dag.py:3036} INFO - Sync 1 DAGs
[2025-11-13T06:30:25.035+0000] {logging_mixin.py:188} INFO - [2025-11-13T06:30:25.035+0000] {dag.py:3823} INFO - Setting next_dagrun for latest_only to 2025-11-13 00:00:00+00:00, run_after=2025-11-13 04:00:00+00:00
[2025-11-13T06:30:25.087+0000] {processor.py:183} INFO - Processing /home/airflow/.local/lib/python3.8/site-packages/airflow/example_dags/example_latest_only.py took 0.167 seconds
[2025-11-13T06:30:55.356+0000] {processor.py:161} INFO - Started process (PID=660) to work on /home/airflow/.local/lib/python3.8/site-packages/airflow/example_dags/example_latest_only.py
[2025-11-13T06:30:55.358+0000] {processor.py:830} INFO - Processing file /home/airflow/.local/lib/python3.8/site-packages/airflow/example_dags/example_latest_only.py for tasks to queue
[2025-11-13T06:30:55.362+0000] {logging_mixin.py:188} INFO - [2025-11-13T06:30:55.362+0000] {dagbag.py:538} INFO - Filling up the DagBag from /home/airflow/.local/lib/python3.8/site-packages/airflow/example_dags/example_latest_only.py
[2025-11-13T06:30:55.372+0000] {processor.py:840} INFO - DAG(s) 'latest_only' retrieved from /home/airflow/.local/lib/python3.8/site-packages/airflow/example_dags/example_latest_only.py
[2025-11-13T06:30:55.411+0000] {logging_mixin.py:188} INFO - [2025-11-13T06:30:55.410+0000] {dag.py:3036} INFO - Sync 1 DAGs
[2025-11-13T06:30:55.450+0000] {logging_mixin.py:188} INFO - [2025-11-13T06:30:55.450+0000] {dag.py:3823} INFO - Setting next_dagrun for latest_only to 2025-11-13 00:00:00+00:00, run_after=2025-11-13 04:00:00+00:00
[2025-11-13T06:30:55.483+0000] {processor.py:183} INFO - Processing /home/airflow/.local/lib/python3.8/site-packages/airflow/example_dags/example_latest_only.py took 0.133 seconds
[2025-11-13T06:31:25.910+0000] {processor.py:161} INFO - Started process (PID=722) to work on /home/airflow/.local/lib/python3.8/site-packages/airflow/example_dags/example_latest_only.py
[2025-11-13T06:31:25.912+0000] {processor.py:830} INFO - Processing file /home/airflow/.local/lib/python3.8/site-packages/airflow/example_dags/example_latest_only.py for tasks to queue
[2025-11-13T06:31:25.915+0000] {logging_mixin.py:188} INFO - [2025-11-13T06:31:25.914+0000] {dagbag.py:538} INFO - Filling up the DagBag from /home/airflow/.local/lib/python3.8/site-packages/airflow/example_dags/example_latest_only.py
[2025-11-13T06:31:25.922+0000] {processor.py:840} INFO - DAG(s) 'latest_only' retrieved from /home/airflow/.local/lib/python3.8/site-packages/airflow/example_dags/example_latest_only.py
[2025-11-13T06:31:25.951+0000] {logging_mixin.py:188} INFO - [2025-11-13T06:31:25.951+0000] {dag.py:3036} INFO - Sync 1 DAGs
[2025-11-13T06:31:25.980+0000] {logging_mixin.py:188} INFO - [2025-11-13T06:31:25.980+0000] {dag.py:3823} INFO - Setting next_dagrun for latest_only to 2025-11-13 00:00:00+00:00, run_after=2025-11-13 04:00:00+00:00
[2025-11-13T06:31:26.012+0000] {processor.py:183} INFO - Processing /home/airflow/.local/lib/python3.8/site-packages/airflow/example_dags/example_latest_only.py took 0.107 seconds
[2025-11-13T06:31:56.868+0000] {processor.py:161} INFO - Started process (PID=790) to work on /home/airflow/.local/lib/python3.8/site-packages/airflow/example_dags/example_latest_only.py
[2025-11-13T06:31:56.872+0000] {processor.py:830} INFO - Processing file /home/airflow/.local/lib/python3.8/site-packages/airflow/example_dags/example_latest_only.py for tasks to queue
[2025-11-13T06:31:56.885+0000] {logging_mixin.py:188} INFO - [2025-11-13T06:31:56.878+0000] {dagbag.py:538} INFO - Filling up the DagBag from /home/airflow/.local/lib/python3.8/site-packages/airflow/example_dags/example_latest_only.py
[2025-11-13T06:31:56.902+0000] {processor.py:840} INFO - DAG(s) 'latest_only' retrieved from /home/airflow/.local/lib/python3.8/site-packages/airflow/example_dags/example_latest_only.py
[2025-11-13T06:31:56.961+0000] {logging_mixin.py:188} INFO - [2025-11-13T06:31:56.960+0000] {dag.py:3036} INFO - Sync 1 DAGs
[2025-11-13T06:31:57.023+0000] {logging_mixin.py:188} INFO - [2025-11-13T06:31:57.022+0000] {dag.py:3823} INFO - Setting next_dagrun for latest_only to 2025-11-13 00:00:00+00:00, run_after=2025-11-13 04:00:00+00:00
[2025-11-13T06:31:57.080+0000] {processor.py:183} INFO - Processing /home/airflow/.local/lib/python3.8/site-packages/airflow/example_dags/example_latest_only.py took 0.225 seconds
[2025-11-13T06:32:27.167+0000] {processor.py:161} INFO - Started process (PID=852) to work on /home/airflow/.local/lib/python3.8/site-packages/airflow/example_dags/example_latest_only.py
[2025-11-13T06:32:27.169+0000] {processor.py:830} INFO - Processing file /home/airflow/.local/lib/python3.8/site-packages/airflow/example_dags/example_latest_only.py for tasks to queue
[2025-11-13T06:32:27.173+0000] {logging_mixin.py:188} INFO - [2025-11-13T06:32:27.172+0000] {dagbag.py:538} INFO - Filling up the DagBag from /home/airflow/.local/lib/python3.8/site-packages/airflow/example_dags/example_latest_only.py
[2025-11-13T06:32:27.183+0000] {processor.py:840} INFO - DAG(s) 'latest_only' retrieved from /home/airflow/.local/lib/python3.8/site-packages/airflow/example_dags/example_latest_only.py
[2025-11-13T06:32:27.220+0000] {logging_mixin.py:188} INFO - [2025-11-13T06:32:27.220+0000] {dag.py:3036} INFO - Sync 1 DAGs
[2025-11-13T06:32:27.258+0000] {logging_mixin.py:188} INFO - [2025-11-13T06:32:27.257+0000] {dag.py:3823} INFO - Setting next_dagrun for latest_only to 2025-11-13 00:00:00+00:00, run_after=2025-11-13 04:00:00+00:00
[2025-11-13T06:32:27.293+0000] {processor.py:183} INFO - Processing /home/airflow/.local/lib/python3.8/site-packages/airflow/example_dags/example_latest_only.py took 0.134 seconds
[2025-11-13T06:32:57.831+0000] {processor.py:161} INFO - Started process (PID=914) to work on /home/airflow/.local/lib/python3.8/site-packages/airflow/example_dags/example_latest_only.py
[2025-11-13T06:32:57.833+0000] {processor.py:830} INFO - Processing file /home/airflow/.local/lib/python3.8/site-packages/airflow/example_dags/example_latest_only.py for tasks to queue
[2025-11-13T06:32:57.838+0000] {logging_mixin.py:188} INFO - [2025-11-13T06:32:57.837+0000] {dagbag.py:538} INFO - Filling up the DagBag from /home/airflow/.local/lib/python3.8/site-packages/airflow/example_dags/example_latest_only.py
[2025-11-13T06:32:57.848+0000] {processor.py:840} INFO - DAG(s) 'latest_only' retrieved from /home/airflow/.local/lib/python3.8/site-packages/airflow/example_dags/example_latest_only.py
[2025-11-13T06:32:57.881+0000] {logging_mixin.py:188} INFO - [2025-11-13T06:32:57.880+0000] {dag.py:3036} INFO - Sync 1 DAGs
[2025-11-13T06:32:57.915+0000] {logging_mixin.py:188} INFO - [2025-11-13T06:32:57.914+0000] {dag.py:3823} INFO - Setting next_dagrun for latest_only to 2025-11-13 00:00:00+00:00, run_after=2025-11-13 04:00:00+00:00
[2025-11-13T06:32:57.946+0000] {processor.py:183} INFO - Processing /home/airflow/.local/lib/python3.8/site-packages/airflow/example_dags/example_latest_only.py took 0.121 seconds
[2025-11-13T06:33:28.539+0000] {processor.py:161} INFO - Started process (PID=976) to work on /home/airflow/.local/lib/python3.8/site-packages/airflow/example_dags/example_latest_only.py
[2025-11-13T06:33:28.540+0000] {processor.py:830} INFO - Processing file /home/airflow/.local/lib/python3.8/site-packages/airflow/example_dags/example_latest_only.py for tasks to queue
[2025-11-13T06:33:28.544+0000] {logging_mixin.py:188} INFO - [2025-11-13T06:33:28.544+0000] {dagbag.py:538} INFO - Filling up the DagBag from /home/airflow/.local/lib/python3.8/site-packages/airflow/example_dags/example_latest_only.py
[2025-11-13T06:33:28.553+0000] {processor.py:840} INFO - DAG(s) 'latest_only' retrieved from /home/airflow/.local/lib/python3.8/site-packages/airflow/example_dags/example_latest_only.py
[2025-11-13T06:33:28.588+0000] {logging_mixin.py:188} INFO - [2025-11-13T06:33:28.588+0000] {dag.py:3036} INFO - Sync 1 DAGs
[2025-11-13T06:33:28.631+0000] {logging_mixin.py:188} INFO - [2025-11-13T06:33:28.631+0000] {dag.py:3823} INFO - Setting next_dagrun for latest_only to 2025-11-13 00:00:00+00:00, run_after=2025-11-13 04:00:00+00:00
[2025-11-13T06:33:28.668+0000] {processor.py:183} INFO - Processing /home/airflow/.local/lib/python3.8/site-packages/airflow/example_dags/example_latest_only.py took 0.135 seconds
[2025-11-13T06:33:59.696+0000] {processor.py:161} INFO - Started process (PID=1038) to work on /home/airflow/.local/lib/python3.8/site-packages/airflow/example_dags/example_latest_only.py
[2025-11-13T06:33:59.698+0000] {processor.py:830} INFO - Processing file /home/airflow/.local/lib/python3.8/site-packages/airflow/example_dags/example_latest_only.py for tasks to queue
[2025-11-13T06:33:59.703+0000] {logging_mixin.py:188} INFO - [2025-11-13T06:33:59.702+0000] {dagbag.py:538} INFO - Filling up the DagBag from /home/airflow/.local/lib/python3.8/site-packages/airflow/example_dags/example_latest_only.py
[2025-11-13T06:33:59.712+0000] {processor.py:840} INFO - DAG(s) 'latest_only' retrieved from /home/airflow/.local/lib/python3.8/site-packages/airflow/example_dags/example_latest_only.py
[2025-11-13T06:33:59.756+0000] {logging_mixin.py:188} INFO - [2025-11-13T06:33:59.755+0000] {dag.py:3036} INFO - Sync 1 DAGs
[2025-11-13T06:33:59.800+0000] {logging_mixin.py:188} INFO - [2025-11-13T06:33:59.800+0000] {dag.py:3823} INFO - Setting next_dagrun for latest_only to 2025-11-13 00:00:00+00:00, run_after=2025-11-13 04:00:00+00:00
[2025-11-13T06:33:59.836+0000] {processor.py:183} INFO - Processing /home/airflow/.local/lib/python3.8/site-packages/airflow/example_dags/example_latest_only.py took 0.145 seconds
[2025-11-13T06:34:30.755+0000] {processor.py:161} INFO - Started process (PID=1100) to work on /home/airflow/.local/lib/python3.8/site-packages/airflow/example_dags/example_latest_only.py
[2025-11-13T06:34:30.756+0000] {processor.py:830} INFO - Processing file /home/airflow/.local/lib/python3.8/site-packages/airflow/example_dags/example_latest_only.py for tasks to queue
[2025-11-13T06:34:30.759+0000] {logging_mixin.py:188} INFO - [2025-11-13T06:34:30.759+0000] {dagbag.py:538} INFO - Filling up the DagBag from /home/airflow/.local/lib/python3.8/site-packages/airflow/example_dags/example_latest_only.py
[2025-11-13T06:34:30.766+0000] {processor.py:840} INFO - DAG(s) 'latest_only' retrieved from /home/airflow/.local/lib/python3.8/site-packages/airflow/example_dags/example_latest_only.py
[2025-11-13T06:34:30.792+0000] {logging_mixin.py:188} INFO - [2025-11-13T06:34:30.792+0000] {dag.py:3036} INFO - Sync 1 DAGs
[2025-11-13T06:34:30.820+0000] {logging_mixin.py:188} INFO - [2025-11-13T06:34:30.819+0000] {dag.py:3823} INFO - Setting next_dagrun for latest_only to 2025-11-13 00:00:00+00:00, run_after=2025-11-13 04:00:00+00:00
[2025-11-13T06:34:30.852+0000] {processor.py:183} INFO - Processing /home/airflow/.local/lib/python3.8/site-packages/airflow/example_dags/example_latest_only.py took 0.101 seconds
[2025-11-13T06:35:01.149+0000] {processor.py:161} INFO - Started process (PID=1162) to work on /home/airflow/.local/lib/python3.8/site-packages/airflow/example_dags/example_latest_only.py
[2025-11-13T06:35:01.150+0000] {processor.py:830} INFO - Processing file /home/airflow/.local/lib/python3.8/site-packages/airflow/example_dags/example_latest_only.py for tasks to queue
[2025-11-13T06:35:01.153+0000] {logging_mixin.py:188} INFO - [2025-11-13T06:35:01.153+0000] {dagbag.py:538} INFO - Filling up the DagBag from /home/airflow/.local/lib/python3.8/site-packages/airflow/example_dags/example_latest_only.py
[2025-11-13T06:35:01.160+0000] {processor.py:840} INFO - DAG(s) 'latest_only' retrieved from /home/airflow/.local/lib/python3.8/site-packages/airflow/example_dags/example_latest_only.py
[2025-11-13T06:35:01.185+0000] {logging_mixin.py:188} INFO - [2025-11-13T06:35:01.185+0000] {dag.py:3036} INFO - Sync 1 DAGs
[2025-11-13T06:35:01.210+0000] {logging_mixin.py:188} INFO - [2025-11-13T06:35:01.210+0000] {dag.py:3823} INFO - Setting next_dagrun for latest_only to 2025-11-13 00:00:00+00:00, run_after=2025-11-13 04:00:00+00:00
[2025-11-13T06:35:01.244+0000] {processor.py:183} INFO - Processing /home/airflow/.local/lib/python3.8/site-packages/airflow/example_dags/example_latest_only.py took 0.099 seconds
[2025-11-13T06:35:31.882+0000] {processor.py:161} INFO - Started process (PID=1224) to work on /home/airflow/.local/lib/python3.8/site-packages/airflow/example_dags/example_latest_only.py
[2025-11-13T06:35:31.884+0000] {processor.py:830} INFO - Processing file /home/airflow/.local/lib/python3.8/site-packages/airflow/example_dags/example_latest_only.py for tasks to queue
[2025-11-13T06:35:31.887+0000] {logging_mixin.py:188} INFO - [2025-11-13T06:35:31.886+0000] {dagbag.py:538} INFO - Filling up the DagBag from /home/airflow/.local/lib/python3.8/site-packages/airflow/example_dags/example_latest_only.py
[2025-11-13T06:35:31.893+0000] {processor.py:840} INFO - DAG(s) 'latest_only' retrieved from /home/airflow/.local/lib/python3.8/site-packages/airflow/example_dags/example_latest_only.py
[2025-11-13T06:35:31.921+0000] {logging_mixin.py:188} INFO - [2025-11-13T06:35:31.921+0000] {dag.py:3036} INFO - Sync 1 DAGs
[2025-11-13T06:35:31.948+0000] {logging_mixin.py:188} INFO - [2025-11-13T06:35:31.948+0000] {dag.py:3823} INFO - Setting next_dagrun for latest_only to 2025-11-13 00:00:00+00:00, run_after=2025-11-13 04:00:00+00:00
[2025-11-13T06:35:31.983+0000] {processor.py:183} INFO - Processing /home/airflow/.local/lib/python3.8/site-packages/airflow/example_dags/example_latest_only.py took 0.105 seconds
[2025-11-13T06:36:02.865+0000] {processor.py:161} INFO - Started process (PID=1286) to work on /home/airflow/.local/lib/python3.8/site-packages/airflow/example_dags/example_latest_only.py
[2025-11-13T06:36:02.867+0000] {processor.py:830} INFO - Processing file /home/airflow/.local/lib/python3.8/site-packages/airflow/example_dags/example_latest_only.py for tasks to queue
[2025-11-13T06:36:02.870+0000] {logging_mixin.py:188} INFO - [2025-11-13T06:36:02.870+0000] {dagbag.py:538} INFO - Filling up the DagBag from /home/airflow/.local/lib/python3.8/site-packages/airflow/example_dags/example_latest_only.py
[2025-11-13T06:36:02.876+0000] {processor.py:840} INFO - DAG(s) 'latest_only' retrieved from /home/airflow/.local/lib/python3.8/site-packages/airflow/example_dags/example_latest_only.py
[2025-11-13T06:36:02.903+0000] {logging_mixin.py:188} INFO - [2025-11-13T06:36:02.903+0000] {dag.py:3036} INFO - Sync 1 DAGs
[2025-11-13T06:36:02.928+0000] {logging_mixin.py:188} INFO - [2025-11-13T06:36:02.928+0000] {dag.py:3823} INFO - Setting next_dagrun for latest_only to 2025-11-13 00:00:00+00:00, run_after=2025-11-13 04:00:00+00:00
[2025-11-13T06:36:02.960+0000] {processor.py:183} INFO - Processing /home/airflow/.local/lib/python3.8/site-packages/airflow/example_dags/example_latest_only.py took 0.099 seconds
[2025-11-13T06:36:33.665+0000] {processor.py:161} INFO - Started process (PID=1349) to work on /home/airflow/.local/lib/python3.8/site-packages/airflow/example_dags/example_latest_only.py
[2025-11-13T06:36:33.667+0000] {processor.py:830} INFO - Processing file /home/airflow/.local/lib/python3.8/site-packages/airflow/example_dags/example_latest_only.py for tasks to queue
[2025-11-13T06:36:33.670+0000] {logging_mixin.py:188} INFO - [2025-11-13T06:36:33.670+0000] {dagbag.py:538} INFO - Filling up the DagBag from /home/airflow/.local/lib/python3.8/site-packages/airflow/example_dags/example_latest_only.py
[2025-11-13T06:36:33.677+0000] {processor.py:840} INFO - DAG(s) 'latest_only' retrieved from /home/airflow/.local/lib/python3.8/site-packages/airflow/example_dags/example_latest_only.py
[2025-11-13T06:36:33.712+0000] {logging_mixin.py:188} INFO - [2025-11-13T06:36:33.712+0000] {dag.py:3036} INFO - Sync 1 DAGs
[2025-11-13T06:36:33.750+0000] {logging_mixin.py:188} INFO - [2025-11-13T06:36:33.750+0000] {dag.py:3823} INFO - Setting next_dagrun for latest_only to 2025-11-13 00:00:00+00:00, run_after=2025-11-13 04:00:00+00:00
[2025-11-13T06:36:33.804+0000] {processor.py:183} INFO - Processing /home/airflow/.local/lib/python3.8/site-packages/airflow/example_dags/example_latest_only.py took 0.143 seconds
[2025-11-13T06:37:04.002+0000] {processor.py:161} INFO - Started process (PID=1411) to work on /home/airflow/.local/lib/python3.8/site-packages/airflow/example_dags/example_latest_only.py
[2025-11-13T06:37:04.004+0000] {processor.py:830} INFO - Processing file /home/airflow/.local/lib/python3.8/site-packages/airflow/example_dags/example_latest_only.py for tasks to queue
[2025-11-13T06:37:04.007+0000] {logging_mixin.py:188} INFO - [2025-11-13T06:37:04.006+0000] {dagbag.py:538} INFO - Filling up the DagBag from /home/airflow/.local/lib/python3.8/site-packages/airflow/example_dags/example_latest_only.py
[2025-11-13T06:37:04.014+0000] {processor.py:840} INFO - DAG(s) 'latest_only' retrieved from /home/airflow/.local/lib/python3.8/site-packages/airflow/example_dags/example_latest_only.py
[2025-11-13T06:37:04.041+0000] {logging_mixin.py:188} INFO - [2025-11-13T06:37:04.041+0000] {dag.py:3036} INFO - Sync 1 DAGs
[2025-11-13T06:37:04.073+0000] {logging_mixin.py:188} INFO - [2025-11-13T06:37:04.072+0000] {dag.py:3823} INFO - Setting next_dagrun for latest_only to 2025-11-13 00:00:00+00:00, run_after=2025-11-13 04:00:00+00:00
[2025-11-13T06:37:04.102+0000] {processor.py:183} INFO - Processing /home/airflow/.local/lib/python3.8/site-packages/airflow/example_dags/example_latest_only.py took 0.104 seconds
[2025-11-13T06:37:34.150+0000] {processor.py:161} INFO - Started process (PID=1473) to work on /home/airflow/.local/lib/python3.8/site-packages/airflow/example_dags/example_latest_only.py
[2025-11-13T06:37:34.152+0000] {processor.py:830} INFO - Processing file /home/airflow/.local/lib/python3.8/site-packages/airflow/example_dags/example_latest_only.py for tasks to queue
[2025-11-13T06:37:34.154+0000] {logging_mixin.py:188} INFO - [2025-11-13T06:37:34.154+0000] {dagbag.py:538} INFO - Filling up the DagBag from /home/airflow/.local/lib/python3.8/site-packages/airflow/example_dags/example_latest_only.py
[2025-11-13T06:37:34.160+0000] {processor.py:840} INFO - DAG(s) 'latest_only' retrieved from /home/airflow/.local/lib/python3.8/site-packages/airflow/example_dags/example_latest_only.py
[2025-11-13T06:37:34.185+0000] {logging_mixin.py:188} INFO - [2025-11-13T06:37:34.185+0000] {dag.py:3036} INFO - Sync 1 DAGs
[2025-11-13T06:37:34.212+0000] {logging_mixin.py:188} INFO - [2025-11-13T06:37:34.211+0000] {dag.py:3823} INFO - Setting next_dagrun for latest_only to 2025-11-13 00:00:00+00:00, run_after=2025-11-13 04:00:00+00:00
[2025-11-13T06:37:34.245+0000] {processor.py:183} INFO - Processing /home/airflow/.local/lib/python3.8/site-packages/airflow/example_dags/example_latest_only.py took 0.099 seconds
[2025-11-13T06:38:05.098+0000] {processor.py:161} INFO - Started process (PID=1535) to work on /home/airflow/.local/lib/python3.8/site-packages/airflow/example_dags/example_latest_only.py
[2025-11-13T06:38:05.100+0000] {processor.py:830} INFO - Processing file /home/airflow/.local/lib/python3.8/site-packages/airflow/example_dags/example_latest_only.py for tasks to queue
[2025-11-13T06:38:05.104+0000] {logging_mixin.py:188} INFO - [2025-11-13T06:38:05.103+0000] {dagbag.py:538} INFO - Filling up the DagBag from /home/airflow/.local/lib/python3.8/site-packages/airflow/example_dags/example_latest_only.py
[2025-11-13T06:38:05.111+0000] {processor.py:840} INFO - DAG(s) 'latest_only' retrieved from /home/airflow/.local/lib/python3.8/site-packages/airflow/example_dags/example_latest_only.py
[2025-11-13T06:38:05.138+0000] {logging_mixin.py:188} INFO - [2025-11-13T06:38:05.138+0000] {dag.py:3036} INFO - Sync 1 DAGs
[2025-11-13T06:38:05.163+0000] {logging_mixin.py:188} INFO - [2025-11-13T06:38:05.163+0000] {dag.py:3823} INFO - Setting next_dagrun for latest_only to 2025-11-13 00:00:00+00:00, run_after=2025-11-13 04:00:00+00:00
[2025-11-13T06:38:05.189+0000] {processor.py:183} INFO - Processing /home/airflow/.local/lib/python3.8/site-packages/airflow/example_dags/example_latest_only.py took 0.096 seconds
[2025-11-13T06:38:35.559+0000] {processor.py:161} INFO - Started process (PID=1597) to work on /home/airflow/.local/lib/python3.8/site-packages/airflow/example_dags/example_latest_only.py
[2025-11-13T06:38:35.560+0000] {processor.py:830} INFO - Processing file /home/airflow/.local/lib/python3.8/site-packages/airflow/example_dags/example_latest_only.py for tasks to queue
[2025-11-13T06:38:35.563+0000] {logging_mixin.py:188} INFO - [2025-11-13T06:38:35.562+0000] {dagbag.py:538} INFO - Filling up the DagBag from /home/airflow/.local/lib/python3.8/site-packages/airflow/example_dags/example_latest_only.py
[2025-11-13T06:38:35.569+0000] {processor.py:840} INFO - DAG(s) 'latest_only' retrieved from /home/airflow/.local/lib/python3.8/site-packages/airflow/example_dags/example_latest_only.py
[2025-11-13T06:38:35.596+0000] {logging_mixin.py:188} INFO - [2025-11-13T06:38:35.595+0000] {dag.py:3036} INFO - Sync 1 DAGs
[2025-11-13T06:38:35.622+0000] {logging_mixin.py:188} INFO - [2025-11-13T06:38:35.621+0000] {dag.py:3823} INFO - Setting next_dagrun for latest_only to 2025-11-13 00:00:00+00:00, run_after=2025-11-13 04:00:00+00:00
[2025-11-13T06:38:35.656+0000] {processor.py:183} INFO - Processing /home/airflow/.local/lib/python3.8/site-packages/airflow/example_dags/example_latest_only.py took 0.102 seconds
[2025-11-13T06:39:06.281+0000] {processor.py:161} INFO - Started process (PID=1659) to work on /home/airflow/.local/lib/python3.8/site-packages/airflow/example_dags/example_latest_only.py
[2025-11-13T06:39:06.284+0000] {processor.py:830} INFO - Processing file /home/airflow/.local/lib/python3.8/site-packages/airflow/example_dags/example_latest_only.py for tasks to queue
[2025-11-13T06:39:06.298+0000] {logging_mixin.py:188} INFO - [2025-11-13T06:39:06.297+0000] {dagbag.py:538} INFO - Filling up the DagBag from /home/airflow/.local/lib/python3.8/site-packages/airflow/example_dags/example_latest_only.py
[2025-11-13T06:39:06.317+0000] {processor.py:840} INFO - DAG(s) 'latest_only' retrieved from /home/airflow/.local/lib/python3.8/site-packages/airflow/example_dags/example_latest_only.py
[2025-11-13T06:39:06.394+0000] {logging_mixin.py:188} INFO - [2025-11-13T06:39:06.393+0000] {dag.py:3036} INFO - Sync 1 DAGs
[2025-11-13T06:39:06.473+0000] {logging_mixin.py:188} INFO - [2025-11-13T06:39:06.472+0000] {dag.py:3823} INFO - Setting next_dagrun for latest_only to 2025-11-13 00:00:00+00:00, run_after=2025-11-13 04:00:00+00:00
[2025-11-13T06:39:06.527+0000] {processor.py:183} INFO - Processing /home/airflow/.local/lib/python3.8/site-packages/airflow/example_dags/example_latest_only.py took 0.262 seconds
[2025-11-13T06:39:36.801+0000] {processor.py:161} INFO - Started process (PID=1721) to work on /home/airflow/.local/lib/python3.8/site-packages/airflow/example_dags/example_latest_only.py
[2025-11-13T06:39:36.805+0000] {processor.py:830} INFO - Processing file /home/airflow/.local/lib/python3.8/site-packages/airflow/example_dags/example_latest_only.py for tasks to queue
[2025-11-13T06:39:36.812+0000] {logging_mixin.py:188} INFO - [2025-11-13T06:39:36.811+0000] {dagbag.py:538} INFO - Filling up the DagBag from /home/airflow/.local/lib/python3.8/site-packages/airflow/example_dags/example_latest_only.py
[2025-11-13T06:39:36.832+0000] {processor.py:840} INFO - DAG(s) 'latest_only' retrieved from /home/airflow/.local/lib/python3.8/site-packages/airflow/example_dags/example_latest_only.py
[2025-11-13T06:39:36.903+0000] {logging_mixin.py:188} INFO - [2025-11-13T06:39:36.902+0000] {dag.py:3036} INFO - Sync 1 DAGs
[2025-11-13T06:39:37.007+0000] {logging_mixin.py:188} INFO - [2025-11-13T06:39:37.006+0000] {dag.py:3823} INFO - Setting next_dagrun for latest_only to 2025-11-13 00:00:00+00:00, run_after=2025-11-13 04:00:00+00:00
[2025-11-13T06:39:37.065+0000] {processor.py:183} INFO - Processing /home/airflow/.local/lib/python3.8/site-packages/airflow/example_dags/example_latest_only.py took 0.274 seconds
[2025-11-13T06:40:07.721+0000] {processor.py:161} INFO - Started process (PID=1783) to work on /home/airflow/.local/lib/python3.8/site-packages/airflow/example_dags/example_latest_only.py
[2025-11-13T06:40:07.724+0000] {processor.py:830} INFO - Processing file /home/airflow/.local/lib/python3.8/site-packages/airflow/example_dags/example_latest_only.py for tasks to queue
[2025-11-13T06:40:07.732+0000] {logging_mixin.py:188} INFO - [2025-11-13T06:40:07.732+0000] {dagbag.py:538} INFO - Filling up the DagBag from /home/airflow/.local/lib/python3.8/site-packages/airflow/example_dags/example_latest_only.py
[2025-11-13T06:40:07.753+0000] {processor.py:840} INFO - DAG(s) 'latest_only' retrieved from /home/airflow/.local/lib/python3.8/site-packages/airflow/example_dags/example_latest_only.py
[2025-11-13T06:40:07.825+0000] {logging_mixin.py:188} INFO - [2025-11-13T06:40:07.824+0000] {dag.py:3036} INFO - Sync 1 DAGs
[2025-11-13T06:40:07.928+0000] {logging_mixin.py:188} INFO - [2025-11-13T06:40:07.927+0000] {dag.py:3823} INFO - Setting next_dagrun for latest_only to 2025-11-13 00:00:00+00:00, run_after=2025-11-13 04:00:00+00:00
[2025-11-13T06:40:08.045+0000] {processor.py:183} INFO - Processing /home/airflow/.local/lib/python3.8/site-packages/airflow/example_dags/example_latest_only.py took 0.330 seconds
[2025-11-13T06:40:38.311+0000] {processor.py:161} INFO - Started process (PID=1845) to work on /home/airflow/.local/lib/python3.8/site-packages/airflow/example_dags/example_latest_only.py
[2025-11-13T06:40:38.314+0000] {processor.py:830} INFO - Processing file /home/airflow/.local/lib/python3.8/site-packages/airflow/example_dags/example_latest_only.py for tasks to queue
[2025-11-13T06:40:38.322+0000] {logging_mixin.py:188} INFO - [2025-11-13T06:40:38.321+0000] {dagbag.py:538} INFO - Filling up the DagBag from /home/airflow/.local/lib/python3.8/site-packages/airflow/example_dags/example_latest_only.py
[2025-11-13T06:40:38.349+0000] {processor.py:840} INFO - DAG(s) 'latest_only' retrieved from /home/airflow/.local/lib/python3.8/site-packages/airflow/example_dags/example_latest_only.py
[2025-11-13T06:40:38.431+0000] {logging_mixin.py:188} INFO - [2025-11-13T06:40:38.430+0000] {dag.py:3036} INFO - Sync 1 DAGs
[2025-11-13T06:40:38.497+0000] {logging_mixin.py:188} INFO - [2025-11-13T06:40:38.497+0000] {dag.py:3823} INFO - Setting next_dagrun for latest_only to 2025-11-13 00:00:00+00:00, run_after=2025-11-13 04:00:00+00:00
[2025-11-13T06:40:38.544+0000] {processor.py:183} INFO - Processing /home/airflow/.local/lib/python3.8/site-packages/airflow/example_dags/example_latest_only.py took 0.253 seconds
[2025-11-13T06:41:08.909+0000] {processor.py:161} INFO - Started process (PID=1907) to work on /home/airflow/.local/lib/python3.8/site-packages/airflow/example_dags/example_latest_only.py
[2025-11-13T06:41:08.912+0000] {processor.py:830} INFO - Processing file /home/airflow/.local/lib/python3.8/site-packages/airflow/example_dags/example_latest_only.py for tasks to queue
[2025-11-13T06:41:08.918+0000] {logging_mixin.py:188} INFO - [2025-11-13T06:41:08.917+0000] {dagbag.py:538} INFO - Filling up the DagBag from /home/airflow/.local/lib/python3.8/site-packages/airflow/example_dags/example_latest_only.py
[2025-11-13T06:41:08.944+0000] {processor.py:840} INFO - DAG(s) 'latest_only' retrieved from /home/airflow/.local/lib/python3.8/site-packages/airflow/example_dags/example_latest_only.py
[2025-11-13T06:41:09.075+0000] {logging_mixin.py:188} INFO - [2025-11-13T06:41:09.074+0000] {dag.py:3036} INFO - Sync 1 DAGs
[2025-11-13T06:41:09.173+0000] {logging_mixin.py:188} INFO - [2025-11-13T06:41:09.172+0000] {dag.py:3823} INFO - Setting next_dagrun for latest_only to 2025-11-13 00:00:00+00:00, run_after=2025-11-13 04:00:00+00:00
[2025-11-13T06:41:09.233+0000] {processor.py:183} INFO - Processing /home/airflow/.local/lib/python3.8/site-packages/airflow/example_dags/example_latest_only.py took 0.342 seconds
[2025-11-13T06:41:40.006+0000] {processor.py:161} INFO - Started process (PID=1969) to work on /home/airflow/.local/lib/python3.8/site-packages/airflow/example_dags/example_latest_only.py
[2025-11-13T06:41:40.007+0000] {processor.py:830} INFO - Processing file /home/airflow/.local/lib/python3.8/site-packages/airflow/example_dags/example_latest_only.py for tasks to queue
[2025-11-13T06:41:40.011+0000] {logging_mixin.py:188} INFO - [2025-11-13T06:41:40.010+0000] {dagbag.py:538} INFO - Filling up the DagBag from /home/airflow/.local/lib/python3.8/site-packages/airflow/example_dags/example_latest_only.py
[2025-11-13T06:41:40.020+0000] {processor.py:840} INFO - DAG(s) 'latest_only' retrieved from /home/airflow/.local/lib/python3.8/site-packages/airflow/example_dags/example_latest_only.py
[2025-11-13T06:41:40.062+0000] {logging_mixin.py:188} INFO - [2025-11-13T06:41:40.061+0000] {dag.py:3036} INFO - Sync 1 DAGs
[2025-11-13T06:41:40.101+0000] {logging_mixin.py:188} INFO - [2025-11-13T06:41:40.101+0000] {dag.py:3823} INFO - Setting next_dagrun for latest_only to 2025-11-13 00:00:00+00:00, run_after=2025-11-13 04:00:00+00:00
[2025-11-13T06:41:40.146+0000] {processor.py:183} INFO - Processing /home/airflow/.local/lib/python3.8/site-packages/airflow/example_dags/example_latest_only.py took 0.147 seconds
[2025-11-13T06:42:11.036+0000] {processor.py:161} INFO - Started process (PID=2031) to work on /home/airflow/.local/lib/python3.8/site-packages/airflow/example_dags/example_latest_only.py
[2025-11-13T06:42:11.037+0000] {processor.py:830} INFO - Processing file /home/airflow/.local/lib/python3.8/site-packages/airflow/example_dags/example_latest_only.py for tasks to queue
[2025-11-13T06:42:11.040+0000] {logging_mixin.py:188} INFO - [2025-11-13T06:42:11.040+0000] {dagbag.py:538} INFO - Filling up the DagBag from /home/airflow/.local/lib/python3.8/site-packages/airflow/example_dags/example_latest_only.py
[2025-11-13T06:42:11.048+0000] {processor.py:840} INFO - DAG(s) 'latest_only' retrieved from /home/airflow/.local/lib/python3.8/site-packages/airflow/example_dags/example_latest_only.py
[2025-11-13T06:42:11.082+0000] {logging_mixin.py:188} INFO - [2025-11-13T06:42:11.081+0000] {dag.py:3036} INFO - Sync 1 DAGs
[2025-11-13T06:42:11.112+0000] {logging_mixin.py:188} INFO - [2025-11-13T06:42:11.112+0000] {dag.py:3823} INFO - Setting next_dagrun for latest_only to 2025-11-13 00:00:00+00:00, run_after=2025-11-13 04:00:00+00:00
[2025-11-13T06:42:11.142+0000] {processor.py:183} INFO - Processing /home/airflow/.local/lib/python3.8/site-packages/airflow/example_dags/example_latest_only.py took 0.110 seconds
[2025-11-13T06:42:41.358+0000] {processor.py:161} INFO - Started process (PID=2093) to work on /home/airflow/.local/lib/python3.8/site-packages/airflow/example_dags/example_latest_only.py
[2025-11-13T06:42:41.360+0000] {processor.py:830} INFO - Processing file /home/airflow/.local/lib/python3.8/site-packages/airflow/example_dags/example_latest_only.py for tasks to queue
[2025-11-13T06:42:41.362+0000] {logging_mixin.py:188} INFO - [2025-11-13T06:42:41.362+0000] {dagbag.py:538} INFO - Filling up the DagBag from /home/airflow/.local/lib/python3.8/site-packages/airflow/example_dags/example_latest_only.py
[2025-11-13T06:42:41.369+0000] {processor.py:840} INFO - DAG(s) 'latest_only' retrieved from /home/airflow/.local/lib/python3.8/site-packages/airflow/example_dags/example_latest_only.py
[2025-11-13T06:42:41.398+0000] {logging_mixin.py:188} INFO - [2025-11-13T06:42:41.398+0000] {dag.py:3036} INFO - Sync 1 DAGs
[2025-11-13T06:42:41.426+0000] {logging_mixin.py:188} INFO - [2025-11-13T06:42:41.426+0000] {dag.py:3823} INFO - Setting next_dagrun for latest_only to 2025-11-13 00:00:00+00:00, run_after=2025-11-13 04:00:00+00:00
[2025-11-13T06:42:41.461+0000] {processor.py:183} INFO - Processing /home/airflow/.local/lib/python3.8/site-packages/airflow/example_dags/example_latest_only.py took 0.107 seconds
[2025-11-13T06:43:11.673+0000] {processor.py:161} INFO - Started process (PID=2153) to work on /home/airflow/.local/lib/python3.8/site-packages/airflow/example_dags/example_latest_only.py
[2025-11-13T06:43:11.675+0000] {processor.py:830} INFO - Processing file /home/airflow/.local/lib/python3.8/site-packages/airflow/example_dags/example_latest_only.py for tasks to queue
[2025-11-13T06:43:11.679+0000] {logging_mixin.py:188} INFO - [2025-11-13T06:43:11.679+0000] {dagbag.py:538} INFO - Filling up the DagBag from /home/airflow/.local/lib/python3.8/site-packages/airflow/example_dags/example_latest_only.py
[2025-11-13T06:43:11.689+0000] {processor.py:840} INFO - DAG(s) 'latest_only' retrieved from /home/airflow/.local/lib/python3.8/site-packages/airflow/example_dags/example_latest_only.py
[2025-11-13T06:43:11.730+0000] {logging_mixin.py:188} INFO - [2025-11-13T06:43:11.729+0000] {dag.py:3036} INFO - Sync 1 DAGs
[2025-11-13T06:43:11.773+0000] {logging_mixin.py:188} INFO - [2025-11-13T06:43:11.772+0000] {dag.py:3823} INFO - Setting next_dagrun for latest_only to 2025-11-13 00:00:00+00:00, run_after=2025-11-13 04:00:00+00:00
[2025-11-13T06:43:11.812+0000] {processor.py:183} INFO - Processing /home/airflow/.local/lib/python3.8/site-packages/airflow/example_dags/example_latest_only.py took 0.146 seconds
[2025-11-13T06:43:42.606+0000] {processor.py:161} INFO - Started process (PID=2216) to work on /home/airflow/.local/lib/python3.8/site-packages/airflow/example_dags/example_latest_only.py
[2025-11-13T06:43:42.607+0000] {processor.py:830} INFO - Processing file /home/airflow/.local/lib/python3.8/site-packages/airflow/example_dags/example_latest_only.py for tasks to queue
[2025-11-13T06:43:42.610+0000] {logging_mixin.py:188} INFO - [2025-11-13T06:43:42.610+0000] {dagbag.py:538} INFO - Filling up the DagBag from /home/airflow/.local/lib/python3.8/site-packages/airflow/example_dags/example_latest_only.py
[2025-11-13T06:43:42.617+0000] {processor.py:840} INFO - DAG(s) 'latest_only' retrieved from /home/airflow/.local/lib/python3.8/site-packages/airflow/example_dags/example_latest_only.py
[2025-11-13T06:43:42.644+0000] {logging_mixin.py:188} INFO - [2025-11-13T06:43:42.644+0000] {dag.py:3036} INFO - Sync 1 DAGs
[2025-11-13T06:43:42.672+0000] {logging_mixin.py:188} INFO - [2025-11-13T06:43:42.672+0000] {dag.py:3823} INFO - Setting next_dagrun for latest_only to 2025-11-13 00:00:00+00:00, run_after=2025-11-13 04:00:00+00:00
[2025-11-13T06:43:42.699+0000] {processor.py:183} INFO - Processing /home/airflow/.local/lib/python3.8/site-packages/airflow/example_dags/example_latest_only.py took 0.098 seconds
[2025-11-13T06:44:12.974+0000] {processor.py:161} INFO - Started process (PID=2278) to work on /home/airflow/.local/lib/python3.8/site-packages/airflow/example_dags/example_latest_only.py
[2025-11-13T06:44:12.975+0000] {processor.py:830} INFO - Processing file /home/airflow/.local/lib/python3.8/site-packages/airflow/example_dags/example_latest_only.py for tasks to queue
[2025-11-13T06:44:12.979+0000] {logging_mixin.py:188} INFO - [2025-11-13T06:44:12.978+0000] {dagbag.py:538} INFO - Filling up the DagBag from /home/airflow/.local/lib/python3.8/site-packages/airflow/example_dags/example_latest_only.py
[2025-11-13T06:44:12.988+0000] {processor.py:840} INFO - DAG(s) 'latest_only' retrieved from /home/airflow/.local/lib/python3.8/site-packages/airflow/example_dags/example_latest_only.py
[2025-11-13T06:44:13.018+0000] {logging_mixin.py:188} INFO - [2025-11-13T06:44:13.018+0000] {dag.py:3036} INFO - Sync 1 DAGs
[2025-11-13T06:44:13.048+0000] {logging_mixin.py:188} INFO - [2025-11-13T06:44:13.048+0000] {dag.py:3823} INFO - Setting next_dagrun for latest_only to 2025-11-13 00:00:00+00:00, run_after=2025-11-13 04:00:00+00:00
[2025-11-13T06:44:13.077+0000] {processor.py:183} INFO - Processing /home/airflow/.local/lib/python3.8/site-packages/airflow/example_dags/example_latest_only.py took 0.110 seconds
[2025-11-13T06:44:44.132+0000] {processor.py:161} INFO - Started process (PID=2340) to work on /home/airflow/.local/lib/python3.8/site-packages/airflow/example_dags/example_latest_only.py
[2025-11-13T06:44:44.134+0000] {processor.py:830} INFO - Processing file /home/airflow/.local/lib/python3.8/site-packages/airflow/example_dags/example_latest_only.py for tasks to queue
[2025-11-13T06:44:44.136+0000] {logging_mixin.py:188} INFO - [2025-11-13T06:44:44.136+0000] {dagbag.py:538} INFO - Filling up the DagBag from /home/airflow/.local/lib/python3.8/site-packages/airflow/example_dags/example_latest_only.py
[2025-11-13T06:44:44.142+0000] {processor.py:840} INFO - DAG(s) 'latest_only' retrieved from /home/airflow/.local/lib/python3.8/site-packages/airflow/example_dags/example_latest_only.py
[2025-11-13T06:44:44.168+0000] {logging_mixin.py:188} INFO - [2025-11-13T06:44:44.168+0000] {dag.py:3036} INFO - Sync 1 DAGs
[2025-11-13T06:44:44.193+0000] {logging_mixin.py:188} INFO - [2025-11-13T06:44:44.193+0000] {dag.py:3823} INFO - Setting next_dagrun for latest_only to 2025-11-13 00:00:00+00:00, run_after=2025-11-13 04:00:00+00:00
[2025-11-13T06:44:44.220+0000] {processor.py:183} INFO - Processing /home/airflow/.local/lib/python3.8/site-packages/airflow/example_dags/example_latest_only.py took 0.092 seconds
[2025-11-13T06:45:14.829+0000] {processor.py:161} INFO - Started process (PID=2402) to work on /home/airflow/.local/lib/python3.8/site-packages/airflow/example_dags/example_latest_only.py
[2025-11-13T06:45:14.832+0000] {processor.py:830} INFO - Processing file /home/airflow/.local/lib/python3.8/site-packages/airflow/example_dags/example_latest_only.py for tasks to queue
[2025-11-13T06:45:14.837+0000] {logging_mixin.py:188} INFO - [2025-11-13T06:45:14.836+0000] {dagbag.py:538} INFO - Filling up the DagBag from /home/airflow/.local/lib/python3.8/site-packages/airflow/example_dags/example_latest_only.py
[2025-11-13T06:45:14.850+0000] {processor.py:840} INFO - DAG(s) 'latest_only' retrieved from /home/airflow/.local/lib/python3.8/site-packages/airflow/example_dags/example_latest_only.py
[2025-11-13T06:45:14.904+0000] {logging_mixin.py:188} INFO - [2025-11-13T06:45:14.903+0000] {dag.py:3036} INFO - Sync 1 DAGs
[2025-11-13T06:45:14.965+0000] {logging_mixin.py:188} INFO - [2025-11-13T06:45:14.965+0000] {dag.py:3823} INFO - Setting next_dagrun for latest_only to 2025-11-13 00:00:00+00:00, run_after=2025-11-13 04:00:00+00:00
[2025-11-13T06:45:15.031+0000] {processor.py:183} INFO - Processing /home/airflow/.local/lib/python3.8/site-packages/airflow/example_dags/example_latest_only.py took 0.211 seconds
[2025-11-13T06:45:45.597+0000] {processor.py:161} INFO - Started process (PID=2464) to work on /home/airflow/.local/lib/python3.8/site-packages/airflow/example_dags/example_latest_only.py
[2025-11-13T06:45:45.599+0000] {processor.py:830} INFO - Processing file /home/airflow/.local/lib/python3.8/site-packages/airflow/example_dags/example_latest_only.py for tasks to queue
[2025-11-13T06:45:45.602+0000] {logging_mixin.py:188} INFO - [2025-11-13T06:45:45.601+0000] {dagbag.py:538} INFO - Filling up the DagBag from /home/airflow/.local/lib/python3.8/site-packages/airflow/example_dags/example_latest_only.py
[2025-11-13T06:45:45.610+0000] {processor.py:840} INFO - DAG(s) 'latest_only' retrieved from /home/airflow/.local/lib/python3.8/site-packages/airflow/example_dags/example_latest_only.py
[2025-11-13T06:45:45.637+0000] {logging_mixin.py:188} INFO - [2025-11-13T06:45:45.637+0000] {dag.py:3036} INFO - Sync 1 DAGs
[2025-11-13T06:45:45.665+0000] {logging_mixin.py:188} INFO - [2025-11-13T06:45:45.665+0000] {dag.py:3823} INFO - Setting next_dagrun for latest_only to 2025-11-13 00:00:00+00:00, run_after=2025-11-13 04:00:00+00:00
[2025-11-13T06:45:45.700+0000] {processor.py:183} INFO - Processing /home/airflow/.local/lib/python3.8/site-packages/airflow/example_dags/example_latest_only.py took 0.109 seconds
[2025-11-13T06:46:16.014+0000] {processor.py:161} INFO - Started process (PID=2527) to work on /home/airflow/.local/lib/python3.8/site-packages/airflow/example_dags/example_latest_only.py
[2025-11-13T06:46:16.016+0000] {processor.py:830} INFO - Processing file /home/airflow/.local/lib/python3.8/site-packages/airflow/example_dags/example_latest_only.py for tasks to queue
[2025-11-13T06:46:16.019+0000] {logging_mixin.py:188} INFO - [2025-11-13T06:46:16.018+0000] {dagbag.py:538} INFO - Filling up the DagBag from /home/airflow/.local/lib/python3.8/site-packages/airflow/example_dags/example_latest_only.py
[2025-11-13T06:46:16.025+0000] {processor.py:840} INFO - DAG(s) 'latest_only' retrieved from /home/airflow/.local/lib/python3.8/site-packages/airflow/example_dags/example_latest_only.py
[2025-11-13T06:46:16.051+0000] {logging_mixin.py:188} INFO - [2025-11-13T06:46:16.050+0000] {dag.py:3036} INFO - Sync 1 DAGs
[2025-11-13T06:46:16.078+0000] {logging_mixin.py:188} INFO - [2025-11-13T06:46:16.078+0000] {dag.py:3823} INFO - Setting next_dagrun for latest_only to 2025-11-13 00:00:00+00:00, run_after=2025-11-13 04:00:00+00:00
[2025-11-13T06:46:16.115+0000] {processor.py:183} INFO - Processing /home/airflow/.local/lib/python3.8/site-packages/airflow/example_dags/example_latest_only.py took 0.105 seconds
[2025-11-13T06:46:47.054+0000] {processor.py:161} INFO - Started process (PID=2590) to work on /home/airflow/.local/lib/python3.8/site-packages/airflow/example_dags/example_latest_only.py
[2025-11-13T06:46:47.058+0000] {processor.py:830} INFO - Processing file /home/airflow/.local/lib/python3.8/site-packages/airflow/example_dags/example_latest_only.py for tasks to queue
[2025-11-13T06:46:47.064+0000] {logging_mixin.py:188} INFO - [2025-11-13T06:46:47.063+0000] {dagbag.py:538} INFO - Filling up the DagBag from /home/airflow/.local/lib/python3.8/site-packages/airflow/example_dags/example_latest_only.py
[2025-11-13T06:46:47.077+0000] {processor.py:840} INFO - DAG(s) 'latest_only' retrieved from /home/airflow/.local/lib/python3.8/site-packages/airflow/example_dags/example_latest_only.py
[2025-11-13T06:46:47.127+0000] {logging_mixin.py:188} INFO - [2025-11-13T06:46:47.127+0000] {dag.py:3036} INFO - Sync 1 DAGs
[2025-11-13T06:46:47.181+0000] {logging_mixin.py:188} INFO - [2025-11-13T06:46:47.181+0000] {dag.py:3823} INFO - Setting next_dagrun for latest_only to 2025-11-13 00:00:00+00:00, run_after=2025-11-13 04:00:00+00:00
[2025-11-13T06:46:47.236+0000] {processor.py:183} INFO - Processing /home/airflow/.local/lib/python3.8/site-packages/airflow/example_dags/example_latest_only.py took 0.193 seconds
[2025-11-13T06:47:17.601+0000] {processor.py:161} INFO - Started process (PID=2652) to work on /home/airflow/.local/lib/python3.8/site-packages/airflow/example_dags/example_latest_only.py
[2025-11-13T06:47:17.603+0000] {processor.py:830} INFO - Processing file /home/airflow/.local/lib/python3.8/site-packages/airflow/example_dags/example_latest_only.py for tasks to queue
[2025-11-13T06:47:17.606+0000] {logging_mixin.py:188} INFO - [2025-11-13T06:47:17.605+0000] {dagbag.py:538} INFO - Filling up the DagBag from /home/airflow/.local/lib/python3.8/site-packages/airflow/example_dags/example_latest_only.py
[2025-11-13T06:47:17.614+0000] {processor.py:840} INFO - DAG(s) 'latest_only' retrieved from /home/airflow/.local/lib/python3.8/site-packages/airflow/example_dags/example_latest_only.py
[2025-11-13T06:47:17.643+0000] {logging_mixin.py:188} INFO - [2025-11-13T06:47:17.643+0000] {dag.py:3036} INFO - Sync 1 DAGs
[2025-11-13T06:47:17.670+0000] {logging_mixin.py:188} INFO - [2025-11-13T06:47:17.670+0000] {dag.py:3823} INFO - Setting next_dagrun for latest_only to 2025-11-13 00:00:00+00:00, run_after=2025-11-13 04:00:00+00:00
[2025-11-13T06:47:17.698+0000] {processor.py:183} INFO - Processing /home/airflow/.local/lib/python3.8/site-packages/airflow/example_dags/example_latest_only.py took 0.101 seconds
[2025-11-13T06:47:47.827+0000] {processor.py:161} INFO - Started process (PID=2715) to work on /home/airflow/.local/lib/python3.8/site-packages/airflow/example_dags/example_latest_only.py
[2025-11-13T06:47:47.830+0000] {processor.py:830} INFO - Processing file /home/airflow/.local/lib/python3.8/site-packages/airflow/example_dags/example_latest_only.py for tasks to queue
[2025-11-13T06:47:47.836+0000] {logging_mixin.py:188} INFO - [2025-11-13T06:47:47.834+0000] {dagbag.py:538} INFO - Filling up the DagBag from /home/airflow/.local/lib/python3.8/site-packages/airflow/example_dags/example_latest_only.py
[2025-11-13T06:47:47.853+0000] {processor.py:840} INFO - DAG(s) 'latest_only' retrieved from /home/airflow/.local/lib/python3.8/site-packages/airflow/example_dags/example_latest_only.py
[2025-11-13T06:47:47.930+0000] {logging_mixin.py:188} INFO - [2025-11-13T06:47:47.929+0000] {dag.py:3036} INFO - Sync 1 DAGs
[2025-11-13T06:47:48.016+0000] {logging_mixin.py:188} INFO - [2025-11-13T06:47:48.016+0000] {dag.py:3823} INFO - Setting next_dagrun for latest_only to 2025-11-13 00:00:00+00:00, run_after=2025-11-13 04:00:00+00:00
[2025-11-13T06:47:48.112+0000] {processor.py:183} INFO - Processing /home/airflow/.local/lib/python3.8/site-packages/airflow/example_dags/example_latest_only.py took 0.301 seconds
[2025-11-13T06:48:18.206+0000] {processor.py:161} INFO - Started process (PID=2777) to work on /home/airflow/.local/lib/python3.8/site-packages/airflow/example_dags/example_latest_only.py
[2025-11-13T06:48:18.209+0000] {processor.py:830} INFO - Processing file /home/airflow/.local/lib/python3.8/site-packages/airflow/example_dags/example_latest_only.py for tasks to queue
[2025-11-13T06:48:18.216+0000] {logging_mixin.py:188} INFO - [2025-11-13T06:48:18.215+0000] {dagbag.py:538} INFO - Filling up the DagBag from /home/airflow/.local/lib/python3.8/site-packages/airflow/example_dags/example_latest_only.py
[2025-11-13T06:48:18.230+0000] {processor.py:840} INFO - DAG(s) 'latest_only' retrieved from /home/airflow/.local/lib/python3.8/site-packages/airflow/example_dags/example_latest_only.py
[2025-11-13T06:48:18.275+0000] {logging_mixin.py:188} INFO - [2025-11-13T06:48:18.274+0000] {dag.py:3036} INFO - Sync 1 DAGs
[2025-11-13T06:48:18.334+0000] {logging_mixin.py:188} INFO - [2025-11-13T06:48:18.333+0000] {dag.py:3823} INFO - Setting next_dagrun for latest_only to 2025-11-13 00:00:00+00:00, run_after=2025-11-13 04:00:00+00:00
[2025-11-13T06:48:18.380+0000] {processor.py:183} INFO - Processing /home/airflow/.local/lib/python3.8/site-packages/airflow/example_dags/example_latest_only.py took 0.183 seconds
[2025-11-13T06:48:48.869+0000] {processor.py:161} INFO - Started process (PID=2839) to work on /home/airflow/.local/lib/python3.8/site-packages/airflow/example_dags/example_latest_only.py
[2025-11-13T06:48:48.871+0000] {processor.py:830} INFO - Processing file /home/airflow/.local/lib/python3.8/site-packages/airflow/example_dags/example_latest_only.py for tasks to queue
[2025-11-13T06:48:48.875+0000] {logging_mixin.py:188} INFO - [2025-11-13T06:48:48.874+0000] {dagbag.py:538} INFO - Filling up the DagBag from /home/airflow/.local/lib/python3.8/site-packages/airflow/example_dags/example_latest_only.py
[2025-11-13T06:48:48.883+0000] {processor.py:840} INFO - DAG(s) 'latest_only' retrieved from /home/airflow/.local/lib/python3.8/site-packages/airflow/example_dags/example_latest_only.py
[2025-11-13T06:48:48.917+0000] {logging_mixin.py:188} INFO - [2025-11-13T06:48:48.917+0000] {dag.py:3036} INFO - Sync 1 DAGs
[2025-11-13T06:48:48.950+0000] {logging_mixin.py:188} INFO - [2025-11-13T06:48:48.950+0000] {dag.py:3823} INFO - Setting next_dagrun for latest_only to 2025-11-13 00:00:00+00:00, run_after=2025-11-13 04:00:00+00:00
[2025-11-13T06:48:48.982+0000] {processor.py:183} INFO - Processing /home/airflow/.local/lib/python3.8/site-packages/airflow/example_dags/example_latest_only.py took 0.117 seconds
[2025-11-13T06:49:19.714+0000] {processor.py:161} INFO - Started process (PID=2901) to work on /home/airflow/.local/lib/python3.8/site-packages/airflow/example_dags/example_latest_only.py
[2025-11-13T06:49:19.716+0000] {processor.py:830} INFO - Processing file /home/airflow/.local/lib/python3.8/site-packages/airflow/example_dags/example_latest_only.py for tasks to queue
[2025-11-13T06:49:19.720+0000] {logging_mixin.py:188} INFO - [2025-11-13T06:49:19.719+0000] {dagbag.py:538} INFO - Filling up the DagBag from /home/airflow/.local/lib/python3.8/site-packages/airflow/example_dags/example_latest_only.py
[2025-11-13T06:49:19.733+0000] {processor.py:840} INFO - DAG(s) 'latest_only' retrieved from /home/airflow/.local/lib/python3.8/site-packages/airflow/example_dags/example_latest_only.py
[2025-11-13T06:49:19.777+0000] {logging_mixin.py:188} INFO - [2025-11-13T06:49:19.777+0000] {dag.py:3036} INFO - Sync 1 DAGs
[2025-11-13T06:49:19.828+0000] {logging_mixin.py:188} INFO - [2025-11-13T06:49:19.827+0000] {dag.py:3823} INFO - Setting next_dagrun for latest_only to 2025-11-13 00:00:00+00:00, run_after=2025-11-13 04:00:00+00:00
[2025-11-13T06:49:19.869+0000] {processor.py:183} INFO - Processing /home/airflow/.local/lib/python3.8/site-packages/airflow/example_dags/example_latest_only.py took 0.162 seconds
[2025-11-13T06:49:51.647+0000] {processor.py:161} INFO - Started process (PID=2963) to work on /home/airflow/.local/lib/python3.8/site-packages/airflow/example_dags/example_latest_only.py
[2025-11-13T06:49:51.649+0000] {processor.py:830} INFO - Processing file /home/airflow/.local/lib/python3.8/site-packages/airflow/example_dags/example_latest_only.py for tasks to queue
[2025-11-13T06:49:51.653+0000] {logging_mixin.py:188} INFO - [2025-11-13T06:49:51.652+0000] {dagbag.py:538} INFO - Filling up the DagBag from /home/airflow/.local/lib/python3.8/site-packages/airflow/example_dags/example_latest_only.py
[2025-11-13T06:49:51.664+0000] {processor.py:840} INFO - DAG(s) 'latest_only' retrieved from /home/airflow/.local/lib/python3.8/site-packages/airflow/example_dags/example_latest_only.py
[2025-11-13T06:49:51.712+0000] {logging_mixin.py:188} INFO - [2025-11-13T06:49:51.711+0000] {dag.py:3036} INFO - Sync 1 DAGs
[2025-11-13T06:49:51.756+0000] {logging_mixin.py:188} INFO - [2025-11-13T06:49:51.755+0000] {dag.py:3823} INFO - Setting next_dagrun for latest_only to 2025-11-13 00:00:00+00:00, run_after=2025-11-13 04:00:00+00:00
[2025-11-13T06:49:51.811+0000] {processor.py:183} INFO - Processing /home/airflow/.local/lib/python3.8/site-packages/airflow/example_dags/example_latest_only.py took 0.173 seconds
[2025-11-13T06:50:23.895+0000] {processor.py:161} INFO - Started process (PID=3026) to work on /home/airflow/.local/lib/python3.8/site-packages/airflow/example_dags/example_latest_only.py
[2025-11-13T06:50:23.900+0000] {processor.py:830} INFO - Processing file /home/airflow/.local/lib/python3.8/site-packages/airflow/example_dags/example_latest_only.py for tasks to queue
[2025-11-13T06:50:23.906+0000] {logging_mixin.py:188} INFO - [2025-11-13T06:50:23.905+0000] {dagbag.py:538} INFO - Filling up the DagBag from /home/airflow/.local/lib/python3.8/site-packages/airflow/example_dags/example_latest_only.py
[2025-11-13T06:50:23.925+0000] {processor.py:840} INFO - DAG(s) 'latest_only' retrieved from /home/airflow/.local/lib/python3.8/site-packages/airflow/example_dags/example_latest_only.py
[2025-11-13T06:50:23.976+0000] {logging_mixin.py:188} INFO - [2025-11-13T06:50:23.976+0000] {dag.py:3036} INFO - Sync 1 DAGs
[2025-11-13T06:50:24.313+0000] {logging_mixin.py:188} INFO - [2025-11-13T06:50:24.312+0000] {dag.py:3823} INFO - Setting next_dagrun for latest_only to 2025-11-13 00:00:00+00:00, run_after=2025-11-13 04:00:00+00:00
[2025-11-13T06:50:24.381+0000] {processor.py:183} INFO - Processing /home/airflow/.local/lib/python3.8/site-packages/airflow/example_dags/example_latest_only.py took 0.494 seconds
[2025-11-13T06:50:55.282+0000] {processor.py:161} INFO - Started process (PID=3089) to work on /home/airflow/.local/lib/python3.8/site-packages/airflow/example_dags/example_latest_only.py
[2025-11-13T06:50:55.285+0000] {processor.py:830} INFO - Processing file /home/airflow/.local/lib/python3.8/site-packages/airflow/example_dags/example_latest_only.py for tasks to queue
[2025-11-13T06:50:55.293+0000] {logging_mixin.py:188} INFO - [2025-11-13T06:50:55.292+0000] {dagbag.py:538} INFO - Filling up the DagBag from /home/airflow/.local/lib/python3.8/site-packages/airflow/example_dags/example_latest_only.py
[2025-11-13T06:50:55.326+0000] {processor.py:840} INFO - DAG(s) 'latest_only' retrieved from /home/airflow/.local/lib/python3.8/site-packages/airflow/example_dags/example_latest_only.py
[2025-11-13T06:50:55.441+0000] {logging_mixin.py:188} INFO - [2025-11-13T06:50:55.439+0000] {dag.py:3036} INFO - Sync 1 DAGs
[2025-11-13T06:50:55.545+0000] {logging_mixin.py:188} INFO - [2025-11-13T06:50:55.544+0000] {dag.py:3823} INFO - Setting next_dagrun for latest_only to 2025-11-13 00:00:00+00:00, run_after=2025-11-13 04:00:00+00:00
[2025-11-13T06:50:55.631+0000] {processor.py:183} INFO - Processing /home/airflow/.local/lib/python3.8/site-packages/airflow/example_dags/example_latest_only.py took 0.376 seconds
