[2025-11-13T06:26:10.670+0000] {processor.py:161} INFO - Started process (PID=81) to work on /home/airflow/.local/lib/python3.8/site-packages/airflow/example_dags/example_sensors.py
[2025-11-13T06:26:10.681+0000] {processor.py:830} INFO - Processing file /home/airflow/.local/lib/python3.8/site-packages/airflow/example_dags/example_sensors.py for tasks to queue
[2025-11-13T06:26:10.695+0000] {logging_mixin.py:188} INFO - [2025-11-13T06:26:10.694+0000] {dagbag.py:538} INFO - Filling up the DagBag from /home/airflow/.local/lib/python3.8/site-packages/airflow/example_dags/example_sensors.py
[2025-11-13T06:26:10.774+0000] {processor.py:840} INFO - DAG(s) 'example_sensors' retrieved from /home/airflow/.local/lib/python3.8/site-packages/airflow/example_dags/example_sensors.py
[2025-11-13T06:26:10.845+0000] {logging_mixin.py:188} INFO - [2025-11-13T06:26:10.844+0000] {dag.py:3036} INFO - Sync 1 DAGs
[2025-11-13T06:26:10.912+0000] {logging_mixin.py:188} INFO - [2025-11-13T06:26:10.911+0000] {dag.py:3823} INFO - Setting next_dagrun for example_sensors to None, run_after=None
[2025-11-13T06:26:11.041+0000] {processor.py:183} INFO - Processing /home/airflow/.local/lib/python3.8/site-packages/airflow/example_dags/example_sensors.py took 0.394 seconds
[2025-11-13T06:26:41.619+0000] {processor.py:161} INFO - Started process (PID=142) to work on /home/airflow/.local/lib/python3.8/site-packages/airflow/example_dags/example_sensors.py
[2025-11-13T06:26:41.628+0000] {processor.py:830} INFO - Processing file /home/airflow/.local/lib/python3.8/site-packages/airflow/example_dags/example_sensors.py for tasks to queue
[2025-11-13T06:26:41.634+0000] {logging_mixin.py:188} INFO - [2025-11-13T06:26:41.633+0000] {dagbag.py:538} INFO - Filling up the DagBag from /home/airflow/.local/lib/python3.8/site-packages/airflow/example_dags/example_sensors.py
[2025-11-13T06:26:41.712+0000] {processor.py:840} INFO - DAG(s) 'example_sensors' retrieved from /home/airflow/.local/lib/python3.8/site-packages/airflow/example_dags/example_sensors.py
[2025-11-13T06:26:42.240+0000] {logging_mixin.py:188} INFO - [2025-11-13T06:26:42.239+0000] {dag.py:3036} INFO - Sync 1 DAGs
[2025-11-13T06:26:42.324+0000] {logging_mixin.py:188} INFO - [2025-11-13T06:26:42.324+0000] {dag.py:3823} INFO - Setting next_dagrun for example_sensors to None, run_after=None
[2025-11-13T06:26:42.391+0000] {processor.py:183} INFO - Processing /home/airflow/.local/lib/python3.8/site-packages/airflow/example_dags/example_sensors.py took 0.786 seconds
[2025-11-13T06:27:12.773+0000] {processor.py:161} INFO - Started process (PID=204) to work on /home/airflow/.local/lib/python3.8/site-packages/airflow/example_dags/example_sensors.py
[2025-11-13T06:27:12.775+0000] {processor.py:830} INFO - Processing file /home/airflow/.local/lib/python3.8/site-packages/airflow/example_dags/example_sensors.py for tasks to queue
[2025-11-13T06:27:12.779+0000] {logging_mixin.py:188} INFO - [2025-11-13T06:27:12.778+0000] {dagbag.py:538} INFO - Filling up the DagBag from /home/airflow/.local/lib/python3.8/site-packages/airflow/example_dags/example_sensors.py
[2025-11-13T06:27:12.796+0000] {processor.py:840} INFO - DAG(s) 'example_sensors' retrieved from /home/airflow/.local/lib/python3.8/site-packages/airflow/example_dags/example_sensors.py
[2025-11-13T06:27:12.854+0000] {logging_mixin.py:188} INFO - [2025-11-13T06:27:12.854+0000] {dag.py:3036} INFO - Sync 1 DAGs
[2025-11-13T06:27:12.892+0000] {logging_mixin.py:188} INFO - [2025-11-13T06:27:12.892+0000] {dag.py:3823} INFO - Setting next_dagrun for example_sensors to None, run_after=None
[2025-11-13T06:27:12.949+0000] {processor.py:183} INFO - Processing /home/airflow/.local/lib/python3.8/site-packages/airflow/example_dags/example_sensors.py took 0.182 seconds
[2025-11-13T06:27:43.374+0000] {processor.py:161} INFO - Started process (PID=266) to work on /home/airflow/.local/lib/python3.8/site-packages/airflow/example_dags/example_sensors.py
[2025-11-13T06:27:43.376+0000] {processor.py:830} INFO - Processing file /home/airflow/.local/lib/python3.8/site-packages/airflow/example_dags/example_sensors.py for tasks to queue
[2025-11-13T06:27:43.379+0000] {logging_mixin.py:188} INFO - [2025-11-13T06:27:43.378+0000] {dagbag.py:538} INFO - Filling up the DagBag from /home/airflow/.local/lib/python3.8/site-packages/airflow/example_dags/example_sensors.py
[2025-11-13T06:27:43.390+0000] {processor.py:840} INFO - DAG(s) 'example_sensors' retrieved from /home/airflow/.local/lib/python3.8/site-packages/airflow/example_dags/example_sensors.py
[2025-11-13T06:27:43.422+0000] {logging_mixin.py:188} INFO - [2025-11-13T06:27:43.422+0000] {dag.py:3036} INFO - Sync 1 DAGs
[2025-11-13T06:27:43.438+0000] {logging_mixin.py:188} INFO - [2025-11-13T06:27:43.438+0000] {dag.py:3823} INFO - Setting next_dagrun for example_sensors to None, run_after=None
[2025-11-13T06:27:43.471+0000] {processor.py:183} INFO - Processing /home/airflow/.local/lib/python3.8/site-packages/airflow/example_dags/example_sensors.py took 0.102 seconds
[2025-11-13T06:28:13.659+0000] {processor.py:161} INFO - Started process (PID=328) to work on /home/airflow/.local/lib/python3.8/site-packages/airflow/example_dags/example_sensors.py
[2025-11-13T06:28:13.661+0000] {processor.py:830} INFO - Processing file /home/airflow/.local/lib/python3.8/site-packages/airflow/example_dags/example_sensors.py for tasks to queue
[2025-11-13T06:28:13.665+0000] {logging_mixin.py:188} INFO - [2025-11-13T06:28:13.664+0000] {dagbag.py:538} INFO - Filling up the DagBag from /home/airflow/.local/lib/python3.8/site-packages/airflow/example_dags/example_sensors.py
[2025-11-13T06:28:13.679+0000] {processor.py:840} INFO - DAG(s) 'example_sensors' retrieved from /home/airflow/.local/lib/python3.8/site-packages/airflow/example_dags/example_sensors.py
[2025-11-13T06:28:13.717+0000] {logging_mixin.py:188} INFO - [2025-11-13T06:28:13.716+0000] {dag.py:3036} INFO - Sync 1 DAGs
[2025-11-13T06:28:13.738+0000] {logging_mixin.py:188} INFO - [2025-11-13T06:28:13.738+0000] {dag.py:3823} INFO - Setting next_dagrun for example_sensors to None, run_after=None
[2025-11-13T06:28:13.768+0000] {processor.py:183} INFO - Processing /home/airflow/.local/lib/python3.8/site-packages/airflow/example_dags/example_sensors.py took 0.114 seconds
[2025-11-13T06:28:44.092+0000] {processor.py:161} INFO - Started process (PID=392) to work on /home/airflow/.local/lib/python3.8/site-packages/airflow/example_dags/example_sensors.py
[2025-11-13T06:28:44.094+0000] {processor.py:830} INFO - Processing file /home/airflow/.local/lib/python3.8/site-packages/airflow/example_dags/example_sensors.py for tasks to queue
[2025-11-13T06:28:44.098+0000] {logging_mixin.py:188} INFO - [2025-11-13T06:28:44.097+0000] {dagbag.py:538} INFO - Filling up the DagBag from /home/airflow/.local/lib/python3.8/site-packages/airflow/example_dags/example_sensors.py
[2025-11-13T06:28:44.116+0000] {processor.py:840} INFO - DAG(s) 'example_sensors' retrieved from /home/airflow/.local/lib/python3.8/site-packages/airflow/example_dags/example_sensors.py
[2025-11-13T06:28:44.157+0000] {logging_mixin.py:188} INFO - [2025-11-13T06:28:44.157+0000] {dag.py:3036} INFO - Sync 1 DAGs
[2025-11-13T06:28:44.178+0000] {logging_mixin.py:188} INFO - [2025-11-13T06:28:44.178+0000] {dag.py:3823} INFO - Setting next_dagrun for example_sensors to None, run_after=None
[2025-11-13T06:28:44.212+0000] {processor.py:183} INFO - Processing /home/airflow/.local/lib/python3.8/site-packages/airflow/example_dags/example_sensors.py took 0.126 seconds
[2025-11-13T06:29:14.768+0000] {processor.py:161} INFO - Started process (PID=454) to work on /home/airflow/.local/lib/python3.8/site-packages/airflow/example_dags/example_sensors.py
[2025-11-13T06:29:14.769+0000] {processor.py:830} INFO - Processing file /home/airflow/.local/lib/python3.8/site-packages/airflow/example_dags/example_sensors.py for tasks to queue
[2025-11-13T06:29:14.772+0000] {logging_mixin.py:188} INFO - [2025-11-13T06:29:14.772+0000] {dagbag.py:538} INFO - Filling up the DagBag from /home/airflow/.local/lib/python3.8/site-packages/airflow/example_dags/example_sensors.py
[2025-11-13T06:29:14.784+0000] {processor.py:840} INFO - DAG(s) 'example_sensors' retrieved from /home/airflow/.local/lib/python3.8/site-packages/airflow/example_dags/example_sensors.py
[2025-11-13T06:29:14.817+0000] {logging_mixin.py:188} INFO - [2025-11-13T06:29:14.817+0000] {dag.py:3036} INFO - Sync 1 DAGs
[2025-11-13T06:29:14.832+0000] {logging_mixin.py:188} INFO - [2025-11-13T06:29:14.832+0000] {dag.py:3823} INFO - Setting next_dagrun for example_sensors to None, run_after=None
[2025-11-13T06:29:14.859+0000] {processor.py:183} INFO - Processing /home/airflow/.local/lib/python3.8/site-packages/airflow/example_dags/example_sensors.py took 0.095 seconds
[2025-11-13T06:29:45.075+0000] {processor.py:161} INFO - Started process (PID=516) to work on /home/airflow/.local/lib/python3.8/site-packages/airflow/example_dags/example_sensors.py
[2025-11-13T06:29:45.078+0000] {processor.py:830} INFO - Processing file /home/airflow/.local/lib/python3.8/site-packages/airflow/example_dags/example_sensors.py for tasks to queue
[2025-11-13T06:29:45.084+0000] {logging_mixin.py:188} INFO - [2025-11-13T06:29:45.083+0000] {dagbag.py:538} INFO - Filling up the DagBag from /home/airflow/.local/lib/python3.8/site-packages/airflow/example_dags/example_sensors.py
[2025-11-13T06:29:45.106+0000] {processor.py:840} INFO - DAG(s) 'example_sensors' retrieved from /home/airflow/.local/lib/python3.8/site-packages/airflow/example_dags/example_sensors.py
[2025-11-13T06:29:45.162+0000] {logging_mixin.py:188} INFO - [2025-11-13T06:29:45.162+0000] {dag.py:3036} INFO - Sync 1 DAGs
[2025-11-13T06:29:45.194+0000] {logging_mixin.py:188} INFO - [2025-11-13T06:29:45.194+0000] {dag.py:3823} INFO - Setting next_dagrun for example_sensors to None, run_after=None
[2025-11-13T06:29:45.256+0000] {processor.py:183} INFO - Processing /home/airflow/.local/lib/python3.8/site-packages/airflow/example_dags/example_sensors.py took 0.191 seconds
[2025-11-13T06:30:15.928+0000] {processor.py:161} INFO - Started process (PID=578) to work on /home/airflow/.local/lib/python3.8/site-packages/airflow/example_dags/example_sensors.py
[2025-11-13T06:30:15.930+0000] {processor.py:830} INFO - Processing file /home/airflow/.local/lib/python3.8/site-packages/airflow/example_dags/example_sensors.py for tasks to queue
[2025-11-13T06:30:15.938+0000] {logging_mixin.py:188} INFO - [2025-11-13T06:30:15.937+0000] {dagbag.py:538} INFO - Filling up the DagBag from /home/airflow/.local/lib/python3.8/site-packages/airflow/example_dags/example_sensors.py
[2025-11-13T06:30:15.957+0000] {processor.py:840} INFO - DAG(s) 'example_sensors' retrieved from /home/airflow/.local/lib/python3.8/site-packages/airflow/example_dags/example_sensors.py
[2025-11-13T06:30:16.031+0000] {logging_mixin.py:188} INFO - [2025-11-13T06:30:16.030+0000] {dag.py:3036} INFO - Sync 1 DAGs
[2025-11-13T06:30:16.065+0000] {logging_mixin.py:188} INFO - [2025-11-13T06:30:16.064+0000] {dag.py:3823} INFO - Setting next_dagrun for example_sensors to None, run_after=None
[2025-11-13T06:30:16.112+0000] {processor.py:183} INFO - Processing /home/airflow/.local/lib/python3.8/site-packages/airflow/example_dags/example_sensors.py took 0.190 seconds
[2025-11-13T06:30:46.874+0000] {processor.py:161} INFO - Started process (PID=640) to work on /home/airflow/.local/lib/python3.8/site-packages/airflow/example_dags/example_sensors.py
[2025-11-13T06:30:46.876+0000] {processor.py:830} INFO - Processing file /home/airflow/.local/lib/python3.8/site-packages/airflow/example_dags/example_sensors.py for tasks to queue
[2025-11-13T06:30:46.880+0000] {logging_mixin.py:188} INFO - [2025-11-13T06:30:46.879+0000] {dagbag.py:538} INFO - Filling up the DagBag from /home/airflow/.local/lib/python3.8/site-packages/airflow/example_dags/example_sensors.py
[2025-11-13T06:30:46.897+0000] {processor.py:840} INFO - DAG(s) 'example_sensors' retrieved from /home/airflow/.local/lib/python3.8/site-packages/airflow/example_dags/example_sensors.py
[2025-11-13T06:30:46.948+0000] {logging_mixin.py:188} INFO - [2025-11-13T06:30:46.948+0000] {dag.py:3036} INFO - Sync 1 DAGs
[2025-11-13T06:30:46.971+0000] {logging_mixin.py:188} INFO - [2025-11-13T06:30:46.970+0000] {dag.py:3823} INFO - Setting next_dagrun for example_sensors to None, run_after=None
[2025-11-13T06:30:47.014+0000] {processor.py:183} INFO - Processing /home/airflow/.local/lib/python3.8/site-packages/airflow/example_dags/example_sensors.py took 0.147 seconds
[2025-11-13T06:31:17.176+0000] {processor.py:161} INFO - Started process (PID=702) to work on /home/airflow/.local/lib/python3.8/site-packages/airflow/example_dags/example_sensors.py
[2025-11-13T06:31:17.178+0000] {processor.py:830} INFO - Processing file /home/airflow/.local/lib/python3.8/site-packages/airflow/example_dags/example_sensors.py for tasks to queue
[2025-11-13T06:31:17.193+0000] {logging_mixin.py:188} INFO - [2025-11-13T06:31:17.192+0000] {dagbag.py:538} INFO - Filling up the DagBag from /home/airflow/.local/lib/python3.8/site-packages/airflow/example_dags/example_sensors.py
[2025-11-13T06:31:17.231+0000] {processor.py:840} INFO - DAG(s) 'example_sensors' retrieved from /home/airflow/.local/lib/python3.8/site-packages/airflow/example_dags/example_sensors.py
[2025-11-13T06:31:17.303+0000] {logging_mixin.py:188} INFO - [2025-11-13T06:31:17.303+0000] {dag.py:3036} INFO - Sync 1 DAGs
[2025-11-13T06:31:17.330+0000] {logging_mixin.py:188} INFO - [2025-11-13T06:31:17.329+0000] {dag.py:3823} INFO - Setting next_dagrun for example_sensors to None, run_after=None
[2025-11-13T06:31:17.384+0000] {processor.py:183} INFO - Processing /home/airflow/.local/lib/python3.8/site-packages/airflow/example_dags/example_sensors.py took 0.221 seconds
[2025-11-13T06:31:48.074+0000] {processor.py:161} INFO - Started process (PID=764) to work on /home/airflow/.local/lib/python3.8/site-packages/airflow/example_dags/example_sensors.py
[2025-11-13T06:31:48.075+0000] {processor.py:830} INFO - Processing file /home/airflow/.local/lib/python3.8/site-packages/airflow/example_dags/example_sensors.py for tasks to queue
[2025-11-13T06:31:48.078+0000] {logging_mixin.py:188} INFO - [2025-11-13T06:31:48.078+0000] {dagbag.py:538} INFO - Filling up the DagBag from /home/airflow/.local/lib/python3.8/site-packages/airflow/example_dags/example_sensors.py
[2025-11-13T06:31:48.092+0000] {processor.py:840} INFO - DAG(s) 'example_sensors' retrieved from /home/airflow/.local/lib/python3.8/site-packages/airflow/example_dags/example_sensors.py
[2025-11-13T06:31:48.129+0000] {logging_mixin.py:188} INFO - [2025-11-13T06:31:48.129+0000] {dag.py:3036} INFO - Sync 1 DAGs
[2025-11-13T06:31:48.147+0000] {logging_mixin.py:188} INFO - [2025-11-13T06:31:48.147+0000] {dag.py:3823} INFO - Setting next_dagrun for example_sensors to None, run_after=None
[2025-11-13T06:31:48.185+0000] {processor.py:183} INFO - Processing /home/airflow/.local/lib/python3.8/site-packages/airflow/example_dags/example_sensors.py took 0.118 seconds
[2025-11-13T06:32:18.545+0000] {processor.py:161} INFO - Started process (PID=826) to work on /home/airflow/.local/lib/python3.8/site-packages/airflow/example_dags/example_sensors.py
[2025-11-13T06:32:18.547+0000] {processor.py:830} INFO - Processing file /home/airflow/.local/lib/python3.8/site-packages/airflow/example_dags/example_sensors.py for tasks to queue
[2025-11-13T06:32:18.550+0000] {logging_mixin.py:188} INFO - [2025-11-13T06:32:18.550+0000] {dagbag.py:538} INFO - Filling up the DagBag from /home/airflow/.local/lib/python3.8/site-packages/airflow/example_dags/example_sensors.py
[2025-11-13T06:32:18.564+0000] {processor.py:840} INFO - DAG(s) 'example_sensors' retrieved from /home/airflow/.local/lib/python3.8/site-packages/airflow/example_dags/example_sensors.py
[2025-11-13T06:32:18.619+0000] {logging_mixin.py:188} INFO - [2025-11-13T06:32:18.619+0000] {dag.py:3036} INFO - Sync 1 DAGs
[2025-11-13T06:32:18.640+0000] {logging_mixin.py:188} INFO - [2025-11-13T06:32:18.640+0000] {dag.py:3823} INFO - Setting next_dagrun for example_sensors to None, run_after=None
[2025-11-13T06:32:18.679+0000] {processor.py:183} INFO - Processing /home/airflow/.local/lib/python3.8/site-packages/airflow/example_dags/example_sensors.py took 0.138 seconds
[2025-11-13T06:32:48.831+0000] {processor.py:161} INFO - Started process (PID=888) to work on /home/airflow/.local/lib/python3.8/site-packages/airflow/example_dags/example_sensors.py
[2025-11-13T06:32:48.833+0000] {processor.py:830} INFO - Processing file /home/airflow/.local/lib/python3.8/site-packages/airflow/example_dags/example_sensors.py for tasks to queue
[2025-11-13T06:32:48.837+0000] {logging_mixin.py:188} INFO - [2025-11-13T06:32:48.837+0000] {dagbag.py:538} INFO - Filling up the DagBag from /home/airflow/.local/lib/python3.8/site-packages/airflow/example_dags/example_sensors.py
[2025-11-13T06:32:48.856+0000] {processor.py:840} INFO - DAG(s) 'example_sensors' retrieved from /home/airflow/.local/lib/python3.8/site-packages/airflow/example_dags/example_sensors.py
[2025-11-13T06:32:48.893+0000] {logging_mixin.py:188} INFO - [2025-11-13T06:32:48.893+0000] {dag.py:3036} INFO - Sync 1 DAGs
[2025-11-13T06:32:48.924+0000] {logging_mixin.py:188} INFO - [2025-11-13T06:32:48.923+0000] {dag.py:3823} INFO - Setting next_dagrun for example_sensors to None, run_after=None
[2025-11-13T06:32:48.964+0000] {processor.py:183} INFO - Processing /home/airflow/.local/lib/python3.8/site-packages/airflow/example_dags/example_sensors.py took 0.140 seconds
[2025-11-13T06:33:19.540+0000] {processor.py:161} INFO - Started process (PID=950) to work on /home/airflow/.local/lib/python3.8/site-packages/airflow/example_dags/example_sensors.py
[2025-11-13T06:33:19.542+0000] {processor.py:830} INFO - Processing file /home/airflow/.local/lib/python3.8/site-packages/airflow/example_dags/example_sensors.py for tasks to queue
[2025-11-13T06:33:19.546+0000] {logging_mixin.py:188} INFO - [2025-11-13T06:33:19.545+0000] {dagbag.py:538} INFO - Filling up the DagBag from /home/airflow/.local/lib/python3.8/site-packages/airflow/example_dags/example_sensors.py
[2025-11-13T06:33:19.565+0000] {processor.py:840} INFO - DAG(s) 'example_sensors' retrieved from /home/airflow/.local/lib/python3.8/site-packages/airflow/example_dags/example_sensors.py
[2025-11-13T06:33:19.603+0000] {logging_mixin.py:188} INFO - [2025-11-13T06:33:19.603+0000] {dag.py:3036} INFO - Sync 1 DAGs
[2025-11-13T06:33:19.619+0000] {logging_mixin.py:188} INFO - [2025-11-13T06:33:19.619+0000] {dag.py:3823} INFO - Setting next_dagrun for example_sensors to None, run_after=None
[2025-11-13T06:33:19.648+0000] {processor.py:183} INFO - Processing /home/airflow/.local/lib/python3.8/site-packages/airflow/example_dags/example_sensors.py took 0.115 seconds
[2025-11-13T06:33:49.853+0000] {processor.py:161} INFO - Started process (PID=1012) to work on /home/airflow/.local/lib/python3.8/site-packages/airflow/example_dags/example_sensors.py
[2025-11-13T06:33:49.855+0000] {processor.py:830} INFO - Processing file /home/airflow/.local/lib/python3.8/site-packages/airflow/example_dags/example_sensors.py for tasks to queue
[2025-11-13T06:33:49.858+0000] {logging_mixin.py:188} INFO - [2025-11-13T06:33:49.858+0000] {dagbag.py:538} INFO - Filling up the DagBag from /home/airflow/.local/lib/python3.8/site-packages/airflow/example_dags/example_sensors.py
[2025-11-13T06:33:49.873+0000] {processor.py:840} INFO - DAG(s) 'example_sensors' retrieved from /home/airflow/.local/lib/python3.8/site-packages/airflow/example_dags/example_sensors.py
[2025-11-13T06:33:49.904+0000] {logging_mixin.py:188} INFO - [2025-11-13T06:33:49.904+0000] {dag.py:3036} INFO - Sync 1 DAGs
[2025-11-13T06:33:49.919+0000] {logging_mixin.py:188} INFO - [2025-11-13T06:33:49.919+0000] {dag.py:3823} INFO - Setting next_dagrun for example_sensors to None, run_after=None
[2025-11-13T06:33:49.943+0000] {processor.py:183} INFO - Processing /home/airflow/.local/lib/python3.8/site-packages/airflow/example_dags/example_sensors.py took 0.096 seconds
[2025-11-13T06:34:20.054+0000] {processor.py:161} INFO - Started process (PID=1074) to work on /home/airflow/.local/lib/python3.8/site-packages/airflow/example_dags/example_sensors.py
[2025-11-13T06:34:20.056+0000] {processor.py:830} INFO - Processing file /home/airflow/.local/lib/python3.8/site-packages/airflow/example_dags/example_sensors.py for tasks to queue
[2025-11-13T06:34:20.059+0000] {logging_mixin.py:188} INFO - [2025-11-13T06:34:20.059+0000] {dagbag.py:538} INFO - Filling up the DagBag from /home/airflow/.local/lib/python3.8/site-packages/airflow/example_dags/example_sensors.py
[2025-11-13T06:34:20.075+0000] {processor.py:840} INFO - DAG(s) 'example_sensors' retrieved from /home/airflow/.local/lib/python3.8/site-packages/airflow/example_dags/example_sensors.py
[2025-11-13T06:34:20.117+0000] {logging_mixin.py:188} INFO - [2025-11-13T06:34:20.116+0000] {dag.py:3036} INFO - Sync 1 DAGs
[2025-11-13T06:34:20.139+0000] {logging_mixin.py:188} INFO - [2025-11-13T06:34:20.139+0000] {dag.py:3823} INFO - Setting next_dagrun for example_sensors to None, run_after=None
[2025-11-13T06:34:20.174+0000] {processor.py:183} INFO - Processing /home/airflow/.local/lib/python3.8/site-packages/airflow/example_dags/example_sensors.py took 0.125 seconds
[2025-11-13T06:34:50.648+0000] {processor.py:161} INFO - Started process (PID=1136) to work on /home/airflow/.local/lib/python3.8/site-packages/airflow/example_dags/example_sensors.py
[2025-11-13T06:34:50.650+0000] {processor.py:830} INFO - Processing file /home/airflow/.local/lib/python3.8/site-packages/airflow/example_dags/example_sensors.py for tasks to queue
[2025-11-13T06:34:50.654+0000] {logging_mixin.py:188} INFO - [2025-11-13T06:34:50.653+0000] {dagbag.py:538} INFO - Filling up the DagBag from /home/airflow/.local/lib/python3.8/site-packages/airflow/example_dags/example_sensors.py
[2025-11-13T06:34:50.670+0000] {processor.py:840} INFO - DAG(s) 'example_sensors' retrieved from /home/airflow/.local/lib/python3.8/site-packages/airflow/example_dags/example_sensors.py
[2025-11-13T06:34:50.703+0000] {logging_mixin.py:188} INFO - [2025-11-13T06:34:50.703+0000] {dag.py:3036} INFO - Sync 1 DAGs
[2025-11-13T06:34:50.719+0000] {logging_mixin.py:188} INFO - [2025-11-13T06:34:50.719+0000] {dag.py:3823} INFO - Setting next_dagrun for example_sensors to None, run_after=None
[2025-11-13T06:34:50.754+0000] {processor.py:183} INFO - Processing /home/airflow/.local/lib/python3.8/site-packages/airflow/example_dags/example_sensors.py took 0.111 seconds
[2025-11-13T06:35:21.165+0000] {processor.py:161} INFO - Started process (PID=1198) to work on /home/airflow/.local/lib/python3.8/site-packages/airflow/example_dags/example_sensors.py
[2025-11-13T06:35:21.167+0000] {processor.py:830} INFO - Processing file /home/airflow/.local/lib/python3.8/site-packages/airflow/example_dags/example_sensors.py for tasks to queue
[2025-11-13T06:35:21.172+0000] {logging_mixin.py:188} INFO - [2025-11-13T06:35:21.172+0000] {dagbag.py:538} INFO - Filling up the DagBag from /home/airflow/.local/lib/python3.8/site-packages/airflow/example_dags/example_sensors.py
[2025-11-13T06:35:21.192+0000] {processor.py:840} INFO - DAG(s) 'example_sensors' retrieved from /home/airflow/.local/lib/python3.8/site-packages/airflow/example_dags/example_sensors.py
[2025-11-13T06:35:21.236+0000] {logging_mixin.py:188} INFO - [2025-11-13T06:35:21.235+0000] {dag.py:3036} INFO - Sync 1 DAGs
[2025-11-13T06:35:21.258+0000] {logging_mixin.py:188} INFO - [2025-11-13T06:35:21.257+0000] {dag.py:3823} INFO - Setting next_dagrun for example_sensors to None, run_after=None
[2025-11-13T06:35:21.292+0000] {processor.py:183} INFO - Processing /home/airflow/.local/lib/python3.8/site-packages/airflow/example_dags/example_sensors.py took 0.133 seconds
[2025-11-13T06:35:51.738+0000] {processor.py:161} INFO - Started process (PID=1258) to work on /home/airflow/.local/lib/python3.8/site-packages/airflow/example_dags/example_sensors.py
[2025-11-13T06:35:51.740+0000] {processor.py:830} INFO - Processing file /home/airflow/.local/lib/python3.8/site-packages/airflow/example_dags/example_sensors.py for tasks to queue
[2025-11-13T06:35:51.743+0000] {logging_mixin.py:188} INFO - [2025-11-13T06:35:51.743+0000] {dagbag.py:538} INFO - Filling up the DagBag from /home/airflow/.local/lib/python3.8/site-packages/airflow/example_dags/example_sensors.py
[2025-11-13T06:35:51.759+0000] {processor.py:840} INFO - DAG(s) 'example_sensors' retrieved from /home/airflow/.local/lib/python3.8/site-packages/airflow/example_dags/example_sensors.py
[2025-11-13T06:35:51.810+0000] {logging_mixin.py:188} INFO - [2025-11-13T06:35:51.809+0000] {dag.py:3036} INFO - Sync 1 DAGs
[2025-11-13T06:35:51.845+0000] {logging_mixin.py:188} INFO - [2025-11-13T06:35:51.844+0000] {dag.py:3823} INFO - Setting next_dagrun for example_sensors to None, run_after=None
[2025-11-13T06:35:51.910+0000] {processor.py:183} INFO - Processing /home/airflow/.local/lib/python3.8/site-packages/airflow/example_dags/example_sensors.py took 0.178 seconds
[2025-11-13T06:36:22.227+0000] {processor.py:161} INFO - Started process (PID=1320) to work on /home/airflow/.local/lib/python3.8/site-packages/airflow/example_dags/example_sensors.py
[2025-11-13T06:36:22.228+0000] {processor.py:830} INFO - Processing file /home/airflow/.local/lib/python3.8/site-packages/airflow/example_dags/example_sensors.py for tasks to queue
[2025-11-13T06:36:22.231+0000] {logging_mixin.py:188} INFO - [2025-11-13T06:36:22.230+0000] {dagbag.py:538} INFO - Filling up the DagBag from /home/airflow/.local/lib/python3.8/site-packages/airflow/example_dags/example_sensors.py
[2025-11-13T06:36:22.245+0000] {processor.py:840} INFO - DAG(s) 'example_sensors' retrieved from /home/airflow/.local/lib/python3.8/site-packages/airflow/example_dags/example_sensors.py
[2025-11-13T06:36:22.283+0000] {logging_mixin.py:188} INFO - [2025-11-13T06:36:22.282+0000] {dag.py:3036} INFO - Sync 1 DAGs
[2025-11-13T06:36:22.301+0000] {logging_mixin.py:188} INFO - [2025-11-13T06:36:22.300+0000] {dag.py:3823} INFO - Setting next_dagrun for example_sensors to None, run_after=None
[2025-11-13T06:36:22.340+0000] {processor.py:183} INFO - Processing /home/airflow/.local/lib/python3.8/site-packages/airflow/example_dags/example_sensors.py took 0.118 seconds
[2025-11-13T06:36:53.228+0000] {processor.py:161} INFO - Started process (PID=1383) to work on /home/airflow/.local/lib/python3.8/site-packages/airflow/example_dags/example_sensors.py
[2025-11-13T06:36:53.230+0000] {processor.py:830} INFO - Processing file /home/airflow/.local/lib/python3.8/site-packages/airflow/example_dags/example_sensors.py for tasks to queue
[2025-11-13T06:36:53.234+0000] {logging_mixin.py:188} INFO - [2025-11-13T06:36:53.233+0000] {dagbag.py:538} INFO - Filling up the DagBag from /home/airflow/.local/lib/python3.8/site-packages/airflow/example_dags/example_sensors.py
[2025-11-13T06:36:53.252+0000] {processor.py:840} INFO - DAG(s) 'example_sensors' retrieved from /home/airflow/.local/lib/python3.8/site-packages/airflow/example_dags/example_sensors.py
[2025-11-13T06:36:53.294+0000] {logging_mixin.py:188} INFO - [2025-11-13T06:36:53.294+0000] {dag.py:3036} INFO - Sync 1 DAGs
[2025-11-13T06:36:53.313+0000] {logging_mixin.py:188} INFO - [2025-11-13T06:36:53.312+0000] {dag.py:3823} INFO - Setting next_dagrun for example_sensors to None, run_after=None
[2025-11-13T06:36:53.354+0000] {processor.py:183} INFO - Processing /home/airflow/.local/lib/python3.8/site-packages/airflow/example_dags/example_sensors.py took 0.131 seconds
[2025-11-13T06:37:23.943+0000] {processor.py:161} INFO - Started process (PID=1445) to work on /home/airflow/.local/lib/python3.8/site-packages/airflow/example_dags/example_sensors.py
[2025-11-13T06:37:23.945+0000] {processor.py:830} INFO - Processing file /home/airflow/.local/lib/python3.8/site-packages/airflow/example_dags/example_sensors.py for tasks to queue
[2025-11-13T06:37:23.948+0000] {logging_mixin.py:188} INFO - [2025-11-13T06:37:23.947+0000] {dagbag.py:538} INFO - Filling up the DagBag from /home/airflow/.local/lib/python3.8/site-packages/airflow/example_dags/example_sensors.py
[2025-11-13T06:37:23.961+0000] {processor.py:840} INFO - DAG(s) 'example_sensors' retrieved from /home/airflow/.local/lib/python3.8/site-packages/airflow/example_dags/example_sensors.py
[2025-11-13T06:37:24.001+0000] {logging_mixin.py:188} INFO - [2025-11-13T06:37:24.001+0000] {dag.py:3036} INFO - Sync 1 DAGs
[2025-11-13T06:37:24.029+0000] {logging_mixin.py:188} INFO - [2025-11-13T06:37:24.028+0000] {dag.py:3823} INFO - Setting next_dagrun for example_sensors to None, run_after=None
[2025-11-13T06:37:24.064+0000] {processor.py:183} INFO - Processing /home/airflow/.local/lib/python3.8/site-packages/airflow/example_dags/example_sensors.py took 0.125 seconds
[2025-11-13T06:37:54.876+0000] {processor.py:161} INFO - Started process (PID=1507) to work on /home/airflow/.local/lib/python3.8/site-packages/airflow/example_dags/example_sensors.py
[2025-11-13T06:37:54.877+0000] {processor.py:830} INFO - Processing file /home/airflow/.local/lib/python3.8/site-packages/airflow/example_dags/example_sensors.py for tasks to queue
[2025-11-13T06:37:54.880+0000] {logging_mixin.py:188} INFO - [2025-11-13T06:37:54.879+0000] {dagbag.py:538} INFO - Filling up the DagBag from /home/airflow/.local/lib/python3.8/site-packages/airflow/example_dags/example_sensors.py
[2025-11-13T06:37:54.892+0000] {processor.py:840} INFO - DAG(s) 'example_sensors' retrieved from /home/airflow/.local/lib/python3.8/site-packages/airflow/example_dags/example_sensors.py
[2025-11-13T06:37:54.923+0000] {logging_mixin.py:188} INFO - [2025-11-13T06:37:54.923+0000] {dag.py:3036} INFO - Sync 1 DAGs
[2025-11-13T06:37:54.937+0000] {logging_mixin.py:188} INFO - [2025-11-13T06:37:54.937+0000] {dag.py:3823} INFO - Setting next_dagrun for example_sensors to None, run_after=None
[2025-11-13T06:37:54.969+0000] {processor.py:183} INFO - Processing /home/airflow/.local/lib/python3.8/site-packages/airflow/example_dags/example_sensors.py took 0.098 seconds
[2025-11-13T06:38:25.612+0000] {processor.py:161} INFO - Started process (PID=1569) to work on /home/airflow/.local/lib/python3.8/site-packages/airflow/example_dags/example_sensors.py
[2025-11-13T06:38:25.613+0000] {processor.py:830} INFO - Processing file /home/airflow/.local/lib/python3.8/site-packages/airflow/example_dags/example_sensors.py for tasks to queue
[2025-11-13T06:38:25.616+0000] {logging_mixin.py:188} INFO - [2025-11-13T06:38:25.616+0000] {dagbag.py:538} INFO - Filling up the DagBag from /home/airflow/.local/lib/python3.8/site-packages/airflow/example_dags/example_sensors.py
[2025-11-13T06:38:25.627+0000] {processor.py:840} INFO - DAG(s) 'example_sensors' retrieved from /home/airflow/.local/lib/python3.8/site-packages/airflow/example_dags/example_sensors.py
[2025-11-13T06:38:25.657+0000] {logging_mixin.py:188} INFO - [2025-11-13T06:38:25.656+0000] {dag.py:3036} INFO - Sync 1 DAGs
[2025-11-13T06:38:25.671+0000] {logging_mixin.py:188} INFO - [2025-11-13T06:38:25.671+0000] {dag.py:3823} INFO - Setting next_dagrun for example_sensors to None, run_after=None
[2025-11-13T06:38:25.705+0000] {processor.py:183} INFO - Processing /home/airflow/.local/lib/python3.8/site-packages/airflow/example_dags/example_sensors.py took 0.096 seconds
[2025-11-13T06:38:55.882+0000] {processor.py:161} INFO - Started process (PID=1631) to work on /home/airflow/.local/lib/python3.8/site-packages/airflow/example_dags/example_sensors.py
[2025-11-13T06:38:55.884+0000] {processor.py:830} INFO - Processing file /home/airflow/.local/lib/python3.8/site-packages/airflow/example_dags/example_sensors.py for tasks to queue
[2025-11-13T06:38:55.886+0000] {logging_mixin.py:188} INFO - [2025-11-13T06:38:55.886+0000] {dagbag.py:538} INFO - Filling up the DagBag from /home/airflow/.local/lib/python3.8/site-packages/airflow/example_dags/example_sensors.py
[2025-11-13T06:38:55.898+0000] {processor.py:840} INFO - DAG(s) 'example_sensors' retrieved from /home/airflow/.local/lib/python3.8/site-packages/airflow/example_dags/example_sensors.py
[2025-11-13T06:38:55.928+0000] {logging_mixin.py:188} INFO - [2025-11-13T06:38:55.928+0000] {dag.py:3036} INFO - Sync 1 DAGs
[2025-11-13T06:38:55.944+0000] {logging_mixin.py:188} INFO - [2025-11-13T06:38:55.943+0000] {dag.py:3823} INFO - Setting next_dagrun for example_sensors to None, run_after=None
[2025-11-13T06:38:56.002+0000] {processor.py:183} INFO - Processing /home/airflow/.local/lib/python3.8/site-packages/airflow/example_dags/example_sensors.py took 0.125 seconds
[2025-11-13T06:39:26.399+0000] {processor.py:161} INFO - Started process (PID=1693) to work on /home/airflow/.local/lib/python3.8/site-packages/airflow/example_dags/example_sensors.py
[2025-11-13T06:39:26.411+0000] {processor.py:830} INFO - Processing file /home/airflow/.local/lib/python3.8/site-packages/airflow/example_dags/example_sensors.py for tasks to queue
[2025-11-13T06:39:26.417+0000] {logging_mixin.py:188} INFO - [2025-11-13T06:39:26.416+0000] {dagbag.py:538} INFO - Filling up the DagBag from /home/airflow/.local/lib/python3.8/site-packages/airflow/example_dags/example_sensors.py
[2025-11-13T06:39:26.463+0000] {processor.py:840} INFO - DAG(s) 'example_sensors' retrieved from /home/airflow/.local/lib/python3.8/site-packages/airflow/example_dags/example_sensors.py
[2025-11-13T06:39:26.555+0000] {logging_mixin.py:188} INFO - [2025-11-13T06:39:26.554+0000] {dag.py:3036} INFO - Sync 1 DAGs
[2025-11-13T06:39:26.593+0000] {logging_mixin.py:188} INFO - [2025-11-13T06:39:26.593+0000] {dag.py:3823} INFO - Setting next_dagrun for example_sensors to None, run_after=None
[2025-11-13T06:39:26.658+0000] {processor.py:183} INFO - Processing /home/airflow/.local/lib/python3.8/site-packages/airflow/example_dags/example_sensors.py took 0.272 seconds
[2025-11-13T06:39:56.967+0000] {processor.py:161} INFO - Started process (PID=1755) to work on /home/airflow/.local/lib/python3.8/site-packages/airflow/example_dags/example_sensors.py
[2025-11-13T06:39:56.974+0000] {processor.py:830} INFO - Processing file /home/airflow/.local/lib/python3.8/site-packages/airflow/example_dags/example_sensors.py for tasks to queue
[2025-11-13T06:39:56.981+0000] {logging_mixin.py:188} INFO - [2025-11-13T06:39:56.980+0000] {dagbag.py:538} INFO - Filling up the DagBag from /home/airflow/.local/lib/python3.8/site-packages/airflow/example_dags/example_sensors.py
[2025-11-13T06:39:57.039+0000] {processor.py:840} INFO - DAG(s) 'example_sensors' retrieved from /home/airflow/.local/lib/python3.8/site-packages/airflow/example_dags/example_sensors.py
[2025-11-13T06:39:57.165+0000] {logging_mixin.py:188} INFO - [2025-11-13T06:39:57.165+0000] {dag.py:3036} INFO - Sync 1 DAGs
[2025-11-13T06:39:57.223+0000] {logging_mixin.py:188} INFO - [2025-11-13T06:39:57.222+0000] {dag.py:3823} INFO - Setting next_dagrun for example_sensors to None, run_after=None
[2025-11-13T06:39:57.328+0000] {processor.py:183} INFO - Processing /home/airflow/.local/lib/python3.8/site-packages/airflow/example_dags/example_sensors.py took 0.370 seconds
[2025-11-13T06:40:27.459+0000] {processor.py:161} INFO - Started process (PID=1816) to work on /home/airflow/.local/lib/python3.8/site-packages/airflow/example_dags/example_sensors.py
[2025-11-13T06:40:27.461+0000] {processor.py:830} INFO - Processing file /home/airflow/.local/lib/python3.8/site-packages/airflow/example_dags/example_sensors.py for tasks to queue
[2025-11-13T06:40:27.465+0000] {logging_mixin.py:188} INFO - [2025-11-13T06:40:27.464+0000] {dagbag.py:538} INFO - Filling up the DagBag from /home/airflow/.local/lib/python3.8/site-packages/airflow/example_dags/example_sensors.py
[2025-11-13T06:40:27.484+0000] {processor.py:840} INFO - DAG(s) 'example_sensors' retrieved from /home/airflow/.local/lib/python3.8/site-packages/airflow/example_dags/example_sensors.py
[2025-11-13T06:40:27.542+0000] {logging_mixin.py:188} INFO - [2025-11-13T06:40:27.541+0000] {dag.py:3036} INFO - Sync 1 DAGs
[2025-11-13T06:40:27.571+0000] {logging_mixin.py:188} INFO - [2025-11-13T06:40:27.571+0000] {dag.py:3823} INFO - Setting next_dagrun for example_sensors to None, run_after=None
[2025-11-13T06:40:27.626+0000] {processor.py:183} INFO - Processing /home/airflow/.local/lib/python3.8/site-packages/airflow/example_dags/example_sensors.py took 0.176 seconds
[2025-11-13T06:40:58.051+0000] {processor.py:161} INFO - Started process (PID=1878) to work on /home/airflow/.local/lib/python3.8/site-packages/airflow/example_dags/example_sensors.py
[2025-11-13T06:40:58.057+0000] {processor.py:830} INFO - Processing file /home/airflow/.local/lib/python3.8/site-packages/airflow/example_dags/example_sensors.py for tasks to queue
[2025-11-13T06:40:58.062+0000] {logging_mixin.py:188} INFO - [2025-11-13T06:40:58.061+0000] {dagbag.py:538} INFO - Filling up the DagBag from /home/airflow/.local/lib/python3.8/site-packages/airflow/example_dags/example_sensors.py
[2025-11-13T06:40:58.105+0000] {processor.py:840} INFO - DAG(s) 'example_sensors' retrieved from /home/airflow/.local/lib/python3.8/site-packages/airflow/example_dags/example_sensors.py
[2025-11-13T06:40:58.211+0000] {logging_mixin.py:188} INFO - [2025-11-13T06:40:58.210+0000] {dag.py:3036} INFO - Sync 1 DAGs
[2025-11-13T06:40:58.268+0000] {logging_mixin.py:188} INFO - [2025-11-13T06:40:58.267+0000] {dag.py:3823} INFO - Setting next_dagrun for example_sensors to None, run_after=None
[2025-11-13T06:40:58.358+0000] {processor.py:183} INFO - Processing /home/airflow/.local/lib/python3.8/site-packages/airflow/example_dags/example_sensors.py took 0.314 seconds
[2025-11-13T06:41:28.564+0000] {processor.py:161} INFO - Started process (PID=1940) to work on /home/airflow/.local/lib/python3.8/site-packages/airflow/example_dags/example_sensors.py
[2025-11-13T06:41:28.568+0000] {processor.py:830} INFO - Processing file /home/airflow/.local/lib/python3.8/site-packages/airflow/example_dags/example_sensors.py for tasks to queue
[2025-11-13T06:41:28.575+0000] {logging_mixin.py:188} INFO - [2025-11-13T06:41:28.574+0000] {dagbag.py:538} INFO - Filling up the DagBag from /home/airflow/.local/lib/python3.8/site-packages/airflow/example_dags/example_sensors.py
[2025-11-13T06:41:28.612+0000] {processor.py:840} INFO - DAG(s) 'example_sensors' retrieved from /home/airflow/.local/lib/python3.8/site-packages/airflow/example_dags/example_sensors.py
[2025-11-13T06:41:28.732+0000] {logging_mixin.py:188} INFO - [2025-11-13T06:41:28.731+0000] {dag.py:3036} INFO - Sync 1 DAGs
[2025-11-13T06:41:28.793+0000] {logging_mixin.py:188} INFO - [2025-11-13T06:41:28.792+0000] {dag.py:3823} INFO - Setting next_dagrun for example_sensors to None, run_after=None
[2025-11-13T06:41:28.875+0000] {processor.py:183} INFO - Processing /home/airflow/.local/lib/python3.8/site-packages/airflow/example_dags/example_sensors.py took 0.322 seconds
[2025-11-13T06:41:59.375+0000] {processor.py:161} INFO - Started process (PID=2002) to work on /home/airflow/.local/lib/python3.8/site-packages/airflow/example_dags/example_sensors.py
[2025-11-13T06:41:59.377+0000] {processor.py:830} INFO - Processing file /home/airflow/.local/lib/python3.8/site-packages/airflow/example_dags/example_sensors.py for tasks to queue
[2025-11-13T06:41:59.382+0000] {logging_mixin.py:188} INFO - [2025-11-13T06:41:59.381+0000] {dagbag.py:538} INFO - Filling up the DagBag from /home/airflow/.local/lib/python3.8/site-packages/airflow/example_dags/example_sensors.py
[2025-11-13T06:41:59.398+0000] {processor.py:840} INFO - DAG(s) 'example_sensors' retrieved from /home/airflow/.local/lib/python3.8/site-packages/airflow/example_dags/example_sensors.py
[2025-11-13T06:41:59.440+0000] {logging_mixin.py:188} INFO - [2025-11-13T06:41:59.440+0000] {dag.py:3036} INFO - Sync 1 DAGs
[2025-11-13T06:41:59.461+0000] {logging_mixin.py:188} INFO - [2025-11-13T06:41:59.461+0000] {dag.py:3823} INFO - Setting next_dagrun for example_sensors to None, run_after=None
[2025-11-13T06:41:59.493+0000] {processor.py:183} INFO - Processing /home/airflow/.local/lib/python3.8/site-packages/airflow/example_dags/example_sensors.py took 0.127 seconds
[2025-11-13T06:42:29.706+0000] {processor.py:161} INFO - Started process (PID=2064) to work on /home/airflow/.local/lib/python3.8/site-packages/airflow/example_dags/example_sensors.py
[2025-11-13T06:42:29.708+0000] {processor.py:830} INFO - Processing file /home/airflow/.local/lib/python3.8/site-packages/airflow/example_dags/example_sensors.py for tasks to queue
[2025-11-13T06:42:29.712+0000] {logging_mixin.py:188} INFO - [2025-11-13T06:42:29.711+0000] {dagbag.py:538} INFO - Filling up the DagBag from /home/airflow/.local/lib/python3.8/site-packages/airflow/example_dags/example_sensors.py
[2025-11-13T06:42:29.727+0000] {processor.py:840} INFO - DAG(s) 'example_sensors' retrieved from /home/airflow/.local/lib/python3.8/site-packages/airflow/example_dags/example_sensors.py
[2025-11-13T06:42:29.764+0000] {logging_mixin.py:188} INFO - [2025-11-13T06:42:29.764+0000] {dag.py:3036} INFO - Sync 1 DAGs
[2025-11-13T06:42:29.780+0000] {logging_mixin.py:188} INFO - [2025-11-13T06:42:29.780+0000] {dag.py:3823} INFO - Setting next_dagrun for example_sensors to None, run_after=None
[2025-11-13T06:42:29.808+0000] {processor.py:183} INFO - Processing /home/airflow/.local/lib/python3.8/site-packages/airflow/example_dags/example_sensors.py took 0.109 seconds
[2025-11-13T06:43:00.309+0000] {processor.py:161} INFO - Started process (PID=2126) to work on /home/airflow/.local/lib/python3.8/site-packages/airflow/example_dags/example_sensors.py
[2025-11-13T06:43:00.310+0000] {processor.py:830} INFO - Processing file /home/airflow/.local/lib/python3.8/site-packages/airflow/example_dags/example_sensors.py for tasks to queue
[2025-11-13T06:43:00.313+0000] {logging_mixin.py:188} INFO - [2025-11-13T06:43:00.313+0000] {dagbag.py:538} INFO - Filling up the DagBag from /home/airflow/.local/lib/python3.8/site-packages/airflow/example_dags/example_sensors.py
[2025-11-13T06:43:00.330+0000] {processor.py:840} INFO - DAG(s) 'example_sensors' retrieved from /home/airflow/.local/lib/python3.8/site-packages/airflow/example_dags/example_sensors.py
[2025-11-13T06:43:00.366+0000] {logging_mixin.py:188} INFO - [2025-11-13T06:43:00.366+0000] {dag.py:3036} INFO - Sync 1 DAGs
[2025-11-13T06:43:00.382+0000] {logging_mixin.py:188} INFO - [2025-11-13T06:43:00.382+0000] {dag.py:3823} INFO - Setting next_dagrun for example_sensors to None, run_after=None
[2025-11-13T06:43:00.413+0000] {processor.py:183} INFO - Processing /home/airflow/.local/lib/python3.8/site-packages/airflow/example_dags/example_sensors.py took 0.109 seconds
[2025-11-13T06:43:30.801+0000] {processor.py:161} INFO - Started process (PID=2195) to work on /home/airflow/.local/lib/python3.8/site-packages/airflow/example_dags/example_sensors.py
[2025-11-13T06:43:30.803+0000] {processor.py:830} INFO - Processing file /home/airflow/.local/lib/python3.8/site-packages/airflow/example_dags/example_sensors.py for tasks to queue
[2025-11-13T06:43:30.807+0000] {logging_mixin.py:188} INFO - [2025-11-13T06:43:30.806+0000] {dagbag.py:538} INFO - Filling up the DagBag from /home/airflow/.local/lib/python3.8/site-packages/airflow/example_dags/example_sensors.py
[2025-11-13T06:43:30.823+0000] {processor.py:840} INFO - DAG(s) 'example_sensors' retrieved from /home/airflow/.local/lib/python3.8/site-packages/airflow/example_dags/example_sensors.py
[2025-11-13T06:43:30.867+0000] {logging_mixin.py:188} INFO - [2025-11-13T06:43:30.866+0000] {dag.py:3036} INFO - Sync 1 DAGs
[2025-11-13T06:43:30.893+0000] {logging_mixin.py:188} INFO - [2025-11-13T06:43:30.892+0000] {dag.py:3823} INFO - Setting next_dagrun for example_sensors to None, run_after=None
[2025-11-13T06:43:30.932+0000] {processor.py:183} INFO - Processing /home/airflow/.local/lib/python3.8/site-packages/airflow/example_dags/example_sensors.py took 0.136 seconds
[2025-11-13T06:44:01.173+0000] {processor.py:161} INFO - Started process (PID=2257) to work on /home/airflow/.local/lib/python3.8/site-packages/airflow/example_dags/example_sensors.py
[2025-11-13T06:44:01.175+0000] {processor.py:830} INFO - Processing file /home/airflow/.local/lib/python3.8/site-packages/airflow/example_dags/example_sensors.py for tasks to queue
[2025-11-13T06:44:01.178+0000] {logging_mixin.py:188} INFO - [2025-11-13T06:44:01.177+0000] {dagbag.py:538} INFO - Filling up the DagBag from /home/airflow/.local/lib/python3.8/site-packages/airflow/example_dags/example_sensors.py
[2025-11-13T06:44:01.191+0000] {processor.py:840} INFO - DAG(s) 'example_sensors' retrieved from /home/airflow/.local/lib/python3.8/site-packages/airflow/example_dags/example_sensors.py
[2025-11-13T06:44:01.221+0000] {logging_mixin.py:188} INFO - [2025-11-13T06:44:01.221+0000] {dag.py:3036} INFO - Sync 1 DAGs
[2025-11-13T06:44:01.238+0000] {logging_mixin.py:188} INFO - [2025-11-13T06:44:01.238+0000] {dag.py:3823} INFO - Setting next_dagrun for example_sensors to None, run_after=None
[2025-11-13T06:44:01.264+0000] {processor.py:183} INFO - Processing /home/airflow/.local/lib/python3.8/site-packages/airflow/example_dags/example_sensors.py took 0.096 seconds
[2025-11-13T06:44:31.436+0000] {processor.py:161} INFO - Started process (PID=2319) to work on /home/airflow/.local/lib/python3.8/site-packages/airflow/example_dags/example_sensors.py
[2025-11-13T06:44:31.438+0000] {processor.py:830} INFO - Processing file /home/airflow/.local/lib/python3.8/site-packages/airflow/example_dags/example_sensors.py for tasks to queue
[2025-11-13T06:44:31.441+0000] {logging_mixin.py:188} INFO - [2025-11-13T06:44:31.441+0000] {dagbag.py:538} INFO - Filling up the DagBag from /home/airflow/.local/lib/python3.8/site-packages/airflow/example_dags/example_sensors.py
[2025-11-13T06:44:31.456+0000] {processor.py:840} INFO - DAG(s) 'example_sensors' retrieved from /home/airflow/.local/lib/python3.8/site-packages/airflow/example_dags/example_sensors.py
[2025-11-13T06:44:31.494+0000] {logging_mixin.py:188} INFO - [2025-11-13T06:44:31.491+0000] {dag.py:3036} INFO - Sync 1 DAGs
[2025-11-13T06:44:31.516+0000] {logging_mixin.py:188} INFO - [2025-11-13T06:44:31.514+0000] {dag.py:3823} INFO - Setting next_dagrun for example_sensors to None, run_after=None
[2025-11-13T06:44:31.543+0000] {processor.py:183} INFO - Processing /home/airflow/.local/lib/python3.8/site-packages/airflow/example_dags/example_sensors.py took 0.112 seconds
[2025-11-13T06:45:01.946+0000] {processor.py:161} INFO - Started process (PID=2381) to work on /home/airflow/.local/lib/python3.8/site-packages/airflow/example_dags/example_sensors.py
[2025-11-13T06:45:01.948+0000] {processor.py:830} INFO - Processing file /home/airflow/.local/lib/python3.8/site-packages/airflow/example_dags/example_sensors.py for tasks to queue
[2025-11-13T06:45:01.951+0000] {logging_mixin.py:188} INFO - [2025-11-13T06:45:01.951+0000] {dagbag.py:538} INFO - Filling up the DagBag from /home/airflow/.local/lib/python3.8/site-packages/airflow/example_dags/example_sensors.py
[2025-11-13T06:45:01.964+0000] {processor.py:840} INFO - DAG(s) 'example_sensors' retrieved from /home/airflow/.local/lib/python3.8/site-packages/airflow/example_dags/example_sensors.py
[2025-11-13T06:45:02.004+0000] {logging_mixin.py:188} INFO - [2025-11-13T06:45:02.004+0000] {dag.py:3036} INFO - Sync 1 DAGs
[2025-11-13T06:45:02.022+0000] {logging_mixin.py:188} INFO - [2025-11-13T06:45:02.021+0000] {dag.py:3823} INFO - Setting next_dagrun for example_sensors to None, run_after=None
[2025-11-13T06:45:02.052+0000] {processor.py:183} INFO - Processing /home/airflow/.local/lib/python3.8/site-packages/airflow/example_dags/example_sensors.py took 0.111 seconds
[2025-11-13T06:45:32.759+0000] {processor.py:161} INFO - Started process (PID=2443) to work on /home/airflow/.local/lib/python3.8/site-packages/airflow/example_dags/example_sensors.py
[2025-11-13T06:45:32.760+0000] {processor.py:830} INFO - Processing file /home/airflow/.local/lib/python3.8/site-packages/airflow/example_dags/example_sensors.py for tasks to queue
[2025-11-13T06:45:32.763+0000] {logging_mixin.py:188} INFO - [2025-11-13T06:45:32.762+0000] {dagbag.py:538} INFO - Filling up the DagBag from /home/airflow/.local/lib/python3.8/site-packages/airflow/example_dags/example_sensors.py
[2025-11-13T06:45:32.774+0000] {processor.py:840} INFO - DAG(s) 'example_sensors' retrieved from /home/airflow/.local/lib/python3.8/site-packages/airflow/example_dags/example_sensors.py
[2025-11-13T06:45:32.804+0000] {logging_mixin.py:188} INFO - [2025-11-13T06:45:32.804+0000] {dag.py:3036} INFO - Sync 1 DAGs
[2025-11-13T06:45:32.820+0000] {logging_mixin.py:188} INFO - [2025-11-13T06:45:32.820+0000] {dag.py:3823} INFO - Setting next_dagrun for example_sensors to None, run_after=None
[2025-11-13T06:45:32.846+0000] {processor.py:183} INFO - Processing /home/airflow/.local/lib/python3.8/site-packages/airflow/example_dags/example_sensors.py took 0.091 seconds
[2025-11-13T06:46:03.537+0000] {processor.py:161} INFO - Started process (PID=2506) to work on /home/airflow/.local/lib/python3.8/site-packages/airflow/example_dags/example_sensors.py
[2025-11-13T06:46:03.539+0000] {processor.py:830} INFO - Processing file /home/airflow/.local/lib/python3.8/site-packages/airflow/example_dags/example_sensors.py for tasks to queue
[2025-11-13T06:46:03.542+0000] {logging_mixin.py:188} INFO - [2025-11-13T06:46:03.541+0000] {dagbag.py:538} INFO - Filling up the DagBag from /home/airflow/.local/lib/python3.8/site-packages/airflow/example_dags/example_sensors.py
[2025-11-13T06:46:03.557+0000] {processor.py:840} INFO - DAG(s) 'example_sensors' retrieved from /home/airflow/.local/lib/python3.8/site-packages/airflow/example_dags/example_sensors.py
[2025-11-13T06:46:03.600+0000] {logging_mixin.py:188} INFO - [2025-11-13T06:46:03.599+0000] {dag.py:3036} INFO - Sync 1 DAGs
[2025-11-13T06:46:03.621+0000] {logging_mixin.py:188} INFO - [2025-11-13T06:46:03.621+0000] {dag.py:3823} INFO - Setting next_dagrun for example_sensors to None, run_after=None
[2025-11-13T06:46:03.657+0000] {processor.py:183} INFO - Processing /home/airflow/.local/lib/python3.8/site-packages/airflow/example_dags/example_sensors.py took 0.127 seconds
[2025-11-13T06:46:34.315+0000] {processor.py:161} INFO - Started process (PID=2569) to work on /home/airflow/.local/lib/python3.8/site-packages/airflow/example_dags/example_sensors.py
[2025-11-13T06:46:34.316+0000] {processor.py:830} INFO - Processing file /home/airflow/.local/lib/python3.8/site-packages/airflow/example_dags/example_sensors.py for tasks to queue
[2025-11-13T06:46:34.319+0000] {logging_mixin.py:188} INFO - [2025-11-13T06:46:34.319+0000] {dagbag.py:538} INFO - Filling up the DagBag from /home/airflow/.local/lib/python3.8/site-packages/airflow/example_dags/example_sensors.py
[2025-11-13T06:46:34.330+0000] {processor.py:840} INFO - DAG(s) 'example_sensors' retrieved from /home/airflow/.local/lib/python3.8/site-packages/airflow/example_dags/example_sensors.py
[2025-11-13T06:46:34.359+0000] {logging_mixin.py:188} INFO - [2025-11-13T06:46:34.359+0000] {dag.py:3036} INFO - Sync 1 DAGs
[2025-11-13T06:46:34.377+0000] {logging_mixin.py:188} INFO - [2025-11-13T06:46:34.376+0000] {dag.py:3823} INFO - Setting next_dagrun for example_sensors to None, run_after=None
[2025-11-13T06:46:34.403+0000] {processor.py:183} INFO - Processing /home/airflow/.local/lib/python3.8/site-packages/airflow/example_dags/example_sensors.py took 0.094 seconds
[2025-11-13T06:47:04.915+0000] {processor.py:161} INFO - Started process (PID=2631) to work on /home/airflow/.local/lib/python3.8/site-packages/airflow/example_dags/example_sensors.py
[2025-11-13T06:47:04.917+0000] {processor.py:830} INFO - Processing file /home/airflow/.local/lib/python3.8/site-packages/airflow/example_dags/example_sensors.py for tasks to queue
[2025-11-13T06:47:04.920+0000] {logging_mixin.py:188} INFO - [2025-11-13T06:47:04.919+0000] {dagbag.py:538} INFO - Filling up the DagBag from /home/airflow/.local/lib/python3.8/site-packages/airflow/example_dags/example_sensors.py
[2025-11-13T06:47:04.933+0000] {processor.py:840} INFO - DAG(s) 'example_sensors' retrieved from /home/airflow/.local/lib/python3.8/site-packages/airflow/example_dags/example_sensors.py
[2025-11-13T06:47:04.965+0000] {logging_mixin.py:188} INFO - [2025-11-13T06:47:04.965+0000] {dag.py:3036} INFO - Sync 1 DAGs
[2025-11-13T06:47:04.984+0000] {logging_mixin.py:188} INFO - [2025-11-13T06:47:04.984+0000] {dag.py:3823} INFO - Setting next_dagrun for example_sensors to None, run_after=None
[2025-11-13T06:47:05.011+0000] {processor.py:183} INFO - Processing /home/airflow/.local/lib/python3.8/site-packages/airflow/example_dags/example_sensors.py took 0.101 seconds
[2025-11-13T06:47:35.456+0000] {processor.py:161} INFO - Started process (PID=2694) to work on /home/airflow/.local/lib/python3.8/site-packages/airflow/example_dags/example_sensors.py
[2025-11-13T06:47:35.459+0000] {processor.py:830} INFO - Processing file /home/airflow/.local/lib/python3.8/site-packages/airflow/example_dags/example_sensors.py for tasks to queue
[2025-11-13T06:47:35.463+0000] {logging_mixin.py:188} INFO - [2025-11-13T06:47:35.462+0000] {dagbag.py:538} INFO - Filling up the DagBag from /home/airflow/.local/lib/python3.8/site-packages/airflow/example_dags/example_sensors.py
[2025-11-13T06:47:35.481+0000] {processor.py:840} INFO - DAG(s) 'example_sensors' retrieved from /home/airflow/.local/lib/python3.8/site-packages/airflow/example_dags/example_sensors.py
[2025-11-13T06:47:35.528+0000] {logging_mixin.py:188} INFO - [2025-11-13T06:47:35.527+0000] {dag.py:3036} INFO - Sync 1 DAGs
[2025-11-13T06:47:35.552+0000] {logging_mixin.py:188} INFO - [2025-11-13T06:47:35.551+0000] {dag.py:3823} INFO - Setting next_dagrun for example_sensors to None, run_after=None
[2025-11-13T06:47:35.589+0000] {processor.py:183} INFO - Processing /home/airflow/.local/lib/python3.8/site-packages/airflow/example_dags/example_sensors.py took 0.139 seconds
[2025-11-13T06:48:06.243+0000] {processor.py:161} INFO - Started process (PID=2756) to work on /home/airflow/.local/lib/python3.8/site-packages/airflow/example_dags/example_sensors.py
[2025-11-13T06:48:06.245+0000] {processor.py:830} INFO - Processing file /home/airflow/.local/lib/python3.8/site-packages/airflow/example_dags/example_sensors.py for tasks to queue
[2025-11-13T06:48:06.250+0000] {logging_mixin.py:188} INFO - [2025-11-13T06:48:06.249+0000] {dagbag.py:538} INFO - Filling up the DagBag from /home/airflow/.local/lib/python3.8/site-packages/airflow/example_dags/example_sensors.py
[2025-11-13T06:48:06.265+0000] {processor.py:840} INFO - DAG(s) 'example_sensors' retrieved from /home/airflow/.local/lib/python3.8/site-packages/airflow/example_dags/example_sensors.py
[2025-11-13T06:48:06.303+0000] {logging_mixin.py:188} INFO - [2025-11-13T06:48:06.302+0000] {dag.py:3036} INFO - Sync 1 DAGs
[2025-11-13T06:48:06.322+0000] {logging_mixin.py:188} INFO - [2025-11-13T06:48:06.321+0000] {dag.py:3823} INFO - Setting next_dagrun for example_sensors to None, run_after=None
[2025-11-13T06:48:06.351+0000] {processor.py:183} INFO - Processing /home/airflow/.local/lib/python3.8/site-packages/airflow/example_dags/example_sensors.py took 0.114 seconds
[2025-11-13T06:48:36.568+0000] {processor.py:161} INFO - Started process (PID=2818) to work on /home/airflow/.local/lib/python3.8/site-packages/airflow/example_dags/example_sensors.py
[2025-11-13T06:48:36.570+0000] {processor.py:830} INFO - Processing file /home/airflow/.local/lib/python3.8/site-packages/airflow/example_dags/example_sensors.py for tasks to queue
[2025-11-13T06:48:36.577+0000] {logging_mixin.py:188} INFO - [2025-11-13T06:48:36.577+0000] {dagbag.py:538} INFO - Filling up the DagBag from /home/airflow/.local/lib/python3.8/site-packages/airflow/example_dags/example_sensors.py
[2025-11-13T06:48:36.598+0000] {processor.py:840} INFO - DAG(s) 'example_sensors' retrieved from /home/airflow/.local/lib/python3.8/site-packages/airflow/example_dags/example_sensors.py
[2025-11-13T06:48:36.656+0000] {logging_mixin.py:188} INFO - [2025-11-13T06:48:36.655+0000] {dag.py:3036} INFO - Sync 1 DAGs
[2025-11-13T06:48:36.688+0000] {logging_mixin.py:188} INFO - [2025-11-13T06:48:36.687+0000] {dag.py:3823} INFO - Setting next_dagrun for example_sensors to None, run_after=None
[2025-11-13T06:48:36.737+0000] {processor.py:183} INFO - Processing /home/airflow/.local/lib/python3.8/site-packages/airflow/example_dags/example_sensors.py took 0.177 seconds
[2025-11-13T06:49:08.042+0000] {processor.py:161} INFO - Started process (PID=2880) to work on /home/airflow/.local/lib/python3.8/site-packages/airflow/example_dags/example_sensors.py
[2025-11-13T06:49:08.054+0000] {processor.py:830} INFO - Processing file /home/airflow/.local/lib/python3.8/site-packages/airflow/example_dags/example_sensors.py for tasks to queue
[2025-11-13T06:49:08.062+0000] {logging_mixin.py:188} INFO - [2025-11-13T06:49:08.061+0000] {dagbag.py:538} INFO - Filling up the DagBag from /home/airflow/.local/lib/python3.8/site-packages/airflow/example_dags/example_sensors.py
[2025-11-13T06:49:08.114+0000] {processor.py:840} INFO - DAG(s) 'example_sensors' retrieved from /home/airflow/.local/lib/python3.8/site-packages/airflow/example_dags/example_sensors.py
[2025-11-13T06:49:08.228+0000] {logging_mixin.py:188} INFO - [2025-11-13T06:49:08.227+0000] {dag.py:3036} INFO - Sync 1 DAGs
[2025-11-13T06:49:08.281+0000] {logging_mixin.py:188} INFO - [2025-11-13T06:49:08.280+0000] {dag.py:3823} INFO - Setting next_dagrun for example_sensors to None, run_after=None
[2025-11-13T06:49:08.362+0000] {processor.py:183} INFO - Processing /home/airflow/.local/lib/python3.8/site-packages/airflow/example_dags/example_sensors.py took 0.343 seconds
[2025-11-13T06:49:39.563+0000] {processor.py:161} INFO - Started process (PID=2942) to work on /home/airflow/.local/lib/python3.8/site-packages/airflow/example_dags/example_sensors.py
[2025-11-13T06:49:39.566+0000] {processor.py:830} INFO - Processing file /home/airflow/.local/lib/python3.8/site-packages/airflow/example_dags/example_sensors.py for tasks to queue
[2025-11-13T06:49:39.572+0000] {logging_mixin.py:188} INFO - [2025-11-13T06:49:39.571+0000] {dagbag.py:538} INFO - Filling up the DagBag from /home/airflow/.local/lib/python3.8/site-packages/airflow/example_dags/example_sensors.py
[2025-11-13T06:49:39.601+0000] {processor.py:840} INFO - DAG(s) 'example_sensors' retrieved from /home/airflow/.local/lib/python3.8/site-packages/airflow/example_dags/example_sensors.py
[2025-11-13T06:49:39.679+0000] {logging_mixin.py:188} INFO - [2025-11-13T06:49:39.678+0000] {dag.py:3036} INFO - Sync 1 DAGs
[2025-11-13T06:49:39.722+0000] {logging_mixin.py:188} INFO - [2025-11-13T06:49:39.721+0000] {dag.py:3823} INFO - Setting next_dagrun for example_sensors to None, run_after=None
[2025-11-13T06:49:40.086+0000] {processor.py:183} INFO - Processing /home/airflow/.local/lib/python3.8/site-packages/airflow/example_dags/example_sensors.py took 0.532 seconds
[2025-11-13T06:50:11.547+0000] {processor.py:161} INFO - Started process (PID=3006) to work on /home/airflow/.local/lib/python3.8/site-packages/airflow/example_dags/example_sensors.py
[2025-11-13T06:50:11.564+0000] {processor.py:830} INFO - Processing file /home/airflow/.local/lib/python3.8/site-packages/airflow/example_dags/example_sensors.py for tasks to queue
[2025-11-13T06:50:11.578+0000] {logging_mixin.py:188} INFO - [2025-11-13T06:50:11.577+0000] {dagbag.py:538} INFO - Filling up the DagBag from /home/airflow/.local/lib/python3.8/site-packages/airflow/example_dags/example_sensors.py
[2025-11-13T06:50:11.676+0000] {processor.py:840} INFO - DAG(s) 'example_sensors' retrieved from /home/airflow/.local/lib/python3.8/site-packages/airflow/example_dags/example_sensors.py
[2025-11-13T06:50:11.832+0000] {logging_mixin.py:188} INFO - [2025-11-13T06:50:11.832+0000] {dag.py:3036} INFO - Sync 1 DAGs
[2025-11-13T06:50:11.910+0000] {logging_mixin.py:188} INFO - [2025-11-13T06:50:11.909+0000] {dag.py:3823} INFO - Setting next_dagrun for example_sensors to None, run_after=None
[2025-11-13T06:50:12.032+0000] {processor.py:183} INFO - Processing /home/airflow/.local/lib/python3.8/site-packages/airflow/example_dags/example_sensors.py took 0.513 seconds
[2025-11-13T06:50:42.510+0000] {processor.py:161} INFO - Started process (PID=3069) to work on /home/airflow/.local/lib/python3.8/site-packages/airflow/example_dags/example_sensors.py
[2025-11-13T06:50:42.513+0000] {processor.py:830} INFO - Processing file /home/airflow/.local/lib/python3.8/site-packages/airflow/example_dags/example_sensors.py for tasks to queue
[2025-11-13T06:50:42.519+0000] {logging_mixin.py:188} INFO - [2025-11-13T06:50:42.518+0000] {dagbag.py:538} INFO - Filling up the DagBag from /home/airflow/.local/lib/python3.8/site-packages/airflow/example_dags/example_sensors.py
[2025-11-13T06:50:42.539+0000] {processor.py:840} INFO - DAG(s) 'example_sensors' retrieved from /home/airflow/.local/lib/python3.8/site-packages/airflow/example_dags/example_sensors.py
[2025-11-13T06:50:42.591+0000] {logging_mixin.py:188} INFO - [2025-11-13T06:50:42.590+0000] {dag.py:3036} INFO - Sync 1 DAGs
[2025-11-13T06:50:42.620+0000] {logging_mixin.py:188} INFO - [2025-11-13T06:50:42.620+0000] {dag.py:3823} INFO - Setting next_dagrun for example_sensors to None, run_after=None
[2025-11-13T06:50:42.660+0000] {processor.py:183} INFO - Processing /home/airflow/.local/lib/python3.8/site-packages/airflow/example_dags/example_sensors.py took 0.156 seconds
