[2025-11-13T06:26:12.414+0000] {processor.py:161} INFO - Started process (PID=83) to work on /home/airflow/.local/lib/python3.8/site-packages/airflow/example_dags/example_kubernetes_executor.py
[2025-11-13T06:26:12.417+0000] {processor.py:830} INFO - Processing file /home/airflow/.local/lib/python3.8/site-packages/airflow/example_dags/example_kubernetes_executor.py for tasks to queue
[2025-11-13T06:26:12.437+0000] {logging_mixin.py:188} INFO - [2025-11-13T06:26:12.436+0000] {dagbag.py:538} INFO - Filling up the DagBag from /home/airflow/.local/lib/python3.8/site-packages/airflow/example_dags/example_kubernetes_executor.py
[2025-11-13T06:26:12.595+0000] {processor.py:840} INFO - DAG(s) 'example_kubernetes_executor' retrieved from /home/airflow/.local/lib/python3.8/site-packages/airflow/example_dags/example_kubernetes_executor.py
[2025-11-13T06:26:12.748+0000] {logging_mixin.py:188} INFO - [2025-11-13T06:26:12.747+0000] {dag.py:3036} INFO - Sync 1 DAGs
[2025-11-13T06:26:12.866+0000] {logging_mixin.py:188} INFO - [2025-11-13T06:26:12.863+0000] {dag.py:3823} INFO - Setting next_dagrun for example_kubernetes_executor to None, run_after=None
[2025-11-13T06:26:13.041+0000] {processor.py:183} INFO - Processing /home/airflow/.local/lib/python3.8/site-packages/airflow/example_dags/example_kubernetes_executor.py took 0.661 seconds
[2025-11-13T06:26:43.188+0000] {processor.py:161} INFO - Started process (PID=145) to work on /home/airflow/.local/lib/python3.8/site-packages/airflow/example_dags/example_kubernetes_executor.py
[2025-11-13T06:26:43.190+0000] {processor.py:830} INFO - Processing file /home/airflow/.local/lib/python3.8/site-packages/airflow/example_dags/example_kubernetes_executor.py for tasks to queue
[2025-11-13T06:26:43.193+0000] {logging_mixin.py:188} INFO - [2025-11-13T06:26:43.193+0000] {dagbag.py:538} INFO - Filling up the DagBag from /home/airflow/.local/lib/python3.8/site-packages/airflow/example_dags/example_kubernetes_executor.py
[2025-11-13T06:26:43.219+0000] {processor.py:840} INFO - DAG(s) 'example_kubernetes_executor' retrieved from /home/airflow/.local/lib/python3.8/site-packages/airflow/example_dags/example_kubernetes_executor.py
[2025-11-13T06:26:43.410+0000] {logging_mixin.py:188} INFO - [2025-11-13T06:26:43.409+0000] {dag.py:3036} INFO - Sync 1 DAGs
[2025-11-13T06:26:43.425+0000] {logging_mixin.py:188} INFO - [2025-11-13T06:26:43.425+0000] {dag.py:3823} INFO - Setting next_dagrun for example_kubernetes_executor to None, run_after=None
[2025-11-13T06:26:43.455+0000] {processor.py:183} INFO - Processing /home/airflow/.local/lib/python3.8/site-packages/airflow/example_dags/example_kubernetes_executor.py took 0.275 seconds
[2025-11-13T06:27:13.677+0000] {processor.py:161} INFO - Started process (PID=207) to work on /home/airflow/.local/lib/python3.8/site-packages/airflow/example_dags/example_kubernetes_executor.py
[2025-11-13T06:27:13.680+0000] {processor.py:830} INFO - Processing file /home/airflow/.local/lib/python3.8/site-packages/airflow/example_dags/example_kubernetes_executor.py for tasks to queue
[2025-11-13T06:27:13.685+0000] {logging_mixin.py:188} INFO - [2025-11-13T06:27:13.684+0000] {dagbag.py:538} INFO - Filling up the DagBag from /home/airflow/.local/lib/python3.8/site-packages/airflow/example_dags/example_kubernetes_executor.py
[2025-11-13T06:27:13.718+0000] {processor.py:840} INFO - DAG(s) 'example_kubernetes_executor' retrieved from /home/airflow/.local/lib/python3.8/site-packages/airflow/example_dags/example_kubernetes_executor.py
[2025-11-13T06:27:13.804+0000] {logging_mixin.py:188} INFO - [2025-11-13T06:27:13.804+0000] {dag.py:3036} INFO - Sync 1 DAGs
[2025-11-13T06:27:13.837+0000] {logging_mixin.py:188} INFO - [2025-11-13T06:27:13.836+0000] {dag.py:3823} INFO - Setting next_dagrun for example_kubernetes_executor to None, run_after=None
[2025-11-13T06:27:13.893+0000] {processor.py:183} INFO - Processing /home/airflow/.local/lib/python3.8/site-packages/airflow/example_dags/example_kubernetes_executor.py took 0.224 seconds
[2025-11-13T06:27:44.772+0000] {processor.py:161} INFO - Started process (PID=269) to work on /home/airflow/.local/lib/python3.8/site-packages/airflow/example_dags/example_kubernetes_executor.py
[2025-11-13T06:27:44.773+0000] {processor.py:830} INFO - Processing file /home/airflow/.local/lib/python3.8/site-packages/airflow/example_dags/example_kubernetes_executor.py for tasks to queue
[2025-11-13T06:27:44.776+0000] {logging_mixin.py:188} INFO - [2025-11-13T06:27:44.776+0000] {dagbag.py:538} INFO - Filling up the DagBag from /home/airflow/.local/lib/python3.8/site-packages/airflow/example_dags/example_kubernetes_executor.py
[2025-11-13T06:27:44.803+0000] {processor.py:840} INFO - DAG(s) 'example_kubernetes_executor' retrieved from /home/airflow/.local/lib/python3.8/site-packages/airflow/example_dags/example_kubernetes_executor.py
[2025-11-13T06:27:44.858+0000] {logging_mixin.py:188} INFO - [2025-11-13T06:27:44.857+0000] {dag.py:3036} INFO - Sync 1 DAGs
[2025-11-13T06:27:44.880+0000] {logging_mixin.py:188} INFO - [2025-11-13T06:27:44.879+0000] {dag.py:3823} INFO - Setting next_dagrun for example_kubernetes_executor to None, run_after=None
[2025-11-13T06:27:44.906+0000] {processor.py:183} INFO - Processing /home/airflow/.local/lib/python3.8/site-packages/airflow/example_dags/example_kubernetes_executor.py took 0.140 seconds
[2025-11-13T06:28:15.098+0000] {processor.py:161} INFO - Started process (PID=331) to work on /home/airflow/.local/lib/python3.8/site-packages/airflow/example_dags/example_kubernetes_executor.py
[2025-11-13T06:28:15.100+0000] {processor.py:830} INFO - Processing file /home/airflow/.local/lib/python3.8/site-packages/airflow/example_dags/example_kubernetes_executor.py for tasks to queue
[2025-11-13T06:28:15.103+0000] {logging_mixin.py:188} INFO - [2025-11-13T06:28:15.102+0000] {dagbag.py:538} INFO - Filling up the DagBag from /home/airflow/.local/lib/python3.8/site-packages/airflow/example_dags/example_kubernetes_executor.py
[2025-11-13T06:28:15.123+0000] {processor.py:840} INFO - DAG(s) 'example_kubernetes_executor' retrieved from /home/airflow/.local/lib/python3.8/site-packages/airflow/example_dags/example_kubernetes_executor.py
[2025-11-13T06:28:15.176+0000] {logging_mixin.py:188} INFO - [2025-11-13T06:28:15.176+0000] {dag.py:3036} INFO - Sync 1 DAGs
[2025-11-13T06:28:15.194+0000] {logging_mixin.py:188} INFO - [2025-11-13T06:28:15.194+0000] {dag.py:3823} INFO - Setting next_dagrun for example_kubernetes_executor to None, run_after=None
[2025-11-13T06:28:15.223+0000] {processor.py:183} INFO - Processing /home/airflow/.local/lib/python3.8/site-packages/airflow/example_dags/example_kubernetes_executor.py took 0.132 seconds
[2025-11-13T06:28:45.343+0000] {processor.py:161} INFO - Started process (PID=394) to work on /home/airflow/.local/lib/python3.8/site-packages/airflow/example_dags/example_kubernetes_executor.py
[2025-11-13T06:28:45.345+0000] {processor.py:830} INFO - Processing file /home/airflow/.local/lib/python3.8/site-packages/airflow/example_dags/example_kubernetes_executor.py for tasks to queue
[2025-11-13T06:28:45.349+0000] {logging_mixin.py:188} INFO - [2025-11-13T06:28:45.348+0000] {dagbag.py:538} INFO - Filling up the DagBag from /home/airflow/.local/lib/python3.8/site-packages/airflow/example_dags/example_kubernetes_executor.py
[2025-11-13T06:28:45.374+0000] {processor.py:840} INFO - DAG(s) 'example_kubernetes_executor' retrieved from /home/airflow/.local/lib/python3.8/site-packages/airflow/example_dags/example_kubernetes_executor.py
[2025-11-13T06:28:45.447+0000] {logging_mixin.py:188} INFO - [2025-11-13T06:28:45.446+0000] {dag.py:3036} INFO - Sync 1 DAGs
[2025-11-13T06:28:45.473+0000] {logging_mixin.py:188} INFO - [2025-11-13T06:28:45.472+0000] {dag.py:3823} INFO - Setting next_dagrun for example_kubernetes_executor to None, run_after=None
[2025-11-13T06:28:45.512+0000] {processor.py:183} INFO - Processing /home/airflow/.local/lib/python3.8/site-packages/airflow/example_dags/example_kubernetes_executor.py took 0.176 seconds
[2025-11-13T06:29:16.030+0000] {processor.py:161} INFO - Started process (PID=456) to work on /home/airflow/.local/lib/python3.8/site-packages/airflow/example_dags/example_kubernetes_executor.py
[2025-11-13T06:29:16.031+0000] {processor.py:830} INFO - Processing file /home/airflow/.local/lib/python3.8/site-packages/airflow/example_dags/example_kubernetes_executor.py for tasks to queue
[2025-11-13T06:29:16.034+0000] {logging_mixin.py:188} INFO - [2025-11-13T06:29:16.034+0000] {dagbag.py:538} INFO - Filling up the DagBag from /home/airflow/.local/lib/python3.8/site-packages/airflow/example_dags/example_kubernetes_executor.py
[2025-11-13T06:29:16.053+0000] {processor.py:840} INFO - DAG(s) 'example_kubernetes_executor' retrieved from /home/airflow/.local/lib/python3.8/site-packages/airflow/example_dags/example_kubernetes_executor.py
[2025-11-13T06:29:16.096+0000] {logging_mixin.py:188} INFO - [2025-11-13T06:29:16.095+0000] {dag.py:3036} INFO - Sync 1 DAGs
[2025-11-13T06:29:16.110+0000] {logging_mixin.py:188} INFO - [2025-11-13T06:29:16.110+0000] {dag.py:3823} INFO - Setting next_dagrun for example_kubernetes_executor to None, run_after=None
[2025-11-13T06:29:16.137+0000] {processor.py:183} INFO - Processing /home/airflow/.local/lib/python3.8/site-packages/airflow/example_dags/example_kubernetes_executor.py took 0.112 seconds
[2025-11-13T06:29:46.537+0000] {processor.py:161} INFO - Started process (PID=518) to work on /home/airflow/.local/lib/python3.8/site-packages/airflow/example_dags/example_kubernetes_executor.py
[2025-11-13T06:29:46.540+0000] {processor.py:830} INFO - Processing file /home/airflow/.local/lib/python3.8/site-packages/airflow/example_dags/example_kubernetes_executor.py for tasks to queue
[2025-11-13T06:29:46.547+0000] {logging_mixin.py:188} INFO - [2025-11-13T06:29:46.546+0000] {dagbag.py:538} INFO - Filling up the DagBag from /home/airflow/.local/lib/python3.8/site-packages/airflow/example_dags/example_kubernetes_executor.py
[2025-11-13T06:29:46.610+0000] {processor.py:840} INFO - DAG(s) 'example_kubernetes_executor' retrieved from /home/airflow/.local/lib/python3.8/site-packages/airflow/example_dags/example_kubernetes_executor.py
[2025-11-13T06:29:46.755+0000] {logging_mixin.py:188} INFO - [2025-11-13T06:29:46.754+0000] {dag.py:3036} INFO - Sync 1 DAGs
[2025-11-13T06:29:46.794+0000] {logging_mixin.py:188} INFO - [2025-11-13T06:29:46.794+0000] {dag.py:3823} INFO - Setting next_dagrun for example_kubernetes_executor to None, run_after=None
[2025-11-13T06:29:46.861+0000] {processor.py:183} INFO - Processing /home/airflow/.local/lib/python3.8/site-packages/airflow/example_dags/example_kubernetes_executor.py took 0.334 seconds
[2025-11-13T06:30:17.216+0000] {processor.py:161} INFO - Started process (PID=580) to work on /home/airflow/.local/lib/python3.8/site-packages/airflow/example_dags/example_kubernetes_executor.py
[2025-11-13T06:30:17.218+0000] {processor.py:830} INFO - Processing file /home/airflow/.local/lib/python3.8/site-packages/airflow/example_dags/example_kubernetes_executor.py for tasks to queue
[2025-11-13T06:30:17.222+0000] {logging_mixin.py:188} INFO - [2025-11-13T06:30:17.221+0000] {dagbag.py:538} INFO - Filling up the DagBag from /home/airflow/.local/lib/python3.8/site-packages/airflow/example_dags/example_kubernetes_executor.py
[2025-11-13T06:30:17.251+0000] {processor.py:840} INFO - DAG(s) 'example_kubernetes_executor' retrieved from /home/airflow/.local/lib/python3.8/site-packages/airflow/example_dags/example_kubernetes_executor.py
[2025-11-13T06:30:17.346+0000] {logging_mixin.py:188} INFO - [2025-11-13T06:30:17.345+0000] {dag.py:3036} INFO - Sync 1 DAGs
[2025-11-13T06:30:17.375+0000] {logging_mixin.py:188} INFO - [2025-11-13T06:30:17.375+0000] {dag.py:3823} INFO - Setting next_dagrun for example_kubernetes_executor to None, run_after=None
[2025-11-13T06:30:17.421+0000] {processor.py:183} INFO - Processing /home/airflow/.local/lib/python3.8/site-packages/airflow/example_dags/example_kubernetes_executor.py took 0.212 seconds
[2025-11-13T06:30:47.950+0000] {processor.py:161} INFO - Started process (PID=642) to work on /home/airflow/.local/lib/python3.8/site-packages/airflow/example_dags/example_kubernetes_executor.py
[2025-11-13T06:30:47.954+0000] {processor.py:830} INFO - Processing file /home/airflow/.local/lib/python3.8/site-packages/airflow/example_dags/example_kubernetes_executor.py for tasks to queue
[2025-11-13T06:30:47.961+0000] {logging_mixin.py:188} INFO - [2025-11-13T06:30:47.960+0000] {dagbag.py:538} INFO - Filling up the DagBag from /home/airflow/.local/lib/python3.8/site-packages/airflow/example_dags/example_kubernetes_executor.py
[2025-11-13T06:30:48.021+0000] {processor.py:840} INFO - DAG(s) 'example_kubernetes_executor' retrieved from /home/airflow/.local/lib/python3.8/site-packages/airflow/example_dags/example_kubernetes_executor.py
[2025-11-13T06:30:48.165+0000] {logging_mixin.py:188} INFO - [2025-11-13T06:30:48.165+0000] {dag.py:3036} INFO - Sync 1 DAGs
[2025-11-13T06:30:48.220+0000] {logging_mixin.py:188} INFO - [2025-11-13T06:30:48.219+0000] {dag.py:3823} INFO - Setting next_dagrun for example_kubernetes_executor to None, run_after=None
[2025-11-13T06:30:48.309+0000] {processor.py:183} INFO - Processing /home/airflow/.local/lib/python3.8/site-packages/airflow/example_dags/example_kubernetes_executor.py took 0.367 seconds
[2025-11-13T06:31:18.467+0000] {processor.py:161} INFO - Started process (PID=704) to work on /home/airflow/.local/lib/python3.8/site-packages/airflow/example_dags/example_kubernetes_executor.py
[2025-11-13T06:31:18.469+0000] {processor.py:830} INFO - Processing file /home/airflow/.local/lib/python3.8/site-packages/airflow/example_dags/example_kubernetes_executor.py for tasks to queue
[2025-11-13T06:31:18.473+0000] {logging_mixin.py:188} INFO - [2025-11-13T06:31:18.472+0000] {dagbag.py:538} INFO - Filling up the DagBag from /home/airflow/.local/lib/python3.8/site-packages/airflow/example_dags/example_kubernetes_executor.py
[2025-11-13T06:31:18.498+0000] {processor.py:840} INFO - DAG(s) 'example_kubernetes_executor' retrieved from /home/airflow/.local/lib/python3.8/site-packages/airflow/example_dags/example_kubernetes_executor.py
[2025-11-13T06:31:18.570+0000] {logging_mixin.py:188} INFO - [2025-11-13T06:31:18.569+0000] {dag.py:3036} INFO - Sync 1 DAGs
[2025-11-13T06:31:18.591+0000] {logging_mixin.py:188} INFO - [2025-11-13T06:31:18.591+0000] {dag.py:3823} INFO - Setting next_dagrun for example_kubernetes_executor to None, run_after=None
[2025-11-13T06:31:18.627+0000] {processor.py:183} INFO - Processing /home/airflow/.local/lib/python3.8/site-packages/airflow/example_dags/example_kubernetes_executor.py took 0.166 seconds
[2025-11-13T06:31:49.330+0000] {processor.py:161} INFO - Started process (PID=766) to work on /home/airflow/.local/lib/python3.8/site-packages/airflow/example_dags/example_kubernetes_executor.py
[2025-11-13T06:31:49.332+0000] {processor.py:830} INFO - Processing file /home/airflow/.local/lib/python3.8/site-packages/airflow/example_dags/example_kubernetes_executor.py for tasks to queue
[2025-11-13T06:31:49.335+0000] {logging_mixin.py:188} INFO - [2025-11-13T06:31:49.334+0000] {dagbag.py:538} INFO - Filling up the DagBag from /home/airflow/.local/lib/python3.8/site-packages/airflow/example_dags/example_kubernetes_executor.py
[2025-11-13T06:31:49.354+0000] {processor.py:840} INFO - DAG(s) 'example_kubernetes_executor' retrieved from /home/airflow/.local/lib/python3.8/site-packages/airflow/example_dags/example_kubernetes_executor.py
[2025-11-13T06:31:49.404+0000] {logging_mixin.py:188} INFO - [2025-11-13T06:31:49.404+0000] {dag.py:3036} INFO - Sync 1 DAGs
[2025-11-13T06:31:49.419+0000] {logging_mixin.py:188} INFO - [2025-11-13T06:31:49.419+0000] {dag.py:3823} INFO - Setting next_dagrun for example_kubernetes_executor to None, run_after=None
[2025-11-13T06:31:49.446+0000] {processor.py:183} INFO - Processing /home/airflow/.local/lib/python3.8/site-packages/airflow/example_dags/example_kubernetes_executor.py took 0.119 seconds
[2025-11-13T06:32:19.802+0000] {processor.py:161} INFO - Started process (PID=828) to work on /home/airflow/.local/lib/python3.8/site-packages/airflow/example_dags/example_kubernetes_executor.py
[2025-11-13T06:32:19.804+0000] {processor.py:830} INFO - Processing file /home/airflow/.local/lib/python3.8/site-packages/airflow/example_dags/example_kubernetes_executor.py for tasks to queue
[2025-11-13T06:32:19.808+0000] {logging_mixin.py:188} INFO - [2025-11-13T06:32:19.808+0000] {dagbag.py:538} INFO - Filling up the DagBag from /home/airflow/.local/lib/python3.8/site-packages/airflow/example_dags/example_kubernetes_executor.py
[2025-11-13T06:32:19.836+0000] {processor.py:840} INFO - DAG(s) 'example_kubernetes_executor' retrieved from /home/airflow/.local/lib/python3.8/site-packages/airflow/example_dags/example_kubernetes_executor.py
[2025-11-13T06:32:19.917+0000] {logging_mixin.py:188} INFO - [2025-11-13T06:32:19.916+0000] {dag.py:3036} INFO - Sync 1 DAGs
[2025-11-13T06:32:19.951+0000] {logging_mixin.py:188} INFO - [2025-11-13T06:32:19.950+0000] {dag.py:3823} INFO - Setting next_dagrun for example_kubernetes_executor to None, run_after=None
[2025-11-13T06:32:20.014+0000] {processor.py:183} INFO - Processing /home/airflow/.local/lib/python3.8/site-packages/airflow/example_dags/example_kubernetes_executor.py took 0.220 seconds
[2025-11-13T06:32:50.099+0000] {processor.py:161} INFO - Started process (PID=890) to work on /home/airflow/.local/lib/python3.8/site-packages/airflow/example_dags/example_kubernetes_executor.py
[2025-11-13T06:32:50.101+0000] {processor.py:830} INFO - Processing file /home/airflow/.local/lib/python3.8/site-packages/airflow/example_dags/example_kubernetes_executor.py for tasks to queue
[2025-11-13T06:32:50.104+0000] {logging_mixin.py:188} INFO - [2025-11-13T06:32:50.103+0000] {dagbag.py:538} INFO - Filling up the DagBag from /home/airflow/.local/lib/python3.8/site-packages/airflow/example_dags/example_kubernetes_executor.py
[2025-11-13T06:32:50.124+0000] {processor.py:840} INFO - DAG(s) 'example_kubernetes_executor' retrieved from /home/airflow/.local/lib/python3.8/site-packages/airflow/example_dags/example_kubernetes_executor.py
[2025-11-13T06:32:50.171+0000] {logging_mixin.py:188} INFO - [2025-11-13T06:32:50.170+0000] {dag.py:3036} INFO - Sync 1 DAGs
[2025-11-13T06:32:50.187+0000] {logging_mixin.py:188} INFO - [2025-11-13T06:32:50.187+0000] {dag.py:3823} INFO - Setting next_dagrun for example_kubernetes_executor to None, run_after=None
[2025-11-13T06:32:50.215+0000] {processor.py:183} INFO - Processing /home/airflow/.local/lib/python3.8/site-packages/airflow/example_dags/example_kubernetes_executor.py took 0.121 seconds
[2025-11-13T06:33:20.765+0000] {processor.py:161} INFO - Started process (PID=952) to work on /home/airflow/.local/lib/python3.8/site-packages/airflow/example_dags/example_kubernetes_executor.py
[2025-11-13T06:33:20.768+0000] {processor.py:830} INFO - Processing file /home/airflow/.local/lib/python3.8/site-packages/airflow/example_dags/example_kubernetes_executor.py for tasks to queue
[2025-11-13T06:33:20.771+0000] {logging_mixin.py:188} INFO - [2025-11-13T06:33:20.771+0000] {dagbag.py:538} INFO - Filling up the DagBag from /home/airflow/.local/lib/python3.8/site-packages/airflow/example_dags/example_kubernetes_executor.py
[2025-11-13T06:33:20.798+0000] {processor.py:840} INFO - DAG(s) 'example_kubernetes_executor' retrieved from /home/airflow/.local/lib/python3.8/site-packages/airflow/example_dags/example_kubernetes_executor.py
[2025-11-13T06:33:20.863+0000] {logging_mixin.py:188} INFO - [2025-11-13T06:33:20.862+0000] {dag.py:3036} INFO - Sync 1 DAGs
[2025-11-13T06:33:20.886+0000] {logging_mixin.py:188} INFO - [2025-11-13T06:33:20.885+0000] {dag.py:3823} INFO - Setting next_dagrun for example_kubernetes_executor to None, run_after=None
[2025-11-13T06:33:20.923+0000] {processor.py:183} INFO - Processing /home/airflow/.local/lib/python3.8/site-packages/airflow/example_dags/example_kubernetes_executor.py took 0.163 seconds
[2025-11-13T06:33:51.090+0000] {processor.py:161} INFO - Started process (PID=1014) to work on /home/airflow/.local/lib/python3.8/site-packages/airflow/example_dags/example_kubernetes_executor.py
[2025-11-13T06:33:51.092+0000] {processor.py:830} INFO - Processing file /home/airflow/.local/lib/python3.8/site-packages/airflow/example_dags/example_kubernetes_executor.py for tasks to queue
[2025-11-13T06:33:51.095+0000] {logging_mixin.py:188} INFO - [2025-11-13T06:33:51.094+0000] {dagbag.py:538} INFO - Filling up the DagBag from /home/airflow/.local/lib/python3.8/site-packages/airflow/example_dags/example_kubernetes_executor.py
[2025-11-13T06:33:51.112+0000] {processor.py:840} INFO - DAG(s) 'example_kubernetes_executor' retrieved from /home/airflow/.local/lib/python3.8/site-packages/airflow/example_dags/example_kubernetes_executor.py
[2025-11-13T06:33:51.153+0000] {logging_mixin.py:188} INFO - [2025-11-13T06:33:51.153+0000] {dag.py:3036} INFO - Sync 1 DAGs
[2025-11-13T06:33:51.168+0000] {logging_mixin.py:188} INFO - [2025-11-13T06:33:51.167+0000] {dag.py:3823} INFO - Setting next_dagrun for example_kubernetes_executor to None, run_after=None
[2025-11-13T06:33:51.194+0000] {processor.py:183} INFO - Processing /home/airflow/.local/lib/python3.8/site-packages/airflow/example_dags/example_kubernetes_executor.py took 0.110 seconds
[2025-11-13T06:34:21.304+0000] {processor.py:161} INFO - Started process (PID=1076) to work on /home/airflow/.local/lib/python3.8/site-packages/airflow/example_dags/example_kubernetes_executor.py
[2025-11-13T06:34:21.306+0000] {processor.py:830} INFO - Processing file /home/airflow/.local/lib/python3.8/site-packages/airflow/example_dags/example_kubernetes_executor.py for tasks to queue
[2025-11-13T06:34:21.310+0000] {logging_mixin.py:188} INFO - [2025-11-13T06:34:21.309+0000] {dagbag.py:538} INFO - Filling up the DagBag from /home/airflow/.local/lib/python3.8/site-packages/airflow/example_dags/example_kubernetes_executor.py
[2025-11-13T06:34:21.332+0000] {processor.py:840} INFO - DAG(s) 'example_kubernetes_executor' retrieved from /home/airflow/.local/lib/python3.8/site-packages/airflow/example_dags/example_kubernetes_executor.py
[2025-11-13T06:34:21.390+0000] {logging_mixin.py:188} INFO - [2025-11-13T06:34:21.389+0000] {dag.py:3036} INFO - Sync 1 DAGs
[2025-11-13T06:34:21.409+0000] {logging_mixin.py:188} INFO - [2025-11-13T06:34:21.409+0000] {dag.py:3823} INFO - Setting next_dagrun for example_kubernetes_executor to None, run_after=None
[2025-11-13T06:34:21.440+0000] {processor.py:183} INFO - Processing /home/airflow/.local/lib/python3.8/site-packages/airflow/example_dags/example_kubernetes_executor.py took 0.142 seconds
[2025-11-13T06:34:51.882+0000] {processor.py:161} INFO - Started process (PID=1138) to work on /home/airflow/.local/lib/python3.8/site-packages/airflow/example_dags/example_kubernetes_executor.py
[2025-11-13T06:34:51.884+0000] {processor.py:830} INFO - Processing file /home/airflow/.local/lib/python3.8/site-packages/airflow/example_dags/example_kubernetes_executor.py for tasks to queue
[2025-11-13T06:34:51.891+0000] {logging_mixin.py:188} INFO - [2025-11-13T06:34:51.890+0000] {dagbag.py:538} INFO - Filling up the DagBag from /home/airflow/.local/lib/python3.8/site-packages/airflow/example_dags/example_kubernetes_executor.py
[2025-11-13T06:34:51.920+0000] {processor.py:840} INFO - DAG(s) 'example_kubernetes_executor' retrieved from /home/airflow/.local/lib/python3.8/site-packages/airflow/example_dags/example_kubernetes_executor.py
[2025-11-13T06:34:51.984+0000] {logging_mixin.py:188} INFO - [2025-11-13T06:34:51.984+0000] {dag.py:3036} INFO - Sync 1 DAGs
[2025-11-13T06:34:52.007+0000] {logging_mixin.py:188} INFO - [2025-11-13T06:34:52.007+0000] {dag.py:3823} INFO - Setting next_dagrun for example_kubernetes_executor to None, run_after=None
[2025-11-13T06:34:52.050+0000] {processor.py:183} INFO - Processing /home/airflow/.local/lib/python3.8/site-packages/airflow/example_dags/example_kubernetes_executor.py took 0.173 seconds
[2025-11-13T06:35:22.581+0000] {processor.py:161} INFO - Started process (PID=1200) to work on /home/airflow/.local/lib/python3.8/site-packages/airflow/example_dags/example_kubernetes_executor.py
[2025-11-13T06:35:22.582+0000] {processor.py:830} INFO - Processing file /home/airflow/.local/lib/python3.8/site-packages/airflow/example_dags/example_kubernetes_executor.py for tasks to queue
[2025-11-13T06:35:22.585+0000] {logging_mixin.py:188} INFO - [2025-11-13T06:35:22.585+0000] {dagbag.py:538} INFO - Filling up the DagBag from /home/airflow/.local/lib/python3.8/site-packages/airflow/example_dags/example_kubernetes_executor.py
[2025-11-13T06:35:22.603+0000] {processor.py:840} INFO - DAG(s) 'example_kubernetes_executor' retrieved from /home/airflow/.local/lib/python3.8/site-packages/airflow/example_dags/example_kubernetes_executor.py
[2025-11-13T06:35:22.646+0000] {logging_mixin.py:188} INFO - [2025-11-13T06:35:22.646+0000] {dag.py:3036} INFO - Sync 1 DAGs
[2025-11-13T06:35:22.660+0000] {logging_mixin.py:188} INFO - [2025-11-13T06:35:22.660+0000] {dag.py:3823} INFO - Setting next_dagrun for example_kubernetes_executor to None, run_after=None
[2025-11-13T06:35:22.687+0000] {processor.py:183} INFO - Processing /home/airflow/.local/lib/python3.8/site-packages/airflow/example_dags/example_kubernetes_executor.py took 0.110 seconds
[2025-11-13T06:35:53.069+0000] {processor.py:161} INFO - Started process (PID=1262) to work on /home/airflow/.local/lib/python3.8/site-packages/airflow/example_dags/example_kubernetes_executor.py
[2025-11-13T06:35:53.073+0000] {processor.py:830} INFO - Processing file /home/airflow/.local/lib/python3.8/site-packages/airflow/example_dags/example_kubernetes_executor.py for tasks to queue
[2025-11-13T06:35:53.082+0000] {logging_mixin.py:188} INFO - [2025-11-13T06:35:53.081+0000] {dagbag.py:538} INFO - Filling up the DagBag from /home/airflow/.local/lib/python3.8/site-packages/airflow/example_dags/example_kubernetes_executor.py
[2025-11-13T06:35:53.131+0000] {processor.py:840} INFO - DAG(s) 'example_kubernetes_executor' retrieved from /home/airflow/.local/lib/python3.8/site-packages/airflow/example_dags/example_kubernetes_executor.py
[2025-11-13T06:35:53.255+0000] {logging_mixin.py:188} INFO - [2025-11-13T06:35:53.254+0000] {dag.py:3036} INFO - Sync 1 DAGs
[2025-11-13T06:35:53.290+0000] {logging_mixin.py:188} INFO - [2025-11-13T06:35:53.289+0000] {dag.py:3823} INFO - Setting next_dagrun for example_kubernetes_executor to None, run_after=None
[2025-11-13T06:35:53.339+0000] {processor.py:183} INFO - Processing /home/airflow/.local/lib/python3.8/site-packages/airflow/example_dags/example_kubernetes_executor.py took 0.283 seconds
[2025-11-13T06:36:23.431+0000] {processor.py:161} INFO - Started process (PID=1322) to work on /home/airflow/.local/lib/python3.8/site-packages/airflow/example_dags/example_kubernetes_executor.py
[2025-11-13T06:36:23.432+0000] {processor.py:830} INFO - Processing file /home/airflow/.local/lib/python3.8/site-packages/airflow/example_dags/example_kubernetes_executor.py for tasks to queue
[2025-11-13T06:36:23.435+0000] {logging_mixin.py:188} INFO - [2025-11-13T06:36:23.434+0000] {dagbag.py:538} INFO - Filling up the DagBag from /home/airflow/.local/lib/python3.8/site-packages/airflow/example_dags/example_kubernetes_executor.py
[2025-11-13T06:36:23.453+0000] {processor.py:840} INFO - DAG(s) 'example_kubernetes_executor' retrieved from /home/airflow/.local/lib/python3.8/site-packages/airflow/example_dags/example_kubernetes_executor.py
[2025-11-13T06:36:23.500+0000] {logging_mixin.py:188} INFO - [2025-11-13T06:36:23.499+0000] {dag.py:3036} INFO - Sync 1 DAGs
[2025-11-13T06:36:23.516+0000] {logging_mixin.py:188} INFO - [2025-11-13T06:36:23.516+0000] {dag.py:3823} INFO - Setting next_dagrun for example_kubernetes_executor to None, run_after=None
[2025-11-13T06:36:23.546+0000] {processor.py:183} INFO - Processing /home/airflow/.local/lib/python3.8/site-packages/airflow/example_dags/example_kubernetes_executor.py took 0.120 seconds
[2025-11-13T06:36:54.510+0000] {processor.py:161} INFO - Started process (PID=1385) to work on /home/airflow/.local/lib/python3.8/site-packages/airflow/example_dags/example_kubernetes_executor.py
[2025-11-13T06:36:54.511+0000] {processor.py:830} INFO - Processing file /home/airflow/.local/lib/python3.8/site-packages/airflow/example_dags/example_kubernetes_executor.py for tasks to queue
[2025-11-13T06:36:54.514+0000] {logging_mixin.py:188} INFO - [2025-11-13T06:36:54.514+0000] {dagbag.py:538} INFO - Filling up the DagBag from /home/airflow/.local/lib/python3.8/site-packages/airflow/example_dags/example_kubernetes_executor.py
[2025-11-13T06:36:54.532+0000] {processor.py:840} INFO - DAG(s) 'example_kubernetes_executor' retrieved from /home/airflow/.local/lib/python3.8/site-packages/airflow/example_dags/example_kubernetes_executor.py
[2025-11-13T06:36:54.578+0000] {logging_mixin.py:188} INFO - [2025-11-13T06:36:54.578+0000] {dag.py:3036} INFO - Sync 1 DAGs
[2025-11-13T06:36:54.595+0000] {logging_mixin.py:188} INFO - [2025-11-13T06:36:54.594+0000] {dag.py:3823} INFO - Setting next_dagrun for example_kubernetes_executor to None, run_after=None
[2025-11-13T06:36:54.624+0000] {processor.py:183} INFO - Processing /home/airflow/.local/lib/python3.8/site-packages/airflow/example_dags/example_kubernetes_executor.py took 0.119 seconds
[2025-11-13T06:37:25.203+0000] {processor.py:161} INFO - Started process (PID=1447) to work on /home/airflow/.local/lib/python3.8/site-packages/airflow/example_dags/example_kubernetes_executor.py
[2025-11-13T06:37:25.205+0000] {processor.py:830} INFO - Processing file /home/airflow/.local/lib/python3.8/site-packages/airflow/example_dags/example_kubernetes_executor.py for tasks to queue
[2025-11-13T06:37:25.211+0000] {logging_mixin.py:188} INFO - [2025-11-13T06:37:25.210+0000] {dagbag.py:538} INFO - Filling up the DagBag from /home/airflow/.local/lib/python3.8/site-packages/airflow/example_dags/example_kubernetes_executor.py
[2025-11-13T06:37:25.239+0000] {processor.py:840} INFO - DAG(s) 'example_kubernetes_executor' retrieved from /home/airflow/.local/lib/python3.8/site-packages/airflow/example_dags/example_kubernetes_executor.py
[2025-11-13T06:37:25.306+0000] {logging_mixin.py:188} INFO - [2025-11-13T06:37:25.305+0000] {dag.py:3036} INFO - Sync 1 DAGs
[2025-11-13T06:37:25.331+0000] {logging_mixin.py:188} INFO - [2025-11-13T06:37:25.330+0000] {dag.py:3823} INFO - Setting next_dagrun for example_kubernetes_executor to None, run_after=None
[2025-11-13T06:37:25.373+0000] {processor.py:183} INFO - Processing /home/airflow/.local/lib/python3.8/site-packages/airflow/example_dags/example_kubernetes_executor.py took 0.178 seconds
[2025-11-13T06:37:56.103+0000] {processor.py:161} INFO - Started process (PID=1509) to work on /home/airflow/.local/lib/python3.8/site-packages/airflow/example_dags/example_kubernetes_executor.py
[2025-11-13T06:37:56.107+0000] {processor.py:830} INFO - Processing file /home/airflow/.local/lib/python3.8/site-packages/airflow/example_dags/example_kubernetes_executor.py for tasks to queue
[2025-11-13T06:37:56.114+0000] {logging_mixin.py:188} INFO - [2025-11-13T06:37:56.113+0000] {dagbag.py:538} INFO - Filling up the DagBag from /home/airflow/.local/lib/python3.8/site-packages/airflow/example_dags/example_kubernetes_executor.py
[2025-11-13T06:37:56.180+0000] {processor.py:840} INFO - DAG(s) 'example_kubernetes_executor' retrieved from /home/airflow/.local/lib/python3.8/site-packages/airflow/example_dags/example_kubernetes_executor.py
[2025-11-13T06:37:56.401+0000] {logging_mixin.py:188} INFO - [2025-11-13T06:37:56.401+0000] {dag.py:3036} INFO - Sync 1 DAGs
[2025-11-13T06:37:56.448+0000] {logging_mixin.py:188} INFO - [2025-11-13T06:37:56.447+0000] {dag.py:3823} INFO - Setting next_dagrun for example_kubernetes_executor to None, run_after=None
[2025-11-13T06:37:56.523+0000] {processor.py:183} INFO - Processing /home/airflow/.local/lib/python3.8/site-packages/airflow/example_dags/example_kubernetes_executor.py took 0.432 seconds
[2025-11-13T06:38:26.793+0000] {processor.py:161} INFO - Started process (PID=1571) to work on /home/airflow/.local/lib/python3.8/site-packages/airflow/example_dags/example_kubernetes_executor.py
[2025-11-13T06:38:26.795+0000] {processor.py:830} INFO - Processing file /home/airflow/.local/lib/python3.8/site-packages/airflow/example_dags/example_kubernetes_executor.py for tasks to queue
[2025-11-13T06:38:26.800+0000] {logging_mixin.py:188} INFO - [2025-11-13T06:38:26.800+0000] {dagbag.py:538} INFO - Filling up the DagBag from /home/airflow/.local/lib/python3.8/site-packages/airflow/example_dags/example_kubernetes_executor.py
[2025-11-13T06:38:26.828+0000] {processor.py:840} INFO - DAG(s) 'example_kubernetes_executor' retrieved from /home/airflow/.local/lib/python3.8/site-packages/airflow/example_dags/example_kubernetes_executor.py
[2025-11-13T06:38:26.897+0000] {logging_mixin.py:188} INFO - [2025-11-13T06:38:26.896+0000] {dag.py:3036} INFO - Sync 1 DAGs
[2025-11-13T06:38:26.918+0000] {logging_mixin.py:188} INFO - [2025-11-13T06:38:26.918+0000] {dag.py:3823} INFO - Setting next_dagrun for example_kubernetes_executor to None, run_after=None
[2025-11-13T06:38:26.954+0000] {processor.py:183} INFO - Processing /home/airflow/.local/lib/python3.8/site-packages/airflow/example_dags/example_kubernetes_executor.py took 0.167 seconds
[2025-11-13T06:38:57.186+0000] {processor.py:161} INFO - Started process (PID=1633) to work on /home/airflow/.local/lib/python3.8/site-packages/airflow/example_dags/example_kubernetes_executor.py
[2025-11-13T06:38:57.189+0000] {processor.py:830} INFO - Processing file /home/airflow/.local/lib/python3.8/site-packages/airflow/example_dags/example_kubernetes_executor.py for tasks to queue
[2025-11-13T06:38:57.192+0000] {logging_mixin.py:188} INFO - [2025-11-13T06:38:57.192+0000] {dagbag.py:538} INFO - Filling up the DagBag from /home/airflow/.local/lib/python3.8/site-packages/airflow/example_dags/example_kubernetes_executor.py
[2025-11-13T06:38:57.215+0000] {processor.py:840} INFO - DAG(s) 'example_kubernetes_executor' retrieved from /home/airflow/.local/lib/python3.8/site-packages/airflow/example_dags/example_kubernetes_executor.py
[2025-11-13T06:38:57.274+0000] {logging_mixin.py:188} INFO - [2025-11-13T06:38:57.273+0000] {dag.py:3036} INFO - Sync 1 DAGs
[2025-11-13T06:38:57.297+0000] {logging_mixin.py:188} INFO - [2025-11-13T06:38:57.296+0000] {dag.py:3823} INFO - Setting next_dagrun for example_kubernetes_executor to None, run_after=None
[2025-11-13T06:38:57.338+0000] {processor.py:183} INFO - Processing /home/airflow/.local/lib/python3.8/site-packages/airflow/example_dags/example_kubernetes_executor.py took 0.157 seconds
[2025-11-13T06:39:27.821+0000] {processor.py:161} INFO - Started process (PID=1695) to work on /home/airflow/.local/lib/python3.8/site-packages/airflow/example_dags/example_kubernetes_executor.py
[2025-11-13T06:39:27.824+0000] {processor.py:830} INFO - Processing file /home/airflow/.local/lib/python3.8/site-packages/airflow/example_dags/example_kubernetes_executor.py for tasks to queue
[2025-11-13T06:39:27.829+0000] {logging_mixin.py:188} INFO - [2025-11-13T06:39:27.829+0000] {dagbag.py:538} INFO - Filling up the DagBag from /home/airflow/.local/lib/python3.8/site-packages/airflow/example_dags/example_kubernetes_executor.py
[2025-11-13T06:39:27.897+0000] {processor.py:840} INFO - DAG(s) 'example_kubernetes_executor' retrieved from /home/airflow/.local/lib/python3.8/site-packages/airflow/example_dags/example_kubernetes_executor.py
[2025-11-13T06:39:28.057+0000] {logging_mixin.py:188} INFO - [2025-11-13T06:39:28.055+0000] {dag.py:3036} INFO - Sync 1 DAGs
[2025-11-13T06:39:28.099+0000] {logging_mixin.py:188} INFO - [2025-11-13T06:39:28.098+0000] {dag.py:3823} INFO - Setting next_dagrun for example_kubernetes_executor to None, run_after=None
[2025-11-13T06:39:28.152+0000] {processor.py:183} INFO - Processing /home/airflow/.local/lib/python3.8/site-packages/airflow/example_dags/example_kubernetes_executor.py took 0.340 seconds
[2025-11-13T06:39:58.891+0000] {processor.py:161} INFO - Started process (PID=1757) to work on /home/airflow/.local/lib/python3.8/site-packages/airflow/example_dags/example_kubernetes_executor.py
[2025-11-13T06:39:58.896+0000] {processor.py:830} INFO - Processing file /home/airflow/.local/lib/python3.8/site-packages/airflow/example_dags/example_kubernetes_executor.py for tasks to queue
[2025-11-13T06:39:58.925+0000] {logging_mixin.py:188} INFO - [2025-11-13T06:39:58.924+0000] {dagbag.py:538} INFO - Filling up the DagBag from /home/airflow/.local/lib/python3.8/site-packages/airflow/example_dags/example_kubernetes_executor.py
[2025-11-13T06:39:59.003+0000] {processor.py:840} INFO - DAG(s) 'example_kubernetes_executor' retrieved from /home/airflow/.local/lib/python3.8/site-packages/airflow/example_dags/example_kubernetes_executor.py
[2025-11-13T06:39:59.168+0000] {logging_mixin.py:188} INFO - [2025-11-13T06:39:59.168+0000] {dag.py:3036} INFO - Sync 1 DAGs
[2025-11-13T06:39:59.217+0000] {logging_mixin.py:188} INFO - [2025-11-13T06:39:59.216+0000] {dag.py:3823} INFO - Setting next_dagrun for example_kubernetes_executor to None, run_after=None
[2025-11-13T06:39:59.288+0000] {processor.py:183} INFO - Processing /home/airflow/.local/lib/python3.8/site-packages/airflow/example_dags/example_kubernetes_executor.py took 0.410 seconds
[2025-11-13T06:40:29.443+0000] {processor.py:161} INFO - Started process (PID=1819) to work on /home/airflow/.local/lib/python3.8/site-packages/airflow/example_dags/example_kubernetes_executor.py
[2025-11-13T06:40:29.445+0000] {processor.py:830} INFO - Processing file /home/airflow/.local/lib/python3.8/site-packages/airflow/example_dags/example_kubernetes_executor.py for tasks to queue
[2025-11-13T06:40:29.448+0000] {logging_mixin.py:188} INFO - [2025-11-13T06:40:29.447+0000] {dagbag.py:538} INFO - Filling up the DagBag from /home/airflow/.local/lib/python3.8/site-packages/airflow/example_dags/example_kubernetes_executor.py
[2025-11-13T06:40:29.467+0000] {processor.py:840} INFO - DAG(s) 'example_kubernetes_executor' retrieved from /home/airflow/.local/lib/python3.8/site-packages/airflow/example_dags/example_kubernetes_executor.py
[2025-11-13T06:40:29.531+0000] {logging_mixin.py:188} INFO - [2025-11-13T06:40:29.530+0000] {dag.py:3036} INFO - Sync 1 DAGs
[2025-11-13T06:40:29.549+0000] {logging_mixin.py:188} INFO - [2025-11-13T06:40:29.549+0000] {dag.py:3823} INFO - Setting next_dagrun for example_kubernetes_executor to None, run_after=None
[2025-11-13T06:40:29.584+0000] {processor.py:183} INFO - Processing /home/airflow/.local/lib/python3.8/site-packages/airflow/example_dags/example_kubernetes_executor.py took 0.145 seconds
[2025-11-13T06:41:00.015+0000] {processor.py:161} INFO - Started process (PID=1887) to work on /home/airflow/.local/lib/python3.8/site-packages/airflow/example_dags/example_kubernetes_executor.py
[2025-11-13T06:41:00.019+0000] {processor.py:830} INFO - Processing file /home/airflow/.local/lib/python3.8/site-packages/airflow/example_dags/example_kubernetes_executor.py for tasks to queue
[2025-11-13T06:41:00.026+0000] {logging_mixin.py:188} INFO - [2025-11-13T06:41:00.024+0000] {dagbag.py:538} INFO - Filling up the DagBag from /home/airflow/.local/lib/python3.8/site-packages/airflow/example_dags/example_kubernetes_executor.py
[2025-11-13T06:41:00.065+0000] {processor.py:840} INFO - DAG(s) 'example_kubernetes_executor' retrieved from /home/airflow/.local/lib/python3.8/site-packages/airflow/example_dags/example_kubernetes_executor.py
[2025-11-13T06:41:00.160+0000] {logging_mixin.py:188} INFO - [2025-11-13T06:41:00.159+0000] {dag.py:3036} INFO - Sync 1 DAGs
[2025-11-13T06:41:00.201+0000] {logging_mixin.py:188} INFO - [2025-11-13T06:41:00.200+0000] {dag.py:3823} INFO - Setting next_dagrun for example_kubernetes_executor to None, run_after=None
[2025-11-13T06:41:00.260+0000] {processor.py:183} INFO - Processing /home/airflow/.local/lib/python3.8/site-packages/airflow/example_dags/example_kubernetes_executor.py took 0.265 seconds
[2025-11-13T06:41:31.066+0000] {processor.py:161} INFO - Started process (PID=1949) to work on /home/airflow/.local/lib/python3.8/site-packages/airflow/example_dags/example_kubernetes_executor.py
[2025-11-13T06:41:31.068+0000] {processor.py:830} INFO - Processing file /home/airflow/.local/lib/python3.8/site-packages/airflow/example_dags/example_kubernetes_executor.py for tasks to queue
[2025-11-13T06:41:31.073+0000] {logging_mixin.py:188} INFO - [2025-11-13T06:41:31.073+0000] {dagbag.py:538} INFO - Filling up the DagBag from /home/airflow/.local/lib/python3.8/site-packages/airflow/example_dags/example_kubernetes_executor.py
[2025-11-13T06:41:31.108+0000] {processor.py:840} INFO - DAG(s) 'example_kubernetes_executor' retrieved from /home/airflow/.local/lib/python3.8/site-packages/airflow/example_dags/example_kubernetes_executor.py
[2025-11-13T06:41:31.187+0000] {logging_mixin.py:188} INFO - [2025-11-13T06:41:31.187+0000] {dag.py:3036} INFO - Sync 1 DAGs
[2025-11-13T06:41:31.214+0000] {logging_mixin.py:188} INFO - [2025-11-13T06:41:31.214+0000] {dag.py:3823} INFO - Setting next_dagrun for example_kubernetes_executor to None, run_after=None
[2025-11-13T06:41:31.262+0000] {processor.py:183} INFO - Processing /home/airflow/.local/lib/python3.8/site-packages/airflow/example_dags/example_kubernetes_executor.py took 0.205 seconds
[2025-11-13T06:42:01.783+0000] {processor.py:161} INFO - Started process (PID=2011) to work on /home/airflow/.local/lib/python3.8/site-packages/airflow/example_dags/example_kubernetes_executor.py
[2025-11-13T06:42:01.786+0000] {processor.py:830} INFO - Processing file /home/airflow/.local/lib/python3.8/site-packages/airflow/example_dags/example_kubernetes_executor.py for tasks to queue
[2025-11-13T06:42:01.790+0000] {logging_mixin.py:188} INFO - [2025-11-13T06:42:01.789+0000] {dagbag.py:538} INFO - Filling up the DagBag from /home/airflow/.local/lib/python3.8/site-packages/airflow/example_dags/example_kubernetes_executor.py
[2025-11-13T06:42:01.831+0000] {processor.py:840} INFO - DAG(s) 'example_kubernetes_executor' retrieved from /home/airflow/.local/lib/python3.8/site-packages/airflow/example_dags/example_kubernetes_executor.py
[2025-11-13T06:42:01.999+0000] {logging_mixin.py:188} INFO - [2025-11-13T06:42:01.998+0000] {dag.py:3036} INFO - Sync 1 DAGs
[2025-11-13T06:42:02.046+0000] {logging_mixin.py:188} INFO - [2025-11-13T06:42:02.045+0000] {dag.py:3823} INFO - Setting next_dagrun for example_kubernetes_executor to None, run_after=None
[2025-11-13T06:42:02.096+0000] {processor.py:183} INFO - Processing /home/airflow/.local/lib/python3.8/site-packages/airflow/example_dags/example_kubernetes_executor.py took 0.321 seconds
[2025-11-13T06:42:32.362+0000] {processor.py:161} INFO - Started process (PID=2074) to work on /home/airflow/.local/lib/python3.8/site-packages/airflow/example_dags/example_kubernetes_executor.py
[2025-11-13T06:42:32.364+0000] {processor.py:830} INFO - Processing file /home/airflow/.local/lib/python3.8/site-packages/airflow/example_dags/example_kubernetes_executor.py for tasks to queue
[2025-11-13T06:42:32.368+0000] {logging_mixin.py:188} INFO - [2025-11-13T06:42:32.367+0000] {dagbag.py:538} INFO - Filling up the DagBag from /home/airflow/.local/lib/python3.8/site-packages/airflow/example_dags/example_kubernetes_executor.py
[2025-11-13T06:42:32.393+0000] {processor.py:840} INFO - DAG(s) 'example_kubernetes_executor' retrieved from /home/airflow/.local/lib/python3.8/site-packages/airflow/example_dags/example_kubernetes_executor.py
[2025-11-13T06:42:32.452+0000] {logging_mixin.py:188} INFO - [2025-11-13T06:42:32.452+0000] {dag.py:3036} INFO - Sync 1 DAGs
[2025-11-13T06:42:32.471+0000] {logging_mixin.py:188} INFO - [2025-11-13T06:42:32.471+0000] {dag.py:3823} INFO - Setting next_dagrun for example_kubernetes_executor to None, run_after=None
[2025-11-13T06:42:32.503+0000] {processor.py:183} INFO - Processing /home/airflow/.local/lib/python3.8/site-packages/airflow/example_dags/example_kubernetes_executor.py took 0.147 seconds
[2025-11-13T06:43:02.552+0000] {processor.py:161} INFO - Started process (PID=2136) to work on /home/airflow/.local/lib/python3.8/site-packages/airflow/example_dags/example_kubernetes_executor.py
[2025-11-13T06:43:02.553+0000] {processor.py:830} INFO - Processing file /home/airflow/.local/lib/python3.8/site-packages/airflow/example_dags/example_kubernetes_executor.py for tasks to queue
[2025-11-13T06:43:02.556+0000] {logging_mixin.py:188} INFO - [2025-11-13T06:43:02.556+0000] {dagbag.py:538} INFO - Filling up the DagBag from /home/airflow/.local/lib/python3.8/site-packages/airflow/example_dags/example_kubernetes_executor.py
[2025-11-13T06:43:02.576+0000] {processor.py:840} INFO - DAG(s) 'example_kubernetes_executor' retrieved from /home/airflow/.local/lib/python3.8/site-packages/airflow/example_dags/example_kubernetes_executor.py
[2025-11-13T06:43:02.626+0000] {logging_mixin.py:188} INFO - [2025-11-13T06:43:02.625+0000] {dag.py:3036} INFO - Sync 1 DAGs
[2025-11-13T06:43:02.649+0000] {logging_mixin.py:188} INFO - [2025-11-13T06:43:02.649+0000] {dag.py:3823} INFO - Setting next_dagrun for example_kubernetes_executor to None, run_after=None
[2025-11-13T06:43:02.675+0000] {processor.py:183} INFO - Processing /home/airflow/.local/lib/python3.8/site-packages/airflow/example_dags/example_kubernetes_executor.py took 0.128 seconds
[2025-11-13T06:43:33.050+0000] {processor.py:161} INFO - Started process (PID=2198) to work on /home/airflow/.local/lib/python3.8/site-packages/airflow/example_dags/example_kubernetes_executor.py
[2025-11-13T06:43:33.052+0000] {processor.py:830} INFO - Processing file /home/airflow/.local/lib/python3.8/site-packages/airflow/example_dags/example_kubernetes_executor.py for tasks to queue
[2025-11-13T06:43:33.054+0000] {logging_mixin.py:188} INFO - [2025-11-13T06:43:33.054+0000] {dagbag.py:538} INFO - Filling up the DagBag from /home/airflow/.local/lib/python3.8/site-packages/airflow/example_dags/example_kubernetes_executor.py
[2025-11-13T06:43:33.072+0000] {processor.py:840} INFO - DAG(s) 'example_kubernetes_executor' retrieved from /home/airflow/.local/lib/python3.8/site-packages/airflow/example_dags/example_kubernetes_executor.py
[2025-11-13T06:43:33.118+0000] {logging_mixin.py:188} INFO - [2025-11-13T06:43:33.118+0000] {dag.py:3036} INFO - Sync 1 DAGs
[2025-11-13T06:43:33.134+0000] {logging_mixin.py:188} INFO - [2025-11-13T06:43:33.134+0000] {dag.py:3823} INFO - Setting next_dagrun for example_kubernetes_executor to None, run_after=None
[2025-11-13T06:43:33.161+0000] {processor.py:183} INFO - Processing /home/airflow/.local/lib/python3.8/site-packages/airflow/example_dags/example_kubernetes_executor.py took 0.115 seconds
[2025-11-13T06:44:03.537+0000] {processor.py:161} INFO - Started process (PID=2260) to work on /home/airflow/.local/lib/python3.8/site-packages/airflow/example_dags/example_kubernetes_executor.py
[2025-11-13T06:44:03.540+0000] {processor.py:830} INFO - Processing file /home/airflow/.local/lib/python3.8/site-packages/airflow/example_dags/example_kubernetes_executor.py for tasks to queue
[2025-11-13T06:44:03.544+0000] {logging_mixin.py:188} INFO - [2025-11-13T06:44:03.544+0000] {dagbag.py:538} INFO - Filling up the DagBag from /home/airflow/.local/lib/python3.8/site-packages/airflow/example_dags/example_kubernetes_executor.py
[2025-11-13T06:44:03.571+0000] {processor.py:840} INFO - DAG(s) 'example_kubernetes_executor' retrieved from /home/airflow/.local/lib/python3.8/site-packages/airflow/example_dags/example_kubernetes_executor.py
[2025-11-13T06:44:03.643+0000] {logging_mixin.py:188} INFO - [2025-11-13T06:44:03.642+0000] {dag.py:3036} INFO - Sync 1 DAGs
[2025-11-13T06:44:03.664+0000] {logging_mixin.py:188} INFO - [2025-11-13T06:44:03.664+0000] {dag.py:3823} INFO - Setting next_dagrun for example_kubernetes_executor to None, run_after=None
[2025-11-13T06:44:03.699+0000] {processor.py:183} INFO - Processing /home/airflow/.local/lib/python3.8/site-packages/airflow/example_dags/example_kubernetes_executor.py took 0.168 seconds
[2025-11-13T06:44:33.806+0000] {processor.py:161} INFO - Started process (PID=2322) to work on /home/airflow/.local/lib/python3.8/site-packages/airflow/example_dags/example_kubernetes_executor.py
[2025-11-13T06:44:33.807+0000] {processor.py:830} INFO - Processing file /home/airflow/.local/lib/python3.8/site-packages/airflow/example_dags/example_kubernetes_executor.py for tasks to queue
[2025-11-13T06:44:33.810+0000] {logging_mixin.py:188} INFO - [2025-11-13T06:44:33.810+0000] {dagbag.py:538} INFO - Filling up the DagBag from /home/airflow/.local/lib/python3.8/site-packages/airflow/example_dags/example_kubernetes_executor.py
[2025-11-13T06:44:33.830+0000] {processor.py:840} INFO - DAG(s) 'example_kubernetes_executor' retrieved from /home/airflow/.local/lib/python3.8/site-packages/airflow/example_dags/example_kubernetes_executor.py
[2025-11-13T06:44:33.881+0000] {logging_mixin.py:188} INFO - [2025-11-13T06:44:33.881+0000] {dag.py:3036} INFO - Sync 1 DAGs
[2025-11-13T06:44:33.897+0000] {logging_mixin.py:188} INFO - [2025-11-13T06:44:33.897+0000] {dag.py:3823} INFO - Setting next_dagrun for example_kubernetes_executor to None, run_after=None
[2025-11-13T06:44:33.924+0000] {processor.py:183} INFO - Processing /home/airflow/.local/lib/python3.8/site-packages/airflow/example_dags/example_kubernetes_executor.py took 0.122 seconds
[2025-11-13T06:45:04.304+0000] {processor.py:161} INFO - Started process (PID=2384) to work on /home/airflow/.local/lib/python3.8/site-packages/airflow/example_dags/example_kubernetes_executor.py
[2025-11-13T06:45:04.306+0000] {processor.py:830} INFO - Processing file /home/airflow/.local/lib/python3.8/site-packages/airflow/example_dags/example_kubernetes_executor.py for tasks to queue
[2025-11-13T06:45:04.308+0000] {logging_mixin.py:188} INFO - [2025-11-13T06:45:04.308+0000] {dagbag.py:538} INFO - Filling up the DagBag from /home/airflow/.local/lib/python3.8/site-packages/airflow/example_dags/example_kubernetes_executor.py
[2025-11-13T06:45:04.326+0000] {processor.py:840} INFO - DAG(s) 'example_kubernetes_executor' retrieved from /home/airflow/.local/lib/python3.8/site-packages/airflow/example_dags/example_kubernetes_executor.py
[2025-11-13T06:45:04.369+0000] {logging_mixin.py:188} INFO - [2025-11-13T06:45:04.368+0000] {dag.py:3036} INFO - Sync 1 DAGs
[2025-11-13T06:45:04.384+0000] {logging_mixin.py:188} INFO - [2025-11-13T06:45:04.384+0000] {dag.py:3823} INFO - Setting next_dagrun for example_kubernetes_executor to None, run_after=None
[2025-11-13T06:45:04.410+0000] {processor.py:183} INFO - Processing /home/airflow/.local/lib/python3.8/site-packages/airflow/example_dags/example_kubernetes_executor.py took 0.111 seconds
[2025-11-13T06:45:34.999+0000] {processor.py:161} INFO - Started process (PID=2446) to work on /home/airflow/.local/lib/python3.8/site-packages/airflow/example_dags/example_kubernetes_executor.py
[2025-11-13T06:45:35.001+0000] {processor.py:830} INFO - Processing file /home/airflow/.local/lib/python3.8/site-packages/airflow/example_dags/example_kubernetes_executor.py for tasks to queue
[2025-11-13T06:45:35.004+0000] {logging_mixin.py:188} INFO - [2025-11-13T06:45:35.003+0000] {dagbag.py:538} INFO - Filling up the DagBag from /home/airflow/.local/lib/python3.8/site-packages/airflow/example_dags/example_kubernetes_executor.py
[2025-11-13T06:45:35.023+0000] {processor.py:840} INFO - DAG(s) 'example_kubernetes_executor' retrieved from /home/airflow/.local/lib/python3.8/site-packages/airflow/example_dags/example_kubernetes_executor.py
[2025-11-13T06:45:35.067+0000] {logging_mixin.py:188} INFO - [2025-11-13T06:45:35.067+0000] {dag.py:3036} INFO - Sync 1 DAGs
[2025-11-13T06:45:35.085+0000] {logging_mixin.py:188} INFO - [2025-11-13T06:45:35.085+0000] {dag.py:3823} INFO - Setting next_dagrun for example_kubernetes_executor to None, run_after=None
[2025-11-13T06:45:35.109+0000] {processor.py:183} INFO - Processing /home/airflow/.local/lib/python3.8/site-packages/airflow/example_dags/example_kubernetes_executor.py took 0.115 seconds
[2025-11-13T06:46:05.932+0000] {processor.py:161} INFO - Started process (PID=2509) to work on /home/airflow/.local/lib/python3.8/site-packages/airflow/example_dags/example_kubernetes_executor.py
[2025-11-13T06:46:05.933+0000] {processor.py:830} INFO - Processing file /home/airflow/.local/lib/python3.8/site-packages/airflow/example_dags/example_kubernetes_executor.py for tasks to queue
[2025-11-13T06:46:05.936+0000] {logging_mixin.py:188} INFO - [2025-11-13T06:46:05.936+0000] {dagbag.py:538} INFO - Filling up the DagBag from /home/airflow/.local/lib/python3.8/site-packages/airflow/example_dags/example_kubernetes_executor.py
[2025-11-13T06:46:05.953+0000] {processor.py:840} INFO - DAG(s) 'example_kubernetes_executor' retrieved from /home/airflow/.local/lib/python3.8/site-packages/airflow/example_dags/example_kubernetes_executor.py
[2025-11-13T06:46:05.998+0000] {logging_mixin.py:188} INFO - [2025-11-13T06:46:05.998+0000] {dag.py:3036} INFO - Sync 1 DAGs
[2025-11-13T06:46:06.014+0000] {logging_mixin.py:188} INFO - [2025-11-13T06:46:06.013+0000] {dag.py:3823} INFO - Setting next_dagrun for example_kubernetes_executor to None, run_after=None
[2025-11-13T06:46:06.038+0000] {processor.py:183} INFO - Processing /home/airflow/.local/lib/python3.8/site-packages/airflow/example_dags/example_kubernetes_executor.py took 0.111 seconds
[2025-11-13T06:46:36.633+0000] {processor.py:161} INFO - Started process (PID=2572) to work on /home/airflow/.local/lib/python3.8/site-packages/airflow/example_dags/example_kubernetes_executor.py
[2025-11-13T06:46:36.636+0000] {processor.py:830} INFO - Processing file /home/airflow/.local/lib/python3.8/site-packages/airflow/example_dags/example_kubernetes_executor.py for tasks to queue
[2025-11-13T06:46:36.642+0000] {logging_mixin.py:188} INFO - [2025-11-13T06:46:36.641+0000] {dagbag.py:538} INFO - Filling up the DagBag from /home/airflow/.local/lib/python3.8/site-packages/airflow/example_dags/example_kubernetes_executor.py
[2025-11-13T06:46:36.678+0000] {processor.py:840} INFO - DAG(s) 'example_kubernetes_executor' retrieved from /home/airflow/.local/lib/python3.8/site-packages/airflow/example_dags/example_kubernetes_executor.py
[2025-11-13T06:46:36.761+0000] {logging_mixin.py:188} INFO - [2025-11-13T06:46:36.760+0000] {dag.py:3036} INFO - Sync 1 DAGs
[2025-11-13T06:46:36.782+0000] {logging_mixin.py:188} INFO - [2025-11-13T06:46:36.782+0000] {dag.py:3823} INFO - Setting next_dagrun for example_kubernetes_executor to None, run_after=None
[2025-11-13T06:46:36.819+0000] {processor.py:183} INFO - Processing /home/airflow/.local/lib/python3.8/site-packages/airflow/example_dags/example_kubernetes_executor.py took 0.192 seconds
[2025-11-13T06:47:07.219+0000] {processor.py:161} INFO - Started process (PID=2634) to work on /home/airflow/.local/lib/python3.8/site-packages/airflow/example_dags/example_kubernetes_executor.py
[2025-11-13T06:47:07.220+0000] {processor.py:830} INFO - Processing file /home/airflow/.local/lib/python3.8/site-packages/airflow/example_dags/example_kubernetes_executor.py for tasks to queue
[2025-11-13T06:47:07.223+0000] {logging_mixin.py:188} INFO - [2025-11-13T06:47:07.223+0000] {dagbag.py:538} INFO - Filling up the DagBag from /home/airflow/.local/lib/python3.8/site-packages/airflow/example_dags/example_kubernetes_executor.py
[2025-11-13T06:47:07.241+0000] {processor.py:840} INFO - DAG(s) 'example_kubernetes_executor' retrieved from /home/airflow/.local/lib/python3.8/site-packages/airflow/example_dags/example_kubernetes_executor.py
[2025-11-13T06:47:07.284+0000] {logging_mixin.py:188} INFO - [2025-11-13T06:47:07.283+0000] {dag.py:3036} INFO - Sync 1 DAGs
[2025-11-13T06:47:07.300+0000] {logging_mixin.py:188} INFO - [2025-11-13T06:47:07.300+0000] {dag.py:3823} INFO - Setting next_dagrun for example_kubernetes_executor to None, run_after=None
[2025-11-13T06:47:07.327+0000] {processor.py:183} INFO - Processing /home/airflow/.local/lib/python3.8/site-packages/airflow/example_dags/example_kubernetes_executor.py took 0.113 seconds
[2025-11-13T06:47:37.695+0000] {processor.py:161} INFO - Started process (PID=2697) to work on /home/airflow/.local/lib/python3.8/site-packages/airflow/example_dags/example_kubernetes_executor.py
[2025-11-13T06:47:37.696+0000] {processor.py:830} INFO - Processing file /home/airflow/.local/lib/python3.8/site-packages/airflow/example_dags/example_kubernetes_executor.py for tasks to queue
[2025-11-13T06:47:37.699+0000] {logging_mixin.py:188} INFO - [2025-11-13T06:47:37.699+0000] {dagbag.py:538} INFO - Filling up the DagBag from /home/airflow/.local/lib/python3.8/site-packages/airflow/example_dags/example_kubernetes_executor.py
[2025-11-13T06:47:37.722+0000] {processor.py:840} INFO - DAG(s) 'example_kubernetes_executor' retrieved from /home/airflow/.local/lib/python3.8/site-packages/airflow/example_dags/example_kubernetes_executor.py
[2025-11-13T06:47:37.781+0000] {logging_mixin.py:188} INFO - [2025-11-13T06:47:37.781+0000] {dag.py:3036} INFO - Sync 1 DAGs
[2025-11-13T06:47:37.797+0000] {logging_mixin.py:188} INFO - [2025-11-13T06:47:37.797+0000] {dag.py:3823} INFO - Setting next_dagrun for example_kubernetes_executor to None, run_after=None
[2025-11-13T06:47:37.828+0000] {processor.py:183} INFO - Processing /home/airflow/.local/lib/python3.8/site-packages/airflow/example_dags/example_kubernetes_executor.py took 0.139 seconds
[2025-11-13T06:48:08.626+0000] {processor.py:161} INFO - Started process (PID=2759) to work on /home/airflow/.local/lib/python3.8/site-packages/airflow/example_dags/example_kubernetes_executor.py
[2025-11-13T06:48:08.628+0000] {processor.py:830} INFO - Processing file /home/airflow/.local/lib/python3.8/site-packages/airflow/example_dags/example_kubernetes_executor.py for tasks to queue
[2025-11-13T06:48:08.633+0000] {logging_mixin.py:188} INFO - [2025-11-13T06:48:08.632+0000] {dagbag.py:538} INFO - Filling up the DagBag from /home/airflow/.local/lib/python3.8/site-packages/airflow/example_dags/example_kubernetes_executor.py
[2025-11-13T06:48:08.661+0000] {processor.py:840} INFO - DAG(s) 'example_kubernetes_executor' retrieved from /home/airflow/.local/lib/python3.8/site-packages/airflow/example_dags/example_kubernetes_executor.py
[2025-11-13T06:48:08.730+0000] {logging_mixin.py:188} INFO - [2025-11-13T06:48:08.730+0000] {dag.py:3036} INFO - Sync 1 DAGs
[2025-11-13T06:48:08.754+0000] {logging_mixin.py:188} INFO - [2025-11-13T06:48:08.754+0000] {dag.py:3823} INFO - Setting next_dagrun for example_kubernetes_executor to None, run_after=None
[2025-11-13T06:48:08.792+0000] {processor.py:183} INFO - Processing /home/airflow/.local/lib/python3.8/site-packages/airflow/example_dags/example_kubernetes_executor.py took 0.176 seconds
[2025-11-13T06:48:38.871+0000] {processor.py:161} INFO - Started process (PID=2821) to work on /home/airflow/.local/lib/python3.8/site-packages/airflow/example_dags/example_kubernetes_executor.py
[2025-11-13T06:48:38.873+0000] {processor.py:830} INFO - Processing file /home/airflow/.local/lib/python3.8/site-packages/airflow/example_dags/example_kubernetes_executor.py for tasks to queue
[2025-11-13T06:48:38.875+0000] {logging_mixin.py:188} INFO - [2025-11-13T06:48:38.875+0000] {dagbag.py:538} INFO - Filling up the DagBag from /home/airflow/.local/lib/python3.8/site-packages/airflow/example_dags/example_kubernetes_executor.py
[2025-11-13T06:48:38.895+0000] {processor.py:840} INFO - DAG(s) 'example_kubernetes_executor' retrieved from /home/airflow/.local/lib/python3.8/site-packages/airflow/example_dags/example_kubernetes_executor.py
[2025-11-13T06:48:38.944+0000] {logging_mixin.py:188} INFO - [2025-11-13T06:48:38.944+0000] {dag.py:3036} INFO - Sync 1 DAGs
[2025-11-13T06:48:38.967+0000] {logging_mixin.py:188} INFO - [2025-11-13T06:48:38.967+0000] {dag.py:3823} INFO - Setting next_dagrun for example_kubernetes_executor to None, run_after=None
[2025-11-13T06:48:39.000+0000] {processor.py:183} INFO - Processing /home/airflow/.local/lib/python3.8/site-packages/airflow/example_dags/example_kubernetes_executor.py took 0.134 seconds
[2025-11-13T06:49:09.512+0000] {processor.py:161} INFO - Started process (PID=2883) to work on /home/airflow/.local/lib/python3.8/site-packages/airflow/example_dags/example_kubernetes_executor.py
[2025-11-13T06:49:09.514+0000] {processor.py:830} INFO - Processing file /home/airflow/.local/lib/python3.8/site-packages/airflow/example_dags/example_kubernetes_executor.py for tasks to queue
[2025-11-13T06:49:09.518+0000] {logging_mixin.py:188} INFO - [2025-11-13T06:49:09.517+0000] {dagbag.py:538} INFO - Filling up the DagBag from /home/airflow/.local/lib/python3.8/site-packages/airflow/example_dags/example_kubernetes_executor.py
[2025-11-13T06:49:09.547+0000] {processor.py:840} INFO - DAG(s) 'example_kubernetes_executor' retrieved from /home/airflow/.local/lib/python3.8/site-packages/airflow/example_dags/example_kubernetes_executor.py
[2025-11-13T06:49:09.611+0000] {logging_mixin.py:188} INFO - [2025-11-13T06:49:09.611+0000] {dag.py:3036} INFO - Sync 1 DAGs
[2025-11-13T06:49:09.634+0000] {logging_mixin.py:188} INFO - [2025-11-13T06:49:09.634+0000] {dag.py:3823} INFO - Setting next_dagrun for example_kubernetes_executor to None, run_after=None
[2025-11-13T06:49:09.677+0000] {processor.py:183} INFO - Processing /home/airflow/.local/lib/python3.8/site-packages/airflow/example_dags/example_kubernetes_executor.py took 0.171 seconds
