[2025-11-13T06:26:21.275+0000] {processor.py:161} INFO - Started process (PID=107) to work on /home/airflow/.local/lib/python3.8/site-packages/airflow/example_dags/example_python_operator.py
[2025-11-13T06:26:21.291+0000] {processor.py:830} INFO - Processing file /home/airflow/.local/lib/python3.8/site-packages/airflow/example_dags/example_python_operator.py for tasks to queue
[2025-11-13T06:26:21.307+0000] {logging_mixin.py:188} INFO - [2025-11-13T06:26:21.306+0000] {dagbag.py:538} INFO - Filling up the DagBag from /home/airflow/.local/lib/python3.8/site-packages/airflow/example_dags/example_python_operator.py
[2025-11-13T06:26:21.369+0000] {processor.py:840} INFO - DAG(s) 'example_python_operator' retrieved from /home/airflow/.local/lib/python3.8/site-packages/airflow/example_dags/example_python_operator.py
[2025-11-13T06:26:21.461+0000] {logging_mixin.py:188} INFO - [2025-11-13T06:26:21.461+0000] {dag.py:3036} INFO - Sync 1 DAGs
[2025-11-13T06:26:21.543+0000] {logging_mixin.py:188} INFO - [2025-11-13T06:26:21.542+0000] {dag.py:3823} INFO - Setting next_dagrun for example_python_operator to None, run_after=None
[2025-11-13T06:26:21.733+0000] {processor.py:183} INFO - Processing /home/airflow/.local/lib/python3.8/site-packages/airflow/example_dags/example_python_operator.py took 0.481 seconds
[2025-11-13T06:26:52.758+0000] {processor.py:161} INFO - Started process (PID=169) to work on /home/airflow/.local/lib/python3.8/site-packages/airflow/example_dags/example_python_operator.py
[2025-11-13T06:26:52.761+0000] {processor.py:830} INFO - Processing file /home/airflow/.local/lib/python3.8/site-packages/airflow/example_dags/example_python_operator.py for tasks to queue
[2025-11-13T06:26:52.768+0000] {logging_mixin.py:188} INFO - [2025-11-13T06:26:52.767+0000] {dagbag.py:538} INFO - Filling up the DagBag from /home/airflow/.local/lib/python3.8/site-packages/airflow/example_dags/example_python_operator.py
[2025-11-13T06:26:52.815+0000] {processor.py:840} INFO - DAG(s) 'example_python_operator' retrieved from /home/airflow/.local/lib/python3.8/site-packages/airflow/example_dags/example_python_operator.py
[2025-11-13T06:26:53.130+0000] {logging_mixin.py:188} INFO - [2025-11-13T06:26:53.129+0000] {dag.py:3036} INFO - Sync 1 DAGs
[2025-11-13T06:26:53.164+0000] {logging_mixin.py:188} INFO - [2025-11-13T06:26:53.163+0000] {dag.py:3823} INFO - Setting next_dagrun for example_python_operator to None, run_after=None
[2025-11-13T06:26:53.233+0000] {processor.py:183} INFO - Processing /home/airflow/.local/lib/python3.8/site-packages/airflow/example_dags/example_python_operator.py took 0.492 seconds
[2025-11-13T06:27:23.633+0000] {processor.py:161} INFO - Started process (PID=231) to work on /home/airflow/.local/lib/python3.8/site-packages/airflow/example_dags/example_python_operator.py
[2025-11-13T06:27:23.636+0000] {processor.py:830} INFO - Processing file /home/airflow/.local/lib/python3.8/site-packages/airflow/example_dags/example_python_operator.py for tasks to queue
[2025-11-13T06:27:23.640+0000] {logging_mixin.py:188} INFO - [2025-11-13T06:27:23.639+0000] {dagbag.py:538} INFO - Filling up the DagBag from /home/airflow/.local/lib/python3.8/site-packages/airflow/example_dags/example_python_operator.py
[2025-11-13T06:27:23.657+0000] {processor.py:840} INFO - DAG(s) 'example_python_operator' retrieved from /home/airflow/.local/lib/python3.8/site-packages/airflow/example_dags/example_python_operator.py
[2025-11-13T06:27:23.691+0000] {logging_mixin.py:188} INFO - [2025-11-13T06:27:23.691+0000] {dag.py:3036} INFO - Sync 1 DAGs
[2025-11-13T06:27:23.710+0000] {logging_mixin.py:188} INFO - [2025-11-13T06:27:23.710+0000] {dag.py:3823} INFO - Setting next_dagrun for example_python_operator to None, run_after=None
[2025-11-13T06:27:23.743+0000] {processor.py:183} INFO - Processing /home/airflow/.local/lib/python3.8/site-packages/airflow/example_dags/example_python_operator.py took 0.115 seconds
[2025-11-13T06:27:53.866+0000] {processor.py:161} INFO - Started process (PID=293) to work on /home/airflow/.local/lib/python3.8/site-packages/airflow/example_dags/example_python_operator.py
[2025-11-13T06:27:53.868+0000] {processor.py:830} INFO - Processing file /home/airflow/.local/lib/python3.8/site-packages/airflow/example_dags/example_python_operator.py for tasks to queue
[2025-11-13T06:27:53.873+0000] {logging_mixin.py:188} INFO - [2025-11-13T06:27:53.873+0000] {dagbag.py:538} INFO - Filling up the DagBag from /home/airflow/.local/lib/python3.8/site-packages/airflow/example_dags/example_python_operator.py
[2025-11-13T06:27:53.902+0000] {processor.py:840} INFO - DAG(s) 'example_python_operator' retrieved from /home/airflow/.local/lib/python3.8/site-packages/airflow/example_dags/example_python_operator.py
[2025-11-13T06:27:53.941+0000] {logging_mixin.py:188} INFO - [2025-11-13T06:27:53.941+0000] {dag.py:3036} INFO - Sync 1 DAGs
[2025-11-13T06:27:53.962+0000] {logging_mixin.py:188} INFO - [2025-11-13T06:27:53.962+0000] {dag.py:3823} INFO - Setting next_dagrun for example_python_operator to None, run_after=None
[2025-11-13T06:27:53.996+0000] {processor.py:183} INFO - Processing /home/airflow/.local/lib/python3.8/site-packages/airflow/example_dags/example_python_operator.py took 0.141 seconds
[2025-11-13T06:28:24.084+0000] {processor.py:161} INFO - Started process (PID=354) to work on /home/airflow/.local/lib/python3.8/site-packages/airflow/example_dags/example_python_operator.py
[2025-11-13T06:28:24.086+0000] {processor.py:830} INFO - Processing file /home/airflow/.local/lib/python3.8/site-packages/airflow/example_dags/example_python_operator.py for tasks to queue
[2025-11-13T06:28:24.090+0000] {logging_mixin.py:188} INFO - [2025-11-13T06:28:24.090+0000] {dagbag.py:538} INFO - Filling up the DagBag from /home/airflow/.local/lib/python3.8/site-packages/airflow/example_dags/example_python_operator.py
[2025-11-13T06:28:24.121+0000] {processor.py:840} INFO - DAG(s) 'example_python_operator' retrieved from /home/airflow/.local/lib/python3.8/site-packages/airflow/example_dags/example_python_operator.py
[2025-11-13T06:28:24.192+0000] {logging_mixin.py:188} INFO - [2025-11-13T06:28:24.191+0000] {dag.py:3036} INFO - Sync 1 DAGs
[2025-11-13T06:28:24.233+0000] {logging_mixin.py:188} INFO - [2025-11-13T06:28:24.233+0000] {dag.py:3823} INFO - Setting next_dagrun for example_python_operator to None, run_after=None
[2025-11-13T06:28:24.274+0000] {processor.py:183} INFO - Processing /home/airflow/.local/lib/python3.8/site-packages/airflow/example_dags/example_python_operator.py took 0.198 seconds
[2025-11-13T06:28:54.616+0000] {processor.py:161} INFO - Started process (PID=417) to work on /home/airflow/.local/lib/python3.8/site-packages/airflow/example_dags/example_python_operator.py
[2025-11-13T06:28:54.617+0000] {processor.py:830} INFO - Processing file /home/airflow/.local/lib/python3.8/site-packages/airflow/example_dags/example_python_operator.py for tasks to queue
[2025-11-13T06:28:54.624+0000] {logging_mixin.py:188} INFO - [2025-11-13T06:28:54.623+0000] {dagbag.py:538} INFO - Filling up the DagBag from /home/airflow/.local/lib/python3.8/site-packages/airflow/example_dags/example_python_operator.py
[2025-11-13T06:28:54.639+0000] {processor.py:840} INFO - DAG(s) 'example_python_operator' retrieved from /home/airflow/.local/lib/python3.8/site-packages/airflow/example_dags/example_python_operator.py
[2025-11-13T06:28:54.668+0000] {logging_mixin.py:188} INFO - [2025-11-13T06:28:54.668+0000] {dag.py:3036} INFO - Sync 1 DAGs
[2025-11-13T06:28:54.684+0000] {logging_mixin.py:188} INFO - [2025-11-13T06:28:54.684+0000] {dag.py:3823} INFO - Setting next_dagrun for example_python_operator to None, run_after=None
[2025-11-13T06:28:54.728+0000] {processor.py:183} INFO - Processing /home/airflow/.local/lib/python3.8/site-packages/airflow/example_dags/example_python_operator.py took 0.117 seconds
[2025-11-13T06:29:24.784+0000] {processor.py:161} INFO - Started process (PID=478) to work on /home/airflow/.local/lib/python3.8/site-packages/airflow/example_dags/example_python_operator.py
[2025-11-13T06:29:24.786+0000] {processor.py:830} INFO - Processing file /home/airflow/.local/lib/python3.8/site-packages/airflow/example_dags/example_python_operator.py for tasks to queue
[2025-11-13T06:29:24.789+0000] {logging_mixin.py:188} INFO - [2025-11-13T06:29:24.788+0000] {dagbag.py:538} INFO - Filling up the DagBag from /home/airflow/.local/lib/python3.8/site-packages/airflow/example_dags/example_python_operator.py
[2025-11-13T06:29:24.804+0000] {processor.py:840} INFO - DAG(s) 'example_python_operator' retrieved from /home/airflow/.local/lib/python3.8/site-packages/airflow/example_dags/example_python_operator.py
[2025-11-13T06:29:24.835+0000] {logging_mixin.py:188} INFO - [2025-11-13T06:29:24.835+0000] {dag.py:3036} INFO - Sync 1 DAGs
[2025-11-13T06:29:24.852+0000] {logging_mixin.py:188} INFO - [2025-11-13T06:29:24.852+0000] {dag.py:3823} INFO - Setting next_dagrun for example_python_operator to None, run_after=None
[2025-11-13T06:29:24.889+0000] {processor.py:183} INFO - Processing /home/airflow/.local/lib/python3.8/site-packages/airflow/example_dags/example_python_operator.py took 0.110 seconds
[2025-11-13T06:29:55.199+0000] {processor.py:161} INFO - Started process (PID=540) to work on /home/airflow/.local/lib/python3.8/site-packages/airflow/example_dags/example_python_operator.py
[2025-11-13T06:29:55.202+0000] {processor.py:830} INFO - Processing file /home/airflow/.local/lib/python3.8/site-packages/airflow/example_dags/example_python_operator.py for tasks to queue
[2025-11-13T06:29:55.208+0000] {logging_mixin.py:188} INFO - [2025-11-13T06:29:55.207+0000] {dagbag.py:538} INFO - Filling up the DagBag from /home/airflow/.local/lib/python3.8/site-packages/airflow/example_dags/example_python_operator.py
[2025-11-13T06:29:55.235+0000] {processor.py:840} INFO - DAG(s) 'example_python_operator' retrieved from /home/airflow/.local/lib/python3.8/site-packages/airflow/example_dags/example_python_operator.py
[2025-11-13T06:29:55.288+0000] {logging_mixin.py:188} INFO - [2025-11-13T06:29:55.288+0000] {dag.py:3036} INFO - Sync 1 DAGs
[2025-11-13T06:29:55.314+0000] {logging_mixin.py:188} INFO - [2025-11-13T06:29:55.313+0000] {dag.py:3823} INFO - Setting next_dagrun for example_python_operator to None, run_after=None
[2025-11-13T06:29:55.354+0000] {processor.py:183} INFO - Processing /home/airflow/.local/lib/python3.8/site-packages/airflow/example_dags/example_python_operator.py took 0.166 seconds
[2025-11-13T06:30:25.741+0000] {processor.py:161} INFO - Started process (PID=603) to work on /home/airflow/.local/lib/python3.8/site-packages/airflow/example_dags/example_python_operator.py
[2025-11-13T06:30:25.742+0000] {processor.py:830} INFO - Processing file /home/airflow/.local/lib/python3.8/site-packages/airflow/example_dags/example_python_operator.py for tasks to queue
[2025-11-13T06:30:25.745+0000] {logging_mixin.py:188} INFO - [2025-11-13T06:30:25.745+0000] {dagbag.py:538} INFO - Filling up the DagBag from /home/airflow/.local/lib/python3.8/site-packages/airflow/example_dags/example_python_operator.py
[2025-11-13T06:30:25.761+0000] {processor.py:840} INFO - DAG(s) 'example_python_operator' retrieved from /home/airflow/.local/lib/python3.8/site-packages/airflow/example_dags/example_python_operator.py
[2025-11-13T06:30:25.793+0000] {logging_mixin.py:188} INFO - [2025-11-13T06:30:25.792+0000] {dag.py:3036} INFO - Sync 1 DAGs
[2025-11-13T06:30:25.810+0000] {logging_mixin.py:188} INFO - [2025-11-13T06:30:25.809+0000] {dag.py:3823} INFO - Setting next_dagrun for example_python_operator to None, run_after=None
[2025-11-13T06:30:25.836+0000] {processor.py:183} INFO - Processing /home/airflow/.local/lib/python3.8/site-packages/airflow/example_dags/example_python_operator.py took 0.101 seconds
[2025-11-13T06:30:56.168+0000] {processor.py:161} INFO - Started process (PID=665) to work on /home/airflow/.local/lib/python3.8/site-packages/airflow/example_dags/example_python_operator.py
[2025-11-13T06:30:56.170+0000] {processor.py:830} INFO - Processing file /home/airflow/.local/lib/python3.8/site-packages/airflow/example_dags/example_python_operator.py for tasks to queue
[2025-11-13T06:30:56.174+0000] {logging_mixin.py:188} INFO - [2025-11-13T06:30:56.173+0000] {dagbag.py:538} INFO - Filling up the DagBag from /home/airflow/.local/lib/python3.8/site-packages/airflow/example_dags/example_python_operator.py
[2025-11-13T06:30:56.191+0000] {processor.py:840} INFO - DAG(s) 'example_python_operator' retrieved from /home/airflow/.local/lib/python3.8/site-packages/airflow/example_dags/example_python_operator.py
[2025-11-13T06:30:56.232+0000] {logging_mixin.py:188} INFO - [2025-11-13T06:30:56.231+0000] {dag.py:3036} INFO - Sync 1 DAGs
[2025-11-13T06:30:56.252+0000] {logging_mixin.py:188} INFO - [2025-11-13T06:30:56.252+0000] {dag.py:3823} INFO - Setting next_dagrun for example_python_operator to None, run_after=None
[2025-11-13T06:30:56.284+0000] {processor.py:183} INFO - Processing /home/airflow/.local/lib/python3.8/site-packages/airflow/example_dags/example_python_operator.py took 0.122 seconds
[2025-11-13T06:31:26.365+0000] {processor.py:161} INFO - Started process (PID=727) to work on /home/airflow/.local/lib/python3.8/site-packages/airflow/example_dags/example_python_operator.py
[2025-11-13T06:31:26.367+0000] {processor.py:830} INFO - Processing file /home/airflow/.local/lib/python3.8/site-packages/airflow/example_dags/example_python_operator.py for tasks to queue
[2025-11-13T06:31:26.370+0000] {logging_mixin.py:188} INFO - [2025-11-13T06:31:26.369+0000] {dagbag.py:538} INFO - Filling up the DagBag from /home/airflow/.local/lib/python3.8/site-packages/airflow/example_dags/example_python_operator.py
[2025-11-13T06:31:26.385+0000] {processor.py:840} INFO - DAG(s) 'example_python_operator' retrieved from /home/airflow/.local/lib/python3.8/site-packages/airflow/example_dags/example_python_operator.py
[2025-11-13T06:31:26.429+0000] {logging_mixin.py:188} INFO - [2025-11-13T06:31:26.429+0000] {dag.py:3036} INFO - Sync 1 DAGs
[2025-11-13T06:31:26.447+0000] {logging_mixin.py:188} INFO - [2025-11-13T06:31:26.447+0000] {dag.py:3823} INFO - Setting next_dagrun for example_python_operator to None, run_after=None
[2025-11-13T06:31:26.481+0000] {processor.py:183} INFO - Processing /home/airflow/.local/lib/python3.8/site-packages/airflow/example_dags/example_python_operator.py took 0.121 seconds
[2025-11-13T06:31:57.468+0000] {processor.py:161} INFO - Started process (PID=795) to work on /home/airflow/.local/lib/python3.8/site-packages/airflow/example_dags/example_python_operator.py
[2025-11-13T06:31:57.472+0000] {processor.py:830} INFO - Processing file /home/airflow/.local/lib/python3.8/site-packages/airflow/example_dags/example_python_operator.py for tasks to queue
[2025-11-13T06:31:57.478+0000] {logging_mixin.py:188} INFO - [2025-11-13T06:31:57.477+0000] {dagbag.py:538} INFO - Filling up the DagBag from /home/airflow/.local/lib/python3.8/site-packages/airflow/example_dags/example_python_operator.py
[2025-11-13T06:31:57.510+0000] {processor.py:840} INFO - DAG(s) 'example_python_operator' retrieved from /home/airflow/.local/lib/python3.8/site-packages/airflow/example_dags/example_python_operator.py
[2025-11-13T06:31:57.573+0000] {logging_mixin.py:188} INFO - [2025-11-13T06:31:57.572+0000] {dag.py:3036} INFO - Sync 1 DAGs
[2025-11-13T06:31:57.618+0000] {logging_mixin.py:188} INFO - [2025-11-13T06:31:57.617+0000] {dag.py:3823} INFO - Setting next_dagrun for example_python_operator to None, run_after=None
[2025-11-13T06:31:57.683+0000] {processor.py:183} INFO - Processing /home/airflow/.local/lib/python3.8/site-packages/airflow/example_dags/example_python_operator.py took 0.225 seconds
[2025-11-13T06:32:28.573+0000] {processor.py:161} INFO - Started process (PID=857) to work on /home/airflow/.local/lib/python3.8/site-packages/airflow/example_dags/example_python_operator.py
[2025-11-13T06:32:28.575+0000] {processor.py:830} INFO - Processing file /home/airflow/.local/lib/python3.8/site-packages/airflow/example_dags/example_python_operator.py for tasks to queue
[2025-11-13T06:32:28.580+0000] {logging_mixin.py:188} INFO - [2025-11-13T06:32:28.579+0000] {dagbag.py:538} INFO - Filling up the DagBag from /home/airflow/.local/lib/python3.8/site-packages/airflow/example_dags/example_python_operator.py
[2025-11-13T06:32:28.598+0000] {processor.py:840} INFO - DAG(s) 'example_python_operator' retrieved from /home/airflow/.local/lib/python3.8/site-packages/airflow/example_dags/example_python_operator.py
[2025-11-13T06:32:28.655+0000] {logging_mixin.py:188} INFO - [2025-11-13T06:32:28.654+0000] {dag.py:3036} INFO - Sync 1 DAGs
[2025-11-13T06:32:28.686+0000] {logging_mixin.py:188} INFO - [2025-11-13T06:32:28.685+0000] {dag.py:3823} INFO - Setting next_dagrun for example_python_operator to None, run_after=None
[2025-11-13T06:32:28.730+0000] {processor.py:183} INFO - Processing /home/airflow/.local/lib/python3.8/site-packages/airflow/example_dags/example_python_operator.py took 0.165 seconds
[2025-11-13T06:32:59.230+0000] {processor.py:161} INFO - Started process (PID=919) to work on /home/airflow/.local/lib/python3.8/site-packages/airflow/example_dags/example_python_operator.py
[2025-11-13T06:32:59.233+0000] {processor.py:830} INFO - Processing file /home/airflow/.local/lib/python3.8/site-packages/airflow/example_dags/example_python_operator.py for tasks to queue
[2025-11-13T06:32:59.237+0000] {logging_mixin.py:188} INFO - [2025-11-13T06:32:59.236+0000] {dagbag.py:538} INFO - Filling up the DagBag from /home/airflow/.local/lib/python3.8/site-packages/airflow/example_dags/example_python_operator.py
[2025-11-13T06:32:59.261+0000] {processor.py:840} INFO - DAG(s) 'example_python_operator' retrieved from /home/airflow/.local/lib/python3.8/site-packages/airflow/example_dags/example_python_operator.py
[2025-11-13T06:32:59.331+0000] {logging_mixin.py:188} INFO - [2025-11-13T06:32:59.331+0000] {dag.py:3036} INFO - Sync 1 DAGs
[2025-11-13T06:32:59.366+0000] {logging_mixin.py:188} INFO - [2025-11-13T06:32:59.365+0000] {dag.py:3823} INFO - Setting next_dagrun for example_python_operator to None, run_after=None
[2025-11-13T06:32:59.432+0000] {processor.py:183} INFO - Processing /home/airflow/.local/lib/python3.8/site-packages/airflow/example_dags/example_python_operator.py took 0.211 seconds
[2025-11-13T06:33:29.938+0000] {processor.py:161} INFO - Started process (PID=981) to work on /home/airflow/.local/lib/python3.8/site-packages/airflow/example_dags/example_python_operator.py
[2025-11-13T06:33:29.940+0000] {processor.py:830} INFO - Processing file /home/airflow/.local/lib/python3.8/site-packages/airflow/example_dags/example_python_operator.py for tasks to queue
[2025-11-13T06:33:29.944+0000] {logging_mixin.py:188} INFO - [2025-11-13T06:33:29.943+0000] {dagbag.py:538} INFO - Filling up the DagBag from /home/airflow/.local/lib/python3.8/site-packages/airflow/example_dags/example_python_operator.py
[2025-11-13T06:33:29.961+0000] {processor.py:840} INFO - DAG(s) 'example_python_operator' retrieved from /home/airflow/.local/lib/python3.8/site-packages/airflow/example_dags/example_python_operator.py
[2025-11-13T06:33:29.993+0000] {logging_mixin.py:188} INFO - [2025-11-13T06:33:29.993+0000] {dag.py:3036} INFO - Sync 1 DAGs
[2025-11-13T06:33:30.009+0000] {logging_mixin.py:188} INFO - [2025-11-13T06:33:30.009+0000] {dag.py:3823} INFO - Setting next_dagrun for example_python_operator to None, run_after=None
[2025-11-13T06:33:30.042+0000] {processor.py:183} INFO - Processing /home/airflow/.local/lib/python3.8/site-packages/airflow/example_dags/example_python_operator.py took 0.110 seconds
[2025-11-13T06:34:00.117+0000] {processor.py:161} INFO - Started process (PID=1042) to work on /home/airflow/.local/lib/python3.8/site-packages/airflow/example_dags/example_python_operator.py
[2025-11-13T06:34:00.119+0000] {processor.py:830} INFO - Processing file /home/airflow/.local/lib/python3.8/site-packages/airflow/example_dags/example_python_operator.py for tasks to queue
[2025-11-13T06:34:00.123+0000] {logging_mixin.py:188} INFO - [2025-11-13T06:34:00.123+0000] {dagbag.py:538} INFO - Filling up the DagBag from /home/airflow/.local/lib/python3.8/site-packages/airflow/example_dags/example_python_operator.py
[2025-11-13T06:34:00.142+0000] {processor.py:840} INFO - DAG(s) 'example_python_operator' retrieved from /home/airflow/.local/lib/python3.8/site-packages/airflow/example_dags/example_python_operator.py
[2025-11-13T06:34:00.187+0000] {logging_mixin.py:188} INFO - [2025-11-13T06:34:00.187+0000] {dag.py:3036} INFO - Sync 1 DAGs
[2025-11-13T06:34:00.209+0000] {logging_mixin.py:188} INFO - [2025-11-13T06:34:00.209+0000] {dag.py:3823} INFO - Setting next_dagrun for example_python_operator to None, run_after=None
[2025-11-13T06:34:00.247+0000] {processor.py:183} INFO - Processing /home/airflow/.local/lib/python3.8/site-packages/airflow/example_dags/example_python_operator.py took 0.137 seconds
[2025-11-13T06:34:31.150+0000] {processor.py:161} INFO - Started process (PID=1105) to work on /home/airflow/.local/lib/python3.8/site-packages/airflow/example_dags/example_python_operator.py
[2025-11-13T06:34:31.152+0000] {processor.py:830} INFO - Processing file /home/airflow/.local/lib/python3.8/site-packages/airflow/example_dags/example_python_operator.py for tasks to queue
[2025-11-13T06:34:31.155+0000] {logging_mixin.py:188} INFO - [2025-11-13T06:34:31.154+0000] {dagbag.py:538} INFO - Filling up the DagBag from /home/airflow/.local/lib/python3.8/site-packages/airflow/example_dags/example_python_operator.py
[2025-11-13T06:34:31.167+0000] {processor.py:840} INFO - DAG(s) 'example_python_operator' retrieved from /home/airflow/.local/lib/python3.8/site-packages/airflow/example_dags/example_python_operator.py
[2025-11-13T06:34:31.197+0000] {logging_mixin.py:188} INFO - [2025-11-13T06:34:31.196+0000] {dag.py:3036} INFO - Sync 1 DAGs
[2025-11-13T06:34:31.213+0000] {logging_mixin.py:188} INFO - [2025-11-13T06:34:31.213+0000] {dag.py:3823} INFO - Setting next_dagrun for example_python_operator to None, run_after=None
[2025-11-13T06:34:31.238+0000] {processor.py:183} INFO - Processing /home/airflow/.local/lib/python3.8/site-packages/airflow/example_dags/example_python_operator.py took 0.092 seconds
[2025-11-13T06:35:01.548+0000] {processor.py:161} INFO - Started process (PID=1167) to work on /home/airflow/.local/lib/python3.8/site-packages/airflow/example_dags/example_python_operator.py
[2025-11-13T06:35:01.549+0000] {processor.py:830} INFO - Processing file /home/airflow/.local/lib/python3.8/site-packages/airflow/example_dags/example_python_operator.py for tasks to queue
[2025-11-13T06:35:01.552+0000] {logging_mixin.py:188} INFO - [2025-11-13T06:35:01.552+0000] {dagbag.py:538} INFO - Filling up the DagBag from /home/airflow/.local/lib/python3.8/site-packages/airflow/example_dags/example_python_operator.py
[2025-11-13T06:35:01.567+0000] {processor.py:840} INFO - DAG(s) 'example_python_operator' retrieved from /home/airflow/.local/lib/python3.8/site-packages/airflow/example_dags/example_python_operator.py
[2025-11-13T06:35:01.599+0000] {logging_mixin.py:188} INFO - [2025-11-13T06:35:01.599+0000] {dag.py:3036} INFO - Sync 1 DAGs
[2025-11-13T06:35:01.616+0000] {logging_mixin.py:188} INFO - [2025-11-13T06:35:01.615+0000] {dag.py:3823} INFO - Setting next_dagrun for example_python_operator to None, run_after=None
[2025-11-13T06:35:01.644+0000] {processor.py:183} INFO - Processing /home/airflow/.local/lib/python3.8/site-packages/airflow/example_dags/example_python_operator.py took 0.103 seconds
[2025-11-13T06:35:32.278+0000] {processor.py:161} INFO - Started process (PID=1229) to work on /home/airflow/.local/lib/python3.8/site-packages/airflow/example_dags/example_python_operator.py
[2025-11-13T06:35:32.280+0000] {processor.py:830} INFO - Processing file /home/airflow/.local/lib/python3.8/site-packages/airflow/example_dags/example_python_operator.py for tasks to queue
[2025-11-13T06:35:32.283+0000] {logging_mixin.py:188} INFO - [2025-11-13T06:35:32.283+0000] {dagbag.py:538} INFO - Filling up the DagBag from /home/airflow/.local/lib/python3.8/site-packages/airflow/example_dags/example_python_operator.py
[2025-11-13T06:35:32.296+0000] {processor.py:840} INFO - DAG(s) 'example_python_operator' retrieved from /home/airflow/.local/lib/python3.8/site-packages/airflow/example_dags/example_python_operator.py
[2025-11-13T06:35:32.326+0000] {logging_mixin.py:188} INFO - [2025-11-13T06:35:32.326+0000] {dag.py:3036} INFO - Sync 1 DAGs
[2025-11-13T06:35:32.342+0000] {logging_mixin.py:188} INFO - [2025-11-13T06:35:32.342+0000] {dag.py:3823} INFO - Setting next_dagrun for example_python_operator to None, run_after=None
[2025-11-13T06:35:32.367+0000] {processor.py:183} INFO - Processing /home/airflow/.local/lib/python3.8/site-packages/airflow/example_dags/example_python_operator.py took 0.093 seconds
[2025-11-13T06:36:03.255+0000] {processor.py:161} INFO - Started process (PID=1291) to work on /home/airflow/.local/lib/python3.8/site-packages/airflow/example_dags/example_python_operator.py
[2025-11-13T06:36:03.256+0000] {processor.py:830} INFO - Processing file /home/airflow/.local/lib/python3.8/site-packages/airflow/example_dags/example_python_operator.py for tasks to queue
[2025-11-13T06:36:03.259+0000] {logging_mixin.py:188} INFO - [2025-11-13T06:36:03.258+0000] {dagbag.py:538} INFO - Filling up the DagBag from /home/airflow/.local/lib/python3.8/site-packages/airflow/example_dags/example_python_operator.py
[2025-11-13T06:36:03.272+0000] {processor.py:840} INFO - DAG(s) 'example_python_operator' retrieved from /home/airflow/.local/lib/python3.8/site-packages/airflow/example_dags/example_python_operator.py
[2025-11-13T06:36:03.299+0000] {logging_mixin.py:188} INFO - [2025-11-13T06:36:03.299+0000] {dag.py:3036} INFO - Sync 1 DAGs
[2025-11-13T06:36:03.314+0000] {logging_mixin.py:188} INFO - [2025-11-13T06:36:03.314+0000] {dag.py:3823} INFO - Setting next_dagrun for example_python_operator to None, run_after=None
[2025-11-13T06:36:03.340+0000] {processor.py:183} INFO - Processing /home/airflow/.local/lib/python3.8/site-packages/airflow/example_dags/example_python_operator.py took 0.090 seconds
[2025-11-13T06:36:34.130+0000] {processor.py:161} INFO - Started process (PID=1354) to work on /home/airflow/.local/lib/python3.8/site-packages/airflow/example_dags/example_python_operator.py
[2025-11-13T06:36:34.131+0000] {processor.py:830} INFO - Processing file /home/airflow/.local/lib/python3.8/site-packages/airflow/example_dags/example_python_operator.py for tasks to queue
[2025-11-13T06:36:34.134+0000] {logging_mixin.py:188} INFO - [2025-11-13T06:36:34.134+0000] {dagbag.py:538} INFO - Filling up the DagBag from /home/airflow/.local/lib/python3.8/site-packages/airflow/example_dags/example_python_operator.py
[2025-11-13T06:36:34.150+0000] {processor.py:840} INFO - DAG(s) 'example_python_operator' retrieved from /home/airflow/.local/lib/python3.8/site-packages/airflow/example_dags/example_python_operator.py
[2025-11-13T06:36:34.180+0000] {logging_mixin.py:188} INFO - [2025-11-13T06:36:34.179+0000] {dag.py:3036} INFO - Sync 1 DAGs
[2025-11-13T06:36:34.196+0000] {logging_mixin.py:188} INFO - [2025-11-13T06:36:34.196+0000] {dag.py:3823} INFO - Setting next_dagrun for example_python_operator to None, run_after=None
[2025-11-13T06:36:34.225+0000] {processor.py:183} INFO - Processing /home/airflow/.local/lib/python3.8/site-packages/airflow/example_dags/example_python_operator.py took 0.100 seconds
[2025-11-13T06:37:04.438+0000] {processor.py:161} INFO - Started process (PID=1416) to work on /home/airflow/.local/lib/python3.8/site-packages/airflow/example_dags/example_python_operator.py
[2025-11-13T06:37:04.440+0000] {processor.py:830} INFO - Processing file /home/airflow/.local/lib/python3.8/site-packages/airflow/example_dags/example_python_operator.py for tasks to queue
[2025-11-13T06:37:04.442+0000] {logging_mixin.py:188} INFO - [2025-11-13T06:37:04.442+0000] {dagbag.py:538} INFO - Filling up the DagBag from /home/airflow/.local/lib/python3.8/site-packages/airflow/example_dags/example_python_operator.py
[2025-11-13T06:37:04.461+0000] {processor.py:840} INFO - DAG(s) 'example_python_operator' retrieved from /home/airflow/.local/lib/python3.8/site-packages/airflow/example_dags/example_python_operator.py
[2025-11-13T06:37:04.492+0000] {logging_mixin.py:188} INFO - [2025-11-13T06:37:04.492+0000] {dag.py:3036} INFO - Sync 1 DAGs
[2025-11-13T06:37:04.508+0000] {logging_mixin.py:188} INFO - [2025-11-13T06:37:04.508+0000] {dag.py:3823} INFO - Setting next_dagrun for example_python_operator to None, run_after=None
[2025-11-13T06:37:04.535+0000] {processor.py:183} INFO - Processing /home/airflow/.local/lib/python3.8/site-packages/airflow/example_dags/example_python_operator.py took 0.102 seconds
[2025-11-13T06:37:34.633+0000] {processor.py:161} INFO - Started process (PID=1477) to work on /home/airflow/.local/lib/python3.8/site-packages/airflow/example_dags/example_python_operator.py
[2025-11-13T06:37:34.636+0000] {processor.py:830} INFO - Processing file /home/airflow/.local/lib/python3.8/site-packages/airflow/example_dags/example_python_operator.py for tasks to queue
[2025-11-13T06:37:34.645+0000] {logging_mixin.py:188} INFO - [2025-11-13T06:37:34.644+0000] {dagbag.py:538} INFO - Filling up the DagBag from /home/airflow/.local/lib/python3.8/site-packages/airflow/example_dags/example_python_operator.py
[2025-11-13T06:37:34.675+0000] {processor.py:840} INFO - DAG(s) 'example_python_operator' retrieved from /home/airflow/.local/lib/python3.8/site-packages/airflow/example_dags/example_python_operator.py
[2025-11-13T06:37:34.759+0000] {logging_mixin.py:188} INFO - [2025-11-13T06:37:34.758+0000] {dag.py:3036} INFO - Sync 1 DAGs
[2025-11-13T06:37:34.811+0000] {logging_mixin.py:188} INFO - [2025-11-13T06:37:34.811+0000] {dag.py:3823} INFO - Setting next_dagrun for example_python_operator to None, run_after=None
[2025-11-13T06:37:34.843+0000] {processor.py:183} INFO - Processing /home/airflow/.local/lib/python3.8/site-packages/airflow/example_dags/example_python_operator.py took 0.225 seconds
[2025-11-13T06:38:05.358+0000] {processor.py:161} INFO - Started process (PID=1539) to work on /home/airflow/.local/lib/python3.8/site-packages/airflow/example_dags/example_python_operator.py
[2025-11-13T06:38:05.360+0000] {processor.py:830} INFO - Processing file /home/airflow/.local/lib/python3.8/site-packages/airflow/example_dags/example_python_operator.py for tasks to queue
[2025-11-13T06:38:05.362+0000] {logging_mixin.py:188} INFO - [2025-11-13T06:38:05.362+0000] {dagbag.py:538} INFO - Filling up the DagBag from /home/airflow/.local/lib/python3.8/site-packages/airflow/example_dags/example_python_operator.py
[2025-11-13T06:38:05.374+0000] {processor.py:840} INFO - DAG(s) 'example_python_operator' retrieved from /home/airflow/.local/lib/python3.8/site-packages/airflow/example_dags/example_python_operator.py
[2025-11-13T06:38:05.400+0000] {logging_mixin.py:188} INFO - [2025-11-13T06:38:05.400+0000] {dag.py:3036} INFO - Sync 1 DAGs
[2025-11-13T06:38:05.416+0000] {logging_mixin.py:188} INFO - [2025-11-13T06:38:05.415+0000] {dag.py:3823} INFO - Setting next_dagrun for example_python_operator to None, run_after=None
[2025-11-13T06:38:05.440+0000] {processor.py:183} INFO - Processing /home/airflow/.local/lib/python3.8/site-packages/airflow/example_dags/example_python_operator.py took 0.085 seconds
[2025-11-13T06:38:35.828+0000] {processor.py:161} INFO - Started process (PID=1601) to work on /home/airflow/.local/lib/python3.8/site-packages/airflow/example_dags/example_python_operator.py
[2025-11-13T06:38:35.830+0000] {processor.py:830} INFO - Processing file /home/airflow/.local/lib/python3.8/site-packages/airflow/example_dags/example_python_operator.py for tasks to queue
[2025-11-13T06:38:35.833+0000] {logging_mixin.py:188} INFO - [2025-11-13T06:38:35.832+0000] {dagbag.py:538} INFO - Filling up the DagBag from /home/airflow/.local/lib/python3.8/site-packages/airflow/example_dags/example_python_operator.py
[2025-11-13T06:38:35.845+0000] {processor.py:840} INFO - DAG(s) 'example_python_operator' retrieved from /home/airflow/.local/lib/python3.8/site-packages/airflow/example_dags/example_python_operator.py
[2025-11-13T06:38:35.872+0000] {logging_mixin.py:188} INFO - [2025-11-13T06:38:35.872+0000] {dag.py:3036} INFO - Sync 1 DAGs
[2025-11-13T06:38:35.887+0000] {logging_mixin.py:188} INFO - [2025-11-13T06:38:35.886+0000] {dag.py:3823} INFO - Setting next_dagrun for example_python_operator to None, run_after=None
[2025-11-13T06:38:35.936+0000] {processor.py:183} INFO - Processing /home/airflow/.local/lib/python3.8/site-packages/airflow/example_dags/example_python_operator.py took 0.112 seconds
[2025-11-13T06:39:06.941+0000] {processor.py:161} INFO - Started process (PID=1663) to work on /home/airflow/.local/lib/python3.8/site-packages/airflow/example_dags/example_python_operator.py
[2025-11-13T06:39:06.944+0000] {processor.py:830} INFO - Processing file /home/airflow/.local/lib/python3.8/site-packages/airflow/example_dags/example_python_operator.py for tasks to queue
[2025-11-13T06:39:06.952+0000] {logging_mixin.py:188} INFO - [2025-11-13T06:39:06.950+0000] {dagbag.py:538} INFO - Filling up the DagBag from /home/airflow/.local/lib/python3.8/site-packages/airflow/example_dags/example_python_operator.py
[2025-11-13T06:39:07.025+0000] {processor.py:840} INFO - DAG(s) 'example_python_operator' retrieved from /home/airflow/.local/lib/python3.8/site-packages/airflow/example_dags/example_python_operator.py
[2025-11-13T06:39:07.105+0000] {logging_mixin.py:188} INFO - [2025-11-13T06:39:07.104+0000] {dag.py:3036} INFO - Sync 1 DAGs
[2025-11-13T06:39:07.147+0000] {logging_mixin.py:188} INFO - [2025-11-13T06:39:07.147+0000] {dag.py:3823} INFO - Setting next_dagrun for example_python_operator to None, run_after=None
[2025-11-13T06:39:07.215+0000] {processor.py:183} INFO - Processing /home/airflow/.local/lib/python3.8/site-packages/airflow/example_dags/example_python_operator.py took 0.285 seconds
[2025-11-13T06:39:37.517+0000] {processor.py:161} INFO - Started process (PID=1726) to work on /home/airflow/.local/lib/python3.8/site-packages/airflow/example_dags/example_python_operator.py
[2025-11-13T06:39:37.520+0000] {processor.py:830} INFO - Processing file /home/airflow/.local/lib/python3.8/site-packages/airflow/example_dags/example_python_operator.py for tasks to queue
[2025-11-13T06:39:37.523+0000] {logging_mixin.py:188} INFO - [2025-11-13T06:39:37.523+0000] {dagbag.py:538} INFO - Filling up the DagBag from /home/airflow/.local/lib/python3.8/site-packages/airflow/example_dags/example_python_operator.py
[2025-11-13T06:39:37.540+0000] {processor.py:840} INFO - DAG(s) 'example_python_operator' retrieved from /home/airflow/.local/lib/python3.8/site-packages/airflow/example_dags/example_python_operator.py
[2025-11-13T06:39:37.577+0000] {logging_mixin.py:188} INFO - [2025-11-13T06:39:37.577+0000] {dag.py:3036} INFO - Sync 1 DAGs
[2025-11-13T06:39:37.599+0000] {logging_mixin.py:188} INFO - [2025-11-13T06:39:37.598+0000] {dag.py:3823} INFO - Setting next_dagrun for example_python_operator to None, run_after=None
[2025-11-13T06:39:37.632+0000] {processor.py:183} INFO - Processing /home/airflow/.local/lib/python3.8/site-packages/airflow/example_dags/example_python_operator.py took 0.121 seconds
[2025-11-13T06:40:08.356+0000] {processor.py:161} INFO - Started process (PID=1787) to work on /home/airflow/.local/lib/python3.8/site-packages/airflow/example_dags/example_python_operator.py
[2025-11-13T06:40:08.359+0000] {processor.py:830} INFO - Processing file /home/airflow/.local/lib/python3.8/site-packages/airflow/example_dags/example_python_operator.py for tasks to queue
[2025-11-13T06:40:08.364+0000] {logging_mixin.py:188} INFO - [2025-11-13T06:40:08.364+0000] {dagbag.py:538} INFO - Filling up the DagBag from /home/airflow/.local/lib/python3.8/site-packages/airflow/example_dags/example_python_operator.py
[2025-11-13T06:40:08.389+0000] {processor.py:840} INFO - DAG(s) 'example_python_operator' retrieved from /home/airflow/.local/lib/python3.8/site-packages/airflow/example_dags/example_python_operator.py
[2025-11-13T06:40:08.445+0000] {logging_mixin.py:188} INFO - [2025-11-13T06:40:08.444+0000] {dag.py:3036} INFO - Sync 1 DAGs
[2025-11-13T06:40:08.479+0000] {logging_mixin.py:188} INFO - [2025-11-13T06:40:08.478+0000] {dag.py:3823} INFO - Setting next_dagrun for example_python_operator to None, run_after=None
[2025-11-13T06:40:08.552+0000] {processor.py:183} INFO - Processing /home/airflow/.local/lib/python3.8/site-packages/airflow/example_dags/example_python_operator.py took 0.206 seconds
[2025-11-13T06:40:39.111+0000] {processor.py:161} INFO - Started process (PID=1850) to work on /home/airflow/.local/lib/python3.8/site-packages/airflow/example_dags/example_python_operator.py
[2025-11-13T06:40:39.114+0000] {processor.py:830} INFO - Processing file /home/airflow/.local/lib/python3.8/site-packages/airflow/example_dags/example_python_operator.py for tasks to queue
[2025-11-13T06:40:39.119+0000] {logging_mixin.py:188} INFO - [2025-11-13T06:40:39.118+0000] {dagbag.py:538} INFO - Filling up the DagBag from /home/airflow/.local/lib/python3.8/site-packages/airflow/example_dags/example_python_operator.py
[2025-11-13T06:40:39.149+0000] {processor.py:840} INFO - DAG(s) 'example_python_operator' retrieved from /home/airflow/.local/lib/python3.8/site-packages/airflow/example_dags/example_python_operator.py
[2025-11-13T06:40:39.206+0000] {logging_mixin.py:188} INFO - [2025-11-13T06:40:39.205+0000] {dag.py:3036} INFO - Sync 1 DAGs
[2025-11-13T06:40:39.238+0000] {logging_mixin.py:188} INFO - [2025-11-13T06:40:39.238+0000] {dag.py:3823} INFO - Setting next_dagrun for example_python_operator to None, run_after=None
[2025-11-13T06:40:39.280+0000] {processor.py:183} INFO - Processing /home/airflow/.local/lib/python3.8/site-packages/airflow/example_dags/example_python_operator.py took 0.176 seconds
[2025-11-13T06:41:10.252+0000] {processor.py:161} INFO - Started process (PID=1912) to work on /home/airflow/.local/lib/python3.8/site-packages/airflow/example_dags/example_python_operator.py
[2025-11-13T06:41:10.254+0000] {processor.py:830} INFO - Processing file /home/airflow/.local/lib/python3.8/site-packages/airflow/example_dags/example_python_operator.py for tasks to queue
[2025-11-13T06:41:10.259+0000] {logging_mixin.py:188} INFO - [2025-11-13T06:41:10.258+0000] {dagbag.py:538} INFO - Filling up the DagBag from /home/airflow/.local/lib/python3.8/site-packages/airflow/example_dags/example_python_operator.py
[2025-11-13T06:41:10.282+0000] {processor.py:840} INFO - DAG(s) 'example_python_operator' retrieved from /home/airflow/.local/lib/python3.8/site-packages/airflow/example_dags/example_python_operator.py
[2025-11-13T06:41:10.348+0000] {logging_mixin.py:188} INFO - [2025-11-13T06:41:10.347+0000] {dag.py:3036} INFO - Sync 1 DAGs
[2025-11-13T06:41:10.382+0000] {logging_mixin.py:188} INFO - [2025-11-13T06:41:10.382+0000] {dag.py:3823} INFO - Setting next_dagrun for example_python_operator to None, run_after=None
[2025-11-13T06:41:10.432+0000] {processor.py:183} INFO - Processing /home/airflow/.local/lib/python3.8/site-packages/airflow/example_dags/example_python_operator.py took 0.188 seconds
[2025-11-13T06:41:40.660+0000] {processor.py:161} INFO - Started process (PID=1974) to work on /home/airflow/.local/lib/python3.8/site-packages/airflow/example_dags/example_python_operator.py
[2025-11-13T06:41:40.662+0000] {processor.py:830} INFO - Processing file /home/airflow/.local/lib/python3.8/site-packages/airflow/example_dags/example_python_operator.py for tasks to queue
[2025-11-13T06:41:40.667+0000] {logging_mixin.py:188} INFO - [2025-11-13T06:41:40.666+0000] {dagbag.py:538} INFO - Filling up the DagBag from /home/airflow/.local/lib/python3.8/site-packages/airflow/example_dags/example_python_operator.py
[2025-11-13T06:41:40.687+0000] {processor.py:840} INFO - DAG(s) 'example_python_operator' retrieved from /home/airflow/.local/lib/python3.8/site-packages/airflow/example_dags/example_python_operator.py
[2025-11-13T06:41:40.725+0000] {logging_mixin.py:188} INFO - [2025-11-13T06:41:40.724+0000] {dag.py:3036} INFO - Sync 1 DAGs
[2025-11-13T06:41:40.746+0000] {logging_mixin.py:188} INFO - [2025-11-13T06:41:40.746+0000] {dag.py:3823} INFO - Setting next_dagrun for example_python_operator to None, run_after=None
[2025-11-13T06:41:40.783+0000] {processor.py:183} INFO - Processing /home/airflow/.local/lib/python3.8/site-packages/airflow/example_dags/example_python_operator.py took 0.130 seconds
[2025-11-13T06:42:11.512+0000] {processor.py:161} INFO - Started process (PID=2036) to work on /home/airflow/.local/lib/python3.8/site-packages/airflow/example_dags/example_python_operator.py
[2025-11-13T06:42:11.514+0000] {processor.py:830} INFO - Processing file /home/airflow/.local/lib/python3.8/site-packages/airflow/example_dags/example_python_operator.py for tasks to queue
[2025-11-13T06:42:11.517+0000] {logging_mixin.py:188} INFO - [2025-11-13T06:42:11.517+0000] {dagbag.py:538} INFO - Filling up the DagBag from /home/airflow/.local/lib/python3.8/site-packages/airflow/example_dags/example_python_operator.py
[2025-11-13T06:42:11.533+0000] {processor.py:840} INFO - DAG(s) 'example_python_operator' retrieved from /home/airflow/.local/lib/python3.8/site-packages/airflow/example_dags/example_python_operator.py
[2025-11-13T06:42:11.566+0000] {logging_mixin.py:188} INFO - [2025-11-13T06:42:11.566+0000] {dag.py:3036} INFO - Sync 1 DAGs
[2025-11-13T06:42:11.585+0000] {logging_mixin.py:188} INFO - [2025-11-13T06:42:11.585+0000] {dag.py:3823} INFO - Setting next_dagrun for example_python_operator to None, run_after=None
[2025-11-13T06:42:11.617+0000] {processor.py:183} INFO - Processing /home/airflow/.local/lib/python3.8/site-packages/airflow/example_dags/example_python_operator.py took 0.112 seconds
[2025-11-13T06:42:41.860+0000] {processor.py:161} INFO - Started process (PID=2098) to work on /home/airflow/.local/lib/python3.8/site-packages/airflow/example_dags/example_python_operator.py
[2025-11-13T06:42:41.862+0000] {processor.py:830} INFO - Processing file /home/airflow/.local/lib/python3.8/site-packages/airflow/example_dags/example_python_operator.py for tasks to queue
[2025-11-13T06:42:41.865+0000] {logging_mixin.py:188} INFO - [2025-11-13T06:42:41.865+0000] {dagbag.py:538} INFO - Filling up the DagBag from /home/airflow/.local/lib/python3.8/site-packages/airflow/example_dags/example_python_operator.py
[2025-11-13T06:42:41.884+0000] {processor.py:840} INFO - DAG(s) 'example_python_operator' retrieved from /home/airflow/.local/lib/python3.8/site-packages/airflow/example_dags/example_python_operator.py
[2025-11-13T06:42:41.921+0000] {logging_mixin.py:188} INFO - [2025-11-13T06:42:41.921+0000] {dag.py:3036} INFO - Sync 1 DAGs
[2025-11-13T06:42:41.942+0000] {logging_mixin.py:188} INFO - [2025-11-13T06:42:41.941+0000] {dag.py:3823} INFO - Setting next_dagrun for example_python_operator to None, run_after=None
[2025-11-13T06:42:41.998+0000] {processor.py:183} INFO - Processing /home/airflow/.local/lib/python3.8/site-packages/airflow/example_dags/example_python_operator.py took 0.144 seconds
[2025-11-13T06:43:12.766+0000] {processor.py:161} INFO - Started process (PID=2160) to work on /home/airflow/.local/lib/python3.8/site-packages/airflow/example_dags/example_python_operator.py
[2025-11-13T06:43:12.768+0000] {processor.py:830} INFO - Processing file /home/airflow/.local/lib/python3.8/site-packages/airflow/example_dags/example_python_operator.py for tasks to queue
[2025-11-13T06:43:12.772+0000] {logging_mixin.py:188} INFO - [2025-11-13T06:43:12.772+0000] {dagbag.py:538} INFO - Filling up the DagBag from /home/airflow/.local/lib/python3.8/site-packages/airflow/example_dags/example_python_operator.py
[2025-11-13T06:43:12.792+0000] {processor.py:840} INFO - DAG(s) 'example_python_operator' retrieved from /home/airflow/.local/lib/python3.8/site-packages/airflow/example_dags/example_python_operator.py
[2025-11-13T06:43:12.835+0000] {logging_mixin.py:188} INFO - [2025-11-13T06:43:12.835+0000] {dag.py:3036} INFO - Sync 1 DAGs
[2025-11-13T06:43:12.859+0000] {logging_mixin.py:188} INFO - [2025-11-13T06:43:12.858+0000] {dag.py:3823} INFO - Setting next_dagrun for example_python_operator to None, run_after=None
[2025-11-13T06:43:12.893+0000] {processor.py:183} INFO - Processing /home/airflow/.local/lib/python3.8/site-packages/airflow/example_dags/example_python_operator.py took 0.134 seconds
[2025-11-13T06:43:43.257+0000] {processor.py:161} INFO - Started process (PID=2223) to work on /home/airflow/.local/lib/python3.8/site-packages/airflow/example_dags/example_python_operator.py
[2025-11-13T06:43:43.259+0000] {processor.py:830} INFO - Processing file /home/airflow/.local/lib/python3.8/site-packages/airflow/example_dags/example_python_operator.py for tasks to queue
[2025-11-13T06:43:43.264+0000] {logging_mixin.py:188} INFO - [2025-11-13T06:43:43.263+0000] {dagbag.py:538} INFO - Filling up the DagBag from /home/airflow/.local/lib/python3.8/site-packages/airflow/example_dags/example_python_operator.py
[2025-11-13T06:43:43.283+0000] {processor.py:840} INFO - DAG(s) 'example_python_operator' retrieved from /home/airflow/.local/lib/python3.8/site-packages/airflow/example_dags/example_python_operator.py
[2025-11-13T06:43:43.322+0000] {logging_mixin.py:188} INFO - [2025-11-13T06:43:43.321+0000] {dag.py:3036} INFO - Sync 1 DAGs
[2025-11-13T06:43:43.342+0000] {logging_mixin.py:188} INFO - [2025-11-13T06:43:43.342+0000] {dag.py:3823} INFO - Setting next_dagrun for example_python_operator to None, run_after=None
[2025-11-13T06:43:43.374+0000] {processor.py:183} INFO - Processing /home/airflow/.local/lib/python3.8/site-packages/airflow/example_dags/example_python_operator.py took 0.124 seconds
[2025-11-13T06:44:13.423+0000] {processor.py:161} INFO - Started process (PID=2283) to work on /home/airflow/.local/lib/python3.8/site-packages/airflow/example_dags/example_python_operator.py
[2025-11-13T06:44:13.425+0000] {processor.py:830} INFO - Processing file /home/airflow/.local/lib/python3.8/site-packages/airflow/example_dags/example_python_operator.py for tasks to queue
[2025-11-13T06:44:13.427+0000] {logging_mixin.py:188} INFO - [2025-11-13T06:44:13.427+0000] {dagbag.py:538} INFO - Filling up the DagBag from /home/airflow/.local/lib/python3.8/site-packages/airflow/example_dags/example_python_operator.py
[2025-11-13T06:44:13.443+0000] {processor.py:840} INFO - DAG(s) 'example_python_operator' retrieved from /home/airflow/.local/lib/python3.8/site-packages/airflow/example_dags/example_python_operator.py
[2025-11-13T06:44:13.478+0000] {logging_mixin.py:188} INFO - [2025-11-13T06:44:13.477+0000] {dag.py:3036} INFO - Sync 1 DAGs
[2025-11-13T06:44:13.495+0000] {logging_mixin.py:188} INFO - [2025-11-13T06:44:13.495+0000] {dag.py:3823} INFO - Setting next_dagrun for example_python_operator to None, run_after=None
[2025-11-13T06:44:13.526+0000] {processor.py:183} INFO - Processing /home/airflow/.local/lib/python3.8/site-packages/airflow/example_dags/example_python_operator.py took 0.107 seconds
[2025-11-13T06:44:44.688+0000] {processor.py:161} INFO - Started process (PID=2345) to work on /home/airflow/.local/lib/python3.8/site-packages/airflow/example_dags/example_python_operator.py
[2025-11-13T06:44:44.689+0000] {processor.py:830} INFO - Processing file /home/airflow/.local/lib/python3.8/site-packages/airflow/example_dags/example_python_operator.py for tasks to queue
[2025-11-13T06:44:44.693+0000] {logging_mixin.py:188} INFO - [2025-11-13T06:44:44.693+0000] {dagbag.py:538} INFO - Filling up the DagBag from /home/airflow/.local/lib/python3.8/site-packages/airflow/example_dags/example_python_operator.py
[2025-11-13T06:44:44.708+0000] {processor.py:840} INFO - DAG(s) 'example_python_operator' retrieved from /home/airflow/.local/lib/python3.8/site-packages/airflow/example_dags/example_python_operator.py
[2025-11-13T06:44:44.742+0000] {logging_mixin.py:188} INFO - [2025-11-13T06:44:44.742+0000] {dag.py:3036} INFO - Sync 1 DAGs
[2025-11-13T06:44:44.761+0000] {logging_mixin.py:188} INFO - [2025-11-13T06:44:44.760+0000] {dag.py:3823} INFO - Setting next_dagrun for example_python_operator to None, run_after=None
[2025-11-13T06:44:44.791+0000] {processor.py:183} INFO - Processing /home/airflow/.local/lib/python3.8/site-packages/airflow/example_dags/example_python_operator.py took 0.109 seconds
[2025-11-13T06:45:15.547+0000] {processor.py:161} INFO - Started process (PID=2407) to work on /home/airflow/.local/lib/python3.8/site-packages/airflow/example_dags/example_python_operator.py
[2025-11-13T06:45:15.549+0000] {processor.py:830} INFO - Processing file /home/airflow/.local/lib/python3.8/site-packages/airflow/example_dags/example_python_operator.py for tasks to queue
[2025-11-13T06:45:15.553+0000] {logging_mixin.py:188} INFO - [2025-11-13T06:45:15.553+0000] {dagbag.py:538} INFO - Filling up the DagBag from /home/airflow/.local/lib/python3.8/site-packages/airflow/example_dags/example_python_operator.py
[2025-11-13T06:45:15.576+0000] {processor.py:840} INFO - DAG(s) 'example_python_operator' retrieved from /home/airflow/.local/lib/python3.8/site-packages/airflow/example_dags/example_python_operator.py
[2025-11-13T06:45:15.620+0000] {logging_mixin.py:188} INFO - [2025-11-13T06:45:15.620+0000] {dag.py:3036} INFO - Sync 1 DAGs
[2025-11-13T06:45:15.646+0000] {logging_mixin.py:188} INFO - [2025-11-13T06:45:15.645+0000] {dag.py:3823} INFO - Setting next_dagrun for example_python_operator to None, run_after=None
[2025-11-13T06:45:15.687+0000] {processor.py:183} INFO - Processing /home/airflow/.local/lib/python3.8/site-packages/airflow/example_dags/example_python_operator.py took 0.149 seconds
[2025-11-13T06:45:46.073+0000] {processor.py:161} INFO - Started process (PID=2469) to work on /home/airflow/.local/lib/python3.8/site-packages/airflow/example_dags/example_python_operator.py
[2025-11-13T06:45:46.075+0000] {processor.py:830} INFO - Processing file /home/airflow/.local/lib/python3.8/site-packages/airflow/example_dags/example_python_operator.py for tasks to queue
[2025-11-13T06:45:46.078+0000] {logging_mixin.py:188} INFO - [2025-11-13T06:45:46.078+0000] {dagbag.py:538} INFO - Filling up the DagBag from /home/airflow/.local/lib/python3.8/site-packages/airflow/example_dags/example_python_operator.py
[2025-11-13T06:45:46.095+0000] {processor.py:840} INFO - DAG(s) 'example_python_operator' retrieved from /home/airflow/.local/lib/python3.8/site-packages/airflow/example_dags/example_python_operator.py
[2025-11-13T06:45:46.129+0000] {logging_mixin.py:188} INFO - [2025-11-13T06:45:46.129+0000] {dag.py:3036} INFO - Sync 1 DAGs
[2025-11-13T06:45:46.148+0000] {logging_mixin.py:188} INFO - [2025-11-13T06:45:46.147+0000] {dag.py:3823} INFO - Setting next_dagrun for example_python_operator to None, run_after=None
[2025-11-13T06:45:46.183+0000] {processor.py:183} INFO - Processing /home/airflow/.local/lib/python3.8/site-packages/airflow/example_dags/example_python_operator.py took 0.116 seconds
[2025-11-13T06:46:16.464+0000] {processor.py:161} INFO - Started process (PID=2532) to work on /home/airflow/.local/lib/python3.8/site-packages/airflow/example_dags/example_python_operator.py
[2025-11-13T06:46:16.466+0000] {processor.py:830} INFO - Processing file /home/airflow/.local/lib/python3.8/site-packages/airflow/example_dags/example_python_operator.py for tasks to queue
[2025-11-13T06:46:16.469+0000] {logging_mixin.py:188} INFO - [2025-11-13T06:46:16.469+0000] {dagbag.py:538} INFO - Filling up the DagBag from /home/airflow/.local/lib/python3.8/site-packages/airflow/example_dags/example_python_operator.py
[2025-11-13T06:46:16.486+0000] {processor.py:840} INFO - DAG(s) 'example_python_operator' retrieved from /home/airflow/.local/lib/python3.8/site-packages/airflow/example_dags/example_python_operator.py
[2025-11-13T06:46:16.518+0000] {logging_mixin.py:188} INFO - [2025-11-13T06:46:16.518+0000] {dag.py:3036} INFO - Sync 1 DAGs
[2025-11-13T06:46:16.537+0000] {logging_mixin.py:188} INFO - [2025-11-13T06:46:16.536+0000] {dag.py:3823} INFO - Setting next_dagrun for example_python_operator to None, run_after=None
[2025-11-13T06:46:16.568+0000] {processor.py:183} INFO - Processing /home/airflow/.local/lib/python3.8/site-packages/airflow/example_dags/example_python_operator.py took 0.109 seconds
[2025-11-13T06:46:47.720+0000] {processor.py:161} INFO - Started process (PID=2595) to work on /home/airflow/.local/lib/python3.8/site-packages/airflow/example_dags/example_python_operator.py
[2025-11-13T06:46:47.722+0000] {processor.py:830} INFO - Processing file /home/airflow/.local/lib/python3.8/site-packages/airflow/example_dags/example_python_operator.py for tasks to queue
[2025-11-13T06:46:47.728+0000] {logging_mixin.py:188} INFO - [2025-11-13T06:46:47.727+0000] {dagbag.py:538} INFO - Filling up the DagBag from /home/airflow/.local/lib/python3.8/site-packages/airflow/example_dags/example_python_operator.py
[2025-11-13T06:46:47.752+0000] {processor.py:840} INFO - DAG(s) 'example_python_operator' retrieved from /home/airflow/.local/lib/python3.8/site-packages/airflow/example_dags/example_python_operator.py
[2025-11-13T06:46:47.804+0000] {logging_mixin.py:188} INFO - [2025-11-13T06:46:47.804+0000] {dag.py:3036} INFO - Sync 1 DAGs
[2025-11-13T06:46:47.836+0000] {logging_mixin.py:188} INFO - [2025-11-13T06:46:47.836+0000] {dag.py:3823} INFO - Setting next_dagrun for example_python_operator to None, run_after=None
[2025-11-13T06:46:47.870+0000] {processor.py:183} INFO - Processing /home/airflow/.local/lib/python3.8/site-packages/airflow/example_dags/example_python_operator.py took 0.160 seconds
[2025-11-13T06:47:18.043+0000] {processor.py:161} INFO - Started process (PID=2657) to work on /home/airflow/.local/lib/python3.8/site-packages/airflow/example_dags/example_python_operator.py
[2025-11-13T06:47:18.044+0000] {processor.py:830} INFO - Processing file /home/airflow/.local/lib/python3.8/site-packages/airflow/example_dags/example_python_operator.py for tasks to queue
[2025-11-13T06:47:18.047+0000] {logging_mixin.py:188} INFO - [2025-11-13T06:47:18.047+0000] {dagbag.py:538} INFO - Filling up the DagBag from /home/airflow/.local/lib/python3.8/site-packages/airflow/example_dags/example_python_operator.py
[2025-11-13T06:47:18.065+0000] {processor.py:840} INFO - DAG(s) 'example_python_operator' retrieved from /home/airflow/.local/lib/python3.8/site-packages/airflow/example_dags/example_python_operator.py
[2025-11-13T06:47:18.099+0000] {logging_mixin.py:188} INFO - [2025-11-13T06:47:18.098+0000] {dag.py:3036} INFO - Sync 1 DAGs
[2025-11-13T06:47:18.116+0000] {logging_mixin.py:188} INFO - [2025-11-13T06:47:18.116+0000] {dag.py:3823} INFO - Setting next_dagrun for example_python_operator to None, run_after=None
[2025-11-13T06:47:18.152+0000] {processor.py:183} INFO - Processing /home/airflow/.local/lib/python3.8/site-packages/airflow/example_dags/example_python_operator.py took 0.114 seconds
[2025-11-13T06:47:50.768+0000] {processor.py:161} INFO - Started process (PID=2720) to work on /home/airflow/.local/lib/python3.8/site-packages/airflow/example_dags/example_python_operator.py
[2025-11-13T06:47:50.777+0000] {processor.py:830} INFO - Processing file /home/airflow/.local/lib/python3.8/site-packages/airflow/example_dags/example_python_operator.py for tasks to queue
[2025-11-13T06:47:50.783+0000] {logging_mixin.py:188} INFO - [2025-11-13T06:47:50.782+0000] {dagbag.py:538} INFO - Filling up the DagBag from /home/airflow/.local/lib/python3.8/site-packages/airflow/example_dags/example_python_operator.py
[2025-11-13T06:47:50.824+0000] {processor.py:840} INFO - DAG(s) 'example_python_operator' retrieved from /home/airflow/.local/lib/python3.8/site-packages/airflow/example_dags/example_python_operator.py
[2025-11-13T06:47:50.915+0000] {logging_mixin.py:188} INFO - [2025-11-13T06:47:50.915+0000] {dag.py:3036} INFO - Sync 1 DAGs
[2025-11-13T06:47:50.981+0000] {logging_mixin.py:188} INFO - [2025-11-13T06:47:50.980+0000] {dag.py:3823} INFO - Setting next_dagrun for example_python_operator to None, run_after=None
[2025-11-13T06:47:51.417+0000] {processor.py:183} INFO - Processing /home/airflow/.local/lib/python3.8/site-packages/airflow/example_dags/example_python_operator.py took 0.659 seconds
[2025-11-13T06:48:21.867+0000] {processor.py:161} INFO - Started process (PID=2782) to work on /home/airflow/.local/lib/python3.8/site-packages/airflow/example_dags/example_python_operator.py
[2025-11-13T06:48:21.871+0000] {processor.py:830} INFO - Processing file /home/airflow/.local/lib/python3.8/site-packages/airflow/example_dags/example_python_operator.py for tasks to queue
[2025-11-13T06:48:21.880+0000] {logging_mixin.py:188} INFO - [2025-11-13T06:48:21.879+0000] {dagbag.py:538} INFO - Filling up the DagBag from /home/airflow/.local/lib/python3.8/site-packages/airflow/example_dags/example_python_operator.py
[2025-11-13T06:48:21.923+0000] {processor.py:840} INFO - DAG(s) 'example_python_operator' retrieved from /home/airflow/.local/lib/python3.8/site-packages/airflow/example_dags/example_python_operator.py
[2025-11-13T06:48:22.035+0000] {logging_mixin.py:188} INFO - [2025-11-13T06:48:22.034+0000] {dag.py:3036} INFO - Sync 1 DAGs
[2025-11-13T06:48:22.100+0000] {logging_mixin.py:188} INFO - [2025-11-13T06:48:22.099+0000] {dag.py:3823} INFO - Setting next_dagrun for example_python_operator to None, run_after=None
[2025-11-13T06:48:22.180+0000] {processor.py:183} INFO - Processing /home/airflow/.local/lib/python3.8/site-packages/airflow/example_dags/example_python_operator.py took 0.331 seconds
[2025-11-13T06:48:52.824+0000] {processor.py:161} INFO - Started process (PID=2844) to work on /home/airflow/.local/lib/python3.8/site-packages/airflow/example_dags/example_python_operator.py
[2025-11-13T06:48:52.830+0000] {processor.py:830} INFO - Processing file /home/airflow/.local/lib/python3.8/site-packages/airflow/example_dags/example_python_operator.py for tasks to queue
[2025-11-13T06:48:52.836+0000] {logging_mixin.py:188} INFO - [2025-11-13T06:48:52.835+0000] {dagbag.py:538} INFO - Filling up the DagBag from /home/airflow/.local/lib/python3.8/site-packages/airflow/example_dags/example_python_operator.py
[2025-11-13T06:48:52.880+0000] {processor.py:840} INFO - DAG(s) 'example_python_operator' retrieved from /home/airflow/.local/lib/python3.8/site-packages/airflow/example_dags/example_python_operator.py
[2025-11-13T06:48:52.962+0000] {logging_mixin.py:188} INFO - [2025-11-13T06:48:52.961+0000] {dag.py:3036} INFO - Sync 1 DAGs
[2025-11-13T06:48:53.034+0000] {logging_mixin.py:188} INFO - [2025-11-13T06:48:53.033+0000] {dag.py:3823} INFO - Setting next_dagrun for example_python_operator to None, run_after=None
[2025-11-13T06:48:53.159+0000] {processor.py:183} INFO - Processing /home/airflow/.local/lib/python3.8/site-packages/airflow/example_dags/example_python_operator.py took 0.348 seconds
[2025-11-13T06:49:23.438+0000] {processor.py:161} INFO - Started process (PID=2906) to work on /home/airflow/.local/lib/python3.8/site-packages/airflow/example_dags/example_python_operator.py
[2025-11-13T06:49:23.443+0000] {processor.py:830} INFO - Processing file /home/airflow/.local/lib/python3.8/site-packages/airflow/example_dags/example_python_operator.py for tasks to queue
[2025-11-13T06:49:23.446+0000] {logging_mixin.py:188} INFO - [2025-11-13T06:49:23.446+0000] {dagbag.py:538} INFO - Filling up the DagBag from /home/airflow/.local/lib/python3.8/site-packages/airflow/example_dags/example_python_operator.py
[2025-11-13T06:49:23.466+0000] {processor.py:840} INFO - DAG(s) 'example_python_operator' retrieved from /home/airflow/.local/lib/python3.8/site-packages/airflow/example_dags/example_python_operator.py
[2025-11-13T06:49:23.512+0000] {logging_mixin.py:188} INFO - [2025-11-13T06:49:23.511+0000] {dag.py:3036} INFO - Sync 1 DAGs
[2025-11-13T06:49:23.535+0000] {logging_mixin.py:188} INFO - [2025-11-13T06:49:23.534+0000] {dag.py:3823} INFO - Setting next_dagrun for example_python_operator to None, run_after=None
[2025-11-13T06:49:23.575+0000] {processor.py:183} INFO - Processing /home/airflow/.local/lib/python3.8/site-packages/airflow/example_dags/example_python_operator.py took 0.143 seconds
[2025-11-13T06:49:54.016+0000] {processor.py:161} INFO - Started process (PID=2968) to work on /home/airflow/.local/lib/python3.8/site-packages/airflow/example_dags/example_python_operator.py
[2025-11-13T06:49:54.018+0000] {processor.py:830} INFO - Processing file /home/airflow/.local/lib/python3.8/site-packages/airflow/example_dags/example_python_operator.py for tasks to queue
[2025-11-13T06:49:54.022+0000] {logging_mixin.py:188} INFO - [2025-11-13T06:49:54.021+0000] {dagbag.py:538} INFO - Filling up the DagBag from /home/airflow/.local/lib/python3.8/site-packages/airflow/example_dags/example_python_operator.py
[2025-11-13T06:49:54.046+0000] {processor.py:840} INFO - DAG(s) 'example_python_operator' retrieved from /home/airflow/.local/lib/python3.8/site-packages/airflow/example_dags/example_python_operator.py
[2025-11-13T06:49:54.094+0000] {logging_mixin.py:188} INFO - [2025-11-13T06:49:54.094+0000] {dag.py:3036} INFO - Sync 1 DAGs
[2025-11-13T06:49:54.120+0000] {logging_mixin.py:188} INFO - [2025-11-13T06:49:54.120+0000] {dag.py:3823} INFO - Setting next_dagrun for example_python_operator to None, run_after=None
[2025-11-13T06:49:54.177+0000] {processor.py:183} INFO - Processing /home/airflow/.local/lib/python3.8/site-packages/airflow/example_dags/example_python_operator.py took 0.172 seconds
[2025-11-13T06:50:27.422+0000] {processor.py:161} INFO - Started process (PID=3031) to work on /home/airflow/.local/lib/python3.8/site-packages/airflow/example_dags/example_python_operator.py
[2025-11-13T06:50:27.434+0000] {processor.py:830} INFO - Processing file /home/airflow/.local/lib/python3.8/site-packages/airflow/example_dags/example_python_operator.py for tasks to queue
[2025-11-13T06:50:27.453+0000] {logging_mixin.py:188} INFO - [2025-11-13T06:50:27.443+0000] {dagbag.py:538} INFO - Filling up the DagBag from /home/airflow/.local/lib/python3.8/site-packages/airflow/example_dags/example_python_operator.py
[2025-11-13T06:50:27.537+0000] {processor.py:840} INFO - DAG(s) 'example_python_operator' retrieved from /home/airflow/.local/lib/python3.8/site-packages/airflow/example_dags/example_python_operator.py
[2025-11-13T06:50:27.749+0000] {logging_mixin.py:188} INFO - [2025-11-13T06:50:27.749+0000] {dag.py:3036} INFO - Sync 1 DAGs
[2025-11-13T06:50:28.690+0000] {logging_mixin.py:188} INFO - [2025-11-13T06:50:28.685+0000] {dag.py:3823} INFO - Setting next_dagrun for example_python_operator to None, run_after=None
[2025-11-13T06:50:28.835+0000] {processor.py:183} INFO - Processing /home/airflow/.local/lib/python3.8/site-packages/airflow/example_dags/example_python_operator.py took 1.458 seconds
[2025-11-13T06:50:59.336+0000] {processor.py:161} INFO - Started process (PID=3094) to work on /home/airflow/.local/lib/python3.8/site-packages/airflow/example_dags/example_python_operator.py
[2025-11-13T06:50:59.338+0000] {processor.py:830} INFO - Processing file /home/airflow/.local/lib/python3.8/site-packages/airflow/example_dags/example_python_operator.py for tasks to queue
[2025-11-13T06:50:59.340+0000] {logging_mixin.py:188} INFO - [2025-11-13T06:50:59.340+0000] {dagbag.py:538} INFO - Filling up the DagBag from /home/airflow/.local/lib/python3.8/site-packages/airflow/example_dags/example_python_operator.py
[2025-11-13T06:50:59.353+0000] {processor.py:840} INFO - DAG(s) 'example_python_operator' retrieved from /home/airflow/.local/lib/python3.8/site-packages/airflow/example_dags/example_python_operator.py
[2025-11-13T06:50:59.383+0000] {logging_mixin.py:188} INFO - [2025-11-13T06:50:59.383+0000] {dag.py:3036} INFO - Sync 1 DAGs
[2025-11-13T06:50:59.397+0000] {logging_mixin.py:188} INFO - [2025-11-13T06:50:59.397+0000] {dag.py:3823} INFO - Setting next_dagrun for example_python_operator to None, run_after=None
[2025-11-13T06:50:59.425+0000] {processor.py:183} INFO - Processing /home/airflow/.local/lib/python3.8/site-packages/airflow/example_dags/example_python_operator.py took 0.094 seconds
[2025-11-13T06:51:29.869+0000] {processor.py:161} INFO - Started process (PID=3156) to work on /home/airflow/.local/lib/python3.8/site-packages/airflow/example_dags/example_python_operator.py
[2025-11-13T06:51:29.872+0000] {processor.py:830} INFO - Processing file /home/airflow/.local/lib/python3.8/site-packages/airflow/example_dags/example_python_operator.py for tasks to queue
[2025-11-13T06:51:29.877+0000] {logging_mixin.py:188} INFO - [2025-11-13T06:51:29.876+0000] {dagbag.py:538} INFO - Filling up the DagBag from /home/airflow/.local/lib/python3.8/site-packages/airflow/example_dags/example_python_operator.py
[2025-11-13T06:51:29.906+0000] {processor.py:840} INFO - DAG(s) 'example_python_operator' retrieved from /home/airflow/.local/lib/python3.8/site-packages/airflow/example_dags/example_python_operator.py
[2025-11-13T06:51:29.985+0000] {logging_mixin.py:188} INFO - [2025-11-13T06:51:29.984+0000] {dag.py:3036} INFO - Sync 1 DAGs
[2025-11-13T06:51:30.017+0000] {logging_mixin.py:188} INFO - [2025-11-13T06:51:30.016+0000] {dag.py:3823} INFO - Setting next_dagrun for example_python_operator to None, run_after=None
[2025-11-13T06:51:30.062+0000] {processor.py:183} INFO - Processing /home/airflow/.local/lib/python3.8/site-packages/airflow/example_dags/example_python_operator.py took 0.206 seconds
[2025-11-13T06:52:00.679+0000] {processor.py:161} INFO - Started process (PID=3218) to work on /home/airflow/.local/lib/python3.8/site-packages/airflow/example_dags/example_python_operator.py
[2025-11-13T06:52:00.681+0000] {processor.py:830} INFO - Processing file /home/airflow/.local/lib/python3.8/site-packages/airflow/example_dags/example_python_operator.py for tasks to queue
[2025-11-13T06:52:00.684+0000] {logging_mixin.py:188} INFO - [2025-11-13T06:52:00.683+0000] {dagbag.py:538} INFO - Filling up the DagBag from /home/airflow/.local/lib/python3.8/site-packages/airflow/example_dags/example_python_operator.py
[2025-11-13T06:52:00.699+0000] {processor.py:840} INFO - DAG(s) 'example_python_operator' retrieved from /home/airflow/.local/lib/python3.8/site-packages/airflow/example_dags/example_python_operator.py
[2025-11-13T06:52:00.896+0000] {logging_mixin.py:188} INFO - [2025-11-13T06:52:00.896+0000] {dag.py:3036} INFO - Sync 1 DAGs
[2025-11-13T06:52:00.914+0000] {logging_mixin.py:188} INFO - [2025-11-13T06:52:00.913+0000] {dag.py:3823} INFO - Setting next_dagrun for example_python_operator to None, run_after=None
[2025-11-13T06:52:00.958+0000] {processor.py:183} INFO - Processing /home/airflow/.local/lib/python3.8/site-packages/airflow/example_dags/example_python_operator.py took 0.285 seconds
[2025-11-13T06:52:31.177+0000] {processor.py:161} INFO - Started process (PID=3280) to work on /home/airflow/.local/lib/python3.8/site-packages/airflow/example_dags/example_python_operator.py
[2025-11-13T06:52:31.179+0000] {processor.py:830} INFO - Processing file /home/airflow/.local/lib/python3.8/site-packages/airflow/example_dags/example_python_operator.py for tasks to queue
[2025-11-13T06:52:31.184+0000] {logging_mixin.py:188} INFO - [2025-11-13T06:52:31.183+0000] {dagbag.py:538} INFO - Filling up the DagBag from /home/airflow/.local/lib/python3.8/site-packages/airflow/example_dags/example_python_operator.py
[2025-11-13T06:52:31.207+0000] {processor.py:840} INFO - DAG(s) 'example_python_operator' retrieved from /home/airflow/.local/lib/python3.8/site-packages/airflow/example_dags/example_python_operator.py
[2025-11-13T06:52:31.247+0000] {logging_mixin.py:188} INFO - [2025-11-13T06:52:31.247+0000] {dag.py:3036} INFO - Sync 1 DAGs
[2025-11-13T06:52:31.269+0000] {logging_mixin.py:188} INFO - [2025-11-13T06:52:31.268+0000] {dag.py:3823} INFO - Setting next_dagrun for example_python_operator to None, run_after=None
[2025-11-13T06:52:31.313+0000] {processor.py:183} INFO - Processing /home/airflow/.local/lib/python3.8/site-packages/airflow/example_dags/example_python_operator.py took 0.145 seconds
[2025-11-13T06:53:01.532+0000] {processor.py:161} INFO - Started process (PID=3342) to work on /home/airflow/.local/lib/python3.8/site-packages/airflow/example_dags/example_python_operator.py
[2025-11-13T06:53:01.534+0000] {processor.py:830} INFO - Processing file /home/airflow/.local/lib/python3.8/site-packages/airflow/example_dags/example_python_operator.py for tasks to queue
[2025-11-13T06:53:01.539+0000] {logging_mixin.py:188} INFO - [2025-11-13T06:53:01.538+0000] {dagbag.py:538} INFO - Filling up the DagBag from /home/airflow/.local/lib/python3.8/site-packages/airflow/example_dags/example_python_operator.py
[2025-11-13T06:53:01.561+0000] {processor.py:840} INFO - DAG(s) 'example_python_operator' retrieved from /home/airflow/.local/lib/python3.8/site-packages/airflow/example_dags/example_python_operator.py
[2025-11-13T06:53:01.605+0000] {logging_mixin.py:188} INFO - [2025-11-13T06:53:01.604+0000] {dag.py:3036} INFO - Sync 1 DAGs
[2025-11-13T06:53:01.629+0000] {logging_mixin.py:188} INFO - [2025-11-13T06:53:01.629+0000] {dag.py:3823} INFO - Setting next_dagrun for example_python_operator to None, run_after=None
[2025-11-13T06:53:01.667+0000] {processor.py:183} INFO - Processing /home/airflow/.local/lib/python3.8/site-packages/airflow/example_dags/example_python_operator.py took 0.144 seconds
[2025-11-13T06:53:31.811+0000] {processor.py:161} INFO - Started process (PID=3404) to work on /home/airflow/.local/lib/python3.8/site-packages/airflow/example_dags/example_python_operator.py
[2025-11-13T06:53:31.816+0000] {processor.py:830} INFO - Processing file /home/airflow/.local/lib/python3.8/site-packages/airflow/example_dags/example_python_operator.py for tasks to queue
[2025-11-13T06:53:31.822+0000] {logging_mixin.py:188} INFO - [2025-11-13T06:53:31.822+0000] {dagbag.py:538} INFO - Filling up the DagBag from /home/airflow/.local/lib/python3.8/site-packages/airflow/example_dags/example_python_operator.py
[2025-11-13T06:53:31.843+0000] {processor.py:840} INFO - DAG(s) 'example_python_operator' retrieved from /home/airflow/.local/lib/python3.8/site-packages/airflow/example_dags/example_python_operator.py
[2025-11-13T06:53:31.897+0000] {logging_mixin.py:188} INFO - [2025-11-13T06:53:31.897+0000] {dag.py:3036} INFO - Sync 1 DAGs
[2025-11-13T06:53:31.933+0000] {logging_mixin.py:188} INFO - [2025-11-13T06:53:31.933+0000] {dag.py:3823} INFO - Setting next_dagrun for example_python_operator to None, run_after=None
[2025-11-13T06:53:32.009+0000] {processor.py:183} INFO - Processing /home/airflow/.local/lib/python3.8/site-packages/airflow/example_dags/example_python_operator.py took 0.212 seconds
[2025-11-13T06:54:02.216+0000] {processor.py:161} INFO - Started process (PID=3466) to work on /home/airflow/.local/lib/python3.8/site-packages/airflow/example_dags/example_python_operator.py
[2025-11-13T06:54:02.217+0000] {processor.py:830} INFO - Processing file /home/airflow/.local/lib/python3.8/site-packages/airflow/example_dags/example_python_operator.py for tasks to queue
[2025-11-13T06:54:02.220+0000] {logging_mixin.py:188} INFO - [2025-11-13T06:54:02.220+0000] {dagbag.py:538} INFO - Filling up the DagBag from /home/airflow/.local/lib/python3.8/site-packages/airflow/example_dags/example_python_operator.py
[2025-11-13T06:54:02.239+0000] {processor.py:840} INFO - DAG(s) 'example_python_operator' retrieved from /home/airflow/.local/lib/python3.8/site-packages/airflow/example_dags/example_python_operator.py
[2025-11-13T06:54:02.270+0000] {logging_mixin.py:188} INFO - [2025-11-13T06:54:02.270+0000] {dag.py:3036} INFO - Sync 1 DAGs
[2025-11-13T06:54:02.290+0000] {logging_mixin.py:188} INFO - [2025-11-13T06:54:02.290+0000] {dag.py:3823} INFO - Setting next_dagrun for example_python_operator to None, run_after=None
[2025-11-13T06:54:02.325+0000] {processor.py:183} INFO - Processing /home/airflow/.local/lib/python3.8/site-packages/airflow/example_dags/example_python_operator.py took 0.113 seconds
[2025-11-13T06:54:32.856+0000] {processor.py:161} INFO - Started process (PID=3528) to work on /home/airflow/.local/lib/python3.8/site-packages/airflow/example_dags/example_python_operator.py
[2025-11-13T06:54:32.858+0000] {processor.py:830} INFO - Processing file /home/airflow/.local/lib/python3.8/site-packages/airflow/example_dags/example_python_operator.py for tasks to queue
[2025-11-13T06:54:32.861+0000] {logging_mixin.py:188} INFO - [2025-11-13T06:54:32.860+0000] {dagbag.py:538} INFO - Filling up the DagBag from /home/airflow/.local/lib/python3.8/site-packages/airflow/example_dags/example_python_operator.py
[2025-11-13T06:54:32.878+0000] {processor.py:840} INFO - DAG(s) 'example_python_operator' retrieved from /home/airflow/.local/lib/python3.8/site-packages/airflow/example_dags/example_python_operator.py
[2025-11-13T06:54:32.915+0000] {logging_mixin.py:188} INFO - [2025-11-13T06:54:32.914+0000] {dag.py:3036} INFO - Sync 1 DAGs
[2025-11-13T06:54:32.940+0000] {logging_mixin.py:188} INFO - [2025-11-13T06:54:32.939+0000] {dag.py:3823} INFO - Setting next_dagrun for example_python_operator to None, run_after=None
[2025-11-13T06:54:32.987+0000] {processor.py:183} INFO - Processing /home/airflow/.local/lib/python3.8/site-packages/airflow/example_dags/example_python_operator.py took 0.137 seconds
[2025-11-13T06:55:03.756+0000] {processor.py:161} INFO - Started process (PID=3590) to work on /home/airflow/.local/lib/python3.8/site-packages/airflow/example_dags/example_python_operator.py
[2025-11-13T06:55:03.759+0000] {processor.py:830} INFO - Processing file /home/airflow/.local/lib/python3.8/site-packages/airflow/example_dags/example_python_operator.py for tasks to queue
[2025-11-13T06:55:03.771+0000] {logging_mixin.py:188} INFO - [2025-11-13T06:55:03.770+0000] {dagbag.py:538} INFO - Filling up the DagBag from /home/airflow/.local/lib/python3.8/site-packages/airflow/example_dags/example_python_operator.py
[2025-11-13T06:55:03.811+0000] {processor.py:840} INFO - DAG(s) 'example_python_operator' retrieved from /home/airflow/.local/lib/python3.8/site-packages/airflow/example_dags/example_python_operator.py
[2025-11-13T06:55:03.873+0000] {logging_mixin.py:188} INFO - [2025-11-13T06:55:03.872+0000] {dag.py:3036} INFO - Sync 1 DAGs
[2025-11-13T06:55:03.931+0000] {logging_mixin.py:188} INFO - [2025-11-13T06:55:03.930+0000] {dag.py:3823} INFO - Setting next_dagrun for example_python_operator to None, run_after=None
[2025-11-13T06:55:03.987+0000] {processor.py:183} INFO - Processing /home/airflow/.local/lib/python3.8/site-packages/airflow/example_dags/example_python_operator.py took 0.244 seconds
[2025-11-13T06:55:34.758+0000] {processor.py:161} INFO - Started process (PID=3652) to work on /home/airflow/.local/lib/python3.8/site-packages/airflow/example_dags/example_python_operator.py
[2025-11-13T06:55:34.761+0000] {processor.py:830} INFO - Processing file /home/airflow/.local/lib/python3.8/site-packages/airflow/example_dags/example_python_operator.py for tasks to queue
[2025-11-13T06:55:34.774+0000] {logging_mixin.py:188} INFO - [2025-11-13T06:55:34.772+0000] {dagbag.py:538} INFO - Filling up the DagBag from /home/airflow/.local/lib/python3.8/site-packages/airflow/example_dags/example_python_operator.py
[2025-11-13T06:55:34.833+0000] {processor.py:840} INFO - DAG(s) 'example_python_operator' retrieved from /home/airflow/.local/lib/python3.8/site-packages/airflow/example_dags/example_python_operator.py
[2025-11-13T06:55:34.994+0000] {logging_mixin.py:188} INFO - [2025-11-13T06:55:34.991+0000] {dag.py:3036} INFO - Sync 1 DAGs
[2025-11-13T06:55:35.102+0000] {logging_mixin.py:188} INFO - [2025-11-13T06:55:35.101+0000] {dag.py:3823} INFO - Setting next_dagrun for example_python_operator to None, run_after=None
[2025-11-13T06:55:35.208+0000] {processor.py:183} INFO - Processing /home/airflow/.local/lib/python3.8/site-packages/airflow/example_dags/example_python_operator.py took 0.471 seconds
[2025-11-13T06:56:05.537+0000] {processor.py:161} INFO - Started process (PID=3720) to work on /home/airflow/.local/lib/python3.8/site-packages/airflow/example_dags/example_python_operator.py
[2025-11-13T06:56:05.541+0000] {processor.py:830} INFO - Processing file /home/airflow/.local/lib/python3.8/site-packages/airflow/example_dags/example_python_operator.py for tasks to queue
[2025-11-13T06:56:05.549+0000] {logging_mixin.py:188} INFO - [2025-11-13T06:56:05.548+0000] {dagbag.py:538} INFO - Filling up the DagBag from /home/airflow/.local/lib/python3.8/site-packages/airflow/example_dags/example_python_operator.py
[2025-11-13T06:56:05.578+0000] {processor.py:840} INFO - DAG(s) 'example_python_operator' retrieved from /home/airflow/.local/lib/python3.8/site-packages/airflow/example_dags/example_python_operator.py
[2025-11-13T06:56:05.652+0000] {logging_mixin.py:188} INFO - [2025-11-13T06:56:05.652+0000] {dag.py:3036} INFO - Sync 1 DAGs
[2025-11-13T06:56:05.689+0000] {logging_mixin.py:188} INFO - [2025-11-13T06:56:05.689+0000] {dag.py:3823} INFO - Setting next_dagrun for example_python_operator to None, run_after=None
[2025-11-13T06:56:05.754+0000] {processor.py:183} INFO - Processing /home/airflow/.local/lib/python3.8/site-packages/airflow/example_dags/example_python_operator.py took 0.236 seconds
[2025-11-13T06:56:36.631+0000] {processor.py:161} INFO - Started process (PID=3782) to work on /home/airflow/.local/lib/python3.8/site-packages/airflow/example_dags/example_python_operator.py
[2025-11-13T06:56:36.634+0000] {processor.py:830} INFO - Processing file /home/airflow/.local/lib/python3.8/site-packages/airflow/example_dags/example_python_operator.py for tasks to queue
[2025-11-13T06:56:36.640+0000] {logging_mixin.py:188} INFO - [2025-11-13T06:56:36.639+0000] {dagbag.py:538} INFO - Filling up the DagBag from /home/airflow/.local/lib/python3.8/site-packages/airflow/example_dags/example_python_operator.py
[2025-11-13T06:56:36.676+0000] {processor.py:840} INFO - DAG(s) 'example_python_operator' retrieved from /home/airflow/.local/lib/python3.8/site-packages/airflow/example_dags/example_python_operator.py
[2025-11-13T06:56:36.753+0000] {logging_mixin.py:188} INFO - [2025-11-13T06:56:36.753+0000] {dag.py:3036} INFO - Sync 1 DAGs
[2025-11-13T06:56:36.798+0000] {logging_mixin.py:188} INFO - [2025-11-13T06:56:36.797+0000] {dag.py:3823} INFO - Setting next_dagrun for example_python_operator to None, run_after=None
[2025-11-13T06:56:36.884+0000] {processor.py:183} INFO - Processing /home/airflow/.local/lib/python3.8/site-packages/airflow/example_dags/example_python_operator.py took 0.266 seconds
[2025-11-13T06:57:07.577+0000] {processor.py:161} INFO - Started process (PID=3844) to work on /home/airflow/.local/lib/python3.8/site-packages/airflow/example_dags/example_python_operator.py
[2025-11-13T06:57:07.579+0000] {processor.py:830} INFO - Processing file /home/airflow/.local/lib/python3.8/site-packages/airflow/example_dags/example_python_operator.py for tasks to queue
[2025-11-13T06:57:07.583+0000] {logging_mixin.py:188} INFO - [2025-11-13T06:57:07.583+0000] {dagbag.py:538} INFO - Filling up the DagBag from /home/airflow/.local/lib/python3.8/site-packages/airflow/example_dags/example_python_operator.py
[2025-11-13T06:57:07.609+0000] {processor.py:840} INFO - DAG(s) 'example_python_operator' retrieved from /home/airflow/.local/lib/python3.8/site-packages/airflow/example_dags/example_python_operator.py
[2025-11-13T06:57:07.651+0000] {logging_mixin.py:188} INFO - [2025-11-13T06:57:07.651+0000] {dag.py:3036} INFO - Sync 1 DAGs
[2025-11-13T06:57:07.680+0000] {logging_mixin.py:188} INFO - [2025-11-13T06:57:07.679+0000] {dag.py:3823} INFO - Setting next_dagrun for example_python_operator to None, run_after=None
[2025-11-13T06:57:07.720+0000] {processor.py:183} INFO - Processing /home/airflow/.local/lib/python3.8/site-packages/airflow/example_dags/example_python_operator.py took 0.150 seconds
[2025-11-13T06:57:38.503+0000] {processor.py:161} INFO - Started process (PID=3906) to work on /home/airflow/.local/lib/python3.8/site-packages/airflow/example_dags/example_python_operator.py
[2025-11-13T06:57:38.507+0000] {processor.py:830} INFO - Processing file /home/airflow/.local/lib/python3.8/site-packages/airflow/example_dags/example_python_operator.py for tasks to queue
[2025-11-13T06:57:38.522+0000] {logging_mixin.py:188} INFO - [2025-11-13T06:57:38.521+0000] {dagbag.py:538} INFO - Filling up the DagBag from /home/airflow/.local/lib/python3.8/site-packages/airflow/example_dags/example_python_operator.py
[2025-11-13T06:57:38.610+0000] {processor.py:840} INFO - DAG(s) 'example_python_operator' retrieved from /home/airflow/.local/lib/python3.8/site-packages/airflow/example_dags/example_python_operator.py
[2025-11-13T06:57:38.753+0000] {logging_mixin.py:188} INFO - [2025-11-13T06:57:38.752+0000] {dag.py:3036} INFO - Sync 1 DAGs
[2025-11-13T06:57:38.845+0000] {logging_mixin.py:188} INFO - [2025-11-13T06:57:38.844+0000] {dag.py:3823} INFO - Setting next_dagrun for example_python_operator to None, run_after=None
[2025-11-13T06:57:38.992+0000] {processor.py:183} INFO - Processing /home/airflow/.local/lib/python3.8/site-packages/airflow/example_dags/example_python_operator.py took 0.507 seconds
[2025-11-13T06:58:09.153+0000] {processor.py:161} INFO - Started process (PID=3969) to work on /home/airflow/.local/lib/python3.8/site-packages/airflow/example_dags/example_python_operator.py
[2025-11-13T06:58:09.155+0000] {processor.py:830} INFO - Processing file /home/airflow/.local/lib/python3.8/site-packages/airflow/example_dags/example_python_operator.py for tasks to queue
[2025-11-13T06:58:09.159+0000] {logging_mixin.py:188} INFO - [2025-11-13T06:58:09.159+0000] {dagbag.py:538} INFO - Filling up the DagBag from /home/airflow/.local/lib/python3.8/site-packages/airflow/example_dags/example_python_operator.py
[2025-11-13T06:58:09.182+0000] {processor.py:840} INFO - DAG(s) 'example_python_operator' retrieved from /home/airflow/.local/lib/python3.8/site-packages/airflow/example_dags/example_python_operator.py
[2025-11-13T06:58:09.233+0000] {logging_mixin.py:188} INFO - [2025-11-13T06:58:09.232+0000] {dag.py:3036} INFO - Sync 1 DAGs
[2025-11-13T06:58:09.257+0000] {logging_mixin.py:188} INFO - [2025-11-13T06:58:09.257+0000] {dag.py:3823} INFO - Setting next_dagrun for example_python_operator to None, run_after=None
[2025-11-13T06:58:09.296+0000] {processor.py:183} INFO - Processing /home/airflow/.local/lib/python3.8/site-packages/airflow/example_dags/example_python_operator.py took 0.150 seconds
[2025-11-13T06:58:39.587+0000] {processor.py:161} INFO - Started process (PID=4032) to work on /home/airflow/.local/lib/python3.8/site-packages/airflow/example_dags/example_python_operator.py
[2025-11-13T06:58:39.589+0000] {processor.py:830} INFO - Processing file /home/airflow/.local/lib/python3.8/site-packages/airflow/example_dags/example_python_operator.py for tasks to queue
[2025-11-13T06:58:39.594+0000] {logging_mixin.py:188} INFO - [2025-11-13T06:58:39.593+0000] {dagbag.py:538} INFO - Filling up the DagBag from /home/airflow/.local/lib/python3.8/site-packages/airflow/example_dags/example_python_operator.py
[2025-11-13T06:58:39.621+0000] {processor.py:840} INFO - DAG(s) 'example_python_operator' retrieved from /home/airflow/.local/lib/python3.8/site-packages/airflow/example_dags/example_python_operator.py
[2025-11-13T06:58:39.675+0000] {logging_mixin.py:188} INFO - [2025-11-13T06:58:39.675+0000] {dag.py:3036} INFO - Sync 1 DAGs
[2025-11-13T06:58:39.708+0000] {logging_mixin.py:188} INFO - [2025-11-13T06:58:39.707+0000] {dag.py:3823} INFO - Setting next_dagrun for example_python_operator to None, run_after=None
[2025-11-13T06:58:39.765+0000] {processor.py:183} INFO - Processing /home/airflow/.local/lib/python3.8/site-packages/airflow/example_dags/example_python_operator.py took 0.187 seconds
[2025-11-13T06:59:10.526+0000] {processor.py:161} INFO - Started process (PID=4095) to work on /home/airflow/.local/lib/python3.8/site-packages/airflow/example_dags/example_python_operator.py
[2025-11-13T06:59:10.530+0000] {processor.py:830} INFO - Processing file /home/airflow/.local/lib/python3.8/site-packages/airflow/example_dags/example_python_operator.py for tasks to queue
[2025-11-13T06:59:10.537+0000] {logging_mixin.py:188} INFO - [2025-11-13T06:59:10.536+0000] {dagbag.py:538} INFO - Filling up the DagBag from /home/airflow/.local/lib/python3.8/site-packages/airflow/example_dags/example_python_operator.py
[2025-11-13T06:59:10.565+0000] {processor.py:840} INFO - DAG(s) 'example_python_operator' retrieved from /home/airflow/.local/lib/python3.8/site-packages/airflow/example_dags/example_python_operator.py
[2025-11-13T06:59:10.612+0000] {logging_mixin.py:188} INFO - [2025-11-13T06:59:10.612+0000] {dag.py:3036} INFO - Sync 1 DAGs
[2025-11-13T06:59:10.634+0000] {logging_mixin.py:188} INFO - [2025-11-13T06:59:10.634+0000] {dag.py:3823} INFO - Setting next_dagrun for example_python_operator to None, run_after=None
[2025-11-13T06:59:10.689+0000] {processor.py:183} INFO - Processing /home/airflow/.local/lib/python3.8/site-packages/airflow/example_dags/example_python_operator.py took 0.175 seconds
[2025-11-13T06:59:42.137+0000] {processor.py:161} INFO - Started process (PID=4158) to work on /home/airflow/.local/lib/python3.8/site-packages/airflow/example_dags/example_python_operator.py
[2025-11-13T06:59:42.150+0000] {processor.py:830} INFO - Processing file /home/airflow/.local/lib/python3.8/site-packages/airflow/example_dags/example_python_operator.py for tasks to queue
[2025-11-13T06:59:42.161+0000] {logging_mixin.py:188} INFO - [2025-11-13T06:59:42.156+0000] {dagbag.py:538} INFO - Filling up the DagBag from /home/airflow/.local/lib/python3.8/site-packages/airflow/example_dags/example_python_operator.py
[2025-11-13T06:59:42.226+0000] {processor.py:840} INFO - DAG(s) 'example_python_operator' retrieved from /home/airflow/.local/lib/python3.8/site-packages/airflow/example_dags/example_python_operator.py
[2025-11-13T06:59:42.380+0000] {logging_mixin.py:188} INFO - [2025-11-13T06:59:42.379+0000] {dag.py:3036} INFO - Sync 1 DAGs
[2025-11-13T06:59:42.500+0000] {logging_mixin.py:188} INFO - [2025-11-13T06:59:42.499+0000] {dag.py:3823} INFO - Setting next_dagrun for example_python_operator to None, run_after=None
[2025-11-13T06:59:42.708+0000] {processor.py:183} INFO - Processing /home/airflow/.local/lib/python3.8/site-packages/airflow/example_dags/example_python_operator.py took 0.589 seconds
[2025-11-13T07:00:13.056+0000] {processor.py:161} INFO - Started process (PID=4221) to work on /home/airflow/.local/lib/python3.8/site-packages/airflow/example_dags/example_python_operator.py
[2025-11-13T07:00:13.058+0000] {processor.py:830} INFO - Processing file /home/airflow/.local/lib/python3.8/site-packages/airflow/example_dags/example_python_operator.py for tasks to queue
[2025-11-13T07:00:13.063+0000] {logging_mixin.py:188} INFO - [2025-11-13T07:00:13.063+0000] {dagbag.py:538} INFO - Filling up the DagBag from /home/airflow/.local/lib/python3.8/site-packages/airflow/example_dags/example_python_operator.py
[2025-11-13T07:00:13.087+0000] {processor.py:840} INFO - DAG(s) 'example_python_operator' retrieved from /home/airflow/.local/lib/python3.8/site-packages/airflow/example_dags/example_python_operator.py
[2025-11-13T07:00:13.140+0000] {logging_mixin.py:188} INFO - [2025-11-13T07:00:13.140+0000] {dag.py:3036} INFO - Sync 1 DAGs
[2025-11-13T07:00:13.168+0000] {logging_mixin.py:188} INFO - [2025-11-13T07:00:13.168+0000] {dag.py:3823} INFO - Setting next_dagrun for example_python_operator to None, run_after=None
[2025-11-13T07:00:13.206+0000] {processor.py:183} INFO - Processing /home/airflow/.local/lib/python3.8/site-packages/airflow/example_dags/example_python_operator.py took 0.157 seconds
[2025-11-13T07:00:44.040+0000] {processor.py:161} INFO - Started process (PID=4284) to work on /home/airflow/.local/lib/python3.8/site-packages/airflow/example_dags/example_python_operator.py
[2025-11-13T07:00:44.044+0000] {processor.py:830} INFO - Processing file /home/airflow/.local/lib/python3.8/site-packages/airflow/example_dags/example_python_operator.py for tasks to queue
[2025-11-13T07:00:44.050+0000] {logging_mixin.py:188} INFO - [2025-11-13T07:00:44.049+0000] {dagbag.py:538} INFO - Filling up the DagBag from /home/airflow/.local/lib/python3.8/site-packages/airflow/example_dags/example_python_operator.py
[2025-11-13T07:00:44.077+0000] {processor.py:840} INFO - DAG(s) 'example_python_operator' retrieved from /home/airflow/.local/lib/python3.8/site-packages/airflow/example_dags/example_python_operator.py
[2025-11-13T07:00:44.143+0000] {logging_mixin.py:188} INFO - [2025-11-13T07:00:44.142+0000] {dag.py:3036} INFO - Sync 1 DAGs
[2025-11-13T07:00:44.180+0000] {logging_mixin.py:188} INFO - [2025-11-13T07:00:44.180+0000] {dag.py:3823} INFO - Setting next_dagrun for example_python_operator to None, run_after=None
[2025-11-13T07:00:44.232+0000] {processor.py:183} INFO - Processing /home/airflow/.local/lib/python3.8/site-packages/airflow/example_dags/example_python_operator.py took 0.204 seconds
[2025-11-13T07:01:14.549+0000] {processor.py:161} INFO - Started process (PID=4346) to work on /home/airflow/.local/lib/python3.8/site-packages/airflow/example_dags/example_python_operator.py
[2025-11-13T07:01:14.553+0000] {processor.py:830} INFO - Processing file /home/airflow/.local/lib/python3.8/site-packages/airflow/example_dags/example_python_operator.py for tasks to queue
[2025-11-13T07:01:14.562+0000] {logging_mixin.py:188} INFO - [2025-11-13T07:01:14.561+0000] {dagbag.py:538} INFO - Filling up the DagBag from /home/airflow/.local/lib/python3.8/site-packages/airflow/example_dags/example_python_operator.py
[2025-11-13T07:01:14.631+0000] {processor.py:840} INFO - DAG(s) 'example_python_operator' retrieved from /home/airflow/.local/lib/python3.8/site-packages/airflow/example_dags/example_python_operator.py
[2025-11-13T07:01:14.770+0000] {logging_mixin.py:188} INFO - [2025-11-13T07:01:14.769+0000] {dag.py:3036} INFO - Sync 1 DAGs
[2025-11-13T07:01:14.867+0000] {logging_mixin.py:188} INFO - [2025-11-13T07:01:14.867+0000] {dag.py:3823} INFO - Setting next_dagrun for example_python_operator to None, run_after=None
[2025-11-13T07:01:15.026+0000] {processor.py:183} INFO - Processing /home/airflow/.local/lib/python3.8/site-packages/airflow/example_dags/example_python_operator.py took 0.501 seconds
[2025-11-13T07:01:45.376+0000] {processor.py:161} INFO - Started process (PID=4409) to work on /home/airflow/.local/lib/python3.8/site-packages/airflow/example_dags/example_python_operator.py
[2025-11-13T07:01:45.380+0000] {processor.py:830} INFO - Processing file /home/airflow/.local/lib/python3.8/site-packages/airflow/example_dags/example_python_operator.py for tasks to queue
[2025-11-13T07:01:45.386+0000] {logging_mixin.py:188} INFO - [2025-11-13T07:01:45.385+0000] {dagbag.py:538} INFO - Filling up the DagBag from /home/airflow/.local/lib/python3.8/site-packages/airflow/example_dags/example_python_operator.py
[2025-11-13T07:01:45.409+0000] {processor.py:840} INFO - DAG(s) 'example_python_operator' retrieved from /home/airflow/.local/lib/python3.8/site-packages/airflow/example_dags/example_python_operator.py
[2025-11-13T07:01:45.502+0000] {logging_mixin.py:188} INFO - [2025-11-13T07:01:45.500+0000] {dag.py:3036} INFO - Sync 1 DAGs
[2025-11-13T07:01:45.552+0000] {logging_mixin.py:188} INFO - [2025-11-13T07:01:45.551+0000] {dag.py:3823} INFO - Setting next_dagrun for example_python_operator to None, run_after=None
[2025-11-13T07:01:45.634+0000] {processor.py:183} INFO - Processing /home/airflow/.local/lib/python3.8/site-packages/airflow/example_dags/example_python_operator.py took 0.264 seconds
[2025-11-13T07:02:16.399+0000] {processor.py:161} INFO - Started process (PID=4472) to work on /home/airflow/.local/lib/python3.8/site-packages/airflow/example_dags/example_python_operator.py
[2025-11-13T07:02:16.402+0000] {processor.py:830} INFO - Processing file /home/airflow/.local/lib/python3.8/site-packages/airflow/example_dags/example_python_operator.py for tasks to queue
[2025-11-13T07:02:16.409+0000] {logging_mixin.py:188} INFO - [2025-11-13T07:02:16.408+0000] {dagbag.py:538} INFO - Filling up the DagBag from /home/airflow/.local/lib/python3.8/site-packages/airflow/example_dags/example_python_operator.py
[2025-11-13T07:02:16.466+0000] {processor.py:840} INFO - DAG(s) 'example_python_operator' retrieved from /home/airflow/.local/lib/python3.8/site-packages/airflow/example_dags/example_python_operator.py
[2025-11-13T07:02:16.625+0000] {logging_mixin.py:188} INFO - [2025-11-13T07:02:16.618+0000] {dag.py:3036} INFO - Sync 1 DAGs
[2025-11-13T07:02:16.686+0000] {logging_mixin.py:188} INFO - [2025-11-13T07:02:16.686+0000] {dag.py:3823} INFO - Setting next_dagrun for example_python_operator to None, run_after=None
[2025-11-13T07:02:16.783+0000] {processor.py:183} INFO - Processing /home/airflow/.local/lib/python3.8/site-packages/airflow/example_dags/example_python_operator.py took 0.398 seconds
[2025-11-13T07:02:47.360+0000] {processor.py:161} INFO - Started process (PID=4535) to work on /home/airflow/.local/lib/python3.8/site-packages/airflow/example_dags/example_python_operator.py
[2025-11-13T07:02:47.362+0000] {processor.py:830} INFO - Processing file /home/airflow/.local/lib/python3.8/site-packages/airflow/example_dags/example_python_operator.py for tasks to queue
[2025-11-13T07:02:47.367+0000] {logging_mixin.py:188} INFO - [2025-11-13T07:02:47.366+0000] {dagbag.py:538} INFO - Filling up the DagBag from /home/airflow/.local/lib/python3.8/site-packages/airflow/example_dags/example_python_operator.py
[2025-11-13T07:02:47.395+0000] {processor.py:840} INFO - DAG(s) 'example_python_operator' retrieved from /home/airflow/.local/lib/python3.8/site-packages/airflow/example_dags/example_python_operator.py
[2025-11-13T07:02:47.453+0000] {logging_mixin.py:188} INFO - [2025-11-13T07:02:47.452+0000] {dag.py:3036} INFO - Sync 1 DAGs
[2025-11-13T07:02:47.491+0000] {logging_mixin.py:188} INFO - [2025-11-13T07:02:47.490+0000] {dag.py:3823} INFO - Setting next_dagrun for example_python_operator to None, run_after=None
[2025-11-13T07:02:47.544+0000] {processor.py:183} INFO - Processing /home/airflow/.local/lib/python3.8/site-packages/airflow/example_dags/example_python_operator.py took 0.194 seconds
[2025-11-13T07:03:18.022+0000] {processor.py:161} INFO - Started process (PID=4598) to work on /home/airflow/.local/lib/python3.8/site-packages/airflow/example_dags/example_python_operator.py
[2025-11-13T07:03:18.026+0000] {processor.py:830} INFO - Processing file /home/airflow/.local/lib/python3.8/site-packages/airflow/example_dags/example_python_operator.py for tasks to queue
[2025-11-13T07:03:18.060+0000] {logging_mixin.py:188} INFO - [2025-11-13T07:03:18.059+0000] {dagbag.py:538} INFO - Filling up the DagBag from /home/airflow/.local/lib/python3.8/site-packages/airflow/example_dags/example_python_operator.py
[2025-11-13T07:03:18.126+0000] {processor.py:840} INFO - DAG(s) 'example_python_operator' retrieved from /home/airflow/.local/lib/python3.8/site-packages/airflow/example_dags/example_python_operator.py
[2025-11-13T07:03:18.238+0000] {logging_mixin.py:188} INFO - [2025-11-13T07:03:18.237+0000] {dag.py:3036} INFO - Sync 1 DAGs
[2025-11-13T07:03:18.309+0000] {logging_mixin.py:188} INFO - [2025-11-13T07:03:18.308+0000] {dag.py:3823} INFO - Setting next_dagrun for example_python_operator to None, run_after=None
[2025-11-13T07:03:18.395+0000] {processor.py:183} INFO - Processing /home/airflow/.local/lib/python3.8/site-packages/airflow/example_dags/example_python_operator.py took 0.408 seconds
[2025-11-13T07:03:49.067+0000] {processor.py:161} INFO - Started process (PID=4660) to work on /home/airflow/.local/lib/python3.8/site-packages/airflow/example_dags/example_python_operator.py
[2025-11-13T07:03:49.090+0000] {processor.py:830} INFO - Processing file /home/airflow/.local/lib/python3.8/site-packages/airflow/example_dags/example_python_operator.py for tasks to queue
[2025-11-13T07:03:49.104+0000] {logging_mixin.py:188} INFO - [2025-11-13T07:03:49.103+0000] {dagbag.py:538} INFO - Filling up the DagBag from /home/airflow/.local/lib/python3.8/site-packages/airflow/example_dags/example_python_operator.py
[2025-11-13T07:03:49.197+0000] {processor.py:840} INFO - DAG(s) 'example_python_operator' retrieved from /home/airflow/.local/lib/python3.8/site-packages/airflow/example_dags/example_python_operator.py
[2025-11-13T07:03:49.357+0000] {logging_mixin.py:188} INFO - [2025-11-13T07:03:49.357+0000] {dag.py:3036} INFO - Sync 1 DAGs
[2025-11-13T07:03:49.456+0000] {logging_mixin.py:188} INFO - [2025-11-13T07:03:49.444+0000] {dag.py:3823} INFO - Setting next_dagrun for example_python_operator to None, run_after=None
[2025-11-13T07:03:49.623+0000] {processor.py:183} INFO - Processing /home/airflow/.local/lib/python3.8/site-packages/airflow/example_dags/example_python_operator.py took 0.577 seconds
