[2025-11-13T06:26:13.663+0000] {processor.py:161} INFO - Started process (PID=86) to work on /home/airflow/.local/lib/python3.8/site-packages/airflow/example_dags/example_task_group.py
[2025-11-13T06:26:13.668+0000] {processor.py:830} INFO - Processing file /home/airflow/.local/lib/python3.8/site-packages/airflow/example_dags/example_task_group.py for tasks to queue
[2025-11-13T06:26:13.700+0000] {logging_mixin.py:188} INFO - [2025-11-13T06:26:13.695+0000] {dagbag.py:538} INFO - Filling up the DagBag from /home/airflow/.local/lib/python3.8/site-packages/airflow/example_dags/example_task_group.py
[2025-11-13T06:26:13.809+0000] {processor.py:840} INFO - DAG(s) 'example_task_group' retrieved from /home/airflow/.local/lib/python3.8/site-packages/airflow/example_dags/example_task_group.py
[2025-11-13T06:26:13.882+0000] {logging_mixin.py:188} INFO - [2025-11-13T06:26:13.881+0000] {dag.py:3036} INFO - Sync 1 DAGs
[2025-11-13T06:26:14.156+0000] {logging_mixin.py:188} INFO - [2025-11-13T06:26:14.155+0000] {dag.py:3823} INFO - Setting next_dagrun for example_task_group to 2025-11-12 00:00:00+00:00, run_after=2025-11-13 00:00:00+00:00
[2025-11-13T06:26:14.289+0000] {processor.py:183} INFO - Processing /home/airflow/.local/lib/python3.8/site-packages/airflow/example_dags/example_task_group.py took 0.685 seconds
[2025-11-13T06:26:44.576+0000] {processor.py:161} INFO - Started process (PID=148) to work on /home/airflow/.local/lib/python3.8/site-packages/airflow/example_dags/example_task_group.py
[2025-11-13T06:26:44.578+0000] {processor.py:830} INFO - Processing file /home/airflow/.local/lib/python3.8/site-packages/airflow/example_dags/example_task_group.py for tasks to queue
[2025-11-13T06:26:44.580+0000] {logging_mixin.py:188} INFO - [2025-11-13T06:26:44.580+0000] {dagbag.py:538} INFO - Filling up the DagBag from /home/airflow/.local/lib/python3.8/site-packages/airflow/example_dags/example_task_group.py
[2025-11-13T06:26:44.589+0000] {processor.py:840} INFO - DAG(s) 'example_task_group' retrieved from /home/airflow/.local/lib/python3.8/site-packages/airflow/example_dags/example_task_group.py
[2025-11-13T06:26:44.720+0000] {logging_mixin.py:188} INFO - [2025-11-13T06:26:44.719+0000] {dag.py:3036} INFO - Sync 1 DAGs
[2025-11-13T06:26:44.743+0000] {logging_mixin.py:188} INFO - [2025-11-13T06:26:44.743+0000] {dag.py:3823} INFO - Setting next_dagrun for example_task_group to 2025-11-12 00:00:00+00:00, run_after=2025-11-13 00:00:00+00:00
[2025-11-13T06:26:44.769+0000] {processor.py:183} INFO - Processing /home/airflow/.local/lib/python3.8/site-packages/airflow/example_dags/example_task_group.py took 0.197 seconds
[2025-11-13T06:27:14.991+0000] {processor.py:161} INFO - Started process (PID=210) to work on /home/airflow/.local/lib/python3.8/site-packages/airflow/example_dags/example_task_group.py
[2025-11-13T06:27:14.993+0000] {processor.py:830} INFO - Processing file /home/airflow/.local/lib/python3.8/site-packages/airflow/example_dags/example_task_group.py for tasks to queue
[2025-11-13T06:27:14.997+0000] {logging_mixin.py:188} INFO - [2025-11-13T06:27:14.996+0000] {dagbag.py:538} INFO - Filling up the DagBag from /home/airflow/.local/lib/python3.8/site-packages/airflow/example_dags/example_task_group.py
[2025-11-13T06:27:15.017+0000] {processor.py:840} INFO - DAG(s) 'example_task_group' retrieved from /home/airflow/.local/lib/python3.8/site-packages/airflow/example_dags/example_task_group.py
[2025-11-13T06:27:15.075+0000] {logging_mixin.py:188} INFO - [2025-11-13T06:27:15.075+0000] {dag.py:3036} INFO - Sync 1 DAGs
[2025-11-13T06:27:15.128+0000] {logging_mixin.py:188} INFO - [2025-11-13T06:27:15.128+0000] {dag.py:3823} INFO - Setting next_dagrun for example_task_group to 2025-11-12 00:00:00+00:00, run_after=2025-11-13 00:00:00+00:00
[2025-11-13T06:27:15.192+0000] {processor.py:183} INFO - Processing /home/airflow/.local/lib/python3.8/site-packages/airflow/example_dags/example_task_group.py took 0.211 seconds
[2025-11-13T06:27:45.953+0000] {processor.py:161} INFO - Started process (PID=272) to work on /home/airflow/.local/lib/python3.8/site-packages/airflow/example_dags/example_task_group.py
[2025-11-13T06:27:45.955+0000] {processor.py:830} INFO - Processing file /home/airflow/.local/lib/python3.8/site-packages/airflow/example_dags/example_task_group.py for tasks to queue
[2025-11-13T06:27:45.958+0000] {logging_mixin.py:188} INFO - [2025-11-13T06:27:45.958+0000] {dagbag.py:538} INFO - Filling up the DagBag from /home/airflow/.local/lib/python3.8/site-packages/airflow/example_dags/example_task_group.py
[2025-11-13T06:27:45.970+0000] {processor.py:840} INFO - DAG(s) 'example_task_group' retrieved from /home/airflow/.local/lib/python3.8/site-packages/airflow/example_dags/example_task_group.py
[2025-11-13T06:27:46.023+0000] {logging_mixin.py:188} INFO - [2025-11-13T06:27:46.022+0000] {dag.py:3036} INFO - Sync 1 DAGs
[2025-11-13T06:27:46.066+0000] {logging_mixin.py:188} INFO - [2025-11-13T06:27:46.065+0000] {dag.py:3823} INFO - Setting next_dagrun for example_task_group to 2025-11-12 00:00:00+00:00, run_after=2025-11-13 00:00:00+00:00
[2025-11-13T06:27:46.107+0000] {processor.py:183} INFO - Processing /home/airflow/.local/lib/python3.8/site-packages/airflow/example_dags/example_task_group.py took 0.159 seconds
[2025-11-13T06:28:16.322+0000] {processor.py:161} INFO - Started process (PID=334) to work on /home/airflow/.local/lib/python3.8/site-packages/airflow/example_dags/example_task_group.py
[2025-11-13T06:28:16.324+0000] {processor.py:830} INFO - Processing file /home/airflow/.local/lib/python3.8/site-packages/airflow/example_dags/example_task_group.py for tasks to queue
[2025-11-13T06:28:16.327+0000] {logging_mixin.py:188} INFO - [2025-11-13T06:28:16.326+0000] {dagbag.py:538} INFO - Filling up the DagBag from /home/airflow/.local/lib/python3.8/site-packages/airflow/example_dags/example_task_group.py
[2025-11-13T06:28:16.335+0000] {processor.py:840} INFO - DAG(s) 'example_task_group' retrieved from /home/airflow/.local/lib/python3.8/site-packages/airflow/example_dags/example_task_group.py
[2025-11-13T06:28:16.363+0000] {logging_mixin.py:188} INFO - [2025-11-13T06:28:16.363+0000] {dag.py:3036} INFO - Sync 1 DAGs
[2025-11-13T06:28:16.387+0000] {logging_mixin.py:188} INFO - [2025-11-13T06:28:16.387+0000] {dag.py:3823} INFO - Setting next_dagrun for example_task_group to 2025-11-12 00:00:00+00:00, run_after=2025-11-13 00:00:00+00:00
[2025-11-13T06:28:16.415+0000] {processor.py:183} INFO - Processing /home/airflow/.local/lib/python3.8/site-packages/airflow/example_dags/example_task_group.py took 0.097 seconds
[2025-11-13T06:28:46.563+0000] {processor.py:161} INFO - Started process (PID=397) to work on /home/airflow/.local/lib/python3.8/site-packages/airflow/example_dags/example_task_group.py
[2025-11-13T06:28:46.565+0000] {processor.py:830} INFO - Processing file /home/airflow/.local/lib/python3.8/site-packages/airflow/example_dags/example_task_group.py for tasks to queue
[2025-11-13T06:28:46.567+0000] {logging_mixin.py:188} INFO - [2025-11-13T06:28:46.567+0000] {dagbag.py:538} INFO - Filling up the DagBag from /home/airflow/.local/lib/python3.8/site-packages/airflow/example_dags/example_task_group.py
[2025-11-13T06:28:46.577+0000] {processor.py:840} INFO - DAG(s) 'example_task_group' retrieved from /home/airflow/.local/lib/python3.8/site-packages/airflow/example_dags/example_task_group.py
[2025-11-13T06:28:46.607+0000] {logging_mixin.py:188} INFO - [2025-11-13T06:28:46.607+0000] {dag.py:3036} INFO - Sync 1 DAGs
[2025-11-13T06:28:46.639+0000] {logging_mixin.py:188} INFO - [2025-11-13T06:28:46.638+0000] {dag.py:3823} INFO - Setting next_dagrun for example_task_group to 2025-11-12 00:00:00+00:00, run_after=2025-11-13 00:00:00+00:00
[2025-11-13T06:28:46.668+0000] {processor.py:183} INFO - Processing /home/airflow/.local/lib/python3.8/site-packages/airflow/example_dags/example_task_group.py took 0.109 seconds
[2025-11-13T06:29:17.256+0000] {processor.py:161} INFO - Started process (PID=459) to work on /home/airflow/.local/lib/python3.8/site-packages/airflow/example_dags/example_task_group.py
[2025-11-13T06:29:17.258+0000] {processor.py:830} INFO - Processing file /home/airflow/.local/lib/python3.8/site-packages/airflow/example_dags/example_task_group.py for tasks to queue
[2025-11-13T06:29:17.260+0000] {logging_mixin.py:188} INFO - [2025-11-13T06:29:17.260+0000] {dagbag.py:538} INFO - Filling up the DagBag from /home/airflow/.local/lib/python3.8/site-packages/airflow/example_dags/example_task_group.py
[2025-11-13T06:29:17.268+0000] {processor.py:840} INFO - DAG(s) 'example_task_group' retrieved from /home/airflow/.local/lib/python3.8/site-packages/airflow/example_dags/example_task_group.py
[2025-11-13T06:29:17.297+0000] {logging_mixin.py:188} INFO - [2025-11-13T06:29:17.297+0000] {dag.py:3036} INFO - Sync 1 DAGs
[2025-11-13T06:29:17.325+0000] {logging_mixin.py:188} INFO - [2025-11-13T06:29:17.325+0000] {dag.py:3823} INFO - Setting next_dagrun for example_task_group to 2025-11-12 00:00:00+00:00, run_after=2025-11-13 00:00:00+00:00
[2025-11-13T06:29:17.359+0000] {processor.py:183} INFO - Processing /home/airflow/.local/lib/python3.8/site-packages/airflow/example_dags/example_task_group.py took 0.106 seconds
[2025-11-13T06:29:47.981+0000] {processor.py:161} INFO - Started process (PID=521) to work on /home/airflow/.local/lib/python3.8/site-packages/airflow/example_dags/example_task_group.py
[2025-11-13T06:29:47.992+0000] {processor.py:830} INFO - Processing file /home/airflow/.local/lib/python3.8/site-packages/airflow/example_dags/example_task_group.py for tasks to queue
[2025-11-13T06:29:47.998+0000] {logging_mixin.py:188} INFO - [2025-11-13T06:29:47.997+0000] {dagbag.py:538} INFO - Filling up the DagBag from /home/airflow/.local/lib/python3.8/site-packages/airflow/example_dags/example_task_group.py
[2025-11-13T06:29:48.020+0000] {processor.py:840} INFO - DAG(s) 'example_task_group' retrieved from /home/airflow/.local/lib/python3.8/site-packages/airflow/example_dags/example_task_group.py
[2025-11-13T06:29:48.116+0000] {logging_mixin.py:188} INFO - [2025-11-13T06:29:48.115+0000] {dag.py:3036} INFO - Sync 1 DAGs
[2025-11-13T06:29:48.198+0000] {logging_mixin.py:188} INFO - [2025-11-13T06:29:48.198+0000] {dag.py:3823} INFO - Setting next_dagrun for example_task_group to 2025-11-12 00:00:00+00:00, run_after=2025-11-13 00:00:00+00:00
[2025-11-13T06:29:48.269+0000] {processor.py:183} INFO - Processing /home/airflow/.local/lib/python3.8/site-packages/airflow/example_dags/example_task_group.py took 0.297 seconds
[2025-11-13T06:30:18.483+0000] {processor.py:161} INFO - Started process (PID=583) to work on /home/airflow/.local/lib/python3.8/site-packages/airflow/example_dags/example_task_group.py
[2025-11-13T06:30:18.485+0000] {processor.py:830} INFO - Processing file /home/airflow/.local/lib/python3.8/site-packages/airflow/example_dags/example_task_group.py for tasks to queue
[2025-11-13T06:30:18.488+0000] {logging_mixin.py:188} INFO - [2025-11-13T06:30:18.488+0000] {dagbag.py:538} INFO - Filling up the DagBag from /home/airflow/.local/lib/python3.8/site-packages/airflow/example_dags/example_task_group.py
[2025-11-13T06:30:18.502+0000] {processor.py:840} INFO - DAG(s) 'example_task_group' retrieved from /home/airflow/.local/lib/python3.8/site-packages/airflow/example_dags/example_task_group.py
[2025-11-13T06:30:18.539+0000] {logging_mixin.py:188} INFO - [2025-11-13T06:30:18.539+0000] {dag.py:3036} INFO - Sync 1 DAGs
[2025-11-13T06:30:18.577+0000] {logging_mixin.py:188} INFO - [2025-11-13T06:30:18.576+0000] {dag.py:3823} INFO - Setting next_dagrun for example_task_group to 2025-11-12 00:00:00+00:00, run_after=2025-11-13 00:00:00+00:00
[2025-11-13T06:30:18.621+0000] {processor.py:183} INFO - Processing /home/airflow/.local/lib/python3.8/site-packages/airflow/example_dags/example_task_group.py took 0.146 seconds
[2025-11-13T06:30:49.373+0000] {processor.py:161} INFO - Started process (PID=645) to work on /home/airflow/.local/lib/python3.8/site-packages/airflow/example_dags/example_task_group.py
[2025-11-13T06:30:49.376+0000] {processor.py:830} INFO - Processing file /home/airflow/.local/lib/python3.8/site-packages/airflow/example_dags/example_task_group.py for tasks to queue
[2025-11-13T06:30:49.381+0000] {logging_mixin.py:188} INFO - [2025-11-13T06:30:49.380+0000] {dagbag.py:538} INFO - Filling up the DagBag from /home/airflow/.local/lib/python3.8/site-packages/airflow/example_dags/example_task_group.py
[2025-11-13T06:30:49.396+0000] {processor.py:840} INFO - DAG(s) 'example_task_group' retrieved from /home/airflow/.local/lib/python3.8/site-packages/airflow/example_dags/example_task_group.py
[2025-11-13T06:30:49.447+0000] {logging_mixin.py:188} INFO - [2025-11-13T06:30:49.446+0000] {dag.py:3036} INFO - Sync 1 DAGs
[2025-11-13T06:30:49.499+0000] {logging_mixin.py:188} INFO - [2025-11-13T06:30:49.498+0000] {dag.py:3823} INFO - Setting next_dagrun for example_task_group to 2025-11-12 00:00:00+00:00, run_after=2025-11-13 00:00:00+00:00
[2025-11-13T06:30:49.545+0000] {processor.py:183} INFO - Processing /home/airflow/.local/lib/python3.8/site-packages/airflow/example_dags/example_task_group.py took 0.179 seconds
[2025-11-13T06:31:19.692+0000] {processor.py:161} INFO - Started process (PID=707) to work on /home/airflow/.local/lib/python3.8/site-packages/airflow/example_dags/example_task_group.py
[2025-11-13T06:31:19.694+0000] {processor.py:830} INFO - Processing file /home/airflow/.local/lib/python3.8/site-packages/airflow/example_dags/example_task_group.py for tasks to queue
[2025-11-13T06:31:19.697+0000] {logging_mixin.py:188} INFO - [2025-11-13T06:31:19.697+0000] {dagbag.py:538} INFO - Filling up the DagBag from /home/airflow/.local/lib/python3.8/site-packages/airflow/example_dags/example_task_group.py
[2025-11-13T06:31:19.708+0000] {processor.py:840} INFO - DAG(s) 'example_task_group' retrieved from /home/airflow/.local/lib/python3.8/site-packages/airflow/example_dags/example_task_group.py
[2025-11-13T06:31:19.741+0000] {logging_mixin.py:188} INFO - [2025-11-13T06:31:19.741+0000] {dag.py:3036} INFO - Sync 1 DAGs
[2025-11-13T06:31:19.775+0000] {logging_mixin.py:188} INFO - [2025-11-13T06:31:19.774+0000] {dag.py:3823} INFO - Setting next_dagrun for example_task_group to 2025-11-12 00:00:00+00:00, run_after=2025-11-13 00:00:00+00:00
[2025-11-13T06:31:19.812+0000] {processor.py:183} INFO - Processing /home/airflow/.local/lib/python3.8/site-packages/airflow/example_dags/example_task_group.py took 0.124 seconds
[2025-11-13T06:31:50.475+0000] {processor.py:161} INFO - Started process (PID=769) to work on /home/airflow/.local/lib/python3.8/site-packages/airflow/example_dags/example_task_group.py
[2025-11-13T06:31:50.476+0000] {processor.py:830} INFO - Processing file /home/airflow/.local/lib/python3.8/site-packages/airflow/example_dags/example_task_group.py for tasks to queue
[2025-11-13T06:31:50.478+0000] {logging_mixin.py:188} INFO - [2025-11-13T06:31:50.478+0000] {dagbag.py:538} INFO - Filling up the DagBag from /home/airflow/.local/lib/python3.8/site-packages/airflow/example_dags/example_task_group.py
[2025-11-13T06:31:50.487+0000] {processor.py:840} INFO - DAG(s) 'example_task_group' retrieved from /home/airflow/.local/lib/python3.8/site-packages/airflow/example_dags/example_task_group.py
[2025-11-13T06:31:50.517+0000] {logging_mixin.py:188} INFO - [2025-11-13T06:31:50.517+0000] {dag.py:3036} INFO - Sync 1 DAGs
[2025-11-13T06:31:50.544+0000] {logging_mixin.py:188} INFO - [2025-11-13T06:31:50.544+0000] {dag.py:3823} INFO - Setting next_dagrun for example_task_group to 2025-11-12 00:00:00+00:00, run_after=2025-11-13 00:00:00+00:00
[2025-11-13T06:31:50.579+0000] {processor.py:183} INFO - Processing /home/airflow/.local/lib/python3.8/site-packages/airflow/example_dags/example_task_group.py took 0.110 seconds
[2025-11-13T06:32:21.071+0000] {processor.py:161} INFO - Started process (PID=831) to work on /home/airflow/.local/lib/python3.8/site-packages/airflow/example_dags/example_task_group.py
[2025-11-13T06:32:21.073+0000] {processor.py:830} INFO - Processing file /home/airflow/.local/lib/python3.8/site-packages/airflow/example_dags/example_task_group.py for tasks to queue
[2025-11-13T06:32:21.076+0000] {logging_mixin.py:188} INFO - [2025-11-13T06:32:21.075+0000] {dagbag.py:538} INFO - Filling up the DagBag from /home/airflow/.local/lib/python3.8/site-packages/airflow/example_dags/example_task_group.py
[2025-11-13T06:32:21.085+0000] {processor.py:840} INFO - DAG(s) 'example_task_group' retrieved from /home/airflow/.local/lib/python3.8/site-packages/airflow/example_dags/example_task_group.py
[2025-11-13T06:32:21.112+0000] {logging_mixin.py:188} INFO - [2025-11-13T06:32:21.112+0000] {dag.py:3036} INFO - Sync 1 DAGs
[2025-11-13T06:32:21.139+0000] {logging_mixin.py:188} INFO - [2025-11-13T06:32:21.139+0000] {dag.py:3823} INFO - Setting next_dagrun for example_task_group to 2025-11-12 00:00:00+00:00, run_after=2025-11-13 00:00:00+00:00
[2025-11-13T06:32:21.164+0000] {processor.py:183} INFO - Processing /home/airflow/.local/lib/python3.8/site-packages/airflow/example_dags/example_task_group.py took 0.097 seconds
[2025-11-13T06:32:51.265+0000] {processor.py:161} INFO - Started process (PID=893) to work on /home/airflow/.local/lib/python3.8/site-packages/airflow/example_dags/example_task_group.py
[2025-11-13T06:32:51.267+0000] {processor.py:830} INFO - Processing file /home/airflow/.local/lib/python3.8/site-packages/airflow/example_dags/example_task_group.py for tasks to queue
[2025-11-13T06:32:51.270+0000] {logging_mixin.py:188} INFO - [2025-11-13T06:32:51.270+0000] {dagbag.py:538} INFO - Filling up the DagBag from /home/airflow/.local/lib/python3.8/site-packages/airflow/example_dags/example_task_group.py
[2025-11-13T06:32:51.280+0000] {processor.py:840} INFO - DAG(s) 'example_task_group' retrieved from /home/airflow/.local/lib/python3.8/site-packages/airflow/example_dags/example_task_group.py
[2025-11-13T06:32:51.313+0000] {logging_mixin.py:188} INFO - [2025-11-13T06:32:51.313+0000] {dag.py:3036} INFO - Sync 1 DAGs
[2025-11-13T06:32:51.343+0000] {logging_mixin.py:188} INFO - [2025-11-13T06:32:51.342+0000] {dag.py:3823} INFO - Setting next_dagrun for example_task_group to 2025-11-12 00:00:00+00:00, run_after=2025-11-13 00:00:00+00:00
[2025-11-13T06:32:51.371+0000] {processor.py:183} INFO - Processing /home/airflow/.local/lib/python3.8/site-packages/airflow/example_dags/example_task_group.py took 0.110 seconds
[2025-11-13T06:33:22.030+0000] {processor.py:161} INFO - Started process (PID=955) to work on /home/airflow/.local/lib/python3.8/site-packages/airflow/example_dags/example_task_group.py
[2025-11-13T06:33:22.032+0000] {processor.py:830} INFO - Processing file /home/airflow/.local/lib/python3.8/site-packages/airflow/example_dags/example_task_group.py for tasks to queue
[2025-11-13T06:33:22.034+0000] {logging_mixin.py:188} INFO - [2025-11-13T06:33:22.034+0000] {dagbag.py:538} INFO - Filling up the DagBag from /home/airflow/.local/lib/python3.8/site-packages/airflow/example_dags/example_task_group.py
[2025-11-13T06:33:22.044+0000] {processor.py:840} INFO - DAG(s) 'example_task_group' retrieved from /home/airflow/.local/lib/python3.8/site-packages/airflow/example_dags/example_task_group.py
[2025-11-13T06:33:22.077+0000] {logging_mixin.py:188} INFO - [2025-11-13T06:33:22.076+0000] {dag.py:3036} INFO - Sync 1 DAGs
[2025-11-13T06:33:22.104+0000] {logging_mixin.py:188} INFO - [2025-11-13T06:33:22.104+0000] {dag.py:3823} INFO - Setting next_dagrun for example_task_group to 2025-11-12 00:00:00+00:00, run_after=2025-11-13 00:00:00+00:00
[2025-11-13T06:33:22.139+0000] {processor.py:183} INFO - Processing /home/airflow/.local/lib/python3.8/site-packages/airflow/example_dags/example_task_group.py took 0.113 seconds
[2025-11-13T06:33:52.245+0000] {processor.py:161} INFO - Started process (PID=1017) to work on /home/airflow/.local/lib/python3.8/site-packages/airflow/example_dags/example_task_group.py
[2025-11-13T06:33:52.247+0000] {processor.py:830} INFO - Processing file /home/airflow/.local/lib/python3.8/site-packages/airflow/example_dags/example_task_group.py for tasks to queue
[2025-11-13T06:33:52.249+0000] {logging_mixin.py:188} INFO - [2025-11-13T06:33:52.249+0000] {dagbag.py:538} INFO - Filling up the DagBag from /home/airflow/.local/lib/python3.8/site-packages/airflow/example_dags/example_task_group.py
[2025-11-13T06:33:52.258+0000] {processor.py:840} INFO - DAG(s) 'example_task_group' retrieved from /home/airflow/.local/lib/python3.8/site-packages/airflow/example_dags/example_task_group.py
[2025-11-13T06:33:52.284+0000] {logging_mixin.py:188} INFO - [2025-11-13T06:33:52.284+0000] {dag.py:3036} INFO - Sync 1 DAGs
[2025-11-13T06:33:52.310+0000] {logging_mixin.py:188} INFO - [2025-11-13T06:33:52.310+0000] {dag.py:3823} INFO - Setting next_dagrun for example_task_group to 2025-11-12 00:00:00+00:00, run_after=2025-11-13 00:00:00+00:00
[2025-11-13T06:33:52.344+0000] {processor.py:183} INFO - Processing /home/airflow/.local/lib/python3.8/site-packages/airflow/example_dags/example_task_group.py took 0.103 seconds
[2025-11-13T06:34:22.457+0000] {processor.py:161} INFO - Started process (PID=1079) to work on /home/airflow/.local/lib/python3.8/site-packages/airflow/example_dags/example_task_group.py
[2025-11-13T06:34:22.459+0000] {processor.py:830} INFO - Processing file /home/airflow/.local/lib/python3.8/site-packages/airflow/example_dags/example_task_group.py for tasks to queue
[2025-11-13T06:34:22.462+0000] {logging_mixin.py:188} INFO - [2025-11-13T06:34:22.462+0000] {dagbag.py:538} INFO - Filling up the DagBag from /home/airflow/.local/lib/python3.8/site-packages/airflow/example_dags/example_task_group.py
[2025-11-13T06:34:22.475+0000] {processor.py:840} INFO - DAG(s) 'example_task_group' retrieved from /home/airflow/.local/lib/python3.8/site-packages/airflow/example_dags/example_task_group.py
[2025-11-13T06:34:22.502+0000] {logging_mixin.py:188} INFO - [2025-11-13T06:34:22.502+0000] {dag.py:3036} INFO - Sync 1 DAGs
[2025-11-13T06:34:22.530+0000] {logging_mixin.py:188} INFO - [2025-11-13T06:34:22.529+0000] {dag.py:3823} INFO - Setting next_dagrun for example_task_group to 2025-11-12 00:00:00+00:00, run_after=2025-11-13 00:00:00+00:00
[2025-11-13T06:34:22.564+0000] {processor.py:183} INFO - Processing /home/airflow/.local/lib/python3.8/site-packages/airflow/example_dags/example_task_group.py took 0.111 seconds
[2025-11-13T06:34:52.985+0000] {processor.py:161} INFO - Started process (PID=1141) to work on /home/airflow/.local/lib/python3.8/site-packages/airflow/example_dags/example_task_group.py
[2025-11-13T06:34:52.987+0000] {processor.py:830} INFO - Processing file /home/airflow/.local/lib/python3.8/site-packages/airflow/example_dags/example_task_group.py for tasks to queue
[2025-11-13T06:34:52.990+0000] {logging_mixin.py:188} INFO - [2025-11-13T06:34:52.990+0000] {dagbag.py:538} INFO - Filling up the DagBag from /home/airflow/.local/lib/python3.8/site-packages/airflow/example_dags/example_task_group.py
[2025-11-13T06:34:53.002+0000] {processor.py:840} INFO - DAG(s) 'example_task_group' retrieved from /home/airflow/.local/lib/python3.8/site-packages/airflow/example_dags/example_task_group.py
[2025-11-13T06:34:53.040+0000] {logging_mixin.py:188} INFO - [2025-11-13T06:34:53.040+0000] {dag.py:3036} INFO - Sync 1 DAGs
[2025-11-13T06:34:53.077+0000] {logging_mixin.py:188} INFO - [2025-11-13T06:34:53.077+0000] {dag.py:3823} INFO - Setting next_dagrun for example_task_group to 2025-11-12 00:00:00+00:00, run_after=2025-11-13 00:00:00+00:00
[2025-11-13T06:34:53.125+0000] {processor.py:183} INFO - Processing /home/airflow/.local/lib/python3.8/site-packages/airflow/example_dags/example_task_group.py took 0.145 seconds
[2025-11-13T06:35:23.655+0000] {processor.py:161} INFO - Started process (PID=1203) to work on /home/airflow/.local/lib/python3.8/site-packages/airflow/example_dags/example_task_group.py
[2025-11-13T06:35:23.656+0000] {processor.py:830} INFO - Processing file /home/airflow/.local/lib/python3.8/site-packages/airflow/example_dags/example_task_group.py for tasks to queue
[2025-11-13T06:35:23.659+0000] {logging_mixin.py:188} INFO - [2025-11-13T06:35:23.659+0000] {dagbag.py:538} INFO - Filling up the DagBag from /home/airflow/.local/lib/python3.8/site-packages/airflow/example_dags/example_task_group.py
[2025-11-13T06:35:23.668+0000] {processor.py:840} INFO - DAG(s) 'example_task_group' retrieved from /home/airflow/.local/lib/python3.8/site-packages/airflow/example_dags/example_task_group.py
[2025-11-13T06:35:23.696+0000] {logging_mixin.py:188} INFO - [2025-11-13T06:35:23.696+0000] {dag.py:3036} INFO - Sync 1 DAGs
[2025-11-13T06:35:23.722+0000] {logging_mixin.py:188} INFO - [2025-11-13T06:35:23.722+0000] {dag.py:3823} INFO - Setting next_dagrun for example_task_group to 2025-11-12 00:00:00+00:00, run_after=2025-11-13 00:00:00+00:00
[2025-11-13T06:35:23.756+0000] {processor.py:183} INFO - Processing /home/airflow/.local/lib/python3.8/site-packages/airflow/example_dags/example_task_group.py took 0.105 seconds
[2025-11-13T06:35:54.434+0000] {processor.py:161} INFO - Started process (PID=1265) to work on /home/airflow/.local/lib/python3.8/site-packages/airflow/example_dags/example_task_group.py
[2025-11-13T06:35:54.436+0000] {processor.py:830} INFO - Processing file /home/airflow/.local/lib/python3.8/site-packages/airflow/example_dags/example_task_group.py for tasks to queue
[2025-11-13T06:35:54.440+0000] {logging_mixin.py:188} INFO - [2025-11-13T06:35:54.439+0000] {dagbag.py:538} INFO - Filling up the DagBag from /home/airflow/.local/lib/python3.8/site-packages/airflow/example_dags/example_task_group.py
[2025-11-13T06:35:54.461+0000] {processor.py:840} INFO - DAG(s) 'example_task_group' retrieved from /home/airflow/.local/lib/python3.8/site-packages/airflow/example_dags/example_task_group.py
[2025-11-13T06:35:54.509+0000] {logging_mixin.py:188} INFO - [2025-11-13T06:35:54.508+0000] {dag.py:3036} INFO - Sync 1 DAGs
[2025-11-13T06:35:54.563+0000] {logging_mixin.py:188} INFO - [2025-11-13T06:35:54.563+0000] {dag.py:3823} INFO - Setting next_dagrun for example_task_group to 2025-11-12 00:00:00+00:00, run_after=2025-11-13 00:00:00+00:00
[2025-11-13T06:35:54.616+0000] {processor.py:183} INFO - Processing /home/airflow/.local/lib/python3.8/site-packages/airflow/example_dags/example_task_group.py took 0.189 seconds
[2025-11-13T06:36:24.846+0000] {processor.py:161} INFO - Started process (PID=1327) to work on /home/airflow/.local/lib/python3.8/site-packages/airflow/example_dags/example_task_group.py
[2025-11-13T06:36:24.848+0000] {processor.py:830} INFO - Processing file /home/airflow/.local/lib/python3.8/site-packages/airflow/example_dags/example_task_group.py for tasks to queue
[2025-11-13T06:36:24.850+0000] {logging_mixin.py:188} INFO - [2025-11-13T06:36:24.850+0000] {dagbag.py:538} INFO - Filling up the DagBag from /home/airflow/.local/lib/python3.8/site-packages/airflow/example_dags/example_task_group.py
[2025-11-13T06:36:24.859+0000] {processor.py:840} INFO - DAG(s) 'example_task_group' retrieved from /home/airflow/.local/lib/python3.8/site-packages/airflow/example_dags/example_task_group.py
[2025-11-13T06:36:24.888+0000] {logging_mixin.py:188} INFO - [2025-11-13T06:36:24.887+0000] {dag.py:3036} INFO - Sync 1 DAGs
[2025-11-13T06:36:24.915+0000] {logging_mixin.py:188} INFO - [2025-11-13T06:36:24.915+0000] {dag.py:3823} INFO - Setting next_dagrun for example_task_group to 2025-11-12 00:00:00+00:00, run_after=2025-11-13 00:00:00+00:00
[2025-11-13T06:36:24.951+0000] {processor.py:183} INFO - Processing /home/airflow/.local/lib/python3.8/site-packages/airflow/example_dags/example_task_group.py took 0.110 seconds
[2025-11-13T06:36:55.203+0000] {processor.py:161} INFO - Started process (PID=1390) to work on /home/airflow/.local/lib/python3.8/site-packages/airflow/example_dags/example_task_group.py
[2025-11-13T06:36:55.204+0000] {processor.py:830} INFO - Processing file /home/airflow/.local/lib/python3.8/site-packages/airflow/example_dags/example_task_group.py for tasks to queue
[2025-11-13T06:36:55.207+0000] {logging_mixin.py:188} INFO - [2025-11-13T06:36:55.207+0000] {dagbag.py:538} INFO - Filling up the DagBag from /home/airflow/.local/lib/python3.8/site-packages/airflow/example_dags/example_task_group.py
[2025-11-13T06:36:55.217+0000] {processor.py:840} INFO - DAG(s) 'example_task_group' retrieved from /home/airflow/.local/lib/python3.8/site-packages/airflow/example_dags/example_task_group.py
[2025-11-13T06:36:55.256+0000] {logging_mixin.py:188} INFO - [2025-11-13T06:36:55.256+0000] {dag.py:3036} INFO - Sync 1 DAGs
[2025-11-13T06:36:55.285+0000] {logging_mixin.py:188} INFO - [2025-11-13T06:36:55.284+0000] {dag.py:3823} INFO - Setting next_dagrun for example_task_group to 2025-11-12 00:00:00+00:00, run_after=2025-11-13 00:00:00+00:00
[2025-11-13T06:36:55.326+0000] {processor.py:183} INFO - Processing /home/airflow/.local/lib/python3.8/site-packages/airflow/example_dags/example_task_group.py took 0.127 seconds
[2025-11-13T06:37:25.610+0000] {processor.py:161} INFO - Started process (PID=1452) to work on /home/airflow/.local/lib/python3.8/site-packages/airflow/example_dags/example_task_group.py
[2025-11-13T06:37:25.613+0000] {processor.py:830} INFO - Processing file /home/airflow/.local/lib/python3.8/site-packages/airflow/example_dags/example_task_group.py for tasks to queue
[2025-11-13T06:37:25.616+0000] {logging_mixin.py:188} INFO - [2025-11-13T06:37:25.616+0000] {dagbag.py:538} INFO - Filling up the DagBag from /home/airflow/.local/lib/python3.8/site-packages/airflow/example_dags/example_task_group.py
[2025-11-13T06:37:25.629+0000] {processor.py:840} INFO - DAG(s) 'example_task_group' retrieved from /home/airflow/.local/lib/python3.8/site-packages/airflow/example_dags/example_task_group.py
[2025-11-13T06:37:25.667+0000] {logging_mixin.py:188} INFO - [2025-11-13T06:37:25.667+0000] {dag.py:3036} INFO - Sync 1 DAGs
[2025-11-13T06:37:25.703+0000] {logging_mixin.py:188} INFO - [2025-11-13T06:37:25.702+0000] {dag.py:3823} INFO - Setting next_dagrun for example_task_group to 2025-11-12 00:00:00+00:00, run_after=2025-11-13 00:00:00+00:00
[2025-11-13T06:37:25.745+0000] {processor.py:183} INFO - Processing /home/airflow/.local/lib/python3.8/site-packages/airflow/example_dags/example_task_group.py took 0.141 seconds
[2025-11-13T06:37:56.615+0000] {processor.py:161} INFO - Started process (PID=1512) to work on /home/airflow/.local/lib/python3.8/site-packages/airflow/example_dags/example_task_group.py
[2025-11-13T06:37:56.619+0000] {processor.py:830} INFO - Processing file /home/airflow/.local/lib/python3.8/site-packages/airflow/example_dags/example_task_group.py for tasks to queue
[2025-11-13T06:37:56.626+0000] {logging_mixin.py:188} INFO - [2025-11-13T06:37:56.624+0000] {dagbag.py:538} INFO - Filling up the DagBag from /home/airflow/.local/lib/python3.8/site-packages/airflow/example_dags/example_task_group.py
[2025-11-13T06:37:56.653+0000] {processor.py:840} INFO - DAG(s) 'example_task_group' retrieved from /home/airflow/.local/lib/python3.8/site-packages/airflow/example_dags/example_task_group.py
[2025-11-13T06:37:56.781+0000] {logging_mixin.py:188} INFO - [2025-11-13T06:37:56.780+0000] {dag.py:3036} INFO - Sync 1 DAGs
[2025-11-13T06:37:56.880+0000] {logging_mixin.py:188} INFO - [2025-11-13T06:37:56.880+0000] {dag.py:3823} INFO - Setting next_dagrun for example_task_group to 2025-11-12 00:00:00+00:00, run_after=2025-11-13 00:00:00+00:00
[2025-11-13T06:37:56.950+0000] {processor.py:183} INFO - Processing /home/airflow/.local/lib/python3.8/site-packages/airflow/example_dags/example_task_group.py took 0.344 seconds
[2025-11-13T06:38:27.028+0000] {processor.py:161} INFO - Started process (PID=1574) to work on /home/airflow/.local/lib/python3.8/site-packages/airflow/example_dags/example_task_group.py
[2025-11-13T06:38:27.030+0000] {processor.py:830} INFO - Processing file /home/airflow/.local/lib/python3.8/site-packages/airflow/example_dags/example_task_group.py for tasks to queue
[2025-11-13T06:38:27.035+0000] {logging_mixin.py:188} INFO - [2025-11-13T06:38:27.034+0000] {dagbag.py:538} INFO - Filling up the DagBag from /home/airflow/.local/lib/python3.8/site-packages/airflow/example_dags/example_task_group.py
[2025-11-13T06:38:27.049+0000] {processor.py:840} INFO - DAG(s) 'example_task_group' retrieved from /home/airflow/.local/lib/python3.8/site-packages/airflow/example_dags/example_task_group.py
[2025-11-13T06:38:27.094+0000] {logging_mixin.py:188} INFO - [2025-11-13T06:38:27.094+0000] {dag.py:3036} INFO - Sync 1 DAGs
[2025-11-13T06:38:27.134+0000] {logging_mixin.py:188} INFO - [2025-11-13T06:38:27.134+0000] {dag.py:3823} INFO - Setting next_dagrun for example_task_group to 2025-11-12 00:00:00+00:00, run_after=2025-11-13 00:00:00+00:00
[2025-11-13T06:38:27.169+0000] {processor.py:183} INFO - Processing /home/airflow/.local/lib/python3.8/site-packages/airflow/example_dags/example_task_group.py took 0.150 seconds
[2025-11-13T06:38:57.583+0000] {processor.py:161} INFO - Started process (PID=1636) to work on /home/airflow/.local/lib/python3.8/site-packages/airflow/example_dags/example_task_group.py
[2025-11-13T06:38:57.585+0000] {processor.py:830} INFO - Processing file /home/airflow/.local/lib/python3.8/site-packages/airflow/example_dags/example_task_group.py for tasks to queue
[2025-11-13T06:38:57.589+0000] {logging_mixin.py:188} INFO - [2025-11-13T06:38:57.588+0000] {dagbag.py:538} INFO - Filling up the DagBag from /home/airflow/.local/lib/python3.8/site-packages/airflow/example_dags/example_task_group.py
[2025-11-13T06:38:57.603+0000] {processor.py:840} INFO - DAG(s) 'example_task_group' retrieved from /home/airflow/.local/lib/python3.8/site-packages/airflow/example_dags/example_task_group.py
[2025-11-13T06:38:57.641+0000] {logging_mixin.py:188} INFO - [2025-11-13T06:38:57.641+0000] {dag.py:3036} INFO - Sync 1 DAGs
[2025-11-13T06:38:57.676+0000] {logging_mixin.py:188} INFO - [2025-11-13T06:38:57.676+0000] {dag.py:3823} INFO - Setting next_dagrun for example_task_group to 2025-11-12 00:00:00+00:00, run_after=2025-11-13 00:00:00+00:00
[2025-11-13T06:38:57.734+0000] {processor.py:183} INFO - Processing /home/airflow/.local/lib/python3.8/site-packages/airflow/example_dags/example_task_group.py took 0.158 seconds
[2025-11-13T06:39:28.491+0000] {processor.py:161} INFO - Started process (PID=1698) to work on /home/airflow/.local/lib/python3.8/site-packages/airflow/example_dags/example_task_group.py
[2025-11-13T06:39:28.493+0000] {processor.py:830} INFO - Processing file /home/airflow/.local/lib/python3.8/site-packages/airflow/example_dags/example_task_group.py for tasks to queue
[2025-11-13T06:39:28.498+0000] {logging_mixin.py:188} INFO - [2025-11-13T06:39:28.498+0000] {dagbag.py:538} INFO - Filling up the DagBag from /home/airflow/.local/lib/python3.8/site-packages/airflow/example_dags/example_task_group.py
[2025-11-13T06:39:28.523+0000] {processor.py:840} INFO - DAG(s) 'example_task_group' retrieved from /home/airflow/.local/lib/python3.8/site-packages/airflow/example_dags/example_task_group.py
[2025-11-13T06:39:28.580+0000] {logging_mixin.py:188} INFO - [2025-11-13T06:39:28.580+0000] {dag.py:3036} INFO - Sync 1 DAGs
[2025-11-13T06:39:28.641+0000] {logging_mixin.py:188} INFO - [2025-11-13T06:39:28.640+0000] {dag.py:3823} INFO - Setting next_dagrun for example_task_group to 2025-11-12 00:00:00+00:00, run_after=2025-11-13 00:00:00+00:00
[2025-11-13T06:39:28.684+0000] {processor.py:183} INFO - Processing /home/airflow/.local/lib/python3.8/site-packages/airflow/example_dags/example_task_group.py took 0.202 seconds
[2025-11-13T06:39:59.912+0000] {processor.py:161} INFO - Started process (PID=1766) to work on /home/airflow/.local/lib/python3.8/site-packages/airflow/example_dags/example_task_group.py
[2025-11-13T06:39:59.915+0000] {processor.py:830} INFO - Processing file /home/airflow/.local/lib/python3.8/site-packages/airflow/example_dags/example_task_group.py for tasks to queue
[2025-11-13T06:39:59.922+0000] {logging_mixin.py:188} INFO - [2025-11-13T06:39:59.921+0000] {dagbag.py:538} INFO - Filling up the DagBag from /home/airflow/.local/lib/python3.8/site-packages/airflow/example_dags/example_task_group.py
[2025-11-13T06:39:59.940+0000] {processor.py:840} INFO - DAG(s) 'example_task_group' retrieved from /home/airflow/.local/lib/python3.8/site-packages/airflow/example_dags/example_task_group.py
[2025-11-13T06:40:00.032+0000] {logging_mixin.py:188} INFO - [2025-11-13T06:40:00.031+0000] {dag.py:3036} INFO - Sync 1 DAGs
[2025-11-13T06:40:00.138+0000] {logging_mixin.py:188} INFO - [2025-11-13T06:40:00.137+0000] {dag.py:3823} INFO - Setting next_dagrun for example_task_group to 2025-11-12 00:00:00+00:00, run_after=2025-11-13 00:00:00+00:00
[2025-11-13T06:40:00.218+0000] {processor.py:183} INFO - Processing /home/airflow/.local/lib/python3.8/site-packages/airflow/example_dags/example_task_group.py took 0.315 seconds
[2025-11-13T06:40:30.663+0000] {processor.py:161} INFO - Started process (PID=1828) to work on /home/airflow/.local/lib/python3.8/site-packages/airflow/example_dags/example_task_group.py
[2025-11-13T06:40:30.665+0000] {processor.py:830} INFO - Processing file /home/airflow/.local/lib/python3.8/site-packages/airflow/example_dags/example_task_group.py for tasks to queue
[2025-11-13T06:40:30.668+0000] {logging_mixin.py:188} INFO - [2025-11-13T06:40:30.667+0000] {dagbag.py:538} INFO - Filling up the DagBag from /home/airflow/.local/lib/python3.8/site-packages/airflow/example_dags/example_task_group.py
[2025-11-13T06:40:30.682+0000] {processor.py:840} INFO - DAG(s) 'example_task_group' retrieved from /home/airflow/.local/lib/python3.8/site-packages/airflow/example_dags/example_task_group.py
[2025-11-13T06:40:30.715+0000] {logging_mixin.py:188} INFO - [2025-11-13T06:40:30.715+0000] {dag.py:3036} INFO - Sync 1 DAGs
[2025-11-13T06:40:30.751+0000] {logging_mixin.py:188} INFO - [2025-11-13T06:40:30.751+0000] {dag.py:3823} INFO - Setting next_dagrun for example_task_group to 2025-11-12 00:00:00+00:00, run_after=2025-11-13 00:00:00+00:00
[2025-11-13T06:40:30.795+0000] {processor.py:183} INFO - Processing /home/airflow/.local/lib/python3.8/site-packages/airflow/example_dags/example_task_group.py took 0.137 seconds
[2025-11-13T06:41:01.331+0000] {processor.py:161} INFO - Started process (PID=1890) to work on /home/airflow/.local/lib/python3.8/site-packages/airflow/example_dags/example_task_group.py
[2025-11-13T06:41:01.336+0000] {processor.py:830} INFO - Processing file /home/airflow/.local/lib/python3.8/site-packages/airflow/example_dags/example_task_group.py for tasks to queue
[2025-11-13T06:41:01.342+0000] {logging_mixin.py:188} INFO - [2025-11-13T06:41:01.341+0000] {dagbag.py:538} INFO - Filling up the DagBag from /home/airflow/.local/lib/python3.8/site-packages/airflow/example_dags/example_task_group.py
[2025-11-13T06:41:01.358+0000] {processor.py:840} INFO - DAG(s) 'example_task_group' retrieved from /home/airflow/.local/lib/python3.8/site-packages/airflow/example_dags/example_task_group.py
[2025-11-13T06:41:01.398+0000] {logging_mixin.py:188} INFO - [2025-11-13T06:41:01.398+0000] {dag.py:3036} INFO - Sync 1 DAGs
[2025-11-13T06:41:01.441+0000] {logging_mixin.py:188} INFO - [2025-11-13T06:41:01.441+0000] {dag.py:3823} INFO - Setting next_dagrun for example_task_group to 2025-11-12 00:00:00+00:00, run_after=2025-11-13 00:00:00+00:00
[2025-11-13T06:41:01.486+0000] {processor.py:183} INFO - Processing /home/airflow/.local/lib/python3.8/site-packages/airflow/example_dags/example_task_group.py took 0.160 seconds
[2025-11-13T06:41:32.345+0000] {processor.py:161} INFO - Started process (PID=1952) to work on /home/airflow/.local/lib/python3.8/site-packages/airflow/example_dags/example_task_group.py
[2025-11-13T06:41:32.347+0000] {processor.py:830} INFO - Processing file /home/airflow/.local/lib/python3.8/site-packages/airflow/example_dags/example_task_group.py for tasks to queue
[2025-11-13T06:41:32.349+0000] {logging_mixin.py:188} INFO - [2025-11-13T06:41:32.349+0000] {dagbag.py:538} INFO - Filling up the DagBag from /home/airflow/.local/lib/python3.8/site-packages/airflow/example_dags/example_task_group.py
[2025-11-13T06:41:32.358+0000] {processor.py:840} INFO - DAG(s) 'example_task_group' retrieved from /home/airflow/.local/lib/python3.8/site-packages/airflow/example_dags/example_task_group.py
[2025-11-13T06:41:32.388+0000] {logging_mixin.py:188} INFO - [2025-11-13T06:41:32.388+0000] {dag.py:3036} INFO - Sync 1 DAGs
[2025-11-13T06:41:32.419+0000] {logging_mixin.py:188} INFO - [2025-11-13T06:41:32.419+0000] {dag.py:3823} INFO - Setting next_dagrun for example_task_group to 2025-11-12 00:00:00+00:00, run_after=2025-11-13 00:00:00+00:00
[2025-11-13T06:41:32.447+0000] {processor.py:183} INFO - Processing /home/airflow/.local/lib/python3.8/site-packages/airflow/example_dags/example_task_group.py took 0.106 seconds
[2025-11-13T06:42:03.153+0000] {processor.py:161} INFO - Started process (PID=2014) to work on /home/airflow/.local/lib/python3.8/site-packages/airflow/example_dags/example_task_group.py
[2025-11-13T06:42:03.156+0000] {processor.py:830} INFO - Processing file /home/airflow/.local/lib/python3.8/site-packages/airflow/example_dags/example_task_group.py for tasks to queue
[2025-11-13T06:42:03.161+0000] {logging_mixin.py:188} INFO - [2025-11-13T06:42:03.160+0000] {dagbag.py:538} INFO - Filling up the DagBag from /home/airflow/.local/lib/python3.8/site-packages/airflow/example_dags/example_task_group.py
[2025-11-13T06:42:03.180+0000] {processor.py:840} INFO - DAG(s) 'example_task_group' retrieved from /home/airflow/.local/lib/python3.8/site-packages/airflow/example_dags/example_task_group.py
[2025-11-13T06:42:03.231+0000] {logging_mixin.py:188} INFO - [2025-11-13T06:42:03.230+0000] {dag.py:3036} INFO - Sync 1 DAGs
[2025-11-13T06:42:03.280+0000] {logging_mixin.py:188} INFO - [2025-11-13T06:42:03.280+0000] {dag.py:3823} INFO - Setting next_dagrun for example_task_group to 2025-11-12 00:00:00+00:00, run_after=2025-11-13 00:00:00+00:00
[2025-11-13T06:42:03.324+0000] {processor.py:183} INFO - Processing /home/airflow/.local/lib/python3.8/site-packages/airflow/example_dags/example_task_group.py took 0.178 seconds
[2025-11-13T06:42:33.577+0000] {processor.py:161} INFO - Started process (PID=2076) to work on /home/airflow/.local/lib/python3.8/site-packages/airflow/example_dags/example_task_group.py
[2025-11-13T06:42:33.579+0000] {processor.py:830} INFO - Processing file /home/airflow/.local/lib/python3.8/site-packages/airflow/example_dags/example_task_group.py for tasks to queue
[2025-11-13T06:42:33.582+0000] {logging_mixin.py:188} INFO - [2025-11-13T06:42:33.582+0000] {dagbag.py:538} INFO - Filling up the DagBag from /home/airflow/.local/lib/python3.8/site-packages/airflow/example_dags/example_task_group.py
[2025-11-13T06:42:33.594+0000] {processor.py:840} INFO - DAG(s) 'example_task_group' retrieved from /home/airflow/.local/lib/python3.8/site-packages/airflow/example_dags/example_task_group.py
[2025-11-13T06:42:33.635+0000] {logging_mixin.py:188} INFO - [2025-11-13T06:42:33.635+0000] {dag.py:3036} INFO - Sync 1 DAGs
[2025-11-13T06:42:33.672+0000] {logging_mixin.py:188} INFO - [2025-11-13T06:42:33.671+0000] {dag.py:3823} INFO - Setting next_dagrun for example_task_group to 2025-11-12 00:00:00+00:00, run_after=2025-11-13 00:00:00+00:00
[2025-11-13T06:42:33.707+0000] {processor.py:183} INFO - Processing /home/airflow/.local/lib/python3.8/site-packages/airflow/example_dags/example_task_group.py took 0.136 seconds
[2025-11-13T06:43:04.708+0000] {processor.py:161} INFO - Started process (PID=2138) to work on /home/airflow/.local/lib/python3.8/site-packages/airflow/example_dags/example_task_group.py
[2025-11-13T06:43:04.709+0000] {processor.py:830} INFO - Processing file /home/airflow/.local/lib/python3.8/site-packages/airflow/example_dags/example_task_group.py for tasks to queue
[2025-11-13T06:43:04.713+0000] {logging_mixin.py:188} INFO - [2025-11-13T06:43:04.712+0000] {dagbag.py:538} INFO - Filling up the DagBag from /home/airflow/.local/lib/python3.8/site-packages/airflow/example_dags/example_task_group.py
[2025-11-13T06:43:04.722+0000] {processor.py:840} INFO - DAG(s) 'example_task_group' retrieved from /home/airflow/.local/lib/python3.8/site-packages/airflow/example_dags/example_task_group.py
[2025-11-13T06:43:04.757+0000] {logging_mixin.py:188} INFO - [2025-11-13T06:43:04.757+0000] {dag.py:3036} INFO - Sync 1 DAGs
[2025-11-13T06:43:04.786+0000] {logging_mixin.py:188} INFO - [2025-11-13T06:43:04.786+0000] {dag.py:3823} INFO - Setting next_dagrun for example_task_group to 2025-11-12 00:00:00+00:00, run_after=2025-11-13 00:00:00+00:00
[2025-11-13T06:43:04.814+0000] {processor.py:183} INFO - Processing /home/airflow/.local/lib/python3.8/site-packages/airflow/example_dags/example_task_group.py took 0.111 seconds
[2025-11-13T06:43:35.155+0000] {processor.py:161} INFO - Started process (PID=2201) to work on /home/airflow/.local/lib/python3.8/site-packages/airflow/example_dags/example_task_group.py
[2025-11-13T06:43:35.157+0000] {processor.py:830} INFO - Processing file /home/airflow/.local/lib/python3.8/site-packages/airflow/example_dags/example_task_group.py for tasks to queue
[2025-11-13T06:43:35.160+0000] {logging_mixin.py:188} INFO - [2025-11-13T06:43:35.160+0000] {dagbag.py:538} INFO - Filling up the DagBag from /home/airflow/.local/lib/python3.8/site-packages/airflow/example_dags/example_task_group.py
[2025-11-13T06:43:35.172+0000] {processor.py:840} INFO - DAG(s) 'example_task_group' retrieved from /home/airflow/.local/lib/python3.8/site-packages/airflow/example_dags/example_task_group.py
[2025-11-13T06:43:35.209+0000] {logging_mixin.py:188} INFO - [2025-11-13T06:43:35.209+0000] {dag.py:3036} INFO - Sync 1 DAGs
[2025-11-13T06:43:35.249+0000] {logging_mixin.py:188} INFO - [2025-11-13T06:43:35.249+0000] {dag.py:3823} INFO - Setting next_dagrun for example_task_group to 2025-11-12 00:00:00+00:00, run_after=2025-11-13 00:00:00+00:00
[2025-11-13T06:43:35.292+0000] {processor.py:183} INFO - Processing /home/airflow/.local/lib/python3.8/site-packages/airflow/example_dags/example_task_group.py took 0.142 seconds
[2025-11-13T06:44:05.749+0000] {processor.py:161} INFO - Started process (PID=2263) to work on /home/airflow/.local/lib/python3.8/site-packages/airflow/example_dags/example_task_group.py
[2025-11-13T06:44:05.750+0000] {processor.py:830} INFO - Processing file /home/airflow/.local/lib/python3.8/site-packages/airflow/example_dags/example_task_group.py for tasks to queue
[2025-11-13T06:44:05.753+0000] {logging_mixin.py:188} INFO - [2025-11-13T06:44:05.753+0000] {dagbag.py:538} INFO - Filling up the DagBag from /home/airflow/.local/lib/python3.8/site-packages/airflow/example_dags/example_task_group.py
[2025-11-13T06:44:05.762+0000] {processor.py:840} INFO - DAG(s) 'example_task_group' retrieved from /home/airflow/.local/lib/python3.8/site-packages/airflow/example_dags/example_task_group.py
[2025-11-13T06:44:05.789+0000] {logging_mixin.py:188} INFO - [2025-11-13T06:44:05.789+0000] {dag.py:3036} INFO - Sync 1 DAGs
[2025-11-13T06:44:05.816+0000] {logging_mixin.py:188} INFO - [2025-11-13T06:44:05.815+0000] {dag.py:3823} INFO - Setting next_dagrun for example_task_group to 2025-11-12 00:00:00+00:00, run_after=2025-11-13 00:00:00+00:00
[2025-11-13T06:44:05.849+0000] {processor.py:183} INFO - Processing /home/airflow/.local/lib/python3.8/site-packages/airflow/example_dags/example_task_group.py took 0.104 seconds
[2025-11-13T06:44:35.990+0000] {processor.py:161} INFO - Started process (PID=2325) to work on /home/airflow/.local/lib/python3.8/site-packages/airflow/example_dags/example_task_group.py
[2025-11-13T06:44:35.991+0000] {processor.py:830} INFO - Processing file /home/airflow/.local/lib/python3.8/site-packages/airflow/example_dags/example_task_group.py for tasks to queue
[2025-11-13T06:44:35.994+0000] {logging_mixin.py:188} INFO - [2025-11-13T06:44:35.994+0000] {dagbag.py:538} INFO - Filling up the DagBag from /home/airflow/.local/lib/python3.8/site-packages/airflow/example_dags/example_task_group.py
[2025-11-13T06:44:36.003+0000] {processor.py:840} INFO - DAG(s) 'example_task_group' retrieved from /home/airflow/.local/lib/python3.8/site-packages/airflow/example_dags/example_task_group.py
[2025-11-13T06:44:36.031+0000] {logging_mixin.py:188} INFO - [2025-11-13T06:44:36.031+0000] {dag.py:3036} INFO - Sync 1 DAGs
[2025-11-13T06:44:36.062+0000] {logging_mixin.py:188} INFO - [2025-11-13T06:44:36.062+0000] {dag.py:3823} INFO - Setting next_dagrun for example_task_group to 2025-11-12 00:00:00+00:00, run_after=2025-11-13 00:00:00+00:00
[2025-11-13T06:44:36.098+0000] {processor.py:183} INFO - Processing /home/airflow/.local/lib/python3.8/site-packages/airflow/example_dags/example_task_group.py took 0.114 seconds
[2025-11-13T06:45:06.540+0000] {processor.py:161} INFO - Started process (PID=2387) to work on /home/airflow/.local/lib/python3.8/site-packages/airflow/example_dags/example_task_group.py
[2025-11-13T06:45:06.542+0000] {processor.py:830} INFO - Processing file /home/airflow/.local/lib/python3.8/site-packages/airflow/example_dags/example_task_group.py for tasks to queue
[2025-11-13T06:45:06.544+0000] {logging_mixin.py:188} INFO - [2025-11-13T06:45:06.544+0000] {dagbag.py:538} INFO - Filling up the DagBag from /home/airflow/.local/lib/python3.8/site-packages/airflow/example_dags/example_task_group.py
[2025-11-13T06:45:06.553+0000] {processor.py:840} INFO - DAG(s) 'example_task_group' retrieved from /home/airflow/.local/lib/python3.8/site-packages/airflow/example_dags/example_task_group.py
[2025-11-13T06:45:06.580+0000] {logging_mixin.py:188} INFO - [2025-11-13T06:45:06.579+0000] {dag.py:3036} INFO - Sync 1 DAGs
[2025-11-13T06:45:06.607+0000] {logging_mixin.py:188} INFO - [2025-11-13T06:45:06.607+0000] {dag.py:3823} INFO - Setting next_dagrun for example_task_group to 2025-11-12 00:00:00+00:00, run_after=2025-11-13 00:00:00+00:00
[2025-11-13T06:45:06.642+0000] {processor.py:183} INFO - Processing /home/airflow/.local/lib/python3.8/site-packages/airflow/example_dags/example_task_group.py took 0.106 seconds
[2025-11-13T06:45:37.197+0000] {processor.py:161} INFO - Started process (PID=2449) to work on /home/airflow/.local/lib/python3.8/site-packages/airflow/example_dags/example_task_group.py
[2025-11-13T06:45:37.198+0000] {processor.py:830} INFO - Processing file /home/airflow/.local/lib/python3.8/site-packages/airflow/example_dags/example_task_group.py for tasks to queue
[2025-11-13T06:45:37.202+0000] {logging_mixin.py:188} INFO - [2025-11-13T06:45:37.201+0000] {dagbag.py:538} INFO - Filling up the DagBag from /home/airflow/.local/lib/python3.8/site-packages/airflow/example_dags/example_task_group.py
[2025-11-13T06:45:37.210+0000] {processor.py:840} INFO - DAG(s) 'example_task_group' retrieved from /home/airflow/.local/lib/python3.8/site-packages/airflow/example_dags/example_task_group.py
[2025-11-13T06:45:37.237+0000] {logging_mixin.py:188} INFO - [2025-11-13T06:45:37.237+0000] {dag.py:3036} INFO - Sync 1 DAGs
[2025-11-13T06:45:37.266+0000] {logging_mixin.py:188} INFO - [2025-11-13T06:45:37.265+0000] {dag.py:3823} INFO - Setting next_dagrun for example_task_group to 2025-11-12 00:00:00+00:00, run_after=2025-11-13 00:00:00+00:00
[2025-11-13T06:45:37.301+0000] {processor.py:183} INFO - Processing /home/airflow/.local/lib/python3.8/site-packages/airflow/example_dags/example_task_group.py took 0.108 seconds
[2025-11-13T06:46:08.002+0000] {processor.py:161} INFO - Started process (PID=2512) to work on /home/airflow/.local/lib/python3.8/site-packages/airflow/example_dags/example_task_group.py
[2025-11-13T06:46:08.004+0000] {processor.py:830} INFO - Processing file /home/airflow/.local/lib/python3.8/site-packages/airflow/example_dags/example_task_group.py for tasks to queue
[2025-11-13T06:46:08.007+0000] {logging_mixin.py:188} INFO - [2025-11-13T06:46:08.007+0000] {dagbag.py:538} INFO - Filling up the DagBag from /home/airflow/.local/lib/python3.8/site-packages/airflow/example_dags/example_task_group.py
[2025-11-13T06:46:08.018+0000] {processor.py:840} INFO - DAG(s) 'example_task_group' retrieved from /home/airflow/.local/lib/python3.8/site-packages/airflow/example_dags/example_task_group.py
[2025-11-13T06:46:08.054+0000] {logging_mixin.py:188} INFO - [2025-11-13T06:46:08.054+0000] {dag.py:3036} INFO - Sync 1 DAGs
[2025-11-13T06:46:08.126+0000] {logging_mixin.py:188} INFO - [2025-11-13T06:46:08.126+0000] {dag.py:3823} INFO - Setting next_dagrun for example_task_group to 2025-11-12 00:00:00+00:00, run_after=2025-11-13 00:00:00+00:00
[2025-11-13T06:46:08.187+0000] {processor.py:183} INFO - Processing /home/airflow/.local/lib/python3.8/site-packages/airflow/example_dags/example_task_group.py took 0.191 seconds
[2025-11-13T06:46:38.964+0000] {processor.py:161} INFO - Started process (PID=2575) to work on /home/airflow/.local/lib/python3.8/site-packages/airflow/example_dags/example_task_group.py
[2025-11-13T06:46:38.968+0000] {processor.py:830} INFO - Processing file /home/airflow/.local/lib/python3.8/site-packages/airflow/example_dags/example_task_group.py for tasks to queue
[2025-11-13T06:46:38.983+0000] {logging_mixin.py:188} INFO - [2025-11-13T06:46:38.974+0000] {dagbag.py:538} INFO - Filling up the DagBag from /home/airflow/.local/lib/python3.8/site-packages/airflow/example_dags/example_task_group.py
[2025-11-13T06:46:39.025+0000] {processor.py:840} INFO - DAG(s) 'example_task_group' retrieved from /home/airflow/.local/lib/python3.8/site-packages/airflow/example_dags/example_task_group.py
[2025-11-13T06:46:39.155+0000] {logging_mixin.py:188} INFO - [2025-11-13T06:46:39.154+0000] {dag.py:3036} INFO - Sync 1 DAGs
[2025-11-13T06:46:39.261+0000] {logging_mixin.py:188} INFO - [2025-11-13T06:46:39.261+0000] {dag.py:3823} INFO - Setting next_dagrun for example_task_group to 2025-11-12 00:00:00+00:00, run_after=2025-11-13 00:00:00+00:00
[2025-11-13T06:46:39.339+0000] {processor.py:183} INFO - Processing /home/airflow/.local/lib/python3.8/site-packages/airflow/example_dags/example_task_group.py took 0.394 seconds
[2025-11-13T06:47:10.344+0000] {processor.py:161} INFO - Started process (PID=2637) to work on /home/airflow/.local/lib/python3.8/site-packages/airflow/example_dags/example_task_group.py
[2025-11-13T06:47:10.346+0000] {processor.py:830} INFO - Processing file /home/airflow/.local/lib/python3.8/site-packages/airflow/example_dags/example_task_group.py for tasks to queue
[2025-11-13T06:47:10.350+0000] {logging_mixin.py:188} INFO - [2025-11-13T06:47:10.349+0000] {dagbag.py:538} INFO - Filling up the DagBag from /home/airflow/.local/lib/python3.8/site-packages/airflow/example_dags/example_task_group.py
[2025-11-13T06:47:10.366+0000] {processor.py:840} INFO - DAG(s) 'example_task_group' retrieved from /home/airflow/.local/lib/python3.8/site-packages/airflow/example_dags/example_task_group.py
[2025-11-13T06:47:10.429+0000] {logging_mixin.py:188} INFO - [2025-11-13T06:47:10.428+0000] {dag.py:3036} INFO - Sync 1 DAGs
[2025-11-13T06:47:10.495+0000] {logging_mixin.py:188} INFO - [2025-11-13T06:47:10.494+0000] {dag.py:3823} INFO - Setting next_dagrun for example_task_group to 2025-11-12 00:00:00+00:00, run_after=2025-11-13 00:00:00+00:00
[2025-11-13T06:47:10.556+0000] {processor.py:183} INFO - Processing /home/airflow/.local/lib/python3.8/site-packages/airflow/example_dags/example_task_group.py took 0.222 seconds
[2025-11-13T06:47:41.034+0000] {processor.py:161} INFO - Started process (PID=2700) to work on /home/airflow/.local/lib/python3.8/site-packages/airflow/example_dags/example_task_group.py
[2025-11-13T06:47:41.036+0000] {processor.py:830} INFO - Processing file /home/airflow/.local/lib/python3.8/site-packages/airflow/example_dags/example_task_group.py for tasks to queue
[2025-11-13T06:47:41.039+0000] {logging_mixin.py:188} INFO - [2025-11-13T06:47:41.039+0000] {dagbag.py:538} INFO - Filling up the DagBag from /home/airflow/.local/lib/python3.8/site-packages/airflow/example_dags/example_task_group.py
[2025-11-13T06:47:41.050+0000] {processor.py:840} INFO - DAG(s) 'example_task_group' retrieved from /home/airflow/.local/lib/python3.8/site-packages/airflow/example_dags/example_task_group.py
[2025-11-13T06:47:41.080+0000] {logging_mixin.py:188} INFO - [2025-11-13T06:47:41.080+0000] {dag.py:3036} INFO - Sync 1 DAGs
[2025-11-13T06:47:41.116+0000] {logging_mixin.py:188} INFO - [2025-11-13T06:47:41.115+0000] {dag.py:3823} INFO - Setting next_dagrun for example_task_group to 2025-11-12 00:00:00+00:00, run_after=2025-11-13 00:00:00+00:00
[2025-11-13T06:47:41.146+0000] {processor.py:183} INFO - Processing /home/airflow/.local/lib/python3.8/site-packages/airflow/example_dags/example_task_group.py took 0.115 seconds
[2025-11-13T06:48:11.968+0000] {processor.py:161} INFO - Started process (PID=2762) to work on /home/airflow/.local/lib/python3.8/site-packages/airflow/example_dags/example_task_group.py
[2025-11-13T06:48:11.971+0000] {processor.py:830} INFO - Processing file /home/airflow/.local/lib/python3.8/site-packages/airflow/example_dags/example_task_group.py for tasks to queue
[2025-11-13T06:48:11.977+0000] {logging_mixin.py:188} INFO - [2025-11-13T06:48:11.976+0000] {dagbag.py:538} INFO - Filling up the DagBag from /home/airflow/.local/lib/python3.8/site-packages/airflow/example_dags/example_task_group.py
[2025-11-13T06:48:11.996+0000] {processor.py:840} INFO - DAG(s) 'example_task_group' retrieved from /home/airflow/.local/lib/python3.8/site-packages/airflow/example_dags/example_task_group.py
[2025-11-13T06:48:12.041+0000] {logging_mixin.py:188} INFO - [2025-11-13T06:48:12.041+0000] {dag.py:3036} INFO - Sync 1 DAGs
[2025-11-13T06:48:12.091+0000] {logging_mixin.py:188} INFO - [2025-11-13T06:48:12.090+0000] {dag.py:3823} INFO - Setting next_dagrun for example_task_group to 2025-11-12 00:00:00+00:00, run_after=2025-11-13 00:00:00+00:00
[2025-11-13T06:48:12.137+0000] {processor.py:183} INFO - Processing /home/airflow/.local/lib/python3.8/site-packages/airflow/example_dags/example_task_group.py took 0.190 seconds
[2025-11-13T06:48:43.376+0000] {processor.py:161} INFO - Started process (PID=2824) to work on /home/airflow/.local/lib/python3.8/site-packages/airflow/example_dags/example_task_group.py
[2025-11-13T06:48:43.383+0000] {processor.py:830} INFO - Processing file /home/airflow/.local/lib/python3.8/site-packages/airflow/example_dags/example_task_group.py for tasks to queue
[2025-11-13T06:48:43.397+0000] {logging_mixin.py:188} INFO - [2025-11-13T06:48:43.395+0000] {dagbag.py:538} INFO - Filling up the DagBag from /home/airflow/.local/lib/python3.8/site-packages/airflow/example_dags/example_task_group.py
[2025-11-13T06:48:43.455+0000] {processor.py:840} INFO - DAG(s) 'example_task_group' retrieved from /home/airflow/.local/lib/python3.8/site-packages/airflow/example_dags/example_task_group.py
[2025-11-13T06:48:43.631+0000] {logging_mixin.py:188} INFO - [2025-11-13T06:48:43.630+0000] {dag.py:3036} INFO - Sync 1 DAGs
[2025-11-13T06:48:43.826+0000] {logging_mixin.py:188} INFO - [2025-11-13T06:48:43.825+0000] {dag.py:3823} INFO - Setting next_dagrun for example_task_group to 2025-11-12 00:00:00+00:00, run_after=2025-11-13 00:00:00+00:00
[2025-11-13T06:48:43.979+0000] {processor.py:183} INFO - Processing /home/airflow/.local/lib/python3.8/site-packages/airflow/example_dags/example_task_group.py took 0.627 seconds
[2025-11-13T06:49:14.673+0000] {processor.py:161} INFO - Started process (PID=2886) to work on /home/airflow/.local/lib/python3.8/site-packages/airflow/example_dags/example_task_group.py
[2025-11-13T06:49:14.676+0000] {processor.py:830} INFO - Processing file /home/airflow/.local/lib/python3.8/site-packages/airflow/example_dags/example_task_group.py for tasks to queue
[2025-11-13T06:49:14.684+0000] {logging_mixin.py:188} INFO - [2025-11-13T06:49:14.682+0000] {dagbag.py:538} INFO - Filling up the DagBag from /home/airflow/.local/lib/python3.8/site-packages/airflow/example_dags/example_task_group.py
[2025-11-13T06:49:14.710+0000] {processor.py:840} INFO - DAG(s) 'example_task_group' retrieved from /home/airflow/.local/lib/python3.8/site-packages/airflow/example_dags/example_task_group.py
[2025-11-13T06:49:14.822+0000] {logging_mixin.py:188} INFO - [2025-11-13T06:49:14.819+0000] {dag.py:3036} INFO - Sync 1 DAGs
[2025-11-13T06:49:14.978+0000] {logging_mixin.py:188} INFO - [2025-11-13T06:49:14.977+0000] {dag.py:3823} INFO - Setting next_dagrun for example_task_group to 2025-11-12 00:00:00+00:00, run_after=2025-11-13 00:00:00+00:00
[2025-11-13T06:49:15.108+0000] {processor.py:183} INFO - Processing /home/airflow/.local/lib/python3.8/site-packages/airflow/example_dags/example_task_group.py took 0.447 seconds
