[2025-11-13T06:26:22.244+0000] {processor.py:161} INFO - Started process (PID=110) to work on /home/airflow/.local/lib/python3.8/site-packages/airflow/example_dags/example_short_circuit_operator.py
[2025-11-13T06:26:22.247+0000] {processor.py:830} INFO - Processing file /home/airflow/.local/lib/python3.8/site-packages/airflow/example_dags/example_short_circuit_operator.py for tasks to queue
[2025-11-13T06:26:22.253+0000] {logging_mixin.py:188} INFO - [2025-11-13T06:26:22.252+0000] {dagbag.py:538} INFO - Filling up the DagBag from /home/airflow/.local/lib/python3.8/site-packages/airflow/example_dags/example_short_circuit_operator.py
[2025-11-13T06:26:22.291+0000] {processor.py:840} INFO - DAG(s) 'example_short_circuit_operator' retrieved from /home/airflow/.local/lib/python3.8/site-packages/airflow/example_dags/example_short_circuit_operator.py
[2025-11-13T06:26:22.353+0000] {logging_mixin.py:188} INFO - [2025-11-13T06:26:22.353+0000] {dag.py:3036} INFO - Sync 1 DAGs
[2025-11-13T06:26:22.466+0000] {logging_mixin.py:188} INFO - [2025-11-13T06:26:22.466+0000] {dag.py:3823} INFO - Setting next_dagrun for example_short_circuit_operator to 2025-11-12 00:00:00+00:00, run_after=2025-11-13 00:00:00+00:00
[2025-11-13T06:26:22.568+0000] {processor.py:183} INFO - Processing /home/airflow/.local/lib/python3.8/site-packages/airflow/example_dags/example_short_circuit_operator.py took 0.337 seconds
[2025-11-13T06:26:53.603+0000] {processor.py:161} INFO - Started process (PID=172) to work on /home/airflow/.local/lib/python3.8/site-packages/airflow/example_dags/example_short_circuit_operator.py
[2025-11-13T06:26:53.605+0000] {processor.py:830} INFO - Processing file /home/airflow/.local/lib/python3.8/site-packages/airflow/example_dags/example_short_circuit_operator.py for tasks to queue
[2025-11-13T06:26:53.609+0000] {logging_mixin.py:188} INFO - [2025-11-13T06:26:53.609+0000] {dagbag.py:538} INFO - Filling up the DagBag from /home/airflow/.local/lib/python3.8/site-packages/airflow/example_dags/example_short_circuit_operator.py
[2025-11-13T06:26:53.624+0000] {processor.py:840} INFO - DAG(s) 'example_short_circuit_operator' retrieved from /home/airflow/.local/lib/python3.8/site-packages/airflow/example_dags/example_short_circuit_operator.py
[2025-11-13T06:26:53.846+0000] {logging_mixin.py:188} INFO - [2025-11-13T06:26:53.845+0000] {dag.py:3036} INFO - Sync 1 DAGs
[2025-11-13T06:26:53.889+0000] {logging_mixin.py:188} INFO - [2025-11-13T06:26:53.888+0000] {dag.py:3823} INFO - Setting next_dagrun for example_short_circuit_operator to 2025-11-12 00:00:00+00:00, run_after=2025-11-13 00:00:00+00:00
[2025-11-13T06:26:53.942+0000] {processor.py:183} INFO - Processing /home/airflow/.local/lib/python3.8/site-packages/airflow/example_dags/example_short_circuit_operator.py took 0.346 seconds
[2025-11-13T06:27:24.828+0000] {processor.py:161} INFO - Started process (PID=234) to work on /home/airflow/.local/lib/python3.8/site-packages/airflow/example_dags/example_short_circuit_operator.py
[2025-11-13T06:27:24.830+0000] {processor.py:830} INFO - Processing file /home/airflow/.local/lib/python3.8/site-packages/airflow/example_dags/example_short_circuit_operator.py for tasks to queue
[2025-11-13T06:27:24.833+0000] {logging_mixin.py:188} INFO - [2025-11-13T06:27:24.832+0000] {dagbag.py:538} INFO - Filling up the DagBag from /home/airflow/.local/lib/python3.8/site-packages/airflow/example_dags/example_short_circuit_operator.py
[2025-11-13T06:27:24.843+0000] {processor.py:840} INFO - DAG(s) 'example_short_circuit_operator' retrieved from /home/airflow/.local/lib/python3.8/site-packages/airflow/example_dags/example_short_circuit_operator.py
[2025-11-13T06:27:24.872+0000] {logging_mixin.py:188} INFO - [2025-11-13T06:27:24.872+0000] {dag.py:3036} INFO - Sync 1 DAGs
[2025-11-13T06:27:24.900+0000] {logging_mixin.py:188} INFO - [2025-11-13T06:27:24.900+0000] {dag.py:3823} INFO - Setting next_dagrun for example_short_circuit_operator to 2025-11-12 00:00:00+00:00, run_after=2025-11-13 00:00:00+00:00
[2025-11-13T06:27:24.927+0000] {processor.py:183} INFO - Processing /home/airflow/.local/lib/python3.8/site-packages/airflow/example_dags/example_short_circuit_operator.py took 0.103 seconds
[2025-11-13T06:27:55.326+0000] {processor.py:161} INFO - Started process (PID=302) to work on /home/airflow/.local/lib/python3.8/site-packages/airflow/example_dags/example_short_circuit_operator.py
[2025-11-13T06:27:55.328+0000] {processor.py:830} INFO - Processing file /home/airflow/.local/lib/python3.8/site-packages/airflow/example_dags/example_short_circuit_operator.py for tasks to queue
[2025-11-13T06:27:55.330+0000] {logging_mixin.py:188} INFO - [2025-11-13T06:27:55.330+0000] {dagbag.py:538} INFO - Filling up the DagBag from /home/airflow/.local/lib/python3.8/site-packages/airflow/example_dags/example_short_circuit_operator.py
[2025-11-13T06:27:55.343+0000] {processor.py:840} INFO - DAG(s) 'example_short_circuit_operator' retrieved from /home/airflow/.local/lib/python3.8/site-packages/airflow/example_dags/example_short_circuit_operator.py
[2025-11-13T06:27:55.378+0000] {logging_mixin.py:188} INFO - [2025-11-13T06:27:55.378+0000] {dag.py:3036} INFO - Sync 1 DAGs
[2025-11-13T06:27:55.408+0000] {logging_mixin.py:188} INFO - [2025-11-13T06:27:55.407+0000] {dag.py:3823} INFO - Setting next_dagrun for example_short_circuit_operator to 2025-11-12 00:00:00+00:00, run_after=2025-11-13 00:00:00+00:00
[2025-11-13T06:27:55.436+0000] {processor.py:183} INFO - Processing /home/airflow/.local/lib/python3.8/site-packages/airflow/example_dags/example_short_circuit_operator.py took 0.114 seconds
[2025-11-13T06:28:25.788+0000] {processor.py:161} INFO - Started process (PID=365) to work on /home/airflow/.local/lib/python3.8/site-packages/airflow/example_dags/example_short_circuit_operator.py
[2025-11-13T06:28:25.790+0000] {processor.py:830} INFO - Processing file /home/airflow/.local/lib/python3.8/site-packages/airflow/example_dags/example_short_circuit_operator.py for tasks to queue
[2025-11-13T06:28:25.794+0000] {logging_mixin.py:188} INFO - [2025-11-13T06:28:25.794+0000] {dagbag.py:538} INFO - Filling up the DagBag from /home/airflow/.local/lib/python3.8/site-packages/airflow/example_dags/example_short_circuit_operator.py
[2025-11-13T06:28:25.807+0000] {processor.py:840} INFO - DAG(s) 'example_short_circuit_operator' retrieved from /home/airflow/.local/lib/python3.8/site-packages/airflow/example_dags/example_short_circuit_operator.py
[2025-11-13T06:28:25.857+0000] {logging_mixin.py:188} INFO - [2025-11-13T06:28:25.856+0000] {dag.py:3036} INFO - Sync 1 DAGs
[2025-11-13T06:28:25.910+0000] {logging_mixin.py:188} INFO - [2025-11-13T06:28:25.910+0000] {dag.py:3823} INFO - Setting next_dagrun for example_short_circuit_operator to 2025-11-12 00:00:00+00:00, run_after=2025-11-13 00:00:00+00:00
[2025-11-13T06:28:25.959+0000] {processor.py:183} INFO - Processing /home/airflow/.local/lib/python3.8/site-packages/airflow/example_dags/example_short_circuit_operator.py took 0.177 seconds
[2025-11-13T06:28:56.363+0000] {processor.py:161} INFO - Started process (PID=427) to work on /home/airflow/.local/lib/python3.8/site-packages/airflow/example_dags/example_short_circuit_operator.py
[2025-11-13T06:28:56.365+0000] {processor.py:830} INFO - Processing file /home/airflow/.local/lib/python3.8/site-packages/airflow/example_dags/example_short_circuit_operator.py for tasks to queue
[2025-11-13T06:28:56.368+0000] {logging_mixin.py:188} INFO - [2025-11-13T06:28:56.368+0000] {dagbag.py:538} INFO - Filling up the DagBag from /home/airflow/.local/lib/python3.8/site-packages/airflow/example_dags/example_short_circuit_operator.py
[2025-11-13T06:28:56.380+0000] {processor.py:840} INFO - DAG(s) 'example_short_circuit_operator' retrieved from /home/airflow/.local/lib/python3.8/site-packages/airflow/example_dags/example_short_circuit_operator.py
[2025-11-13T06:28:56.419+0000] {logging_mixin.py:188} INFO - [2025-11-13T06:28:56.419+0000] {dag.py:3036} INFO - Sync 1 DAGs
[2025-11-13T06:28:56.460+0000] {logging_mixin.py:188} INFO - [2025-11-13T06:28:56.459+0000] {dag.py:3823} INFO - Setting next_dagrun for example_short_circuit_operator to 2025-11-12 00:00:00+00:00, run_after=2025-11-13 00:00:00+00:00
[2025-11-13T06:28:56.495+0000] {processor.py:183} INFO - Processing /home/airflow/.local/lib/python3.8/site-packages/airflow/example_dags/example_short_circuit_operator.py took 0.137 seconds
[2025-11-13T06:29:27.030+0000] {processor.py:161} INFO - Started process (PID=489) to work on /home/airflow/.local/lib/python3.8/site-packages/airflow/example_dags/example_short_circuit_operator.py
[2025-11-13T06:29:27.032+0000] {processor.py:830} INFO - Processing file /home/airflow/.local/lib/python3.8/site-packages/airflow/example_dags/example_short_circuit_operator.py for tasks to queue
[2025-11-13T06:29:27.034+0000] {logging_mixin.py:188} INFO - [2025-11-13T06:29:27.034+0000] {dagbag.py:538} INFO - Filling up the DagBag from /home/airflow/.local/lib/python3.8/site-packages/airflow/example_dags/example_short_circuit_operator.py
[2025-11-13T06:29:27.042+0000] {processor.py:840} INFO - DAG(s) 'example_short_circuit_operator' retrieved from /home/airflow/.local/lib/python3.8/site-packages/airflow/example_dags/example_short_circuit_operator.py
[2025-11-13T06:29:27.070+0000] {logging_mixin.py:188} INFO - [2025-11-13T06:29:27.070+0000] {dag.py:3036} INFO - Sync 1 DAGs
[2025-11-13T06:29:27.096+0000] {logging_mixin.py:188} INFO - [2025-11-13T06:29:27.096+0000] {dag.py:3823} INFO - Setting next_dagrun for example_short_circuit_operator to 2025-11-12 00:00:00+00:00, run_after=2025-11-13 00:00:00+00:00
[2025-11-13T06:29:27.123+0000] {processor.py:183} INFO - Processing /home/airflow/.local/lib/python3.8/site-packages/airflow/example_dags/example_short_circuit_operator.py took 0.098 seconds
[2025-11-13T06:29:57.808+0000] {processor.py:161} INFO - Started process (PID=551) to work on /home/airflow/.local/lib/python3.8/site-packages/airflow/example_dags/example_short_circuit_operator.py
[2025-11-13T06:29:57.810+0000] {processor.py:830} INFO - Processing file /home/airflow/.local/lib/python3.8/site-packages/airflow/example_dags/example_short_circuit_operator.py for tasks to queue
[2025-11-13T06:29:57.813+0000] {logging_mixin.py:188} INFO - [2025-11-13T06:29:57.812+0000] {dagbag.py:538} INFO - Filling up the DagBag from /home/airflow/.local/lib/python3.8/site-packages/airflow/example_dags/example_short_circuit_operator.py
[2025-11-13T06:29:57.822+0000] {processor.py:840} INFO - DAG(s) 'example_short_circuit_operator' retrieved from /home/airflow/.local/lib/python3.8/site-packages/airflow/example_dags/example_short_circuit_operator.py
[2025-11-13T06:29:57.854+0000] {logging_mixin.py:188} INFO - [2025-11-13T06:29:57.854+0000] {dag.py:3036} INFO - Sync 1 DAGs
[2025-11-13T06:29:57.885+0000] {logging_mixin.py:188} INFO - [2025-11-13T06:29:57.884+0000] {dag.py:3823} INFO - Setting next_dagrun for example_short_circuit_operator to 2025-11-12 00:00:00+00:00, run_after=2025-11-13 00:00:00+00:00
[2025-11-13T06:29:57.913+0000] {processor.py:183} INFO - Processing /home/airflow/.local/lib/python3.8/site-packages/airflow/example_dags/example_short_circuit_operator.py took 0.110 seconds
[2025-11-13T06:30:28.073+0000] {processor.py:161} INFO - Started process (PID=613) to work on /home/airflow/.local/lib/python3.8/site-packages/airflow/example_dags/example_short_circuit_operator.py
[2025-11-13T06:30:28.074+0000] {processor.py:830} INFO - Processing file /home/airflow/.local/lib/python3.8/site-packages/airflow/example_dags/example_short_circuit_operator.py for tasks to queue
[2025-11-13T06:30:28.076+0000] {logging_mixin.py:188} INFO - [2025-11-13T06:30:28.076+0000] {dagbag.py:538} INFO - Filling up the DagBag from /home/airflow/.local/lib/python3.8/site-packages/airflow/example_dags/example_short_circuit_operator.py
[2025-11-13T06:30:28.085+0000] {processor.py:840} INFO - DAG(s) 'example_short_circuit_operator' retrieved from /home/airflow/.local/lib/python3.8/site-packages/airflow/example_dags/example_short_circuit_operator.py
[2025-11-13T06:30:28.114+0000] {logging_mixin.py:188} INFO - [2025-11-13T06:30:28.114+0000] {dag.py:3036} INFO - Sync 1 DAGs
[2025-11-13T06:30:28.148+0000] {logging_mixin.py:188} INFO - [2025-11-13T06:30:28.147+0000] {dag.py:3823} INFO - Setting next_dagrun for example_short_circuit_operator to 2025-11-12 00:00:00+00:00, run_after=2025-11-13 00:00:00+00:00
[2025-11-13T06:30:28.187+0000] {processor.py:183} INFO - Processing /home/airflow/.local/lib/python3.8/site-packages/airflow/example_dags/example_short_circuit_operator.py took 0.118 seconds
[2025-11-13T06:30:58.642+0000] {processor.py:161} INFO - Started process (PID=675) to work on /home/airflow/.local/lib/python3.8/site-packages/airflow/example_dags/example_short_circuit_operator.py
[2025-11-13T06:30:58.643+0000] {processor.py:830} INFO - Processing file /home/airflow/.local/lib/python3.8/site-packages/airflow/example_dags/example_short_circuit_operator.py for tasks to queue
[2025-11-13T06:30:58.647+0000] {logging_mixin.py:188} INFO - [2025-11-13T06:30:58.647+0000] {dagbag.py:538} INFO - Filling up the DagBag from /home/airflow/.local/lib/python3.8/site-packages/airflow/example_dags/example_short_circuit_operator.py
[2025-11-13T06:30:58.657+0000] {processor.py:840} INFO - DAG(s) 'example_short_circuit_operator' retrieved from /home/airflow/.local/lib/python3.8/site-packages/airflow/example_dags/example_short_circuit_operator.py
[2025-11-13T06:30:58.689+0000] {logging_mixin.py:188} INFO - [2025-11-13T06:30:58.689+0000] {dag.py:3036} INFO - Sync 1 DAGs
[2025-11-13T06:30:58.715+0000] {logging_mixin.py:188} INFO - [2025-11-13T06:30:58.715+0000] {dag.py:3823} INFO - Setting next_dagrun for example_short_circuit_operator to 2025-11-12 00:00:00+00:00, run_after=2025-11-13 00:00:00+00:00
[2025-11-13T06:30:58.746+0000] {processor.py:183} INFO - Processing /home/airflow/.local/lib/python3.8/site-packages/airflow/example_dags/example_short_circuit_operator.py took 0.108 seconds
[2025-11-13T06:31:29.735+0000] {processor.py:161} INFO - Started process (PID=737) to work on /home/airflow/.local/lib/python3.8/site-packages/airflow/example_dags/example_short_circuit_operator.py
[2025-11-13T06:31:29.736+0000] {processor.py:830} INFO - Processing file /home/airflow/.local/lib/python3.8/site-packages/airflow/example_dags/example_short_circuit_operator.py for tasks to queue
[2025-11-13T06:31:29.740+0000] {logging_mixin.py:188} INFO - [2025-11-13T06:31:29.739+0000] {dagbag.py:538} INFO - Filling up the DagBag from /home/airflow/.local/lib/python3.8/site-packages/airflow/example_dags/example_short_circuit_operator.py
[2025-11-13T06:31:29.750+0000] {processor.py:840} INFO - DAG(s) 'example_short_circuit_operator' retrieved from /home/airflow/.local/lib/python3.8/site-packages/airflow/example_dags/example_short_circuit_operator.py
[2025-11-13T06:31:29.783+0000] {logging_mixin.py:188} INFO - [2025-11-13T06:31:29.783+0000] {dag.py:3036} INFO - Sync 1 DAGs
[2025-11-13T06:31:29.813+0000] {logging_mixin.py:188} INFO - [2025-11-13T06:31:29.812+0000] {dag.py:3823} INFO - Setting next_dagrun for example_short_circuit_operator to 2025-11-12 00:00:00+00:00, run_after=2025-11-13 00:00:00+00:00
[2025-11-13T06:31:29.844+0000] {processor.py:183} INFO - Processing /home/airflow/.local/lib/python3.8/site-packages/airflow/example_dags/example_short_circuit_operator.py took 0.113 seconds
[2025-11-13T06:32:00.126+0000] {processor.py:161} INFO - Started process (PID=799) to work on /home/airflow/.local/lib/python3.8/site-packages/airflow/example_dags/example_short_circuit_operator.py
[2025-11-13T06:32:00.127+0000] {processor.py:830} INFO - Processing file /home/airflow/.local/lib/python3.8/site-packages/airflow/example_dags/example_short_circuit_operator.py for tasks to queue
[2025-11-13T06:32:00.130+0000] {logging_mixin.py:188} INFO - [2025-11-13T06:32:00.129+0000] {dagbag.py:538} INFO - Filling up the DagBag from /home/airflow/.local/lib/python3.8/site-packages/airflow/example_dags/example_short_circuit_operator.py
[2025-11-13T06:32:00.139+0000] {processor.py:840} INFO - DAG(s) 'example_short_circuit_operator' retrieved from /home/airflow/.local/lib/python3.8/site-packages/airflow/example_dags/example_short_circuit_operator.py
[2025-11-13T06:32:00.167+0000] {logging_mixin.py:188} INFO - [2025-11-13T06:32:00.167+0000] {dag.py:3036} INFO - Sync 1 DAGs
[2025-11-13T06:32:00.192+0000] {logging_mixin.py:188} INFO - [2025-11-13T06:32:00.192+0000] {dag.py:3823} INFO - Setting next_dagrun for example_short_circuit_operator to 2025-11-12 00:00:00+00:00, run_after=2025-11-13 00:00:00+00:00
[2025-11-13T06:32:00.225+0000] {processor.py:183} INFO - Processing /home/airflow/.local/lib/python3.8/site-packages/airflow/example_dags/example_short_circuit_operator.py took 0.103 seconds
[2025-11-13T06:32:31.022+0000] {processor.py:161} INFO - Started process (PID=861) to work on /home/airflow/.local/lib/python3.8/site-packages/airflow/example_dags/example_short_circuit_operator.py
[2025-11-13T06:32:31.023+0000] {processor.py:830} INFO - Processing file /home/airflow/.local/lib/python3.8/site-packages/airflow/example_dags/example_short_circuit_operator.py for tasks to queue
[2025-11-13T06:32:31.027+0000] {logging_mixin.py:188} INFO - [2025-11-13T06:32:31.026+0000] {dagbag.py:538} INFO - Filling up the DagBag from /home/airflow/.local/lib/python3.8/site-packages/airflow/example_dags/example_short_circuit_operator.py
[2025-11-13T06:32:31.039+0000] {processor.py:840} INFO - DAG(s) 'example_short_circuit_operator' retrieved from /home/airflow/.local/lib/python3.8/site-packages/airflow/example_dags/example_short_circuit_operator.py
[2025-11-13T06:32:31.074+0000] {logging_mixin.py:188} INFO - [2025-11-13T06:32:31.073+0000] {dag.py:3036} INFO - Sync 1 DAGs
[2025-11-13T06:32:31.109+0000] {logging_mixin.py:188} INFO - [2025-11-13T06:32:31.108+0000] {dag.py:3823} INFO - Setting next_dagrun for example_short_circuit_operator to 2025-11-12 00:00:00+00:00, run_after=2025-11-13 00:00:00+00:00
[2025-11-13T06:32:31.148+0000] {processor.py:183} INFO - Processing /home/airflow/.local/lib/python3.8/site-packages/airflow/example_dags/example_short_circuit_operator.py took 0.132 seconds
[2025-11-13T06:33:01.828+0000] {processor.py:161} INFO - Started process (PID=923) to work on /home/airflow/.local/lib/python3.8/site-packages/airflow/example_dags/example_short_circuit_operator.py
[2025-11-13T06:33:01.830+0000] {processor.py:830} INFO - Processing file /home/airflow/.local/lib/python3.8/site-packages/airflow/example_dags/example_short_circuit_operator.py for tasks to queue
[2025-11-13T06:33:01.835+0000] {logging_mixin.py:188} INFO - [2025-11-13T06:33:01.834+0000] {dagbag.py:538} INFO - Filling up the DagBag from /home/airflow/.local/lib/python3.8/site-packages/airflow/example_dags/example_short_circuit_operator.py
[2025-11-13T06:33:01.850+0000] {processor.py:840} INFO - DAG(s) 'example_short_circuit_operator' retrieved from /home/airflow/.local/lib/python3.8/site-packages/airflow/example_dags/example_short_circuit_operator.py
[2025-11-13T06:33:01.903+0000] {logging_mixin.py:188} INFO - [2025-11-13T06:33:01.903+0000] {dag.py:3036} INFO - Sync 1 DAGs
[2025-11-13T06:33:01.963+0000] {logging_mixin.py:188} INFO - [2025-11-13T06:33:01.962+0000] {dag.py:3823} INFO - Setting next_dagrun for example_short_circuit_operator to 2025-11-12 00:00:00+00:00, run_after=2025-11-13 00:00:00+00:00
[2025-11-13T06:33:02.028+0000] {processor.py:183} INFO - Processing /home/airflow/.local/lib/python3.8/site-packages/airflow/example_dags/example_short_circuit_operator.py took 0.208 seconds
[2025-11-13T06:33:32.234+0000] {processor.py:161} INFO - Started process (PID=984) to work on /home/airflow/.local/lib/python3.8/site-packages/airflow/example_dags/example_short_circuit_operator.py
[2025-11-13T06:33:32.237+0000] {processor.py:830} INFO - Processing file /home/airflow/.local/lib/python3.8/site-packages/airflow/example_dags/example_short_circuit_operator.py for tasks to queue
[2025-11-13T06:33:32.243+0000] {logging_mixin.py:188} INFO - [2025-11-13T06:33:32.242+0000] {dagbag.py:538} INFO - Filling up the DagBag from /home/airflow/.local/lib/python3.8/site-packages/airflow/example_dags/example_short_circuit_operator.py
[2025-11-13T06:33:32.255+0000] {processor.py:840} INFO - DAG(s) 'example_short_circuit_operator' retrieved from /home/airflow/.local/lib/python3.8/site-packages/airflow/example_dags/example_short_circuit_operator.py
[2025-11-13T06:33:32.281+0000] {logging_mixin.py:188} INFO - [2025-11-13T06:33:32.281+0000] {dag.py:3036} INFO - Sync 1 DAGs
[2025-11-13T06:33:32.308+0000] {logging_mixin.py:188} INFO - [2025-11-13T06:33:32.308+0000] {dag.py:3823} INFO - Setting next_dagrun for example_short_circuit_operator to 2025-11-12 00:00:00+00:00, run_after=2025-11-13 00:00:00+00:00
[2025-11-13T06:33:32.334+0000] {processor.py:183} INFO - Processing /home/airflow/.local/lib/python3.8/site-packages/airflow/example_dags/example_short_circuit_operator.py took 0.107 seconds
[2025-11-13T06:34:02.767+0000] {processor.py:161} INFO - Started process (PID=1047) to work on /home/airflow/.local/lib/python3.8/site-packages/airflow/example_dags/example_short_circuit_operator.py
[2025-11-13T06:34:02.769+0000] {processor.py:830} INFO - Processing file /home/airflow/.local/lib/python3.8/site-packages/airflow/example_dags/example_short_circuit_operator.py for tasks to queue
[2025-11-13T06:34:02.774+0000] {logging_mixin.py:188} INFO - [2025-11-13T06:34:02.773+0000] {dagbag.py:538} INFO - Filling up the DagBag from /home/airflow/.local/lib/python3.8/site-packages/airflow/example_dags/example_short_circuit_operator.py
[2025-11-13T06:34:02.791+0000] {processor.py:840} INFO - DAG(s) 'example_short_circuit_operator' retrieved from /home/airflow/.local/lib/python3.8/site-packages/airflow/example_dags/example_short_circuit_operator.py
[2025-11-13T06:34:02.835+0000] {logging_mixin.py:188} INFO - [2025-11-13T06:34:02.835+0000] {dag.py:3036} INFO - Sync 1 DAGs
[2025-11-13T06:34:02.880+0000] {logging_mixin.py:188} INFO - [2025-11-13T06:34:02.880+0000] {dag.py:3823} INFO - Setting next_dagrun for example_short_circuit_operator to 2025-11-12 00:00:00+00:00, run_after=2025-11-13 00:00:00+00:00
[2025-11-13T06:34:02.919+0000] {processor.py:183} INFO - Processing /home/airflow/.local/lib/python3.8/site-packages/airflow/example_dags/example_short_circuit_operator.py took 0.158 seconds
[2025-11-13T06:34:33.384+0000] {processor.py:161} INFO - Started process (PID=1109) to work on /home/airflow/.local/lib/python3.8/site-packages/airflow/example_dags/example_short_circuit_operator.py
[2025-11-13T06:34:33.386+0000] {processor.py:830} INFO - Processing file /home/airflow/.local/lib/python3.8/site-packages/airflow/example_dags/example_short_circuit_operator.py for tasks to queue
[2025-11-13T06:34:33.389+0000] {logging_mixin.py:188} INFO - [2025-11-13T06:34:33.388+0000] {dagbag.py:538} INFO - Filling up the DagBag from /home/airflow/.local/lib/python3.8/site-packages/airflow/example_dags/example_short_circuit_operator.py
[2025-11-13T06:34:33.400+0000] {processor.py:840} INFO - DAG(s) 'example_short_circuit_operator' retrieved from /home/airflow/.local/lib/python3.8/site-packages/airflow/example_dags/example_short_circuit_operator.py
[2025-11-13T06:34:33.439+0000] {logging_mixin.py:188} INFO - [2025-11-13T06:34:33.438+0000] {dag.py:3036} INFO - Sync 1 DAGs
[2025-11-13T06:34:33.473+0000] {logging_mixin.py:188} INFO - [2025-11-13T06:34:33.472+0000] {dag.py:3823} INFO - Setting next_dagrun for example_short_circuit_operator to 2025-11-12 00:00:00+00:00, run_after=2025-11-13 00:00:00+00:00
[2025-11-13T06:34:33.512+0000] {processor.py:183} INFO - Processing /home/airflow/.local/lib/python3.8/site-packages/airflow/example_dags/example_short_circuit_operator.py took 0.132 seconds
[2025-11-13T06:35:03.790+0000] {processor.py:161} INFO - Started process (PID=1170) to work on /home/airflow/.local/lib/python3.8/site-packages/airflow/example_dags/example_short_circuit_operator.py
[2025-11-13T06:35:03.792+0000] {processor.py:830} INFO - Processing file /home/airflow/.local/lib/python3.8/site-packages/airflow/example_dags/example_short_circuit_operator.py for tasks to queue
[2025-11-13T06:35:03.794+0000] {logging_mixin.py:188} INFO - [2025-11-13T06:35:03.794+0000] {dagbag.py:538} INFO - Filling up the DagBag from /home/airflow/.local/lib/python3.8/site-packages/airflow/example_dags/example_short_circuit_operator.py
[2025-11-13T06:35:03.804+0000] {processor.py:840} INFO - DAG(s) 'example_short_circuit_operator' retrieved from /home/airflow/.local/lib/python3.8/site-packages/airflow/example_dags/example_short_circuit_operator.py
[2025-11-13T06:35:03.835+0000] {logging_mixin.py:188} INFO - [2025-11-13T06:35:03.834+0000] {dag.py:3036} INFO - Sync 1 DAGs
[2025-11-13T06:35:03.866+0000] {logging_mixin.py:188} INFO - [2025-11-13T06:35:03.866+0000] {dag.py:3823} INFO - Setting next_dagrun for example_short_circuit_operator to 2025-11-12 00:00:00+00:00, run_after=2025-11-13 00:00:00+00:00
[2025-11-13T06:35:03.900+0000] {processor.py:183} INFO - Processing /home/airflow/.local/lib/python3.8/site-packages/airflow/example_dags/example_short_circuit_operator.py took 0.114 seconds
[2025-11-13T06:35:34.502+0000] {processor.py:161} INFO - Started process (PID=1233) to work on /home/airflow/.local/lib/python3.8/site-packages/airflow/example_dags/example_short_circuit_operator.py
[2025-11-13T06:35:34.504+0000] {processor.py:830} INFO - Processing file /home/airflow/.local/lib/python3.8/site-packages/airflow/example_dags/example_short_circuit_operator.py for tasks to queue
[2025-11-13T06:35:34.506+0000] {logging_mixin.py:188} INFO - [2025-11-13T06:35:34.506+0000] {dagbag.py:538} INFO - Filling up the DagBag from /home/airflow/.local/lib/python3.8/site-packages/airflow/example_dags/example_short_circuit_operator.py
[2025-11-13T06:35:34.515+0000] {processor.py:840} INFO - DAG(s) 'example_short_circuit_operator' retrieved from /home/airflow/.local/lib/python3.8/site-packages/airflow/example_dags/example_short_circuit_operator.py
[2025-11-13T06:35:34.545+0000] {logging_mixin.py:188} INFO - [2025-11-13T06:35:34.544+0000] {dag.py:3036} INFO - Sync 1 DAGs
[2025-11-13T06:35:34.570+0000] {logging_mixin.py:188} INFO - [2025-11-13T06:35:34.569+0000] {dag.py:3823} INFO - Setting next_dagrun for example_short_circuit_operator to 2025-11-12 00:00:00+00:00, run_after=2025-11-13 00:00:00+00:00
[2025-11-13T06:35:34.603+0000] {processor.py:183} INFO - Processing /home/airflow/.local/lib/python3.8/site-packages/airflow/example_dags/example_short_circuit_operator.py took 0.105 seconds
[2025-11-13T06:36:05.493+0000] {processor.py:161} INFO - Started process (PID=1295) to work on /home/airflow/.local/lib/python3.8/site-packages/airflow/example_dags/example_short_circuit_operator.py
[2025-11-13T06:36:05.495+0000] {processor.py:830} INFO - Processing file /home/airflow/.local/lib/python3.8/site-packages/airflow/example_dags/example_short_circuit_operator.py for tasks to queue
[2025-11-13T06:36:05.498+0000] {logging_mixin.py:188} INFO - [2025-11-13T06:36:05.497+0000] {dagbag.py:538} INFO - Filling up the DagBag from /home/airflow/.local/lib/python3.8/site-packages/airflow/example_dags/example_short_circuit_operator.py
[2025-11-13T06:36:05.507+0000] {processor.py:840} INFO - DAG(s) 'example_short_circuit_operator' retrieved from /home/airflow/.local/lib/python3.8/site-packages/airflow/example_dags/example_short_circuit_operator.py
[2025-11-13T06:36:05.535+0000] {logging_mixin.py:188} INFO - [2025-11-13T06:36:05.535+0000] {dag.py:3036} INFO - Sync 1 DAGs
[2025-11-13T06:36:05.560+0000] {logging_mixin.py:188} INFO - [2025-11-13T06:36:05.560+0000] {dag.py:3823} INFO - Setting next_dagrun for example_short_circuit_operator to 2025-11-12 00:00:00+00:00, run_after=2025-11-13 00:00:00+00:00
[2025-11-13T06:36:05.594+0000] {processor.py:183} INFO - Processing /home/airflow/.local/lib/python3.8/site-packages/airflow/example_dags/example_short_circuit_operator.py took 0.105 seconds
[2025-11-13T06:36:36.426+0000] {processor.py:161} INFO - Started process (PID=1358) to work on /home/airflow/.local/lib/python3.8/site-packages/airflow/example_dags/example_short_circuit_operator.py
[2025-11-13T06:36:36.429+0000] {processor.py:830} INFO - Processing file /home/airflow/.local/lib/python3.8/site-packages/airflow/example_dags/example_short_circuit_operator.py for tasks to queue
[2025-11-13T06:36:36.434+0000] {logging_mixin.py:188} INFO - [2025-11-13T06:36:36.433+0000] {dagbag.py:538} INFO - Filling up the DagBag from /home/airflow/.local/lib/python3.8/site-packages/airflow/example_dags/example_short_circuit_operator.py
[2025-11-13T06:36:36.460+0000] {processor.py:840} INFO - DAG(s) 'example_short_circuit_operator' retrieved from /home/airflow/.local/lib/python3.8/site-packages/airflow/example_dags/example_short_circuit_operator.py
[2025-11-13T06:36:36.515+0000] {logging_mixin.py:188} INFO - [2025-11-13T06:36:36.514+0000] {dag.py:3036} INFO - Sync 1 DAGs
[2025-11-13T06:36:36.570+0000] {logging_mixin.py:188} INFO - [2025-11-13T06:36:36.569+0000] {dag.py:3823} INFO - Setting next_dagrun for example_short_circuit_operator to 2025-11-12 00:00:00+00:00, run_after=2025-11-13 00:00:00+00:00
[2025-11-13T06:36:36.642+0000] {processor.py:183} INFO - Processing /home/airflow/.local/lib/python3.8/site-packages/airflow/example_dags/example_short_circuit_operator.py took 0.222 seconds
[2025-11-13T06:37:06.826+0000] {processor.py:161} INFO - Started process (PID=1419) to work on /home/airflow/.local/lib/python3.8/site-packages/airflow/example_dags/example_short_circuit_operator.py
[2025-11-13T06:37:06.830+0000] {processor.py:830} INFO - Processing file /home/airflow/.local/lib/python3.8/site-packages/airflow/example_dags/example_short_circuit_operator.py for tasks to queue
[2025-11-13T06:37:06.839+0000] {logging_mixin.py:188} INFO - [2025-11-13T06:37:06.838+0000] {dagbag.py:538} INFO - Filling up the DagBag from /home/airflow/.local/lib/python3.8/site-packages/airflow/example_dags/example_short_circuit_operator.py
[2025-11-13T06:37:06.872+0000] {processor.py:840} INFO - DAG(s) 'example_short_circuit_operator' retrieved from /home/airflow/.local/lib/python3.8/site-packages/airflow/example_dags/example_short_circuit_operator.py
[2025-11-13T06:37:06.996+0000] {logging_mixin.py:188} INFO - [2025-11-13T06:37:06.995+0000] {dag.py:3036} INFO - Sync 1 DAGs
[2025-11-13T06:37:07.061+0000] {logging_mixin.py:188} INFO - [2025-11-13T06:37:07.061+0000] {dag.py:3823} INFO - Setting next_dagrun for example_short_circuit_operator to 2025-11-12 00:00:00+00:00, run_after=2025-11-13 00:00:00+00:00
[2025-11-13T06:37:07.108+0000] {processor.py:183} INFO - Processing /home/airflow/.local/lib/python3.8/site-packages/airflow/example_dags/example_short_circuit_operator.py took 0.296 seconds
[2025-11-13T06:37:37.183+0000] {processor.py:161} INFO - Started process (PID=1481) to work on /home/airflow/.local/lib/python3.8/site-packages/airflow/example_dags/example_short_circuit_operator.py
[2025-11-13T06:37:37.185+0000] {processor.py:830} INFO - Processing file /home/airflow/.local/lib/python3.8/site-packages/airflow/example_dags/example_short_circuit_operator.py for tasks to queue
[2025-11-13T06:37:37.189+0000] {logging_mixin.py:188} INFO - [2025-11-13T06:37:37.188+0000] {dagbag.py:538} INFO - Filling up the DagBag from /home/airflow/.local/lib/python3.8/site-packages/airflow/example_dags/example_short_circuit_operator.py
[2025-11-13T06:37:37.201+0000] {processor.py:840} INFO - DAG(s) 'example_short_circuit_operator' retrieved from /home/airflow/.local/lib/python3.8/site-packages/airflow/example_dags/example_short_circuit_operator.py
[2025-11-13T06:37:37.239+0000] {logging_mixin.py:188} INFO - [2025-11-13T06:37:37.238+0000] {dag.py:3036} INFO - Sync 1 DAGs
[2025-11-13T06:37:37.276+0000] {logging_mixin.py:188} INFO - [2025-11-13T06:37:37.276+0000] {dag.py:3823} INFO - Setting next_dagrun for example_short_circuit_operator to 2025-11-12 00:00:00+00:00, run_after=2025-11-13 00:00:00+00:00
[2025-11-13T06:37:37.315+0000] {processor.py:183} INFO - Processing /home/airflow/.local/lib/python3.8/site-packages/airflow/example_dags/example_short_circuit_operator.py took 0.137 seconds
[2025-11-13T06:38:07.703+0000] {processor.py:161} INFO - Started process (PID=1543) to work on /home/airflow/.local/lib/python3.8/site-packages/airflow/example_dags/example_short_circuit_operator.py
[2025-11-13T06:38:07.705+0000] {processor.py:830} INFO - Processing file /home/airflow/.local/lib/python3.8/site-packages/airflow/example_dags/example_short_circuit_operator.py for tasks to queue
[2025-11-13T06:38:07.710+0000] {logging_mixin.py:188} INFO - [2025-11-13T06:38:07.709+0000] {dagbag.py:538} INFO - Filling up the DagBag from /home/airflow/.local/lib/python3.8/site-packages/airflow/example_dags/example_short_circuit_operator.py
[2025-11-13T06:38:07.727+0000] {processor.py:840} INFO - DAG(s) 'example_short_circuit_operator' retrieved from /home/airflow/.local/lib/python3.8/site-packages/airflow/example_dags/example_short_circuit_operator.py
[2025-11-13T06:38:07.798+0000] {logging_mixin.py:188} INFO - [2025-11-13T06:38:07.798+0000] {dag.py:3036} INFO - Sync 1 DAGs
[2025-11-13T06:38:07.854+0000] {logging_mixin.py:188} INFO - [2025-11-13T06:38:07.853+0000] {dag.py:3823} INFO - Setting next_dagrun for example_short_circuit_operator to 2025-11-12 00:00:00+00:00, run_after=2025-11-13 00:00:00+00:00
[2025-11-13T06:38:07.891+0000] {processor.py:183} INFO - Processing /home/airflow/.local/lib/python3.8/site-packages/airflow/example_dags/example_short_circuit_operator.py took 0.194 seconds
[2025-11-13T06:38:37.977+0000] {processor.py:161} INFO - Started process (PID=1605) to work on /home/airflow/.local/lib/python3.8/site-packages/airflow/example_dags/example_short_circuit_operator.py
[2025-11-13T06:38:37.979+0000] {processor.py:830} INFO - Processing file /home/airflow/.local/lib/python3.8/site-packages/airflow/example_dags/example_short_circuit_operator.py for tasks to queue
[2025-11-13T06:38:37.983+0000] {logging_mixin.py:188} INFO - [2025-11-13T06:38:37.983+0000] {dagbag.py:538} INFO - Filling up the DagBag from /home/airflow/.local/lib/python3.8/site-packages/airflow/example_dags/example_short_circuit_operator.py
[2025-11-13T06:38:37.998+0000] {processor.py:840} INFO - DAG(s) 'example_short_circuit_operator' retrieved from /home/airflow/.local/lib/python3.8/site-packages/airflow/example_dags/example_short_circuit_operator.py
[2025-11-13T06:38:38.043+0000] {logging_mixin.py:188} INFO - [2025-11-13T06:38:38.043+0000] {dag.py:3036} INFO - Sync 1 DAGs
[2025-11-13T06:38:38.089+0000] {logging_mixin.py:188} INFO - [2025-11-13T06:38:38.088+0000] {dag.py:3823} INFO - Setting next_dagrun for example_short_circuit_operator to 2025-11-12 00:00:00+00:00, run_after=2025-11-13 00:00:00+00:00
[2025-11-13T06:38:38.146+0000] {processor.py:183} INFO - Processing /home/airflow/.local/lib/python3.8/site-packages/airflow/example_dags/example_short_circuit_operator.py took 0.176 seconds
[2025-11-13T06:39:08.573+0000] {processor.py:161} INFO - Started process (PID=1667) to work on /home/airflow/.local/lib/python3.8/site-packages/airflow/example_dags/example_short_circuit_operator.py
[2025-11-13T06:39:08.575+0000] {processor.py:830} INFO - Processing file /home/airflow/.local/lib/python3.8/site-packages/airflow/example_dags/example_short_circuit_operator.py for tasks to queue
[2025-11-13T06:39:08.578+0000] {logging_mixin.py:188} INFO - [2025-11-13T06:39:08.578+0000] {dagbag.py:538} INFO - Filling up the DagBag from /home/airflow/.local/lib/python3.8/site-packages/airflow/example_dags/example_short_circuit_operator.py
[2025-11-13T06:39:08.593+0000] {processor.py:840} INFO - DAG(s) 'example_short_circuit_operator' retrieved from /home/airflow/.local/lib/python3.8/site-packages/airflow/example_dags/example_short_circuit_operator.py
[2025-11-13T06:39:08.639+0000] {logging_mixin.py:188} INFO - [2025-11-13T06:39:08.638+0000] {dag.py:3036} INFO - Sync 1 DAGs
[2025-11-13T06:39:08.679+0000] {logging_mixin.py:188} INFO - [2025-11-13T06:39:08.679+0000] {dag.py:3823} INFO - Setting next_dagrun for example_short_circuit_operator to 2025-11-12 00:00:00+00:00, run_after=2025-11-13 00:00:00+00:00
[2025-11-13T06:39:08.721+0000] {processor.py:183} INFO - Processing /home/airflow/.local/lib/python3.8/site-packages/airflow/example_dags/example_short_circuit_operator.py took 0.154 seconds
[2025-11-13T06:39:39.086+0000] {processor.py:161} INFO - Started process (PID=1729) to work on /home/airflow/.local/lib/python3.8/site-packages/airflow/example_dags/example_short_circuit_operator.py
[2025-11-13T06:39:39.088+0000] {processor.py:830} INFO - Processing file /home/airflow/.local/lib/python3.8/site-packages/airflow/example_dags/example_short_circuit_operator.py for tasks to queue
[2025-11-13T06:39:39.091+0000] {logging_mixin.py:188} INFO - [2025-11-13T06:39:39.090+0000] {dagbag.py:538} INFO - Filling up the DagBag from /home/airflow/.local/lib/python3.8/site-packages/airflow/example_dags/example_short_circuit_operator.py
[2025-11-13T06:39:39.103+0000] {processor.py:840} INFO - DAG(s) 'example_short_circuit_operator' retrieved from /home/airflow/.local/lib/python3.8/site-packages/airflow/example_dags/example_short_circuit_operator.py
[2025-11-13T06:39:39.141+0000] {logging_mixin.py:188} INFO - [2025-11-13T06:39:39.141+0000] {dag.py:3036} INFO - Sync 1 DAGs
[2025-11-13T06:39:39.189+0000] {logging_mixin.py:188} INFO - [2025-11-13T06:39:39.188+0000] {dag.py:3823} INFO - Setting next_dagrun for example_short_circuit_operator to 2025-11-12 00:00:00+00:00, run_after=2025-11-13 00:00:00+00:00
[2025-11-13T06:39:39.234+0000] {processor.py:183} INFO - Processing /home/airflow/.local/lib/python3.8/site-packages/airflow/example_dags/example_short_circuit_operator.py took 0.154 seconds
[2025-11-13T06:40:10.099+0000] {processor.py:161} INFO - Started process (PID=1791) to work on /home/airflow/.local/lib/python3.8/site-packages/airflow/example_dags/example_short_circuit_operator.py
[2025-11-13T06:40:10.101+0000] {processor.py:830} INFO - Processing file /home/airflow/.local/lib/python3.8/site-packages/airflow/example_dags/example_short_circuit_operator.py for tasks to queue
[2025-11-13T06:40:10.105+0000] {logging_mixin.py:188} INFO - [2025-11-13T06:40:10.104+0000] {dagbag.py:538} INFO - Filling up the DagBag from /home/airflow/.local/lib/python3.8/site-packages/airflow/example_dags/example_short_circuit_operator.py
[2025-11-13T06:40:10.117+0000] {processor.py:840} INFO - DAG(s) 'example_short_circuit_operator' retrieved from /home/airflow/.local/lib/python3.8/site-packages/airflow/example_dags/example_short_circuit_operator.py
[2025-11-13T06:40:10.153+0000] {logging_mixin.py:188} INFO - [2025-11-13T06:40:10.152+0000] {dag.py:3036} INFO - Sync 1 DAGs
[2025-11-13T06:40:10.189+0000] {logging_mixin.py:188} INFO - [2025-11-13T06:40:10.188+0000] {dag.py:3823} INFO - Setting next_dagrun for example_short_circuit_operator to 2025-11-12 00:00:00+00:00, run_after=2025-11-13 00:00:00+00:00
[2025-11-13T06:40:10.224+0000] {processor.py:183} INFO - Processing /home/airflow/.local/lib/python3.8/site-packages/airflow/example_dags/example_short_circuit_operator.py took 0.129 seconds
[2025-11-13T06:40:40.461+0000] {processor.py:161} INFO - Started process (PID=1853) to work on /home/airflow/.local/lib/python3.8/site-packages/airflow/example_dags/example_short_circuit_operator.py
[2025-11-13T06:40:40.464+0000] {processor.py:830} INFO - Processing file /home/airflow/.local/lib/python3.8/site-packages/airflow/example_dags/example_short_circuit_operator.py for tasks to queue
[2025-11-13T06:40:40.467+0000] {logging_mixin.py:188} INFO - [2025-11-13T06:40:40.467+0000] {dagbag.py:538} INFO - Filling up the DagBag from /home/airflow/.local/lib/python3.8/site-packages/airflow/example_dags/example_short_circuit_operator.py
[2025-11-13T06:40:40.489+0000] {processor.py:840} INFO - DAG(s) 'example_short_circuit_operator' retrieved from /home/airflow/.local/lib/python3.8/site-packages/airflow/example_dags/example_short_circuit_operator.py
[2025-11-13T06:40:40.537+0000] {logging_mixin.py:188} INFO - [2025-11-13T06:40:40.537+0000] {dag.py:3036} INFO - Sync 1 DAGs
[2025-11-13T06:40:40.582+0000] {logging_mixin.py:188} INFO - [2025-11-13T06:40:40.581+0000] {dag.py:3823} INFO - Setting next_dagrun for example_short_circuit_operator to 2025-11-12 00:00:00+00:00, run_after=2025-11-13 00:00:00+00:00
[2025-11-13T06:40:40.629+0000] {processor.py:183} INFO - Processing /home/airflow/.local/lib/python3.8/site-packages/airflow/example_dags/example_short_circuit_operator.py took 0.175 seconds
[2025-11-13T06:41:11.558+0000] {processor.py:161} INFO - Started process (PID=1915) to work on /home/airflow/.local/lib/python3.8/site-packages/airflow/example_dags/example_short_circuit_operator.py
[2025-11-13T06:41:11.561+0000] {processor.py:830} INFO - Processing file /home/airflow/.local/lib/python3.8/site-packages/airflow/example_dags/example_short_circuit_operator.py for tasks to queue
[2025-11-13T06:41:11.566+0000] {logging_mixin.py:188} INFO - [2025-11-13T06:41:11.565+0000] {dagbag.py:538} INFO - Filling up the DagBag from /home/airflow/.local/lib/python3.8/site-packages/airflow/example_dags/example_short_circuit_operator.py
[2025-11-13T06:41:11.582+0000] {processor.py:840} INFO - DAG(s) 'example_short_circuit_operator' retrieved from /home/airflow/.local/lib/python3.8/site-packages/airflow/example_dags/example_short_circuit_operator.py
[2025-11-13T06:41:11.634+0000] {logging_mixin.py:188} INFO - [2025-11-13T06:41:11.634+0000] {dag.py:3036} INFO - Sync 1 DAGs
[2025-11-13T06:41:11.710+0000] {logging_mixin.py:188} INFO - [2025-11-13T06:41:11.710+0000] {dag.py:3823} INFO - Setting next_dagrun for example_short_circuit_operator to 2025-11-12 00:00:00+00:00, run_after=2025-11-13 00:00:00+00:00
[2025-11-13T06:41:11.756+0000] {processor.py:183} INFO - Processing /home/airflow/.local/lib/python3.8/site-packages/airflow/example_dags/example_short_circuit_operator.py took 0.204 seconds
[2025-11-13T06:41:42.049+0000] {processor.py:161} INFO - Started process (PID=1977) to work on /home/airflow/.local/lib/python3.8/site-packages/airflow/example_dags/example_short_circuit_operator.py
[2025-11-13T06:41:42.050+0000] {processor.py:830} INFO - Processing file /home/airflow/.local/lib/python3.8/site-packages/airflow/example_dags/example_short_circuit_operator.py for tasks to queue
[2025-11-13T06:41:42.053+0000] {logging_mixin.py:188} INFO - [2025-11-13T06:41:42.053+0000] {dagbag.py:538} INFO - Filling up the DagBag from /home/airflow/.local/lib/python3.8/site-packages/airflow/example_dags/example_short_circuit_operator.py
[2025-11-13T06:41:42.063+0000] {processor.py:840} INFO - DAG(s) 'example_short_circuit_operator' retrieved from /home/airflow/.local/lib/python3.8/site-packages/airflow/example_dags/example_short_circuit_operator.py
[2025-11-13T06:41:42.097+0000] {logging_mixin.py:188} INFO - [2025-11-13T06:41:42.097+0000] {dag.py:3036} INFO - Sync 1 DAGs
[2025-11-13T06:41:42.128+0000] {logging_mixin.py:188} INFO - [2025-11-13T06:41:42.128+0000] {dag.py:3823} INFO - Setting next_dagrun for example_short_circuit_operator to 2025-11-12 00:00:00+00:00, run_after=2025-11-13 00:00:00+00:00
[2025-11-13T06:41:42.162+0000] {processor.py:183} INFO - Processing /home/airflow/.local/lib/python3.8/site-packages/airflow/example_dags/example_short_circuit_operator.py took 0.118 seconds
[2025-11-13T06:42:12.759+0000] {processor.py:161} INFO - Started process (PID=2039) to work on /home/airflow/.local/lib/python3.8/site-packages/airflow/example_dags/example_short_circuit_operator.py
[2025-11-13T06:42:12.762+0000] {processor.py:830} INFO - Processing file /home/airflow/.local/lib/python3.8/site-packages/airflow/example_dags/example_short_circuit_operator.py for tasks to queue
[2025-11-13T06:42:12.765+0000] {logging_mixin.py:188} INFO - [2025-11-13T06:42:12.764+0000] {dagbag.py:538} INFO - Filling up the DagBag from /home/airflow/.local/lib/python3.8/site-packages/airflow/example_dags/example_short_circuit_operator.py
[2025-11-13T06:42:12.783+0000] {processor.py:840} INFO - DAG(s) 'example_short_circuit_operator' retrieved from /home/airflow/.local/lib/python3.8/site-packages/airflow/example_dags/example_short_circuit_operator.py
[2025-11-13T06:42:12.843+0000] {logging_mixin.py:188} INFO - [2025-11-13T06:42:12.842+0000] {dag.py:3036} INFO - Sync 1 DAGs
[2025-11-13T06:42:12.885+0000] {logging_mixin.py:188} INFO - [2025-11-13T06:42:12.884+0000] {dag.py:3823} INFO - Setting next_dagrun for example_short_circuit_operator to 2025-11-12 00:00:00+00:00, run_after=2025-11-13 00:00:00+00:00
[2025-11-13T06:42:12.937+0000] {processor.py:183} INFO - Processing /home/airflow/.local/lib/python3.8/site-packages/airflow/example_dags/example_short_circuit_operator.py took 0.183 seconds
[2025-11-13T06:42:43.165+0000] {processor.py:161} INFO - Started process (PID=2101) to work on /home/airflow/.local/lib/python3.8/site-packages/airflow/example_dags/example_short_circuit_operator.py
[2025-11-13T06:42:43.167+0000] {processor.py:830} INFO - Processing file /home/airflow/.local/lib/python3.8/site-packages/airflow/example_dags/example_short_circuit_operator.py for tasks to queue
[2025-11-13T06:42:43.170+0000] {logging_mixin.py:188} INFO - [2025-11-13T06:42:43.169+0000] {dagbag.py:538} INFO - Filling up the DagBag from /home/airflow/.local/lib/python3.8/site-packages/airflow/example_dags/example_short_circuit_operator.py
[2025-11-13T06:42:43.179+0000] {processor.py:840} INFO - DAG(s) 'example_short_circuit_operator' retrieved from /home/airflow/.local/lib/python3.8/site-packages/airflow/example_dags/example_short_circuit_operator.py
[2025-11-13T06:42:43.208+0000] {logging_mixin.py:188} INFO - [2025-11-13T06:42:43.208+0000] {dag.py:3036} INFO - Sync 1 DAGs
[2025-11-13T06:42:43.235+0000] {logging_mixin.py:188} INFO - [2025-11-13T06:42:43.234+0000] {dag.py:3823} INFO - Setting next_dagrun for example_short_circuit_operator to 2025-11-12 00:00:00+00:00, run_after=2025-11-13 00:00:00+00:00
[2025-11-13T06:42:43.268+0000] {processor.py:183} INFO - Processing /home/airflow/.local/lib/python3.8/site-packages/airflow/example_dags/example_short_circuit_operator.py took 0.107 seconds
[2025-11-13T06:43:14.066+0000] {processor.py:161} INFO - Started process (PID=2163) to work on /home/airflow/.local/lib/python3.8/site-packages/airflow/example_dags/example_short_circuit_operator.py
[2025-11-13T06:43:14.068+0000] {processor.py:830} INFO - Processing file /home/airflow/.local/lib/python3.8/site-packages/airflow/example_dags/example_short_circuit_operator.py for tasks to queue
[2025-11-13T06:43:14.071+0000] {logging_mixin.py:188} INFO - [2025-11-13T06:43:14.070+0000] {dagbag.py:538} INFO - Filling up the DagBag from /home/airflow/.local/lib/python3.8/site-packages/airflow/example_dags/example_short_circuit_operator.py
[2025-11-13T06:43:14.080+0000] {processor.py:840} INFO - DAG(s) 'example_short_circuit_operator' retrieved from /home/airflow/.local/lib/python3.8/site-packages/airflow/example_dags/example_short_circuit_operator.py
[2025-11-13T06:43:14.109+0000] {logging_mixin.py:188} INFO - [2025-11-13T06:43:14.109+0000] {dag.py:3036} INFO - Sync 1 DAGs
[2025-11-13T06:43:14.139+0000] {logging_mixin.py:188} INFO - [2025-11-13T06:43:14.139+0000] {dag.py:3823} INFO - Setting next_dagrun for example_short_circuit_operator to 2025-11-12 00:00:00+00:00, run_after=2025-11-13 00:00:00+00:00
[2025-11-13T06:43:14.175+0000] {processor.py:183} INFO - Processing /home/airflow/.local/lib/python3.8/site-packages/airflow/example_dags/example_short_circuit_operator.py took 0.114 seconds
[2025-11-13T06:43:44.655+0000] {processor.py:161} INFO - Started process (PID=2226) to work on /home/airflow/.local/lib/python3.8/site-packages/airflow/example_dags/example_short_circuit_operator.py
[2025-11-13T06:43:44.656+0000] {processor.py:830} INFO - Processing file /home/airflow/.local/lib/python3.8/site-packages/airflow/example_dags/example_short_circuit_operator.py for tasks to queue
[2025-11-13T06:43:44.659+0000] {logging_mixin.py:188} INFO - [2025-11-13T06:43:44.659+0000] {dagbag.py:538} INFO - Filling up the DagBag from /home/airflow/.local/lib/python3.8/site-packages/airflow/example_dags/example_short_circuit_operator.py
[2025-11-13T06:43:44.670+0000] {processor.py:840} INFO - DAG(s) 'example_short_circuit_operator' retrieved from /home/airflow/.local/lib/python3.8/site-packages/airflow/example_dags/example_short_circuit_operator.py
[2025-11-13T06:43:44.713+0000] {logging_mixin.py:188} INFO - [2025-11-13T06:43:44.712+0000] {dag.py:3036} INFO - Sync 1 DAGs
[2025-11-13T06:43:44.747+0000] {logging_mixin.py:188} INFO - [2025-11-13T06:43:44.747+0000] {dag.py:3823} INFO - Setting next_dagrun for example_short_circuit_operator to 2025-11-12 00:00:00+00:00, run_after=2025-11-13 00:00:00+00:00
[2025-11-13T06:43:44.782+0000] {processor.py:183} INFO - Processing /home/airflow/.local/lib/python3.8/site-packages/airflow/example_dags/example_short_circuit_operator.py took 0.132 seconds
[2025-11-13T06:44:15.012+0000] {processor.py:161} INFO - Started process (PID=2288) to work on /home/airflow/.local/lib/python3.8/site-packages/airflow/example_dags/example_short_circuit_operator.py
[2025-11-13T06:44:15.014+0000] {processor.py:830} INFO - Processing file /home/airflow/.local/lib/python3.8/site-packages/airflow/example_dags/example_short_circuit_operator.py for tasks to queue
[2025-11-13T06:44:15.016+0000] {logging_mixin.py:188} INFO - [2025-11-13T06:44:15.016+0000] {dagbag.py:538} INFO - Filling up the DagBag from /home/airflow/.local/lib/python3.8/site-packages/airflow/example_dags/example_short_circuit_operator.py
[2025-11-13T06:44:15.025+0000] {processor.py:840} INFO - DAG(s) 'example_short_circuit_operator' retrieved from /home/airflow/.local/lib/python3.8/site-packages/airflow/example_dags/example_short_circuit_operator.py
[2025-11-13T06:44:15.057+0000] {logging_mixin.py:188} INFO - [2025-11-13T06:44:15.056+0000] {dag.py:3036} INFO - Sync 1 DAGs
[2025-11-13T06:44:15.083+0000] {logging_mixin.py:188} INFO - [2025-11-13T06:44:15.083+0000] {dag.py:3823} INFO - Setting next_dagrun for example_short_circuit_operator to 2025-11-12 00:00:00+00:00, run_after=2025-11-13 00:00:00+00:00
[2025-11-13T06:44:15.108+0000] {processor.py:183} INFO - Processing /home/airflow/.local/lib/python3.8/site-packages/airflow/example_dags/example_short_circuit_operator.py took 0.099 seconds
[2025-11-13T06:44:45.585+0000] {processor.py:161} INFO - Started process (PID=2350) to work on /home/airflow/.local/lib/python3.8/site-packages/airflow/example_dags/example_short_circuit_operator.py
[2025-11-13T06:44:45.587+0000] {processor.py:830} INFO - Processing file /home/airflow/.local/lib/python3.8/site-packages/airflow/example_dags/example_short_circuit_operator.py for tasks to queue
[2025-11-13T06:44:45.590+0000] {logging_mixin.py:188} INFO - [2025-11-13T06:44:45.590+0000] {dagbag.py:538} INFO - Filling up the DagBag from /home/airflow/.local/lib/python3.8/site-packages/airflow/example_dags/example_short_circuit_operator.py
[2025-11-13T06:44:45.602+0000] {processor.py:840} INFO - DAG(s) 'example_short_circuit_operator' retrieved from /home/airflow/.local/lib/python3.8/site-packages/airflow/example_dags/example_short_circuit_operator.py
[2025-11-13T06:44:45.644+0000] {logging_mixin.py:188} INFO - [2025-11-13T06:44:45.644+0000] {dag.py:3036} INFO - Sync 1 DAGs
[2025-11-13T06:44:45.680+0000] {logging_mixin.py:188} INFO - [2025-11-13T06:44:45.679+0000] {dag.py:3823} INFO - Setting next_dagrun for example_short_circuit_operator to 2025-11-12 00:00:00+00:00, run_after=2025-11-13 00:00:00+00:00
[2025-11-13T06:44:45.716+0000] {processor.py:183} INFO - Processing /home/airflow/.local/lib/python3.8/site-packages/airflow/example_dags/example_short_circuit_operator.py took 0.137 seconds
[2025-11-13T06:45:15.821+0000] {processor.py:161} INFO - Started process (PID=2410) to work on /home/airflow/.local/lib/python3.8/site-packages/airflow/example_dags/example_short_circuit_operator.py
[2025-11-13T06:45:15.823+0000] {processor.py:830} INFO - Processing file /home/airflow/.local/lib/python3.8/site-packages/airflow/example_dags/example_short_circuit_operator.py for tasks to queue
[2025-11-13T06:45:15.827+0000] {logging_mixin.py:188} INFO - [2025-11-13T06:45:15.826+0000] {dagbag.py:538} INFO - Filling up the DagBag from /home/airflow/.local/lib/python3.8/site-packages/airflow/example_dags/example_short_circuit_operator.py
[2025-11-13T06:45:15.844+0000] {processor.py:840} INFO - DAG(s) 'example_short_circuit_operator' retrieved from /home/airflow/.local/lib/python3.8/site-packages/airflow/example_dags/example_short_circuit_operator.py
[2025-11-13T06:45:15.899+0000] {logging_mixin.py:188} INFO - [2025-11-13T06:45:15.899+0000] {dag.py:3036} INFO - Sync 1 DAGs
[2025-11-13T06:45:15.942+0000] {logging_mixin.py:188} INFO - [2025-11-13T06:45:15.942+0000] {dag.py:3823} INFO - Setting next_dagrun for example_short_circuit_operator to 2025-11-12 00:00:00+00:00, run_after=2025-11-13 00:00:00+00:00
[2025-11-13T06:45:15.990+0000] {processor.py:183} INFO - Processing /home/airflow/.local/lib/python3.8/site-packages/airflow/example_dags/example_short_circuit_operator.py took 0.176 seconds
[2025-11-13T06:45:46.299+0000] {processor.py:161} INFO - Started process (PID=2472) to work on /home/airflow/.local/lib/python3.8/site-packages/airflow/example_dags/example_short_circuit_operator.py
[2025-11-13T06:45:46.302+0000] {processor.py:830} INFO - Processing file /home/airflow/.local/lib/python3.8/site-packages/airflow/example_dags/example_short_circuit_operator.py for tasks to queue
[2025-11-13T06:45:46.307+0000] {logging_mixin.py:188} INFO - [2025-11-13T06:45:46.306+0000] {dagbag.py:538} INFO - Filling up the DagBag from /home/airflow/.local/lib/python3.8/site-packages/airflow/example_dags/example_short_circuit_operator.py
[2025-11-13T06:45:46.320+0000] {processor.py:840} INFO - DAG(s) 'example_short_circuit_operator' retrieved from /home/airflow/.local/lib/python3.8/site-packages/airflow/example_dags/example_short_circuit_operator.py
[2025-11-13T06:45:46.361+0000] {logging_mixin.py:188} INFO - [2025-11-13T06:45:46.361+0000] {dag.py:3036} INFO - Sync 1 DAGs
[2025-11-13T06:45:46.399+0000] {logging_mixin.py:188} INFO - [2025-11-13T06:45:46.399+0000] {dag.py:3823} INFO - Setting next_dagrun for example_short_circuit_operator to 2025-11-12 00:00:00+00:00, run_after=2025-11-13 00:00:00+00:00
[2025-11-13T06:45:46.436+0000] {processor.py:183} INFO - Processing /home/airflow/.local/lib/python3.8/site-packages/airflow/example_dags/example_short_circuit_operator.py took 0.144 seconds
[2025-11-13T06:46:16.671+0000] {processor.py:161} INFO - Started process (PID=2535) to work on /home/airflow/.local/lib/python3.8/site-packages/airflow/example_dags/example_short_circuit_operator.py
[2025-11-13T06:46:16.673+0000] {processor.py:830} INFO - Processing file /home/airflow/.local/lib/python3.8/site-packages/airflow/example_dags/example_short_circuit_operator.py for tasks to queue
[2025-11-13T06:46:16.676+0000] {logging_mixin.py:188} INFO - [2025-11-13T06:46:16.676+0000] {dagbag.py:538} INFO - Filling up the DagBag from /home/airflow/.local/lib/python3.8/site-packages/airflow/example_dags/example_short_circuit_operator.py
[2025-11-13T06:46:16.689+0000] {processor.py:840} INFO - DAG(s) 'example_short_circuit_operator' retrieved from /home/airflow/.local/lib/python3.8/site-packages/airflow/example_dags/example_short_circuit_operator.py
[2025-11-13T06:46:16.730+0000] {logging_mixin.py:188} INFO - [2025-11-13T06:46:16.730+0000] {dag.py:3036} INFO - Sync 1 DAGs
[2025-11-13T06:46:16.770+0000] {logging_mixin.py:188} INFO - [2025-11-13T06:46:16.770+0000] {dag.py:3823} INFO - Setting next_dagrun for example_short_circuit_operator to 2025-11-12 00:00:00+00:00, run_after=2025-11-13 00:00:00+00:00
[2025-11-13T06:46:16.804+0000] {processor.py:183} INFO - Processing /home/airflow/.local/lib/python3.8/site-packages/airflow/example_dags/example_short_circuit_operator.py took 0.139 seconds
[2025-11-13T06:46:48.000+0000] {processor.py:161} INFO - Started process (PID=2598) to work on /home/airflow/.local/lib/python3.8/site-packages/airflow/example_dags/example_short_circuit_operator.py
[2025-11-13T06:46:48.003+0000] {processor.py:830} INFO - Processing file /home/airflow/.local/lib/python3.8/site-packages/airflow/example_dags/example_short_circuit_operator.py for tasks to queue
[2025-11-13T06:46:48.007+0000] {logging_mixin.py:188} INFO - [2025-11-13T06:46:48.006+0000] {dagbag.py:538} INFO - Filling up the DagBag from /home/airflow/.local/lib/python3.8/site-packages/airflow/example_dags/example_short_circuit_operator.py
[2025-11-13T06:46:48.023+0000] {processor.py:840} INFO - DAG(s) 'example_short_circuit_operator' retrieved from /home/airflow/.local/lib/python3.8/site-packages/airflow/example_dags/example_short_circuit_operator.py
[2025-11-13T06:46:48.066+0000] {logging_mixin.py:188} INFO - [2025-11-13T06:46:48.065+0000] {dag.py:3036} INFO - Sync 1 DAGs
[2025-11-13T06:46:48.107+0000] {logging_mixin.py:188} INFO - [2025-11-13T06:46:48.106+0000] {dag.py:3823} INFO - Setting next_dagrun for example_short_circuit_operator to 2025-11-12 00:00:00+00:00, run_after=2025-11-13 00:00:00+00:00
[2025-11-13T06:46:48.181+0000] {processor.py:183} INFO - Processing /home/airflow/.local/lib/python3.8/site-packages/airflow/example_dags/example_short_circuit_operator.py took 0.192 seconds
[2025-11-13T06:47:18.297+0000] {processor.py:161} INFO - Started process (PID=2660) to work on /home/airflow/.local/lib/python3.8/site-packages/airflow/example_dags/example_short_circuit_operator.py
[2025-11-13T06:47:18.300+0000] {processor.py:830} INFO - Processing file /home/airflow/.local/lib/python3.8/site-packages/airflow/example_dags/example_short_circuit_operator.py for tasks to queue
[2025-11-13T06:47:18.304+0000] {logging_mixin.py:188} INFO - [2025-11-13T06:47:18.304+0000] {dagbag.py:538} INFO - Filling up the DagBag from /home/airflow/.local/lib/python3.8/site-packages/airflow/example_dags/example_short_circuit_operator.py
[2025-11-13T06:47:18.330+0000] {processor.py:840} INFO - DAG(s) 'example_short_circuit_operator' retrieved from /home/airflow/.local/lib/python3.8/site-packages/airflow/example_dags/example_short_circuit_operator.py
[2025-11-13T06:47:18.430+0000] {logging_mixin.py:188} INFO - [2025-11-13T06:47:18.429+0000] {dag.py:3036} INFO - Sync 1 DAGs
[2025-11-13T06:47:18.525+0000] {logging_mixin.py:188} INFO - [2025-11-13T06:47:18.525+0000] {dag.py:3823} INFO - Setting next_dagrun for example_short_circuit_operator to 2025-11-12 00:00:00+00:00, run_after=2025-11-13 00:00:00+00:00
[2025-11-13T06:47:18.609+0000] {processor.py:183} INFO - Processing /home/airflow/.local/lib/python3.8/site-packages/airflow/example_dags/example_short_circuit_operator.py took 0.326 seconds
[2025-11-13T06:47:51.574+0000] {processor.py:161} INFO - Started process (PID=2723) to work on /home/airflow/.local/lib/python3.8/site-packages/airflow/example_dags/example_short_circuit_operator.py
[2025-11-13T06:47:51.577+0000] {processor.py:830} INFO - Processing file /home/airflow/.local/lib/python3.8/site-packages/airflow/example_dags/example_short_circuit_operator.py for tasks to queue
[2025-11-13T06:47:51.583+0000] {logging_mixin.py:188} INFO - [2025-11-13T06:47:51.582+0000] {dagbag.py:538} INFO - Filling up the DagBag from /home/airflow/.local/lib/python3.8/site-packages/airflow/example_dags/example_short_circuit_operator.py
[2025-11-13T06:47:51.609+0000] {processor.py:840} INFO - DAG(s) 'example_short_circuit_operator' retrieved from /home/airflow/.local/lib/python3.8/site-packages/airflow/example_dags/example_short_circuit_operator.py
[2025-11-13T06:47:51.681+0000] {logging_mixin.py:188} INFO - [2025-11-13T06:47:51.680+0000] {dag.py:3036} INFO - Sync 1 DAGs
[2025-11-13T06:47:51.762+0000] {logging_mixin.py:188} INFO - [2025-11-13T06:47:51.762+0000] {dag.py:3823} INFO - Setting next_dagrun for example_short_circuit_operator to 2025-11-12 00:00:00+00:00, run_after=2025-11-13 00:00:00+00:00
[2025-11-13T06:47:52.201+0000] {processor.py:183} INFO - Processing /home/airflow/.local/lib/python3.8/site-packages/airflow/example_dags/example_short_circuit_operator.py took 0.639 seconds
[2025-11-13T06:48:23.035+0000] {processor.py:161} INFO - Started process (PID=2785) to work on /home/airflow/.local/lib/python3.8/site-packages/airflow/example_dags/example_short_circuit_operator.py
[2025-11-13T06:48:23.038+0000] {processor.py:830} INFO - Processing file /home/airflow/.local/lib/python3.8/site-packages/airflow/example_dags/example_short_circuit_operator.py for tasks to queue
[2025-11-13T06:48:23.043+0000] {logging_mixin.py:188} INFO - [2025-11-13T06:48:23.042+0000] {dagbag.py:538} INFO - Filling up the DagBag from /home/airflow/.local/lib/python3.8/site-packages/airflow/example_dags/example_short_circuit_operator.py
[2025-11-13T06:48:23.061+0000] {processor.py:840} INFO - DAG(s) 'example_short_circuit_operator' retrieved from /home/airflow/.local/lib/python3.8/site-packages/airflow/example_dags/example_short_circuit_operator.py
[2025-11-13T06:48:23.110+0000] {logging_mixin.py:188} INFO - [2025-11-13T06:48:23.109+0000] {dag.py:3036} INFO - Sync 1 DAGs
[2025-11-13T06:48:23.154+0000] {logging_mixin.py:188} INFO - [2025-11-13T06:48:23.154+0000] {dag.py:3823} INFO - Setting next_dagrun for example_short_circuit_operator to 2025-11-12 00:00:00+00:00, run_after=2025-11-13 00:00:00+00:00
[2025-11-13T06:48:23.464+0000] {processor.py:183} INFO - Processing /home/airflow/.local/lib/python3.8/site-packages/airflow/example_dags/example_short_circuit_operator.py took 0.440 seconds
[2025-11-13T06:48:53.565+0000] {processor.py:161} INFO - Started process (PID=2847) to work on /home/airflow/.local/lib/python3.8/site-packages/airflow/example_dags/example_short_circuit_operator.py
[2025-11-13T06:48:53.568+0000] {processor.py:830} INFO - Processing file /home/airflow/.local/lib/python3.8/site-packages/airflow/example_dags/example_short_circuit_operator.py for tasks to queue
[2025-11-13T06:48:53.572+0000] {logging_mixin.py:188} INFO - [2025-11-13T06:48:53.572+0000] {dagbag.py:538} INFO - Filling up the DagBag from /home/airflow/.local/lib/python3.8/site-packages/airflow/example_dags/example_short_circuit_operator.py
[2025-11-13T06:48:53.589+0000] {processor.py:840} INFO - DAG(s) 'example_short_circuit_operator' retrieved from /home/airflow/.local/lib/python3.8/site-packages/airflow/example_dags/example_short_circuit_operator.py
[2025-11-13T06:48:53.640+0000] {logging_mixin.py:188} INFO - [2025-11-13T06:48:53.640+0000] {dag.py:3036} INFO - Sync 1 DAGs
[2025-11-13T06:48:53.685+0000] {logging_mixin.py:188} INFO - [2025-11-13T06:48:53.685+0000] {dag.py:3823} INFO - Setting next_dagrun for example_short_circuit_operator to 2025-11-12 00:00:00+00:00, run_after=2025-11-13 00:00:00+00:00
[2025-11-13T06:48:53.723+0000] {processor.py:183} INFO - Processing /home/airflow/.local/lib/python3.8/site-packages/airflow/example_dags/example_short_circuit_operator.py took 0.164 seconds
[2025-11-13T06:49:23.884+0000] {processor.py:161} INFO - Started process (PID=2909) to work on /home/airflow/.local/lib/python3.8/site-packages/airflow/example_dags/example_short_circuit_operator.py
[2025-11-13T06:49:23.887+0000] {processor.py:830} INFO - Processing file /home/airflow/.local/lib/python3.8/site-packages/airflow/example_dags/example_short_circuit_operator.py for tasks to queue
[2025-11-13T06:49:23.893+0000] {logging_mixin.py:188} INFO - [2025-11-13T06:49:23.892+0000] {dagbag.py:538} INFO - Filling up the DagBag from /home/airflow/.local/lib/python3.8/site-packages/airflow/example_dags/example_short_circuit_operator.py
[2025-11-13T06:49:23.909+0000] {processor.py:840} INFO - DAG(s) 'example_short_circuit_operator' retrieved from /home/airflow/.local/lib/python3.8/site-packages/airflow/example_dags/example_short_circuit_operator.py
[2025-11-13T06:49:23.952+0000] {logging_mixin.py:188} INFO - [2025-11-13T06:49:23.952+0000] {dag.py:3036} INFO - Sync 1 DAGs
[2025-11-13T06:49:23.996+0000] {logging_mixin.py:188} INFO - [2025-11-13T06:49:23.995+0000] {dag.py:3823} INFO - Setting next_dagrun for example_short_circuit_operator to 2025-11-12 00:00:00+00:00, run_after=2025-11-13 00:00:00+00:00
[2025-11-13T06:49:24.041+0000] {processor.py:183} INFO - Processing /home/airflow/.local/lib/python3.8/site-packages/airflow/example_dags/example_short_circuit_operator.py took 0.166 seconds
