[2025-11-13T06:26:22.382+0000] {processor.py:161} INFO - Started process (PID=111) to work on /home/airflow/.local/lib/python3.8/site-packages/airflow/example_dags/example_python_decorator.py
[2025-11-13T06:26:22.386+0000] {processor.py:830} INFO - Processing file /home/airflow/.local/lib/python3.8/site-packages/airflow/example_dags/example_python_decorator.py for tasks to queue
[2025-11-13T06:26:22.402+0000] {logging_mixin.py:188} INFO - [2025-11-13T06:26:22.401+0000] {dagbag.py:538} INFO - Filling up the DagBag from /home/airflow/.local/lib/python3.8/site-packages/airflow/example_dags/example_python_decorator.py
[2025-11-13T06:26:22.480+0000] {processor.py:840} INFO - DAG(s) 'example_python_decorator' retrieved from /home/airflow/.local/lib/python3.8/site-packages/airflow/example_dags/example_python_decorator.py
[2025-11-13T06:26:22.564+0000] {logging_mixin.py:188} INFO - [2025-11-13T06:26:22.564+0000] {dag.py:3036} INFO - Sync 1 DAGs
[2025-11-13T06:26:22.716+0000] {logging_mixin.py:188} INFO - [2025-11-13T06:26:22.715+0000] {dag.py:3823} INFO - Setting next_dagrun for example_python_decorator to None, run_after=None
[2025-11-13T06:26:22.797+0000] {processor.py:183} INFO - Processing /home/airflow/.local/lib/python3.8/site-packages/airflow/example_dags/example_python_decorator.py took 0.433 seconds
[2025-11-13T06:26:53.661+0000] {processor.py:161} INFO - Started process (PID=173) to work on /home/airflow/.local/lib/python3.8/site-packages/airflow/example_dags/example_python_decorator.py
[2025-11-13T06:26:53.663+0000] {processor.py:830} INFO - Processing file /home/airflow/.local/lib/python3.8/site-packages/airflow/example_dags/example_python_decorator.py for tasks to queue
[2025-11-13T06:26:53.667+0000] {logging_mixin.py:188} INFO - [2025-11-13T06:26:53.667+0000] {dagbag.py:538} INFO - Filling up the DagBag from /home/airflow/.local/lib/python3.8/site-packages/airflow/example_dags/example_python_decorator.py
[2025-11-13T06:26:53.697+0000] {processor.py:840} INFO - DAG(s) 'example_python_decorator' retrieved from /home/airflow/.local/lib/python3.8/site-packages/airflow/example_dags/example_python_decorator.py
[2025-11-13T06:26:53.925+0000] {logging_mixin.py:188} INFO - [2025-11-13T06:26:53.924+0000] {dag.py:3036} INFO - Sync 1 DAGs
[2025-11-13T06:26:53.952+0000] {logging_mixin.py:188} INFO - [2025-11-13T06:26:53.952+0000] {dag.py:3823} INFO - Setting next_dagrun for example_python_decorator to None, run_after=None
[2025-11-13T06:26:54.007+0000] {processor.py:183} INFO - Processing /home/airflow/.local/lib/python3.8/site-packages/airflow/example_dags/example_python_decorator.py took 0.352 seconds
[2025-11-13T06:27:24.828+0000] {processor.py:161} INFO - Started process (PID=235) to work on /home/airflow/.local/lib/python3.8/site-packages/airflow/example_dags/example_python_decorator.py
[2025-11-13T06:27:24.829+0000] {processor.py:830} INFO - Processing file /home/airflow/.local/lib/python3.8/site-packages/airflow/example_dags/example_python_decorator.py for tasks to queue
[2025-11-13T06:27:24.832+0000] {logging_mixin.py:188} INFO - [2025-11-13T06:27:24.831+0000] {dagbag.py:538} INFO - Filling up the DagBag from /home/airflow/.local/lib/python3.8/site-packages/airflow/example_dags/example_python_decorator.py
[2025-11-13T06:27:24.847+0000] {processor.py:840} INFO - DAG(s) 'example_python_decorator' retrieved from /home/airflow/.local/lib/python3.8/site-packages/airflow/example_dags/example_python_decorator.py
[2025-11-13T06:27:24.877+0000] {logging_mixin.py:188} INFO - [2025-11-13T06:27:24.876+0000] {dag.py:3036} INFO - Sync 1 DAGs
[2025-11-13T06:27:24.892+0000] {logging_mixin.py:188} INFO - [2025-11-13T06:27:24.892+0000] {dag.py:3823} INFO - Setting next_dagrun for example_python_decorator to None, run_after=None
[2025-11-13T06:27:24.925+0000] {processor.py:183} INFO - Processing /home/airflow/.local/lib/python3.8/site-packages/airflow/example_dags/example_python_decorator.py took 0.102 seconds
[2025-11-13T06:27:55.324+0000] {processor.py:161} INFO - Started process (PID=303) to work on /home/airflow/.local/lib/python3.8/site-packages/airflow/example_dags/example_python_decorator.py
[2025-11-13T06:27:55.325+0000] {processor.py:830} INFO - Processing file /home/airflow/.local/lib/python3.8/site-packages/airflow/example_dags/example_python_decorator.py for tasks to queue
[2025-11-13T06:27:55.329+0000] {logging_mixin.py:188} INFO - [2025-11-13T06:27:55.328+0000] {dagbag.py:538} INFO - Filling up the DagBag from /home/airflow/.local/lib/python3.8/site-packages/airflow/example_dags/example_python_decorator.py
[2025-11-13T06:27:55.351+0000] {processor.py:840} INFO - DAG(s) 'example_python_decorator' retrieved from /home/airflow/.local/lib/python3.8/site-packages/airflow/example_dags/example_python_decorator.py
[2025-11-13T06:27:55.381+0000] {logging_mixin.py:188} INFO - [2025-11-13T06:27:55.381+0000] {dag.py:3036} INFO - Sync 1 DAGs
[2025-11-13T06:27:55.396+0000] {logging_mixin.py:188} INFO - [2025-11-13T06:27:55.396+0000] {dag.py:3823} INFO - Setting next_dagrun for example_python_decorator to None, run_after=None
[2025-11-13T06:27:55.433+0000] {processor.py:183} INFO - Processing /home/airflow/.local/lib/python3.8/site-packages/airflow/example_dags/example_python_decorator.py took 0.114 seconds
[2025-11-13T06:28:25.793+0000] {processor.py:161} INFO - Started process (PID=366) to work on /home/airflow/.local/lib/python3.8/site-packages/airflow/example_dags/example_python_decorator.py
[2025-11-13T06:28:25.796+0000] {processor.py:830} INFO - Processing file /home/airflow/.local/lib/python3.8/site-packages/airflow/example_dags/example_python_decorator.py for tasks to queue
[2025-11-13T06:28:25.801+0000] {logging_mixin.py:188} INFO - [2025-11-13T06:28:25.800+0000] {dagbag.py:538} INFO - Filling up the DagBag from /home/airflow/.local/lib/python3.8/site-packages/airflow/example_dags/example_python_decorator.py
[2025-11-13T06:28:25.831+0000] {processor.py:840} INFO - DAG(s) 'example_python_decorator' retrieved from /home/airflow/.local/lib/python3.8/site-packages/airflow/example_dags/example_python_decorator.py
[2025-11-13T06:28:25.873+0000] {logging_mixin.py:188} INFO - [2025-11-13T06:28:25.872+0000] {dag.py:3036} INFO - Sync 1 DAGs
[2025-11-13T06:28:25.902+0000] {logging_mixin.py:188} INFO - [2025-11-13T06:28:25.902+0000] {dag.py:3823} INFO - Setting next_dagrun for example_python_decorator to None, run_after=None
[2025-11-13T06:28:25.954+0000] {processor.py:183} INFO - Processing /home/airflow/.local/lib/python3.8/site-packages/airflow/example_dags/example_python_decorator.py took 0.172 seconds
[2025-11-13T06:28:56.364+0000] {processor.py:161} INFO - Started process (PID=428) to work on /home/airflow/.local/lib/python3.8/site-packages/airflow/example_dags/example_python_decorator.py
[2025-11-13T06:28:56.365+0000] {processor.py:830} INFO - Processing file /home/airflow/.local/lib/python3.8/site-packages/airflow/example_dags/example_python_decorator.py for tasks to queue
[2025-11-13T06:28:56.368+0000] {logging_mixin.py:188} INFO - [2025-11-13T06:28:56.368+0000] {dagbag.py:538} INFO - Filling up the DagBag from /home/airflow/.local/lib/python3.8/site-packages/airflow/example_dags/example_python_decorator.py
[2025-11-13T06:28:56.389+0000] {processor.py:840} INFO - DAG(s) 'example_python_decorator' retrieved from /home/airflow/.local/lib/python3.8/site-packages/airflow/example_dags/example_python_decorator.py
[2025-11-13T06:28:56.432+0000] {logging_mixin.py:188} INFO - [2025-11-13T06:28:56.431+0000] {dag.py:3036} INFO - Sync 1 DAGs
[2025-11-13T06:28:56.454+0000] {logging_mixin.py:188} INFO - [2025-11-13T06:28:56.453+0000] {dag.py:3823} INFO - Setting next_dagrun for example_python_decorator to None, run_after=None
[2025-11-13T06:28:56.497+0000] {processor.py:183} INFO - Processing /home/airflow/.local/lib/python3.8/site-packages/airflow/example_dags/example_python_decorator.py took 0.138 seconds
[2025-11-13T06:29:27.025+0000] {processor.py:161} INFO - Started process (PID=490) to work on /home/airflow/.local/lib/python3.8/site-packages/airflow/example_dags/example_python_decorator.py
[2025-11-13T06:29:27.026+0000] {processor.py:830} INFO - Processing file /home/airflow/.local/lib/python3.8/site-packages/airflow/example_dags/example_python_decorator.py for tasks to queue
[2025-11-13T06:29:27.029+0000] {logging_mixin.py:188} INFO - [2025-11-13T06:29:27.029+0000] {dagbag.py:538} INFO - Filling up the DagBag from /home/airflow/.local/lib/python3.8/site-packages/airflow/example_dags/example_python_decorator.py
[2025-11-13T06:29:27.046+0000] {processor.py:840} INFO - DAG(s) 'example_python_decorator' retrieved from /home/airflow/.local/lib/python3.8/site-packages/airflow/example_dags/example_python_decorator.py
[2025-11-13T06:29:27.073+0000] {logging_mixin.py:188} INFO - [2025-11-13T06:29:27.072+0000] {dag.py:3036} INFO - Sync 1 DAGs
[2025-11-13T06:29:27.087+0000] {logging_mixin.py:188} INFO - [2025-11-13T06:29:27.087+0000] {dag.py:3823} INFO - Setting next_dagrun for example_python_decorator to None, run_after=None
[2025-11-13T06:29:27.114+0000] {processor.py:183} INFO - Processing /home/airflow/.local/lib/python3.8/site-packages/airflow/example_dags/example_python_decorator.py took 0.094 seconds
[2025-11-13T06:29:57.808+0000] {processor.py:161} INFO - Started process (PID=552) to work on /home/airflow/.local/lib/python3.8/site-packages/airflow/example_dags/example_python_decorator.py
[2025-11-13T06:29:57.810+0000] {processor.py:830} INFO - Processing file /home/airflow/.local/lib/python3.8/site-packages/airflow/example_dags/example_python_decorator.py for tasks to queue
[2025-11-13T06:29:57.813+0000] {logging_mixin.py:188} INFO - [2025-11-13T06:29:57.812+0000] {dagbag.py:538} INFO - Filling up the DagBag from /home/airflow/.local/lib/python3.8/site-packages/airflow/example_dags/example_python_decorator.py
[2025-11-13T06:29:57.830+0000] {processor.py:840} INFO - DAG(s) 'example_python_decorator' retrieved from /home/airflow/.local/lib/python3.8/site-packages/airflow/example_dags/example_python_decorator.py
[2025-11-13T06:29:57.861+0000] {logging_mixin.py:188} INFO - [2025-11-13T06:29:57.860+0000] {dag.py:3036} INFO - Sync 1 DAGs
[2025-11-13T06:29:57.878+0000] {logging_mixin.py:188} INFO - [2025-11-13T06:29:57.877+0000] {dag.py:3823} INFO - Setting next_dagrun for example_python_decorator to None, run_after=None
[2025-11-13T06:29:57.906+0000] {processor.py:183} INFO - Processing /home/airflow/.local/lib/python3.8/site-packages/airflow/example_dags/example_python_decorator.py took 0.102 seconds
[2025-11-13T06:30:28.225+0000] {processor.py:161} INFO - Started process (PID=614) to work on /home/airflow/.local/lib/python3.8/site-packages/airflow/example_dags/example_python_decorator.py
[2025-11-13T06:30:28.226+0000] {processor.py:830} INFO - Processing file /home/airflow/.local/lib/python3.8/site-packages/airflow/example_dags/example_python_decorator.py for tasks to queue
[2025-11-13T06:30:28.228+0000] {logging_mixin.py:188} INFO - [2025-11-13T06:30:28.228+0000] {dagbag.py:538} INFO - Filling up the DagBag from /home/airflow/.local/lib/python3.8/site-packages/airflow/example_dags/example_python_decorator.py
[2025-11-13T06:30:28.246+0000] {processor.py:840} INFO - DAG(s) 'example_python_decorator' retrieved from /home/airflow/.local/lib/python3.8/site-packages/airflow/example_dags/example_python_decorator.py
[2025-11-13T06:30:28.278+0000] {logging_mixin.py:188} INFO - [2025-11-13T06:30:28.278+0000] {dag.py:3036} INFO - Sync 1 DAGs
[2025-11-13T06:30:28.299+0000] {logging_mixin.py:188} INFO - [2025-11-13T06:30:28.299+0000] {dag.py:3823} INFO - Setting next_dagrun for example_python_decorator to None, run_after=None
[2025-11-13T06:30:28.337+0000] {processor.py:183} INFO - Processing /home/airflow/.local/lib/python3.8/site-packages/airflow/example_dags/example_python_decorator.py took 0.116 seconds
[2025-11-13T06:30:58.778+0000] {processor.py:161} INFO - Started process (PID=676) to work on /home/airflow/.local/lib/python3.8/site-packages/airflow/example_dags/example_python_decorator.py
[2025-11-13T06:30:58.780+0000] {processor.py:830} INFO - Processing file /home/airflow/.local/lib/python3.8/site-packages/airflow/example_dags/example_python_decorator.py for tasks to queue
[2025-11-13T06:30:58.782+0000] {logging_mixin.py:188} INFO - [2025-11-13T06:30:58.782+0000] {dagbag.py:538} INFO - Filling up the DagBag from /home/airflow/.local/lib/python3.8/site-packages/airflow/example_dags/example_python_decorator.py
[2025-11-13T06:30:58.799+0000] {processor.py:840} INFO - DAG(s) 'example_python_decorator' retrieved from /home/airflow/.local/lib/python3.8/site-packages/airflow/example_dags/example_python_decorator.py
[2025-11-13T06:30:58.832+0000] {logging_mixin.py:188} INFO - [2025-11-13T06:30:58.832+0000] {dag.py:3036} INFO - Sync 1 DAGs
[2025-11-13T06:30:58.851+0000] {logging_mixin.py:188} INFO - [2025-11-13T06:30:58.851+0000] {dag.py:3823} INFO - Setting next_dagrun for example_python_decorator to None, run_after=None
[2025-11-13T06:30:58.879+0000] {processor.py:183} INFO - Processing /home/airflow/.local/lib/python3.8/site-packages/airflow/example_dags/example_python_decorator.py took 0.106 seconds
[2025-11-13T06:31:29.877+0000] {processor.py:161} INFO - Started process (PID=738) to work on /home/airflow/.local/lib/python3.8/site-packages/airflow/example_dags/example_python_decorator.py
[2025-11-13T06:31:29.878+0000] {processor.py:830} INFO - Processing file /home/airflow/.local/lib/python3.8/site-packages/airflow/example_dags/example_python_decorator.py for tasks to queue
[2025-11-13T06:31:29.881+0000] {logging_mixin.py:188} INFO - [2025-11-13T06:31:29.881+0000] {dagbag.py:538} INFO - Filling up the DagBag from /home/airflow/.local/lib/python3.8/site-packages/airflow/example_dags/example_python_decorator.py
[2025-11-13T06:31:29.897+0000] {processor.py:840} INFO - DAG(s) 'example_python_decorator' retrieved from /home/airflow/.local/lib/python3.8/site-packages/airflow/example_dags/example_python_decorator.py
[2025-11-13T06:31:29.923+0000] {logging_mixin.py:188} INFO - [2025-11-13T06:31:29.922+0000] {dag.py:3036} INFO - Sync 1 DAGs
[2025-11-13T06:31:29.938+0000] {logging_mixin.py:188} INFO - [2025-11-13T06:31:29.938+0000] {dag.py:3823} INFO - Setting next_dagrun for example_python_decorator to None, run_after=None
[2025-11-13T06:31:29.964+0000] {processor.py:183} INFO - Processing /home/airflow/.local/lib/python3.8/site-packages/airflow/example_dags/example_python_decorator.py took 0.092 seconds
[2025-11-13T06:32:00.263+0000] {processor.py:161} INFO - Started process (PID=800) to work on /home/airflow/.local/lib/python3.8/site-packages/airflow/example_dags/example_python_decorator.py
[2025-11-13T06:32:00.265+0000] {processor.py:830} INFO - Processing file /home/airflow/.local/lib/python3.8/site-packages/airflow/example_dags/example_python_decorator.py for tasks to queue
[2025-11-13T06:32:00.268+0000] {logging_mixin.py:188} INFO - [2025-11-13T06:32:00.268+0000] {dagbag.py:538} INFO - Filling up the DagBag from /home/airflow/.local/lib/python3.8/site-packages/airflow/example_dags/example_python_decorator.py
[2025-11-13T06:32:00.286+0000] {processor.py:840} INFO - DAG(s) 'example_python_decorator' retrieved from /home/airflow/.local/lib/python3.8/site-packages/airflow/example_dags/example_python_decorator.py
[2025-11-13T06:32:00.312+0000] {logging_mixin.py:188} INFO - [2025-11-13T06:32:00.311+0000] {dag.py:3036} INFO - Sync 1 DAGs
[2025-11-13T06:32:00.326+0000] {logging_mixin.py:188} INFO - [2025-11-13T06:32:00.326+0000] {dag.py:3823} INFO - Setting next_dagrun for example_python_decorator to None, run_after=None
[2025-11-13T06:32:00.354+0000] {processor.py:183} INFO - Processing /home/airflow/.local/lib/python3.8/site-packages/airflow/example_dags/example_python_decorator.py took 0.096 seconds
[2025-11-13T06:32:31.191+0000] {processor.py:161} INFO - Started process (PID=862) to work on /home/airflow/.local/lib/python3.8/site-packages/airflow/example_dags/example_python_decorator.py
[2025-11-13T06:32:31.193+0000] {processor.py:830} INFO - Processing file /home/airflow/.local/lib/python3.8/site-packages/airflow/example_dags/example_python_decorator.py for tasks to queue
[2025-11-13T06:32:31.197+0000] {logging_mixin.py:188} INFO - [2025-11-13T06:32:31.197+0000] {dagbag.py:538} INFO - Filling up the DagBag from /home/airflow/.local/lib/python3.8/site-packages/airflow/example_dags/example_python_decorator.py
[2025-11-13T06:32:31.227+0000] {processor.py:840} INFO - DAG(s) 'example_python_decorator' retrieved from /home/airflow/.local/lib/python3.8/site-packages/airflow/example_dags/example_python_decorator.py
[2025-11-13T06:32:31.268+0000] {logging_mixin.py:188} INFO - [2025-11-13T06:32:31.268+0000] {dag.py:3036} INFO - Sync 1 DAGs
[2025-11-13T06:32:31.288+0000] {logging_mixin.py:188} INFO - [2025-11-13T06:32:31.288+0000] {dag.py:3823} INFO - Setting next_dagrun for example_python_decorator to None, run_after=None
[2025-11-13T06:32:31.330+0000] {processor.py:183} INFO - Processing /home/airflow/.local/lib/python3.8/site-packages/airflow/example_dags/example_python_decorator.py took 0.144 seconds
[2025-11-13T06:33:02.086+0000] {processor.py:161} INFO - Started process (PID=924) to work on /home/airflow/.local/lib/python3.8/site-packages/airflow/example_dags/example_python_decorator.py
[2025-11-13T06:33:02.088+0000] {processor.py:830} INFO - Processing file /home/airflow/.local/lib/python3.8/site-packages/airflow/example_dags/example_python_decorator.py for tasks to queue
[2025-11-13T06:33:02.093+0000] {logging_mixin.py:188} INFO - [2025-11-13T06:33:02.092+0000] {dagbag.py:538} INFO - Filling up the DagBag from /home/airflow/.local/lib/python3.8/site-packages/airflow/example_dags/example_python_decorator.py
[2025-11-13T06:33:02.124+0000] {processor.py:840} INFO - DAG(s) 'example_python_decorator' retrieved from /home/airflow/.local/lib/python3.8/site-packages/airflow/example_dags/example_python_decorator.py
[2025-11-13T06:33:02.177+0000] {logging_mixin.py:188} INFO - [2025-11-13T06:33:02.176+0000] {dag.py:3036} INFO - Sync 1 DAGs
[2025-11-13T06:33:02.200+0000] {logging_mixin.py:188} INFO - [2025-11-13T06:33:02.200+0000] {dag.py:3823} INFO - Setting next_dagrun for example_python_decorator to None, run_after=None
[2025-11-13T06:33:02.243+0000] {processor.py:183} INFO - Processing /home/airflow/.local/lib/python3.8/site-packages/airflow/example_dags/example_python_decorator.py took 0.169 seconds
[2025-11-13T06:33:32.384+0000] {processor.py:161} INFO - Started process (PID=986) to work on /home/airflow/.local/lib/python3.8/site-packages/airflow/example_dags/example_python_decorator.py
[2025-11-13T06:33:32.386+0000] {processor.py:830} INFO - Processing file /home/airflow/.local/lib/python3.8/site-packages/airflow/example_dags/example_python_decorator.py for tasks to queue
[2025-11-13T06:33:32.388+0000] {logging_mixin.py:188} INFO - [2025-11-13T06:33:32.388+0000] {dagbag.py:538} INFO - Filling up the DagBag from /home/airflow/.local/lib/python3.8/site-packages/airflow/example_dags/example_python_decorator.py
[2025-11-13T06:33:32.405+0000] {processor.py:840} INFO - DAG(s) 'example_python_decorator' retrieved from /home/airflow/.local/lib/python3.8/site-packages/airflow/example_dags/example_python_decorator.py
[2025-11-13T06:33:32.436+0000] {logging_mixin.py:188} INFO - [2025-11-13T06:33:32.436+0000] {dag.py:3036} INFO - Sync 1 DAGs
[2025-11-13T06:33:32.450+0000] {logging_mixin.py:188} INFO - [2025-11-13T06:33:32.450+0000] {dag.py:3823} INFO - Setting next_dagrun for example_python_decorator to None, run_after=None
[2025-11-13T06:33:32.476+0000] {processor.py:183} INFO - Processing /home/airflow/.local/lib/python3.8/site-packages/airflow/example_dags/example_python_decorator.py took 0.098 seconds
[2025-11-13T06:34:02.975+0000] {processor.py:161} INFO - Started process (PID=1048) to work on /home/airflow/.local/lib/python3.8/site-packages/airflow/example_dags/example_python_decorator.py
[2025-11-13T06:34:02.977+0000] {processor.py:830} INFO - Processing file /home/airflow/.local/lib/python3.8/site-packages/airflow/example_dags/example_python_decorator.py for tasks to queue
[2025-11-13T06:34:02.982+0000] {logging_mixin.py:188} INFO - [2025-11-13T06:34:02.981+0000] {dagbag.py:538} INFO - Filling up the DagBag from /home/airflow/.local/lib/python3.8/site-packages/airflow/example_dags/example_python_decorator.py
[2025-11-13T06:34:03.014+0000] {processor.py:840} INFO - DAG(s) 'example_python_decorator' retrieved from /home/airflow/.local/lib/python3.8/site-packages/airflow/example_dags/example_python_decorator.py
[2025-11-13T06:34:03.063+0000] {logging_mixin.py:188} INFO - [2025-11-13T06:34:03.062+0000] {dag.py:3036} INFO - Sync 1 DAGs
[2025-11-13T06:34:03.089+0000] {logging_mixin.py:188} INFO - [2025-11-13T06:34:03.088+0000] {dag.py:3823} INFO - Setting next_dagrun for example_python_decorator to None, run_after=None
[2025-11-13T06:34:03.138+0000] {processor.py:183} INFO - Processing /home/airflow/.local/lib/python3.8/site-packages/airflow/example_dags/example_python_decorator.py took 0.177 seconds
[2025-11-13T06:34:33.561+0000] {processor.py:161} INFO - Started process (PID=1110) to work on /home/airflow/.local/lib/python3.8/site-packages/airflow/example_dags/example_python_decorator.py
[2025-11-13T06:34:33.563+0000] {processor.py:830} INFO - Processing file /home/airflow/.local/lib/python3.8/site-packages/airflow/example_dags/example_python_decorator.py for tasks to queue
[2025-11-13T06:34:33.567+0000] {logging_mixin.py:188} INFO - [2025-11-13T06:34:33.566+0000] {dagbag.py:538} INFO - Filling up the DagBag from /home/airflow/.local/lib/python3.8/site-packages/airflow/example_dags/example_python_decorator.py
[2025-11-13T06:34:33.589+0000] {processor.py:840} INFO - DAG(s) 'example_python_decorator' retrieved from /home/airflow/.local/lib/python3.8/site-packages/airflow/example_dags/example_python_decorator.py
[2025-11-13T06:34:33.633+0000] {logging_mixin.py:188} INFO - [2025-11-13T06:34:33.633+0000] {dag.py:3036} INFO - Sync 1 DAGs
[2025-11-13T06:34:33.654+0000] {logging_mixin.py:188} INFO - [2025-11-13T06:34:33.653+0000] {dag.py:3823} INFO - Setting next_dagrun for example_python_decorator to None, run_after=None
[2025-11-13T06:34:33.687+0000] {processor.py:183} INFO - Processing /home/airflow/.local/lib/python3.8/site-packages/airflow/example_dags/example_python_decorator.py took 0.133 seconds
[2025-11-13T06:35:03.792+0000] {processor.py:161} INFO - Started process (PID=1171) to work on /home/airflow/.local/lib/python3.8/site-packages/airflow/example_dags/example_python_decorator.py
[2025-11-13T06:35:03.794+0000] {processor.py:830} INFO - Processing file /home/airflow/.local/lib/python3.8/site-packages/airflow/example_dags/example_python_decorator.py for tasks to queue
[2025-11-13T06:35:03.797+0000] {logging_mixin.py:188} INFO - [2025-11-13T06:35:03.796+0000] {dagbag.py:538} INFO - Filling up the DagBag from /home/airflow/.local/lib/python3.8/site-packages/airflow/example_dags/example_python_decorator.py
[2025-11-13T06:35:03.815+0000] {processor.py:840} INFO - DAG(s) 'example_python_decorator' retrieved from /home/airflow/.local/lib/python3.8/site-packages/airflow/example_dags/example_python_decorator.py
[2025-11-13T06:35:03.845+0000] {logging_mixin.py:188} INFO - [2025-11-13T06:35:03.845+0000] {dag.py:3036} INFO - Sync 1 DAGs
[2025-11-13T06:35:03.865+0000] {logging_mixin.py:188} INFO - [2025-11-13T06:35:03.865+0000] {dag.py:3823} INFO - Setting next_dagrun for example_python_decorator to None, run_after=None
[2025-11-13T06:35:03.900+0000] {processor.py:183} INFO - Processing /home/airflow/.local/lib/python3.8/site-packages/airflow/example_dags/example_python_decorator.py took 0.113 seconds
[2025-11-13T06:35:34.639+0000] {processor.py:161} INFO - Started process (PID=1234) to work on /home/airflow/.local/lib/python3.8/site-packages/airflow/example_dags/example_python_decorator.py
[2025-11-13T06:35:34.641+0000] {processor.py:830} INFO - Processing file /home/airflow/.local/lib/python3.8/site-packages/airflow/example_dags/example_python_decorator.py for tasks to queue
[2025-11-13T06:35:34.644+0000] {logging_mixin.py:188} INFO - [2025-11-13T06:35:34.643+0000] {dagbag.py:538} INFO - Filling up the DagBag from /home/airflow/.local/lib/python3.8/site-packages/airflow/example_dags/example_python_decorator.py
[2025-11-13T06:35:34.660+0000] {processor.py:840} INFO - DAG(s) 'example_python_decorator' retrieved from /home/airflow/.local/lib/python3.8/site-packages/airflow/example_dags/example_python_decorator.py
[2025-11-13T06:35:34.691+0000] {logging_mixin.py:188} INFO - [2025-11-13T06:35:34.691+0000] {dag.py:3036} INFO - Sync 1 DAGs
[2025-11-13T06:35:34.707+0000] {logging_mixin.py:188} INFO - [2025-11-13T06:35:34.707+0000] {dag.py:3823} INFO - Setting next_dagrun for example_python_decorator to None, run_after=None
[2025-11-13T06:35:34.735+0000] {processor.py:183} INFO - Processing /home/airflow/.local/lib/python3.8/site-packages/airflow/example_dags/example_python_decorator.py took 0.101 seconds
[2025-11-13T06:36:05.628+0000] {processor.py:161} INFO - Started process (PID=1296) to work on /home/airflow/.local/lib/python3.8/site-packages/airflow/example_dags/example_python_decorator.py
[2025-11-13T06:36:05.630+0000] {processor.py:830} INFO - Processing file /home/airflow/.local/lib/python3.8/site-packages/airflow/example_dags/example_python_decorator.py for tasks to queue
[2025-11-13T06:36:05.632+0000] {logging_mixin.py:188} INFO - [2025-11-13T06:36:05.632+0000] {dagbag.py:538} INFO - Filling up the DagBag from /home/airflow/.local/lib/python3.8/site-packages/airflow/example_dags/example_python_decorator.py
[2025-11-13T06:36:05.648+0000] {processor.py:840} INFO - DAG(s) 'example_python_decorator' retrieved from /home/airflow/.local/lib/python3.8/site-packages/airflow/example_dags/example_python_decorator.py
[2025-11-13T06:36:05.675+0000] {logging_mixin.py:188} INFO - [2025-11-13T06:36:05.675+0000] {dag.py:3036} INFO - Sync 1 DAGs
[2025-11-13T06:36:05.689+0000] {logging_mixin.py:188} INFO - [2025-11-13T06:36:05.689+0000] {dag.py:3823} INFO - Setting next_dagrun for example_python_decorator to None, run_after=None
[2025-11-13T06:36:05.714+0000] {processor.py:183} INFO - Processing /home/airflow/.local/lib/python3.8/site-packages/airflow/example_dags/example_python_decorator.py took 0.090 seconds
[2025-11-13T06:36:36.695+0000] {processor.py:161} INFO - Started process (PID=1359) to work on /home/airflow/.local/lib/python3.8/site-packages/airflow/example_dags/example_python_decorator.py
[2025-11-13T06:36:36.697+0000] {processor.py:830} INFO - Processing file /home/airflow/.local/lib/python3.8/site-packages/airflow/example_dags/example_python_decorator.py for tasks to queue
[2025-11-13T06:36:36.701+0000] {logging_mixin.py:188} INFO - [2025-11-13T06:36:36.700+0000] {dagbag.py:538} INFO - Filling up the DagBag from /home/airflow/.local/lib/python3.8/site-packages/airflow/example_dags/example_python_decorator.py
[2025-11-13T06:36:36.726+0000] {processor.py:840} INFO - DAG(s) 'example_python_decorator' retrieved from /home/airflow/.local/lib/python3.8/site-packages/airflow/example_dags/example_python_decorator.py
[2025-11-13T06:36:36.768+0000] {logging_mixin.py:188} INFO - [2025-11-13T06:36:36.768+0000] {dag.py:3036} INFO - Sync 1 DAGs
[2025-11-13T06:36:36.789+0000] {logging_mixin.py:188} INFO - [2025-11-13T06:36:36.789+0000] {dag.py:3823} INFO - Setting next_dagrun for example_python_decorator to None, run_after=None
[2025-11-13T06:36:36.822+0000] {processor.py:183} INFO - Processing /home/airflow/.local/lib/python3.8/site-packages/airflow/example_dags/example_python_decorator.py took 0.134 seconds
[2025-11-13T06:37:07.181+0000] {processor.py:161} INFO - Started process (PID=1421) to work on /home/airflow/.local/lib/python3.8/site-packages/airflow/example_dags/example_python_decorator.py
[2025-11-13T06:37:07.183+0000] {processor.py:830} INFO - Processing file /home/airflow/.local/lib/python3.8/site-packages/airflow/example_dags/example_python_decorator.py for tasks to queue
[2025-11-13T06:37:07.186+0000] {logging_mixin.py:188} INFO - [2025-11-13T06:37:07.186+0000] {dagbag.py:538} INFO - Filling up the DagBag from /home/airflow/.local/lib/python3.8/site-packages/airflow/example_dags/example_python_decorator.py
[2025-11-13T06:37:07.216+0000] {processor.py:840} INFO - DAG(s) 'example_python_decorator' retrieved from /home/airflow/.local/lib/python3.8/site-packages/airflow/example_dags/example_python_decorator.py
[2025-11-13T06:37:07.288+0000] {logging_mixin.py:188} INFO - [2025-11-13T06:37:07.288+0000] {dag.py:3036} INFO - Sync 1 DAGs
[2025-11-13T06:37:07.316+0000] {logging_mixin.py:188} INFO - [2025-11-13T06:37:07.316+0000] {dag.py:3823} INFO - Setting next_dagrun for example_python_decorator to None, run_after=None
[2025-11-13T06:37:07.350+0000] {processor.py:183} INFO - Processing /home/airflow/.local/lib/python3.8/site-packages/airflow/example_dags/example_python_decorator.py took 0.176 seconds
[2025-11-13T06:37:38.333+0000] {processor.py:161} INFO - Started process (PID=1483) to work on /home/airflow/.local/lib/python3.8/site-packages/airflow/example_dags/example_python_decorator.py
[2025-11-13T06:37:38.336+0000] {processor.py:830} INFO - Processing file /home/airflow/.local/lib/python3.8/site-packages/airflow/example_dags/example_python_decorator.py for tasks to queue
[2025-11-13T06:37:38.342+0000] {logging_mixin.py:188} INFO - [2025-11-13T06:37:38.341+0000] {dagbag.py:538} INFO - Filling up the DagBag from /home/airflow/.local/lib/python3.8/site-packages/airflow/example_dags/example_python_decorator.py
[2025-11-13T06:37:38.388+0000] {processor.py:840} INFO - DAG(s) 'example_python_decorator' retrieved from /home/airflow/.local/lib/python3.8/site-packages/airflow/example_dags/example_python_decorator.py
[2025-11-13T06:37:38.462+0000] {logging_mixin.py:188} INFO - [2025-11-13T06:37:38.462+0000] {dag.py:3036} INFO - Sync 1 DAGs
[2025-11-13T06:37:38.504+0000] {logging_mixin.py:188} INFO - [2025-11-13T06:37:38.503+0000] {dag.py:3823} INFO - Setting next_dagrun for example_python_decorator to None, run_after=None
[2025-11-13T06:37:38.567+0000] {processor.py:183} INFO - Processing /home/airflow/.local/lib/python3.8/site-packages/airflow/example_dags/example_python_decorator.py took 0.248 seconds
[2025-11-13T06:38:08.738+0000] {processor.py:161} INFO - Started process (PID=1544) to work on /home/airflow/.local/lib/python3.8/site-packages/airflow/example_dags/example_python_decorator.py
[2025-11-13T06:38:08.740+0000] {processor.py:830} INFO - Processing file /home/airflow/.local/lib/python3.8/site-packages/airflow/example_dags/example_python_decorator.py for tasks to queue
[2025-11-13T06:38:08.742+0000] {logging_mixin.py:188} INFO - [2025-11-13T06:38:08.742+0000] {dagbag.py:538} INFO - Filling up the DagBag from /home/airflow/.local/lib/python3.8/site-packages/airflow/example_dags/example_python_decorator.py
[2025-11-13T06:38:08.757+0000] {processor.py:840} INFO - DAG(s) 'example_python_decorator' retrieved from /home/airflow/.local/lib/python3.8/site-packages/airflow/example_dags/example_python_decorator.py
[2025-11-13T06:38:08.784+0000] {logging_mixin.py:188} INFO - [2025-11-13T06:38:08.784+0000] {dag.py:3036} INFO - Sync 1 DAGs
[2025-11-13T06:38:08.798+0000] {logging_mixin.py:188} INFO - [2025-11-13T06:38:08.798+0000] {dag.py:3823} INFO - Setting next_dagrun for example_python_decorator to None, run_after=None
[2025-11-13T06:38:08.830+0000] {processor.py:183} INFO - Processing /home/airflow/.local/lib/python3.8/site-packages/airflow/example_dags/example_python_decorator.py took 0.096 seconds
[2025-11-13T06:38:38.999+0000] {processor.py:161} INFO - Started process (PID=1606) to work on /home/airflow/.local/lib/python3.8/site-packages/airflow/example_dags/example_python_decorator.py
[2025-11-13T06:38:39.000+0000] {processor.py:830} INFO - Processing file /home/airflow/.local/lib/python3.8/site-packages/airflow/example_dags/example_python_decorator.py for tasks to queue
[2025-11-13T06:38:39.003+0000] {logging_mixin.py:188} INFO - [2025-11-13T06:38:39.003+0000] {dagbag.py:538} INFO - Filling up the DagBag from /home/airflow/.local/lib/python3.8/site-packages/airflow/example_dags/example_python_decorator.py
[2025-11-13T06:38:39.018+0000] {processor.py:840} INFO - DAG(s) 'example_python_decorator' retrieved from /home/airflow/.local/lib/python3.8/site-packages/airflow/example_dags/example_python_decorator.py
[2025-11-13T06:38:39.050+0000] {logging_mixin.py:188} INFO - [2025-11-13T06:38:39.050+0000] {dag.py:3036} INFO - Sync 1 DAGs
[2025-11-13T06:38:39.064+0000] {logging_mixin.py:188} INFO - [2025-11-13T06:38:39.064+0000] {dag.py:3823} INFO - Setting next_dagrun for example_python_decorator to None, run_after=None
[2025-11-13T06:38:39.088+0000] {processor.py:183} INFO - Processing /home/airflow/.local/lib/python3.8/site-packages/airflow/example_dags/example_python_decorator.py took 0.093 seconds
[2025-11-13T06:39:09.684+0000] {processor.py:161} INFO - Started process (PID=1668) to work on /home/airflow/.local/lib/python3.8/site-packages/airflow/example_dags/example_python_decorator.py
[2025-11-13T06:39:09.686+0000] {processor.py:830} INFO - Processing file /home/airflow/.local/lib/python3.8/site-packages/airflow/example_dags/example_python_decorator.py for tasks to queue
[2025-11-13T06:39:09.690+0000] {logging_mixin.py:188} INFO - [2025-11-13T06:39:09.689+0000] {dagbag.py:538} INFO - Filling up the DagBag from /home/airflow/.local/lib/python3.8/site-packages/airflow/example_dags/example_python_decorator.py
[2025-11-13T06:39:09.714+0000] {processor.py:840} INFO - DAG(s) 'example_python_decorator' retrieved from /home/airflow/.local/lib/python3.8/site-packages/airflow/example_dags/example_python_decorator.py
[2025-11-13T06:39:09.755+0000] {logging_mixin.py:188} INFO - [2025-11-13T06:39:09.754+0000] {dag.py:3036} INFO - Sync 1 DAGs
[2025-11-13T06:39:09.775+0000] {logging_mixin.py:188} INFO - [2025-11-13T06:39:09.774+0000] {dag.py:3823} INFO - Setting next_dagrun for example_python_decorator to None, run_after=None
[2025-11-13T06:39:09.812+0000] {processor.py:183} INFO - Processing /home/airflow/.local/lib/python3.8/site-packages/airflow/example_dags/example_python_decorator.py took 0.135 seconds
[2025-11-13T06:39:40.123+0000] {processor.py:161} INFO - Started process (PID=1730) to work on /home/airflow/.local/lib/python3.8/site-packages/airflow/example_dags/example_python_decorator.py
[2025-11-13T06:39:40.126+0000] {processor.py:830} INFO - Processing file /home/airflow/.local/lib/python3.8/site-packages/airflow/example_dags/example_python_decorator.py for tasks to queue
[2025-11-13T06:39:40.131+0000] {logging_mixin.py:188} INFO - [2025-11-13T06:39:40.131+0000] {dagbag.py:538} INFO - Filling up the DagBag from /home/airflow/.local/lib/python3.8/site-packages/airflow/example_dags/example_python_decorator.py
[2025-11-13T06:39:40.165+0000] {processor.py:840} INFO - DAG(s) 'example_python_decorator' retrieved from /home/airflow/.local/lib/python3.8/site-packages/airflow/example_dags/example_python_decorator.py
[2025-11-13T06:39:40.221+0000] {logging_mixin.py:188} INFO - [2025-11-13T06:39:40.221+0000] {dag.py:3036} INFO - Sync 1 DAGs
[2025-11-13T06:39:40.262+0000] {logging_mixin.py:188} INFO - [2025-11-13T06:39:40.262+0000] {dag.py:3823} INFO - Setting next_dagrun for example_python_decorator to None, run_after=None
[2025-11-13T06:39:40.318+0000] {processor.py:183} INFO - Processing /home/airflow/.local/lib/python3.8/site-packages/airflow/example_dags/example_python_decorator.py took 0.203 seconds
[2025-11-13T06:40:11.153+0000] {processor.py:161} INFO - Started process (PID=1792) to work on /home/airflow/.local/lib/python3.8/site-packages/airflow/example_dags/example_python_decorator.py
[2025-11-13T06:40:11.155+0000] {processor.py:830} INFO - Processing file /home/airflow/.local/lib/python3.8/site-packages/airflow/example_dags/example_python_decorator.py for tasks to queue
[2025-11-13T06:40:11.158+0000] {logging_mixin.py:188} INFO - [2025-11-13T06:40:11.158+0000] {dagbag.py:538} INFO - Filling up the DagBag from /home/airflow/.local/lib/python3.8/site-packages/airflow/example_dags/example_python_decorator.py
[2025-11-13T06:40:11.174+0000] {processor.py:840} INFO - DAG(s) 'example_python_decorator' retrieved from /home/airflow/.local/lib/python3.8/site-packages/airflow/example_dags/example_python_decorator.py
[2025-11-13T06:40:11.203+0000] {logging_mixin.py:188} INFO - [2025-11-13T06:40:11.202+0000] {dag.py:3036} INFO - Sync 1 DAGs
[2025-11-13T06:40:11.218+0000] {logging_mixin.py:188} INFO - [2025-11-13T06:40:11.218+0000] {dag.py:3823} INFO - Setting next_dagrun for example_python_decorator to None, run_after=None
[2025-11-13T06:40:11.256+0000] {processor.py:183} INFO - Processing /home/airflow/.local/lib/python3.8/site-packages/airflow/example_dags/example_python_decorator.py took 0.107 seconds
[2025-11-13T06:40:41.575+0000] {processor.py:161} INFO - Started process (PID=1854) to work on /home/airflow/.local/lib/python3.8/site-packages/airflow/example_dags/example_python_decorator.py
[2025-11-13T06:40:41.577+0000] {processor.py:830} INFO - Processing file /home/airflow/.local/lib/python3.8/site-packages/airflow/example_dags/example_python_decorator.py for tasks to queue
[2025-11-13T06:40:41.582+0000] {logging_mixin.py:188} INFO - [2025-11-13T06:40:41.581+0000] {dagbag.py:538} INFO - Filling up the DagBag from /home/airflow/.local/lib/python3.8/site-packages/airflow/example_dags/example_python_decorator.py
[2025-11-13T06:40:41.602+0000] {processor.py:840} INFO - DAG(s) 'example_python_decorator' retrieved from /home/airflow/.local/lib/python3.8/site-packages/airflow/example_dags/example_python_decorator.py
[2025-11-13T06:40:41.645+0000] {logging_mixin.py:188} INFO - [2025-11-13T06:40:41.645+0000] {dag.py:3036} INFO - Sync 1 DAGs
[2025-11-13T06:40:41.667+0000] {logging_mixin.py:188} INFO - [2025-11-13T06:40:41.666+0000] {dag.py:3823} INFO - Setting next_dagrun for example_python_decorator to None, run_after=None
[2025-11-13T06:40:41.715+0000] {processor.py:183} INFO - Processing /home/airflow/.local/lib/python3.8/site-packages/airflow/example_dags/example_python_decorator.py took 0.146 seconds
[2025-11-13T06:41:11.825+0000] {processor.py:161} INFO - Started process (PID=1916) to work on /home/airflow/.local/lib/python3.8/site-packages/airflow/example_dags/example_python_decorator.py
[2025-11-13T06:41:11.827+0000] {processor.py:830} INFO - Processing file /home/airflow/.local/lib/python3.8/site-packages/airflow/example_dags/example_python_decorator.py for tasks to queue
[2025-11-13T06:41:11.831+0000] {logging_mixin.py:188} INFO - [2025-11-13T06:41:11.830+0000] {dagbag.py:538} INFO - Filling up the DagBag from /home/airflow/.local/lib/python3.8/site-packages/airflow/example_dags/example_python_decorator.py
[2025-11-13T06:41:11.858+0000] {processor.py:840} INFO - DAG(s) 'example_python_decorator' retrieved from /home/airflow/.local/lib/python3.8/site-packages/airflow/example_dags/example_python_decorator.py
[2025-11-13T06:41:11.904+0000] {logging_mixin.py:188} INFO - [2025-11-13T06:41:11.904+0000] {dag.py:3036} INFO - Sync 1 DAGs
[2025-11-13T06:41:11.928+0000] {logging_mixin.py:188} INFO - [2025-11-13T06:41:11.928+0000] {dag.py:3823} INFO - Setting next_dagrun for example_python_decorator to None, run_after=None
[2025-11-13T06:41:11.969+0000] {processor.py:183} INFO - Processing /home/airflow/.local/lib/python3.8/site-packages/airflow/example_dags/example_python_decorator.py took 0.151 seconds
[2025-11-13T06:41:42.049+0000] {processor.py:161} INFO - Started process (PID=1978) to work on /home/airflow/.local/lib/python3.8/site-packages/airflow/example_dags/example_python_decorator.py
[2025-11-13T06:41:42.050+0000] {processor.py:830} INFO - Processing file /home/airflow/.local/lib/python3.8/site-packages/airflow/example_dags/example_python_decorator.py for tasks to queue
[2025-11-13T06:41:42.053+0000] {logging_mixin.py:188} INFO - [2025-11-13T06:41:42.053+0000] {dagbag.py:538} INFO - Filling up the DagBag from /home/airflow/.local/lib/python3.8/site-packages/airflow/example_dags/example_python_decorator.py
[2025-11-13T06:41:42.073+0000] {processor.py:840} INFO - DAG(s) 'example_python_decorator' retrieved from /home/airflow/.local/lib/python3.8/site-packages/airflow/example_dags/example_python_decorator.py
[2025-11-13T06:41:42.105+0000] {logging_mixin.py:188} INFO - [2025-11-13T06:41:42.104+0000] {dag.py:3036} INFO - Sync 1 DAGs
[2025-11-13T06:41:42.122+0000] {logging_mixin.py:188} INFO - [2025-11-13T06:41:42.122+0000] {dag.py:3823} INFO - Setting next_dagrun for example_python_decorator to None, run_after=None
[2025-11-13T06:41:42.158+0000] {processor.py:183} INFO - Processing /home/airflow/.local/lib/python3.8/site-packages/airflow/example_dags/example_python_decorator.py took 0.115 seconds
[2025-11-13T06:42:12.762+0000] {processor.py:161} INFO - Started process (PID=2040) to work on /home/airflow/.local/lib/python3.8/site-packages/airflow/example_dags/example_python_decorator.py
[2025-11-13T06:42:12.764+0000] {processor.py:830} INFO - Processing file /home/airflow/.local/lib/python3.8/site-packages/airflow/example_dags/example_python_decorator.py for tasks to queue
[2025-11-13T06:42:12.769+0000] {logging_mixin.py:188} INFO - [2025-11-13T06:42:12.769+0000] {dagbag.py:538} INFO - Filling up the DagBag from /home/airflow/.local/lib/python3.8/site-packages/airflow/example_dags/example_python_decorator.py
[2025-11-13T06:42:12.805+0000] {processor.py:840} INFO - DAG(s) 'example_python_decorator' retrieved from /home/airflow/.local/lib/python3.8/site-packages/airflow/example_dags/example_python_decorator.py
[2025-11-13T06:42:12.860+0000] {logging_mixin.py:188} INFO - [2025-11-13T06:42:12.860+0000] {dag.py:3036} INFO - Sync 1 DAGs
[2025-11-13T06:42:12.880+0000] {logging_mixin.py:188} INFO - [2025-11-13T06:42:12.880+0000] {dag.py:3823} INFO - Setting next_dagrun for example_python_decorator to None, run_after=None
[2025-11-13T06:42:12.930+0000] {processor.py:183} INFO - Processing /home/airflow/.local/lib/python3.8/site-packages/airflow/example_dags/example_python_decorator.py took 0.176 seconds
[2025-11-13T06:42:43.165+0000] {processor.py:161} INFO - Started process (PID=2102) to work on /home/airflow/.local/lib/python3.8/site-packages/airflow/example_dags/example_python_decorator.py
[2025-11-13T06:42:43.167+0000] {processor.py:830} INFO - Processing file /home/airflow/.local/lib/python3.8/site-packages/airflow/example_dags/example_python_decorator.py for tasks to queue
[2025-11-13T06:42:43.170+0000] {logging_mixin.py:188} INFO - [2025-11-13T06:42:43.169+0000] {dagbag.py:538} INFO - Filling up the DagBag from /home/airflow/.local/lib/python3.8/site-packages/airflow/example_dags/example_python_decorator.py
[2025-11-13T06:42:43.187+0000] {processor.py:840} INFO - DAG(s) 'example_python_decorator' retrieved from /home/airflow/.local/lib/python3.8/site-packages/airflow/example_dags/example_python_decorator.py
[2025-11-13T06:42:43.218+0000] {logging_mixin.py:188} INFO - [2025-11-13T06:42:43.217+0000] {dag.py:3036} INFO - Sync 1 DAGs
[2025-11-13T06:42:43.234+0000] {logging_mixin.py:188} INFO - [2025-11-13T06:42:43.233+0000] {dag.py:3823} INFO - Setting next_dagrun for example_python_decorator to None, run_after=None
[2025-11-13T06:42:43.268+0000] {processor.py:183} INFO - Processing /home/airflow/.local/lib/python3.8/site-packages/airflow/example_dags/example_python_decorator.py took 0.107 seconds
[2025-11-13T06:43:14.068+0000] {processor.py:161} INFO - Started process (PID=2164) to work on /home/airflow/.local/lib/python3.8/site-packages/airflow/example_dags/example_python_decorator.py
[2025-11-13T06:43:14.070+0000] {processor.py:830} INFO - Processing file /home/airflow/.local/lib/python3.8/site-packages/airflow/example_dags/example_python_decorator.py for tasks to queue
[2025-11-13T06:43:14.073+0000] {logging_mixin.py:188} INFO - [2025-11-13T06:43:14.073+0000] {dagbag.py:538} INFO - Filling up the DagBag from /home/airflow/.local/lib/python3.8/site-packages/airflow/example_dags/example_python_decorator.py
[2025-11-13T06:43:14.090+0000] {processor.py:840} INFO - DAG(s) 'example_python_decorator' retrieved from /home/airflow/.local/lib/python3.8/site-packages/airflow/example_dags/example_python_decorator.py
[2025-11-13T06:43:14.118+0000] {logging_mixin.py:188} INFO - [2025-11-13T06:43:14.118+0000] {dag.py:3036} INFO - Sync 1 DAGs
[2025-11-13T06:43:14.136+0000] {logging_mixin.py:188} INFO - [2025-11-13T06:43:14.136+0000] {dag.py:3823} INFO - Setting next_dagrun for example_python_decorator to None, run_after=None
[2025-11-13T06:43:14.174+0000] {processor.py:183} INFO - Processing /home/airflow/.local/lib/python3.8/site-packages/airflow/example_dags/example_python_decorator.py took 0.111 seconds
[2025-11-13T06:43:44.657+0000] {processor.py:161} INFO - Started process (PID=2227) to work on /home/airflow/.local/lib/python3.8/site-packages/airflow/example_dags/example_python_decorator.py
[2025-11-13T06:43:44.658+0000] {processor.py:830} INFO - Processing file /home/airflow/.local/lib/python3.8/site-packages/airflow/example_dags/example_python_decorator.py for tasks to queue
[2025-11-13T06:43:44.662+0000] {logging_mixin.py:188} INFO - [2025-11-13T06:43:44.661+0000] {dagbag.py:538} INFO - Filling up the DagBag from /home/airflow/.local/lib/python3.8/site-packages/airflow/example_dags/example_python_decorator.py
[2025-11-13T06:43:44.681+0000] {processor.py:840} INFO - DAG(s) 'example_python_decorator' retrieved from /home/airflow/.local/lib/python3.8/site-packages/airflow/example_dags/example_python_decorator.py
[2025-11-13T06:43:44.721+0000] {logging_mixin.py:188} INFO - [2025-11-13T06:43:44.721+0000] {dag.py:3036} INFO - Sync 1 DAGs
[2025-11-13T06:43:44.740+0000] {logging_mixin.py:188} INFO - [2025-11-13T06:43:44.740+0000] {dag.py:3823} INFO - Setting next_dagrun for example_python_decorator to None, run_after=None
[2025-11-13T06:43:44.772+0000] {processor.py:183} INFO - Processing /home/airflow/.local/lib/python3.8/site-packages/airflow/example_dags/example_python_decorator.py took 0.120 seconds
[2025-11-13T06:44:15.015+0000] {processor.py:161} INFO - Started process (PID=2289) to work on /home/airflow/.local/lib/python3.8/site-packages/airflow/example_dags/example_python_decorator.py
[2025-11-13T06:44:15.017+0000] {processor.py:830} INFO - Processing file /home/airflow/.local/lib/python3.8/site-packages/airflow/example_dags/example_python_decorator.py for tasks to queue
[2025-11-13T06:44:15.020+0000] {logging_mixin.py:188} INFO - [2025-11-13T06:44:15.019+0000] {dagbag.py:538} INFO - Filling up the DagBag from /home/airflow/.local/lib/python3.8/site-packages/airflow/example_dags/example_python_decorator.py
[2025-11-13T06:44:15.038+0000] {processor.py:840} INFO - DAG(s) 'example_python_decorator' retrieved from /home/airflow/.local/lib/python3.8/site-packages/airflow/example_dags/example_python_decorator.py
[2025-11-13T06:44:15.066+0000] {logging_mixin.py:188} INFO - [2025-11-13T06:44:15.066+0000] {dag.py:3036} INFO - Sync 1 DAGs
[2025-11-13T06:44:15.081+0000] {logging_mixin.py:188} INFO - [2025-11-13T06:44:15.081+0000] {dag.py:3823} INFO - Setting next_dagrun for example_python_decorator to None, run_after=None
[2025-11-13T06:44:15.106+0000] {processor.py:183} INFO - Processing /home/airflow/.local/lib/python3.8/site-packages/airflow/example_dags/example_python_decorator.py took 0.097 seconds
[2025-11-13T06:44:45.587+0000] {processor.py:161} INFO - Started process (PID=2351) to work on /home/airflow/.local/lib/python3.8/site-packages/airflow/example_dags/example_python_decorator.py
[2025-11-13T06:44:45.589+0000] {processor.py:830} INFO - Processing file /home/airflow/.local/lib/python3.8/site-packages/airflow/example_dags/example_python_decorator.py for tasks to queue
[2025-11-13T06:44:45.592+0000] {logging_mixin.py:188} INFO - [2025-11-13T06:44:45.592+0000] {dagbag.py:538} INFO - Filling up the DagBag from /home/airflow/.local/lib/python3.8/site-packages/airflow/example_dags/example_python_decorator.py
[2025-11-13T06:44:45.613+0000] {processor.py:840} INFO - DAG(s) 'example_python_decorator' retrieved from /home/airflow/.local/lib/python3.8/site-packages/airflow/example_dags/example_python_decorator.py
[2025-11-13T06:44:45.654+0000] {logging_mixin.py:188} INFO - [2025-11-13T06:44:45.654+0000] {dag.py:3036} INFO - Sync 1 DAGs
[2025-11-13T06:44:45.673+0000] {logging_mixin.py:188} INFO - [2025-11-13T06:44:45.673+0000] {dag.py:3823} INFO - Setting next_dagrun for example_python_decorator to None, run_after=None
[2025-11-13T06:44:45.714+0000] {processor.py:183} INFO - Processing /home/airflow/.local/lib/python3.8/site-packages/airflow/example_dags/example_python_decorator.py took 0.133 seconds
[2025-11-13T06:45:15.916+0000] {processor.py:161} INFO - Started process (PID=2411) to work on /home/airflow/.local/lib/python3.8/site-packages/airflow/example_dags/example_python_decorator.py
[2025-11-13T06:45:15.918+0000] {processor.py:830} INFO - Processing file /home/airflow/.local/lib/python3.8/site-packages/airflow/example_dags/example_python_decorator.py for tasks to queue
[2025-11-13T06:45:15.923+0000] {logging_mixin.py:188} INFO - [2025-11-13T06:45:15.922+0000] {dagbag.py:538} INFO - Filling up the DagBag from /home/airflow/.local/lib/python3.8/site-packages/airflow/example_dags/example_python_decorator.py
[2025-11-13T06:45:15.949+0000] {processor.py:840} INFO - DAG(s) 'example_python_decorator' retrieved from /home/airflow/.local/lib/python3.8/site-packages/airflow/example_dags/example_python_decorator.py
[2025-11-13T06:45:15.998+0000] {logging_mixin.py:188} INFO - [2025-11-13T06:45:15.997+0000] {dag.py:3036} INFO - Sync 1 DAGs
[2025-11-13T06:45:16.029+0000] {logging_mixin.py:188} INFO - [2025-11-13T06:45:16.029+0000] {dag.py:3823} INFO - Setting next_dagrun for example_python_decorator to None, run_after=None
[2025-11-13T06:45:16.074+0000] {processor.py:183} INFO - Processing /home/airflow/.local/lib/python3.8/site-packages/airflow/example_dags/example_python_decorator.py took 0.165 seconds
[2025-11-13T06:45:46.403+0000] {processor.py:161} INFO - Started process (PID=2473) to work on /home/airflow/.local/lib/python3.8/site-packages/airflow/example_dags/example_python_decorator.py
[2025-11-13T06:45:46.405+0000] {processor.py:830} INFO - Processing file /home/airflow/.local/lib/python3.8/site-packages/airflow/example_dags/example_python_decorator.py for tasks to queue
[2025-11-13T06:45:46.410+0000] {logging_mixin.py:188} INFO - [2025-11-13T06:45:46.409+0000] {dagbag.py:538} INFO - Filling up the DagBag from /home/airflow/.local/lib/python3.8/site-packages/airflow/example_dags/example_python_decorator.py
[2025-11-13T06:45:46.438+0000] {processor.py:840} INFO - DAG(s) 'example_python_decorator' retrieved from /home/airflow/.local/lib/python3.8/site-packages/airflow/example_dags/example_python_decorator.py
[2025-11-13T06:45:46.475+0000] {logging_mixin.py:188} INFO - [2025-11-13T06:45:46.474+0000] {dag.py:3036} INFO - Sync 1 DAGs
[2025-11-13T06:45:46.492+0000] {logging_mixin.py:188} INFO - [2025-11-13T06:45:46.492+0000] {dag.py:3823} INFO - Setting next_dagrun for example_python_decorator to None, run_after=None
[2025-11-13T06:45:46.524+0000] {processor.py:183} INFO - Processing /home/airflow/.local/lib/python3.8/site-packages/airflow/example_dags/example_python_decorator.py took 0.127 seconds
[2025-11-13T06:46:16.767+0000] {processor.py:161} INFO - Started process (PID=2536) to work on /home/airflow/.local/lib/python3.8/site-packages/airflow/example_dags/example_python_decorator.py
[2025-11-13T06:46:16.769+0000] {processor.py:830} INFO - Processing file /home/airflow/.local/lib/python3.8/site-packages/airflow/example_dags/example_python_decorator.py for tasks to queue
[2025-11-13T06:46:16.773+0000] {logging_mixin.py:188} INFO - [2025-11-13T06:46:16.772+0000] {dagbag.py:538} INFO - Filling up the DagBag from /home/airflow/.local/lib/python3.8/site-packages/airflow/example_dags/example_python_decorator.py
[2025-11-13T06:46:16.797+0000] {processor.py:840} INFO - DAG(s) 'example_python_decorator' retrieved from /home/airflow/.local/lib/python3.8/site-packages/airflow/example_dags/example_python_decorator.py
[2025-11-13T06:46:16.833+0000] {logging_mixin.py:188} INFO - [2025-11-13T06:46:16.833+0000] {dag.py:3036} INFO - Sync 1 DAGs
[2025-11-13T06:46:16.853+0000] {logging_mixin.py:188} INFO - [2025-11-13T06:46:16.853+0000] {dag.py:3823} INFO - Setting next_dagrun for example_python_decorator to None, run_after=None
[2025-11-13T06:46:16.884+0000] {processor.py:183} INFO - Processing /home/airflow/.local/lib/python3.8/site-packages/airflow/example_dags/example_python_decorator.py took 0.124 seconds
[2025-11-13T06:46:48.097+0000] {processor.py:161} INFO - Started process (PID=2599) to work on /home/airflow/.local/lib/python3.8/site-packages/airflow/example_dags/example_python_decorator.py
[2025-11-13T06:46:48.100+0000] {processor.py:830} INFO - Processing file /home/airflow/.local/lib/python3.8/site-packages/airflow/example_dags/example_python_decorator.py for tasks to queue
[2025-11-13T06:46:48.105+0000] {logging_mixin.py:188} INFO - [2025-11-13T06:46:48.104+0000] {dagbag.py:538} INFO - Filling up the DagBag from /home/airflow/.local/lib/python3.8/site-packages/airflow/example_dags/example_python_decorator.py
[2025-11-13T06:46:48.162+0000] {processor.py:840} INFO - DAG(s) 'example_python_decorator' retrieved from /home/airflow/.local/lib/python3.8/site-packages/airflow/example_dags/example_python_decorator.py
[2025-11-13T06:46:48.259+0000] {logging_mixin.py:188} INFO - [2025-11-13T06:46:48.258+0000] {dag.py:3036} INFO - Sync 1 DAGs
[2025-11-13T06:46:48.312+0000] {logging_mixin.py:188} INFO - [2025-11-13T06:46:48.311+0000] {dag.py:3823} INFO - Setting next_dagrun for example_python_decorator to None, run_after=None
[2025-11-13T06:46:48.390+0000] {processor.py:183} INFO - Processing /home/airflow/.local/lib/python3.8/site-packages/airflow/example_dags/example_python_decorator.py took 0.299 seconds
[2025-11-13T06:47:18.674+0000] {processor.py:161} INFO - Started process (PID=2661) to work on /home/airflow/.local/lib/python3.8/site-packages/airflow/example_dags/example_python_decorator.py
[2025-11-13T06:47:18.678+0000] {processor.py:830} INFO - Processing file /home/airflow/.local/lib/python3.8/site-packages/airflow/example_dags/example_python_decorator.py for tasks to queue
[2025-11-13T06:47:18.690+0000] {logging_mixin.py:188} INFO - [2025-11-13T06:47:18.683+0000] {dagbag.py:538} INFO - Filling up the DagBag from /home/airflow/.local/lib/python3.8/site-packages/airflow/example_dags/example_python_decorator.py
[2025-11-13T06:47:18.741+0000] {processor.py:840} INFO - DAG(s) 'example_python_decorator' retrieved from /home/airflow/.local/lib/python3.8/site-packages/airflow/example_dags/example_python_decorator.py
[2025-11-13T06:47:18.829+0000] {logging_mixin.py:188} INFO - [2025-11-13T06:47:18.828+0000] {dag.py:3036} INFO - Sync 1 DAGs
[2025-11-13T06:47:18.893+0000] {logging_mixin.py:188} INFO - [2025-11-13T06:47:18.892+0000] {dag.py:3823} INFO - Setting next_dagrun for example_python_decorator to None, run_after=None
[2025-11-13T06:47:18.983+0000] {processor.py:183} INFO - Processing /home/airflow/.local/lib/python3.8/site-packages/airflow/example_dags/example_python_decorator.py took 0.325 seconds
[2025-11-13T06:47:51.812+0000] {processor.py:161} INFO - Started process (PID=2724) to work on /home/airflow/.local/lib/python3.8/site-packages/airflow/example_dags/example_python_decorator.py
[2025-11-13T06:47:51.815+0000] {processor.py:830} INFO - Processing file /home/airflow/.local/lib/python3.8/site-packages/airflow/example_dags/example_python_decorator.py for tasks to queue
[2025-11-13T06:47:51.821+0000] {logging_mixin.py:188} INFO - [2025-11-13T06:47:51.820+0000] {dagbag.py:538} INFO - Filling up the DagBag from /home/airflow/.local/lib/python3.8/site-packages/airflow/example_dags/example_python_decorator.py
[2025-11-13T06:47:51.867+0000] {processor.py:840} INFO - DAG(s) 'example_python_decorator' retrieved from /home/airflow/.local/lib/python3.8/site-packages/airflow/example_dags/example_python_decorator.py
[2025-11-13T06:47:51.986+0000] {logging_mixin.py:188} INFO - [2025-11-13T06:47:51.985+0000] {dag.py:3036} INFO - Sync 1 DAGs
[2025-11-13T06:47:52.059+0000] {logging_mixin.py:188} INFO - [2025-11-13T06:47:52.059+0000] {dag.py:3823} INFO - Setting next_dagrun for example_python_decorator to None, run_after=None
[2025-11-13T06:47:52.145+0000] {processor.py:183} INFO - Processing /home/airflow/.local/lib/python3.8/site-packages/airflow/example_dags/example_python_decorator.py took 0.342 seconds
[2025-11-13T06:48:23.042+0000] {processor.py:161} INFO - Started process (PID=2786) to work on /home/airflow/.local/lib/python3.8/site-packages/airflow/example_dags/example_python_decorator.py
[2025-11-13T06:48:23.044+0000] {processor.py:830} INFO - Processing file /home/airflow/.local/lib/python3.8/site-packages/airflow/example_dags/example_python_decorator.py for tasks to queue
[2025-11-13T06:48:23.048+0000] {logging_mixin.py:188} INFO - [2025-11-13T06:48:23.047+0000] {dagbag.py:538} INFO - Filling up the DagBag from /home/airflow/.local/lib/python3.8/site-packages/airflow/example_dags/example_python_decorator.py
[2025-11-13T06:48:23.081+0000] {processor.py:840} INFO - DAG(s) 'example_python_decorator' retrieved from /home/airflow/.local/lib/python3.8/site-packages/airflow/example_dags/example_python_decorator.py
[2025-11-13T06:48:23.122+0000] {logging_mixin.py:188} INFO - [2025-11-13T06:48:23.122+0000] {dag.py:3036} INFO - Sync 1 DAGs
[2025-11-13T06:48:23.152+0000] {logging_mixin.py:188} INFO - [2025-11-13T06:48:23.151+0000] {dag.py:3823} INFO - Setting next_dagrun for example_python_decorator to None, run_after=None
[2025-11-13T06:48:23.467+0000] {processor.py:183} INFO - Processing /home/airflow/.local/lib/python3.8/site-packages/airflow/example_dags/example_python_decorator.py took 0.434 seconds
[2025-11-13T06:48:53.801+0000] {processor.py:161} INFO - Started process (PID=2848) to work on /home/airflow/.local/lib/python3.8/site-packages/airflow/example_dags/example_python_decorator.py
[2025-11-13T06:48:53.804+0000] {processor.py:830} INFO - Processing file /home/airflow/.local/lib/python3.8/site-packages/airflow/example_dags/example_python_decorator.py for tasks to queue
[2025-11-13T06:48:53.809+0000] {logging_mixin.py:188} INFO - [2025-11-13T06:48:53.808+0000] {dagbag.py:538} INFO - Filling up the DagBag from /home/airflow/.local/lib/python3.8/site-packages/airflow/example_dags/example_python_decorator.py
[2025-11-13T06:48:53.839+0000] {processor.py:840} INFO - DAG(s) 'example_python_decorator' retrieved from /home/airflow/.local/lib/python3.8/site-packages/airflow/example_dags/example_python_decorator.py
[2025-11-13T06:48:53.894+0000] {logging_mixin.py:188} INFO - [2025-11-13T06:48:53.894+0000] {dag.py:3036} INFO - Sync 1 DAGs
[2025-11-13T06:48:53.920+0000] {logging_mixin.py:188} INFO - [2025-11-13T06:48:53.920+0000] {dag.py:3823} INFO - Setting next_dagrun for example_python_decorator to None, run_after=None
[2025-11-13T06:48:53.960+0000] {processor.py:183} INFO - Processing /home/airflow/.local/lib/python3.8/site-packages/airflow/example_dags/example_python_decorator.py took 0.168 seconds
[2025-11-13T06:49:24.124+0000] {processor.py:161} INFO - Started process (PID=2910) to work on /home/airflow/.local/lib/python3.8/site-packages/airflow/example_dags/example_python_decorator.py
[2025-11-13T06:49:24.126+0000] {processor.py:830} INFO - Processing file /home/airflow/.local/lib/python3.8/site-packages/airflow/example_dags/example_python_decorator.py for tasks to queue
[2025-11-13T06:49:24.130+0000] {logging_mixin.py:188} INFO - [2025-11-13T06:49:24.129+0000] {dagbag.py:538} INFO - Filling up the DagBag from /home/airflow/.local/lib/python3.8/site-packages/airflow/example_dags/example_python_decorator.py
[2025-11-13T06:49:24.159+0000] {processor.py:840} INFO - DAG(s) 'example_python_decorator' retrieved from /home/airflow/.local/lib/python3.8/site-packages/airflow/example_dags/example_python_decorator.py
[2025-11-13T06:49:24.200+0000] {logging_mixin.py:188} INFO - [2025-11-13T06:49:24.199+0000] {dag.py:3036} INFO - Sync 1 DAGs
[2025-11-13T06:49:24.220+0000] {logging_mixin.py:188} INFO - [2025-11-13T06:49:24.219+0000] {dag.py:3823} INFO - Setting next_dagrun for example_python_decorator to None, run_after=None
[2025-11-13T06:49:24.262+0000] {processor.py:183} INFO - Processing /home/airflow/.local/lib/python3.8/site-packages/airflow/example_dags/example_python_decorator.py took 0.145 seconds
[2025-11-13T06:49:54.756+0000] {processor.py:161} INFO - Started process (PID=2972) to work on /home/airflow/.local/lib/python3.8/site-packages/airflow/example_dags/example_python_decorator.py
[2025-11-13T06:49:54.759+0000] {processor.py:830} INFO - Processing file /home/airflow/.local/lib/python3.8/site-packages/airflow/example_dags/example_python_decorator.py for tasks to queue
[2025-11-13T06:49:54.763+0000] {logging_mixin.py:188} INFO - [2025-11-13T06:49:54.763+0000] {dagbag.py:538} INFO - Filling up the DagBag from /home/airflow/.local/lib/python3.8/site-packages/airflow/example_dags/example_python_decorator.py
[2025-11-13T06:49:54.787+0000] {processor.py:840} INFO - DAG(s) 'example_python_decorator' retrieved from /home/airflow/.local/lib/python3.8/site-packages/airflow/example_dags/example_python_decorator.py
[2025-11-13T06:49:54.825+0000] {logging_mixin.py:188} INFO - [2025-11-13T06:49:54.825+0000] {dag.py:3036} INFO - Sync 1 DAGs
[2025-11-13T06:49:54.848+0000] {logging_mixin.py:188} INFO - [2025-11-13T06:49:54.848+0000] {dag.py:3823} INFO - Setting next_dagrun for example_python_decorator to None, run_after=None
[2025-11-13T06:49:54.890+0000] {processor.py:183} INFO - Processing /home/airflow/.local/lib/python3.8/site-packages/airflow/example_dags/example_python_decorator.py took 0.141 seconds
[2025-11-13T06:50:30.036+0000] {processor.py:161} INFO - Started process (PID=3035) to work on /home/airflow/.local/lib/python3.8/site-packages/airflow/example_dags/example_python_decorator.py
[2025-11-13T06:50:30.039+0000] {processor.py:830} INFO - Processing file /home/airflow/.local/lib/python3.8/site-packages/airflow/example_dags/example_python_decorator.py for tasks to queue
[2025-11-13T06:50:30.049+0000] {logging_mixin.py:188} INFO - [2025-11-13T06:50:30.048+0000] {dagbag.py:538} INFO - Filling up the DagBag from /home/airflow/.local/lib/python3.8/site-packages/airflow/example_dags/example_python_decorator.py
[2025-11-13T06:50:30.114+0000] {processor.py:840} INFO - DAG(s) 'example_python_decorator' retrieved from /home/airflow/.local/lib/python3.8/site-packages/airflow/example_dags/example_python_decorator.py
[2025-11-13T06:50:30.683+0000] {logging_mixin.py:188} INFO - [2025-11-13T06:50:30.682+0000] {dag.py:3036} INFO - Sync 1 DAGs
[2025-11-13T06:50:30.738+0000] {logging_mixin.py:188} INFO - [2025-11-13T06:50:30.737+0000] {dag.py:3823} INFO - Setting next_dagrun for example_python_decorator to None, run_after=None
[2025-11-13T06:50:30.797+0000] {processor.py:183} INFO - Processing /home/airflow/.local/lib/python3.8/site-packages/airflow/example_dags/example_python_decorator.py took 0.783 seconds
[2025-11-13T06:51:01.052+0000] {processor.py:161} INFO - Started process (PID=3098) to work on /home/airflow/.local/lib/python3.8/site-packages/airflow/example_dags/example_python_decorator.py
[2025-11-13T06:51:01.054+0000] {processor.py:830} INFO - Processing file /home/airflow/.local/lib/python3.8/site-packages/airflow/example_dags/example_python_decorator.py for tasks to queue
[2025-11-13T06:51:01.058+0000] {logging_mixin.py:188} INFO - [2025-11-13T06:51:01.057+0000] {dagbag.py:538} INFO - Filling up the DagBag from /home/airflow/.local/lib/python3.8/site-packages/airflow/example_dags/example_python_decorator.py
[2025-11-13T06:51:01.083+0000] {processor.py:840} INFO - DAG(s) 'example_python_decorator' retrieved from /home/airflow/.local/lib/python3.8/site-packages/airflow/example_dags/example_python_decorator.py
[2025-11-13T06:51:01.129+0000] {logging_mixin.py:188} INFO - [2025-11-13T06:51:01.128+0000] {dag.py:3036} INFO - Sync 1 DAGs
[2025-11-13T06:51:01.158+0000] {logging_mixin.py:188} INFO - [2025-11-13T06:51:01.157+0000] {dag.py:3823} INFO - Setting next_dagrun for example_python_decorator to None, run_after=None
[2025-11-13T06:51:01.388+0000] {processor.py:183} INFO - Processing /home/airflow/.local/lib/python3.8/site-packages/airflow/example_dags/example_python_decorator.py took 0.342 seconds
