[2025-11-13T06:26:23.372+0000] {processor.py:161} INFO - Started process (PID=115) to work on /home/airflow/.local/lib/python3.8/site-packages/airflow/example_dags/example_setup_teardown.py
[2025-11-13T06:26:23.376+0000] {processor.py:830} INFO - Processing file /home/airflow/.local/lib/python3.8/site-packages/airflow/example_dags/example_setup_teardown.py for tasks to queue
[2025-11-13T06:26:23.391+0000] {logging_mixin.py:188} INFO - [2025-11-13T06:26:23.390+0000] {dagbag.py:538} INFO - Filling up the DagBag from /home/airflow/.local/lib/python3.8/site-packages/airflow/example_dags/example_setup_teardown.py
[2025-11-13T06:26:23.435+0000] {processor.py:840} INFO - DAG(s) 'example_setup_teardown' retrieved from /home/airflow/.local/lib/python3.8/site-packages/airflow/example_dags/example_setup_teardown.py
[2025-11-13T06:26:23.533+0000] {logging_mixin.py:188} INFO - [2025-11-13T06:26:23.532+0000] {dag.py:3036} INFO - Sync 1 DAGs
[2025-11-13T06:26:23.772+0000] {logging_mixin.py:188} INFO - [2025-11-13T06:26:23.771+0000] {dag.py:3823} INFO - Setting next_dagrun for example_setup_teardown to 2025-11-12 00:00:00+00:00, run_after=2025-11-13 00:00:00+00:00
[2025-11-13T06:26:23.872+0000] {processor.py:183} INFO - Processing /home/airflow/.local/lib/python3.8/site-packages/airflow/example_dags/example_setup_teardown.py took 0.523 seconds
[2025-11-13T06:26:54.457+0000] {processor.py:161} INFO - Started process (PID=177) to work on /home/airflow/.local/lib/python3.8/site-packages/airflow/example_dags/example_setup_teardown.py
[2025-11-13T06:26:54.459+0000] {processor.py:830} INFO - Processing file /home/airflow/.local/lib/python3.8/site-packages/airflow/example_dags/example_setup_teardown.py for tasks to queue
[2025-11-13T06:26:54.462+0000] {logging_mixin.py:188} INFO - [2025-11-13T06:26:54.462+0000] {dagbag.py:538} INFO - Filling up the DagBag from /home/airflow/.local/lib/python3.8/site-packages/airflow/example_dags/example_setup_teardown.py
[2025-11-13T06:26:54.476+0000] {processor.py:840} INFO - DAG(s) 'example_setup_teardown' retrieved from /home/airflow/.local/lib/python3.8/site-packages/airflow/example_dags/example_setup_teardown.py
[2025-11-13T06:26:54.698+0000] {logging_mixin.py:188} INFO - [2025-11-13T06:26:54.697+0000] {dag.py:3036} INFO - Sync 1 DAGs
[2025-11-13T06:26:54.731+0000] {logging_mixin.py:188} INFO - [2025-11-13T06:26:54.731+0000] {dag.py:3823} INFO - Setting next_dagrun for example_setup_teardown to 2025-11-12 00:00:00+00:00, run_after=2025-11-13 00:00:00+00:00
[2025-11-13T06:26:54.779+0000] {processor.py:183} INFO - Processing /home/airflow/.local/lib/python3.8/site-packages/airflow/example_dags/example_setup_teardown.py took 0.329 seconds
[2025-11-13T06:27:25.361+0000] {processor.py:161} INFO - Started process (PID=245) to work on /home/airflow/.local/lib/python3.8/site-packages/airflow/example_dags/example_setup_teardown.py
[2025-11-13T06:27:25.363+0000] {processor.py:830} INFO - Processing file /home/airflow/.local/lib/python3.8/site-packages/airflow/example_dags/example_setup_teardown.py for tasks to queue
[2025-11-13T06:27:25.368+0000] {logging_mixin.py:188} INFO - [2025-11-13T06:27:25.367+0000] {dagbag.py:538} INFO - Filling up the DagBag from /home/airflow/.local/lib/python3.8/site-packages/airflow/example_dags/example_setup_teardown.py
[2025-11-13T06:27:25.381+0000] {processor.py:840} INFO - DAG(s) 'example_setup_teardown' retrieved from /home/airflow/.local/lib/python3.8/site-packages/airflow/example_dags/example_setup_teardown.py
[2025-11-13T06:27:25.414+0000] {logging_mixin.py:188} INFO - [2025-11-13T06:27:25.414+0000] {dag.py:3036} INFO - Sync 1 DAGs
[2025-11-13T06:27:25.445+0000] {logging_mixin.py:188} INFO - [2025-11-13T06:27:25.445+0000] {dag.py:3823} INFO - Setting next_dagrun for example_setup_teardown to 2025-11-12 00:00:00+00:00, run_after=2025-11-13 00:00:00+00:00
[2025-11-13T06:27:25.475+0000] {processor.py:183} INFO - Processing /home/airflow/.local/lib/python3.8/site-packages/airflow/example_dags/example_setup_teardown.py took 0.120 seconds
[2025-11-13T06:27:55.772+0000] {processor.py:161} INFO - Started process (PID=307) to work on /home/airflow/.local/lib/python3.8/site-packages/airflow/example_dags/example_setup_teardown.py
[2025-11-13T06:27:55.773+0000] {processor.py:830} INFO - Processing file /home/airflow/.local/lib/python3.8/site-packages/airflow/example_dags/example_setup_teardown.py for tasks to queue
[2025-11-13T06:27:55.776+0000] {logging_mixin.py:188} INFO - [2025-11-13T06:27:55.776+0000] {dagbag.py:538} INFO - Filling up the DagBag from /home/airflow/.local/lib/python3.8/site-packages/airflow/example_dags/example_setup_teardown.py
[2025-11-13T06:27:55.785+0000] {processor.py:840} INFO - DAG(s) 'example_setup_teardown' retrieved from /home/airflow/.local/lib/python3.8/site-packages/airflow/example_dags/example_setup_teardown.py
[2025-11-13T06:27:55.813+0000] {logging_mixin.py:188} INFO - [2025-11-13T06:27:55.813+0000] {dag.py:3036} INFO - Sync 1 DAGs
[2025-11-13T06:27:55.840+0000] {logging_mixin.py:188} INFO - [2025-11-13T06:27:55.840+0000] {dag.py:3823} INFO - Setting next_dagrun for example_setup_teardown to 2025-11-12 00:00:00+00:00, run_after=2025-11-13 00:00:00+00:00
[2025-11-13T06:27:55.866+0000] {processor.py:183} INFO - Processing /home/airflow/.local/lib/python3.8/site-packages/airflow/example_dags/example_setup_teardown.py took 0.099 seconds
[2025-11-13T06:28:26.526+0000] {processor.py:161} INFO - Started process (PID=370) to work on /home/airflow/.local/lib/python3.8/site-packages/airflow/example_dags/example_setup_teardown.py
[2025-11-13T06:28:26.528+0000] {processor.py:830} INFO - Processing file /home/airflow/.local/lib/python3.8/site-packages/airflow/example_dags/example_setup_teardown.py for tasks to queue
[2025-11-13T06:28:26.531+0000] {logging_mixin.py:188} INFO - [2025-11-13T06:28:26.531+0000] {dagbag.py:538} INFO - Filling up the DagBag from /home/airflow/.local/lib/python3.8/site-packages/airflow/example_dags/example_setup_teardown.py
[2025-11-13T06:28:26.543+0000] {processor.py:840} INFO - DAG(s) 'example_setup_teardown' retrieved from /home/airflow/.local/lib/python3.8/site-packages/airflow/example_dags/example_setup_teardown.py
[2025-11-13T06:28:26.579+0000] {logging_mixin.py:188} INFO - [2025-11-13T06:28:26.578+0000] {dag.py:3036} INFO - Sync 1 DAGs
[2025-11-13T06:28:26.619+0000] {logging_mixin.py:188} INFO - [2025-11-13T06:28:26.619+0000] {dag.py:3823} INFO - Setting next_dagrun for example_setup_teardown to 2025-11-12 00:00:00+00:00, run_after=2025-11-13 00:00:00+00:00
[2025-11-13T06:28:26.662+0000] {processor.py:183} INFO - Processing /home/airflow/.local/lib/python3.8/site-packages/airflow/example_dags/example_setup_teardown.py took 0.141 seconds
[2025-11-13T06:28:57.070+0000] {processor.py:161} INFO - Started process (PID=432) to work on /home/airflow/.local/lib/python3.8/site-packages/airflow/example_dags/example_setup_teardown.py
[2025-11-13T06:28:57.072+0000] {processor.py:830} INFO - Processing file /home/airflow/.local/lib/python3.8/site-packages/airflow/example_dags/example_setup_teardown.py for tasks to queue
[2025-11-13T06:28:57.078+0000] {logging_mixin.py:188} INFO - [2025-11-13T06:28:57.077+0000] {dagbag.py:538} INFO - Filling up the DagBag from /home/airflow/.local/lib/python3.8/site-packages/airflow/example_dags/example_setup_teardown.py
[2025-11-13T06:28:57.093+0000] {processor.py:840} INFO - DAG(s) 'example_setup_teardown' retrieved from /home/airflow/.local/lib/python3.8/site-packages/airflow/example_dags/example_setup_teardown.py
[2025-11-13T06:28:57.140+0000] {logging_mixin.py:188} INFO - [2025-11-13T06:28:57.139+0000] {dag.py:3036} INFO - Sync 1 DAGs
[2025-11-13T06:28:57.192+0000] {logging_mixin.py:188} INFO - [2025-11-13T06:28:57.192+0000] {dag.py:3823} INFO - Setting next_dagrun for example_setup_teardown to 2025-11-12 00:00:00+00:00, run_after=2025-11-13 00:00:00+00:00
[2025-11-13T06:28:57.240+0000] {processor.py:183} INFO - Processing /home/airflow/.local/lib/python3.8/site-packages/airflow/example_dags/example_setup_teardown.py took 0.178 seconds
[2025-11-13T06:29:27.452+0000] {processor.py:161} INFO - Started process (PID=494) to work on /home/airflow/.local/lib/python3.8/site-packages/airflow/example_dags/example_setup_teardown.py
[2025-11-13T06:29:27.454+0000] {processor.py:830} INFO - Processing file /home/airflow/.local/lib/python3.8/site-packages/airflow/example_dags/example_setup_teardown.py for tasks to queue
[2025-11-13T06:29:27.456+0000] {logging_mixin.py:188} INFO - [2025-11-13T06:29:27.456+0000] {dagbag.py:538} INFO - Filling up the DagBag from /home/airflow/.local/lib/python3.8/site-packages/airflow/example_dags/example_setup_teardown.py
[2025-11-13T06:29:27.464+0000] {processor.py:840} INFO - DAG(s) 'example_setup_teardown' retrieved from /home/airflow/.local/lib/python3.8/site-packages/airflow/example_dags/example_setup_teardown.py
[2025-11-13T06:29:27.491+0000] {logging_mixin.py:188} INFO - [2025-11-13T06:29:27.491+0000] {dag.py:3036} INFO - Sync 1 DAGs
[2025-11-13T06:29:27.516+0000] {logging_mixin.py:188} INFO - [2025-11-13T06:29:27.516+0000] {dag.py:3823} INFO - Setting next_dagrun for example_setup_teardown to 2025-11-12 00:00:00+00:00, run_after=2025-11-13 00:00:00+00:00
[2025-11-13T06:29:27.539+0000] {processor.py:183} INFO - Processing /home/airflow/.local/lib/python3.8/site-packages/airflow/example_dags/example_setup_teardown.py took 0.091 seconds
[2025-11-13T06:29:58.309+0000] {processor.py:161} INFO - Started process (PID=556) to work on /home/airflow/.local/lib/python3.8/site-packages/airflow/example_dags/example_setup_teardown.py
[2025-11-13T06:29:58.311+0000] {processor.py:830} INFO - Processing file /home/airflow/.local/lib/python3.8/site-packages/airflow/example_dags/example_setup_teardown.py for tasks to queue
[2025-11-13T06:29:58.314+0000] {logging_mixin.py:188} INFO - [2025-11-13T06:29:58.314+0000] {dagbag.py:538} INFO - Filling up the DagBag from /home/airflow/.local/lib/python3.8/site-packages/airflow/example_dags/example_setup_teardown.py
[2025-11-13T06:29:58.327+0000] {processor.py:840} INFO - DAG(s) 'example_setup_teardown' retrieved from /home/airflow/.local/lib/python3.8/site-packages/airflow/example_dags/example_setup_teardown.py
[2025-11-13T06:29:58.362+0000] {logging_mixin.py:188} INFO - [2025-11-13T06:29:58.362+0000] {dag.py:3036} INFO - Sync 1 DAGs
[2025-11-13T06:29:58.395+0000] {logging_mixin.py:188} INFO - [2025-11-13T06:29:58.395+0000] {dag.py:3823} INFO - Setting next_dagrun for example_setup_teardown to 2025-11-12 00:00:00+00:00, run_after=2025-11-13 00:00:00+00:00
[2025-11-13T06:29:58.426+0000] {processor.py:183} INFO - Processing /home/airflow/.local/lib/python3.8/site-packages/airflow/example_dags/example_setup_teardown.py took 0.123 seconds
[2025-11-13T06:30:28.652+0000] {processor.py:161} INFO - Started process (PID=618) to work on /home/airflow/.local/lib/python3.8/site-packages/airflow/example_dags/example_setup_teardown.py
[2025-11-13T06:30:28.654+0000] {processor.py:830} INFO - Processing file /home/airflow/.local/lib/python3.8/site-packages/airflow/example_dags/example_setup_teardown.py for tasks to queue
[2025-11-13T06:30:28.658+0000] {logging_mixin.py:188} INFO - [2025-11-13T06:30:28.657+0000] {dagbag.py:538} INFO - Filling up the DagBag from /home/airflow/.local/lib/python3.8/site-packages/airflow/example_dags/example_setup_teardown.py
[2025-11-13T06:30:28.669+0000] {processor.py:840} INFO - DAG(s) 'example_setup_teardown' retrieved from /home/airflow/.local/lib/python3.8/site-packages/airflow/example_dags/example_setup_teardown.py
[2025-11-13T06:30:28.701+0000] {logging_mixin.py:188} INFO - [2025-11-13T06:30:28.701+0000] {dag.py:3036} INFO - Sync 1 DAGs
[2025-11-13T06:30:28.741+0000] {logging_mixin.py:188} INFO - [2025-11-13T06:30:28.740+0000] {dag.py:3823} INFO - Setting next_dagrun for example_setup_teardown to 2025-11-12 00:00:00+00:00, run_after=2025-11-13 00:00:00+00:00
[2025-11-13T06:30:28.824+0000] {processor.py:183} INFO - Processing /home/airflow/.local/lib/python3.8/site-packages/airflow/example_dags/example_setup_teardown.py took 0.178 seconds
[2025-11-13T06:30:59.171+0000] {processor.py:161} INFO - Started process (PID=680) to work on /home/airflow/.local/lib/python3.8/site-packages/airflow/example_dags/example_setup_teardown.py
[2025-11-13T06:30:59.174+0000] {processor.py:830} INFO - Processing file /home/airflow/.local/lib/python3.8/site-packages/airflow/example_dags/example_setup_teardown.py for tasks to queue
[2025-11-13T06:30:59.178+0000] {logging_mixin.py:188} INFO - [2025-11-13T06:30:59.177+0000] {dagbag.py:538} INFO - Filling up the DagBag from /home/airflow/.local/lib/python3.8/site-packages/airflow/example_dags/example_setup_teardown.py
[2025-11-13T06:30:59.189+0000] {processor.py:840} INFO - DAG(s) 'example_setup_teardown' retrieved from /home/airflow/.local/lib/python3.8/site-packages/airflow/example_dags/example_setup_teardown.py
[2025-11-13T06:30:59.223+0000] {logging_mixin.py:188} INFO - [2025-11-13T06:30:59.223+0000] {dag.py:3036} INFO - Sync 1 DAGs
[2025-11-13T06:30:59.261+0000] {logging_mixin.py:188} INFO - [2025-11-13T06:30:59.261+0000] {dag.py:3823} INFO - Setting next_dagrun for example_setup_teardown to 2025-11-12 00:00:00+00:00, run_after=2025-11-13 00:00:00+00:00
[2025-11-13T06:30:59.300+0000] {processor.py:183} INFO - Processing /home/airflow/.local/lib/python3.8/site-packages/airflow/example_dags/example_setup_teardown.py took 0.135 seconds
[2025-11-13T06:31:30.226+0000] {processor.py:161} INFO - Started process (PID=742) to work on /home/airflow/.local/lib/python3.8/site-packages/airflow/example_dags/example_setup_teardown.py
[2025-11-13T06:31:30.227+0000] {processor.py:830} INFO - Processing file /home/airflow/.local/lib/python3.8/site-packages/airflow/example_dags/example_setup_teardown.py for tasks to queue
[2025-11-13T06:31:30.230+0000] {logging_mixin.py:188} INFO - [2025-11-13T06:31:30.230+0000] {dagbag.py:538} INFO - Filling up the DagBag from /home/airflow/.local/lib/python3.8/site-packages/airflow/example_dags/example_setup_teardown.py
[2025-11-13T06:31:30.240+0000] {processor.py:840} INFO - DAG(s) 'example_setup_teardown' retrieved from /home/airflow/.local/lib/python3.8/site-packages/airflow/example_dags/example_setup_teardown.py
[2025-11-13T06:31:30.275+0000] {logging_mixin.py:188} INFO - [2025-11-13T06:31:30.275+0000] {dag.py:3036} INFO - Sync 1 DAGs
[2025-11-13T06:31:30.311+0000] {logging_mixin.py:188} INFO - [2025-11-13T06:31:30.310+0000] {dag.py:3823} INFO - Setting next_dagrun for example_setup_teardown to 2025-11-12 00:00:00+00:00, run_after=2025-11-13 00:00:00+00:00
[2025-11-13T06:31:30.344+0000] {processor.py:183} INFO - Processing /home/airflow/.local/lib/python3.8/site-packages/airflow/example_dags/example_setup_teardown.py took 0.123 seconds
[2025-11-13T06:32:00.572+0000] {processor.py:161} INFO - Started process (PID=804) to work on /home/airflow/.local/lib/python3.8/site-packages/airflow/example_dags/example_setup_teardown.py
[2025-11-13T06:32:00.573+0000] {processor.py:830} INFO - Processing file /home/airflow/.local/lib/python3.8/site-packages/airflow/example_dags/example_setup_teardown.py for tasks to queue
[2025-11-13T06:32:00.576+0000] {logging_mixin.py:188} INFO - [2025-11-13T06:32:00.576+0000] {dagbag.py:538} INFO - Filling up the DagBag from /home/airflow/.local/lib/python3.8/site-packages/airflow/example_dags/example_setup_teardown.py
[2025-11-13T06:32:00.584+0000] {processor.py:840} INFO - DAG(s) 'example_setup_teardown' retrieved from /home/airflow/.local/lib/python3.8/site-packages/airflow/example_dags/example_setup_teardown.py
[2025-11-13T06:32:00.609+0000] {logging_mixin.py:188} INFO - [2025-11-13T06:32:00.609+0000] {dag.py:3036} INFO - Sync 1 DAGs
[2025-11-13T06:32:00.635+0000] {logging_mixin.py:188} INFO - [2025-11-13T06:32:00.635+0000] {dag.py:3823} INFO - Setting next_dagrun for example_setup_teardown to 2025-11-12 00:00:00+00:00, run_after=2025-11-13 00:00:00+00:00
[2025-11-13T06:32:00.662+0000] {processor.py:183} INFO - Processing /home/airflow/.local/lib/python3.8/site-packages/airflow/example_dags/example_setup_teardown.py took 0.094 seconds
[2025-11-13T06:32:31.683+0000] {processor.py:161} INFO - Started process (PID=866) to work on /home/airflow/.local/lib/python3.8/site-packages/airflow/example_dags/example_setup_teardown.py
[2025-11-13T06:32:31.686+0000] {processor.py:830} INFO - Processing file /home/airflow/.local/lib/python3.8/site-packages/airflow/example_dags/example_setup_teardown.py for tasks to queue
[2025-11-13T06:32:31.690+0000] {logging_mixin.py:188} INFO - [2025-11-13T06:32:31.689+0000] {dagbag.py:538} INFO - Filling up the DagBag from /home/airflow/.local/lib/python3.8/site-packages/airflow/example_dags/example_setup_teardown.py
[2025-11-13T06:32:31.701+0000] {processor.py:840} INFO - DAG(s) 'example_setup_teardown' retrieved from /home/airflow/.local/lib/python3.8/site-packages/airflow/example_dags/example_setup_teardown.py
[2025-11-13T06:32:31.737+0000] {logging_mixin.py:188} INFO - [2025-11-13T06:32:31.736+0000] {dag.py:3036} INFO - Sync 1 DAGs
[2025-11-13T06:32:31.770+0000] {logging_mixin.py:188} INFO - [2025-11-13T06:32:31.770+0000] {dag.py:3823} INFO - Setting next_dagrun for example_setup_teardown to 2025-11-12 00:00:00+00:00, run_after=2025-11-13 00:00:00+00:00
[2025-11-13T06:32:31.804+0000] {processor.py:183} INFO - Processing /home/airflow/.local/lib/python3.8/site-packages/airflow/example_dags/example_setup_teardown.py took 0.129 seconds
[2025-11-13T06:33:02.581+0000] {processor.py:161} INFO - Started process (PID=928) to work on /home/airflow/.local/lib/python3.8/site-packages/airflow/example_dags/example_setup_teardown.py
[2025-11-13T06:33:02.583+0000] {processor.py:830} INFO - Processing file /home/airflow/.local/lib/python3.8/site-packages/airflow/example_dags/example_setup_teardown.py for tasks to queue
[2025-11-13T06:33:02.586+0000] {logging_mixin.py:188} INFO - [2025-11-13T06:33:02.586+0000] {dagbag.py:538} INFO - Filling up the DagBag from /home/airflow/.local/lib/python3.8/site-packages/airflow/example_dags/example_setup_teardown.py
[2025-11-13T06:33:02.603+0000] {processor.py:840} INFO - DAG(s) 'example_setup_teardown' retrieved from /home/airflow/.local/lib/python3.8/site-packages/airflow/example_dags/example_setup_teardown.py
[2025-11-13T06:33:02.646+0000] {logging_mixin.py:188} INFO - [2025-11-13T06:33:02.646+0000] {dag.py:3036} INFO - Sync 1 DAGs
[2025-11-13T06:33:02.687+0000] {logging_mixin.py:188} INFO - [2025-11-13T06:33:02.686+0000] {dag.py:3823} INFO - Setting next_dagrun for example_setup_teardown to 2025-11-12 00:00:00+00:00, run_after=2025-11-13 00:00:00+00:00
[2025-11-13T06:33:02.722+0000] {processor.py:183} INFO - Processing /home/airflow/.local/lib/python3.8/site-packages/airflow/example_dags/example_setup_teardown.py took 0.148 seconds
[2025-11-13T06:33:32.858+0000] {processor.py:161} INFO - Started process (PID=990) to work on /home/airflow/.local/lib/python3.8/site-packages/airflow/example_dags/example_setup_teardown.py
[2025-11-13T06:33:32.859+0000] {processor.py:830} INFO - Processing file /home/airflow/.local/lib/python3.8/site-packages/airflow/example_dags/example_setup_teardown.py for tasks to queue
[2025-11-13T06:33:32.862+0000] {logging_mixin.py:188} INFO - [2025-11-13T06:33:32.862+0000] {dagbag.py:538} INFO - Filling up the DagBag from /home/airflow/.local/lib/python3.8/site-packages/airflow/example_dags/example_setup_teardown.py
[2025-11-13T06:33:32.870+0000] {processor.py:840} INFO - DAG(s) 'example_setup_teardown' retrieved from /home/airflow/.local/lib/python3.8/site-packages/airflow/example_dags/example_setup_teardown.py
[2025-11-13T06:33:32.896+0000] {logging_mixin.py:188} INFO - [2025-11-13T06:33:32.895+0000] {dag.py:3036} INFO - Sync 1 DAGs
[2025-11-13T06:33:32.922+0000] {logging_mixin.py:188} INFO - [2025-11-13T06:33:32.922+0000] {dag.py:3823} INFO - Setting next_dagrun for example_setup_teardown to 2025-11-12 00:00:00+00:00, run_after=2025-11-13 00:00:00+00:00
[2025-11-13T06:33:32.950+0000] {processor.py:183} INFO - Processing /home/airflow/.local/lib/python3.8/site-packages/airflow/example_dags/example_setup_teardown.py took 0.097 seconds
[2025-11-13T06:34:03.500+0000] {processor.py:161} INFO - Started process (PID=1052) to work on /home/airflow/.local/lib/python3.8/site-packages/airflow/example_dags/example_setup_teardown.py
[2025-11-13T06:34:03.502+0000] {processor.py:830} INFO - Processing file /home/airflow/.local/lib/python3.8/site-packages/airflow/example_dags/example_setup_teardown.py for tasks to queue
[2025-11-13T06:34:03.510+0000] {logging_mixin.py:188} INFO - [2025-11-13T06:34:03.509+0000] {dagbag.py:538} INFO - Filling up the DagBag from /home/airflow/.local/lib/python3.8/site-packages/airflow/example_dags/example_setup_teardown.py
[2025-11-13T06:34:03.527+0000] {processor.py:840} INFO - DAG(s) 'example_setup_teardown' retrieved from /home/airflow/.local/lib/python3.8/site-packages/airflow/example_dags/example_setup_teardown.py
[2025-11-13T06:34:03.571+0000] {logging_mixin.py:188} INFO - [2025-11-13T06:34:03.570+0000] {dag.py:3036} INFO - Sync 1 DAGs
[2025-11-13T06:34:03.624+0000] {logging_mixin.py:188} INFO - [2025-11-13T06:34:03.623+0000] {dag.py:3823} INFO - Setting next_dagrun for example_setup_teardown to 2025-11-12 00:00:00+00:00, run_after=2025-11-13 00:00:00+00:00
[2025-11-13T06:34:03.667+0000] {processor.py:183} INFO - Processing /home/airflow/.local/lib/python3.8/site-packages/airflow/example_dags/example_setup_teardown.py took 0.174 seconds
[2025-11-13T06:34:34.328+0000] {processor.py:161} INFO - Started process (PID=1114) to work on /home/airflow/.local/lib/python3.8/site-packages/airflow/example_dags/example_setup_teardown.py
[2025-11-13T06:34:34.330+0000] {processor.py:830} INFO - Processing file /home/airflow/.local/lib/python3.8/site-packages/airflow/example_dags/example_setup_teardown.py for tasks to queue
[2025-11-13T06:34:34.334+0000] {logging_mixin.py:188} INFO - [2025-11-13T06:34:34.333+0000] {dagbag.py:538} INFO - Filling up the DagBag from /home/airflow/.local/lib/python3.8/site-packages/airflow/example_dags/example_setup_teardown.py
[2025-11-13T06:34:34.347+0000] {processor.py:840} INFO - DAG(s) 'example_setup_teardown' retrieved from /home/airflow/.local/lib/python3.8/site-packages/airflow/example_dags/example_setup_teardown.py
[2025-11-13T06:34:34.386+0000] {logging_mixin.py:188} INFO - [2025-11-13T06:34:34.386+0000] {dag.py:3036} INFO - Sync 1 DAGs
[2025-11-13T06:34:34.427+0000] {logging_mixin.py:188} INFO - [2025-11-13T06:34:34.427+0000] {dag.py:3823} INFO - Setting next_dagrun for example_setup_teardown to 2025-11-12 00:00:00+00:00, run_after=2025-11-13 00:00:00+00:00
[2025-11-13T06:34:34.462+0000] {processor.py:183} INFO - Processing /home/airflow/.local/lib/python3.8/site-packages/airflow/example_dags/example_setup_teardown.py took 0.141 seconds
[2025-11-13T06:35:04.530+0000] {processor.py:161} INFO - Started process (PID=1176) to work on /home/airflow/.local/lib/python3.8/site-packages/airflow/example_dags/example_setup_teardown.py
[2025-11-13T06:35:04.531+0000] {processor.py:830} INFO - Processing file /home/airflow/.local/lib/python3.8/site-packages/airflow/example_dags/example_setup_teardown.py for tasks to queue
[2025-11-13T06:35:04.534+0000] {logging_mixin.py:188} INFO - [2025-11-13T06:35:04.533+0000] {dagbag.py:538} INFO - Filling up the DagBag from /home/airflow/.local/lib/python3.8/site-packages/airflow/example_dags/example_setup_teardown.py
[2025-11-13T06:35:04.542+0000] {processor.py:840} INFO - DAG(s) 'example_setup_teardown' retrieved from /home/airflow/.local/lib/python3.8/site-packages/airflow/example_dags/example_setup_teardown.py
[2025-11-13T06:35:04.567+0000] {logging_mixin.py:188} INFO - [2025-11-13T06:35:04.567+0000] {dag.py:3036} INFO - Sync 1 DAGs
[2025-11-13T06:35:04.592+0000] {logging_mixin.py:188} INFO - [2025-11-13T06:35:04.591+0000] {dag.py:3823} INFO - Setting next_dagrun for example_setup_teardown to 2025-11-12 00:00:00+00:00, run_after=2025-11-13 00:00:00+00:00
[2025-11-13T06:35:04.617+0000] {processor.py:183} INFO - Processing /home/airflow/.local/lib/python3.8/site-packages/airflow/example_dags/example_setup_teardown.py took 0.092 seconds
[2025-11-13T06:35:34.992+0000] {processor.py:161} INFO - Started process (PID=1238) to work on /home/airflow/.local/lib/python3.8/site-packages/airflow/example_dags/example_setup_teardown.py
[2025-11-13T06:35:34.995+0000] {processor.py:830} INFO - Processing file /home/airflow/.local/lib/python3.8/site-packages/airflow/example_dags/example_setup_teardown.py for tasks to queue
[2025-11-13T06:35:34.998+0000] {logging_mixin.py:188} INFO - [2025-11-13T06:35:34.997+0000] {dagbag.py:538} INFO - Filling up the DagBag from /home/airflow/.local/lib/python3.8/site-packages/airflow/example_dags/example_setup_teardown.py
[2025-11-13T06:35:35.010+0000] {processor.py:840} INFO - DAG(s) 'example_setup_teardown' retrieved from /home/airflow/.local/lib/python3.8/site-packages/airflow/example_dags/example_setup_teardown.py
[2025-11-13T06:35:35.043+0000] {logging_mixin.py:188} INFO - [2025-11-13T06:35:35.043+0000] {dag.py:3036} INFO - Sync 1 DAGs
[2025-11-13T06:35:35.076+0000] {logging_mixin.py:188} INFO - [2025-11-13T06:35:35.075+0000] {dag.py:3823} INFO - Setting next_dagrun for example_setup_teardown to 2025-11-12 00:00:00+00:00, run_after=2025-11-13 00:00:00+00:00
[2025-11-13T06:35:35.111+0000] {processor.py:183} INFO - Processing /home/airflow/.local/lib/python3.8/site-packages/airflow/example_dags/example_setup_teardown.py took 0.126 seconds
[2025-11-13T06:36:06.145+0000] {processor.py:161} INFO - Started process (PID=1300) to work on /home/airflow/.local/lib/python3.8/site-packages/airflow/example_dags/example_setup_teardown.py
[2025-11-13T06:36:06.147+0000] {processor.py:830} INFO - Processing file /home/airflow/.local/lib/python3.8/site-packages/airflow/example_dags/example_setup_teardown.py for tasks to queue
[2025-11-13T06:36:06.153+0000] {logging_mixin.py:188} INFO - [2025-11-13T06:36:06.153+0000] {dagbag.py:538} INFO - Filling up the DagBag from /home/airflow/.local/lib/python3.8/site-packages/airflow/example_dags/example_setup_teardown.py
[2025-11-13T06:36:06.172+0000] {processor.py:840} INFO - DAG(s) 'example_setup_teardown' retrieved from /home/airflow/.local/lib/python3.8/site-packages/airflow/example_dags/example_setup_teardown.py
[2025-11-13T06:36:06.236+0000] {logging_mixin.py:188} INFO - [2025-11-13T06:36:06.235+0000] {dag.py:3036} INFO - Sync 1 DAGs
[2025-11-13T06:36:06.297+0000] {logging_mixin.py:188} INFO - [2025-11-13T06:36:06.297+0000] {dag.py:3823} INFO - Setting next_dagrun for example_setup_teardown to 2025-11-12 00:00:00+00:00, run_after=2025-11-13 00:00:00+00:00
[2025-11-13T06:36:06.355+0000] {processor.py:183} INFO - Processing /home/airflow/.local/lib/python3.8/site-packages/airflow/example_dags/example_setup_teardown.py took 0.221 seconds
[2025-11-13T06:36:37.155+0000] {processor.py:161} INFO - Started process (PID=1363) to work on /home/airflow/.local/lib/python3.8/site-packages/airflow/example_dags/example_setup_teardown.py
[2025-11-13T06:36:37.157+0000] {processor.py:830} INFO - Processing file /home/airflow/.local/lib/python3.8/site-packages/airflow/example_dags/example_setup_teardown.py for tasks to queue
[2025-11-13T06:36:37.161+0000] {logging_mixin.py:188} INFO - [2025-11-13T06:36:37.160+0000] {dagbag.py:538} INFO - Filling up the DagBag from /home/airflow/.local/lib/python3.8/site-packages/airflow/example_dags/example_setup_teardown.py
[2025-11-13T06:36:37.177+0000] {processor.py:840} INFO - DAG(s) 'example_setup_teardown' retrieved from /home/airflow/.local/lib/python3.8/site-packages/airflow/example_dags/example_setup_teardown.py
[2025-11-13T06:36:37.214+0000] {logging_mixin.py:188} INFO - [2025-11-13T06:36:37.213+0000] {dag.py:3036} INFO - Sync 1 DAGs
[2025-11-13T06:36:37.254+0000] {logging_mixin.py:188} INFO - [2025-11-13T06:36:37.253+0000] {dag.py:3823} INFO - Setting next_dagrun for example_setup_teardown to 2025-11-12 00:00:00+00:00, run_after=2025-11-13 00:00:00+00:00
[2025-11-13T06:36:37.288+0000] {processor.py:183} INFO - Processing /home/airflow/.local/lib/python3.8/site-packages/airflow/example_dags/example_setup_teardown.py took 0.140 seconds
[2025-11-13T06:37:08.100+0000] {processor.py:161} INFO - Started process (PID=1425) to work on /home/airflow/.local/lib/python3.8/site-packages/airflow/example_dags/example_setup_teardown.py
[2025-11-13T06:37:08.103+0000] {processor.py:830} INFO - Processing file /home/airflow/.local/lib/python3.8/site-packages/airflow/example_dags/example_setup_teardown.py for tasks to queue
[2025-11-13T06:37:08.108+0000] {logging_mixin.py:188} INFO - [2025-11-13T06:37:08.107+0000] {dagbag.py:538} INFO - Filling up the DagBag from /home/airflow/.local/lib/python3.8/site-packages/airflow/example_dags/example_setup_teardown.py
[2025-11-13T06:37:08.127+0000] {processor.py:840} INFO - DAG(s) 'example_setup_teardown' retrieved from /home/airflow/.local/lib/python3.8/site-packages/airflow/example_dags/example_setup_teardown.py
[2025-11-13T06:37:08.177+0000] {logging_mixin.py:188} INFO - [2025-11-13T06:37:08.176+0000] {dag.py:3036} INFO - Sync 1 DAGs
[2025-11-13T06:37:08.231+0000] {logging_mixin.py:188} INFO - [2025-11-13T06:37:08.230+0000] {dag.py:3823} INFO - Setting next_dagrun for example_setup_teardown to 2025-11-12 00:00:00+00:00, run_after=2025-11-13 00:00:00+00:00
[2025-11-13T06:37:08.276+0000] {processor.py:183} INFO - Processing /home/airflow/.local/lib/python3.8/site-packages/airflow/example_dags/example_setup_teardown.py took 0.185 seconds
[2025-11-13T06:37:39.191+0000] {processor.py:161} INFO - Started process (PID=1487) to work on /home/airflow/.local/lib/python3.8/site-packages/airflow/example_dags/example_setup_teardown.py
[2025-11-13T06:37:39.193+0000] {processor.py:830} INFO - Processing file /home/airflow/.local/lib/python3.8/site-packages/airflow/example_dags/example_setup_teardown.py for tasks to queue
[2025-11-13T06:37:39.197+0000] {logging_mixin.py:188} INFO - [2025-11-13T06:37:39.197+0000] {dagbag.py:538} INFO - Filling up the DagBag from /home/airflow/.local/lib/python3.8/site-packages/airflow/example_dags/example_setup_teardown.py
[2025-11-13T06:37:39.212+0000] {processor.py:840} INFO - DAG(s) 'example_setup_teardown' retrieved from /home/airflow/.local/lib/python3.8/site-packages/airflow/example_dags/example_setup_teardown.py
[2025-11-13T06:37:39.248+0000] {logging_mixin.py:188} INFO - [2025-11-13T06:37:39.247+0000] {dag.py:3036} INFO - Sync 1 DAGs
[2025-11-13T06:37:39.290+0000] {logging_mixin.py:188} INFO - [2025-11-13T06:37:39.290+0000] {dag.py:3823} INFO - Setting next_dagrun for example_setup_teardown to 2025-11-12 00:00:00+00:00, run_after=2025-11-13 00:00:00+00:00
[2025-11-13T06:37:39.325+0000] {processor.py:183} INFO - Processing /home/airflow/.local/lib/python3.8/site-packages/airflow/example_dags/example_setup_teardown.py took 0.142 seconds
[2025-11-13T06:38:10.465+0000] {processor.py:161} INFO - Started process (PID=1549) to work on /home/airflow/.local/lib/python3.8/site-packages/airflow/example_dags/example_setup_teardown.py
[2025-11-13T06:38:10.468+0000] {processor.py:830} INFO - Processing file /home/airflow/.local/lib/python3.8/site-packages/airflow/example_dags/example_setup_teardown.py for tasks to queue
[2025-11-13T06:38:10.474+0000] {logging_mixin.py:188} INFO - [2025-11-13T06:38:10.473+0000] {dagbag.py:538} INFO - Filling up the DagBag from /home/airflow/.local/lib/python3.8/site-packages/airflow/example_dags/example_setup_teardown.py
[2025-11-13T06:38:10.507+0000] {processor.py:840} INFO - DAG(s) 'example_setup_teardown' retrieved from /home/airflow/.local/lib/python3.8/site-packages/airflow/example_dags/example_setup_teardown.py
[2025-11-13T06:38:10.562+0000] {logging_mixin.py:188} INFO - [2025-11-13T06:38:10.562+0000] {dag.py:3036} INFO - Sync 1 DAGs
[2025-11-13T06:38:10.623+0000] {logging_mixin.py:188} INFO - [2025-11-13T06:38:10.623+0000] {dag.py:3823} INFO - Setting next_dagrun for example_setup_teardown to 2025-11-12 00:00:00+00:00, run_after=2025-11-13 00:00:00+00:00
[2025-11-13T06:38:10.682+0000] {processor.py:183} INFO - Processing /home/airflow/.local/lib/python3.8/site-packages/airflow/example_dags/example_setup_teardown.py took 0.229 seconds
[2025-11-13T06:38:41.000+0000] {processor.py:161} INFO - Started process (PID=1611) to work on /home/airflow/.local/lib/python3.8/site-packages/airflow/example_dags/example_setup_teardown.py
[2025-11-13T06:38:41.001+0000] {processor.py:830} INFO - Processing file /home/airflow/.local/lib/python3.8/site-packages/airflow/example_dags/example_setup_teardown.py for tasks to queue
[2025-11-13T06:38:41.004+0000] {logging_mixin.py:188} INFO - [2025-11-13T06:38:41.004+0000] {dagbag.py:538} INFO - Filling up the DagBag from /home/airflow/.local/lib/python3.8/site-packages/airflow/example_dags/example_setup_teardown.py
[2025-11-13T06:38:41.013+0000] {processor.py:840} INFO - DAG(s) 'example_setup_teardown' retrieved from /home/airflow/.local/lib/python3.8/site-packages/airflow/example_dags/example_setup_teardown.py
[2025-11-13T06:38:41.041+0000] {logging_mixin.py:188} INFO - [2025-11-13T06:38:41.041+0000] {dag.py:3036} INFO - Sync 1 DAGs
[2025-11-13T06:38:41.069+0000] {logging_mixin.py:188} INFO - [2025-11-13T06:38:41.069+0000] {dag.py:3823} INFO - Setting next_dagrun for example_setup_teardown to 2025-11-12 00:00:00+00:00, run_after=2025-11-13 00:00:00+00:00
[2025-11-13T06:38:41.096+0000] {processor.py:183} INFO - Processing /home/airflow/.local/lib/python3.8/site-packages/airflow/example_dags/example_setup_teardown.py took 0.101 seconds
[2025-11-13T06:39:11.466+0000] {processor.py:161} INFO - Started process (PID=1673) to work on /home/airflow/.local/lib/python3.8/site-packages/airflow/example_dags/example_setup_teardown.py
[2025-11-13T06:39:11.468+0000] {processor.py:830} INFO - Processing file /home/airflow/.local/lib/python3.8/site-packages/airflow/example_dags/example_setup_teardown.py for tasks to queue
[2025-11-13T06:39:11.472+0000] {logging_mixin.py:188} INFO - [2025-11-13T06:39:11.471+0000] {dagbag.py:538} INFO - Filling up the DagBag from /home/airflow/.local/lib/python3.8/site-packages/airflow/example_dags/example_setup_teardown.py
[2025-11-13T06:39:11.484+0000] {processor.py:840} INFO - DAG(s) 'example_setup_teardown' retrieved from /home/airflow/.local/lib/python3.8/site-packages/airflow/example_dags/example_setup_teardown.py
[2025-11-13T06:39:11.518+0000] {logging_mixin.py:188} INFO - [2025-11-13T06:39:11.518+0000] {dag.py:3036} INFO - Sync 1 DAGs
[2025-11-13T06:39:11.552+0000] {logging_mixin.py:188} INFO - [2025-11-13T06:39:11.552+0000] {dag.py:3823} INFO - Setting next_dagrun for example_setup_teardown to 2025-11-12 00:00:00+00:00, run_after=2025-11-13 00:00:00+00:00
[2025-11-13T06:39:11.584+0000] {processor.py:183} INFO - Processing /home/airflow/.local/lib/python3.8/site-packages/airflow/example_dags/example_setup_teardown.py took 0.124 seconds
[2025-11-13T06:39:41.748+0000] {processor.py:161} INFO - Started process (PID=1735) to work on /home/airflow/.local/lib/python3.8/site-packages/airflow/example_dags/example_setup_teardown.py
[2025-11-13T06:39:41.750+0000] {processor.py:830} INFO - Processing file /home/airflow/.local/lib/python3.8/site-packages/airflow/example_dags/example_setup_teardown.py for tasks to queue
[2025-11-13T06:39:41.756+0000] {logging_mixin.py:188} INFO - [2025-11-13T06:39:41.755+0000] {dagbag.py:538} INFO - Filling up the DagBag from /home/airflow/.local/lib/python3.8/site-packages/airflow/example_dags/example_setup_teardown.py
[2025-11-13T06:39:41.769+0000] {processor.py:840} INFO - DAG(s) 'example_setup_teardown' retrieved from /home/airflow/.local/lib/python3.8/site-packages/airflow/example_dags/example_setup_teardown.py
[2025-11-13T06:39:41.812+0000] {logging_mixin.py:188} INFO - [2025-11-13T06:39:41.812+0000] {dag.py:3036} INFO - Sync 1 DAGs
[2025-11-13T06:39:41.860+0000] {logging_mixin.py:188} INFO - [2025-11-13T06:39:41.859+0000] {dag.py:3823} INFO - Setting next_dagrun for example_setup_teardown to 2025-11-12 00:00:00+00:00, run_after=2025-11-13 00:00:00+00:00
[2025-11-13T06:39:41.906+0000] {processor.py:183} INFO - Processing /home/airflow/.local/lib/python3.8/site-packages/airflow/example_dags/example_setup_teardown.py took 0.165 seconds
[2025-11-13T06:40:12.364+0000] {processor.py:161} INFO - Started process (PID=1796) to work on /home/airflow/.local/lib/python3.8/site-packages/airflow/example_dags/example_setup_teardown.py
[2025-11-13T06:40:12.365+0000] {processor.py:830} INFO - Processing file /home/airflow/.local/lib/python3.8/site-packages/airflow/example_dags/example_setup_teardown.py for tasks to queue
[2025-11-13T06:40:12.368+0000] {logging_mixin.py:188} INFO - [2025-11-13T06:40:12.368+0000] {dagbag.py:538} INFO - Filling up the DagBag from /home/airflow/.local/lib/python3.8/site-packages/airflow/example_dags/example_setup_teardown.py
[2025-11-13T06:40:12.378+0000] {processor.py:840} INFO - DAG(s) 'example_setup_teardown' retrieved from /home/airflow/.local/lib/python3.8/site-packages/airflow/example_dags/example_setup_teardown.py
[2025-11-13T06:40:12.408+0000] {logging_mixin.py:188} INFO - [2025-11-13T06:40:12.407+0000] {dag.py:3036} INFO - Sync 1 DAGs
[2025-11-13T06:40:12.435+0000] {logging_mixin.py:188} INFO - [2025-11-13T06:40:12.435+0000] {dag.py:3823} INFO - Setting next_dagrun for example_setup_teardown to 2025-11-12 00:00:00+00:00, run_after=2025-11-13 00:00:00+00:00
[2025-11-13T06:40:12.463+0000] {processor.py:183} INFO - Processing /home/airflow/.local/lib/python3.8/site-packages/airflow/example_dags/example_setup_teardown.py took 0.103 seconds
[2025-11-13T06:40:42.900+0000] {processor.py:161} INFO - Started process (PID=1858) to work on /home/airflow/.local/lib/python3.8/site-packages/airflow/example_dags/example_setup_teardown.py
[2025-11-13T06:40:42.903+0000] {processor.py:830} INFO - Processing file /home/airflow/.local/lib/python3.8/site-packages/airflow/example_dags/example_setup_teardown.py for tasks to queue
[2025-11-13T06:40:42.907+0000] {logging_mixin.py:188} INFO - [2025-11-13T06:40:42.906+0000] {dagbag.py:538} INFO - Filling up the DagBag from /home/airflow/.local/lib/python3.8/site-packages/airflow/example_dags/example_setup_teardown.py
[2025-11-13T06:40:42.920+0000] {processor.py:840} INFO - DAG(s) 'example_setup_teardown' retrieved from /home/airflow/.local/lib/python3.8/site-packages/airflow/example_dags/example_setup_teardown.py
[2025-11-13T06:40:42.960+0000] {logging_mixin.py:188} INFO - [2025-11-13T06:40:42.960+0000] {dag.py:3036} INFO - Sync 1 DAGs
[2025-11-13T06:40:42.995+0000] {logging_mixin.py:188} INFO - [2025-11-13T06:40:42.995+0000] {dag.py:3823} INFO - Setting next_dagrun for example_setup_teardown to 2025-11-12 00:00:00+00:00, run_after=2025-11-13 00:00:00+00:00
[2025-11-13T06:40:43.027+0000] {processor.py:183} INFO - Processing /home/airflow/.local/lib/python3.8/site-packages/airflow/example_dags/example_setup_teardown.py took 0.133 seconds
[2025-11-13T06:41:13.306+0000] {processor.py:161} INFO - Started process (PID=1920) to work on /home/airflow/.local/lib/python3.8/site-packages/airflow/example_dags/example_setup_teardown.py
[2025-11-13T06:41:13.309+0000] {processor.py:830} INFO - Processing file /home/airflow/.local/lib/python3.8/site-packages/airflow/example_dags/example_setup_teardown.py for tasks to queue
[2025-11-13T06:41:13.313+0000] {logging_mixin.py:188} INFO - [2025-11-13T06:41:13.312+0000] {dagbag.py:538} INFO - Filling up the DagBag from /home/airflow/.local/lib/python3.8/site-packages/airflow/example_dags/example_setup_teardown.py
[2025-11-13T06:41:13.331+0000] {processor.py:840} INFO - DAG(s) 'example_setup_teardown' retrieved from /home/airflow/.local/lib/python3.8/site-packages/airflow/example_dags/example_setup_teardown.py
[2025-11-13T06:41:13.376+0000] {logging_mixin.py:188} INFO - [2025-11-13T06:41:13.375+0000] {dag.py:3036} INFO - Sync 1 DAGs
[2025-11-13T06:41:13.429+0000] {logging_mixin.py:188} INFO - [2025-11-13T06:41:13.428+0000] {dag.py:3823} INFO - Setting next_dagrun for example_setup_teardown to 2025-11-12 00:00:00+00:00, run_after=2025-11-13 00:00:00+00:00
[2025-11-13T06:41:13.480+0000] {processor.py:183} INFO - Processing /home/airflow/.local/lib/python3.8/site-packages/airflow/example_dags/example_setup_teardown.py took 0.181 seconds
[2025-11-13T06:41:45.201+0000] {processor.py:161} INFO - Started process (PID=1982) to work on /home/airflow/.local/lib/python3.8/site-packages/airflow/example_dags/example_setup_teardown.py
[2025-11-13T06:41:45.202+0000] {processor.py:830} INFO - Processing file /home/airflow/.local/lib/python3.8/site-packages/airflow/example_dags/example_setup_teardown.py for tasks to queue
[2025-11-13T06:41:45.206+0000] {logging_mixin.py:188} INFO - [2025-11-13T06:41:45.205+0000] {dagbag.py:538} INFO - Filling up the DagBag from /home/airflow/.local/lib/python3.8/site-packages/airflow/example_dags/example_setup_teardown.py
[2025-11-13T06:41:45.217+0000] {processor.py:840} INFO - DAG(s) 'example_setup_teardown' retrieved from /home/airflow/.local/lib/python3.8/site-packages/airflow/example_dags/example_setup_teardown.py
[2025-11-13T06:41:45.253+0000] {logging_mixin.py:188} INFO - [2025-11-13T06:41:45.252+0000] {dag.py:3036} INFO - Sync 1 DAGs
[2025-11-13T06:41:45.294+0000] {logging_mixin.py:188} INFO - [2025-11-13T06:41:45.293+0000] {dag.py:3823} INFO - Setting next_dagrun for example_setup_teardown to 2025-11-12 00:00:00+00:00, run_after=2025-11-13 00:00:00+00:00
[2025-11-13T06:41:45.343+0000] {processor.py:183} INFO - Processing /home/airflow/.local/lib/python3.8/site-packages/airflow/example_dags/example_setup_teardown.py took 0.147 seconds
[2025-11-13T06:42:16.208+0000] {processor.py:161} INFO - Started process (PID=2044) to work on /home/airflow/.local/lib/python3.8/site-packages/airflow/example_dags/example_setup_teardown.py
[2025-11-13T06:42:16.209+0000] {processor.py:830} INFO - Processing file /home/airflow/.local/lib/python3.8/site-packages/airflow/example_dags/example_setup_teardown.py for tasks to queue
[2025-11-13T06:42:16.212+0000] {logging_mixin.py:188} INFO - [2025-11-13T06:42:16.211+0000] {dagbag.py:538} INFO - Filling up the DagBag from /home/airflow/.local/lib/python3.8/site-packages/airflow/example_dags/example_setup_teardown.py
[2025-11-13T06:42:16.220+0000] {processor.py:840} INFO - DAG(s) 'example_setup_teardown' retrieved from /home/airflow/.local/lib/python3.8/site-packages/airflow/example_dags/example_setup_teardown.py
[2025-11-13T06:42:16.246+0000] {logging_mixin.py:188} INFO - [2025-11-13T06:42:16.246+0000] {dag.py:3036} INFO - Sync 1 DAGs
[2025-11-13T06:42:16.274+0000] {logging_mixin.py:188} INFO - [2025-11-13T06:42:16.274+0000] {dag.py:3823} INFO - Setting next_dagrun for example_setup_teardown to 2025-11-12 00:00:00+00:00, run_after=2025-11-13 00:00:00+00:00
[2025-11-13T06:42:16.303+0000] {processor.py:183} INFO - Processing /home/airflow/.local/lib/python3.8/site-packages/airflow/example_dags/example_setup_teardown.py took 0.100 seconds
[2025-11-13T06:42:46.696+0000] {processor.py:161} INFO - Started process (PID=2106) to work on /home/airflow/.local/lib/python3.8/site-packages/airflow/example_dags/example_setup_teardown.py
[2025-11-13T06:42:46.697+0000] {processor.py:830} INFO - Processing file /home/airflow/.local/lib/python3.8/site-packages/airflow/example_dags/example_setup_teardown.py for tasks to queue
[2025-11-13T06:42:46.700+0000] {logging_mixin.py:188} INFO - [2025-11-13T06:42:46.699+0000] {dagbag.py:538} INFO - Filling up the DagBag from /home/airflow/.local/lib/python3.8/site-packages/airflow/example_dags/example_setup_teardown.py
[2025-11-13T06:42:46.708+0000] {processor.py:840} INFO - DAG(s) 'example_setup_teardown' retrieved from /home/airflow/.local/lib/python3.8/site-packages/airflow/example_dags/example_setup_teardown.py
[2025-11-13T06:42:46.736+0000] {logging_mixin.py:188} INFO - [2025-11-13T06:42:46.735+0000] {dag.py:3036} INFO - Sync 1 DAGs
[2025-11-13T06:42:46.762+0000] {logging_mixin.py:188} INFO - [2025-11-13T06:42:46.761+0000] {dag.py:3823} INFO - Setting next_dagrun for example_setup_teardown to 2025-11-12 00:00:00+00:00, run_after=2025-11-13 00:00:00+00:00
[2025-11-13T06:42:46.787+0000] {processor.py:183} INFO - Processing /home/airflow/.local/lib/python3.8/site-packages/airflow/example_dags/example_setup_teardown.py took 0.096 seconds
[2025-11-13T06:43:17.556+0000] {processor.py:161} INFO - Started process (PID=2168) to work on /home/airflow/.local/lib/python3.8/site-packages/airflow/example_dags/example_setup_teardown.py
[2025-11-13T06:43:17.557+0000] {processor.py:830} INFO - Processing file /home/airflow/.local/lib/python3.8/site-packages/airflow/example_dags/example_setup_teardown.py for tasks to queue
[2025-11-13T06:43:17.570+0000] {logging_mixin.py:188} INFO - [2025-11-13T06:43:17.569+0000] {dagbag.py:538} INFO - Filling up the DagBag from /home/airflow/.local/lib/python3.8/site-packages/airflow/example_dags/example_setup_teardown.py
[2025-11-13T06:43:17.580+0000] {processor.py:840} INFO - DAG(s) 'example_setup_teardown' retrieved from /home/airflow/.local/lib/python3.8/site-packages/airflow/example_dags/example_setup_teardown.py
[2025-11-13T06:43:17.606+0000] {logging_mixin.py:188} INFO - [2025-11-13T06:43:17.606+0000] {dag.py:3036} INFO - Sync 1 DAGs
[2025-11-13T06:43:17.632+0000] {logging_mixin.py:188} INFO - [2025-11-13T06:43:17.632+0000] {dag.py:3823} INFO - Setting next_dagrun for example_setup_teardown to 2025-11-12 00:00:00+00:00, run_after=2025-11-13 00:00:00+00:00
[2025-11-13T06:43:17.675+0000] {processor.py:183} INFO - Processing /home/airflow/.local/lib/python3.8/site-packages/airflow/example_dags/example_setup_teardown.py took 0.123 seconds
[2025-11-13T06:43:48.186+0000] {processor.py:161} INFO - Started process (PID=2231) to work on /home/airflow/.local/lib/python3.8/site-packages/airflow/example_dags/example_setup_teardown.py
[2025-11-13T06:43:48.188+0000] {processor.py:830} INFO - Processing file /home/airflow/.local/lib/python3.8/site-packages/airflow/example_dags/example_setup_teardown.py for tasks to queue
[2025-11-13T06:43:48.194+0000] {logging_mixin.py:188} INFO - [2025-11-13T06:43:48.194+0000] {dagbag.py:538} INFO - Filling up the DagBag from /home/airflow/.local/lib/python3.8/site-packages/airflow/example_dags/example_setup_teardown.py
[2025-11-13T06:43:48.219+0000] {processor.py:840} INFO - DAG(s) 'example_setup_teardown' retrieved from /home/airflow/.local/lib/python3.8/site-packages/airflow/example_dags/example_setup_teardown.py
[2025-11-13T06:43:48.293+0000] {logging_mixin.py:188} INFO - [2025-11-13T06:43:48.293+0000] {dag.py:3036} INFO - Sync 1 DAGs
[2025-11-13T06:43:48.373+0000] {logging_mixin.py:188} INFO - [2025-11-13T06:43:48.373+0000] {dag.py:3823} INFO - Setting next_dagrun for example_setup_teardown to 2025-11-12 00:00:00+00:00, run_after=2025-11-13 00:00:00+00:00
[2025-11-13T06:43:48.456+0000] {processor.py:183} INFO - Processing /home/airflow/.local/lib/python3.8/site-packages/airflow/example_dags/example_setup_teardown.py took 0.280 seconds
[2025-11-13T06:44:19.449+0000] {processor.py:161} INFO - Started process (PID=2293) to work on /home/airflow/.local/lib/python3.8/site-packages/airflow/example_dags/example_setup_teardown.py
[2025-11-13T06:44:19.455+0000] {processor.py:830} INFO - Processing file /home/airflow/.local/lib/python3.8/site-packages/airflow/example_dags/example_setup_teardown.py for tasks to queue
[2025-11-13T06:44:19.464+0000] {logging_mixin.py:188} INFO - [2025-11-13T06:44:19.462+0000] {dagbag.py:538} INFO - Filling up the DagBag from /home/airflow/.local/lib/python3.8/site-packages/airflow/example_dags/example_setup_teardown.py
[2025-11-13T06:44:19.487+0000] {processor.py:840} INFO - DAG(s) 'example_setup_teardown' retrieved from /home/airflow/.local/lib/python3.8/site-packages/airflow/example_dags/example_setup_teardown.py
[2025-11-13T06:44:19.550+0000] {logging_mixin.py:188} INFO - [2025-11-13T06:44:19.549+0000] {dag.py:3036} INFO - Sync 1 DAGs
[2025-11-13T06:44:19.619+0000] {logging_mixin.py:188} INFO - [2025-11-13T06:44:19.618+0000] {dag.py:3823} INFO - Setting next_dagrun for example_setup_teardown to 2025-11-12 00:00:00+00:00, run_after=2025-11-13 00:00:00+00:00
[2025-11-13T06:44:19.703+0000] {processor.py:183} INFO - Processing /home/airflow/.local/lib/python3.8/site-packages/airflow/example_dags/example_setup_teardown.py took 0.272 seconds
[2025-11-13T06:44:50.046+0000] {processor.py:161} INFO - Started process (PID=2355) to work on /home/airflow/.local/lib/python3.8/site-packages/airflow/example_dags/example_setup_teardown.py
[2025-11-13T06:44:50.047+0000] {processor.py:830} INFO - Processing file /home/airflow/.local/lib/python3.8/site-packages/airflow/example_dags/example_setup_teardown.py for tasks to queue
[2025-11-13T06:44:50.050+0000] {logging_mixin.py:188} INFO - [2025-11-13T06:44:50.049+0000] {dagbag.py:538} INFO - Filling up the DagBag from /home/airflow/.local/lib/python3.8/site-packages/airflow/example_dags/example_setup_teardown.py
[2025-11-13T06:44:50.063+0000] {processor.py:840} INFO - DAG(s) 'example_setup_teardown' retrieved from /home/airflow/.local/lib/python3.8/site-packages/airflow/example_dags/example_setup_teardown.py
[2025-11-13T06:44:50.093+0000] {logging_mixin.py:188} INFO - [2025-11-13T06:44:50.092+0000] {dag.py:3036} INFO - Sync 1 DAGs
[2025-11-13T06:44:50.124+0000] {logging_mixin.py:188} INFO - [2025-11-13T06:44:50.124+0000] {dag.py:3823} INFO - Setting next_dagrun for example_setup_teardown to 2025-11-12 00:00:00+00:00, run_after=2025-11-13 00:00:00+00:00
[2025-11-13T06:44:50.160+0000] {processor.py:183} INFO - Processing /home/airflow/.local/lib/python3.8/site-packages/airflow/example_dags/example_setup_teardown.py took 0.118 seconds
[2025-11-13T06:45:20.548+0000] {processor.py:161} INFO - Started process (PID=2417) to work on /home/airflow/.local/lib/python3.8/site-packages/airflow/example_dags/example_setup_teardown.py
[2025-11-13T06:45:20.549+0000] {processor.py:830} INFO - Processing file /home/airflow/.local/lib/python3.8/site-packages/airflow/example_dags/example_setup_teardown.py for tasks to queue
[2025-11-13T06:45:20.552+0000] {logging_mixin.py:188} INFO - [2025-11-13T06:45:20.552+0000] {dagbag.py:538} INFO - Filling up the DagBag from /home/airflow/.local/lib/python3.8/site-packages/airflow/example_dags/example_setup_teardown.py
[2025-11-13T06:45:20.560+0000] {processor.py:840} INFO - DAG(s) 'example_setup_teardown' retrieved from /home/airflow/.local/lib/python3.8/site-packages/airflow/example_dags/example_setup_teardown.py
[2025-11-13T06:45:20.591+0000] {logging_mixin.py:188} INFO - [2025-11-13T06:45:20.591+0000] {dag.py:3036} INFO - Sync 1 DAGs
[2025-11-13T06:45:20.619+0000] {logging_mixin.py:188} INFO - [2025-11-13T06:45:20.619+0000] {dag.py:3823} INFO - Setting next_dagrun for example_setup_teardown to 2025-11-12 00:00:00+00:00, run_after=2025-11-13 00:00:00+00:00
[2025-11-13T06:45:20.645+0000] {processor.py:183} INFO - Processing /home/airflow/.local/lib/python3.8/site-packages/airflow/example_dags/example_setup_teardown.py took 0.102 seconds
[2025-11-13T06:45:51.550+0000] {processor.py:161} INFO - Started process (PID=2479) to work on /home/airflow/.local/lib/python3.8/site-packages/airflow/example_dags/example_setup_teardown.py
[2025-11-13T06:45:51.551+0000] {processor.py:830} INFO - Processing file /home/airflow/.local/lib/python3.8/site-packages/airflow/example_dags/example_setup_teardown.py for tasks to queue
[2025-11-13T06:45:51.554+0000] {logging_mixin.py:188} INFO - [2025-11-13T06:45:51.554+0000] {dagbag.py:538} INFO - Filling up the DagBag from /home/airflow/.local/lib/python3.8/site-packages/airflow/example_dags/example_setup_teardown.py
[2025-11-13T06:45:51.563+0000] {processor.py:840} INFO - DAG(s) 'example_setup_teardown' retrieved from /home/airflow/.local/lib/python3.8/site-packages/airflow/example_dags/example_setup_teardown.py
[2025-11-13T06:45:51.589+0000] {logging_mixin.py:188} INFO - [2025-11-13T06:45:51.589+0000] {dag.py:3036} INFO - Sync 1 DAGs
[2025-11-13T06:45:51.615+0000] {logging_mixin.py:188} INFO - [2025-11-13T06:45:51.615+0000] {dag.py:3823} INFO - Setting next_dagrun for example_setup_teardown to 2025-11-12 00:00:00+00:00, run_after=2025-11-13 00:00:00+00:00
[2025-11-13T06:45:51.651+0000] {processor.py:183} INFO - Processing /home/airflow/.local/lib/python3.8/site-packages/airflow/example_dags/example_setup_teardown.py took 0.106 seconds
[2025-11-13T06:46:22.549+0000] {processor.py:161} INFO - Started process (PID=2542) to work on /home/airflow/.local/lib/python3.8/site-packages/airflow/example_dags/example_setup_teardown.py
[2025-11-13T06:46:22.552+0000] {processor.py:830} INFO - Processing file /home/airflow/.local/lib/python3.8/site-packages/airflow/example_dags/example_setup_teardown.py for tasks to queue
[2025-11-13T06:46:22.558+0000] {logging_mixin.py:188} INFO - [2025-11-13T06:46:22.558+0000] {dagbag.py:538} INFO - Filling up the DagBag from /home/airflow/.local/lib/python3.8/site-packages/airflow/example_dags/example_setup_teardown.py
[2025-11-13T06:46:22.578+0000] {processor.py:840} INFO - DAG(s) 'example_setup_teardown' retrieved from /home/airflow/.local/lib/python3.8/site-packages/airflow/example_dags/example_setup_teardown.py
[2025-11-13T06:46:22.625+0000] {logging_mixin.py:188} INFO - [2025-11-13T06:46:22.624+0000] {dag.py:3036} INFO - Sync 1 DAGs
[2025-11-13T06:46:22.675+0000] {logging_mixin.py:188} INFO - [2025-11-13T06:46:22.675+0000] {dag.py:3823} INFO - Setting next_dagrun for example_setup_teardown to 2025-11-12 00:00:00+00:00, run_after=2025-11-13 00:00:00+00:00
[2025-11-13T06:46:22.715+0000] {processor.py:183} INFO - Processing /home/airflow/.local/lib/python3.8/site-packages/airflow/example_dags/example_setup_teardown.py took 0.175 seconds
[2025-11-13T06:46:52.968+0000] {processor.py:161} INFO - Started process (PID=2605) to work on /home/airflow/.local/lib/python3.8/site-packages/airflow/example_dags/example_setup_teardown.py
[2025-11-13T06:46:52.970+0000] {processor.py:830} INFO - Processing file /home/airflow/.local/lib/python3.8/site-packages/airflow/example_dags/example_setup_teardown.py for tasks to queue
[2025-11-13T06:46:52.975+0000] {logging_mixin.py:188} INFO - [2025-11-13T06:46:52.974+0000] {dagbag.py:538} INFO - Filling up the DagBag from /home/airflow/.local/lib/python3.8/site-packages/airflow/example_dags/example_setup_teardown.py
[2025-11-13T06:46:52.986+0000] {processor.py:840} INFO - DAG(s) 'example_setup_teardown' retrieved from /home/airflow/.local/lib/python3.8/site-packages/airflow/example_dags/example_setup_teardown.py
[2025-11-13T06:46:53.029+0000] {logging_mixin.py:188} INFO - [2025-11-13T06:46:53.029+0000] {dag.py:3036} INFO - Sync 1 DAGs
[2025-11-13T06:46:53.089+0000] {logging_mixin.py:188} INFO - [2025-11-13T06:46:53.089+0000] {dag.py:3823} INFO - Setting next_dagrun for example_setup_teardown to 2025-11-12 00:00:00+00:00, run_after=2025-11-13 00:00:00+00:00
[2025-11-13T06:46:53.132+0000] {processor.py:183} INFO - Processing /home/airflow/.local/lib/python3.8/site-packages/airflow/example_dags/example_setup_teardown.py took 0.170 seconds
[2025-11-13T06:47:23.251+0000] {processor.py:161} INFO - Started process (PID=2667) to work on /home/airflow/.local/lib/python3.8/site-packages/airflow/example_dags/example_setup_teardown.py
[2025-11-13T06:47:23.253+0000] {processor.py:830} INFO - Processing file /home/airflow/.local/lib/python3.8/site-packages/airflow/example_dags/example_setup_teardown.py for tasks to queue
[2025-11-13T06:47:23.256+0000] {logging_mixin.py:188} INFO - [2025-11-13T06:47:23.255+0000] {dagbag.py:538} INFO - Filling up the DagBag from /home/airflow/.local/lib/python3.8/site-packages/airflow/example_dags/example_setup_teardown.py
[2025-11-13T06:47:23.266+0000] {processor.py:840} INFO - DAG(s) 'example_setup_teardown' retrieved from /home/airflow/.local/lib/python3.8/site-packages/airflow/example_dags/example_setup_teardown.py
[2025-11-13T06:47:23.299+0000] {logging_mixin.py:188} INFO - [2025-11-13T06:47:23.298+0000] {dag.py:3036} INFO - Sync 1 DAGs
[2025-11-13T06:47:23.334+0000] {logging_mixin.py:188} INFO - [2025-11-13T06:47:23.334+0000] {dag.py:3823} INFO - Setting next_dagrun for example_setup_teardown to 2025-11-12 00:00:00+00:00, run_after=2025-11-13 00:00:00+00:00
[2025-11-13T06:47:23.374+0000] {processor.py:183} INFO - Processing /home/airflow/.local/lib/python3.8/site-packages/airflow/example_dags/example_setup_teardown.py took 0.129 seconds
[2025-11-13T06:47:53.750+0000] {processor.py:161} INFO - Started process (PID=2728) to work on /home/airflow/.local/lib/python3.8/site-packages/airflow/example_dags/example_setup_teardown.py
[2025-11-13T06:47:53.754+0000] {processor.py:830} INFO - Processing file /home/airflow/.local/lib/python3.8/site-packages/airflow/example_dags/example_setup_teardown.py for tasks to queue
[2025-11-13T06:47:53.759+0000] {logging_mixin.py:188} INFO - [2025-11-13T06:47:53.758+0000] {dagbag.py:538} INFO - Filling up the DagBag from /home/airflow/.local/lib/python3.8/site-packages/airflow/example_dags/example_setup_teardown.py
[2025-11-13T06:47:53.776+0000] {processor.py:840} INFO - DAG(s) 'example_setup_teardown' retrieved from /home/airflow/.local/lib/python3.8/site-packages/airflow/example_dags/example_setup_teardown.py
[2025-11-13T06:47:53.839+0000] {logging_mixin.py:188} INFO - [2025-11-13T06:47:53.839+0000] {dag.py:3036} INFO - Sync 1 DAGs
[2025-11-13T06:47:53.907+0000] {logging_mixin.py:188} INFO - [2025-11-13T06:47:53.906+0000] {dag.py:3823} INFO - Setting next_dagrun for example_setup_teardown to 2025-11-12 00:00:00+00:00, run_after=2025-11-13 00:00:00+00:00
[2025-11-13T06:47:53.976+0000] {processor.py:183} INFO - Processing /home/airflow/.local/lib/python3.8/site-packages/airflow/example_dags/example_setup_teardown.py took 0.233 seconds
[2025-11-13T06:48:24.795+0000] {processor.py:161} INFO - Started process (PID=2790) to work on /home/airflow/.local/lib/python3.8/site-packages/airflow/example_dags/example_setup_teardown.py
[2025-11-13T06:48:24.797+0000] {processor.py:830} INFO - Processing file /home/airflow/.local/lib/python3.8/site-packages/airflow/example_dags/example_setup_teardown.py for tasks to queue
[2025-11-13T06:48:24.800+0000] {logging_mixin.py:188} INFO - [2025-11-13T06:48:24.800+0000] {dagbag.py:538} INFO - Filling up the DagBag from /home/airflow/.local/lib/python3.8/site-packages/airflow/example_dags/example_setup_teardown.py
[2025-11-13T06:48:24.812+0000] {processor.py:840} INFO - DAG(s) 'example_setup_teardown' retrieved from /home/airflow/.local/lib/python3.8/site-packages/airflow/example_dags/example_setup_teardown.py
[2025-11-13T06:48:24.849+0000] {logging_mixin.py:188} INFO - [2025-11-13T06:48:24.849+0000] {dag.py:3036} INFO - Sync 1 DAGs
[2025-11-13T06:48:24.914+0000] {logging_mixin.py:188} INFO - [2025-11-13T06:48:24.913+0000] {dag.py:3823} INFO - Setting next_dagrun for example_setup_teardown to 2025-11-12 00:00:00+00:00, run_after=2025-11-13 00:00:00+00:00
[2025-11-13T06:48:24.961+0000] {processor.py:183} INFO - Processing /home/airflow/.local/lib/python3.8/site-packages/airflow/example_dags/example_setup_teardown.py took 0.173 seconds
[2025-11-13T06:48:55.356+0000] {processor.py:161} INFO - Started process (PID=2852) to work on /home/airflow/.local/lib/python3.8/site-packages/airflow/example_dags/example_setup_teardown.py
[2025-11-13T06:48:55.360+0000] {processor.py:830} INFO - Processing file /home/airflow/.local/lib/python3.8/site-packages/airflow/example_dags/example_setup_teardown.py for tasks to queue
[2025-11-13T06:48:55.368+0000] {logging_mixin.py:188} INFO - [2025-11-13T06:48:55.367+0000] {dagbag.py:538} INFO - Filling up the DagBag from /home/airflow/.local/lib/python3.8/site-packages/airflow/example_dags/example_setup_teardown.py
[2025-11-13T06:48:55.409+0000] {processor.py:840} INFO - DAG(s) 'example_setup_teardown' retrieved from /home/airflow/.local/lib/python3.8/site-packages/airflow/example_dags/example_setup_teardown.py
[2025-11-13T06:48:55.512+0000] {logging_mixin.py:188} INFO - [2025-11-13T06:48:55.511+0000] {dag.py:3036} INFO - Sync 1 DAGs
[2025-11-13T06:48:55.640+0000] {logging_mixin.py:188} INFO - [2025-11-13T06:48:55.639+0000] {dag.py:3823} INFO - Setting next_dagrun for example_setup_teardown to 2025-11-12 00:00:00+00:00, run_after=2025-11-13 00:00:00+00:00
[2025-11-13T06:48:56.383+0000] {processor.py:183} INFO - Processing /home/airflow/.local/lib/python3.8/site-packages/airflow/example_dags/example_setup_teardown.py took 1.054 seconds
[2025-11-13T06:49:26.650+0000] {processor.py:161} INFO - Started process (PID=2913) to work on /home/airflow/.local/lib/python3.8/site-packages/airflow/example_dags/example_setup_teardown.py
[2025-11-13T06:49:26.654+0000] {processor.py:830} INFO - Processing file /home/airflow/.local/lib/python3.8/site-packages/airflow/example_dags/example_setup_teardown.py for tasks to queue
[2025-11-13T06:49:26.669+0000] {logging_mixin.py:188} INFO - [2025-11-13T06:49:26.660+0000] {dagbag.py:538} INFO - Filling up the DagBag from /home/airflow/.local/lib/python3.8/site-packages/airflow/example_dags/example_setup_teardown.py
[2025-11-13T06:49:26.699+0000] {processor.py:840} INFO - DAG(s) 'example_setup_teardown' retrieved from /home/airflow/.local/lib/python3.8/site-packages/airflow/example_dags/example_setup_teardown.py
[2025-11-13T06:49:26.797+0000] {logging_mixin.py:188} INFO - [2025-11-13T06:49:26.796+0000] {dag.py:3036} INFO - Sync 1 DAGs
[2025-11-13T06:49:26.906+0000] {logging_mixin.py:188} INFO - [2025-11-13T06:49:26.905+0000] {dag.py:3823} INFO - Setting next_dagrun for example_setup_teardown to 2025-11-12 00:00:00+00:00, run_after=2025-11-13 00:00:00+00:00
[2025-11-13T06:49:26.996+0000] {processor.py:183} INFO - Processing /home/airflow/.local/lib/python3.8/site-packages/airflow/example_dags/example_setup_teardown.py took 0.365 seconds
[2025-11-13T06:49:57.109+0000] {processor.py:161} INFO - Started process (PID=2975) to work on /home/airflow/.local/lib/python3.8/site-packages/airflow/example_dags/example_setup_teardown.py
[2025-11-13T06:49:57.111+0000] {processor.py:830} INFO - Processing file /home/airflow/.local/lib/python3.8/site-packages/airflow/example_dags/example_setup_teardown.py for tasks to queue
[2025-11-13T06:49:57.115+0000] {logging_mixin.py:188} INFO - [2025-11-13T06:49:57.114+0000] {dagbag.py:538} INFO - Filling up the DagBag from /home/airflow/.local/lib/python3.8/site-packages/airflow/example_dags/example_setup_teardown.py
[2025-11-13T06:49:57.131+0000] {processor.py:840} INFO - DAG(s) 'example_setup_teardown' retrieved from /home/airflow/.local/lib/python3.8/site-packages/airflow/example_dags/example_setup_teardown.py
[2025-11-13T06:49:57.186+0000] {logging_mixin.py:188} INFO - [2025-11-13T06:49:57.185+0000] {dag.py:3036} INFO - Sync 1 DAGs
[2025-11-13T06:49:57.237+0000] {logging_mixin.py:188} INFO - [2025-11-13T06:49:57.236+0000] {dag.py:3823} INFO - Setting next_dagrun for example_setup_teardown to 2025-11-12 00:00:00+00:00, run_after=2025-11-13 00:00:00+00:00
[2025-11-13T06:49:57.290+0000] {processor.py:183} INFO - Processing /home/airflow/.local/lib/python3.8/site-packages/airflow/example_dags/example_setup_teardown.py took 0.188 seconds
[2025-11-13T06:50:31.162+0000] {processor.py:161} INFO - Started process (PID=3038) to work on /home/airflow/.local/lib/python3.8/site-packages/airflow/example_dags/example_setup_teardown.py
[2025-11-13T06:50:31.165+0000] {processor.py:830} INFO - Processing file /home/airflow/.local/lib/python3.8/site-packages/airflow/example_dags/example_setup_teardown.py for tasks to queue
[2025-11-13T06:50:31.177+0000] {logging_mixin.py:188} INFO - [2025-11-13T06:50:31.176+0000] {dagbag.py:538} INFO - Filling up the DagBag from /home/airflow/.local/lib/python3.8/site-packages/airflow/example_dags/example_setup_teardown.py
[2025-11-13T06:50:31.199+0000] {processor.py:840} INFO - DAG(s) 'example_setup_teardown' retrieved from /home/airflow/.local/lib/python3.8/site-packages/airflow/example_dags/example_setup_teardown.py
[2025-11-13T06:50:31.298+0000] {logging_mixin.py:188} INFO - [2025-11-13T06:50:31.297+0000] {dag.py:3036} INFO - Sync 1 DAGs
[2025-11-13T06:50:31.408+0000] {logging_mixin.py:188} INFO - [2025-11-13T06:50:31.407+0000] {dag.py:3823} INFO - Setting next_dagrun for example_setup_teardown to 2025-11-12 00:00:00+00:00, run_after=2025-11-13 00:00:00+00:00
[2025-11-13T06:50:31.477+0000] {processor.py:183} INFO - Processing /home/airflow/.local/lib/python3.8/site-packages/airflow/example_dags/example_setup_teardown.py took 0.330 seconds
[2025-11-13T06:51:01.877+0000] {processor.py:161} INFO - Started process (PID=3102) to work on /home/airflow/.local/lib/python3.8/site-packages/airflow/example_dags/example_setup_teardown.py
[2025-11-13T06:51:01.879+0000] {processor.py:830} INFO - Processing file /home/airflow/.local/lib/python3.8/site-packages/airflow/example_dags/example_setup_teardown.py for tasks to queue
[2025-11-13T06:51:01.883+0000] {logging_mixin.py:188} INFO - [2025-11-13T06:51:01.882+0000] {dagbag.py:538} INFO - Filling up the DagBag from /home/airflow/.local/lib/python3.8/site-packages/airflow/example_dags/example_setup_teardown.py
[2025-11-13T06:51:01.894+0000] {processor.py:840} INFO - DAG(s) 'example_setup_teardown' retrieved from /home/airflow/.local/lib/python3.8/site-packages/airflow/example_dags/example_setup_teardown.py
[2025-11-13T06:51:01.930+0000] {logging_mixin.py:188} INFO - [2025-11-13T06:51:01.930+0000] {dag.py:3036} INFO - Sync 1 DAGs
[2025-11-13T06:51:02.138+0000] {logging_mixin.py:188} INFO - [2025-11-13T06:51:02.138+0000] {dag.py:3823} INFO - Setting next_dagrun for example_setup_teardown to 2025-11-12 00:00:00+00:00, run_after=2025-11-13 00:00:00+00:00
[2025-11-13T06:51:02.169+0000] {processor.py:183} INFO - Processing /home/airflow/.local/lib/python3.8/site-packages/airflow/example_dags/example_setup_teardown.py took 0.298 seconds
