[2025-11-13T06:26:24.573+0000] {processor.py:161} INFO - Started process (PID=118) to work on /home/airflow/.local/lib/python3.8/site-packages/airflow/example_dags/example_time_delta_sensor_async.py
[2025-11-13T06:26:24.587+0000] {processor.py:830} INFO - Processing file /home/airflow/.local/lib/python3.8/site-packages/airflow/example_dags/example_time_delta_sensor_async.py for tasks to queue
[2025-11-13T06:26:24.620+0000] {logging_mixin.py:188} INFO - [2025-11-13T06:26:24.620+0000] {dagbag.py:538} INFO - Filling up the DagBag from /home/airflow/.local/lib/python3.8/site-packages/airflow/example_dags/example_time_delta_sensor_async.py
[2025-11-13T06:26:24.684+0000] {processor.py:840} INFO - DAG(s) 'example_time_delta_sensor_async' retrieved from /home/airflow/.local/lib/python3.8/site-packages/airflow/example_dags/example_time_delta_sensor_async.py
[2025-11-13T06:26:24.792+0000] {logging_mixin.py:188} INFO - [2025-11-13T06:26:24.791+0000] {dag.py:3036} INFO - Sync 1 DAGs
[2025-11-13T06:26:24.983+0000] {logging_mixin.py:188} INFO - [2025-11-13T06:26:24.982+0000] {dag.py:3823} INFO - Setting next_dagrun for example_time_delta_sensor_async to None, run_after=None
[2025-11-13T06:26:25.172+0000] {processor.py:183} INFO - Processing /home/airflow/.local/lib/python3.8/site-packages/airflow/example_dags/example_time_delta_sensor_async.py took 0.623 seconds
[2025-11-13T06:26:55.635+0000] {processor.py:161} INFO - Started process (PID=186) to work on /home/airflow/.local/lib/python3.8/site-packages/airflow/example_dags/example_time_delta_sensor_async.py
[2025-11-13T06:26:55.641+0000] {processor.py:830} INFO - Processing file /home/airflow/.local/lib/python3.8/site-packages/airflow/example_dags/example_time_delta_sensor_async.py for tasks to queue
[2025-11-13T06:26:55.646+0000] {logging_mixin.py:188} INFO - [2025-11-13T06:26:55.645+0000] {dagbag.py:538} INFO - Filling up the DagBag from /home/airflow/.local/lib/python3.8/site-packages/airflow/example_dags/example_time_delta_sensor_async.py
[2025-11-13T06:26:55.662+0000] {processor.py:840} INFO - DAG(s) 'example_time_delta_sensor_async' retrieved from /home/airflow/.local/lib/python3.8/site-packages/airflow/example_dags/example_time_delta_sensor_async.py
[2025-11-13T06:26:55.873+0000] {logging_mixin.py:188} INFO - [2025-11-13T06:26:55.873+0000] {dag.py:3036} INFO - Sync 1 DAGs
[2025-11-13T06:26:55.893+0000] {logging_mixin.py:188} INFO - [2025-11-13T06:26:55.892+0000] {dag.py:3823} INFO - Setting next_dagrun for example_time_delta_sensor_async to None, run_after=None
[2025-11-13T06:26:55.928+0000] {processor.py:183} INFO - Processing /home/airflow/.local/lib/python3.8/site-packages/airflow/example_dags/example_time_delta_sensor_async.py took 0.300 seconds
[2025-11-13T06:27:26.691+0000] {processor.py:161} INFO - Started process (PID=248) to work on /home/airflow/.local/lib/python3.8/site-packages/airflow/example_dags/example_time_delta_sensor_async.py
[2025-11-13T06:27:26.692+0000] {processor.py:830} INFO - Processing file /home/airflow/.local/lib/python3.8/site-packages/airflow/example_dags/example_time_delta_sensor_async.py for tasks to queue
[2025-11-13T06:27:26.696+0000] {logging_mixin.py:188} INFO - [2025-11-13T06:27:26.695+0000] {dagbag.py:538} INFO - Filling up the DagBag from /home/airflow/.local/lib/python3.8/site-packages/airflow/example_dags/example_time_delta_sensor_async.py
[2025-11-13T06:27:26.702+0000] {processor.py:840} INFO - DAG(s) 'example_time_delta_sensor_async' retrieved from /home/airflow/.local/lib/python3.8/site-packages/airflow/example_dags/example_time_delta_sensor_async.py
[2025-11-13T06:27:26.734+0000] {logging_mixin.py:188} INFO - [2025-11-13T06:27:26.733+0000] {dag.py:3036} INFO - Sync 1 DAGs
[2025-11-13T06:27:26.752+0000] {logging_mixin.py:188} INFO - [2025-11-13T06:27:26.751+0000] {dag.py:3823} INFO - Setting next_dagrun for example_time_delta_sensor_async to None, run_after=None
[2025-11-13T06:27:26.790+0000] {processor.py:183} INFO - Processing /home/airflow/.local/lib/python3.8/site-packages/airflow/example_dags/example_time_delta_sensor_async.py took 0.104 seconds
[2025-11-13T06:27:56.943+0000] {processor.py:161} INFO - Started process (PID=310) to work on /home/airflow/.local/lib/python3.8/site-packages/airflow/example_dags/example_time_delta_sensor_async.py
[2025-11-13T06:27:56.944+0000] {processor.py:830} INFO - Processing file /home/airflow/.local/lib/python3.8/site-packages/airflow/example_dags/example_time_delta_sensor_async.py for tasks to queue
[2025-11-13T06:27:56.947+0000] {logging_mixin.py:188} INFO - [2025-11-13T06:27:56.946+0000] {dagbag.py:538} INFO - Filling up the DagBag from /home/airflow/.local/lib/python3.8/site-packages/airflow/example_dags/example_time_delta_sensor_async.py
[2025-11-13T06:27:56.954+0000] {processor.py:840} INFO - DAG(s) 'example_time_delta_sensor_async' retrieved from /home/airflow/.local/lib/python3.8/site-packages/airflow/example_dags/example_time_delta_sensor_async.py
[2025-11-13T06:27:56.988+0000] {logging_mixin.py:188} INFO - [2025-11-13T06:27:56.987+0000] {dag.py:3036} INFO - Sync 1 DAGs
[2025-11-13T06:27:57.009+0000] {logging_mixin.py:188} INFO - [2025-11-13T06:27:57.009+0000] {dag.py:3823} INFO - Setting next_dagrun for example_time_delta_sensor_async to None, run_after=None
[2025-11-13T06:27:57.050+0000] {processor.py:183} INFO - Processing /home/airflow/.local/lib/python3.8/site-packages/airflow/example_dags/example_time_delta_sensor_async.py took 0.112 seconds
[2025-11-13T06:28:27.791+0000] {processor.py:161} INFO - Started process (PID=373) to work on /home/airflow/.local/lib/python3.8/site-packages/airflow/example_dags/example_time_delta_sensor_async.py
[2025-11-13T06:28:27.793+0000] {processor.py:830} INFO - Processing file /home/airflow/.local/lib/python3.8/site-packages/airflow/example_dags/example_time_delta_sensor_async.py for tasks to queue
[2025-11-13T06:28:27.796+0000] {logging_mixin.py:188} INFO - [2025-11-13T06:28:27.795+0000] {dagbag.py:538} INFO - Filling up the DagBag from /home/airflow/.local/lib/python3.8/site-packages/airflow/example_dags/example_time_delta_sensor_async.py
[2025-11-13T06:28:27.803+0000] {processor.py:840} INFO - DAG(s) 'example_time_delta_sensor_async' retrieved from /home/airflow/.local/lib/python3.8/site-packages/airflow/example_dags/example_time_delta_sensor_async.py
[2025-11-13T06:28:27.828+0000] {logging_mixin.py:188} INFO - [2025-11-13T06:28:27.828+0000] {dag.py:3036} INFO - Sync 1 DAGs
[2025-11-13T06:28:27.844+0000] {logging_mixin.py:188} INFO - [2025-11-13T06:28:27.844+0000] {dag.py:3823} INFO - Setting next_dagrun for example_time_delta_sensor_async to None, run_after=None
[2025-11-13T06:28:27.877+0000] {processor.py:183} INFO - Processing /home/airflow/.local/lib/python3.8/site-packages/airflow/example_dags/example_time_delta_sensor_async.py took 0.091 seconds
[2025-11-13T06:28:58.334+0000] {processor.py:161} INFO - Started process (PID=435) to work on /home/airflow/.local/lib/python3.8/site-packages/airflow/example_dags/example_time_delta_sensor_async.py
[2025-11-13T06:28:58.336+0000] {processor.py:830} INFO - Processing file /home/airflow/.local/lib/python3.8/site-packages/airflow/example_dags/example_time_delta_sensor_async.py for tasks to queue
[2025-11-13T06:28:58.339+0000] {logging_mixin.py:188} INFO - [2025-11-13T06:28:58.338+0000] {dagbag.py:538} INFO - Filling up the DagBag from /home/airflow/.local/lib/python3.8/site-packages/airflow/example_dags/example_time_delta_sensor_async.py
[2025-11-13T06:28:58.347+0000] {processor.py:840} INFO - DAG(s) 'example_time_delta_sensor_async' retrieved from /home/airflow/.local/lib/python3.8/site-packages/airflow/example_dags/example_time_delta_sensor_async.py
[2025-11-13T06:28:58.380+0000] {logging_mixin.py:188} INFO - [2025-11-13T06:28:58.379+0000] {dag.py:3036} INFO - Sync 1 DAGs
[2025-11-13T06:28:58.400+0000] {logging_mixin.py:188} INFO - [2025-11-13T06:28:58.399+0000] {dag.py:3823} INFO - Setting next_dagrun for example_time_delta_sensor_async to None, run_after=None
[2025-11-13T06:28:58.433+0000] {processor.py:183} INFO - Processing /home/airflow/.local/lib/python3.8/site-packages/airflow/example_dags/example_time_delta_sensor_async.py took 0.105 seconds
[2025-11-13T06:29:28.615+0000] {processor.py:161} INFO - Started process (PID=497) to work on /home/airflow/.local/lib/python3.8/site-packages/airflow/example_dags/example_time_delta_sensor_async.py
[2025-11-13T06:29:28.617+0000] {processor.py:830} INFO - Processing file /home/airflow/.local/lib/python3.8/site-packages/airflow/example_dags/example_time_delta_sensor_async.py for tasks to queue
[2025-11-13T06:29:28.620+0000] {logging_mixin.py:188} INFO - [2025-11-13T06:29:28.619+0000] {dagbag.py:538} INFO - Filling up the DagBag from /home/airflow/.local/lib/python3.8/site-packages/airflow/example_dags/example_time_delta_sensor_async.py
[2025-11-13T06:29:28.626+0000] {processor.py:840} INFO - DAG(s) 'example_time_delta_sensor_async' retrieved from /home/airflow/.local/lib/python3.8/site-packages/airflow/example_dags/example_time_delta_sensor_async.py
[2025-11-13T06:29:28.662+0000] {logging_mixin.py:188} INFO - [2025-11-13T06:29:28.662+0000] {dag.py:3036} INFO - Sync 1 DAGs
[2025-11-13T06:29:28.676+0000] {logging_mixin.py:188} INFO - [2025-11-13T06:29:28.676+0000] {dag.py:3823} INFO - Setting next_dagrun for example_time_delta_sensor_async to None, run_after=None
[2025-11-13T06:29:28.707+0000] {processor.py:183} INFO - Processing /home/airflow/.local/lib/python3.8/site-packages/airflow/example_dags/example_time_delta_sensor_async.py took 0.096 seconds
[2025-11-13T06:29:59.530+0000] {processor.py:161} INFO - Started process (PID=559) to work on /home/airflow/.local/lib/python3.8/site-packages/airflow/example_dags/example_time_delta_sensor_async.py
[2025-11-13T06:29:59.532+0000] {processor.py:830} INFO - Processing file /home/airflow/.local/lib/python3.8/site-packages/airflow/example_dags/example_time_delta_sensor_async.py for tasks to queue
[2025-11-13T06:29:59.535+0000] {logging_mixin.py:188} INFO - [2025-11-13T06:29:59.535+0000] {dagbag.py:538} INFO - Filling up the DagBag from /home/airflow/.local/lib/python3.8/site-packages/airflow/example_dags/example_time_delta_sensor_async.py
[2025-11-13T06:29:59.542+0000] {processor.py:840} INFO - DAG(s) 'example_time_delta_sensor_async' retrieved from /home/airflow/.local/lib/python3.8/site-packages/airflow/example_dags/example_time_delta_sensor_async.py
[2025-11-13T06:29:59.572+0000] {logging_mixin.py:188} INFO - [2025-11-13T06:29:59.572+0000] {dag.py:3036} INFO - Sync 1 DAGs
[2025-11-13T06:29:59.590+0000] {logging_mixin.py:188} INFO - [2025-11-13T06:29:59.590+0000] {dag.py:3823} INFO - Setting next_dagrun for example_time_delta_sensor_async to None, run_after=None
[2025-11-13T06:29:59.621+0000] {processor.py:183} INFO - Processing /home/airflow/.local/lib/python3.8/site-packages/airflow/example_dags/example_time_delta_sensor_async.py took 0.096 seconds
[2025-11-13T06:30:30.029+0000] {processor.py:161} INFO - Started process (PID=621) to work on /home/airflow/.local/lib/python3.8/site-packages/airflow/example_dags/example_time_delta_sensor_async.py
[2025-11-13T06:30:30.030+0000] {processor.py:830} INFO - Processing file /home/airflow/.local/lib/python3.8/site-packages/airflow/example_dags/example_time_delta_sensor_async.py for tasks to queue
[2025-11-13T06:30:30.033+0000] {logging_mixin.py:188} INFO - [2025-11-13T06:30:30.033+0000] {dagbag.py:538} INFO - Filling up the DagBag from /home/airflow/.local/lib/python3.8/site-packages/airflow/example_dags/example_time_delta_sensor_async.py
[2025-11-13T06:30:30.039+0000] {processor.py:840} INFO - DAG(s) 'example_time_delta_sensor_async' retrieved from /home/airflow/.local/lib/python3.8/site-packages/airflow/example_dags/example_time_delta_sensor_async.py
[2025-11-13T06:30:30.064+0000] {logging_mixin.py:188} INFO - [2025-11-13T06:30:30.063+0000] {dag.py:3036} INFO - Sync 1 DAGs
[2025-11-13T06:30:30.078+0000] {logging_mixin.py:188} INFO - [2025-11-13T06:30:30.078+0000] {dag.py:3823} INFO - Setting next_dagrun for example_time_delta_sensor_async to None, run_after=None
[2025-11-13T06:30:30.110+0000] {processor.py:183} INFO - Processing /home/airflow/.local/lib/python3.8/site-packages/airflow/example_dags/example_time_delta_sensor_async.py took 0.086 seconds
[2025-11-13T06:31:00.514+0000] {processor.py:161} INFO - Started process (PID=683) to work on /home/airflow/.local/lib/python3.8/site-packages/airflow/example_dags/example_time_delta_sensor_async.py
[2025-11-13T06:31:00.515+0000] {processor.py:830} INFO - Processing file /home/airflow/.local/lib/python3.8/site-packages/airflow/example_dags/example_time_delta_sensor_async.py for tasks to queue
[2025-11-13T06:31:00.518+0000] {logging_mixin.py:188} INFO - [2025-11-13T06:31:00.518+0000] {dagbag.py:538} INFO - Filling up the DagBag from /home/airflow/.local/lib/python3.8/site-packages/airflow/example_dags/example_time_delta_sensor_async.py
[2025-11-13T06:31:00.524+0000] {processor.py:840} INFO - DAG(s) 'example_time_delta_sensor_async' retrieved from /home/airflow/.local/lib/python3.8/site-packages/airflow/example_dags/example_time_delta_sensor_async.py
[2025-11-13T06:31:00.553+0000] {logging_mixin.py:188} INFO - [2025-11-13T06:31:00.553+0000] {dag.py:3036} INFO - Sync 1 DAGs
[2025-11-13T06:31:00.567+0000] {logging_mixin.py:188} INFO - [2025-11-13T06:31:00.567+0000] {dag.py:3823} INFO - Setting next_dagrun for example_time_delta_sensor_async to None, run_after=None
[2025-11-13T06:31:00.602+0000] {processor.py:183} INFO - Processing /home/airflow/.local/lib/python3.8/site-packages/airflow/example_dags/example_time_delta_sensor_async.py took 0.092 seconds
[2025-11-13T06:31:31.514+0000] {processor.py:161} INFO - Started process (PID=745) to work on /home/airflow/.local/lib/python3.8/site-packages/airflow/example_dags/example_time_delta_sensor_async.py
[2025-11-13T06:31:31.515+0000] {processor.py:830} INFO - Processing file /home/airflow/.local/lib/python3.8/site-packages/airflow/example_dags/example_time_delta_sensor_async.py for tasks to queue
[2025-11-13T06:31:31.518+0000] {logging_mixin.py:188} INFO - [2025-11-13T06:31:31.517+0000] {dagbag.py:538} INFO - Filling up the DagBag from /home/airflow/.local/lib/python3.8/site-packages/airflow/example_dags/example_time_delta_sensor_async.py
[2025-11-13T06:31:31.524+0000] {processor.py:840} INFO - DAG(s) 'example_time_delta_sensor_async' retrieved from /home/airflow/.local/lib/python3.8/site-packages/airflow/example_dags/example_time_delta_sensor_async.py
[2025-11-13T06:31:31.549+0000] {logging_mixin.py:188} INFO - [2025-11-13T06:31:31.549+0000] {dag.py:3036} INFO - Sync 1 DAGs
[2025-11-13T06:31:31.563+0000] {logging_mixin.py:188} INFO - [2025-11-13T06:31:31.563+0000] {dag.py:3823} INFO - Setting next_dagrun for example_time_delta_sensor_async to None, run_after=None
[2025-11-13T06:31:31.588+0000] {processor.py:183} INFO - Processing /home/airflow/.local/lib/python3.8/site-packages/airflow/example_dags/example_time_delta_sensor_async.py took 0.078 seconds
[2025-11-13T06:32:01.844+0000] {processor.py:161} INFO - Started process (PID=807) to work on /home/airflow/.local/lib/python3.8/site-packages/airflow/example_dags/example_time_delta_sensor_async.py
[2025-11-13T06:32:01.845+0000] {processor.py:830} INFO - Processing file /home/airflow/.local/lib/python3.8/site-packages/airflow/example_dags/example_time_delta_sensor_async.py for tasks to queue
[2025-11-13T06:32:01.848+0000] {logging_mixin.py:188} INFO - [2025-11-13T06:32:01.848+0000] {dagbag.py:538} INFO - Filling up the DagBag from /home/airflow/.local/lib/python3.8/site-packages/airflow/example_dags/example_time_delta_sensor_async.py
[2025-11-13T06:32:01.855+0000] {processor.py:840} INFO - DAG(s) 'example_time_delta_sensor_async' retrieved from /home/airflow/.local/lib/python3.8/site-packages/airflow/example_dags/example_time_delta_sensor_async.py
[2025-11-13T06:32:01.882+0000] {logging_mixin.py:188} INFO - [2025-11-13T06:32:01.881+0000] {dag.py:3036} INFO - Sync 1 DAGs
[2025-11-13T06:32:01.899+0000] {logging_mixin.py:188} INFO - [2025-11-13T06:32:01.898+0000] {dag.py:3823} INFO - Setting next_dagrun for example_time_delta_sensor_async to None, run_after=None
[2025-11-13T06:32:01.937+0000] {processor.py:183} INFO - Processing /home/airflow/.local/lib/python3.8/site-packages/airflow/example_dags/example_time_delta_sensor_async.py took 0.098 seconds
[2025-11-13T06:32:31.994+0000] {processor.py:161} INFO - Started process (PID=869) to work on /home/airflow/.local/lib/python3.8/site-packages/airflow/example_dags/example_time_delta_sensor_async.py
[2025-11-13T06:32:31.996+0000] {processor.py:830} INFO - Processing file /home/airflow/.local/lib/python3.8/site-packages/airflow/example_dags/example_time_delta_sensor_async.py for tasks to queue
[2025-11-13T06:32:32.000+0000] {logging_mixin.py:188} INFO - [2025-11-13T06:32:31.999+0000] {dagbag.py:538} INFO - Filling up the DagBag from /home/airflow/.local/lib/python3.8/site-packages/airflow/example_dags/example_time_delta_sensor_async.py
[2025-11-13T06:32:32.010+0000] {processor.py:840} INFO - DAG(s) 'example_time_delta_sensor_async' retrieved from /home/airflow/.local/lib/python3.8/site-packages/airflow/example_dags/example_time_delta_sensor_async.py
[2025-11-13T06:32:32.043+0000] {logging_mixin.py:188} INFO - [2025-11-13T06:32:32.042+0000] {dag.py:3036} INFO - Sync 1 DAGs
[2025-11-13T06:32:32.066+0000] {logging_mixin.py:188} INFO - [2025-11-13T06:32:32.065+0000] {dag.py:3823} INFO - Setting next_dagrun for example_time_delta_sensor_async to None, run_after=None
[2025-11-13T06:32:32.097+0000] {processor.py:183} INFO - Processing /home/airflow/.local/lib/python3.8/site-packages/airflow/example_dags/example_time_delta_sensor_async.py took 0.112 seconds
[2025-11-13T06:33:02.937+0000] {processor.py:161} INFO - Started process (PID=931) to work on /home/airflow/.local/lib/python3.8/site-packages/airflow/example_dags/example_time_delta_sensor_async.py
[2025-11-13T06:33:02.939+0000] {processor.py:830} INFO - Processing file /home/airflow/.local/lib/python3.8/site-packages/airflow/example_dags/example_time_delta_sensor_async.py for tasks to queue
[2025-11-13T06:33:02.943+0000] {logging_mixin.py:188} INFO - [2025-11-13T06:33:02.943+0000] {dagbag.py:538} INFO - Filling up the DagBag from /home/airflow/.local/lib/python3.8/site-packages/airflow/example_dags/example_time_delta_sensor_async.py
[2025-11-13T06:33:02.954+0000] {processor.py:840} INFO - DAG(s) 'example_time_delta_sensor_async' retrieved from /home/airflow/.local/lib/python3.8/site-packages/airflow/example_dags/example_time_delta_sensor_async.py
[2025-11-13T06:33:02.994+0000] {logging_mixin.py:188} INFO - [2025-11-13T06:33:02.993+0000] {dag.py:3036} INFO - Sync 1 DAGs
[2025-11-13T06:33:03.018+0000] {logging_mixin.py:188} INFO - [2025-11-13T06:33:03.017+0000] {dag.py:3823} INFO - Setting next_dagrun for example_time_delta_sensor_async to None, run_after=None
[2025-11-13T06:33:03.054+0000] {processor.py:183} INFO - Processing /home/airflow/.local/lib/python3.8/site-packages/airflow/example_dags/example_time_delta_sensor_async.py took 0.124 seconds
[2025-11-13T06:33:33.103+0000] {processor.py:161} INFO - Started process (PID=993) to work on /home/airflow/.local/lib/python3.8/site-packages/airflow/example_dags/example_time_delta_sensor_async.py
[2025-11-13T06:33:33.104+0000] {processor.py:830} INFO - Processing file /home/airflow/.local/lib/python3.8/site-packages/airflow/example_dags/example_time_delta_sensor_async.py for tasks to queue
[2025-11-13T06:33:33.107+0000] {logging_mixin.py:188} INFO - [2025-11-13T06:33:33.107+0000] {dagbag.py:538} INFO - Filling up the DagBag from /home/airflow/.local/lib/python3.8/site-packages/airflow/example_dags/example_time_delta_sensor_async.py
[2025-11-13T06:33:33.114+0000] {processor.py:840} INFO - DAG(s) 'example_time_delta_sensor_async' retrieved from /home/airflow/.local/lib/python3.8/site-packages/airflow/example_dags/example_time_delta_sensor_async.py
[2025-11-13T06:33:33.137+0000] {logging_mixin.py:188} INFO - [2025-11-13T06:33:33.137+0000] {dag.py:3036} INFO - Sync 1 DAGs
[2025-11-13T06:33:33.151+0000] {logging_mixin.py:188} INFO - [2025-11-13T06:33:33.150+0000] {dag.py:3823} INFO - Setting next_dagrun for example_time_delta_sensor_async to None, run_after=None
[2025-11-13T06:33:33.175+0000] {processor.py:183} INFO - Processing /home/airflow/.local/lib/python3.8/site-packages/airflow/example_dags/example_time_delta_sensor_async.py took 0.076 seconds
[2025-11-13T06:34:03.937+0000] {processor.py:161} INFO - Started process (PID=1055) to work on /home/airflow/.local/lib/python3.8/site-packages/airflow/example_dags/example_time_delta_sensor_async.py
[2025-11-13T06:34:03.939+0000] {processor.py:830} INFO - Processing file /home/airflow/.local/lib/python3.8/site-packages/airflow/example_dags/example_time_delta_sensor_async.py for tasks to queue
[2025-11-13T06:34:03.945+0000] {logging_mixin.py:188} INFO - [2025-11-13T06:34:03.944+0000] {dagbag.py:538} INFO - Filling up the DagBag from /home/airflow/.local/lib/python3.8/site-packages/airflow/example_dags/example_time_delta_sensor_async.py
[2025-11-13T06:34:03.962+0000] {processor.py:840} INFO - DAG(s) 'example_time_delta_sensor_async' retrieved from /home/airflow/.local/lib/python3.8/site-packages/airflow/example_dags/example_time_delta_sensor_async.py
[2025-11-13T06:34:04.031+0000] {logging_mixin.py:188} INFO - [2025-11-13T06:34:04.031+0000] {dag.py:3036} INFO - Sync 1 DAGs
[2025-11-13T06:34:04.065+0000] {logging_mixin.py:188} INFO - [2025-11-13T06:34:04.065+0000] {dag.py:3823} INFO - Setting next_dagrun for example_time_delta_sensor_async to None, run_after=None
[2025-11-13T06:34:04.127+0000] {processor.py:183} INFO - Processing /home/airflow/.local/lib/python3.8/site-packages/airflow/example_dags/example_time_delta_sensor_async.py took 0.199 seconds
[2025-11-13T06:34:34.715+0000] {processor.py:161} INFO - Started process (PID=1117) to work on /home/airflow/.local/lib/python3.8/site-packages/airflow/example_dags/example_time_delta_sensor_async.py
[2025-11-13T06:34:34.719+0000] {processor.py:830} INFO - Processing file /home/airflow/.local/lib/python3.8/site-packages/airflow/example_dags/example_time_delta_sensor_async.py for tasks to queue
[2025-11-13T06:34:34.723+0000] {logging_mixin.py:188} INFO - [2025-11-13T06:34:34.722+0000] {dagbag.py:538} INFO - Filling up the DagBag from /home/airflow/.local/lib/python3.8/site-packages/airflow/example_dags/example_time_delta_sensor_async.py
[2025-11-13T06:34:34.731+0000] {processor.py:840} INFO - DAG(s) 'example_time_delta_sensor_async' retrieved from /home/airflow/.local/lib/python3.8/site-packages/airflow/example_dags/example_time_delta_sensor_async.py
[2025-11-13T06:34:34.763+0000] {logging_mixin.py:188} INFO - [2025-11-13T06:34:34.763+0000] {dag.py:3036} INFO - Sync 1 DAGs
[2025-11-13T06:34:34.785+0000] {logging_mixin.py:188} INFO - [2025-11-13T06:34:34.785+0000] {dag.py:3823} INFO - Setting next_dagrun for example_time_delta_sensor_async to None, run_after=None
[2025-11-13T06:34:34.819+0000] {processor.py:183} INFO - Processing /home/airflow/.local/lib/python3.8/site-packages/airflow/example_dags/example_time_delta_sensor_async.py took 0.109 seconds
[2025-11-13T06:35:05.998+0000] {processor.py:161} INFO - Started process (PID=1179) to work on /home/airflow/.local/lib/python3.8/site-packages/airflow/example_dags/example_time_delta_sensor_async.py
[2025-11-13T06:35:06.012+0000] {processor.py:830} INFO - Processing file /home/airflow/.local/lib/python3.8/site-packages/airflow/example_dags/example_time_delta_sensor_async.py for tasks to queue
[2025-11-13T06:35:06.029+0000] {logging_mixin.py:188} INFO - [2025-11-13T06:35:06.028+0000] {dagbag.py:538} INFO - Filling up the DagBag from /home/airflow/.local/lib/python3.8/site-packages/airflow/example_dags/example_time_delta_sensor_async.py
[2025-11-13T06:35:06.048+0000] {processor.py:840} INFO - DAG(s) 'example_time_delta_sensor_async' retrieved from /home/airflow/.local/lib/python3.8/site-packages/airflow/example_dags/example_time_delta_sensor_async.py
[2025-11-13T06:35:06.142+0000] {logging_mixin.py:188} INFO - [2025-11-13T06:35:06.141+0000] {dag.py:3036} INFO - Sync 1 DAGs
[2025-11-13T06:35:06.252+0000] {logging_mixin.py:188} INFO - [2025-11-13T06:35:06.251+0000] {dag.py:3823} INFO - Setting next_dagrun for example_time_delta_sensor_async to None, run_after=None
[2025-11-13T06:35:06.363+0000] {processor.py:183} INFO - Processing /home/airflow/.local/lib/python3.8/site-packages/airflow/example_dags/example_time_delta_sensor_async.py took 0.376 seconds
[2025-11-13T06:35:37.195+0000] {processor.py:161} INFO - Started process (PID=1241) to work on /home/airflow/.local/lib/python3.8/site-packages/airflow/example_dags/example_time_delta_sensor_async.py
[2025-11-13T06:35:37.197+0000] {processor.py:830} INFO - Processing file /home/airflow/.local/lib/python3.8/site-packages/airflow/example_dags/example_time_delta_sensor_async.py for tasks to queue
[2025-11-13T06:35:37.201+0000] {logging_mixin.py:188} INFO - [2025-11-13T06:35:37.200+0000] {dagbag.py:538} INFO - Filling up the DagBag from /home/airflow/.local/lib/python3.8/site-packages/airflow/example_dags/example_time_delta_sensor_async.py
[2025-11-13T06:35:37.212+0000] {processor.py:840} INFO - DAG(s) 'example_time_delta_sensor_async' retrieved from /home/airflow/.local/lib/python3.8/site-packages/airflow/example_dags/example_time_delta_sensor_async.py
[2025-11-13T06:35:37.244+0000] {logging_mixin.py:188} INFO - [2025-11-13T06:35:37.243+0000] {dag.py:3036} INFO - Sync 1 DAGs
[2025-11-13T06:35:37.268+0000] {logging_mixin.py:188} INFO - [2025-11-13T06:35:37.268+0000] {dag.py:3823} INFO - Setting next_dagrun for example_time_delta_sensor_async to None, run_after=None
[2025-11-13T06:35:37.306+0000] {processor.py:183} INFO - Processing /home/airflow/.local/lib/python3.8/site-packages/airflow/example_dags/example_time_delta_sensor_async.py took 0.116 seconds
[2025-11-13T06:36:07.706+0000] {processor.py:161} INFO - Started process (PID=1303) to work on /home/airflow/.local/lib/python3.8/site-packages/airflow/example_dags/example_time_delta_sensor_async.py
[2025-11-13T06:36:07.711+0000] {processor.py:830} INFO - Processing file /home/airflow/.local/lib/python3.8/site-packages/airflow/example_dags/example_time_delta_sensor_async.py for tasks to queue
[2025-11-13T06:36:07.720+0000] {logging_mixin.py:188} INFO - [2025-11-13T06:36:07.718+0000] {dagbag.py:538} INFO - Filling up the DagBag from /home/airflow/.local/lib/python3.8/site-packages/airflow/example_dags/example_time_delta_sensor_async.py
[2025-11-13T06:36:07.736+0000] {processor.py:840} INFO - DAG(s) 'example_time_delta_sensor_async' retrieved from /home/airflow/.local/lib/python3.8/site-packages/airflow/example_dags/example_time_delta_sensor_async.py
[2025-11-13T06:36:07.830+0000] {logging_mixin.py:188} INFO - [2025-11-13T06:36:07.829+0000] {dag.py:3036} INFO - Sync 1 DAGs
[2025-11-13T06:36:07.867+0000] {logging_mixin.py:188} INFO - [2025-11-13T06:36:07.866+0000] {dag.py:3823} INFO - Setting next_dagrun for example_time_delta_sensor_async to None, run_after=None
[2025-11-13T06:36:07.915+0000] {processor.py:183} INFO - Processing /home/airflow/.local/lib/python3.8/site-packages/airflow/example_dags/example_time_delta_sensor_async.py took 0.230 seconds
[2025-11-13T06:36:38.523+0000] {processor.py:161} INFO - Started process (PID=1366) to work on /home/airflow/.local/lib/python3.8/site-packages/airflow/example_dags/example_time_delta_sensor_async.py
[2025-11-13T06:36:38.524+0000] {processor.py:830} INFO - Processing file /home/airflow/.local/lib/python3.8/site-packages/airflow/example_dags/example_time_delta_sensor_async.py for tasks to queue
[2025-11-13T06:36:38.527+0000] {logging_mixin.py:188} INFO - [2025-11-13T06:36:38.526+0000] {dagbag.py:538} INFO - Filling up the DagBag from /home/airflow/.local/lib/python3.8/site-packages/airflow/example_dags/example_time_delta_sensor_async.py
[2025-11-13T06:36:38.533+0000] {processor.py:840} INFO - DAG(s) 'example_time_delta_sensor_async' retrieved from /home/airflow/.local/lib/python3.8/site-packages/airflow/example_dags/example_time_delta_sensor_async.py
[2025-11-13T06:36:38.560+0000] {logging_mixin.py:188} INFO - [2025-11-13T06:36:38.560+0000] {dag.py:3036} INFO - Sync 1 DAGs
[2025-11-13T06:36:38.576+0000] {logging_mixin.py:188} INFO - [2025-11-13T06:36:38.575+0000] {dag.py:3823} INFO - Setting next_dagrun for example_time_delta_sensor_async to None, run_after=None
[2025-11-13T06:36:38.612+0000] {processor.py:183} INFO - Processing /home/airflow/.local/lib/python3.8/site-packages/airflow/example_dags/example_time_delta_sensor_async.py took 0.093 seconds
[2025-11-13T06:37:09.537+0000] {processor.py:161} INFO - Started process (PID=1428) to work on /home/airflow/.local/lib/python3.8/site-packages/airflow/example_dags/example_time_delta_sensor_async.py
[2025-11-13T06:37:09.538+0000] {processor.py:830} INFO - Processing file /home/airflow/.local/lib/python3.8/site-packages/airflow/example_dags/example_time_delta_sensor_async.py for tasks to queue
[2025-11-13T06:37:09.541+0000] {logging_mixin.py:188} INFO - [2025-11-13T06:37:09.541+0000] {dagbag.py:538} INFO - Filling up the DagBag from /home/airflow/.local/lib/python3.8/site-packages/airflow/example_dags/example_time_delta_sensor_async.py
[2025-11-13T06:37:09.548+0000] {processor.py:840} INFO - DAG(s) 'example_time_delta_sensor_async' retrieved from /home/airflow/.local/lib/python3.8/site-packages/airflow/example_dags/example_time_delta_sensor_async.py
[2025-11-13T06:37:09.577+0000] {logging_mixin.py:188} INFO - [2025-11-13T06:37:09.576+0000] {dag.py:3036} INFO - Sync 1 DAGs
[2025-11-13T06:37:09.595+0000] {logging_mixin.py:188} INFO - [2025-11-13T06:37:09.594+0000] {dag.py:3823} INFO - Setting next_dagrun for example_time_delta_sensor_async to None, run_after=None
[2025-11-13T06:37:09.629+0000] {processor.py:183} INFO - Processing /home/airflow/.local/lib/python3.8/site-packages/airflow/example_dags/example_time_delta_sensor_async.py took 0.096 seconds
[2025-11-13T06:37:40.531+0000] {processor.py:161} INFO - Started process (PID=1490) to work on /home/airflow/.local/lib/python3.8/site-packages/airflow/example_dags/example_time_delta_sensor_async.py
[2025-11-13T06:37:40.533+0000] {processor.py:830} INFO - Processing file /home/airflow/.local/lib/python3.8/site-packages/airflow/example_dags/example_time_delta_sensor_async.py for tasks to queue
[2025-11-13T06:37:40.536+0000] {logging_mixin.py:188} INFO - [2025-11-13T06:37:40.535+0000] {dagbag.py:538} INFO - Filling up the DagBag from /home/airflow/.local/lib/python3.8/site-packages/airflow/example_dags/example_time_delta_sensor_async.py
[2025-11-13T06:37:40.542+0000] {processor.py:840} INFO - DAG(s) 'example_time_delta_sensor_async' retrieved from /home/airflow/.local/lib/python3.8/site-packages/airflow/example_dags/example_time_delta_sensor_async.py
[2025-11-13T06:37:40.570+0000] {logging_mixin.py:188} INFO - [2025-11-13T06:37:40.569+0000] {dag.py:3036} INFO - Sync 1 DAGs
[2025-11-13T06:37:40.585+0000] {logging_mixin.py:188} INFO - [2025-11-13T06:37:40.585+0000] {dag.py:3823} INFO - Setting next_dagrun for example_time_delta_sensor_async to None, run_after=None
[2025-11-13T06:37:40.612+0000] {processor.py:183} INFO - Processing /home/airflow/.local/lib/python3.8/site-packages/airflow/example_dags/example_time_delta_sensor_async.py took 0.086 seconds
[2025-11-13T06:38:10.868+0000] {processor.py:161} INFO - Started process (PID=1552) to work on /home/airflow/.local/lib/python3.8/site-packages/airflow/example_dags/example_time_delta_sensor_async.py
[2025-11-13T06:38:10.870+0000] {processor.py:830} INFO - Processing file /home/airflow/.local/lib/python3.8/site-packages/airflow/example_dags/example_time_delta_sensor_async.py for tasks to queue
[2025-11-13T06:38:10.873+0000] {logging_mixin.py:188} INFO - [2025-11-13T06:38:10.873+0000] {dagbag.py:538} INFO - Filling up the DagBag from /home/airflow/.local/lib/python3.8/site-packages/airflow/example_dags/example_time_delta_sensor_async.py
[2025-11-13T06:38:10.884+0000] {processor.py:840} INFO - DAG(s) 'example_time_delta_sensor_async' retrieved from /home/airflow/.local/lib/python3.8/site-packages/airflow/example_dags/example_time_delta_sensor_async.py
[2025-11-13T06:38:10.929+0000] {logging_mixin.py:188} INFO - [2025-11-13T06:38:10.929+0000] {dag.py:3036} INFO - Sync 1 DAGs
[2025-11-13T06:38:10.966+0000] {logging_mixin.py:188} INFO - [2025-11-13T06:38:10.966+0000] {dag.py:3823} INFO - Setting next_dagrun for example_time_delta_sensor_async to None, run_after=None
[2025-11-13T06:38:11.011+0000] {processor.py:183} INFO - Processing /home/airflow/.local/lib/python3.8/site-packages/airflow/example_dags/example_time_delta_sensor_async.py took 0.150 seconds
[2025-11-13T06:38:41.278+0000] {processor.py:161} INFO - Started process (PID=1614) to work on /home/airflow/.local/lib/python3.8/site-packages/airflow/example_dags/example_time_delta_sensor_async.py
[2025-11-13T06:38:41.280+0000] {processor.py:830} INFO - Processing file /home/airflow/.local/lib/python3.8/site-packages/airflow/example_dags/example_time_delta_sensor_async.py for tasks to queue
[2025-11-13T06:38:41.283+0000] {logging_mixin.py:188} INFO - [2025-11-13T06:38:41.282+0000] {dagbag.py:538} INFO - Filling up the DagBag from /home/airflow/.local/lib/python3.8/site-packages/airflow/example_dags/example_time_delta_sensor_async.py
[2025-11-13T06:38:41.290+0000] {processor.py:840} INFO - DAG(s) 'example_time_delta_sensor_async' retrieved from /home/airflow/.local/lib/python3.8/site-packages/airflow/example_dags/example_time_delta_sensor_async.py
[2025-11-13T06:38:41.319+0000] {logging_mixin.py:188} INFO - [2025-11-13T06:38:41.319+0000] {dag.py:3036} INFO - Sync 1 DAGs
[2025-11-13T06:38:41.338+0000] {logging_mixin.py:188} INFO - [2025-11-13T06:38:41.337+0000] {dag.py:3823} INFO - Setting next_dagrun for example_time_delta_sensor_async to None, run_after=None
[2025-11-13T06:38:41.368+0000] {processor.py:183} INFO - Processing /home/airflow/.local/lib/python3.8/site-packages/airflow/example_dags/example_time_delta_sensor_async.py took 0.094 seconds
[2025-11-13T06:39:11.756+0000] {processor.py:161} INFO - Started process (PID=1676) to work on /home/airflow/.local/lib/python3.8/site-packages/airflow/example_dags/example_time_delta_sensor_async.py
[2025-11-13T06:39:11.761+0000] {processor.py:830} INFO - Processing file /home/airflow/.local/lib/python3.8/site-packages/airflow/example_dags/example_time_delta_sensor_async.py for tasks to queue
[2025-11-13T06:39:11.766+0000] {logging_mixin.py:188} INFO - [2025-11-13T06:39:11.765+0000] {dagbag.py:538} INFO - Filling up the DagBag from /home/airflow/.local/lib/python3.8/site-packages/airflow/example_dags/example_time_delta_sensor_async.py
[2025-11-13T06:39:11.785+0000] {processor.py:840} INFO - DAG(s) 'example_time_delta_sensor_async' retrieved from /home/airflow/.local/lib/python3.8/site-packages/airflow/example_dags/example_time_delta_sensor_async.py
[2025-11-13T06:39:11.886+0000] {logging_mixin.py:188} INFO - [2025-11-13T06:39:11.883+0000] {dag.py:3036} INFO - Sync 1 DAGs
[2025-11-13T06:39:11.984+0000] {logging_mixin.py:188} INFO - [2025-11-13T06:39:11.983+0000] {dag.py:3823} INFO - Setting next_dagrun for example_time_delta_sensor_async to None, run_after=None
[2025-11-13T06:39:12.057+0000] {processor.py:183} INFO - Processing /home/airflow/.local/lib/python3.8/site-packages/airflow/example_dags/example_time_delta_sensor_async.py took 0.313 seconds
[2025-11-13T06:39:42.328+0000] {processor.py:161} INFO - Started process (PID=1738) to work on /home/airflow/.local/lib/python3.8/site-packages/airflow/example_dags/example_time_delta_sensor_async.py
[2025-11-13T06:39:42.330+0000] {processor.py:830} INFO - Processing file /home/airflow/.local/lib/python3.8/site-packages/airflow/example_dags/example_time_delta_sensor_async.py for tasks to queue
[2025-11-13T06:39:42.336+0000] {logging_mixin.py:188} INFO - [2025-11-13T06:39:42.335+0000] {dagbag.py:538} INFO - Filling up the DagBag from /home/airflow/.local/lib/python3.8/site-packages/airflow/example_dags/example_time_delta_sensor_async.py
[2025-11-13T06:39:42.345+0000] {processor.py:840} INFO - DAG(s) 'example_time_delta_sensor_async' retrieved from /home/airflow/.local/lib/python3.8/site-packages/airflow/example_dags/example_time_delta_sensor_async.py
[2025-11-13T06:39:42.389+0000] {logging_mixin.py:188} INFO - [2025-11-13T06:39:42.388+0000] {dag.py:3036} INFO - Sync 1 DAGs
[2025-11-13T06:39:42.428+0000] {logging_mixin.py:188} INFO - [2025-11-13T06:39:42.427+0000] {dag.py:3823} INFO - Setting next_dagrun for example_time_delta_sensor_async to None, run_after=None
[2025-11-13T06:39:42.473+0000] {processor.py:183} INFO - Processing /home/airflow/.local/lib/python3.8/site-packages/airflow/example_dags/example_time_delta_sensor_async.py took 0.151 seconds
[2025-11-13T06:40:12.807+0000] {processor.py:161} INFO - Started process (PID=1800) to work on /home/airflow/.local/lib/python3.8/site-packages/airflow/example_dags/example_time_delta_sensor_async.py
[2025-11-13T06:40:12.809+0000] {processor.py:830} INFO - Processing file /home/airflow/.local/lib/python3.8/site-packages/airflow/example_dags/example_time_delta_sensor_async.py for tasks to queue
[2025-11-13T06:40:12.813+0000] {logging_mixin.py:188} INFO - [2025-11-13T06:40:12.812+0000] {dagbag.py:538} INFO - Filling up the DagBag from /home/airflow/.local/lib/python3.8/site-packages/airflow/example_dags/example_time_delta_sensor_async.py
[2025-11-13T06:40:12.822+0000] {processor.py:840} INFO - DAG(s) 'example_time_delta_sensor_async' retrieved from /home/airflow/.local/lib/python3.8/site-packages/airflow/example_dags/example_time_delta_sensor_async.py
[2025-11-13T06:40:12.857+0000] {logging_mixin.py:188} INFO - [2025-11-13T06:40:12.856+0000] {dag.py:3036} INFO - Sync 1 DAGs
[2025-11-13T06:40:12.877+0000] {logging_mixin.py:188} INFO - [2025-11-13T06:40:12.877+0000] {dag.py:3823} INFO - Setting next_dagrun for example_time_delta_sensor_async to None, run_after=None
[2025-11-13T06:40:12.910+0000] {processor.py:183} INFO - Processing /home/airflow/.local/lib/python3.8/site-packages/airflow/example_dags/example_time_delta_sensor_async.py took 0.110 seconds
[2025-11-13T06:40:43.397+0000] {processor.py:161} INFO - Started process (PID=1862) to work on /home/airflow/.local/lib/python3.8/site-packages/airflow/example_dags/example_time_delta_sensor_async.py
[2025-11-13T06:40:43.400+0000] {processor.py:830} INFO - Processing file /home/airflow/.local/lib/python3.8/site-packages/airflow/example_dags/example_time_delta_sensor_async.py for tasks to queue
[2025-11-13T06:40:43.405+0000] {logging_mixin.py:188} INFO - [2025-11-13T06:40:43.404+0000] {dagbag.py:538} INFO - Filling up the DagBag from /home/airflow/.local/lib/python3.8/site-packages/airflow/example_dags/example_time_delta_sensor_async.py
[2025-11-13T06:40:43.419+0000] {processor.py:840} INFO - DAG(s) 'example_time_delta_sensor_async' retrieved from /home/airflow/.local/lib/python3.8/site-packages/airflow/example_dags/example_time_delta_sensor_async.py
[2025-11-13T06:40:43.476+0000] {logging_mixin.py:188} INFO - [2025-11-13T06:40:43.475+0000] {dag.py:3036} INFO - Sync 1 DAGs
[2025-11-13T06:40:43.509+0000] {logging_mixin.py:188} INFO - [2025-11-13T06:40:43.509+0000] {dag.py:3823} INFO - Setting next_dagrun for example_time_delta_sensor_async to None, run_after=None
[2025-11-13T06:40:43.572+0000] {processor.py:183} INFO - Processing /home/airflow/.local/lib/python3.8/site-packages/airflow/example_dags/example_time_delta_sensor_async.py took 0.184 seconds
[2025-11-13T06:41:13.783+0000] {processor.py:161} INFO - Started process (PID=1923) to work on /home/airflow/.local/lib/python3.8/site-packages/airflow/example_dags/example_time_delta_sensor_async.py
[2025-11-13T06:41:13.786+0000] {processor.py:830} INFO - Processing file /home/airflow/.local/lib/python3.8/site-packages/airflow/example_dags/example_time_delta_sensor_async.py for tasks to queue
[2025-11-13T06:41:13.792+0000] {logging_mixin.py:188} INFO - [2025-11-13T06:41:13.791+0000] {dagbag.py:538} INFO - Filling up the DagBag from /home/airflow/.local/lib/python3.8/site-packages/airflow/example_dags/example_time_delta_sensor_async.py
[2025-11-13T06:41:13.805+0000] {processor.py:840} INFO - DAG(s) 'example_time_delta_sensor_async' retrieved from /home/airflow/.local/lib/python3.8/site-packages/airflow/example_dags/example_time_delta_sensor_async.py
[2025-11-13T06:41:13.851+0000] {logging_mixin.py:188} INFO - [2025-11-13T06:41:13.851+0000] {dag.py:3036} INFO - Sync 1 DAGs
[2025-11-13T06:41:13.878+0000] {logging_mixin.py:188} INFO - [2025-11-13T06:41:13.877+0000] {dag.py:3823} INFO - Setting next_dagrun for example_time_delta_sensor_async to None, run_after=None
[2025-11-13T06:41:13.917+0000] {processor.py:183} INFO - Processing /home/airflow/.local/lib/python3.8/site-packages/airflow/example_dags/example_time_delta_sensor_async.py took 0.143 seconds
[2025-11-13T06:41:45.569+0000] {processor.py:161} INFO - Started process (PID=1985) to work on /home/airflow/.local/lib/python3.8/site-packages/airflow/example_dags/example_time_delta_sensor_async.py
[2025-11-13T06:41:45.571+0000] {processor.py:830} INFO - Processing file /home/airflow/.local/lib/python3.8/site-packages/airflow/example_dags/example_time_delta_sensor_async.py for tasks to queue
[2025-11-13T06:41:45.575+0000] {logging_mixin.py:188} INFO - [2025-11-13T06:41:45.574+0000] {dagbag.py:538} INFO - Filling up the DagBag from /home/airflow/.local/lib/python3.8/site-packages/airflow/example_dags/example_time_delta_sensor_async.py
[2025-11-13T06:41:45.585+0000] {processor.py:840} INFO - DAG(s) 'example_time_delta_sensor_async' retrieved from /home/airflow/.local/lib/python3.8/site-packages/airflow/example_dags/example_time_delta_sensor_async.py
[2025-11-13T06:41:45.629+0000] {logging_mixin.py:188} INFO - [2025-11-13T06:41:45.629+0000] {dag.py:3036} INFO - Sync 1 DAGs
[2025-11-13T06:41:45.655+0000] {logging_mixin.py:188} INFO - [2025-11-13T06:41:45.655+0000] {dag.py:3823} INFO - Setting next_dagrun for example_time_delta_sensor_async to None, run_after=None
[2025-11-13T06:41:45.695+0000] {processor.py:183} INFO - Processing /home/airflow/.local/lib/python3.8/site-packages/airflow/example_dags/example_time_delta_sensor_async.py took 0.132 seconds
[2025-11-13T06:42:16.469+0000] {processor.py:161} INFO - Started process (PID=2047) to work on /home/airflow/.local/lib/python3.8/site-packages/airflow/example_dags/example_time_delta_sensor_async.py
[2025-11-13T06:42:16.471+0000] {processor.py:830} INFO - Processing file /home/airflow/.local/lib/python3.8/site-packages/airflow/example_dags/example_time_delta_sensor_async.py for tasks to queue
[2025-11-13T06:42:16.474+0000] {logging_mixin.py:188} INFO - [2025-11-13T06:42:16.473+0000] {dagbag.py:538} INFO - Filling up the DagBag from /home/airflow/.local/lib/python3.8/site-packages/airflow/example_dags/example_time_delta_sensor_async.py
[2025-11-13T06:42:16.480+0000] {processor.py:840} INFO - DAG(s) 'example_time_delta_sensor_async' retrieved from /home/airflow/.local/lib/python3.8/site-packages/airflow/example_dags/example_time_delta_sensor_async.py
[2025-11-13T06:42:16.507+0000] {logging_mixin.py:188} INFO - [2025-11-13T06:42:16.507+0000] {dag.py:3036} INFO - Sync 1 DAGs
[2025-11-13T06:42:16.523+0000] {logging_mixin.py:188} INFO - [2025-11-13T06:42:16.522+0000] {dag.py:3823} INFO - Setting next_dagrun for example_time_delta_sensor_async to None, run_after=None
[2025-11-13T06:42:16.548+0000] {processor.py:183} INFO - Processing /home/airflow/.local/lib/python3.8/site-packages/airflow/example_dags/example_time_delta_sensor_async.py took 0.083 seconds
[2025-11-13T06:42:46.958+0000] {processor.py:161} INFO - Started process (PID=2109) to work on /home/airflow/.local/lib/python3.8/site-packages/airflow/example_dags/example_time_delta_sensor_async.py
[2025-11-13T06:42:46.959+0000] {processor.py:830} INFO - Processing file /home/airflow/.local/lib/python3.8/site-packages/airflow/example_dags/example_time_delta_sensor_async.py for tasks to queue
[2025-11-13T06:42:46.962+0000] {logging_mixin.py:188} INFO - [2025-11-13T06:42:46.961+0000] {dagbag.py:538} INFO - Filling up the DagBag from /home/airflow/.local/lib/python3.8/site-packages/airflow/example_dags/example_time_delta_sensor_async.py
[2025-11-13T06:42:46.969+0000] {processor.py:840} INFO - DAG(s) 'example_time_delta_sensor_async' retrieved from /home/airflow/.local/lib/python3.8/site-packages/airflow/example_dags/example_time_delta_sensor_async.py
[2025-11-13T06:42:47.001+0000] {logging_mixin.py:188} INFO - [2025-11-13T06:42:47.001+0000] {dag.py:3036} INFO - Sync 1 DAGs
[2025-11-13T06:42:47.018+0000] {logging_mixin.py:188} INFO - [2025-11-13T06:42:47.018+0000] {dag.py:3823} INFO - Setting next_dagrun for example_time_delta_sensor_async to None, run_after=None
[2025-11-13T06:42:47.046+0000] {processor.py:183} INFO - Processing /home/airflow/.local/lib/python3.8/site-packages/airflow/example_dags/example_time_delta_sensor_async.py took 0.092 seconds
[2025-11-13T06:43:17.855+0000] {processor.py:161} INFO - Started process (PID=2171) to work on /home/airflow/.local/lib/python3.8/site-packages/airflow/example_dags/example_time_delta_sensor_async.py
[2025-11-13T06:43:17.856+0000] {processor.py:830} INFO - Processing file /home/airflow/.local/lib/python3.8/site-packages/airflow/example_dags/example_time_delta_sensor_async.py for tasks to queue
[2025-11-13T06:43:17.859+0000] {logging_mixin.py:188} INFO - [2025-11-13T06:43:17.859+0000] {dagbag.py:538} INFO - Filling up the DagBag from /home/airflow/.local/lib/python3.8/site-packages/airflow/example_dags/example_time_delta_sensor_async.py
[2025-11-13T06:43:17.866+0000] {processor.py:840} INFO - DAG(s) 'example_time_delta_sensor_async' retrieved from /home/airflow/.local/lib/python3.8/site-packages/airflow/example_dags/example_time_delta_sensor_async.py
[2025-11-13T06:43:17.896+0000] {logging_mixin.py:188} INFO - [2025-11-13T06:43:17.896+0000] {dag.py:3036} INFO - Sync 1 DAGs
[2025-11-13T06:43:17.912+0000] {logging_mixin.py:188} INFO - [2025-11-13T06:43:17.912+0000] {dag.py:3823} INFO - Setting next_dagrun for example_time_delta_sensor_async to None, run_after=None
[2025-11-13T06:43:17.960+0000] {processor.py:183} INFO - Processing /home/airflow/.local/lib/python3.8/site-packages/airflow/example_dags/example_time_delta_sensor_async.py took 0.110 seconds
[2025-11-13T06:43:49.028+0000] {processor.py:161} INFO - Started process (PID=2234) to work on /home/airflow/.local/lib/python3.8/site-packages/airflow/example_dags/example_time_delta_sensor_async.py
[2025-11-13T06:43:49.032+0000] {processor.py:830} INFO - Processing file /home/airflow/.local/lib/python3.8/site-packages/airflow/example_dags/example_time_delta_sensor_async.py for tasks to queue
[2025-11-13T06:43:49.039+0000] {logging_mixin.py:188} INFO - [2025-11-13T06:43:49.038+0000] {dagbag.py:538} INFO - Filling up the DagBag from /home/airflow/.local/lib/python3.8/site-packages/airflow/example_dags/example_time_delta_sensor_async.py
[2025-11-13T06:43:49.063+0000] {processor.py:840} INFO - DAG(s) 'example_time_delta_sensor_async' retrieved from /home/airflow/.local/lib/python3.8/site-packages/airflow/example_dags/example_time_delta_sensor_async.py
[2025-11-13T06:43:49.158+0000] {logging_mixin.py:188} INFO - [2025-11-13T06:43:49.151+0000] {dag.py:3036} INFO - Sync 1 DAGs
[2025-11-13T06:43:49.225+0000] {logging_mixin.py:188} INFO - [2025-11-13T06:43:49.224+0000] {dag.py:3823} INFO - Setting next_dagrun for example_time_delta_sensor_async to None, run_after=None
[2025-11-13T06:43:49.296+0000] {processor.py:183} INFO - Processing /home/airflow/.local/lib/python3.8/site-packages/airflow/example_dags/example_time_delta_sensor_async.py took 0.283 seconds
[2025-11-13T06:44:20.164+0000] {processor.py:161} INFO - Started process (PID=2295) to work on /home/airflow/.local/lib/python3.8/site-packages/airflow/example_dags/example_time_delta_sensor_async.py
[2025-11-13T06:44:20.167+0000] {processor.py:830} INFO - Processing file /home/airflow/.local/lib/python3.8/site-packages/airflow/example_dags/example_time_delta_sensor_async.py for tasks to queue
[2025-11-13T06:44:20.175+0000] {logging_mixin.py:188} INFO - [2025-11-13T06:44:20.174+0000] {dagbag.py:538} INFO - Filling up the DagBag from /home/airflow/.local/lib/python3.8/site-packages/airflow/example_dags/example_time_delta_sensor_async.py
[2025-11-13T06:44:20.186+0000] {processor.py:840} INFO - DAG(s) 'example_time_delta_sensor_async' retrieved from /home/airflow/.local/lib/python3.8/site-packages/airflow/example_dags/example_time_delta_sensor_async.py
[2025-11-13T06:44:20.233+0000] {logging_mixin.py:188} INFO - [2025-11-13T06:44:20.232+0000] {dag.py:3036} INFO - Sync 1 DAGs
[2025-11-13T06:44:20.262+0000] {logging_mixin.py:188} INFO - [2025-11-13T06:44:20.261+0000] {dag.py:3823} INFO - Setting next_dagrun for example_time_delta_sensor_async to None, run_after=None
[2025-11-13T06:44:20.300+0000] {processor.py:183} INFO - Processing /home/airflow/.local/lib/python3.8/site-packages/airflow/example_dags/example_time_delta_sensor_async.py took 0.145 seconds
[2025-11-13T06:44:50.380+0000] {processor.py:161} INFO - Started process (PID=2357) to work on /home/airflow/.local/lib/python3.8/site-packages/airflow/example_dags/example_time_delta_sensor_async.py
[2025-11-13T06:44:50.382+0000] {processor.py:830} INFO - Processing file /home/airflow/.local/lib/python3.8/site-packages/airflow/example_dags/example_time_delta_sensor_async.py for tasks to queue
[2025-11-13T06:44:50.386+0000] {logging_mixin.py:188} INFO - [2025-11-13T06:44:50.385+0000] {dagbag.py:538} INFO - Filling up the DagBag from /home/airflow/.local/lib/python3.8/site-packages/airflow/example_dags/example_time_delta_sensor_async.py
[2025-11-13T06:44:50.396+0000] {processor.py:840} INFO - DAG(s) 'example_time_delta_sensor_async' retrieved from /home/airflow/.local/lib/python3.8/site-packages/airflow/example_dags/example_time_delta_sensor_async.py
[2025-11-13T06:44:50.426+0000] {logging_mixin.py:188} INFO - [2025-11-13T06:44:50.426+0000] {dag.py:3036} INFO - Sync 1 DAGs
[2025-11-13T06:44:50.445+0000] {logging_mixin.py:188} INFO - [2025-11-13T06:44:50.444+0000] {dag.py:3823} INFO - Setting next_dagrun for example_time_delta_sensor_async to None, run_after=None
[2025-11-13T06:44:50.480+0000] {processor.py:183} INFO - Processing /home/airflow/.local/lib/python3.8/site-packages/airflow/example_dags/example_time_delta_sensor_async.py took 0.107 seconds
[2025-11-13T06:45:20.840+0000] {processor.py:161} INFO - Started process (PID=2419) to work on /home/airflow/.local/lib/python3.8/site-packages/airflow/example_dags/example_time_delta_sensor_async.py
[2025-11-13T06:45:20.842+0000] {processor.py:830} INFO - Processing file /home/airflow/.local/lib/python3.8/site-packages/airflow/example_dags/example_time_delta_sensor_async.py for tasks to queue
[2025-11-13T06:45:20.845+0000] {logging_mixin.py:188} INFO - [2025-11-13T06:45:20.845+0000] {dagbag.py:538} INFO - Filling up the DagBag from /home/airflow/.local/lib/python3.8/site-packages/airflow/example_dags/example_time_delta_sensor_async.py
[2025-11-13T06:45:20.853+0000] {processor.py:840} INFO - DAG(s) 'example_time_delta_sensor_async' retrieved from /home/airflow/.local/lib/python3.8/site-packages/airflow/example_dags/example_time_delta_sensor_async.py
[2025-11-13T06:45:20.882+0000] {logging_mixin.py:188} INFO - [2025-11-13T06:45:20.881+0000] {dag.py:3036} INFO - Sync 1 DAGs
[2025-11-13T06:45:20.899+0000] {logging_mixin.py:188} INFO - [2025-11-13T06:45:20.899+0000] {dag.py:3823} INFO - Setting next_dagrun for example_time_delta_sensor_async to None, run_after=None
[2025-11-13T06:45:20.928+0000] {processor.py:183} INFO - Processing /home/airflow/.local/lib/python3.8/site-packages/airflow/example_dags/example_time_delta_sensor_async.py took 0.093 seconds
[2025-11-13T06:45:51.821+0000] {processor.py:161} INFO - Started process (PID=2481) to work on /home/airflow/.local/lib/python3.8/site-packages/airflow/example_dags/example_time_delta_sensor_async.py
[2025-11-13T06:45:51.823+0000] {processor.py:830} INFO - Processing file /home/airflow/.local/lib/python3.8/site-packages/airflow/example_dags/example_time_delta_sensor_async.py for tasks to queue
[2025-11-13T06:45:51.825+0000] {logging_mixin.py:188} INFO - [2025-11-13T06:45:51.825+0000] {dagbag.py:538} INFO - Filling up the DagBag from /home/airflow/.local/lib/python3.8/site-packages/airflow/example_dags/example_time_delta_sensor_async.py
[2025-11-13T06:45:51.832+0000] {processor.py:840} INFO - DAG(s) 'example_time_delta_sensor_async' retrieved from /home/airflow/.local/lib/python3.8/site-packages/airflow/example_dags/example_time_delta_sensor_async.py
[2025-11-13T06:45:51.872+0000] {logging_mixin.py:188} INFO - [2025-11-13T06:45:51.871+0000] {dag.py:3036} INFO - Sync 1 DAGs
[2025-11-13T06:45:51.895+0000] {logging_mixin.py:188} INFO - [2025-11-13T06:45:51.894+0000] {dag.py:3823} INFO - Setting next_dagrun for example_time_delta_sensor_async to None, run_after=None
[2025-11-13T06:45:51.939+0000] {processor.py:183} INFO - Processing /home/airflow/.local/lib/python3.8/site-packages/airflow/example_dags/example_time_delta_sensor_async.py took 0.123 seconds
[2025-11-13T06:46:22.956+0000] {processor.py:161} INFO - Started process (PID=2544) to work on /home/airflow/.local/lib/python3.8/site-packages/airflow/example_dags/example_time_delta_sensor_async.py
[2025-11-13T06:46:22.958+0000] {processor.py:830} INFO - Processing file /home/airflow/.local/lib/python3.8/site-packages/airflow/example_dags/example_time_delta_sensor_async.py for tasks to queue
[2025-11-13T06:46:22.962+0000] {logging_mixin.py:188} INFO - [2025-11-13T06:46:22.961+0000] {dagbag.py:538} INFO - Filling up the DagBag from /home/airflow/.local/lib/python3.8/site-packages/airflow/example_dags/example_time_delta_sensor_async.py
[2025-11-13T06:46:22.974+0000] {processor.py:840} INFO - DAG(s) 'example_time_delta_sensor_async' retrieved from /home/airflow/.local/lib/python3.8/site-packages/airflow/example_dags/example_time_delta_sensor_async.py
[2025-11-13T06:46:23.014+0000] {logging_mixin.py:188} INFO - [2025-11-13T06:46:23.014+0000] {dag.py:3036} INFO - Sync 1 DAGs
[2025-11-13T06:46:23.037+0000] {logging_mixin.py:188} INFO - [2025-11-13T06:46:23.037+0000] {dag.py:3823} INFO - Setting next_dagrun for example_time_delta_sensor_async to None, run_after=None
[2025-11-13T06:46:23.075+0000] {processor.py:183} INFO - Processing /home/airflow/.local/lib/python3.8/site-packages/airflow/example_dags/example_time_delta_sensor_async.py took 0.127 seconds
[2025-11-13T06:46:53.359+0000] {processor.py:161} INFO - Started process (PID=2608) to work on /home/airflow/.local/lib/python3.8/site-packages/airflow/example_dags/example_time_delta_sensor_async.py
[2025-11-13T06:46:53.361+0000] {processor.py:830} INFO - Processing file /home/airflow/.local/lib/python3.8/site-packages/airflow/example_dags/example_time_delta_sensor_async.py for tasks to queue
[2025-11-13T06:46:53.365+0000] {logging_mixin.py:188} INFO - [2025-11-13T06:46:53.364+0000] {dagbag.py:538} INFO - Filling up the DagBag from /home/airflow/.local/lib/python3.8/site-packages/airflow/example_dags/example_time_delta_sensor_async.py
[2025-11-13T06:46:53.374+0000] {processor.py:840} INFO - DAG(s) 'example_time_delta_sensor_async' retrieved from /home/airflow/.local/lib/python3.8/site-packages/airflow/example_dags/example_time_delta_sensor_async.py
[2025-11-13T06:46:53.409+0000] {logging_mixin.py:188} INFO - [2025-11-13T06:46:53.408+0000] {dag.py:3036} INFO - Sync 1 DAGs
[2025-11-13T06:46:53.428+0000] {logging_mixin.py:188} INFO - [2025-11-13T06:46:53.428+0000] {dag.py:3823} INFO - Setting next_dagrun for example_time_delta_sensor_async to None, run_after=None
[2025-11-13T06:46:53.459+0000] {processor.py:183} INFO - Processing /home/airflow/.local/lib/python3.8/site-packages/airflow/example_dags/example_time_delta_sensor_async.py took 0.106 seconds
[2025-11-13T06:47:23.598+0000] {processor.py:161} INFO - Started process (PID=2670) to work on /home/airflow/.local/lib/python3.8/site-packages/airflow/example_dags/example_time_delta_sensor_async.py
[2025-11-13T06:47:23.600+0000] {processor.py:830} INFO - Processing file /home/airflow/.local/lib/python3.8/site-packages/airflow/example_dags/example_time_delta_sensor_async.py for tasks to queue
[2025-11-13T06:47:23.603+0000] {logging_mixin.py:188} INFO - [2025-11-13T06:47:23.603+0000] {dagbag.py:538} INFO - Filling up the DagBag from /home/airflow/.local/lib/python3.8/site-packages/airflow/example_dags/example_time_delta_sensor_async.py
[2025-11-13T06:47:23.611+0000] {processor.py:840} INFO - DAG(s) 'example_time_delta_sensor_async' retrieved from /home/airflow/.local/lib/python3.8/site-packages/airflow/example_dags/example_time_delta_sensor_async.py
[2025-11-13T06:47:23.643+0000] {logging_mixin.py:188} INFO - [2025-11-13T06:47:23.643+0000] {dag.py:3036} INFO - Sync 1 DAGs
[2025-11-13T06:47:23.661+0000] {logging_mixin.py:188} INFO - [2025-11-13T06:47:23.661+0000] {dag.py:3823} INFO - Setting next_dagrun for example_time_delta_sensor_async to None, run_after=None
[2025-11-13T06:47:23.696+0000] {processor.py:183} INFO - Processing /home/airflow/.local/lib/python3.8/site-packages/airflow/example_dags/example_time_delta_sensor_async.py took 0.105 seconds
[2025-11-13T06:47:55.317+0000] {processor.py:161} INFO - Started process (PID=2733) to work on /home/airflow/.local/lib/python3.8/site-packages/airflow/example_dags/example_time_delta_sensor_async.py
[2025-11-13T06:47:55.321+0000] {processor.py:830} INFO - Processing file /home/airflow/.local/lib/python3.8/site-packages/airflow/example_dags/example_time_delta_sensor_async.py for tasks to queue
[2025-11-13T06:47:55.329+0000] {logging_mixin.py:188} INFO - [2025-11-13T06:47:55.328+0000] {dagbag.py:538} INFO - Filling up the DagBag from /home/airflow/.local/lib/python3.8/site-packages/airflow/example_dags/example_time_delta_sensor_async.py
[2025-11-13T06:47:55.348+0000] {processor.py:840} INFO - DAG(s) 'example_time_delta_sensor_async' retrieved from /home/airflow/.local/lib/python3.8/site-packages/airflow/example_dags/example_time_delta_sensor_async.py
[2025-11-13T06:47:55.414+0000] {logging_mixin.py:188} INFO - [2025-11-13T06:47:55.413+0000] {dag.py:3036} INFO - Sync 1 DAGs
[2025-11-13T06:47:55.476+0000] {logging_mixin.py:188} INFO - [2025-11-13T06:47:55.475+0000] {dag.py:3823} INFO - Setting next_dagrun for example_time_delta_sensor_async to None, run_after=None
[2025-11-13T06:47:55.574+0000] {processor.py:183} INFO - Processing /home/airflow/.local/lib/python3.8/site-packages/airflow/example_dags/example_time_delta_sensor_async.py took 0.268 seconds
[2025-11-13T06:48:26.229+0000] {processor.py:161} INFO - Started process (PID=2795) to work on /home/airflow/.local/lib/python3.8/site-packages/airflow/example_dags/example_time_delta_sensor_async.py
[2025-11-13T06:48:26.231+0000] {processor.py:830} INFO - Processing file /home/airflow/.local/lib/python3.8/site-packages/airflow/example_dags/example_time_delta_sensor_async.py for tasks to queue
[2025-11-13T06:48:26.235+0000] {logging_mixin.py:188} INFO - [2025-11-13T06:48:26.235+0000] {dagbag.py:538} INFO - Filling up the DagBag from /home/airflow/.local/lib/python3.8/site-packages/airflow/example_dags/example_time_delta_sensor_async.py
[2025-11-13T06:48:26.243+0000] {processor.py:840} INFO - DAG(s) 'example_time_delta_sensor_async' retrieved from /home/airflow/.local/lib/python3.8/site-packages/airflow/example_dags/example_time_delta_sensor_async.py
[2025-11-13T06:48:26.281+0000] {logging_mixin.py:188} INFO - [2025-11-13T06:48:26.280+0000] {dag.py:3036} INFO - Sync 1 DAGs
[2025-11-13T06:48:26.308+0000] {logging_mixin.py:188} INFO - [2025-11-13T06:48:26.307+0000] {dag.py:3823} INFO - Setting next_dagrun for example_time_delta_sensor_async to None, run_after=None
[2025-11-13T06:48:26.349+0000] {processor.py:183} INFO - Processing /home/airflow/.local/lib/python3.8/site-packages/airflow/example_dags/example_time_delta_sensor_async.py took 0.125 seconds
[2025-11-13T06:48:59.547+0000] {processor.py:161} INFO - Started process (PID=2857) to work on /home/airflow/.local/lib/python3.8/site-packages/airflow/example_dags/example_time_delta_sensor_async.py
[2025-11-13T06:48:59.553+0000] {processor.py:830} INFO - Processing file /home/airflow/.local/lib/python3.8/site-packages/airflow/example_dags/example_time_delta_sensor_async.py for tasks to queue
[2025-11-13T06:48:59.573+0000] {logging_mixin.py:188} INFO - [2025-11-13T06:48:59.572+0000] {dagbag.py:538} INFO - Filling up the DagBag from /home/airflow/.local/lib/python3.8/site-packages/airflow/example_dags/example_time_delta_sensor_async.py
[2025-11-13T06:48:59.612+0000] {processor.py:840} INFO - DAG(s) 'example_time_delta_sensor_async' retrieved from /home/airflow/.local/lib/python3.8/site-packages/airflow/example_dags/example_time_delta_sensor_async.py
[2025-11-13T06:48:59.723+0000] {logging_mixin.py:188} INFO - [2025-11-13T06:48:59.722+0000] {dag.py:3036} INFO - Sync 1 DAGs
[2025-11-13T06:48:59.775+0000] {logging_mixin.py:188} INFO - [2025-11-13T06:48:59.771+0000] {dag.py:3823} INFO - Setting next_dagrun for example_time_delta_sensor_async to None, run_after=None
[2025-11-13T06:48:59.859+0000] {processor.py:183} INFO - Processing /home/airflow/.local/lib/python3.8/site-packages/airflow/example_dags/example_time_delta_sensor_async.py took 0.335 seconds
[2025-11-13T06:49:30.649+0000] {processor.py:161} INFO - Started process (PID=2917) to work on /home/airflow/.local/lib/python3.8/site-packages/airflow/example_dags/example_time_delta_sensor_async.py
[2025-11-13T06:49:30.651+0000] {processor.py:830} INFO - Processing file /home/airflow/.local/lib/python3.8/site-packages/airflow/example_dags/example_time_delta_sensor_async.py for tasks to queue
[2025-11-13T06:49:30.655+0000] {logging_mixin.py:188} INFO - [2025-11-13T06:49:30.654+0000] {dagbag.py:538} INFO - Filling up the DagBag from /home/airflow/.local/lib/python3.8/site-packages/airflow/example_dags/example_time_delta_sensor_async.py
[2025-11-13T06:49:30.662+0000] {processor.py:840} INFO - DAG(s) 'example_time_delta_sensor_async' retrieved from /home/airflow/.local/lib/python3.8/site-packages/airflow/example_dags/example_time_delta_sensor_async.py
[2025-11-13T06:49:30.699+0000] {logging_mixin.py:188} INFO - [2025-11-13T06:49:30.698+0000] {dag.py:3036} INFO - Sync 1 DAGs
[2025-11-13T06:49:30.725+0000] {logging_mixin.py:188} INFO - [2025-11-13T06:49:30.724+0000] {dag.py:3823} INFO - Setting next_dagrun for example_time_delta_sensor_async to None, run_after=None
[2025-11-13T06:49:30.764+0000] {processor.py:183} INFO - Processing /home/airflow/.local/lib/python3.8/site-packages/airflow/example_dags/example_time_delta_sensor_async.py took 0.122 seconds
