[2025-11-13T06:26:15.275+0000] {processor.py:161} INFO - Started process (PID=90) to work on /home/airflow/.local/lib/python3.8/site-packages/airflow/example_dags/example_trigger_target_dag.py
[2025-11-13T06:26:15.278+0000] {processor.py:830} INFO - Processing file /home/airflow/.local/lib/python3.8/site-packages/airflow/example_dags/example_trigger_target_dag.py for tasks to queue
[2025-11-13T06:26:15.284+0000] {logging_mixin.py:188} INFO - [2025-11-13T06:26:15.283+0000] {dagbag.py:538} INFO - Filling up the DagBag from /home/airflow/.local/lib/python3.8/site-packages/airflow/example_dags/example_trigger_target_dag.py
[2025-11-13T06:26:15.335+0000] {processor.py:840} INFO - DAG(s) 'example_trigger_target_dag' retrieved from /home/airflow/.local/lib/python3.8/site-packages/airflow/example_dags/example_trigger_target_dag.py
[2025-11-13T06:26:15.404+0000] {logging_mixin.py:188} INFO - [2025-11-13T06:26:15.403+0000] {dag.py:3036} INFO - Sync 1 DAGs
[2025-11-13T06:26:15.503+0000] {logging_mixin.py:188} INFO - [2025-11-13T06:26:15.502+0000] {dag.py:3823} INFO - Setting next_dagrun for example_trigger_target_dag to None, run_after=None
[2025-11-13T06:26:15.647+0000] {processor.py:183} INFO - Processing /home/airflow/.local/lib/python3.8/site-packages/airflow/example_dags/example_trigger_target_dag.py took 0.391 seconds
[2025-11-13T06:26:46.177+0000] {processor.py:161} INFO - Started process (PID=152) to work on /home/airflow/.local/lib/python3.8/site-packages/airflow/example_dags/example_trigger_target_dag.py
[2025-11-13T06:26:46.179+0000] {processor.py:830} INFO - Processing file /home/airflow/.local/lib/python3.8/site-packages/airflow/example_dags/example_trigger_target_dag.py for tasks to queue
[2025-11-13T06:26:46.183+0000] {logging_mixin.py:188} INFO - [2025-11-13T06:26:46.182+0000] {dagbag.py:538} INFO - Filling up the DagBag from /home/airflow/.local/lib/python3.8/site-packages/airflow/example_dags/example_trigger_target_dag.py
[2025-11-13T06:26:46.193+0000] {processor.py:840} INFO - DAG(s) 'example_trigger_target_dag' retrieved from /home/airflow/.local/lib/python3.8/site-packages/airflow/example_dags/example_trigger_target_dag.py
[2025-11-13T06:26:46.345+0000] {logging_mixin.py:188} INFO - [2025-11-13T06:26:46.344+0000] {dag.py:3036} INFO - Sync 1 DAGs
[2025-11-13T06:26:46.361+0000] {logging_mixin.py:188} INFO - [2025-11-13T06:26:46.361+0000] {dag.py:3823} INFO - Setting next_dagrun for example_trigger_target_dag to None, run_after=None
[2025-11-13T06:26:46.403+0000] {processor.py:183} INFO - Processing /home/airflow/.local/lib/python3.8/site-packages/airflow/example_dags/example_trigger_target_dag.py took 0.231 seconds
[2025-11-13T06:27:16.490+0000] {processor.py:161} INFO - Started process (PID=214) to work on /home/airflow/.local/lib/python3.8/site-packages/airflow/example_dags/example_trigger_target_dag.py
[2025-11-13T06:27:16.492+0000] {processor.py:830} INFO - Processing file /home/airflow/.local/lib/python3.8/site-packages/airflow/example_dags/example_trigger_target_dag.py for tasks to queue
[2025-11-13T06:27:16.496+0000] {logging_mixin.py:188} INFO - [2025-11-13T06:27:16.495+0000] {dagbag.py:538} INFO - Filling up the DagBag from /home/airflow/.local/lib/python3.8/site-packages/airflow/example_dags/example_trigger_target_dag.py
[2025-11-13T06:27:16.507+0000] {processor.py:840} INFO - DAG(s) 'example_trigger_target_dag' retrieved from /home/airflow/.local/lib/python3.8/site-packages/airflow/example_dags/example_trigger_target_dag.py
[2025-11-13T06:27:16.540+0000] {logging_mixin.py:188} INFO - [2025-11-13T06:27:16.540+0000] {dag.py:3036} INFO - Sync 1 DAGs
[2025-11-13T06:27:16.559+0000] {logging_mixin.py:188} INFO - [2025-11-13T06:27:16.559+0000] {dag.py:3823} INFO - Setting next_dagrun for example_trigger_target_dag to None, run_after=None
[2025-11-13T06:27:16.588+0000] {processor.py:183} INFO - Processing /home/airflow/.local/lib/python3.8/site-packages/airflow/example_dags/example_trigger_target_dag.py took 0.104 seconds
[2025-11-13T06:27:47.411+0000] {processor.py:161} INFO - Started process (PID=276) to work on /home/airflow/.local/lib/python3.8/site-packages/airflow/example_dags/example_trigger_target_dag.py
[2025-11-13T06:27:47.413+0000] {processor.py:830} INFO - Processing file /home/airflow/.local/lib/python3.8/site-packages/airflow/example_dags/example_trigger_target_dag.py for tasks to queue
[2025-11-13T06:27:47.417+0000] {logging_mixin.py:188} INFO - [2025-11-13T06:27:47.417+0000] {dagbag.py:538} INFO - Filling up the DagBag from /home/airflow/.local/lib/python3.8/site-packages/airflow/example_dags/example_trigger_target_dag.py
[2025-11-13T06:27:47.429+0000] {processor.py:840} INFO - DAG(s) 'example_trigger_target_dag' retrieved from /home/airflow/.local/lib/python3.8/site-packages/airflow/example_dags/example_trigger_target_dag.py
[2025-11-13T06:27:47.465+0000] {logging_mixin.py:188} INFO - [2025-11-13T06:27:47.464+0000] {dag.py:3036} INFO - Sync 1 DAGs
[2025-11-13T06:27:47.487+0000] {logging_mixin.py:188} INFO - [2025-11-13T06:27:47.486+0000] {dag.py:3823} INFO - Setting next_dagrun for example_trigger_target_dag to None, run_after=None
[2025-11-13T06:27:47.521+0000] {processor.py:183} INFO - Processing /home/airflow/.local/lib/python3.8/site-packages/airflow/example_dags/example_trigger_target_dag.py took 0.116 seconds
[2025-11-13T06:28:17.666+0000] {processor.py:161} INFO - Started process (PID=338) to work on /home/airflow/.local/lib/python3.8/site-packages/airflow/example_dags/example_trigger_target_dag.py
[2025-11-13T06:28:17.668+0000] {processor.py:830} INFO - Processing file /home/airflow/.local/lib/python3.8/site-packages/airflow/example_dags/example_trigger_target_dag.py for tasks to queue
[2025-11-13T06:28:17.671+0000] {logging_mixin.py:188} INFO - [2025-11-13T06:28:17.670+0000] {dagbag.py:538} INFO - Filling up the DagBag from /home/airflow/.local/lib/python3.8/site-packages/airflow/example_dags/example_trigger_target_dag.py
[2025-11-13T06:28:17.678+0000] {processor.py:840} INFO - DAG(s) 'example_trigger_target_dag' retrieved from /home/airflow/.local/lib/python3.8/site-packages/airflow/example_dags/example_trigger_target_dag.py
[2025-11-13T06:28:17.702+0000] {logging_mixin.py:188} INFO - [2025-11-13T06:28:17.701+0000] {dag.py:3036} INFO - Sync 1 DAGs
[2025-11-13T06:28:17.718+0000] {logging_mixin.py:188} INFO - [2025-11-13T06:28:17.718+0000] {dag.py:3823} INFO - Setting next_dagrun for example_trigger_target_dag to None, run_after=None
[2025-11-13T06:28:17.743+0000] {processor.py:183} INFO - Processing /home/airflow/.local/lib/python3.8/site-packages/airflow/example_dags/example_trigger_target_dag.py took 0.081 seconds
[2025-11-13T06:28:47.890+0000] {processor.py:161} INFO - Started process (PID=401) to work on /home/airflow/.local/lib/python3.8/site-packages/airflow/example_dags/example_trigger_target_dag.py
[2025-11-13T06:28:47.892+0000] {processor.py:830} INFO - Processing file /home/airflow/.local/lib/python3.8/site-packages/airflow/example_dags/example_trigger_target_dag.py for tasks to queue
[2025-11-13T06:28:47.894+0000] {logging_mixin.py:188} INFO - [2025-11-13T06:28:47.894+0000] {dagbag.py:538} INFO - Filling up the DagBag from /home/airflow/.local/lib/python3.8/site-packages/airflow/example_dags/example_trigger_target_dag.py
[2025-11-13T06:28:47.902+0000] {processor.py:840} INFO - DAG(s) 'example_trigger_target_dag' retrieved from /home/airflow/.local/lib/python3.8/site-packages/airflow/example_dags/example_trigger_target_dag.py
[2025-11-13T06:28:47.926+0000] {logging_mixin.py:188} INFO - [2025-11-13T06:28:47.925+0000] {dag.py:3036} INFO - Sync 1 DAGs
[2025-11-13T06:28:47.940+0000] {logging_mixin.py:188} INFO - [2025-11-13T06:28:47.940+0000] {dag.py:3823} INFO - Setting next_dagrun for example_trigger_target_dag to None, run_after=None
[2025-11-13T06:28:47.965+0000] {processor.py:183} INFO - Processing /home/airflow/.local/lib/python3.8/site-packages/airflow/example_dags/example_trigger_target_dag.py took 0.079 seconds
[2025-11-13T06:29:18.560+0000] {processor.py:161} INFO - Started process (PID=463) to work on /home/airflow/.local/lib/python3.8/site-packages/airflow/example_dags/example_trigger_target_dag.py
[2025-11-13T06:29:18.561+0000] {processor.py:830} INFO - Processing file /home/airflow/.local/lib/python3.8/site-packages/airflow/example_dags/example_trigger_target_dag.py for tasks to queue
[2025-11-13T06:29:18.564+0000] {logging_mixin.py:188} INFO - [2025-11-13T06:29:18.564+0000] {dagbag.py:538} INFO - Filling up the DagBag from /home/airflow/.local/lib/python3.8/site-packages/airflow/example_dags/example_trigger_target_dag.py
[2025-11-13T06:29:18.571+0000] {processor.py:840} INFO - DAG(s) 'example_trigger_target_dag' retrieved from /home/airflow/.local/lib/python3.8/site-packages/airflow/example_dags/example_trigger_target_dag.py
[2025-11-13T06:29:18.596+0000] {logging_mixin.py:188} INFO - [2025-11-13T06:29:18.596+0000] {dag.py:3036} INFO - Sync 1 DAGs
[2025-11-13T06:29:18.614+0000] {logging_mixin.py:188} INFO - [2025-11-13T06:29:18.613+0000] {dag.py:3823} INFO - Setting next_dagrun for example_trigger_target_dag to None, run_after=None
[2025-11-13T06:29:18.642+0000] {processor.py:183} INFO - Processing /home/airflow/.local/lib/python3.8/site-packages/airflow/example_dags/example_trigger_target_dag.py took 0.086 seconds
[2025-11-13T06:29:49.138+0000] {processor.py:161} INFO - Started process (PID=525) to work on /home/airflow/.local/lib/python3.8/site-packages/airflow/example_dags/example_trigger_target_dag.py
[2025-11-13T06:29:49.141+0000] {processor.py:830} INFO - Processing file /home/airflow/.local/lib/python3.8/site-packages/airflow/example_dags/example_trigger_target_dag.py for tasks to queue
[2025-11-13T06:29:49.146+0000] {logging_mixin.py:188} INFO - [2025-11-13T06:29:49.146+0000] {dagbag.py:538} INFO - Filling up the DagBag from /home/airflow/.local/lib/python3.8/site-packages/airflow/example_dags/example_trigger_target_dag.py
[2025-11-13T06:29:49.165+0000] {processor.py:840} INFO - DAG(s) 'example_trigger_target_dag' retrieved from /home/airflow/.local/lib/python3.8/site-packages/airflow/example_dags/example_trigger_target_dag.py
[2025-11-13T06:29:49.235+0000] {logging_mixin.py:188} INFO - [2025-11-13T06:29:49.234+0000] {dag.py:3036} INFO - Sync 1 DAGs
[2025-11-13T06:29:49.276+0000] {logging_mixin.py:188} INFO - [2025-11-13T06:29:49.275+0000] {dag.py:3823} INFO - Setting next_dagrun for example_trigger_target_dag to None, run_after=None
[2025-11-13T06:29:49.345+0000] {processor.py:183} INFO - Processing /home/airflow/.local/lib/python3.8/site-packages/airflow/example_dags/example_trigger_target_dag.py took 0.219 seconds
[2025-11-13T06:30:19.716+0000] {processor.py:161} INFO - Started process (PID=587) to work on /home/airflow/.local/lib/python3.8/site-packages/airflow/example_dags/example_trigger_target_dag.py
[2025-11-13T06:30:19.718+0000] {processor.py:830} INFO - Processing file /home/airflow/.local/lib/python3.8/site-packages/airflow/example_dags/example_trigger_target_dag.py for tasks to queue
[2025-11-13T06:30:19.721+0000] {logging_mixin.py:188} INFO - [2025-11-13T06:30:19.720+0000] {dagbag.py:538} INFO - Filling up the DagBag from /home/airflow/.local/lib/python3.8/site-packages/airflow/example_dags/example_trigger_target_dag.py
[2025-11-13T06:30:19.730+0000] {processor.py:840} INFO - DAG(s) 'example_trigger_target_dag' retrieved from /home/airflow/.local/lib/python3.8/site-packages/airflow/example_dags/example_trigger_target_dag.py
[2025-11-13T06:30:19.754+0000] {logging_mixin.py:188} INFO - [2025-11-13T06:30:19.754+0000] {dag.py:3036} INFO - Sync 1 DAGs
[2025-11-13T06:30:19.769+0000] {logging_mixin.py:188} INFO - [2025-11-13T06:30:19.769+0000] {dag.py:3823} INFO - Setting next_dagrun for example_trigger_target_dag to None, run_after=None
[2025-11-13T06:30:19.794+0000] {processor.py:183} INFO - Processing /home/airflow/.local/lib/python3.8/site-packages/airflow/example_dags/example_trigger_target_dag.py took 0.082 seconds
[2025-11-13T06:30:50.860+0000] {processor.py:161} INFO - Started process (PID=649) to work on /home/airflow/.local/lib/python3.8/site-packages/airflow/example_dags/example_trigger_target_dag.py
[2025-11-13T06:30:50.862+0000] {processor.py:830} INFO - Processing file /home/airflow/.local/lib/python3.8/site-packages/airflow/example_dags/example_trigger_target_dag.py for tasks to queue
[2025-11-13T06:30:50.866+0000] {logging_mixin.py:188} INFO - [2025-11-13T06:30:50.865+0000] {dagbag.py:538} INFO - Filling up the DagBag from /home/airflow/.local/lib/python3.8/site-packages/airflow/example_dags/example_trigger_target_dag.py
[2025-11-13T06:30:50.879+0000] {processor.py:840} INFO - DAG(s) 'example_trigger_target_dag' retrieved from /home/airflow/.local/lib/python3.8/site-packages/airflow/example_dags/example_trigger_target_dag.py
[2025-11-13T06:30:50.918+0000] {logging_mixin.py:188} INFO - [2025-11-13T06:30:50.917+0000] {dag.py:3036} INFO - Sync 1 DAGs
[2025-11-13T06:30:50.949+0000] {logging_mixin.py:188} INFO - [2025-11-13T06:30:50.948+0000] {dag.py:3823} INFO - Setting next_dagrun for example_trigger_target_dag to None, run_after=None
[2025-11-13T06:30:50.986+0000] {processor.py:183} INFO - Processing /home/airflow/.local/lib/python3.8/site-packages/airflow/example_dags/example_trigger_target_dag.py took 0.133 seconds
[2025-11-13T06:31:21.099+0000] {processor.py:161} INFO - Started process (PID=711) to work on /home/airflow/.local/lib/python3.8/site-packages/airflow/example_dags/example_trigger_target_dag.py
[2025-11-13T06:31:21.101+0000] {processor.py:830} INFO - Processing file /home/airflow/.local/lib/python3.8/site-packages/airflow/example_dags/example_trigger_target_dag.py for tasks to queue
[2025-11-13T06:31:21.104+0000] {logging_mixin.py:188} INFO - [2025-11-13T06:31:21.104+0000] {dagbag.py:538} INFO - Filling up the DagBag from /home/airflow/.local/lib/python3.8/site-packages/airflow/example_dags/example_trigger_target_dag.py
[2025-11-13T06:31:21.113+0000] {processor.py:840} INFO - DAG(s) 'example_trigger_target_dag' retrieved from /home/airflow/.local/lib/python3.8/site-packages/airflow/example_dags/example_trigger_target_dag.py
[2025-11-13T06:31:21.142+0000] {logging_mixin.py:188} INFO - [2025-11-13T06:31:21.142+0000] {dag.py:3036} INFO - Sync 1 DAGs
[2025-11-13T06:31:21.160+0000] {logging_mixin.py:188} INFO - [2025-11-13T06:31:21.160+0000] {dag.py:3823} INFO - Setting next_dagrun for example_trigger_target_dag to None, run_after=None
[2025-11-13T06:31:21.189+0000] {processor.py:183} INFO - Processing /home/airflow/.local/lib/python3.8/site-packages/airflow/example_dags/example_trigger_target_dag.py took 0.095 seconds
[2025-11-13T06:31:51.697+0000] {processor.py:161} INFO - Started process (PID=773) to work on /home/airflow/.local/lib/python3.8/site-packages/airflow/example_dags/example_trigger_target_dag.py
[2025-11-13T06:31:51.699+0000] {processor.py:830} INFO - Processing file /home/airflow/.local/lib/python3.8/site-packages/airflow/example_dags/example_trigger_target_dag.py for tasks to queue
[2025-11-13T06:31:51.702+0000] {logging_mixin.py:188} INFO - [2025-11-13T06:31:51.702+0000] {dagbag.py:538} INFO - Filling up the DagBag from /home/airflow/.local/lib/python3.8/site-packages/airflow/example_dags/example_trigger_target_dag.py
[2025-11-13T06:31:51.713+0000] {processor.py:840} INFO - DAG(s) 'example_trigger_target_dag' retrieved from /home/airflow/.local/lib/python3.8/site-packages/airflow/example_dags/example_trigger_target_dag.py
[2025-11-13T06:31:51.744+0000] {logging_mixin.py:188} INFO - [2025-11-13T06:31:51.744+0000] {dag.py:3036} INFO - Sync 1 DAGs
[2025-11-13T06:31:51.776+0000] {logging_mixin.py:188} INFO - [2025-11-13T06:31:51.776+0000] {dag.py:3823} INFO - Setting next_dagrun for example_trigger_target_dag to None, run_after=None
[2025-11-13T06:31:51.822+0000] {processor.py:183} INFO - Processing /home/airflow/.local/lib/python3.8/site-packages/airflow/example_dags/example_trigger_target_dag.py took 0.130 seconds
[2025-11-13T06:32:22.513+0000] {processor.py:161} INFO - Started process (PID=835) to work on /home/airflow/.local/lib/python3.8/site-packages/airflow/example_dags/example_trigger_target_dag.py
[2025-11-13T06:32:22.515+0000] {processor.py:830} INFO - Processing file /home/airflow/.local/lib/python3.8/site-packages/airflow/example_dags/example_trigger_target_dag.py for tasks to queue
[2025-11-13T06:32:22.518+0000] {logging_mixin.py:188} INFO - [2025-11-13T06:32:22.517+0000] {dagbag.py:538} INFO - Filling up the DagBag from /home/airflow/.local/lib/python3.8/site-packages/airflow/example_dags/example_trigger_target_dag.py
[2025-11-13T06:32:22.527+0000] {processor.py:840} INFO - DAG(s) 'example_trigger_target_dag' retrieved from /home/airflow/.local/lib/python3.8/site-packages/airflow/example_dags/example_trigger_target_dag.py
[2025-11-13T06:32:22.556+0000] {logging_mixin.py:188} INFO - [2025-11-13T06:32:22.555+0000] {dag.py:3036} INFO - Sync 1 DAGs
[2025-11-13T06:32:22.573+0000] {logging_mixin.py:188} INFO - [2025-11-13T06:32:22.573+0000] {dag.py:3823} INFO - Setting next_dagrun for example_trigger_target_dag to None, run_after=None
[2025-11-13T06:32:22.601+0000] {processor.py:183} INFO - Processing /home/airflow/.local/lib/python3.8/site-packages/airflow/example_dags/example_trigger_target_dag.py took 0.092 seconds
[2025-11-13T06:32:52.740+0000] {processor.py:161} INFO - Started process (PID=897) to work on /home/airflow/.local/lib/python3.8/site-packages/airflow/example_dags/example_trigger_target_dag.py
[2025-11-13T06:32:52.744+0000] {processor.py:830} INFO - Processing file /home/airflow/.local/lib/python3.8/site-packages/airflow/example_dags/example_trigger_target_dag.py for tasks to queue
[2025-11-13T06:32:52.748+0000] {logging_mixin.py:188} INFO - [2025-11-13T06:32:52.747+0000] {dagbag.py:538} INFO - Filling up the DagBag from /home/airflow/.local/lib/python3.8/site-packages/airflow/example_dags/example_trigger_target_dag.py
[2025-11-13T06:32:52.761+0000] {processor.py:840} INFO - DAG(s) 'example_trigger_target_dag' retrieved from /home/airflow/.local/lib/python3.8/site-packages/airflow/example_dags/example_trigger_target_dag.py
[2025-11-13T06:32:52.796+0000] {logging_mixin.py:188} INFO - [2025-11-13T06:32:52.795+0000] {dag.py:3036} INFO - Sync 1 DAGs
[2025-11-13T06:32:52.819+0000] {logging_mixin.py:188} INFO - [2025-11-13T06:32:52.818+0000] {dag.py:3823} INFO - Setting next_dagrun for example_trigger_target_dag to None, run_after=None
[2025-11-13T06:32:52.855+0000] {processor.py:183} INFO - Processing /home/airflow/.local/lib/python3.8/site-packages/airflow/example_dags/example_trigger_target_dag.py took 0.121 seconds
[2025-11-13T06:33:23.374+0000] {processor.py:161} INFO - Started process (PID=959) to work on /home/airflow/.local/lib/python3.8/site-packages/airflow/example_dags/example_trigger_target_dag.py
[2025-11-13T06:33:23.375+0000] {processor.py:830} INFO - Processing file /home/airflow/.local/lib/python3.8/site-packages/airflow/example_dags/example_trigger_target_dag.py for tasks to queue
[2025-11-13T06:33:23.378+0000] {logging_mixin.py:188} INFO - [2025-11-13T06:33:23.378+0000] {dagbag.py:538} INFO - Filling up the DagBag from /home/airflow/.local/lib/python3.8/site-packages/airflow/example_dags/example_trigger_target_dag.py
[2025-11-13T06:33:23.385+0000] {processor.py:840} INFO - DAG(s) 'example_trigger_target_dag' retrieved from /home/airflow/.local/lib/python3.8/site-packages/airflow/example_dags/example_trigger_target_dag.py
[2025-11-13T06:33:23.409+0000] {logging_mixin.py:188} INFO - [2025-11-13T06:33:23.409+0000] {dag.py:3036} INFO - Sync 1 DAGs
[2025-11-13T06:33:23.423+0000] {logging_mixin.py:188} INFO - [2025-11-13T06:33:23.423+0000] {dag.py:3823} INFO - Setting next_dagrun for example_trigger_target_dag to None, run_after=None
[2025-11-13T06:33:23.448+0000] {processor.py:183} INFO - Processing /home/airflow/.local/lib/python3.8/site-packages/airflow/example_dags/example_trigger_target_dag.py took 0.078 seconds
[2025-11-13T06:33:53.636+0000] {processor.py:161} INFO - Started process (PID=1021) to work on /home/airflow/.local/lib/python3.8/site-packages/airflow/example_dags/example_trigger_target_dag.py
[2025-11-13T06:33:53.638+0000] {processor.py:830} INFO - Processing file /home/airflow/.local/lib/python3.8/site-packages/airflow/example_dags/example_trigger_target_dag.py for tasks to queue
[2025-11-13T06:33:53.642+0000] {logging_mixin.py:188} INFO - [2025-11-13T06:33:53.642+0000] {dagbag.py:538} INFO - Filling up the DagBag from /home/airflow/.local/lib/python3.8/site-packages/airflow/example_dags/example_trigger_target_dag.py
[2025-11-13T06:33:53.652+0000] {processor.py:840} INFO - DAG(s) 'example_trigger_target_dag' retrieved from /home/airflow/.local/lib/python3.8/site-packages/airflow/example_dags/example_trigger_target_dag.py
[2025-11-13T06:33:53.684+0000] {logging_mixin.py:188} INFO - [2025-11-13T06:33:53.684+0000] {dag.py:3036} INFO - Sync 1 DAGs
[2025-11-13T06:33:53.703+0000] {logging_mixin.py:188} INFO - [2025-11-13T06:33:53.703+0000] {dag.py:3823} INFO - Setting next_dagrun for example_trigger_target_dag to None, run_after=None
[2025-11-13T06:33:53.734+0000] {processor.py:183} INFO - Processing /home/airflow/.local/lib/python3.8/site-packages/airflow/example_dags/example_trigger_target_dag.py took 0.106 seconds
[2025-11-13T06:34:23.844+0000] {processor.py:161} INFO - Started process (PID=1083) to work on /home/airflow/.local/lib/python3.8/site-packages/airflow/example_dags/example_trigger_target_dag.py
[2025-11-13T06:34:23.846+0000] {processor.py:830} INFO - Processing file /home/airflow/.local/lib/python3.8/site-packages/airflow/example_dags/example_trigger_target_dag.py for tasks to queue
[2025-11-13T06:34:23.848+0000] {logging_mixin.py:188} INFO - [2025-11-13T06:34:23.848+0000] {dagbag.py:538} INFO - Filling up the DagBag from /home/airflow/.local/lib/python3.8/site-packages/airflow/example_dags/example_trigger_target_dag.py
[2025-11-13T06:34:23.855+0000] {processor.py:840} INFO - DAG(s) 'example_trigger_target_dag' retrieved from /home/airflow/.local/lib/python3.8/site-packages/airflow/example_dags/example_trigger_target_dag.py
[2025-11-13T06:34:23.880+0000] {logging_mixin.py:188} INFO - [2025-11-13T06:34:23.880+0000] {dag.py:3036} INFO - Sync 1 DAGs
[2025-11-13T06:34:23.895+0000] {logging_mixin.py:188} INFO - [2025-11-13T06:34:23.894+0000] {dag.py:3823} INFO - Setting next_dagrun for example_trigger_target_dag to None, run_after=None
[2025-11-13T06:34:23.919+0000] {processor.py:183} INFO - Processing /home/airflow/.local/lib/python3.8/site-packages/airflow/example_dags/example_trigger_target_dag.py took 0.079 seconds
[2025-11-13T06:34:54.350+0000] {processor.py:161} INFO - Started process (PID=1145) to work on /home/airflow/.local/lib/python3.8/site-packages/airflow/example_dags/example_trigger_target_dag.py
[2025-11-13T06:34:54.353+0000] {processor.py:830} INFO - Processing file /home/airflow/.local/lib/python3.8/site-packages/airflow/example_dags/example_trigger_target_dag.py for tasks to queue
[2025-11-13T06:34:54.358+0000] {logging_mixin.py:188} INFO - [2025-11-13T06:34:54.358+0000] {dagbag.py:538} INFO - Filling up the DagBag from /home/airflow/.local/lib/python3.8/site-packages/airflow/example_dags/example_trigger_target_dag.py
[2025-11-13T06:34:54.368+0000] {processor.py:840} INFO - DAG(s) 'example_trigger_target_dag' retrieved from /home/airflow/.local/lib/python3.8/site-packages/airflow/example_dags/example_trigger_target_dag.py
[2025-11-13T06:34:54.406+0000] {logging_mixin.py:188} INFO - [2025-11-13T06:34:54.406+0000] {dag.py:3036} INFO - Sync 1 DAGs
[2025-11-13T06:34:54.425+0000] {logging_mixin.py:188} INFO - [2025-11-13T06:34:54.425+0000] {dag.py:3823} INFO - Setting next_dagrun for example_trigger_target_dag to None, run_after=None
[2025-11-13T06:34:54.457+0000] {processor.py:183} INFO - Processing /home/airflow/.local/lib/python3.8/site-packages/airflow/example_dags/example_trigger_target_dag.py took 0.112 seconds
[2025-11-13T06:35:24.937+0000] {processor.py:161} INFO - Started process (PID=1207) to work on /home/airflow/.local/lib/python3.8/site-packages/airflow/example_dags/example_trigger_target_dag.py
[2025-11-13T06:35:24.939+0000] {processor.py:830} INFO - Processing file /home/airflow/.local/lib/python3.8/site-packages/airflow/example_dags/example_trigger_target_dag.py for tasks to queue
[2025-11-13T06:35:24.942+0000] {logging_mixin.py:188} INFO - [2025-11-13T06:35:24.941+0000] {dagbag.py:538} INFO - Filling up the DagBag from /home/airflow/.local/lib/python3.8/site-packages/airflow/example_dags/example_trigger_target_dag.py
[2025-11-13T06:35:24.949+0000] {processor.py:840} INFO - DAG(s) 'example_trigger_target_dag' retrieved from /home/airflow/.local/lib/python3.8/site-packages/airflow/example_dags/example_trigger_target_dag.py
[2025-11-13T06:35:24.976+0000] {logging_mixin.py:188} INFO - [2025-11-13T06:35:24.976+0000] {dag.py:3036} INFO - Sync 1 DAGs
[2025-11-13T06:35:24.991+0000] {logging_mixin.py:188} INFO - [2025-11-13T06:35:24.991+0000] {dag.py:3823} INFO - Setting next_dagrun for example_trigger_target_dag to None, run_after=None
[2025-11-13T06:35:25.018+0000] {processor.py:183} INFO - Processing /home/airflow/.local/lib/python3.8/site-packages/airflow/example_dags/example_trigger_target_dag.py took 0.087 seconds
[2025-11-13T06:35:55.752+0000] {processor.py:161} INFO - Started process (PID=1269) to work on /home/airflow/.local/lib/python3.8/site-packages/airflow/example_dags/example_trigger_target_dag.py
[2025-11-13T06:35:55.754+0000] {processor.py:830} INFO - Processing file /home/airflow/.local/lib/python3.8/site-packages/airflow/example_dags/example_trigger_target_dag.py for tasks to queue
[2025-11-13T06:35:55.757+0000] {logging_mixin.py:188} INFO - [2025-11-13T06:35:55.756+0000] {dagbag.py:538} INFO - Filling up the DagBag from /home/airflow/.local/lib/python3.8/site-packages/airflow/example_dags/example_trigger_target_dag.py
[2025-11-13T06:35:55.766+0000] {processor.py:840} INFO - DAG(s) 'example_trigger_target_dag' retrieved from /home/airflow/.local/lib/python3.8/site-packages/airflow/example_dags/example_trigger_target_dag.py
[2025-11-13T06:35:55.798+0000] {logging_mixin.py:188} INFO - [2025-11-13T06:35:55.798+0000] {dag.py:3036} INFO - Sync 1 DAGs
[2025-11-13T06:35:55.834+0000] {logging_mixin.py:188} INFO - [2025-11-13T06:35:55.833+0000] {dag.py:3823} INFO - Setting next_dagrun for example_trigger_target_dag to None, run_after=None
[2025-11-13T06:35:55.936+0000] {processor.py:183} INFO - Processing /home/airflow/.local/lib/python3.8/site-packages/airflow/example_dags/example_trigger_target_dag.py took 0.190 seconds
[2025-11-13T06:36:26.461+0000] {processor.py:161} INFO - Started process (PID=1331) to work on /home/airflow/.local/lib/python3.8/site-packages/airflow/example_dags/example_trigger_target_dag.py
[2025-11-13T06:36:26.464+0000] {processor.py:830} INFO - Processing file /home/airflow/.local/lib/python3.8/site-packages/airflow/example_dags/example_trigger_target_dag.py for tasks to queue
[2025-11-13T06:36:26.471+0000] {logging_mixin.py:188} INFO - [2025-11-13T06:36:26.470+0000] {dagbag.py:538} INFO - Filling up the DagBag from /home/airflow/.local/lib/python3.8/site-packages/airflow/example_dags/example_trigger_target_dag.py
[2025-11-13T06:36:26.496+0000] {processor.py:840} INFO - DAG(s) 'example_trigger_target_dag' retrieved from /home/airflow/.local/lib/python3.8/site-packages/airflow/example_dags/example_trigger_target_dag.py
[2025-11-13T06:36:26.562+0000] {logging_mixin.py:188} INFO - [2025-11-13T06:36:26.562+0000] {dag.py:3036} INFO - Sync 1 DAGs
[2025-11-13T06:36:26.616+0000] {logging_mixin.py:188} INFO - [2025-11-13T06:36:26.616+0000] {dag.py:3823} INFO - Setting next_dagrun for example_trigger_target_dag to None, run_after=None
[2025-11-13T06:36:26.701+0000] {processor.py:183} INFO - Processing /home/airflow/.local/lib/python3.8/site-packages/airflow/example_dags/example_trigger_target_dag.py took 0.252 seconds
[2025-11-13T06:36:56.844+0000] {processor.py:161} INFO - Started process (PID=1394) to work on /home/airflow/.local/lib/python3.8/site-packages/airflow/example_dags/example_trigger_target_dag.py
[2025-11-13T06:36:56.846+0000] {processor.py:830} INFO - Processing file /home/airflow/.local/lib/python3.8/site-packages/airflow/example_dags/example_trigger_target_dag.py for tasks to queue
[2025-11-13T06:36:56.850+0000] {logging_mixin.py:188} INFO - [2025-11-13T06:36:56.849+0000] {dagbag.py:538} INFO - Filling up the DagBag from /home/airflow/.local/lib/python3.8/site-packages/airflow/example_dags/example_trigger_target_dag.py
[2025-11-13T06:36:56.863+0000] {processor.py:840} INFO - DAG(s) 'example_trigger_target_dag' retrieved from /home/airflow/.local/lib/python3.8/site-packages/airflow/example_dags/example_trigger_target_dag.py
[2025-11-13T06:36:56.903+0000] {logging_mixin.py:188} INFO - [2025-11-13T06:36:56.903+0000] {dag.py:3036} INFO - Sync 1 DAGs
[2025-11-13T06:36:56.927+0000] {logging_mixin.py:188} INFO - [2025-11-13T06:36:56.926+0000] {dag.py:3823} INFO - Setting next_dagrun for example_trigger_target_dag to None, run_after=None
[2025-11-13T06:36:56.964+0000] {processor.py:183} INFO - Processing /home/airflow/.local/lib/python3.8/site-packages/airflow/example_dags/example_trigger_target_dag.py took 0.127 seconds
[2025-11-13T06:37:27.228+0000] {processor.py:161} INFO - Started process (PID=1456) to work on /home/airflow/.local/lib/python3.8/site-packages/airflow/example_dags/example_trigger_target_dag.py
[2025-11-13T06:37:27.236+0000] {processor.py:830} INFO - Processing file /home/airflow/.local/lib/python3.8/site-packages/airflow/example_dags/example_trigger_target_dag.py for tasks to queue
[2025-11-13T06:37:27.245+0000] {logging_mixin.py:188} INFO - [2025-11-13T06:37:27.243+0000] {dagbag.py:538} INFO - Filling up the DagBag from /home/airflow/.local/lib/python3.8/site-packages/airflow/example_dags/example_trigger_target_dag.py
[2025-11-13T06:37:27.276+0000] {processor.py:840} INFO - DAG(s) 'example_trigger_target_dag' retrieved from /home/airflow/.local/lib/python3.8/site-packages/airflow/example_dags/example_trigger_target_dag.py
[2025-11-13T06:37:27.323+0000] {logging_mixin.py:188} INFO - [2025-11-13T06:37:27.323+0000] {dag.py:3036} INFO - Sync 1 DAGs
[2025-11-13T06:37:27.349+0000] {logging_mixin.py:188} INFO - [2025-11-13T06:37:27.349+0000] {dag.py:3823} INFO - Setting next_dagrun for example_trigger_target_dag to None, run_after=None
[2025-11-13T06:37:27.386+0000] {processor.py:183} INFO - Processing /home/airflow/.local/lib/python3.8/site-packages/airflow/example_dags/example_trigger_target_dag.py took 0.174 seconds
[2025-11-13T06:37:57.845+0000] {processor.py:161} INFO - Started process (PID=1517) to work on /home/airflow/.local/lib/python3.8/site-packages/airflow/example_dags/example_trigger_target_dag.py
[2025-11-13T06:37:57.848+0000] {processor.py:830} INFO - Processing file /home/airflow/.local/lib/python3.8/site-packages/airflow/example_dags/example_trigger_target_dag.py for tasks to queue
[2025-11-13T06:37:57.866+0000] {logging_mixin.py:188} INFO - [2025-11-13T06:37:57.865+0000] {dagbag.py:538} INFO - Filling up the DagBag from /home/airflow/.local/lib/python3.8/site-packages/airflow/example_dags/example_trigger_target_dag.py
[2025-11-13T06:37:57.917+0000] {processor.py:840} INFO - DAG(s) 'example_trigger_target_dag' retrieved from /home/airflow/.local/lib/python3.8/site-packages/airflow/example_dags/example_trigger_target_dag.py
[2025-11-13T06:37:58.013+0000] {logging_mixin.py:188} INFO - [2025-11-13T06:37:58.012+0000] {dag.py:3036} INFO - Sync 1 DAGs
[2025-11-13T06:37:58.072+0000] {logging_mixin.py:188} INFO - [2025-11-13T06:37:58.071+0000] {dag.py:3823} INFO - Setting next_dagrun for example_trigger_target_dag to None, run_after=None
[2025-11-13T06:37:58.141+0000] {processor.py:183} INFO - Processing /home/airflow/.local/lib/python3.8/site-packages/airflow/example_dags/example_trigger_target_dag.py took 0.326 seconds
[2025-11-13T06:38:28.411+0000] {processor.py:161} INFO - Started process (PID=1577) to work on /home/airflow/.local/lib/python3.8/site-packages/airflow/example_dags/example_trigger_target_dag.py
[2025-11-13T06:38:28.412+0000] {processor.py:830} INFO - Processing file /home/airflow/.local/lib/python3.8/site-packages/airflow/example_dags/example_trigger_target_dag.py for tasks to queue
[2025-11-13T06:38:28.416+0000] {logging_mixin.py:188} INFO - [2025-11-13T06:38:28.415+0000] {dagbag.py:538} INFO - Filling up the DagBag from /home/airflow/.local/lib/python3.8/site-packages/airflow/example_dags/example_trigger_target_dag.py
[2025-11-13T06:38:28.426+0000] {processor.py:840} INFO - DAG(s) 'example_trigger_target_dag' retrieved from /home/airflow/.local/lib/python3.8/site-packages/airflow/example_dags/example_trigger_target_dag.py
[2025-11-13T06:38:28.461+0000] {logging_mixin.py:188} INFO - [2025-11-13T06:38:28.460+0000] {dag.py:3036} INFO - Sync 1 DAGs
[2025-11-13T06:38:28.482+0000] {logging_mixin.py:188} INFO - [2025-11-13T06:38:28.481+0000] {dag.py:3823} INFO - Setting next_dagrun for example_trigger_target_dag to None, run_after=None
[2025-11-13T06:38:28.516+0000] {processor.py:183} INFO - Processing /home/airflow/.local/lib/python3.8/site-packages/airflow/example_dags/example_trigger_target_dag.py took 0.111 seconds
[2025-11-13T06:38:58.758+0000] {processor.py:161} INFO - Started process (PID=1639) to work on /home/airflow/.local/lib/python3.8/site-packages/airflow/example_dags/example_trigger_target_dag.py
[2025-11-13T06:38:58.760+0000] {processor.py:830} INFO - Processing file /home/airflow/.local/lib/python3.8/site-packages/airflow/example_dags/example_trigger_target_dag.py for tasks to queue
[2025-11-13T06:38:58.764+0000] {logging_mixin.py:188} INFO - [2025-11-13T06:38:58.763+0000] {dagbag.py:538} INFO - Filling up the DagBag from /home/airflow/.local/lib/python3.8/site-packages/airflow/example_dags/example_trigger_target_dag.py
[2025-11-13T06:38:58.774+0000] {processor.py:840} INFO - DAG(s) 'example_trigger_target_dag' retrieved from /home/airflow/.local/lib/python3.8/site-packages/airflow/example_dags/example_trigger_target_dag.py
[2025-11-13T06:38:58.806+0000] {logging_mixin.py:188} INFO - [2025-11-13T06:38:58.806+0000] {dag.py:3036} INFO - Sync 1 DAGs
[2025-11-13T06:38:58.826+0000] {logging_mixin.py:188} INFO - [2025-11-13T06:38:58.826+0000] {dag.py:3823} INFO - Setting next_dagrun for example_trigger_target_dag to None, run_after=None
[2025-11-13T06:38:58.867+0000] {processor.py:183} INFO - Processing /home/airflow/.local/lib/python3.8/site-packages/airflow/example_dags/example_trigger_target_dag.py took 0.114 seconds
[2025-11-13T06:39:29.854+0000] {processor.py:161} INFO - Started process (PID=1708) to work on /home/airflow/.local/lib/python3.8/site-packages/airflow/example_dags/example_trigger_target_dag.py
[2025-11-13T06:39:29.856+0000] {processor.py:830} INFO - Processing file /home/airflow/.local/lib/python3.8/site-packages/airflow/example_dags/example_trigger_target_dag.py for tasks to queue
[2025-11-13T06:39:29.862+0000] {logging_mixin.py:188} INFO - [2025-11-13T06:39:29.860+0000] {dagbag.py:538} INFO - Filling up the DagBag from /home/airflow/.local/lib/python3.8/site-packages/airflow/example_dags/example_trigger_target_dag.py
[2025-11-13T06:39:29.875+0000] {processor.py:840} INFO - DAG(s) 'example_trigger_target_dag' retrieved from /home/airflow/.local/lib/python3.8/site-packages/airflow/example_dags/example_trigger_target_dag.py
[2025-11-13T06:39:29.916+0000] {logging_mixin.py:188} INFO - [2025-11-13T06:39:29.915+0000] {dag.py:3036} INFO - Sync 1 DAGs
[2025-11-13T06:39:29.940+0000] {logging_mixin.py:188} INFO - [2025-11-13T06:39:29.939+0000] {dag.py:3823} INFO - Setting next_dagrun for example_trigger_target_dag to None, run_after=None
[2025-11-13T06:39:30.000+0000] {processor.py:183} INFO - Processing /home/airflow/.local/lib/python3.8/site-packages/airflow/example_dags/example_trigger_target_dag.py took 0.155 seconds
[2025-11-13T06:40:00.753+0000] {processor.py:161} INFO - Started process (PID=1770) to work on /home/airflow/.local/lib/python3.8/site-packages/airflow/example_dags/example_trigger_target_dag.py
[2025-11-13T06:40:00.757+0000] {processor.py:830} INFO - Processing file /home/airflow/.local/lib/python3.8/site-packages/airflow/example_dags/example_trigger_target_dag.py for tasks to queue
[2025-11-13T06:40:00.765+0000] {logging_mixin.py:188} INFO - [2025-11-13T06:40:00.764+0000] {dagbag.py:538} INFO - Filling up the DagBag from /home/airflow/.local/lib/python3.8/site-packages/airflow/example_dags/example_trigger_target_dag.py
[2025-11-13T06:40:00.787+0000] {processor.py:840} INFO - DAG(s) 'example_trigger_target_dag' retrieved from /home/airflow/.local/lib/python3.8/site-packages/airflow/example_dags/example_trigger_target_dag.py
[2025-11-13T06:40:00.860+0000] {logging_mixin.py:188} INFO - [2025-11-13T06:40:00.857+0000] {dag.py:3036} INFO - Sync 1 DAGs
[2025-11-13T06:40:00.907+0000] {logging_mixin.py:188} INFO - [2025-11-13T06:40:00.906+0000] {dag.py:3823} INFO - Setting next_dagrun for example_trigger_target_dag to None, run_after=None
[2025-11-13T06:40:00.971+0000] {processor.py:183} INFO - Processing /home/airflow/.local/lib/python3.8/site-packages/airflow/example_dags/example_trigger_target_dag.py took 0.228 seconds
[2025-11-13T06:40:31.054+0000] {processor.py:161} INFO - Started process (PID=1831) to work on /home/airflow/.local/lib/python3.8/site-packages/airflow/example_dags/example_trigger_target_dag.py
[2025-11-13T06:40:31.056+0000] {processor.py:830} INFO - Processing file /home/airflow/.local/lib/python3.8/site-packages/airflow/example_dags/example_trigger_target_dag.py for tasks to queue
[2025-11-13T06:40:31.061+0000] {logging_mixin.py:188} INFO - [2025-11-13T06:40:31.060+0000] {dagbag.py:538} INFO - Filling up the DagBag from /home/airflow/.local/lib/python3.8/site-packages/airflow/example_dags/example_trigger_target_dag.py
[2025-11-13T06:40:31.070+0000] {processor.py:840} INFO - DAG(s) 'example_trigger_target_dag' retrieved from /home/airflow/.local/lib/python3.8/site-packages/airflow/example_dags/example_trigger_target_dag.py
[2025-11-13T06:40:31.105+0000] {logging_mixin.py:188} INFO - [2025-11-13T06:40:31.104+0000] {dag.py:3036} INFO - Sync 1 DAGs
[2025-11-13T06:40:31.124+0000] {logging_mixin.py:188} INFO - [2025-11-13T06:40:31.124+0000] {dag.py:3823} INFO - Setting next_dagrun for example_trigger_target_dag to None, run_after=None
[2025-11-13T06:40:31.157+0000] {processor.py:183} INFO - Processing /home/airflow/.local/lib/python3.8/site-packages/airflow/example_dags/example_trigger_target_dag.py took 0.108 seconds
[2025-11-13T06:41:01.770+0000] {processor.py:161} INFO - Started process (PID=1893) to work on /home/airflow/.local/lib/python3.8/site-packages/airflow/example_dags/example_trigger_target_dag.py
[2025-11-13T06:41:01.773+0000] {processor.py:830} INFO - Processing file /home/airflow/.local/lib/python3.8/site-packages/airflow/example_dags/example_trigger_target_dag.py for tasks to queue
[2025-11-13T06:41:01.777+0000] {logging_mixin.py:188} INFO - [2025-11-13T06:41:01.776+0000] {dagbag.py:538} INFO - Filling up the DagBag from /home/airflow/.local/lib/python3.8/site-packages/airflow/example_dags/example_trigger_target_dag.py
[2025-11-13T06:41:01.790+0000] {processor.py:840} INFO - DAG(s) 'example_trigger_target_dag' retrieved from /home/airflow/.local/lib/python3.8/site-packages/airflow/example_dags/example_trigger_target_dag.py
[2025-11-13T06:41:01.828+0000] {logging_mixin.py:188} INFO - [2025-11-13T06:41:01.827+0000] {dag.py:3036} INFO - Sync 1 DAGs
[2025-11-13T06:41:01.855+0000] {logging_mixin.py:188} INFO - [2025-11-13T06:41:01.854+0000] {dag.py:3823} INFO - Setting next_dagrun for example_trigger_target_dag to None, run_after=None
[2025-11-13T06:41:01.896+0000] {processor.py:183} INFO - Processing /home/airflow/.local/lib/python3.8/site-packages/airflow/example_dags/example_trigger_target_dag.py took 0.134 seconds
[2025-11-13T06:41:32.852+0000] {processor.py:161} INFO - Started process (PID=1956) to work on /home/airflow/.local/lib/python3.8/site-packages/airflow/example_dags/example_trigger_target_dag.py
[2025-11-13T06:41:32.853+0000] {processor.py:830} INFO - Processing file /home/airflow/.local/lib/python3.8/site-packages/airflow/example_dags/example_trigger_target_dag.py for tasks to queue
[2025-11-13T06:41:32.858+0000] {logging_mixin.py:188} INFO - [2025-11-13T06:41:32.857+0000] {dagbag.py:538} INFO - Filling up the DagBag from /home/airflow/.local/lib/python3.8/site-packages/airflow/example_dags/example_trigger_target_dag.py
[2025-11-13T06:41:32.869+0000] {processor.py:840} INFO - DAG(s) 'example_trigger_target_dag' retrieved from /home/airflow/.local/lib/python3.8/site-packages/airflow/example_dags/example_trigger_target_dag.py
[2025-11-13T06:41:32.903+0000] {logging_mixin.py:188} INFO - [2025-11-13T06:41:32.903+0000] {dag.py:3036} INFO - Sync 1 DAGs
[2025-11-13T06:41:32.923+0000] {logging_mixin.py:188} INFO - [2025-11-13T06:41:32.922+0000] {dag.py:3823} INFO - Setting next_dagrun for example_trigger_target_dag to None, run_after=None
[2025-11-13T06:41:32.952+0000] {processor.py:183} INFO - Processing /home/airflow/.local/lib/python3.8/site-packages/airflow/example_dags/example_trigger_target_dag.py took 0.105 seconds
[2025-11-13T06:42:03.802+0000] {processor.py:161} INFO - Started process (PID=2018) to work on /home/airflow/.local/lib/python3.8/site-packages/airflow/example_dags/example_trigger_target_dag.py
[2025-11-13T06:42:03.804+0000] {processor.py:830} INFO - Processing file /home/airflow/.local/lib/python3.8/site-packages/airflow/example_dags/example_trigger_target_dag.py for tasks to queue
[2025-11-13T06:42:03.809+0000] {logging_mixin.py:188} INFO - [2025-11-13T06:42:03.808+0000] {dagbag.py:538} INFO - Filling up the DagBag from /home/airflow/.local/lib/python3.8/site-packages/airflow/example_dags/example_trigger_target_dag.py
[2025-11-13T06:42:03.822+0000] {processor.py:840} INFO - DAG(s) 'example_trigger_target_dag' retrieved from /home/airflow/.local/lib/python3.8/site-packages/airflow/example_dags/example_trigger_target_dag.py
[2025-11-13T06:42:03.868+0000] {logging_mixin.py:188} INFO - [2025-11-13T06:42:03.868+0000] {dag.py:3036} INFO - Sync 1 DAGs
[2025-11-13T06:42:03.890+0000] {logging_mixin.py:188} INFO - [2025-11-13T06:42:03.889+0000] {dag.py:3823} INFO - Setting next_dagrun for example_trigger_target_dag to None, run_after=None
[2025-11-13T06:42:03.923+0000] {processor.py:183} INFO - Processing /home/airflow/.local/lib/python3.8/site-packages/airflow/example_dags/example_trigger_target_dag.py took 0.127 seconds
[2025-11-13T06:42:34.171+0000] {processor.py:161} INFO - Started process (PID=2080) to work on /home/airflow/.local/lib/python3.8/site-packages/airflow/example_dags/example_trigger_target_dag.py
[2025-11-13T06:42:34.173+0000] {processor.py:830} INFO - Processing file /home/airflow/.local/lib/python3.8/site-packages/airflow/example_dags/example_trigger_target_dag.py for tasks to queue
[2025-11-13T06:42:34.177+0000] {logging_mixin.py:188} INFO - [2025-11-13T06:42:34.176+0000] {dagbag.py:538} INFO - Filling up the DagBag from /home/airflow/.local/lib/python3.8/site-packages/airflow/example_dags/example_trigger_target_dag.py
[2025-11-13T06:42:34.188+0000] {processor.py:840} INFO - DAG(s) 'example_trigger_target_dag' retrieved from /home/airflow/.local/lib/python3.8/site-packages/airflow/example_dags/example_trigger_target_dag.py
[2025-11-13T06:42:34.222+0000] {logging_mixin.py:188} INFO - [2025-11-13T06:42:34.222+0000] {dag.py:3036} INFO - Sync 1 DAGs
[2025-11-13T06:42:34.243+0000] {logging_mixin.py:188} INFO - [2025-11-13T06:42:34.242+0000] {dag.py:3823} INFO - Setting next_dagrun for example_trigger_target_dag to None, run_after=None
[2025-11-13T06:42:34.279+0000] {processor.py:183} INFO - Processing /home/airflow/.local/lib/python3.8/site-packages/airflow/example_dags/example_trigger_target_dag.py took 0.115 seconds
[2025-11-13T06:43:05.127+0000] {processor.py:161} INFO - Started process (PID=2142) to work on /home/airflow/.local/lib/python3.8/site-packages/airflow/example_dags/example_trigger_target_dag.py
[2025-11-13T06:43:05.129+0000] {processor.py:830} INFO - Processing file /home/airflow/.local/lib/python3.8/site-packages/airflow/example_dags/example_trigger_target_dag.py for tasks to queue
[2025-11-13T06:43:05.132+0000] {logging_mixin.py:188} INFO - [2025-11-13T06:43:05.131+0000] {dagbag.py:538} INFO - Filling up the DagBag from /home/airflow/.local/lib/python3.8/site-packages/airflow/example_dags/example_trigger_target_dag.py
[2025-11-13T06:43:05.139+0000] {processor.py:840} INFO - DAG(s) 'example_trigger_target_dag' retrieved from /home/airflow/.local/lib/python3.8/site-packages/airflow/example_dags/example_trigger_target_dag.py
[2025-11-13T06:43:05.164+0000] {logging_mixin.py:188} INFO - [2025-11-13T06:43:05.164+0000] {dag.py:3036} INFO - Sync 1 DAGs
[2025-11-13T06:43:05.180+0000] {logging_mixin.py:188} INFO - [2025-11-13T06:43:05.180+0000] {dag.py:3823} INFO - Setting next_dagrun for example_trigger_target_dag to None, run_after=None
[2025-11-13T06:43:05.205+0000] {processor.py:183} INFO - Processing /home/airflow/.local/lib/python3.8/site-packages/airflow/example_dags/example_trigger_target_dag.py took 0.081 seconds
[2025-11-13T06:43:35.581+0000] {processor.py:161} INFO - Started process (PID=2205) to work on /home/airflow/.local/lib/python3.8/site-packages/airflow/example_dags/example_trigger_target_dag.py
[2025-11-13T06:43:35.583+0000] {processor.py:830} INFO - Processing file /home/airflow/.local/lib/python3.8/site-packages/airflow/example_dags/example_trigger_target_dag.py for tasks to queue
[2025-11-13T06:43:35.588+0000] {logging_mixin.py:188} INFO - [2025-11-13T06:43:35.587+0000] {dagbag.py:538} INFO - Filling up the DagBag from /home/airflow/.local/lib/python3.8/site-packages/airflow/example_dags/example_trigger_target_dag.py
[2025-11-13T06:43:35.598+0000] {processor.py:840} INFO - DAG(s) 'example_trigger_target_dag' retrieved from /home/airflow/.local/lib/python3.8/site-packages/airflow/example_dags/example_trigger_target_dag.py
[2025-11-13T06:43:35.635+0000] {logging_mixin.py:188} INFO - [2025-11-13T06:43:35.634+0000] {dag.py:3036} INFO - Sync 1 DAGs
[2025-11-13T06:43:35.666+0000] {logging_mixin.py:188} INFO - [2025-11-13T06:43:35.665+0000] {dag.py:3823} INFO - Setting next_dagrun for example_trigger_target_dag to None, run_after=None
[2025-11-13T06:43:35.704+0000] {processor.py:183} INFO - Processing /home/airflow/.local/lib/python3.8/site-packages/airflow/example_dags/example_trigger_target_dag.py took 0.133 seconds
[2025-11-13T06:44:06.257+0000] {processor.py:161} INFO - Started process (PID=2267) to work on /home/airflow/.local/lib/python3.8/site-packages/airflow/example_dags/example_trigger_target_dag.py
[2025-11-13T06:44:06.259+0000] {processor.py:830} INFO - Processing file /home/airflow/.local/lib/python3.8/site-packages/airflow/example_dags/example_trigger_target_dag.py for tasks to queue
[2025-11-13T06:44:06.263+0000] {logging_mixin.py:188} INFO - [2025-11-13T06:44:06.263+0000] {dagbag.py:538} INFO - Filling up the DagBag from /home/airflow/.local/lib/python3.8/site-packages/airflow/example_dags/example_trigger_target_dag.py
[2025-11-13T06:44:06.278+0000] {processor.py:840} INFO - DAG(s) 'example_trigger_target_dag' retrieved from /home/airflow/.local/lib/python3.8/site-packages/airflow/example_dags/example_trigger_target_dag.py
[2025-11-13T06:44:06.314+0000] {logging_mixin.py:188} INFO - [2025-11-13T06:44:06.314+0000] {dag.py:3036} INFO - Sync 1 DAGs
[2025-11-13T06:44:06.339+0000] {logging_mixin.py:188} INFO - [2025-11-13T06:44:06.339+0000] {dag.py:3823} INFO - Setting next_dagrun for example_trigger_target_dag to None, run_after=None
[2025-11-13T06:44:06.376+0000] {processor.py:183} INFO - Processing /home/airflow/.local/lib/python3.8/site-packages/airflow/example_dags/example_trigger_target_dag.py took 0.127 seconds
[2025-11-13T06:44:36.469+0000] {processor.py:161} INFO - Started process (PID=2329) to work on /home/airflow/.local/lib/python3.8/site-packages/airflow/example_dags/example_trigger_target_dag.py
[2025-11-13T06:44:36.470+0000] {processor.py:830} INFO - Processing file /home/airflow/.local/lib/python3.8/site-packages/airflow/example_dags/example_trigger_target_dag.py for tasks to queue
[2025-11-13T06:44:36.474+0000] {logging_mixin.py:188} INFO - [2025-11-13T06:44:36.474+0000] {dagbag.py:538} INFO - Filling up the DagBag from /home/airflow/.local/lib/python3.8/site-packages/airflow/example_dags/example_trigger_target_dag.py
[2025-11-13T06:44:36.485+0000] {processor.py:840} INFO - DAG(s) 'example_trigger_target_dag' retrieved from /home/airflow/.local/lib/python3.8/site-packages/airflow/example_dags/example_trigger_target_dag.py
[2025-11-13T06:44:36.523+0000] {logging_mixin.py:188} INFO - [2025-11-13T06:44:36.522+0000] {dag.py:3036} INFO - Sync 1 DAGs
[2025-11-13T06:44:36.550+0000] {logging_mixin.py:188} INFO - [2025-11-13T06:44:36.549+0000] {dag.py:3823} INFO - Setting next_dagrun for example_trigger_target_dag to None, run_after=None
[2025-11-13T06:44:36.598+0000] {processor.py:183} INFO - Processing /home/airflow/.local/lib/python3.8/site-packages/airflow/example_dags/example_trigger_target_dag.py took 0.135 seconds
[2025-11-13T06:45:06.963+0000] {processor.py:161} INFO - Started process (PID=2391) to work on /home/airflow/.local/lib/python3.8/site-packages/airflow/example_dags/example_trigger_target_dag.py
[2025-11-13T06:45:06.965+0000] {processor.py:830} INFO - Processing file /home/airflow/.local/lib/python3.8/site-packages/airflow/example_dags/example_trigger_target_dag.py for tasks to queue
[2025-11-13T06:45:06.967+0000] {logging_mixin.py:188} INFO - [2025-11-13T06:45:06.967+0000] {dagbag.py:538} INFO - Filling up the DagBag from /home/airflow/.local/lib/python3.8/site-packages/airflow/example_dags/example_trigger_target_dag.py
[2025-11-13T06:45:06.975+0000] {processor.py:840} INFO - DAG(s) 'example_trigger_target_dag' retrieved from /home/airflow/.local/lib/python3.8/site-packages/airflow/example_dags/example_trigger_target_dag.py
[2025-11-13T06:45:07.001+0000] {logging_mixin.py:188} INFO - [2025-11-13T06:45:07.001+0000] {dag.py:3036} INFO - Sync 1 DAGs
[2025-11-13T06:45:07.015+0000] {logging_mixin.py:188} INFO - [2025-11-13T06:45:07.014+0000] {dag.py:3823} INFO - Setting next_dagrun for example_trigger_target_dag to None, run_after=None
[2025-11-13T06:45:07.041+0000] {processor.py:183} INFO - Processing /home/airflow/.local/lib/python3.8/site-packages/airflow/example_dags/example_trigger_target_dag.py took 0.085 seconds
[2025-11-13T06:45:37.629+0000] {processor.py:161} INFO - Started process (PID=2453) to work on /home/airflow/.local/lib/python3.8/site-packages/airflow/example_dags/example_trigger_target_dag.py
[2025-11-13T06:45:37.630+0000] {processor.py:830} INFO - Processing file /home/airflow/.local/lib/python3.8/site-packages/airflow/example_dags/example_trigger_target_dag.py for tasks to queue
[2025-11-13T06:45:37.633+0000] {logging_mixin.py:188} INFO - [2025-11-13T06:45:37.633+0000] {dagbag.py:538} INFO - Filling up the DagBag from /home/airflow/.local/lib/python3.8/site-packages/airflow/example_dags/example_trigger_target_dag.py
[2025-11-13T06:45:37.641+0000] {processor.py:840} INFO - DAG(s) 'example_trigger_target_dag' retrieved from /home/airflow/.local/lib/python3.8/site-packages/airflow/example_dags/example_trigger_target_dag.py
[2025-11-13T06:45:37.663+0000] {logging_mixin.py:188} INFO - [2025-11-13T06:45:37.662+0000] {dag.py:3036} INFO - Sync 1 DAGs
[2025-11-13T06:45:37.677+0000] {logging_mixin.py:188} INFO - [2025-11-13T06:45:37.676+0000] {dag.py:3823} INFO - Setting next_dagrun for example_trigger_target_dag to None, run_after=None
[2025-11-13T06:45:37.699+0000] {processor.py:183} INFO - Processing /home/airflow/.local/lib/python3.8/site-packages/airflow/example_dags/example_trigger_target_dag.py took 0.074 seconds
[2025-11-13T06:46:08.873+0000] {processor.py:161} INFO - Started process (PID=2516) to work on /home/airflow/.local/lib/python3.8/site-packages/airflow/example_dags/example_trigger_target_dag.py
[2025-11-13T06:46:08.877+0000] {processor.py:830} INFO - Processing file /home/airflow/.local/lib/python3.8/site-packages/airflow/example_dags/example_trigger_target_dag.py for tasks to queue
[2025-11-13T06:46:08.883+0000] {logging_mixin.py:188} INFO - [2025-11-13T06:46:08.882+0000] {dagbag.py:538} INFO - Filling up the DagBag from /home/airflow/.local/lib/python3.8/site-packages/airflow/example_dags/example_trigger_target_dag.py
[2025-11-13T06:46:08.907+0000] {processor.py:840} INFO - DAG(s) 'example_trigger_target_dag' retrieved from /home/airflow/.local/lib/python3.8/site-packages/airflow/example_dags/example_trigger_target_dag.py
[2025-11-13T06:46:08.987+0000] {logging_mixin.py:188} INFO - [2025-11-13T06:46:08.987+0000] {dag.py:3036} INFO - Sync 1 DAGs
[2025-11-13T06:46:09.036+0000] {logging_mixin.py:188} INFO - [2025-11-13T06:46:09.035+0000] {dag.py:3823} INFO - Setting next_dagrun for example_trigger_target_dag to None, run_after=None
[2025-11-13T06:46:09.157+0000] {processor.py:183} INFO - Processing /home/airflow/.local/lib/python3.8/site-packages/airflow/example_dags/example_trigger_target_dag.py took 0.295 seconds
[2025-11-13T06:46:40.033+0000] {processor.py:161} INFO - Started process (PID=2579) to work on /home/airflow/.local/lib/python3.8/site-packages/airflow/example_dags/example_trigger_target_dag.py
[2025-11-13T06:46:40.037+0000] {processor.py:830} INFO - Processing file /home/airflow/.local/lib/python3.8/site-packages/airflow/example_dags/example_trigger_target_dag.py for tasks to queue
[2025-11-13T06:46:40.044+0000] {logging_mixin.py:188} INFO - [2025-11-13T06:46:40.042+0000] {dagbag.py:538} INFO - Filling up the DagBag from /home/airflow/.local/lib/python3.8/site-packages/airflow/example_dags/example_trigger_target_dag.py
[2025-11-13T06:46:40.063+0000] {processor.py:840} INFO - DAG(s) 'example_trigger_target_dag' retrieved from /home/airflow/.local/lib/python3.8/site-packages/airflow/example_dags/example_trigger_target_dag.py
[2025-11-13T06:46:40.154+0000] {logging_mixin.py:188} INFO - [2025-11-13T06:46:40.154+0000] {dag.py:3036} INFO - Sync 1 DAGs
[2025-11-13T06:46:40.193+0000] {logging_mixin.py:188} INFO - [2025-11-13T06:46:40.192+0000] {dag.py:3823} INFO - Setting next_dagrun for example_trigger_target_dag to None, run_after=None
[2025-11-13T06:46:40.240+0000] {processor.py:183} INFO - Processing /home/airflow/.local/lib/python3.8/site-packages/airflow/example_dags/example_trigger_target_dag.py took 0.219 seconds
[2025-11-13T06:47:11.649+0000] {processor.py:161} INFO - Started process (PID=2641) to work on /home/airflow/.local/lib/python3.8/site-packages/airflow/example_dags/example_trigger_target_dag.py
[2025-11-13T06:47:11.652+0000] {processor.py:830} INFO - Processing file /home/airflow/.local/lib/python3.8/site-packages/airflow/example_dags/example_trigger_target_dag.py for tasks to queue
[2025-11-13T06:47:11.658+0000] {logging_mixin.py:188} INFO - [2025-11-13T06:47:11.657+0000] {dagbag.py:538} INFO - Filling up the DagBag from /home/airflow/.local/lib/python3.8/site-packages/airflow/example_dags/example_trigger_target_dag.py
[2025-11-13T06:47:11.675+0000] {processor.py:840} INFO - DAG(s) 'example_trigger_target_dag' retrieved from /home/airflow/.local/lib/python3.8/site-packages/airflow/example_dags/example_trigger_target_dag.py
[2025-11-13T06:47:11.720+0000] {logging_mixin.py:188} INFO - [2025-11-13T06:47:11.720+0000] {dag.py:3036} INFO - Sync 1 DAGs
[2025-11-13T06:47:11.755+0000] {logging_mixin.py:188} INFO - [2025-11-13T06:47:11.754+0000] {dag.py:3823} INFO - Setting next_dagrun for example_trigger_target_dag to None, run_after=None
[2025-11-13T06:47:11.822+0000] {processor.py:183} INFO - Processing /home/airflow/.local/lib/python3.8/site-packages/airflow/example_dags/example_trigger_target_dag.py took 0.190 seconds
[2025-11-13T06:47:42.521+0000] {processor.py:161} INFO - Started process (PID=2704) to work on /home/airflow/.local/lib/python3.8/site-packages/airflow/example_dags/example_trigger_target_dag.py
[2025-11-13T06:47:42.523+0000] {processor.py:830} INFO - Processing file /home/airflow/.local/lib/python3.8/site-packages/airflow/example_dags/example_trigger_target_dag.py for tasks to queue
[2025-11-13T06:47:42.528+0000] {logging_mixin.py:188} INFO - [2025-11-13T06:47:42.527+0000] {dagbag.py:538} INFO - Filling up the DagBag from /home/airflow/.local/lib/python3.8/site-packages/airflow/example_dags/example_trigger_target_dag.py
[2025-11-13T06:47:42.540+0000] {processor.py:840} INFO - DAG(s) 'example_trigger_target_dag' retrieved from /home/airflow/.local/lib/python3.8/site-packages/airflow/example_dags/example_trigger_target_dag.py
[2025-11-13T06:47:42.575+0000] {logging_mixin.py:188} INFO - [2025-11-13T06:47:42.575+0000] {dag.py:3036} INFO - Sync 1 DAGs
[2025-11-13T06:47:42.603+0000] {logging_mixin.py:188} INFO - [2025-11-13T06:47:42.602+0000] {dag.py:3823} INFO - Setting next_dagrun for example_trigger_target_dag to None, run_after=None
[2025-11-13T06:47:42.640+0000] {processor.py:183} INFO - Processing /home/airflow/.local/lib/python3.8/site-packages/airflow/example_dags/example_trigger_target_dag.py took 0.125 seconds
[2025-11-13T06:48:13.355+0000] {processor.py:161} INFO - Started process (PID=2766) to work on /home/airflow/.local/lib/python3.8/site-packages/airflow/example_dags/example_trigger_target_dag.py
[2025-11-13T06:48:13.357+0000] {processor.py:830} INFO - Processing file /home/airflow/.local/lib/python3.8/site-packages/airflow/example_dags/example_trigger_target_dag.py for tasks to queue
[2025-11-13T06:48:13.360+0000] {logging_mixin.py:188} INFO - [2025-11-13T06:48:13.359+0000] {dagbag.py:538} INFO - Filling up the DagBag from /home/airflow/.local/lib/python3.8/site-packages/airflow/example_dags/example_trigger_target_dag.py
[2025-11-13T06:48:13.368+0000] {processor.py:840} INFO - DAG(s) 'example_trigger_target_dag' retrieved from /home/airflow/.local/lib/python3.8/site-packages/airflow/example_dags/example_trigger_target_dag.py
[2025-11-13T06:48:13.403+0000] {logging_mixin.py:188} INFO - [2025-11-13T06:48:13.402+0000] {dag.py:3036} INFO - Sync 1 DAGs
[2025-11-13T06:48:13.433+0000] {logging_mixin.py:188} INFO - [2025-11-13T06:48:13.432+0000] {dag.py:3823} INFO - Setting next_dagrun for example_trigger_target_dag to None, run_after=None
[2025-11-13T06:48:13.459+0000] {processor.py:183} INFO - Processing /home/airflow/.local/lib/python3.8/site-packages/airflow/example_dags/example_trigger_target_dag.py took 0.108 seconds
[2025-11-13T06:48:45.053+0000] {processor.py:161} INFO - Started process (PID=2828) to work on /home/airflow/.local/lib/python3.8/site-packages/airflow/example_dags/example_trigger_target_dag.py
[2025-11-13T06:48:45.058+0000] {processor.py:830} INFO - Processing file /home/airflow/.local/lib/python3.8/site-packages/airflow/example_dags/example_trigger_target_dag.py for tasks to queue
[2025-11-13T06:48:45.069+0000] {logging_mixin.py:188} INFO - [2025-11-13T06:48:45.068+0000] {dagbag.py:538} INFO - Filling up the DagBag from /home/airflow/.local/lib/python3.8/site-packages/airflow/example_dags/example_trigger_target_dag.py
[2025-11-13T06:48:45.099+0000] {processor.py:840} INFO - DAG(s) 'example_trigger_target_dag' retrieved from /home/airflow/.local/lib/python3.8/site-packages/airflow/example_dags/example_trigger_target_dag.py
[2025-11-13T06:48:45.248+0000] {logging_mixin.py:188} INFO - [2025-11-13T06:48:45.247+0000] {dag.py:3036} INFO - Sync 1 DAGs
[2025-11-13T06:48:45.335+0000] {logging_mixin.py:188} INFO - [2025-11-13T06:48:45.334+0000] {dag.py:3823} INFO - Setting next_dagrun for example_trigger_target_dag to None, run_after=None
[2025-11-13T06:48:45.435+0000] {processor.py:183} INFO - Processing /home/airflow/.local/lib/python3.8/site-packages/airflow/example_dags/example_trigger_target_dag.py took 0.413 seconds
[2025-11-13T06:49:15.727+0000] {processor.py:161} INFO - Started process (PID=2890) to work on /home/airflow/.local/lib/python3.8/site-packages/airflow/example_dags/example_trigger_target_dag.py
[2025-11-13T06:49:15.730+0000] {processor.py:830} INFO - Processing file /home/airflow/.local/lib/python3.8/site-packages/airflow/example_dags/example_trigger_target_dag.py for tasks to queue
[2025-11-13T06:49:15.741+0000] {logging_mixin.py:188} INFO - [2025-11-13T06:49:15.739+0000] {dagbag.py:538} INFO - Filling up the DagBag from /home/airflow/.local/lib/python3.8/site-packages/airflow/example_dags/example_trigger_target_dag.py
[2025-11-13T06:49:15.765+0000] {processor.py:840} INFO - DAG(s) 'example_trigger_target_dag' retrieved from /home/airflow/.local/lib/python3.8/site-packages/airflow/example_dags/example_trigger_target_dag.py
[2025-11-13T06:49:15.867+0000] {logging_mixin.py:188} INFO - [2025-11-13T06:49:15.866+0000] {dag.py:3036} INFO - Sync 1 DAGs
[2025-11-13T06:49:15.930+0000] {logging_mixin.py:188} INFO - [2025-11-13T06:49:15.930+0000] {dag.py:3823} INFO - Setting next_dagrun for example_trigger_target_dag to None, run_after=None
[2025-11-13T06:49:16.000+0000] {processor.py:183} INFO - Processing /home/airflow/.local/lib/python3.8/site-packages/airflow/example_dags/example_trigger_target_dag.py took 0.292 seconds
[2025-11-13T06:49:46.818+0000] {processor.py:161} INFO - Started process (PID=2952) to work on /home/airflow/.local/lib/python3.8/site-packages/airflow/example_dags/example_trigger_target_dag.py
[2025-11-13T06:49:46.821+0000] {processor.py:830} INFO - Processing file /home/airflow/.local/lib/python3.8/site-packages/airflow/example_dags/example_trigger_target_dag.py for tasks to queue
[2025-11-13T06:49:46.831+0000] {logging_mixin.py:188} INFO - [2025-11-13T06:49:46.829+0000] {dagbag.py:538} INFO - Filling up the DagBag from /home/airflow/.local/lib/python3.8/site-packages/airflow/example_dags/example_trigger_target_dag.py
[2025-11-13T06:49:46.848+0000] {processor.py:840} INFO - DAG(s) 'example_trigger_target_dag' retrieved from /home/airflow/.local/lib/python3.8/site-packages/airflow/example_dags/example_trigger_target_dag.py
[2025-11-13T06:49:46.905+0000] {logging_mixin.py:188} INFO - [2025-11-13T06:49:46.905+0000] {dag.py:3036} INFO - Sync 1 DAGs
[2025-11-13T06:49:47.153+0000] {logging_mixin.py:188} INFO - [2025-11-13T06:49:47.152+0000] {dag.py:3823} INFO - Setting next_dagrun for example_trigger_target_dag to None, run_after=None
[2025-11-13T06:49:47.210+0000] {processor.py:183} INFO - Processing /home/airflow/.local/lib/python3.8/site-packages/airflow/example_dags/example_trigger_target_dag.py took 0.402 seconds
[2025-11-13T06:50:19.332+0000] {processor.py:161} INFO - Started process (PID=3015) to work on /home/airflow/.local/lib/python3.8/site-packages/airflow/example_dags/example_trigger_target_dag.py
[2025-11-13T06:50:19.370+0000] {processor.py:830} INFO - Processing file /home/airflow/.local/lib/python3.8/site-packages/airflow/example_dags/example_trigger_target_dag.py for tasks to queue
[2025-11-13T06:50:19.414+0000] {logging_mixin.py:188} INFO - [2025-11-13T06:50:19.413+0000] {dagbag.py:538} INFO - Filling up the DagBag from /home/airflow/.local/lib/python3.8/site-packages/airflow/example_dags/example_trigger_target_dag.py
[2025-11-13T06:50:19.455+0000] {processor.py:840} INFO - DAG(s) 'example_trigger_target_dag' retrieved from /home/airflow/.local/lib/python3.8/site-packages/airflow/example_dags/example_trigger_target_dag.py
[2025-11-13T06:50:19.562+0000] {logging_mixin.py:188} INFO - [2025-11-13T06:50:19.561+0000] {dag.py:3036} INFO - Sync 1 DAGs
[2025-11-13T06:50:19.612+0000] {logging_mixin.py:188} INFO - [2025-11-13T06:50:19.612+0000] {dag.py:3823} INFO - Setting next_dagrun for example_trigger_target_dag to None, run_after=None
[2025-11-13T06:50:19.701+0000] {processor.py:183} INFO - Processing /home/airflow/.local/lib/python3.8/site-packages/airflow/example_dags/example_trigger_target_dag.py took 0.396 seconds
[2025-11-13T06:50:49.990+0000] {processor.py:161} INFO - Started process (PID=3078) to work on /home/airflow/.local/lib/python3.8/site-packages/airflow/example_dags/example_trigger_target_dag.py
[2025-11-13T06:50:49.992+0000] {processor.py:830} INFO - Processing file /home/airflow/.local/lib/python3.8/site-packages/airflow/example_dags/example_trigger_target_dag.py for tasks to queue
[2025-11-13T06:50:49.999+0000] {logging_mixin.py:188} INFO - [2025-11-13T06:50:49.998+0000] {dagbag.py:538} INFO - Filling up the DagBag from /home/airflow/.local/lib/python3.8/site-packages/airflow/example_dags/example_trigger_target_dag.py
[2025-11-13T06:50:50.024+0000] {processor.py:840} INFO - DAG(s) 'example_trigger_target_dag' retrieved from /home/airflow/.local/lib/python3.8/site-packages/airflow/example_dags/example_trigger_target_dag.py
[2025-11-13T06:50:50.075+0000] {logging_mixin.py:188} INFO - [2025-11-13T06:50:50.074+0000] {dag.py:3036} INFO - Sync 1 DAGs
[2025-11-13T06:50:50.124+0000] {logging_mixin.py:188} INFO - [2025-11-13T06:50:50.124+0000] {dag.py:3823} INFO - Setting next_dagrun for example_trigger_target_dag to None, run_after=None
[2025-11-13T06:50:50.178+0000] {processor.py:183} INFO - Processing /home/airflow/.local/lib/python3.8/site-packages/airflow/example_dags/example_trigger_target_dag.py took 0.198 seconds
