[2025-11-13T06:26:17.842+0000] {processor.py:161} INFO - Started process (PID=99) to work on /home/airflow/.local/lib/python3.8/site-packages/airflow/example_dags/tutorial.py
[2025-11-13T06:26:17.850+0000] {processor.py:830} INFO - Processing file /home/airflow/.local/lib/python3.8/site-packages/airflow/example_dags/tutorial.py for tasks to queue
[2025-11-13T06:26:17.863+0000] {logging_mixin.py:188} INFO - [2025-11-13T06:26:17.862+0000] {dagbag.py:538} INFO - Filling up the DagBag from /home/airflow/.local/lib/python3.8/site-packages/airflow/example_dags/tutorial.py
[2025-11-13T06:26:17.939+0000] {processor.py:840} INFO - DAG(s) 'tutorial' retrieved from /home/airflow/.local/lib/python3.8/site-packages/airflow/example_dags/tutorial.py
[2025-11-13T06:26:18.018+0000] {logging_mixin.py:188} INFO - [2025-11-13T06:26:18.017+0000] {dag.py:3036} INFO - Sync 1 DAGs
[2025-11-13T06:26:18.232+0000] {logging_mixin.py:188} INFO - [2025-11-13T06:26:18.232+0000] {dag.py:3823} INFO - Setting next_dagrun for tutorial to 2025-11-12 00:00:00+00:00, run_after=2025-11-13 00:00:00+00:00
[2025-11-13T06:26:18.411+0000] {processor.py:183} INFO - Processing /home/airflow/.local/lib/python3.8/site-packages/airflow/example_dags/tutorial.py took 0.593 seconds
[2025-11-13T06:26:49.105+0000] {processor.py:161} INFO - Started process (PID=161) to work on /home/airflow/.local/lib/python3.8/site-packages/airflow/example_dags/tutorial.py
[2025-11-13T06:26:49.107+0000] {processor.py:830} INFO - Processing file /home/airflow/.local/lib/python3.8/site-packages/airflow/example_dags/tutorial.py for tasks to queue
[2025-11-13T06:26:49.109+0000] {logging_mixin.py:188} INFO - [2025-11-13T06:26:49.109+0000] {dagbag.py:538} INFO - Filling up the DagBag from /home/airflow/.local/lib/python3.8/site-packages/airflow/example_dags/tutorial.py
[2025-11-13T06:26:49.116+0000] {processor.py:840} INFO - DAG(s) 'tutorial' retrieved from /home/airflow/.local/lib/python3.8/site-packages/airflow/example_dags/tutorial.py
[2025-11-13T06:26:49.238+0000] {logging_mixin.py:188} INFO - [2025-11-13T06:26:49.237+0000] {dag.py:3036} INFO - Sync 1 DAGs
[2025-11-13T06:26:49.262+0000] {logging_mixin.py:188} INFO - [2025-11-13T06:26:49.261+0000] {dag.py:3823} INFO - Setting next_dagrun for tutorial to 2025-11-12 00:00:00+00:00, run_after=2025-11-13 00:00:00+00:00
[2025-11-13T06:26:49.295+0000] {processor.py:183} INFO - Processing /home/airflow/.local/lib/python3.8/site-packages/airflow/example_dags/tutorial.py took 0.194 seconds
[2025-11-13T06:27:19.546+0000] {processor.py:161} INFO - Started process (PID=223) to work on /home/airflow/.local/lib/python3.8/site-packages/airflow/example_dags/tutorial.py
[2025-11-13T06:27:19.548+0000] {processor.py:830} INFO - Processing file /home/airflow/.local/lib/python3.8/site-packages/airflow/example_dags/tutorial.py for tasks to queue
[2025-11-13T06:27:19.551+0000] {logging_mixin.py:188} INFO - [2025-11-13T06:27:19.550+0000] {dagbag.py:538} INFO - Filling up the DagBag from /home/airflow/.local/lib/python3.8/site-packages/airflow/example_dags/tutorial.py
[2025-11-13T06:27:19.558+0000] {processor.py:840} INFO - DAG(s) 'tutorial' retrieved from /home/airflow/.local/lib/python3.8/site-packages/airflow/example_dags/tutorial.py
[2025-11-13T06:27:19.586+0000] {logging_mixin.py:188} INFO - [2025-11-13T06:27:19.586+0000] {dag.py:3036} INFO - Sync 1 DAGs
[2025-11-13T06:27:19.616+0000] {logging_mixin.py:188} INFO - [2025-11-13T06:27:19.616+0000] {dag.py:3823} INFO - Setting next_dagrun for tutorial to 2025-11-12 00:00:00+00:00, run_after=2025-11-13 00:00:00+00:00
[2025-11-13T06:27:19.650+0000] {processor.py:183} INFO - Processing /home/airflow/.local/lib/python3.8/site-packages/airflow/example_dags/tutorial.py took 0.108 seconds
[2025-11-13T06:27:50.267+0000] {processor.py:161} INFO - Started process (PID=285) to work on /home/airflow/.local/lib/python3.8/site-packages/airflow/example_dags/tutorial.py
[2025-11-13T06:27:50.268+0000] {processor.py:830} INFO - Processing file /home/airflow/.local/lib/python3.8/site-packages/airflow/example_dags/tutorial.py for tasks to queue
[2025-11-13T06:27:50.274+0000] {logging_mixin.py:188} INFO - [2025-11-13T06:27:50.272+0000] {dagbag.py:538} INFO - Filling up the DagBag from /home/airflow/.local/lib/python3.8/site-packages/airflow/example_dags/tutorial.py
[2025-11-13T06:27:50.285+0000] {processor.py:840} INFO - DAG(s) 'tutorial' retrieved from /home/airflow/.local/lib/python3.8/site-packages/airflow/example_dags/tutorial.py
[2025-11-13T06:27:50.320+0000] {logging_mixin.py:188} INFO - [2025-11-13T06:27:50.319+0000] {dag.py:3036} INFO - Sync 1 DAGs
[2025-11-13T06:27:50.358+0000] {logging_mixin.py:188} INFO - [2025-11-13T06:27:50.358+0000] {dag.py:3823} INFO - Setting next_dagrun for tutorial to 2025-11-12 00:00:00+00:00, run_after=2025-11-13 00:00:00+00:00
[2025-11-13T06:27:50.395+0000] {processor.py:183} INFO - Processing /home/airflow/.local/lib/python3.8/site-packages/airflow/example_dags/tutorial.py took 0.134 seconds
[2025-11-13T06:28:20.793+0000] {processor.py:161} INFO - Started process (PID=347) to work on /home/airflow/.local/lib/python3.8/site-packages/airflow/example_dags/tutorial.py
[2025-11-13T06:28:20.796+0000] {processor.py:830} INFO - Processing file /home/airflow/.local/lib/python3.8/site-packages/airflow/example_dags/tutorial.py for tasks to queue
[2025-11-13T06:28:20.802+0000] {logging_mixin.py:188} INFO - [2025-11-13T06:28:20.801+0000] {dagbag.py:538} INFO - Filling up the DagBag from /home/airflow/.local/lib/python3.8/site-packages/airflow/example_dags/tutorial.py
[2025-11-13T06:28:20.817+0000] {processor.py:840} INFO - DAG(s) 'tutorial' retrieved from /home/airflow/.local/lib/python3.8/site-packages/airflow/example_dags/tutorial.py
[2025-11-13T06:28:20.855+0000] {logging_mixin.py:188} INFO - [2025-11-13T06:28:20.855+0000] {dag.py:3036} INFO - Sync 1 DAGs
[2025-11-13T06:28:20.899+0000] {logging_mixin.py:188} INFO - [2025-11-13T06:28:20.898+0000] {dag.py:3823} INFO - Setting next_dagrun for tutorial to 2025-11-12 00:00:00+00:00, run_after=2025-11-13 00:00:00+00:00
[2025-11-13T06:28:20.950+0000] {processor.py:183} INFO - Processing /home/airflow/.local/lib/python3.8/site-packages/airflow/example_dags/tutorial.py took 0.165 seconds
[2025-11-13T06:28:51.997+0000] {processor.py:161} INFO - Started process (PID=410) to work on /home/airflow/.local/lib/python3.8/site-packages/airflow/example_dags/tutorial.py
[2025-11-13T06:28:52.010+0000] {processor.py:830} INFO - Processing file /home/airflow/.local/lib/python3.8/site-packages/airflow/example_dags/tutorial.py for tasks to queue
[2025-11-13T06:28:52.026+0000] {logging_mixin.py:188} INFO - [2025-11-13T06:28:52.018+0000] {dagbag.py:538} INFO - Filling up the DagBag from /home/airflow/.local/lib/python3.8/site-packages/airflow/example_dags/tutorial.py
[2025-11-13T06:28:52.061+0000] {processor.py:840} INFO - DAG(s) 'tutorial' retrieved from /home/airflow/.local/lib/python3.8/site-packages/airflow/example_dags/tutorial.py
[2025-11-13T06:28:52.281+0000] {logging_mixin.py:188} INFO - [2025-11-13T06:28:52.280+0000] {dag.py:3036} INFO - Sync 1 DAGs
[2025-11-13T06:28:52.417+0000] {logging_mixin.py:188} INFO - [2025-11-13T06:28:52.417+0000] {dag.py:3823} INFO - Setting next_dagrun for tutorial to 2025-11-12 00:00:00+00:00, run_after=2025-11-13 00:00:00+00:00
[2025-11-13T06:28:52.544+0000] {processor.py:183} INFO - Processing /home/airflow/.local/lib/python3.8/site-packages/airflow/example_dags/tutorial.py took 0.581 seconds
[2025-11-13T06:29:23.281+0000] {processor.py:161} INFO - Started process (PID=472) to work on /home/airflow/.local/lib/python3.8/site-packages/airflow/example_dags/tutorial.py
[2025-11-13T06:29:23.283+0000] {processor.py:830} INFO - Processing file /home/airflow/.local/lib/python3.8/site-packages/airflow/example_dags/tutorial.py for tasks to queue
[2025-11-13T06:29:23.286+0000] {logging_mixin.py:188} INFO - [2025-11-13T06:29:23.286+0000] {dagbag.py:538} INFO - Filling up the DagBag from /home/airflow/.local/lib/python3.8/site-packages/airflow/example_dags/tutorial.py
[2025-11-13T06:29:23.295+0000] {processor.py:840} INFO - DAG(s) 'tutorial' retrieved from /home/airflow/.local/lib/python3.8/site-packages/airflow/example_dags/tutorial.py
[2025-11-13T06:29:23.325+0000] {logging_mixin.py:188} INFO - [2025-11-13T06:29:23.325+0000] {dag.py:3036} INFO - Sync 1 DAGs
[2025-11-13T06:29:23.357+0000] {logging_mixin.py:188} INFO - [2025-11-13T06:29:23.357+0000] {dag.py:3823} INFO - Setting next_dagrun for tutorial to 2025-11-12 00:00:00+00:00, run_after=2025-11-13 00:00:00+00:00
[2025-11-13T06:29:23.397+0000] {processor.py:183} INFO - Processing /home/airflow/.local/lib/python3.8/site-packages/airflow/example_dags/tutorial.py took 0.121 seconds
[2025-11-13T06:29:54.102+0000] {processor.py:161} INFO - Started process (PID=534) to work on /home/airflow/.local/lib/python3.8/site-packages/airflow/example_dags/tutorial.py
[2025-11-13T06:29:54.105+0000] {processor.py:830} INFO - Processing file /home/airflow/.local/lib/python3.8/site-packages/airflow/example_dags/tutorial.py for tasks to queue
[2025-11-13T06:29:54.115+0000] {logging_mixin.py:188} INFO - [2025-11-13T06:29:54.112+0000] {dagbag.py:538} INFO - Filling up the DagBag from /home/airflow/.local/lib/python3.8/site-packages/airflow/example_dags/tutorial.py
[2025-11-13T06:29:54.143+0000] {processor.py:840} INFO - DAG(s) 'tutorial' retrieved from /home/airflow/.local/lib/python3.8/site-packages/airflow/example_dags/tutorial.py
[2025-11-13T06:29:54.287+0000] {logging_mixin.py:188} INFO - [2025-11-13T06:29:54.286+0000] {dag.py:3036} INFO - Sync 1 DAGs
[2025-11-13T06:29:54.411+0000] {logging_mixin.py:188} INFO - [2025-11-13T06:29:54.410+0000] {dag.py:3823} INFO - Setting next_dagrun for tutorial to 2025-11-12 00:00:00+00:00, run_after=2025-11-13 00:00:00+00:00
[2025-11-13T06:29:54.478+0000] {processor.py:183} INFO - Processing /home/airflow/.local/lib/python3.8/site-packages/airflow/example_dags/tutorial.py took 0.392 seconds
[2025-11-13T06:30:24.924+0000] {processor.py:161} INFO - Started process (PID=597) to work on /home/airflow/.local/lib/python3.8/site-packages/airflow/example_dags/tutorial.py
[2025-11-13T06:30:24.927+0000] {processor.py:830} INFO - Processing file /home/airflow/.local/lib/python3.8/site-packages/airflow/example_dags/tutorial.py for tasks to queue
[2025-11-13T06:30:24.931+0000] {logging_mixin.py:188} INFO - [2025-11-13T06:30:24.930+0000] {dagbag.py:538} INFO - Filling up the DagBag from /home/airflow/.local/lib/python3.8/site-packages/airflow/example_dags/tutorial.py
[2025-11-13T06:30:24.942+0000] {processor.py:840} INFO - DAG(s) 'tutorial' retrieved from /home/airflow/.local/lib/python3.8/site-packages/airflow/example_dags/tutorial.py
[2025-11-13T06:30:24.984+0000] {logging_mixin.py:188} INFO - [2025-11-13T06:30:24.983+0000] {dag.py:3036} INFO - Sync 1 DAGs
[2025-11-13T06:30:25.033+0000] {logging_mixin.py:188} INFO - [2025-11-13T06:30:25.032+0000] {dag.py:3823} INFO - Setting next_dagrun for tutorial to 2025-11-12 00:00:00+00:00, run_after=2025-11-13 00:00:00+00:00
[2025-11-13T06:30:25.081+0000] {processor.py:183} INFO - Processing /home/airflow/.local/lib/python3.8/site-packages/airflow/example_dags/tutorial.py took 0.165 seconds
[2025-11-13T06:30:55.355+0000] {processor.py:161} INFO - Started process (PID=659) to work on /home/airflow/.local/lib/python3.8/site-packages/airflow/example_dags/tutorial.py
[2025-11-13T06:30:55.357+0000] {processor.py:830} INFO - Processing file /home/airflow/.local/lib/python3.8/site-packages/airflow/example_dags/tutorial.py for tasks to queue
[2025-11-13T06:30:55.360+0000] {logging_mixin.py:188} INFO - [2025-11-13T06:30:55.360+0000] {dagbag.py:538} INFO - Filling up the DagBag from /home/airflow/.local/lib/python3.8/site-packages/airflow/example_dags/tutorial.py
[2025-11-13T06:30:55.374+0000] {processor.py:840} INFO - DAG(s) 'tutorial' retrieved from /home/airflow/.local/lib/python3.8/site-packages/airflow/example_dags/tutorial.py
[2025-11-13T06:30:55.414+0000] {logging_mixin.py:188} INFO - [2025-11-13T06:30:55.413+0000] {dag.py:3036} INFO - Sync 1 DAGs
[2025-11-13T06:30:55.451+0000] {logging_mixin.py:188} INFO - [2025-11-13T06:30:55.451+0000] {dag.py:3823} INFO - Setting next_dagrun for tutorial to 2025-11-12 00:00:00+00:00, run_after=2025-11-13 00:00:00+00:00
[2025-11-13T06:30:55.484+0000] {processor.py:183} INFO - Processing /home/airflow/.local/lib/python3.8/site-packages/airflow/example_dags/tutorial.py took 0.136 seconds
[2025-11-13T06:31:25.747+0000] {processor.py:161} INFO - Started process (PID=720) to work on /home/airflow/.local/lib/python3.8/site-packages/airflow/example_dags/tutorial.py
[2025-11-13T06:31:25.748+0000] {processor.py:830} INFO - Processing file /home/airflow/.local/lib/python3.8/site-packages/airflow/example_dags/tutorial.py for tasks to queue
[2025-11-13T06:31:25.751+0000] {logging_mixin.py:188} INFO - [2025-11-13T06:31:25.751+0000] {dagbag.py:538} INFO - Filling up the DagBag from /home/airflow/.local/lib/python3.8/site-packages/airflow/example_dags/tutorial.py
[2025-11-13T06:31:25.760+0000] {processor.py:840} INFO - DAG(s) 'tutorial' retrieved from /home/airflow/.local/lib/python3.8/site-packages/airflow/example_dags/tutorial.py
[2025-11-13T06:31:25.790+0000] {logging_mixin.py:188} INFO - [2025-11-13T06:31:25.789+0000] {dag.py:3036} INFO - Sync 1 DAGs
[2025-11-13T06:31:25.823+0000] {logging_mixin.py:188} INFO - [2025-11-13T06:31:25.822+0000] {dag.py:3823} INFO - Setting next_dagrun for tutorial to 2025-11-12 00:00:00+00:00, run_after=2025-11-13 00:00:00+00:00
[2025-11-13T06:31:25.861+0000] {processor.py:183} INFO - Processing /home/airflow/.local/lib/python3.8/site-packages/airflow/example_dags/tutorial.py took 0.119 seconds
[2025-11-13T06:31:56.525+0000] {processor.py:161} INFO - Started process (PID=782) to work on /home/airflow/.local/lib/python3.8/site-packages/airflow/example_dags/tutorial.py
[2025-11-13T06:31:56.528+0000] {processor.py:830} INFO - Processing file /home/airflow/.local/lib/python3.8/site-packages/airflow/example_dags/tutorial.py for tasks to queue
[2025-11-13T06:31:56.540+0000] {logging_mixin.py:188} INFO - [2025-11-13T06:31:56.539+0000] {dagbag.py:538} INFO - Filling up the DagBag from /home/airflow/.local/lib/python3.8/site-packages/airflow/example_dags/tutorial.py
[2025-11-13T06:31:56.561+0000] {processor.py:840} INFO - DAG(s) 'tutorial' retrieved from /home/airflow/.local/lib/python3.8/site-packages/airflow/example_dags/tutorial.py
[2025-11-13T06:31:56.624+0000] {logging_mixin.py:188} INFO - [2025-11-13T06:31:56.624+0000] {dag.py:3036} INFO - Sync 1 DAGs
[2025-11-13T06:31:56.702+0000] {logging_mixin.py:188} INFO - [2025-11-13T06:31:56.701+0000] {dag.py:3823} INFO - Setting next_dagrun for tutorial to 2025-11-12 00:00:00+00:00, run_after=2025-11-13 00:00:00+00:00
[2025-11-13T06:31:56.774+0000] {processor.py:183} INFO - Processing /home/airflow/.local/lib/python3.8/site-packages/airflow/example_dags/tutorial.py took 0.259 seconds
[2025-11-13T06:32:26.894+0000] {processor.py:161} INFO - Started process (PID=850) to work on /home/airflow/.local/lib/python3.8/site-packages/airflow/example_dags/tutorial.py
[2025-11-13T06:32:26.897+0000] {processor.py:830} INFO - Processing file /home/airflow/.local/lib/python3.8/site-packages/airflow/example_dags/tutorial.py for tasks to queue
[2025-11-13T06:32:26.904+0000] {logging_mixin.py:188} INFO - [2025-11-13T06:32:26.903+0000] {dagbag.py:538} INFO - Filling up the DagBag from /home/airflow/.local/lib/python3.8/site-packages/airflow/example_dags/tutorial.py
[2025-11-13T06:32:26.926+0000] {processor.py:840} INFO - DAG(s) 'tutorial' retrieved from /home/airflow/.local/lib/python3.8/site-packages/airflow/example_dags/tutorial.py
[2025-11-13T06:32:26.986+0000] {logging_mixin.py:188} INFO - [2025-11-13T06:32:26.985+0000] {dag.py:3036} INFO - Sync 1 DAGs
[2025-11-13T06:32:27.063+0000] {logging_mixin.py:188} INFO - [2025-11-13T06:32:27.062+0000] {dag.py:3823} INFO - Setting next_dagrun for tutorial to 2025-11-12 00:00:00+00:00, run_after=2025-11-13 00:00:00+00:00
[2025-11-13T06:32:27.102+0000] {processor.py:183} INFO - Processing /home/airflow/.local/lib/python3.8/site-packages/airflow/example_dags/tutorial.py took 0.219 seconds
[2025-11-13T06:32:57.647+0000] {processor.py:161} INFO - Started process (PID=912) to work on /home/airflow/.local/lib/python3.8/site-packages/airflow/example_dags/tutorial.py
[2025-11-13T06:32:57.649+0000] {processor.py:830} INFO - Processing file /home/airflow/.local/lib/python3.8/site-packages/airflow/example_dags/tutorial.py for tasks to queue
[2025-11-13T06:32:57.653+0000] {logging_mixin.py:188} INFO - [2025-11-13T06:32:57.652+0000] {dagbag.py:538} INFO - Filling up the DagBag from /home/airflow/.local/lib/python3.8/site-packages/airflow/example_dags/tutorial.py
[2025-11-13T06:32:57.663+0000] {processor.py:840} INFO - DAG(s) 'tutorial' retrieved from /home/airflow/.local/lib/python3.8/site-packages/airflow/example_dags/tutorial.py
[2025-11-13T06:32:57.696+0000] {logging_mixin.py:188} INFO - [2025-11-13T06:32:57.696+0000] {dag.py:3036} INFO - Sync 1 DAGs
[2025-11-13T06:32:57.737+0000] {logging_mixin.py:188} INFO - [2025-11-13T06:32:57.737+0000] {dag.py:3823} INFO - Setting next_dagrun for tutorial to 2025-11-12 00:00:00+00:00, run_after=2025-11-13 00:00:00+00:00
[2025-11-13T06:32:57.769+0000] {processor.py:183} INFO - Processing /home/airflow/.local/lib/python3.8/site-packages/airflow/example_dags/tutorial.py took 0.128 seconds
[2025-11-13T06:33:28.346+0000] {processor.py:161} INFO - Started process (PID=974) to work on /home/airflow/.local/lib/python3.8/site-packages/airflow/example_dags/tutorial.py
[2025-11-13T06:33:28.348+0000] {processor.py:830} INFO - Processing file /home/airflow/.local/lib/python3.8/site-packages/airflow/example_dags/tutorial.py for tasks to queue
[2025-11-13T06:33:28.352+0000] {logging_mixin.py:188} INFO - [2025-11-13T06:33:28.351+0000] {dagbag.py:538} INFO - Filling up the DagBag from /home/airflow/.local/lib/python3.8/site-packages/airflow/example_dags/tutorial.py
[2025-11-13T06:33:28.364+0000] {processor.py:840} INFO - DAG(s) 'tutorial' retrieved from /home/airflow/.local/lib/python3.8/site-packages/airflow/example_dags/tutorial.py
[2025-11-13T06:33:28.405+0000] {logging_mixin.py:188} INFO - [2025-11-13T06:33:28.405+0000] {dag.py:3036} INFO - Sync 1 DAGs
[2025-11-13T06:33:28.447+0000] {logging_mixin.py:188} INFO - [2025-11-13T06:33:28.447+0000] {dag.py:3823} INFO - Setting next_dagrun for tutorial to 2025-11-12 00:00:00+00:00, run_after=2025-11-13 00:00:00+00:00
[2025-11-13T06:33:28.478+0000] {processor.py:183} INFO - Processing /home/airflow/.local/lib/python3.8/site-packages/airflow/example_dags/tutorial.py took 0.138 seconds
[2025-11-13T06:33:59.222+0000] {processor.py:161} INFO - Started process (PID=1036) to work on /home/airflow/.local/lib/python3.8/site-packages/airflow/example_dags/tutorial.py
[2025-11-13T06:33:59.224+0000] {processor.py:830} INFO - Processing file /home/airflow/.local/lib/python3.8/site-packages/airflow/example_dags/tutorial.py for tasks to queue
[2025-11-13T06:33:59.227+0000] {logging_mixin.py:188} INFO - [2025-11-13T06:33:59.227+0000] {dagbag.py:538} INFO - Filling up the DagBag from /home/airflow/.local/lib/python3.8/site-packages/airflow/example_dags/tutorial.py
[2025-11-13T06:33:59.238+0000] {processor.py:840} INFO - DAG(s) 'tutorial' retrieved from /home/airflow/.local/lib/python3.8/site-packages/airflow/example_dags/tutorial.py
[2025-11-13T06:33:59.279+0000] {logging_mixin.py:188} INFO - [2025-11-13T06:33:59.278+0000] {dag.py:3036} INFO - Sync 1 DAGs
[2025-11-13T06:33:59.320+0000] {logging_mixin.py:188} INFO - [2025-11-13T06:33:59.320+0000] {dag.py:3823} INFO - Setting next_dagrun for tutorial to 2025-11-12 00:00:00+00:00, run_after=2025-11-13 00:00:00+00:00
[2025-11-13T06:33:59.382+0000] {processor.py:183} INFO - Processing /home/airflow/.local/lib/python3.8/site-packages/airflow/example_dags/tutorial.py took 0.167 seconds
[2025-11-13T06:34:29.603+0000] {processor.py:161} INFO - Started process (PID=1098) to work on /home/airflow/.local/lib/python3.8/site-packages/airflow/example_dags/tutorial.py
[2025-11-13T06:34:29.605+0000] {processor.py:830} INFO - Processing file /home/airflow/.local/lib/python3.8/site-packages/airflow/example_dags/tutorial.py for tasks to queue
[2025-11-13T06:34:29.608+0000] {logging_mixin.py:188} INFO - [2025-11-13T06:34:29.608+0000] {dagbag.py:538} INFO - Filling up the DagBag from /home/airflow/.local/lib/python3.8/site-packages/airflow/example_dags/tutorial.py
[2025-11-13T06:34:29.615+0000] {processor.py:840} INFO - DAG(s) 'tutorial' retrieved from /home/airflow/.local/lib/python3.8/site-packages/airflow/example_dags/tutorial.py
[2025-11-13T06:34:29.640+0000] {logging_mixin.py:188} INFO - [2025-11-13T06:34:29.640+0000] {dag.py:3036} INFO - Sync 1 DAGs
[2025-11-13T06:34:29.667+0000] {logging_mixin.py:188} INFO - [2025-11-13T06:34:29.667+0000] {dag.py:3823} INFO - Setting next_dagrun for tutorial to 2025-11-12 00:00:00+00:00, run_after=2025-11-13 00:00:00+00:00
[2025-11-13T06:34:29.695+0000] {processor.py:183} INFO - Processing /home/airflow/.local/lib/python3.8/site-packages/airflow/example_dags/tutorial.py took 0.095 seconds
[2025-11-13T06:34:59.951+0000] {processor.py:161} INFO - Started process (PID=1160) to work on /home/airflow/.local/lib/python3.8/site-packages/airflow/example_dags/tutorial.py
[2025-11-13T06:34:59.953+0000] {processor.py:830} INFO - Processing file /home/airflow/.local/lib/python3.8/site-packages/airflow/example_dags/tutorial.py for tasks to queue
[2025-11-13T06:34:59.956+0000] {logging_mixin.py:188} INFO - [2025-11-13T06:34:59.955+0000] {dagbag.py:538} INFO - Filling up the DagBag from /home/airflow/.local/lib/python3.8/site-packages/airflow/example_dags/tutorial.py
[2025-11-13T06:34:59.964+0000] {processor.py:840} INFO - DAG(s) 'tutorial' retrieved from /home/airflow/.local/lib/python3.8/site-packages/airflow/example_dags/tutorial.py
[2025-11-13T06:34:59.996+0000] {logging_mixin.py:188} INFO - [2025-11-13T06:34:59.996+0000] {dag.py:3036} INFO - Sync 1 DAGs
[2025-11-13T06:35:00.027+0000] {logging_mixin.py:188} INFO - [2025-11-13T06:35:00.026+0000] {dag.py:3823} INFO - Setting next_dagrun for tutorial to 2025-11-12 00:00:00+00:00, run_after=2025-11-13 00:00:00+00:00
[2025-11-13T06:35:00.065+0000] {processor.py:183} INFO - Processing /home/airflow/.local/lib/python3.8/site-packages/airflow/example_dags/tutorial.py took 0.119 seconds
[2025-11-13T06:35:30.708+0000] {processor.py:161} INFO - Started process (PID=1222) to work on /home/airflow/.local/lib/python3.8/site-packages/airflow/example_dags/tutorial.py
[2025-11-13T06:35:30.709+0000] {processor.py:830} INFO - Processing file /home/airflow/.local/lib/python3.8/site-packages/airflow/example_dags/tutorial.py for tasks to queue
[2025-11-13T06:35:30.712+0000] {logging_mixin.py:188} INFO - [2025-11-13T06:35:30.711+0000] {dagbag.py:538} INFO - Filling up the DagBag from /home/airflow/.local/lib/python3.8/site-packages/airflow/example_dags/tutorial.py
[2025-11-13T06:35:30.720+0000] {processor.py:840} INFO - DAG(s) 'tutorial' retrieved from /home/airflow/.local/lib/python3.8/site-packages/airflow/example_dags/tutorial.py
[2025-11-13T06:35:30.756+0000] {logging_mixin.py:188} INFO - [2025-11-13T06:35:30.755+0000] {dag.py:3036} INFO - Sync 1 DAGs
[2025-11-13T06:35:30.789+0000] {logging_mixin.py:188} INFO - [2025-11-13T06:35:30.788+0000] {dag.py:3823} INFO - Setting next_dagrun for tutorial to 2025-11-12 00:00:00+00:00, run_after=2025-11-13 00:00:00+00:00
[2025-11-13T06:35:30.825+0000] {processor.py:183} INFO - Processing /home/airflow/.local/lib/python3.8/site-packages/airflow/example_dags/tutorial.py took 0.122 seconds
[2025-11-13T06:36:01.642+0000] {processor.py:161} INFO - Started process (PID=1284) to work on /home/airflow/.local/lib/python3.8/site-packages/airflow/example_dags/tutorial.py
[2025-11-13T06:36:01.643+0000] {processor.py:830} INFO - Processing file /home/airflow/.local/lib/python3.8/site-packages/airflow/example_dags/tutorial.py for tasks to queue
[2025-11-13T06:36:01.646+0000] {logging_mixin.py:188} INFO - [2025-11-13T06:36:01.645+0000] {dagbag.py:538} INFO - Filling up the DagBag from /home/airflow/.local/lib/python3.8/site-packages/airflow/example_dags/tutorial.py
[2025-11-13T06:36:01.653+0000] {processor.py:840} INFO - DAG(s) 'tutorial' retrieved from /home/airflow/.local/lib/python3.8/site-packages/airflow/example_dags/tutorial.py
[2025-11-13T06:36:01.679+0000] {logging_mixin.py:188} INFO - [2025-11-13T06:36:01.679+0000] {dag.py:3036} INFO - Sync 1 DAGs
[2025-11-13T06:36:01.706+0000] {logging_mixin.py:188} INFO - [2025-11-13T06:36:01.706+0000] {dag.py:3823} INFO - Setting next_dagrun for tutorial to 2025-11-12 00:00:00+00:00, run_after=2025-11-13 00:00:00+00:00
[2025-11-13T06:36:01.741+0000] {processor.py:183} INFO - Processing /home/airflow/.local/lib/python3.8/site-packages/airflow/example_dags/tutorial.py took 0.103 seconds
[2025-11-13T06:36:32.436+0000] {processor.py:161} INFO - Started process (PID=1347) to work on /home/airflow/.local/lib/python3.8/site-packages/airflow/example_dags/tutorial.py
[2025-11-13T06:36:32.438+0000] {processor.py:830} INFO - Processing file /home/airflow/.local/lib/python3.8/site-packages/airflow/example_dags/tutorial.py for tasks to queue
[2025-11-13T06:36:32.441+0000] {logging_mixin.py:188} INFO - [2025-11-13T06:36:32.440+0000] {dagbag.py:538} INFO - Filling up the DagBag from /home/airflow/.local/lib/python3.8/site-packages/airflow/example_dags/tutorial.py
[2025-11-13T06:36:32.449+0000] {processor.py:840} INFO - DAG(s) 'tutorial' retrieved from /home/airflow/.local/lib/python3.8/site-packages/airflow/example_dags/tutorial.py
[2025-11-13T06:36:32.475+0000] {logging_mixin.py:188} INFO - [2025-11-13T06:36:32.475+0000] {dag.py:3036} INFO - Sync 1 DAGs
[2025-11-13T06:36:32.500+0000] {logging_mixin.py:188} INFO - [2025-11-13T06:36:32.499+0000] {dag.py:3823} INFO - Setting next_dagrun for tutorial to 2025-11-12 00:00:00+00:00, run_after=2025-11-13 00:00:00+00:00
[2025-11-13T06:36:32.533+0000] {processor.py:183} INFO - Processing /home/airflow/.local/lib/python3.8/site-packages/airflow/example_dags/tutorial.py took 0.101 seconds
[2025-11-13T06:37:02.677+0000] {processor.py:161} INFO - Started process (PID=1409) to work on /home/airflow/.local/lib/python3.8/site-packages/airflow/example_dags/tutorial.py
[2025-11-13T06:37:02.678+0000] {processor.py:830} INFO - Processing file /home/airflow/.local/lib/python3.8/site-packages/airflow/example_dags/tutorial.py for tasks to queue
[2025-11-13T06:37:02.681+0000] {logging_mixin.py:188} INFO - [2025-11-13T06:37:02.681+0000] {dagbag.py:538} INFO - Filling up the DagBag from /home/airflow/.local/lib/python3.8/site-packages/airflow/example_dags/tutorial.py
[2025-11-13T06:37:02.689+0000] {processor.py:840} INFO - DAG(s) 'tutorial' retrieved from /home/airflow/.local/lib/python3.8/site-packages/airflow/example_dags/tutorial.py
[2025-11-13T06:37:02.718+0000] {logging_mixin.py:188} INFO - [2025-11-13T06:37:02.718+0000] {dag.py:3036} INFO - Sync 1 DAGs
[2025-11-13T06:37:02.750+0000] {logging_mixin.py:188} INFO - [2025-11-13T06:37:02.750+0000] {dag.py:3823} INFO - Setting next_dagrun for tutorial to 2025-11-12 00:00:00+00:00, run_after=2025-11-13 00:00:00+00:00
[2025-11-13T06:37:02.787+0000] {processor.py:183} INFO - Processing /home/airflow/.local/lib/python3.8/site-packages/airflow/example_dags/tutorial.py took 0.115 seconds
[2025-11-13T06:37:32.976+0000] {processor.py:161} INFO - Started process (PID=1471) to work on /home/airflow/.local/lib/python3.8/site-packages/airflow/example_dags/tutorial.py
[2025-11-13T06:37:32.978+0000] {processor.py:830} INFO - Processing file /home/airflow/.local/lib/python3.8/site-packages/airflow/example_dags/tutorial.py for tasks to queue
[2025-11-13T06:37:32.981+0000] {logging_mixin.py:188} INFO - [2025-11-13T06:37:32.980+0000] {dagbag.py:538} INFO - Filling up the DagBag from /home/airflow/.local/lib/python3.8/site-packages/airflow/example_dags/tutorial.py
[2025-11-13T06:37:32.991+0000] {processor.py:840} INFO - DAG(s) 'tutorial' retrieved from /home/airflow/.local/lib/python3.8/site-packages/airflow/example_dags/tutorial.py
[2025-11-13T06:37:33.019+0000] {logging_mixin.py:188} INFO - [2025-11-13T06:37:33.019+0000] {dag.py:3036} INFO - Sync 1 DAGs
[2025-11-13T06:37:33.044+0000] {logging_mixin.py:188} INFO - [2025-11-13T06:37:33.044+0000] {dag.py:3823} INFO - Setting next_dagrun for tutorial to 2025-11-12 00:00:00+00:00, run_after=2025-11-13 00:00:00+00:00
[2025-11-13T06:37:33.078+0000] {processor.py:183} INFO - Processing /home/airflow/.local/lib/python3.8/site-packages/airflow/example_dags/tutorial.py took 0.105 seconds
[2025-11-13T06:38:03.929+0000] {processor.py:161} INFO - Started process (PID=1533) to work on /home/airflow/.local/lib/python3.8/site-packages/airflow/example_dags/tutorial.py
[2025-11-13T06:38:03.931+0000] {processor.py:830} INFO - Processing file /home/airflow/.local/lib/python3.8/site-packages/airflow/example_dags/tutorial.py for tasks to queue
[2025-11-13T06:38:03.933+0000] {logging_mixin.py:188} INFO - [2025-11-13T06:38:03.933+0000] {dagbag.py:538} INFO - Filling up the DagBag from /home/airflow/.local/lib/python3.8/site-packages/airflow/example_dags/tutorial.py
[2025-11-13T06:38:03.940+0000] {processor.py:840} INFO - DAG(s) 'tutorial' retrieved from /home/airflow/.local/lib/python3.8/site-packages/airflow/example_dags/tutorial.py
[2025-11-13T06:38:03.965+0000] {logging_mixin.py:188} INFO - [2025-11-13T06:38:03.965+0000] {dag.py:3036} INFO - Sync 1 DAGs
[2025-11-13T06:38:03.995+0000] {logging_mixin.py:188} INFO - [2025-11-13T06:38:03.995+0000] {dag.py:3823} INFO - Setting next_dagrun for tutorial to 2025-11-12 00:00:00+00:00, run_after=2025-11-13 00:00:00+00:00
[2025-11-13T06:38:04.035+0000] {processor.py:183} INFO - Processing /home/airflow/.local/lib/python3.8/site-packages/airflow/example_dags/tutorial.py took 0.110 seconds
[2025-11-13T06:38:34.354+0000] {processor.py:161} INFO - Started process (PID=1595) to work on /home/airflow/.local/lib/python3.8/site-packages/airflow/example_dags/tutorial.py
[2025-11-13T06:38:34.356+0000] {processor.py:830} INFO - Processing file /home/airflow/.local/lib/python3.8/site-packages/airflow/example_dags/tutorial.py for tasks to queue
[2025-11-13T06:38:34.360+0000] {logging_mixin.py:188} INFO - [2025-11-13T06:38:34.360+0000] {dagbag.py:538} INFO - Filling up the DagBag from /home/airflow/.local/lib/python3.8/site-packages/airflow/example_dags/tutorial.py
[2025-11-13T06:38:34.373+0000] {processor.py:840} INFO - DAG(s) 'tutorial' retrieved from /home/airflow/.local/lib/python3.8/site-packages/airflow/example_dags/tutorial.py
[2025-11-13T06:38:34.413+0000] {logging_mixin.py:188} INFO - [2025-11-13T06:38:34.413+0000] {dag.py:3036} INFO - Sync 1 DAGs
[2025-11-13T06:38:34.455+0000] {logging_mixin.py:188} INFO - [2025-11-13T06:38:34.454+0000] {dag.py:3823} INFO - Setting next_dagrun for tutorial to 2025-11-12 00:00:00+00:00, run_after=2025-11-13 00:00:00+00:00
[2025-11-13T06:38:34.497+0000] {processor.py:183} INFO - Processing /home/airflow/.local/lib/python3.8/site-packages/airflow/example_dags/tutorial.py took 0.149 seconds
[2025-11-13T06:39:05.076+0000] {processor.py:161} INFO - Started process (PID=1657) to work on /home/airflow/.local/lib/python3.8/site-packages/airflow/example_dags/tutorial.py
[2025-11-13T06:39:05.077+0000] {processor.py:830} INFO - Processing file /home/airflow/.local/lib/python3.8/site-packages/airflow/example_dags/tutorial.py for tasks to queue
[2025-11-13T06:39:05.080+0000] {logging_mixin.py:188} INFO - [2025-11-13T06:39:05.079+0000] {dagbag.py:538} INFO - Filling up the DagBag from /home/airflow/.local/lib/python3.8/site-packages/airflow/example_dags/tutorial.py
[2025-11-13T06:39:05.087+0000] {processor.py:840} INFO - DAG(s) 'tutorial' retrieved from /home/airflow/.local/lib/python3.8/site-packages/airflow/example_dags/tutorial.py
[2025-11-13T06:39:05.112+0000] {logging_mixin.py:188} INFO - [2025-11-13T06:39:05.112+0000] {dag.py:3036} INFO - Sync 1 DAGs
[2025-11-13T06:39:05.138+0000] {logging_mixin.py:188} INFO - [2025-11-13T06:39:05.138+0000] {dag.py:3823} INFO - Setting next_dagrun for tutorial to 2025-11-12 00:00:00+00:00, run_after=2025-11-13 00:00:00+00:00
[2025-11-13T06:39:05.170+0000] {processor.py:183} INFO - Processing /home/airflow/.local/lib/python3.8/site-packages/airflow/example_dags/tutorial.py took 0.098 seconds
[2025-11-13T06:39:35.565+0000] {processor.py:161} INFO - Started process (PID=1719) to work on /home/airflow/.local/lib/python3.8/site-packages/airflow/example_dags/tutorial.py
[2025-11-13T06:39:35.566+0000] {processor.py:830} INFO - Processing file /home/airflow/.local/lib/python3.8/site-packages/airflow/example_dags/tutorial.py for tasks to queue
[2025-11-13T06:39:35.569+0000] {logging_mixin.py:188} INFO - [2025-11-13T06:39:35.568+0000] {dagbag.py:538} INFO - Filling up the DagBag from /home/airflow/.local/lib/python3.8/site-packages/airflow/example_dags/tutorial.py
[2025-11-13T06:39:35.577+0000] {processor.py:840} INFO - DAG(s) 'tutorial' retrieved from /home/airflow/.local/lib/python3.8/site-packages/airflow/example_dags/tutorial.py
[2025-11-13T06:39:35.606+0000] {logging_mixin.py:188} INFO - [2025-11-13T06:39:35.606+0000] {dag.py:3036} INFO - Sync 1 DAGs
[2025-11-13T06:39:35.636+0000] {logging_mixin.py:188} INFO - [2025-11-13T06:39:35.635+0000] {dag.py:3823} INFO - Setting next_dagrun for tutorial to 2025-11-12 00:00:00+00:00, run_after=2025-11-13 00:00:00+00:00
[2025-11-13T06:39:35.672+0000] {processor.py:183} INFO - Processing /home/airflow/.local/lib/python3.8/site-packages/airflow/example_dags/tutorial.py took 0.111 seconds
[2025-11-13T06:40:06.339+0000] {processor.py:161} INFO - Started process (PID=1781) to work on /home/airflow/.local/lib/python3.8/site-packages/airflow/example_dags/tutorial.py
[2025-11-13T06:40:06.342+0000] {processor.py:830} INFO - Processing file /home/airflow/.local/lib/python3.8/site-packages/airflow/example_dags/tutorial.py for tasks to queue
[2025-11-13T06:40:06.358+0000] {logging_mixin.py:188} INFO - [2025-11-13T06:40:06.357+0000] {dagbag.py:538} INFO - Filling up the DagBag from /home/airflow/.local/lib/python3.8/site-packages/airflow/example_dags/tutorial.py
[2025-11-13T06:40:06.382+0000] {processor.py:840} INFO - DAG(s) 'tutorial' retrieved from /home/airflow/.local/lib/python3.8/site-packages/airflow/example_dags/tutorial.py
[2025-11-13T06:40:06.477+0000] {logging_mixin.py:188} INFO - [2025-11-13T06:40:06.476+0000] {dag.py:3036} INFO - Sync 1 DAGs
[2025-11-13T06:40:06.556+0000] {logging_mixin.py:188} INFO - [2025-11-13T06:40:06.555+0000] {dag.py:3823} INFO - Setting next_dagrun for tutorial to 2025-11-12 00:00:00+00:00, run_after=2025-11-13 00:00:00+00:00
[2025-11-13T06:40:06.629+0000] {processor.py:183} INFO - Processing /home/airflow/.local/lib/python3.8/site-packages/airflow/example_dags/tutorial.py took 0.305 seconds
[2025-11-13T06:40:36.873+0000] {processor.py:161} INFO - Started process (PID=1843) to work on /home/airflow/.local/lib/python3.8/site-packages/airflow/example_dags/tutorial.py
[2025-11-13T06:40:36.876+0000] {processor.py:830} INFO - Processing file /home/airflow/.local/lib/python3.8/site-packages/airflow/example_dags/tutorial.py for tasks to queue
[2025-11-13T06:40:36.882+0000] {logging_mixin.py:188} INFO - [2025-11-13T06:40:36.881+0000] {dagbag.py:538} INFO - Filling up the DagBag from /home/airflow/.local/lib/python3.8/site-packages/airflow/example_dags/tutorial.py
[2025-11-13T06:40:36.906+0000] {processor.py:840} INFO - DAG(s) 'tutorial' retrieved from /home/airflow/.local/lib/python3.8/site-packages/airflow/example_dags/tutorial.py
[2025-11-13T06:40:37.012+0000] {logging_mixin.py:188} INFO - [2025-11-13T06:40:37.010+0000] {dag.py:3036} INFO - Sync 1 DAGs
[2025-11-13T06:40:37.082+0000] {logging_mixin.py:188} INFO - [2025-11-13T06:40:37.081+0000] {dag.py:3823} INFO - Setting next_dagrun for tutorial to 2025-11-12 00:00:00+00:00, run_after=2025-11-13 00:00:00+00:00
[2025-11-13T06:40:37.147+0000] {processor.py:183} INFO - Processing /home/airflow/.local/lib/python3.8/site-packages/airflow/example_dags/tutorial.py took 0.288 seconds
[2025-11-13T06:41:07.630+0000] {processor.py:161} INFO - Started process (PID=1905) to work on /home/airflow/.local/lib/python3.8/site-packages/airflow/example_dags/tutorial.py
[2025-11-13T06:41:07.632+0000] {processor.py:830} INFO - Processing file /home/airflow/.local/lib/python3.8/site-packages/airflow/example_dags/tutorial.py for tasks to queue
[2025-11-13T06:41:07.637+0000] {logging_mixin.py:188} INFO - [2025-11-13T06:41:07.637+0000] {dagbag.py:538} INFO - Filling up the DagBag from /home/airflow/.local/lib/python3.8/site-packages/airflow/example_dags/tutorial.py
[2025-11-13T06:41:07.646+0000] {processor.py:840} INFO - DAG(s) 'tutorial' retrieved from /home/airflow/.local/lib/python3.8/site-packages/airflow/example_dags/tutorial.py
[2025-11-13T06:41:07.685+0000] {logging_mixin.py:188} INFO - [2025-11-13T06:41:07.684+0000] {dag.py:3036} INFO - Sync 1 DAGs
[2025-11-13T06:41:07.723+0000] {logging_mixin.py:188} INFO - [2025-11-13T06:41:07.723+0000] {dag.py:3823} INFO - Setting next_dagrun for tutorial to 2025-11-12 00:00:00+00:00, run_after=2025-11-13 00:00:00+00:00
[2025-11-13T06:41:07.752+0000] {processor.py:183} INFO - Processing /home/airflow/.local/lib/python3.8/site-packages/airflow/example_dags/tutorial.py took 0.130 seconds
[2025-11-13T06:41:38.559+0000] {processor.py:161} INFO - Started process (PID=1967) to work on /home/airflow/.local/lib/python3.8/site-packages/airflow/example_dags/tutorial.py
[2025-11-13T06:41:38.563+0000] {processor.py:830} INFO - Processing file /home/airflow/.local/lib/python3.8/site-packages/airflow/example_dags/tutorial.py for tasks to queue
[2025-11-13T06:41:38.580+0000] {logging_mixin.py:188} INFO - [2025-11-13T06:41:38.579+0000] {dagbag.py:538} INFO - Filling up the DagBag from /home/airflow/.local/lib/python3.8/site-packages/airflow/example_dags/tutorial.py
[2025-11-13T06:41:38.610+0000] {processor.py:840} INFO - DAG(s) 'tutorial' retrieved from /home/airflow/.local/lib/python3.8/site-packages/airflow/example_dags/tutorial.py
[2025-11-13T06:41:38.711+0000] {logging_mixin.py:188} INFO - [2025-11-13T06:41:38.710+0000] {dag.py:3036} INFO - Sync 1 DAGs
[2025-11-13T06:41:38.809+0000] {logging_mixin.py:188} INFO - [2025-11-13T06:41:38.808+0000] {dag.py:3823} INFO - Setting next_dagrun for tutorial to 2025-11-12 00:00:00+00:00, run_after=2025-11-13 00:00:00+00:00
[2025-11-13T06:41:38.892+0000] {processor.py:183} INFO - Processing /home/airflow/.local/lib/python3.8/site-packages/airflow/example_dags/tutorial.py took 0.353 seconds
[2025-11-13T06:42:09.481+0000] {processor.py:161} INFO - Started process (PID=2029) to work on /home/airflow/.local/lib/python3.8/site-packages/airflow/example_dags/tutorial.py
[2025-11-13T06:42:09.484+0000] {processor.py:830} INFO - Processing file /home/airflow/.local/lib/python3.8/site-packages/airflow/example_dags/tutorial.py for tasks to queue
[2025-11-13T06:42:09.492+0000] {logging_mixin.py:188} INFO - [2025-11-13T06:42:09.491+0000] {dagbag.py:538} INFO - Filling up the DagBag from /home/airflow/.local/lib/python3.8/site-packages/airflow/example_dags/tutorial.py
[2025-11-13T06:42:09.525+0000] {processor.py:840} INFO - DAG(s) 'tutorial' retrieved from /home/airflow/.local/lib/python3.8/site-packages/airflow/example_dags/tutorial.py
[2025-11-13T06:42:09.598+0000] {logging_mixin.py:188} INFO - [2025-11-13T06:42:09.598+0000] {dag.py:3036} INFO - Sync 1 DAGs
[2025-11-13T06:42:09.697+0000] {logging_mixin.py:188} INFO - [2025-11-13T06:42:09.696+0000] {dag.py:3823} INFO - Setting next_dagrun for tutorial to 2025-11-12 00:00:00+00:00, run_after=2025-11-13 00:00:00+00:00
[2025-11-13T06:42:09.744+0000] {processor.py:183} INFO - Processing /home/airflow/.local/lib/python3.8/site-packages/airflow/example_dags/tutorial.py took 0.276 seconds
[2025-11-13T06:42:40.144+0000] {processor.py:161} INFO - Started process (PID=2089) to work on /home/airflow/.local/lib/python3.8/site-packages/airflow/example_dags/tutorial.py
[2025-11-13T06:42:40.146+0000] {processor.py:830} INFO - Processing file /home/airflow/.local/lib/python3.8/site-packages/airflow/example_dags/tutorial.py for tasks to queue
[2025-11-13T06:42:40.150+0000] {logging_mixin.py:188} INFO - [2025-11-13T06:42:40.149+0000] {dagbag.py:538} INFO - Filling up the DagBag from /home/airflow/.local/lib/python3.8/site-packages/airflow/example_dags/tutorial.py
[2025-11-13T06:42:40.160+0000] {processor.py:840} INFO - DAG(s) 'tutorial' retrieved from /home/airflow/.local/lib/python3.8/site-packages/airflow/example_dags/tutorial.py
[2025-11-13T06:42:40.195+0000] {logging_mixin.py:188} INFO - [2025-11-13T06:42:40.195+0000] {dag.py:3036} INFO - Sync 1 DAGs
[2025-11-13T06:42:40.230+0000] {logging_mixin.py:188} INFO - [2025-11-13T06:42:40.230+0000] {dag.py:3823} INFO - Setting next_dagrun for tutorial to 2025-11-12 00:00:00+00:00, run_after=2025-11-13 00:00:00+00:00
[2025-11-13T06:42:40.265+0000] {processor.py:183} INFO - Processing /home/airflow/.local/lib/python3.8/site-packages/airflow/example_dags/tutorial.py took 0.127 seconds
[2025-11-13T06:43:11.413+0000] {processor.py:161} INFO - Started process (PID=2151) to work on /home/airflow/.local/lib/python3.8/site-packages/airflow/example_dags/tutorial.py
[2025-11-13T06:43:11.416+0000] {processor.py:830} INFO - Processing file /home/airflow/.local/lib/python3.8/site-packages/airflow/example_dags/tutorial.py for tasks to queue
[2025-11-13T06:43:11.420+0000] {logging_mixin.py:188} INFO - [2025-11-13T06:43:11.419+0000] {dagbag.py:538} INFO - Filling up the DagBag from /home/airflow/.local/lib/python3.8/site-packages/airflow/example_dags/tutorial.py
[2025-11-13T06:43:11.432+0000] {processor.py:840} INFO - DAG(s) 'tutorial' retrieved from /home/airflow/.local/lib/python3.8/site-packages/airflow/example_dags/tutorial.py
[2025-11-13T06:43:11.485+0000] {logging_mixin.py:188} INFO - [2025-11-13T06:43:11.484+0000] {dag.py:3036} INFO - Sync 1 DAGs
[2025-11-13T06:43:11.549+0000] {logging_mixin.py:188} INFO - [2025-11-13T06:43:11.548+0000] {dag.py:3823} INFO - Setting next_dagrun for tutorial to 2025-11-12 00:00:00+00:00, run_after=2025-11-13 00:00:00+00:00
[2025-11-13T06:43:11.604+0000] {processor.py:183} INFO - Processing /home/airflow/.local/lib/python3.8/site-packages/airflow/example_dags/tutorial.py took 0.198 seconds
[2025-11-13T06:43:42.459+0000] {processor.py:161} INFO - Started process (PID=2214) to work on /home/airflow/.local/lib/python3.8/site-packages/airflow/example_dags/tutorial.py
[2025-11-13T06:43:42.460+0000] {processor.py:830} INFO - Processing file /home/airflow/.local/lib/python3.8/site-packages/airflow/example_dags/tutorial.py for tasks to queue
[2025-11-13T06:43:42.463+0000] {logging_mixin.py:188} INFO - [2025-11-13T06:43:42.462+0000] {dagbag.py:538} INFO - Filling up the DagBag from /home/airflow/.local/lib/python3.8/site-packages/airflow/example_dags/tutorial.py
[2025-11-13T06:43:42.470+0000] {processor.py:840} INFO - DAG(s) 'tutorial' retrieved from /home/airflow/.local/lib/python3.8/site-packages/airflow/example_dags/tutorial.py
[2025-11-13T06:43:42.496+0000] {logging_mixin.py:188} INFO - [2025-11-13T06:43:42.496+0000] {dag.py:3036} INFO - Sync 1 DAGs
[2025-11-13T06:43:42.524+0000] {logging_mixin.py:188} INFO - [2025-11-13T06:43:42.523+0000] {dag.py:3823} INFO - Setting next_dagrun for tutorial to 2025-11-12 00:00:00+00:00, run_after=2025-11-13 00:00:00+00:00
[2025-11-13T06:43:42.559+0000] {processor.py:183} INFO - Processing /home/airflow/.local/lib/python3.8/site-packages/airflow/example_dags/tutorial.py took 0.104 seconds
[2025-11-13T06:44:12.837+0000] {processor.py:161} INFO - Started process (PID=2276) to work on /home/airflow/.local/lib/python3.8/site-packages/airflow/example_dags/tutorial.py
[2025-11-13T06:44:12.839+0000] {processor.py:830} INFO - Processing file /home/airflow/.local/lib/python3.8/site-packages/airflow/example_dags/tutorial.py for tasks to queue
[2025-11-13T06:44:12.841+0000] {logging_mixin.py:188} INFO - [2025-11-13T06:44:12.841+0000] {dagbag.py:538} INFO - Filling up the DagBag from /home/airflow/.local/lib/python3.8/site-packages/airflow/example_dags/tutorial.py
[2025-11-13T06:44:12.848+0000] {processor.py:840} INFO - DAG(s) 'tutorial' retrieved from /home/airflow/.local/lib/python3.8/site-packages/airflow/example_dags/tutorial.py
[2025-11-13T06:44:12.874+0000] {logging_mixin.py:188} INFO - [2025-11-13T06:44:12.874+0000] {dag.py:3036} INFO - Sync 1 DAGs
[2025-11-13T06:44:12.900+0000] {logging_mixin.py:188} INFO - [2025-11-13T06:44:12.900+0000] {dag.py:3823} INFO - Setting next_dagrun for tutorial to 2025-11-12 00:00:00+00:00, run_after=2025-11-13 00:00:00+00:00
[2025-11-13T06:44:12.926+0000] {processor.py:183} INFO - Processing /home/airflow/.local/lib/python3.8/site-packages/airflow/example_dags/tutorial.py took 0.094 seconds
[2025-11-13T06:44:43.082+0000] {processor.py:161} INFO - Started process (PID=2338) to work on /home/airflow/.local/lib/python3.8/site-packages/airflow/example_dags/tutorial.py
[2025-11-13T06:44:43.083+0000] {processor.py:830} INFO - Processing file /home/airflow/.local/lib/python3.8/site-packages/airflow/example_dags/tutorial.py for tasks to queue
[2025-11-13T06:44:43.086+0000] {logging_mixin.py:188} INFO - [2025-11-13T06:44:43.085+0000] {dagbag.py:538} INFO - Filling up the DagBag from /home/airflow/.local/lib/python3.8/site-packages/airflow/example_dags/tutorial.py
[2025-11-13T06:44:43.093+0000] {processor.py:840} INFO - DAG(s) 'tutorial' retrieved from /home/airflow/.local/lib/python3.8/site-packages/airflow/example_dags/tutorial.py
[2025-11-13T06:44:43.119+0000] {logging_mixin.py:188} INFO - [2025-11-13T06:44:43.118+0000] {dag.py:3036} INFO - Sync 1 DAGs
[2025-11-13T06:44:43.145+0000] {logging_mixin.py:188} INFO - [2025-11-13T06:44:43.145+0000] {dag.py:3823} INFO - Setting next_dagrun for tutorial to 2025-11-12 00:00:00+00:00, run_after=2025-11-13 00:00:00+00:00
[2025-11-13T06:44:43.170+0000] {processor.py:183} INFO - Processing /home/airflow/.local/lib/python3.8/site-packages/airflow/example_dags/tutorial.py took 0.093 seconds
[2025-11-13T06:45:13.587+0000] {processor.py:161} INFO - Started process (PID=2400) to work on /home/airflow/.local/lib/python3.8/site-packages/airflow/example_dags/tutorial.py
[2025-11-13T06:45:13.588+0000] {processor.py:830} INFO - Processing file /home/airflow/.local/lib/python3.8/site-packages/airflow/example_dags/tutorial.py for tasks to queue
[2025-11-13T06:45:13.592+0000] {logging_mixin.py:188} INFO - [2025-11-13T06:45:13.592+0000] {dagbag.py:538} INFO - Filling up the DagBag from /home/airflow/.local/lib/python3.8/site-packages/airflow/example_dags/tutorial.py
[2025-11-13T06:45:13.603+0000] {processor.py:840} INFO - DAG(s) 'tutorial' retrieved from /home/airflow/.local/lib/python3.8/site-packages/airflow/example_dags/tutorial.py
[2025-11-13T06:45:13.640+0000] {logging_mixin.py:188} INFO - [2025-11-13T06:45:13.640+0000] {dag.py:3036} INFO - Sync 1 DAGs
[2025-11-13T06:45:13.686+0000] {logging_mixin.py:188} INFO - [2025-11-13T06:45:13.686+0000] {dag.py:3823} INFO - Setting next_dagrun for tutorial to 2025-11-12 00:00:00+00:00, run_after=2025-11-13 00:00:00+00:00
[2025-11-13T06:45:13.736+0000] {processor.py:183} INFO - Processing /home/airflow/.local/lib/python3.8/site-packages/airflow/example_dags/tutorial.py took 0.154 seconds
[2025-11-13T06:45:44.570+0000] {processor.py:161} INFO - Started process (PID=2462) to work on /home/airflow/.local/lib/python3.8/site-packages/airflow/example_dags/tutorial.py
[2025-11-13T06:45:44.572+0000] {processor.py:830} INFO - Processing file /home/airflow/.local/lib/python3.8/site-packages/airflow/example_dags/tutorial.py for tasks to queue
[2025-11-13T06:45:44.575+0000] {logging_mixin.py:188} INFO - [2025-11-13T06:45:44.574+0000] {dagbag.py:538} INFO - Filling up the DagBag from /home/airflow/.local/lib/python3.8/site-packages/airflow/example_dags/tutorial.py
[2025-11-13T06:45:44.582+0000] {processor.py:840} INFO - DAG(s) 'tutorial' retrieved from /home/airflow/.local/lib/python3.8/site-packages/airflow/example_dags/tutorial.py
[2025-11-13T06:45:44.608+0000] {logging_mixin.py:188} INFO - [2025-11-13T06:45:44.607+0000] {dag.py:3036} INFO - Sync 1 DAGs
[2025-11-13T06:45:44.633+0000] {logging_mixin.py:188} INFO - [2025-11-13T06:45:44.632+0000] {dag.py:3823} INFO - Setting next_dagrun for tutorial to 2025-11-12 00:00:00+00:00, run_after=2025-11-13 00:00:00+00:00
[2025-11-13T06:45:44.667+0000] {processor.py:183} INFO - Processing /home/airflow/.local/lib/python3.8/site-packages/airflow/example_dags/tutorial.py took 0.101 seconds
[2025-11-13T06:46:14.988+0000] {processor.py:161} INFO - Started process (PID=2525) to work on /home/airflow/.local/lib/python3.8/site-packages/airflow/example_dags/tutorial.py
[2025-11-13T06:46:14.990+0000] {processor.py:830} INFO - Processing file /home/airflow/.local/lib/python3.8/site-packages/airflow/example_dags/tutorial.py for tasks to queue
[2025-11-13T06:46:14.993+0000] {logging_mixin.py:188} INFO - [2025-11-13T06:46:14.992+0000] {dagbag.py:538} INFO - Filling up the DagBag from /home/airflow/.local/lib/python3.8/site-packages/airflow/example_dags/tutorial.py
[2025-11-13T06:46:15.001+0000] {processor.py:840} INFO - DAG(s) 'tutorial' retrieved from /home/airflow/.local/lib/python3.8/site-packages/airflow/example_dags/tutorial.py
[2025-11-13T06:46:15.029+0000] {logging_mixin.py:188} INFO - [2025-11-13T06:46:15.029+0000] {dag.py:3036} INFO - Sync 1 DAGs
[2025-11-13T06:46:15.062+0000] {logging_mixin.py:188} INFO - [2025-11-13T06:46:15.062+0000] {dag.py:3823} INFO - Setting next_dagrun for tutorial to 2025-11-12 00:00:00+00:00, run_after=2025-11-13 00:00:00+00:00
[2025-11-13T06:46:15.100+0000] {processor.py:183} INFO - Processing /home/airflow/.local/lib/python3.8/site-packages/airflow/example_dags/tutorial.py took 0.116 seconds
[2025-11-13T06:46:45.876+0000] {processor.py:161} INFO - Started process (PID=2588) to work on /home/airflow/.local/lib/python3.8/site-packages/airflow/example_dags/tutorial.py
[2025-11-13T06:46:45.879+0000] {processor.py:830} INFO - Processing file /home/airflow/.local/lib/python3.8/site-packages/airflow/example_dags/tutorial.py for tasks to queue
[2025-11-13T06:46:45.885+0000] {logging_mixin.py:188} INFO - [2025-11-13T06:46:45.884+0000] {dagbag.py:538} INFO - Filling up the DagBag from /home/airflow/.local/lib/python3.8/site-packages/airflow/example_dags/tutorial.py
[2025-11-13T06:46:45.908+0000] {processor.py:840} INFO - DAG(s) 'tutorial' retrieved from /home/airflow/.local/lib/python3.8/site-packages/airflow/example_dags/tutorial.py
[2025-11-13T06:46:45.947+0000] {logging_mixin.py:188} INFO - [2025-11-13T06:46:45.947+0000] {dag.py:3036} INFO - Sync 1 DAGs
[2025-11-13T06:46:45.993+0000] {logging_mixin.py:188} INFO - [2025-11-13T06:46:45.993+0000] {dag.py:3823} INFO - Setting next_dagrun for tutorial to 2025-11-12 00:00:00+00:00, run_after=2025-11-13 00:00:00+00:00
[2025-11-13T06:46:46.031+0000] {processor.py:183} INFO - Processing /home/airflow/.local/lib/python3.8/site-packages/airflow/example_dags/tutorial.py took 0.163 seconds
[2025-11-13T06:47:16.572+0000] {processor.py:161} INFO - Started process (PID=2650) to work on /home/airflow/.local/lib/python3.8/site-packages/airflow/example_dags/tutorial.py
[2025-11-13T06:47:16.573+0000] {processor.py:830} INFO - Processing file /home/airflow/.local/lib/python3.8/site-packages/airflow/example_dags/tutorial.py for tasks to queue
[2025-11-13T06:47:16.576+0000] {logging_mixin.py:188} INFO - [2025-11-13T06:47:16.575+0000] {dagbag.py:538} INFO - Filling up the DagBag from /home/airflow/.local/lib/python3.8/site-packages/airflow/example_dags/tutorial.py
[2025-11-13T06:47:16.583+0000] {processor.py:840} INFO - DAG(s) 'tutorial' retrieved from /home/airflow/.local/lib/python3.8/site-packages/airflow/example_dags/tutorial.py
[2025-11-13T06:47:16.610+0000] {logging_mixin.py:188} INFO - [2025-11-13T06:47:16.609+0000] {dag.py:3036} INFO - Sync 1 DAGs
[2025-11-13T06:47:16.636+0000] {logging_mixin.py:188} INFO - [2025-11-13T06:47:16.636+0000] {dag.py:3823} INFO - Setting next_dagrun for tutorial to 2025-11-12 00:00:00+00:00, run_after=2025-11-13 00:00:00+00:00
[2025-11-13T06:47:16.663+0000] {processor.py:183} INFO - Processing /home/airflow/.local/lib/python3.8/site-packages/airflow/example_dags/tutorial.py took 0.096 seconds
[2025-11-13T06:47:47.514+0000] {processor.py:161} INFO - Started process (PID=2713) to work on /home/airflow/.local/lib/python3.8/site-packages/airflow/example_dags/tutorial.py
[2025-11-13T06:47:47.516+0000] {processor.py:830} INFO - Processing file /home/airflow/.local/lib/python3.8/site-packages/airflow/example_dags/tutorial.py for tasks to queue
[2025-11-13T06:47:47.522+0000] {logging_mixin.py:188} INFO - [2025-11-13T06:47:47.521+0000] {dagbag.py:538} INFO - Filling up the DagBag from /home/airflow/.local/lib/python3.8/site-packages/airflow/example_dags/tutorial.py
[2025-11-13T06:47:47.539+0000] {processor.py:840} INFO - DAG(s) 'tutorial' retrieved from /home/airflow/.local/lib/python3.8/site-packages/airflow/example_dags/tutorial.py
[2025-11-13T06:47:47.602+0000] {logging_mixin.py:188} INFO - [2025-11-13T06:47:47.602+0000] {dag.py:3036} INFO - Sync 1 DAGs
[2025-11-13T06:47:47.670+0000] {logging_mixin.py:188} INFO - [2025-11-13T06:47:47.669+0000] {dag.py:3823} INFO - Setting next_dagrun for tutorial to 2025-11-12 00:00:00+00:00, run_after=2025-11-13 00:00:00+00:00
[2025-11-13T06:47:47.732+0000] {processor.py:183} INFO - Processing /home/airflow/.local/lib/python3.8/site-packages/airflow/example_dags/tutorial.py took 0.233 seconds
[2025-11-13T06:48:17.913+0000] {processor.py:161} INFO - Started process (PID=2775) to work on /home/airflow/.local/lib/python3.8/site-packages/airflow/example_dags/tutorial.py
[2025-11-13T06:48:17.917+0000] {processor.py:830} INFO - Processing file /home/airflow/.local/lib/python3.8/site-packages/airflow/example_dags/tutorial.py for tasks to queue
[2025-11-13T06:48:17.922+0000] {logging_mixin.py:188} INFO - [2025-11-13T06:48:17.921+0000] {dagbag.py:538} INFO - Filling up the DagBag from /home/airflow/.local/lib/python3.8/site-packages/airflow/example_dags/tutorial.py
[2025-11-13T06:48:17.936+0000] {processor.py:840} INFO - DAG(s) 'tutorial' retrieved from /home/airflow/.local/lib/python3.8/site-packages/airflow/example_dags/tutorial.py
[2025-11-13T06:48:17.994+0000] {logging_mixin.py:188} INFO - [2025-11-13T06:48:17.993+0000] {dag.py:3036} INFO - Sync 1 DAGs
[2025-11-13T06:48:18.050+0000] {logging_mixin.py:188} INFO - [2025-11-13T06:48:18.049+0000] {dag.py:3823} INFO - Setting next_dagrun for tutorial to 2025-11-12 00:00:00+00:00, run_after=2025-11-13 00:00:00+00:00
[2025-11-13T06:48:18.110+0000] {processor.py:183} INFO - Processing /home/airflow/.local/lib/python3.8/site-packages/airflow/example_dags/tutorial.py took 0.212 seconds
[2025-11-13T06:48:48.676+0000] {processor.py:161} INFO - Started process (PID=2837) to work on /home/airflow/.local/lib/python3.8/site-packages/airflow/example_dags/tutorial.py
[2025-11-13T06:48:48.678+0000] {processor.py:830} INFO - Processing file /home/airflow/.local/lib/python3.8/site-packages/airflow/example_dags/tutorial.py for tasks to queue
[2025-11-13T06:48:48.683+0000] {logging_mixin.py:188} INFO - [2025-11-13T06:48:48.682+0000] {dagbag.py:538} INFO - Filling up the DagBag from /home/airflow/.local/lib/python3.8/site-packages/airflow/example_dags/tutorial.py
[2025-11-13T06:48:48.695+0000] {processor.py:840} INFO - DAG(s) 'tutorial' retrieved from /home/airflow/.local/lib/python3.8/site-packages/airflow/example_dags/tutorial.py
[2025-11-13T06:48:48.733+0000] {logging_mixin.py:188} INFO - [2025-11-13T06:48:48.733+0000] {dag.py:3036} INFO - Sync 1 DAGs
[2025-11-13T06:48:48.771+0000] {logging_mixin.py:188} INFO - [2025-11-13T06:48:48.770+0000] {dag.py:3823} INFO - Setting next_dagrun for tutorial to 2025-11-12 00:00:00+00:00, run_after=2025-11-13 00:00:00+00:00
[2025-11-13T06:48:48.805+0000] {processor.py:183} INFO - Processing /home/airflow/.local/lib/python3.8/site-packages/airflow/example_dags/tutorial.py took 0.137 seconds
[2025-11-13T06:49:19.476+0000] {processor.py:161} INFO - Started process (PID=2899) to work on /home/airflow/.local/lib/python3.8/site-packages/airflow/example_dags/tutorial.py
[2025-11-13T06:49:19.481+0000] {processor.py:830} INFO - Processing file /home/airflow/.local/lib/python3.8/site-packages/airflow/example_dags/tutorial.py for tasks to queue
[2025-11-13T06:49:19.488+0000] {logging_mixin.py:188} INFO - [2025-11-13T06:49:19.487+0000] {dagbag.py:538} INFO - Filling up the DagBag from /home/airflow/.local/lib/python3.8/site-packages/airflow/example_dags/tutorial.py
[2025-11-13T06:49:19.508+0000] {processor.py:840} INFO - DAG(s) 'tutorial' retrieved from /home/airflow/.local/lib/python3.8/site-packages/airflow/example_dags/tutorial.py
[2025-11-13T06:49:19.563+0000] {logging_mixin.py:188} INFO - [2025-11-13T06:49:19.562+0000] {dag.py:3036} INFO - Sync 1 DAGs
[2025-11-13T06:49:19.624+0000] {logging_mixin.py:188} INFO - [2025-11-13T06:49:19.623+0000] {dag.py:3823} INFO - Setting next_dagrun for tutorial to 2025-11-12 00:00:00+00:00, run_after=2025-11-13 00:00:00+00:00
[2025-11-13T06:49:19.663+0000] {processor.py:183} INFO - Processing /home/airflow/.local/lib/python3.8/site-packages/airflow/example_dags/tutorial.py took 0.202 seconds
