[2025-11-13T06:26:21.917+0000] {processor.py:161} INFO - Started process (PID=109) to work on /home/airflow/.local/lib/python3.8/site-packages/airflow/example_dags/tutorial_dag.py
[2025-11-13T06:26:21.921+0000] {processor.py:830} INFO - Processing file /home/airflow/.local/lib/python3.8/site-packages/airflow/example_dags/tutorial_dag.py for tasks to queue
[2025-11-13T06:26:21.928+0000] {logging_mixin.py:188} INFO - [2025-11-13T06:26:21.927+0000] {dagbag.py:538} INFO - Filling up the DagBag from /home/airflow/.local/lib/python3.8/site-packages/airflow/example_dags/tutorial_dag.py
[2025-11-13T06:26:21.950+0000] {processor.py:840} INFO - DAG(s) 'tutorial_dag' retrieved from /home/airflow/.local/lib/python3.8/site-packages/airflow/example_dags/tutorial_dag.py
[2025-11-13T06:26:22.015+0000] {logging_mixin.py:188} INFO - [2025-11-13T06:26:22.015+0000] {dag.py:3036} INFO - Sync 1 DAGs
[2025-11-13T06:26:22.102+0000] {logging_mixin.py:188} INFO - [2025-11-13T06:26:22.101+0000] {dag.py:3823} INFO - Setting next_dagrun for tutorial_dag to None, run_after=None
[2025-11-13T06:26:22.195+0000] {processor.py:183} INFO - Processing /home/airflow/.local/lib/python3.8/site-packages/airflow/example_dags/tutorial_dag.py took 0.291 seconds
[2025-11-13T06:26:53.333+0000] {processor.py:161} INFO - Started process (PID=171) to work on /home/airflow/.local/lib/python3.8/site-packages/airflow/example_dags/tutorial_dag.py
[2025-11-13T06:26:53.336+0000] {processor.py:830} INFO - Processing file /home/airflow/.local/lib/python3.8/site-packages/airflow/example_dags/tutorial_dag.py for tasks to queue
[2025-11-13T06:26:53.341+0000] {logging_mixin.py:188} INFO - [2025-11-13T06:26:53.340+0000] {dagbag.py:538} INFO - Filling up the DagBag from /home/airflow/.local/lib/python3.8/site-packages/airflow/example_dags/tutorial_dag.py
[2025-11-13T06:26:53.357+0000] {processor.py:840} INFO - DAG(s) 'tutorial_dag' retrieved from /home/airflow/.local/lib/python3.8/site-packages/airflow/example_dags/tutorial_dag.py
[2025-11-13T06:26:53.549+0000] {logging_mixin.py:188} INFO - [2025-11-13T06:26:53.548+0000] {dag.py:3036} INFO - Sync 1 DAGs
[2025-11-13T06:26:53.567+0000] {logging_mixin.py:188} INFO - [2025-11-13T06:26:53.567+0000] {dag.py:3823} INFO - Setting next_dagrun for tutorial_dag to None, run_after=None
[2025-11-13T06:26:53.603+0000] {processor.py:183} INFO - Processing /home/airflow/.local/lib/python3.8/site-packages/airflow/example_dags/tutorial_dag.py took 0.281 seconds
[2025-11-13T06:27:23.810+0000] {processor.py:161} INFO - Started process (PID=233) to work on /home/airflow/.local/lib/python3.8/site-packages/airflow/example_dags/tutorial_dag.py
[2025-11-13T06:27:23.812+0000] {processor.py:830} INFO - Processing file /home/airflow/.local/lib/python3.8/site-packages/airflow/example_dags/tutorial_dag.py for tasks to queue
[2025-11-13T06:27:23.817+0000] {logging_mixin.py:188} INFO - [2025-11-13T06:27:23.816+0000] {dagbag.py:538} INFO - Filling up the DagBag from /home/airflow/.local/lib/python3.8/site-packages/airflow/example_dags/tutorial_dag.py
[2025-11-13T06:27:23.828+0000] {processor.py:840} INFO - DAG(s) 'tutorial_dag' retrieved from /home/airflow/.local/lib/python3.8/site-packages/airflow/example_dags/tutorial_dag.py
[2025-11-13T06:27:23.862+0000] {logging_mixin.py:188} INFO - [2025-11-13T06:27:23.861+0000] {dag.py:3036} INFO - Sync 1 DAGs
[2025-11-13T06:27:23.881+0000] {logging_mixin.py:188} INFO - [2025-11-13T06:27:23.881+0000] {dag.py:3823} INFO - Setting next_dagrun for tutorial_dag to None, run_after=None
[2025-11-13T06:27:23.914+0000] {processor.py:183} INFO - Processing /home/airflow/.local/lib/python3.8/site-packages/airflow/example_dags/tutorial_dag.py took 0.111 seconds
[2025-11-13T06:27:54.241+0000] {processor.py:161} INFO - Started process (PID=295) to work on /home/airflow/.local/lib/python3.8/site-packages/airflow/example_dags/tutorial_dag.py
[2025-11-13T06:27:54.243+0000] {processor.py:830} INFO - Processing file /home/airflow/.local/lib/python3.8/site-packages/airflow/example_dags/tutorial_dag.py for tasks to queue
[2025-11-13T06:27:54.246+0000] {logging_mixin.py:188} INFO - [2025-11-13T06:27:54.246+0000] {dagbag.py:538} INFO - Filling up the DagBag from /home/airflow/.local/lib/python3.8/site-packages/airflow/example_dags/tutorial_dag.py
[2025-11-13T06:27:54.256+0000] {processor.py:840} INFO - DAG(s) 'tutorial_dag' retrieved from /home/airflow/.local/lib/python3.8/site-packages/airflow/example_dags/tutorial_dag.py
[2025-11-13T06:27:54.297+0000] {logging_mixin.py:188} INFO - [2025-11-13T06:27:54.297+0000] {dag.py:3036} INFO - Sync 1 DAGs
[2025-11-13T06:27:54.317+0000] {logging_mixin.py:188} INFO - [2025-11-13T06:27:54.317+0000] {dag.py:3823} INFO - Setting next_dagrun for tutorial_dag to None, run_after=None
[2025-11-13T06:27:54.349+0000] {processor.py:183} INFO - Processing /home/airflow/.local/lib/python3.8/site-packages/airflow/example_dags/tutorial_dag.py took 0.114 seconds
[2025-11-13T06:28:24.588+0000] {processor.py:161} INFO - Started process (PID=357) to work on /home/airflow/.local/lib/python3.8/site-packages/airflow/example_dags/tutorial_dag.py
[2025-11-13T06:28:24.590+0000] {processor.py:830} INFO - Processing file /home/airflow/.local/lib/python3.8/site-packages/airflow/example_dags/tutorial_dag.py for tasks to queue
[2025-11-13T06:28:24.594+0000] {logging_mixin.py:188} INFO - [2025-11-13T06:28:24.593+0000] {dagbag.py:538} INFO - Filling up the DagBag from /home/airflow/.local/lib/python3.8/site-packages/airflow/example_dags/tutorial_dag.py
[2025-11-13T06:28:24.604+0000] {processor.py:840} INFO - DAG(s) 'tutorial_dag' retrieved from /home/airflow/.local/lib/python3.8/site-packages/airflow/example_dags/tutorial_dag.py
[2025-11-13T06:28:24.640+0000] {logging_mixin.py:188} INFO - [2025-11-13T06:28:24.639+0000] {dag.py:3036} INFO - Sync 1 DAGs
[2025-11-13T06:28:24.665+0000] {logging_mixin.py:188} INFO - [2025-11-13T06:28:24.664+0000] {dag.py:3823} INFO - Setting next_dagrun for tutorial_dag to None, run_after=None
[2025-11-13T06:28:24.709+0000] {processor.py:183} INFO - Processing /home/airflow/.local/lib/python3.8/site-packages/airflow/example_dags/tutorial_dag.py took 0.129 seconds
[2025-11-13T06:28:54.819+0000] {processor.py:161} INFO - Started process (PID=419) to work on /home/airflow/.local/lib/python3.8/site-packages/airflow/example_dags/tutorial_dag.py
[2025-11-13T06:28:54.820+0000] {processor.py:830} INFO - Processing file /home/airflow/.local/lib/python3.8/site-packages/airflow/example_dags/tutorial_dag.py for tasks to queue
[2025-11-13T06:28:54.824+0000] {logging_mixin.py:188} INFO - [2025-11-13T06:28:54.823+0000] {dagbag.py:538} INFO - Filling up the DagBag from /home/airflow/.local/lib/python3.8/site-packages/airflow/example_dags/tutorial_dag.py
[2025-11-13T06:28:54.832+0000] {processor.py:840} INFO - DAG(s) 'tutorial_dag' retrieved from /home/airflow/.local/lib/python3.8/site-packages/airflow/example_dags/tutorial_dag.py
[2025-11-13T06:28:54.863+0000] {logging_mixin.py:188} INFO - [2025-11-13T06:28:54.862+0000] {dag.py:3036} INFO - Sync 1 DAGs
[2025-11-13T06:28:54.881+0000] {logging_mixin.py:188} INFO - [2025-11-13T06:28:54.881+0000] {dag.py:3823} INFO - Setting next_dagrun for tutorial_dag to None, run_after=None
[2025-11-13T06:28:54.913+0000] {processor.py:183} INFO - Processing /home/airflow/.local/lib/python3.8/site-packages/airflow/example_dags/tutorial_dag.py took 0.099 seconds
[2025-11-13T06:29:25.242+0000] {processor.py:161} INFO - Started process (PID=481) to work on /home/airflow/.local/lib/python3.8/site-packages/airflow/example_dags/tutorial_dag.py
[2025-11-13T06:29:25.245+0000] {processor.py:830} INFO - Processing file /home/airflow/.local/lib/python3.8/site-packages/airflow/example_dags/tutorial_dag.py for tasks to queue
[2025-11-13T06:29:25.250+0000] {logging_mixin.py:188} INFO - [2025-11-13T06:29:25.249+0000] {dagbag.py:538} INFO - Filling up the DagBag from /home/airflow/.local/lib/python3.8/site-packages/airflow/example_dags/tutorial_dag.py
[2025-11-13T06:29:25.264+0000] {processor.py:840} INFO - DAG(s) 'tutorial_dag' retrieved from /home/airflow/.local/lib/python3.8/site-packages/airflow/example_dags/tutorial_dag.py
[2025-11-13T06:29:25.315+0000] {logging_mixin.py:188} INFO - [2025-11-13T06:29:25.314+0000] {dag.py:3036} INFO - Sync 1 DAGs
[2025-11-13T06:29:25.340+0000] {logging_mixin.py:188} INFO - [2025-11-13T06:29:25.339+0000] {dag.py:3823} INFO - Setting next_dagrun for tutorial_dag to None, run_after=None
[2025-11-13T06:29:25.377+0000] {processor.py:183} INFO - Processing /home/airflow/.local/lib/python3.8/site-packages/airflow/example_dags/tutorial_dag.py took 0.144 seconds
[2025-11-13T06:29:55.529+0000] {processor.py:161} INFO - Started process (PID=543) to work on /home/airflow/.local/lib/python3.8/site-packages/airflow/example_dags/tutorial_dag.py
[2025-11-13T06:29:55.532+0000] {processor.py:830} INFO - Processing file /home/airflow/.local/lib/python3.8/site-packages/airflow/example_dags/tutorial_dag.py for tasks to queue
[2025-11-13T06:29:55.536+0000] {logging_mixin.py:188} INFO - [2025-11-13T06:29:55.535+0000] {dagbag.py:538} INFO - Filling up the DagBag from /home/airflow/.local/lib/python3.8/site-packages/airflow/example_dags/tutorial_dag.py
[2025-11-13T06:29:55.547+0000] {processor.py:840} INFO - DAG(s) 'tutorial_dag' retrieved from /home/airflow/.local/lib/python3.8/site-packages/airflow/example_dags/tutorial_dag.py
[2025-11-13T06:29:55.592+0000] {logging_mixin.py:188} INFO - [2025-11-13T06:29:55.591+0000] {dag.py:3036} INFO - Sync 1 DAGs
[2025-11-13T06:29:55.619+0000] {logging_mixin.py:188} INFO - [2025-11-13T06:29:55.618+0000] {dag.py:3823} INFO - Setting next_dagrun for tutorial_dag to None, run_after=None
[2025-11-13T06:29:55.680+0000] {processor.py:183} INFO - Processing /home/airflow/.local/lib/python3.8/site-packages/airflow/example_dags/tutorial_dag.py took 0.160 seconds
[2025-11-13T06:30:25.891+0000] {processor.py:161} INFO - Started process (PID=605) to work on /home/airflow/.local/lib/python3.8/site-packages/airflow/example_dags/tutorial_dag.py
[2025-11-13T06:30:25.892+0000] {processor.py:830} INFO - Processing file /home/airflow/.local/lib/python3.8/site-packages/airflow/example_dags/tutorial_dag.py for tasks to queue
[2025-11-13T06:30:25.895+0000] {logging_mixin.py:188} INFO - [2025-11-13T06:30:25.895+0000] {dagbag.py:538} INFO - Filling up the DagBag from /home/airflow/.local/lib/python3.8/site-packages/airflow/example_dags/tutorial_dag.py
[2025-11-13T06:30:25.903+0000] {processor.py:840} INFO - DAG(s) 'tutorial_dag' retrieved from /home/airflow/.local/lib/python3.8/site-packages/airflow/example_dags/tutorial_dag.py
[2025-11-13T06:30:25.932+0000] {logging_mixin.py:188} INFO - [2025-11-13T06:30:25.932+0000] {dag.py:3036} INFO - Sync 1 DAGs
[2025-11-13T06:30:25.950+0000] {logging_mixin.py:188} INFO - [2025-11-13T06:30:25.949+0000] {dag.py:3823} INFO - Setting next_dagrun for tutorial_dag to None, run_after=None
[2025-11-13T06:30:25.979+0000] {processor.py:183} INFO - Processing /home/airflow/.local/lib/python3.8/site-packages/airflow/example_dags/tutorial_dag.py took 0.094 seconds
[2025-11-13T06:30:56.375+0000] {processor.py:161} INFO - Started process (PID=673) to work on /home/airflow/.local/lib/python3.8/site-packages/airflow/example_dags/tutorial_dag.py
[2025-11-13T06:30:56.379+0000] {processor.py:830} INFO - Processing file /home/airflow/.local/lib/python3.8/site-packages/airflow/example_dags/tutorial_dag.py for tasks to queue
[2025-11-13T06:30:56.383+0000] {logging_mixin.py:188} INFO - [2025-11-13T06:30:56.383+0000] {dagbag.py:538} INFO - Filling up the DagBag from /home/airflow/.local/lib/python3.8/site-packages/airflow/example_dags/tutorial_dag.py
[2025-11-13T06:30:56.393+0000] {processor.py:840} INFO - DAG(s) 'tutorial_dag' retrieved from /home/airflow/.local/lib/python3.8/site-packages/airflow/example_dags/tutorial_dag.py
[2025-11-13T06:30:56.434+0000] {logging_mixin.py:188} INFO - [2025-11-13T06:30:56.434+0000] {dag.py:3036} INFO - Sync 1 DAGs
[2025-11-13T06:30:56.460+0000] {logging_mixin.py:188} INFO - [2025-11-13T06:30:56.459+0000] {dag.py:3823} INFO - Setting next_dagrun for tutorial_dag to None, run_after=None
[2025-11-13T06:30:56.509+0000] {processor.py:183} INFO - Processing /home/airflow/.local/lib/python3.8/site-packages/airflow/example_dags/tutorial_dag.py took 0.141 seconds
[2025-11-13T06:31:27.575+0000] {processor.py:161} INFO - Started process (PID=735) to work on /home/airflow/.local/lib/python3.8/site-packages/airflow/example_dags/tutorial_dag.py
[2025-11-13T06:31:27.576+0000] {processor.py:830} INFO - Processing file /home/airflow/.local/lib/python3.8/site-packages/airflow/example_dags/tutorial_dag.py for tasks to queue
[2025-11-13T06:31:27.579+0000] {logging_mixin.py:188} INFO - [2025-11-13T06:31:27.578+0000] {dagbag.py:538} INFO - Filling up the DagBag from /home/airflow/.local/lib/python3.8/site-packages/airflow/example_dags/tutorial_dag.py
[2025-11-13T06:31:27.586+0000] {processor.py:840} INFO - DAG(s) 'tutorial_dag' retrieved from /home/airflow/.local/lib/python3.8/site-packages/airflow/example_dags/tutorial_dag.py
[2025-11-13T06:31:27.614+0000] {logging_mixin.py:188} INFO - [2025-11-13T06:31:27.614+0000] {dag.py:3036} INFO - Sync 1 DAGs
[2025-11-13T06:31:27.631+0000] {logging_mixin.py:188} INFO - [2025-11-13T06:31:27.631+0000] {dag.py:3823} INFO - Setting next_dagrun for tutorial_dag to None, run_after=None
[2025-11-13T06:31:27.658+0000] {processor.py:183} INFO - Processing /home/airflow/.local/lib/python3.8/site-packages/airflow/example_dags/tutorial_dag.py took 0.087 seconds
[2025-11-13T06:31:57.838+0000] {processor.py:161} INFO - Started process (PID=797) to work on /home/airflow/.local/lib/python3.8/site-packages/airflow/example_dags/tutorial_dag.py
[2025-11-13T06:31:57.841+0000] {processor.py:830} INFO - Processing file /home/airflow/.local/lib/python3.8/site-packages/airflow/example_dags/tutorial_dag.py for tasks to queue
[2025-11-13T06:31:57.847+0000] {logging_mixin.py:188} INFO - [2025-11-13T06:31:57.846+0000] {dagbag.py:538} INFO - Filling up the DagBag from /home/airflow/.local/lib/python3.8/site-packages/airflow/example_dags/tutorial_dag.py
[2025-11-13T06:31:57.864+0000] {processor.py:840} INFO - DAG(s) 'tutorial_dag' retrieved from /home/airflow/.local/lib/python3.8/site-packages/airflow/example_dags/tutorial_dag.py
[2025-11-13T06:31:57.921+0000] {logging_mixin.py:188} INFO - [2025-11-13T06:31:57.921+0000] {dag.py:3036} INFO - Sync 1 DAGs
[2025-11-13T06:31:57.951+0000] {logging_mixin.py:188} INFO - [2025-11-13T06:31:57.950+0000] {dag.py:3823} INFO - Setting next_dagrun for tutorial_dag to None, run_after=None
[2025-11-13T06:31:58.006+0000] {processor.py:183} INFO - Processing /home/airflow/.local/lib/python3.8/site-packages/airflow/example_dags/tutorial_dag.py took 0.179 seconds
[2025-11-13T06:32:28.829+0000] {processor.py:161} INFO - Started process (PID=859) to work on /home/airflow/.local/lib/python3.8/site-packages/airflow/example_dags/tutorial_dag.py
[2025-11-13T06:32:28.831+0000] {processor.py:830} INFO - Processing file /home/airflow/.local/lib/python3.8/site-packages/airflow/example_dags/tutorial_dag.py for tasks to queue
[2025-11-13T06:32:28.836+0000] {logging_mixin.py:188} INFO - [2025-11-13T06:32:28.835+0000] {dagbag.py:538} INFO - Filling up the DagBag from /home/airflow/.local/lib/python3.8/site-packages/airflow/example_dags/tutorial_dag.py
[2025-11-13T06:32:28.846+0000] {processor.py:840} INFO - DAG(s) 'tutorial_dag' retrieved from /home/airflow/.local/lib/python3.8/site-packages/airflow/example_dags/tutorial_dag.py
[2025-11-13T06:32:28.885+0000] {logging_mixin.py:188} INFO - [2025-11-13T06:32:28.885+0000] {dag.py:3036} INFO - Sync 1 DAGs
[2025-11-13T06:32:28.914+0000] {logging_mixin.py:188} INFO - [2025-11-13T06:32:28.914+0000] {dag.py:3823} INFO - Setting next_dagrun for tutorial_dag to None, run_after=None
[2025-11-13T06:32:28.956+0000] {processor.py:183} INFO - Processing /home/airflow/.local/lib/python3.8/site-packages/airflow/example_dags/tutorial_dag.py took 0.135 seconds
[2025-11-13T06:32:59.579+0000] {processor.py:161} INFO - Started process (PID=921) to work on /home/airflow/.local/lib/python3.8/site-packages/airflow/example_dags/tutorial_dag.py
[2025-11-13T06:32:59.582+0000] {processor.py:830} INFO - Processing file /home/airflow/.local/lib/python3.8/site-packages/airflow/example_dags/tutorial_dag.py for tasks to queue
[2025-11-13T06:32:59.588+0000] {logging_mixin.py:188} INFO - [2025-11-13T06:32:59.587+0000] {dagbag.py:538} INFO - Filling up the DagBag from /home/airflow/.local/lib/python3.8/site-packages/airflow/example_dags/tutorial_dag.py
[2025-11-13T06:32:59.601+0000] {processor.py:840} INFO - DAG(s) 'tutorial_dag' retrieved from /home/airflow/.local/lib/python3.8/site-packages/airflow/example_dags/tutorial_dag.py
[2025-11-13T06:32:59.649+0000] {logging_mixin.py:188} INFO - [2025-11-13T06:32:59.648+0000] {dag.py:3036} INFO - Sync 1 DAGs
[2025-11-13T06:32:59.706+0000] {logging_mixin.py:188} INFO - [2025-11-13T06:32:59.705+0000] {dag.py:3823} INFO - Setting next_dagrun for tutorial_dag to None, run_after=None
[2025-11-13T06:32:59.749+0000] {processor.py:183} INFO - Processing /home/airflow/.local/lib/python3.8/site-packages/airflow/example_dags/tutorial_dag.py took 0.179 seconds
[2025-11-13T06:33:30.106+0000] {processor.py:161} INFO - Started process (PID=983) to work on /home/airflow/.local/lib/python3.8/site-packages/airflow/example_dags/tutorial_dag.py
[2025-11-13T06:33:30.108+0000] {processor.py:830} INFO - Processing file /home/airflow/.local/lib/python3.8/site-packages/airflow/example_dags/tutorial_dag.py for tasks to queue
[2025-11-13T06:33:30.111+0000] {logging_mixin.py:188} INFO - [2025-11-13T06:33:30.110+0000] {dagbag.py:538} INFO - Filling up the DagBag from /home/airflow/.local/lib/python3.8/site-packages/airflow/example_dags/tutorial_dag.py
[2025-11-13T06:33:30.118+0000] {processor.py:840} INFO - DAG(s) 'tutorial_dag' retrieved from /home/airflow/.local/lib/python3.8/site-packages/airflow/example_dags/tutorial_dag.py
[2025-11-13T06:33:30.145+0000] {logging_mixin.py:188} INFO - [2025-11-13T06:33:30.144+0000] {dag.py:3036} INFO - Sync 1 DAGs
[2025-11-13T06:33:30.161+0000] {logging_mixin.py:188} INFO - [2025-11-13T06:33:30.160+0000] {dag.py:3823} INFO - Setting next_dagrun for tutorial_dag to None, run_after=None
[2025-11-13T06:33:30.188+0000] {processor.py:183} INFO - Processing /home/airflow/.local/lib/python3.8/site-packages/airflow/example_dags/tutorial_dag.py took 0.086 seconds
[2025-11-13T06:34:00.600+0000] {processor.py:161} INFO - Started process (PID=1045) to work on /home/airflow/.local/lib/python3.8/site-packages/airflow/example_dags/tutorial_dag.py
[2025-11-13T06:34:00.607+0000] {processor.py:830} INFO - Processing file /home/airflow/.local/lib/python3.8/site-packages/airflow/example_dags/tutorial_dag.py for tasks to queue
[2025-11-13T06:34:00.613+0000] {logging_mixin.py:188} INFO - [2025-11-13T06:34:00.612+0000] {dagbag.py:538} INFO - Filling up the DagBag from /home/airflow/.local/lib/python3.8/site-packages/airflow/example_dags/tutorial_dag.py
[2025-11-13T06:34:00.647+0000] {processor.py:840} INFO - DAG(s) 'tutorial_dag' retrieved from /home/airflow/.local/lib/python3.8/site-packages/airflow/example_dags/tutorial_dag.py
[2025-11-13T06:34:00.727+0000] {logging_mixin.py:188} INFO - [2025-11-13T06:34:00.727+0000] {dag.py:3036} INFO - Sync 1 DAGs
[2025-11-13T06:34:00.753+0000] {logging_mixin.py:188} INFO - [2025-11-13T06:34:00.753+0000] {dag.py:3823} INFO - Setting next_dagrun for tutorial_dag to None, run_after=None
[2025-11-13T06:34:00.795+0000] {processor.py:183} INFO - Processing /home/airflow/.local/lib/python3.8/site-packages/airflow/example_dags/tutorial_dag.py took 0.208 seconds
[2025-11-13T06:34:31.283+0000] {processor.py:161} INFO - Started process (PID=1107) to work on /home/airflow/.local/lib/python3.8/site-packages/airflow/example_dags/tutorial_dag.py
[2025-11-13T06:34:31.284+0000] {processor.py:830} INFO - Processing file /home/airflow/.local/lib/python3.8/site-packages/airflow/example_dags/tutorial_dag.py for tasks to queue
[2025-11-13T06:34:31.287+0000] {logging_mixin.py:188} INFO - [2025-11-13T06:34:31.287+0000] {dagbag.py:538} INFO - Filling up the DagBag from /home/airflow/.local/lib/python3.8/site-packages/airflow/example_dags/tutorial_dag.py
[2025-11-13T06:34:31.295+0000] {processor.py:840} INFO - DAG(s) 'tutorial_dag' retrieved from /home/airflow/.local/lib/python3.8/site-packages/airflow/example_dags/tutorial_dag.py
[2025-11-13T06:34:31.318+0000] {logging_mixin.py:188} INFO - [2025-11-13T06:34:31.318+0000] {dag.py:3036} INFO - Sync 1 DAGs
[2025-11-13T06:34:31.332+0000] {logging_mixin.py:188} INFO - [2025-11-13T06:34:31.332+0000] {dag.py:3823} INFO - Setting next_dagrun for tutorial_dag to None, run_after=None
[2025-11-13T06:34:31.356+0000] {processor.py:183} INFO - Processing /home/airflow/.local/lib/python3.8/site-packages/airflow/example_dags/tutorial_dag.py took 0.078 seconds
[2025-11-13T06:35:01.687+0000] {processor.py:161} INFO - Started process (PID=1169) to work on /home/airflow/.local/lib/python3.8/site-packages/airflow/example_dags/tutorial_dag.py
[2025-11-13T06:35:01.689+0000] {processor.py:830} INFO - Processing file /home/airflow/.local/lib/python3.8/site-packages/airflow/example_dags/tutorial_dag.py for tasks to queue
[2025-11-13T06:35:01.692+0000] {logging_mixin.py:188} INFO - [2025-11-13T06:35:01.692+0000] {dagbag.py:538} INFO - Filling up the DagBag from /home/airflow/.local/lib/python3.8/site-packages/airflow/example_dags/tutorial_dag.py
[2025-11-13T06:35:01.702+0000] {processor.py:840} INFO - DAG(s) 'tutorial_dag' retrieved from /home/airflow/.local/lib/python3.8/site-packages/airflow/example_dags/tutorial_dag.py
[2025-11-13T06:35:01.730+0000] {logging_mixin.py:188} INFO - [2025-11-13T06:35:01.730+0000] {dag.py:3036} INFO - Sync 1 DAGs
[2025-11-13T06:35:01.751+0000] {logging_mixin.py:188} INFO - [2025-11-13T06:35:01.751+0000] {dag.py:3823} INFO - Setting next_dagrun for tutorial_dag to None, run_after=None
[2025-11-13T06:35:01.778+0000] {processor.py:183} INFO - Processing /home/airflow/.local/lib/python3.8/site-packages/airflow/example_dags/tutorial_dag.py took 0.096 seconds
[2025-11-13T06:35:32.402+0000] {processor.py:161} INFO - Started process (PID=1231) to work on /home/airflow/.local/lib/python3.8/site-packages/airflow/example_dags/tutorial_dag.py
[2025-11-13T06:35:32.403+0000] {processor.py:830} INFO - Processing file /home/airflow/.local/lib/python3.8/site-packages/airflow/example_dags/tutorial_dag.py for tasks to queue
[2025-11-13T06:35:32.406+0000] {logging_mixin.py:188} INFO - [2025-11-13T06:35:32.406+0000] {dagbag.py:538} INFO - Filling up the DagBag from /home/airflow/.local/lib/python3.8/site-packages/airflow/example_dags/tutorial_dag.py
[2025-11-13T06:35:32.414+0000] {processor.py:840} INFO - DAG(s) 'tutorial_dag' retrieved from /home/airflow/.local/lib/python3.8/site-packages/airflow/example_dags/tutorial_dag.py
[2025-11-13T06:35:32.441+0000] {logging_mixin.py:188} INFO - [2025-11-13T06:35:32.441+0000] {dag.py:3036} INFO - Sync 1 DAGs
[2025-11-13T06:35:32.455+0000] {logging_mixin.py:188} INFO - [2025-11-13T06:35:32.455+0000] {dag.py:3823} INFO - Setting next_dagrun for tutorial_dag to None, run_after=None
[2025-11-13T06:35:32.481+0000] {processor.py:183} INFO - Processing /home/airflow/.local/lib/python3.8/site-packages/airflow/example_dags/tutorial_dag.py took 0.083 seconds
[2025-11-13T06:36:03.380+0000] {processor.py:161} INFO - Started process (PID=1293) to work on /home/airflow/.local/lib/python3.8/site-packages/airflow/example_dags/tutorial_dag.py
[2025-11-13T06:36:03.382+0000] {processor.py:830} INFO - Processing file /home/airflow/.local/lib/python3.8/site-packages/airflow/example_dags/tutorial_dag.py for tasks to queue
[2025-11-13T06:36:03.385+0000] {logging_mixin.py:188} INFO - [2025-11-13T06:36:03.385+0000] {dagbag.py:538} INFO - Filling up the DagBag from /home/airflow/.local/lib/python3.8/site-packages/airflow/example_dags/tutorial_dag.py
[2025-11-13T06:36:03.393+0000] {processor.py:840} INFO - DAG(s) 'tutorial_dag' retrieved from /home/airflow/.local/lib/python3.8/site-packages/airflow/example_dags/tutorial_dag.py
[2025-11-13T06:36:03.417+0000] {logging_mixin.py:188} INFO - [2025-11-13T06:36:03.417+0000] {dag.py:3036} INFO - Sync 1 DAGs
[2025-11-13T06:36:03.431+0000] {logging_mixin.py:188} INFO - [2025-11-13T06:36:03.431+0000] {dag.py:3823} INFO - Setting next_dagrun for tutorial_dag to None, run_after=None
[2025-11-13T06:36:03.454+0000] {processor.py:183} INFO - Processing /home/airflow/.local/lib/python3.8/site-packages/airflow/example_dags/tutorial_dag.py took 0.078 seconds
[2025-11-13T06:36:34.268+0000] {processor.py:161} INFO - Started process (PID=1356) to work on /home/airflow/.local/lib/python3.8/site-packages/airflow/example_dags/tutorial_dag.py
[2025-11-13T06:36:34.270+0000] {processor.py:830} INFO - Processing file /home/airflow/.local/lib/python3.8/site-packages/airflow/example_dags/tutorial_dag.py for tasks to queue
[2025-11-13T06:36:34.273+0000] {logging_mixin.py:188} INFO - [2025-11-13T06:36:34.272+0000] {dagbag.py:538} INFO - Filling up the DagBag from /home/airflow/.local/lib/python3.8/site-packages/airflow/example_dags/tutorial_dag.py
[2025-11-13T06:36:34.282+0000] {processor.py:840} INFO - DAG(s) 'tutorial_dag' retrieved from /home/airflow/.local/lib/python3.8/site-packages/airflow/example_dags/tutorial_dag.py
[2025-11-13T06:36:34.315+0000] {logging_mixin.py:188} INFO - [2025-11-13T06:36:34.314+0000] {dag.py:3036} INFO - Sync 1 DAGs
[2025-11-13T06:36:34.336+0000] {logging_mixin.py:188} INFO - [2025-11-13T06:36:34.336+0000] {dag.py:3823} INFO - Setting next_dagrun for tutorial_dag to None, run_after=None
[2025-11-13T06:36:34.363+0000] {processor.py:183} INFO - Processing /home/airflow/.local/lib/python3.8/site-packages/airflow/example_dags/tutorial_dag.py took 0.100 seconds
[2025-11-13T06:37:04.612+0000] {processor.py:161} INFO - Started process (PID=1418) to work on /home/airflow/.local/lib/python3.8/site-packages/airflow/example_dags/tutorial_dag.py
[2025-11-13T06:37:04.614+0000] {processor.py:830} INFO - Processing file /home/airflow/.local/lib/python3.8/site-packages/airflow/example_dags/tutorial_dag.py for tasks to queue
[2025-11-13T06:37:04.617+0000] {logging_mixin.py:188} INFO - [2025-11-13T06:37:04.617+0000] {dagbag.py:538} INFO - Filling up the DagBag from /home/airflow/.local/lib/python3.8/site-packages/airflow/example_dags/tutorial_dag.py
[2025-11-13T06:37:04.625+0000] {processor.py:840} INFO - DAG(s) 'tutorial_dag' retrieved from /home/airflow/.local/lib/python3.8/site-packages/airflow/example_dags/tutorial_dag.py
[2025-11-13T06:37:04.655+0000] {logging_mixin.py:188} INFO - [2025-11-13T06:37:04.654+0000] {dag.py:3036} INFO - Sync 1 DAGs
[2025-11-13T06:37:04.676+0000] {logging_mixin.py:188} INFO - [2025-11-13T06:37:04.675+0000] {dag.py:3823} INFO - Setting next_dagrun for tutorial_dag to None, run_after=None
[2025-11-13T06:37:04.703+0000] {processor.py:183} INFO - Processing /home/airflow/.local/lib/python3.8/site-packages/airflow/example_dags/tutorial_dag.py took 0.096 seconds
[2025-11-13T06:37:35.091+0000] {processor.py:161} INFO - Started process (PID=1480) to work on /home/airflow/.local/lib/python3.8/site-packages/airflow/example_dags/tutorial_dag.py
[2025-11-13T06:37:35.094+0000] {processor.py:830} INFO - Processing file /home/airflow/.local/lib/python3.8/site-packages/airflow/example_dags/tutorial_dag.py for tasks to queue
[2025-11-13T06:37:35.097+0000] {logging_mixin.py:188} INFO - [2025-11-13T06:37:35.097+0000] {dagbag.py:538} INFO - Filling up the DagBag from /home/airflow/.local/lib/python3.8/site-packages/airflow/example_dags/tutorial_dag.py
[2025-11-13T06:37:35.111+0000] {processor.py:840} INFO - DAG(s) 'tutorial_dag' retrieved from /home/airflow/.local/lib/python3.8/site-packages/airflow/example_dags/tutorial_dag.py
[2025-11-13T06:37:35.142+0000] {logging_mixin.py:188} INFO - [2025-11-13T06:37:35.142+0000] {dag.py:3036} INFO - Sync 1 DAGs
[2025-11-13T06:37:35.161+0000] {logging_mixin.py:188} INFO - [2025-11-13T06:37:35.161+0000] {dag.py:3823} INFO - Setting next_dagrun for tutorial_dag to None, run_after=None
[2025-11-13T06:37:35.191+0000] {processor.py:183} INFO - Processing /home/airflow/.local/lib/python3.8/site-packages/airflow/example_dags/tutorial_dag.py took 0.108 seconds
[2025-11-13T06:38:05.504+0000] {processor.py:161} INFO - Started process (PID=1542) to work on /home/airflow/.local/lib/python3.8/site-packages/airflow/example_dags/tutorial_dag.py
[2025-11-13T06:38:05.505+0000] {processor.py:830} INFO - Processing file /home/airflow/.local/lib/python3.8/site-packages/airflow/example_dags/tutorial_dag.py for tasks to queue
[2025-11-13T06:38:05.508+0000] {logging_mixin.py:188} INFO - [2025-11-13T06:38:05.508+0000] {dagbag.py:538} INFO - Filling up the DagBag from /home/airflow/.local/lib/python3.8/site-packages/airflow/example_dags/tutorial_dag.py
[2025-11-13T06:38:05.515+0000] {processor.py:840} INFO - DAG(s) 'tutorial_dag' retrieved from /home/airflow/.local/lib/python3.8/site-packages/airflow/example_dags/tutorial_dag.py
[2025-11-13T06:38:05.541+0000] {logging_mixin.py:188} INFO - [2025-11-13T06:38:05.541+0000] {dag.py:3036} INFO - Sync 1 DAGs
[2025-11-13T06:38:05.556+0000] {logging_mixin.py:188} INFO - [2025-11-13T06:38:05.556+0000] {dag.py:3823} INFO - Setting next_dagrun for tutorial_dag to None, run_after=None
[2025-11-13T06:38:05.581+0000] {processor.py:183} INFO - Processing /home/airflow/.local/lib/python3.8/site-packages/airflow/example_dags/tutorial_dag.py took 0.081 seconds
[2025-11-13T06:38:36.537+0000] {processor.py:161} INFO - Started process (PID=1604) to work on /home/airflow/.local/lib/python3.8/site-packages/airflow/example_dags/tutorial_dag.py
[2025-11-13T06:38:36.540+0000] {processor.py:830} INFO - Processing file /home/airflow/.local/lib/python3.8/site-packages/airflow/example_dags/tutorial_dag.py for tasks to queue
[2025-11-13T06:38:36.545+0000] {logging_mixin.py:188} INFO - [2025-11-13T06:38:36.544+0000] {dagbag.py:538} INFO - Filling up the DagBag from /home/airflow/.local/lib/python3.8/site-packages/airflow/example_dags/tutorial_dag.py
[2025-11-13T06:38:36.561+0000] {processor.py:840} INFO - DAG(s) 'tutorial_dag' retrieved from /home/airflow/.local/lib/python3.8/site-packages/airflow/example_dags/tutorial_dag.py
[2025-11-13T06:38:36.621+0000] {logging_mixin.py:188} INFO - [2025-11-13T06:38:36.618+0000] {dag.py:3036} INFO - Sync 1 DAGs
[2025-11-13T06:38:36.664+0000] {logging_mixin.py:188} INFO - [2025-11-13T06:38:36.664+0000] {dag.py:3823} INFO - Setting next_dagrun for tutorial_dag to None, run_after=None
[2025-11-13T06:38:36.744+0000] {processor.py:183} INFO - Processing /home/airflow/.local/lib/python3.8/site-packages/airflow/example_dags/tutorial_dag.py took 0.217 seconds
[2025-11-13T06:39:07.460+0000] {processor.py:161} INFO - Started process (PID=1666) to work on /home/airflow/.local/lib/python3.8/site-packages/airflow/example_dags/tutorial_dag.py
[2025-11-13T06:39:07.462+0000] {processor.py:830} INFO - Processing file /home/airflow/.local/lib/python3.8/site-packages/airflow/example_dags/tutorial_dag.py for tasks to queue
[2025-11-13T06:39:07.466+0000] {logging_mixin.py:188} INFO - [2025-11-13T06:39:07.465+0000] {dagbag.py:538} INFO - Filling up the DagBag from /home/airflow/.local/lib/python3.8/site-packages/airflow/example_dags/tutorial_dag.py
[2025-11-13T06:39:07.476+0000] {processor.py:840} INFO - DAG(s) 'tutorial_dag' retrieved from /home/airflow/.local/lib/python3.8/site-packages/airflow/example_dags/tutorial_dag.py
[2025-11-13T06:39:07.513+0000] {logging_mixin.py:188} INFO - [2025-11-13T06:39:07.513+0000] {dag.py:3036} INFO - Sync 1 DAGs
[2025-11-13T06:39:07.538+0000] {logging_mixin.py:188} INFO - [2025-11-13T06:39:07.538+0000] {dag.py:3823} INFO - Setting next_dagrun for tutorial_dag to None, run_after=None
[2025-11-13T06:39:07.571+0000] {processor.py:183} INFO - Processing /home/airflow/.local/lib/python3.8/site-packages/airflow/example_dags/tutorial_dag.py took 0.118 seconds
[2025-11-13T06:39:37.748+0000] {processor.py:161} INFO - Started process (PID=1728) to work on /home/airflow/.local/lib/python3.8/site-packages/airflow/example_dags/tutorial_dag.py
[2025-11-13T06:39:37.756+0000] {processor.py:830} INFO - Processing file /home/airflow/.local/lib/python3.8/site-packages/airflow/example_dags/tutorial_dag.py for tasks to queue
[2025-11-13T06:39:37.761+0000] {logging_mixin.py:188} INFO - [2025-11-13T06:39:37.760+0000] {dagbag.py:538} INFO - Filling up the DagBag from /home/airflow/.local/lib/python3.8/site-packages/airflow/example_dags/tutorial_dag.py
[2025-11-13T06:39:37.779+0000] {processor.py:840} INFO - DAG(s) 'tutorial_dag' retrieved from /home/airflow/.local/lib/python3.8/site-packages/airflow/example_dags/tutorial_dag.py
[2025-11-13T06:39:37.862+0000] {logging_mixin.py:188} INFO - [2025-11-13T06:39:37.861+0000] {dag.py:3036} INFO - Sync 1 DAGs
[2025-11-13T06:39:37.923+0000] {logging_mixin.py:188} INFO - [2025-11-13T06:39:37.923+0000] {dag.py:3823} INFO - Setting next_dagrun for tutorial_dag to None, run_after=None
[2025-11-13T06:39:38.013+0000] {processor.py:183} INFO - Processing /home/airflow/.local/lib/python3.8/site-packages/airflow/example_dags/tutorial_dag.py took 0.275 seconds
[2025-11-13T06:40:08.878+0000] {processor.py:161} INFO - Started process (PID=1790) to work on /home/airflow/.local/lib/python3.8/site-packages/airflow/example_dags/tutorial_dag.py
[2025-11-13T06:40:08.880+0000] {processor.py:830} INFO - Processing file /home/airflow/.local/lib/python3.8/site-packages/airflow/example_dags/tutorial_dag.py for tasks to queue
[2025-11-13T06:40:08.885+0000] {logging_mixin.py:188} INFO - [2025-11-13T06:40:08.884+0000] {dagbag.py:538} INFO - Filling up the DagBag from /home/airflow/.local/lib/python3.8/site-packages/airflow/example_dags/tutorial_dag.py
[2025-11-13T06:40:08.898+0000] {processor.py:840} INFO - DAG(s) 'tutorial_dag' retrieved from /home/airflow/.local/lib/python3.8/site-packages/airflow/example_dags/tutorial_dag.py
[2025-11-13T06:40:08.938+0000] {logging_mixin.py:188} INFO - [2025-11-13T06:40:08.938+0000] {dag.py:3036} INFO - Sync 1 DAGs
[2025-11-13T06:40:08.969+0000] {logging_mixin.py:188} INFO - [2025-11-13T06:40:08.969+0000] {dag.py:3823} INFO - Setting next_dagrun for tutorial_dag to None, run_after=None
[2025-11-13T06:40:09.009+0000] {processor.py:183} INFO - Processing /home/airflow/.local/lib/python3.8/site-packages/airflow/example_dags/tutorial_dag.py took 0.139 seconds
[2025-11-13T06:40:39.336+0000] {processor.py:161} INFO - Started process (PID=1852) to work on /home/airflow/.local/lib/python3.8/site-packages/airflow/example_dags/tutorial_dag.py
[2025-11-13T06:40:39.338+0000] {processor.py:830} INFO - Processing file /home/airflow/.local/lib/python3.8/site-packages/airflow/example_dags/tutorial_dag.py for tasks to queue
[2025-11-13T06:40:39.342+0000] {logging_mixin.py:188} INFO - [2025-11-13T06:40:39.342+0000] {dagbag.py:538} INFO - Filling up the DagBag from /home/airflow/.local/lib/python3.8/site-packages/airflow/example_dags/tutorial_dag.py
[2025-11-13T06:40:39.354+0000] {processor.py:840} INFO - DAG(s) 'tutorial_dag' retrieved from /home/airflow/.local/lib/python3.8/site-packages/airflow/example_dags/tutorial_dag.py
[2025-11-13T06:40:39.396+0000] {logging_mixin.py:188} INFO - [2025-11-13T06:40:39.396+0000] {dag.py:3036} INFO - Sync 1 DAGs
[2025-11-13T06:40:39.419+0000] {logging_mixin.py:188} INFO - [2025-11-13T06:40:39.419+0000] {dag.py:3823} INFO - Setting next_dagrun for tutorial_dag to None, run_after=None
[2025-11-13T06:40:39.461+0000] {processor.py:183} INFO - Processing /home/airflow/.local/lib/python3.8/site-packages/airflow/example_dags/tutorial_dag.py took 0.133 seconds
[2025-11-13T06:41:10.487+0000] {processor.py:161} INFO - Started process (PID=1914) to work on /home/airflow/.local/lib/python3.8/site-packages/airflow/example_dags/tutorial_dag.py
[2025-11-13T06:41:10.489+0000] {processor.py:830} INFO - Processing file /home/airflow/.local/lib/python3.8/site-packages/airflow/example_dags/tutorial_dag.py for tasks to queue
[2025-11-13T06:41:10.493+0000] {logging_mixin.py:188} INFO - [2025-11-13T06:41:10.492+0000] {dagbag.py:538} INFO - Filling up the DagBag from /home/airflow/.local/lib/python3.8/site-packages/airflow/example_dags/tutorial_dag.py
[2025-11-13T06:41:10.505+0000] {processor.py:840} INFO - DAG(s) 'tutorial_dag' retrieved from /home/airflow/.local/lib/python3.8/site-packages/airflow/example_dags/tutorial_dag.py
[2025-11-13T06:41:10.548+0000] {logging_mixin.py:188} INFO - [2025-11-13T06:41:10.547+0000] {dag.py:3036} INFO - Sync 1 DAGs
[2025-11-13T06:41:10.576+0000] {logging_mixin.py:188} INFO - [2025-11-13T06:41:10.575+0000] {dag.py:3823} INFO - Setting next_dagrun for tutorial_dag to None, run_after=None
[2025-11-13T06:41:10.619+0000] {processor.py:183} INFO - Processing /home/airflow/.local/lib/python3.8/site-packages/airflow/example_dags/tutorial_dag.py took 0.140 seconds
[2025-11-13T06:41:40.882+0000] {processor.py:161} INFO - Started process (PID=1976) to work on /home/airflow/.local/lib/python3.8/site-packages/airflow/example_dags/tutorial_dag.py
[2025-11-13T06:41:40.884+0000] {processor.py:830} INFO - Processing file /home/airflow/.local/lib/python3.8/site-packages/airflow/example_dags/tutorial_dag.py for tasks to queue
[2025-11-13T06:41:40.887+0000] {logging_mixin.py:188} INFO - [2025-11-13T06:41:40.887+0000] {dagbag.py:538} INFO - Filling up the DagBag from /home/airflow/.local/lib/python3.8/site-packages/airflow/example_dags/tutorial_dag.py
[2025-11-13T06:41:40.900+0000] {processor.py:840} INFO - DAG(s) 'tutorial_dag' retrieved from /home/airflow/.local/lib/python3.8/site-packages/airflow/example_dags/tutorial_dag.py
[2025-11-13T06:41:40.935+0000] {logging_mixin.py:188} INFO - [2025-11-13T06:41:40.935+0000] {dag.py:3036} INFO - Sync 1 DAGs
[2025-11-13T06:41:40.955+0000] {logging_mixin.py:188} INFO - [2025-11-13T06:41:40.955+0000] {dag.py:3823} INFO - Setting next_dagrun for tutorial_dag to None, run_after=None
[2025-11-13T06:41:40.995+0000] {processor.py:183} INFO - Processing /home/airflow/.local/lib/python3.8/site-packages/airflow/example_dags/tutorial_dag.py took 0.119 seconds
[2025-11-13T06:42:11.669+0000] {processor.py:161} INFO - Started process (PID=2038) to work on /home/airflow/.local/lib/python3.8/site-packages/airflow/example_dags/tutorial_dag.py
[2025-11-13T06:42:11.671+0000] {processor.py:830} INFO - Processing file /home/airflow/.local/lib/python3.8/site-packages/airflow/example_dags/tutorial_dag.py for tasks to queue
[2025-11-13T06:42:11.675+0000] {logging_mixin.py:188} INFO - [2025-11-13T06:42:11.675+0000] {dagbag.py:538} INFO - Filling up the DagBag from /home/airflow/.local/lib/python3.8/site-packages/airflow/example_dags/tutorial_dag.py
[2025-11-13T06:42:11.686+0000] {processor.py:840} INFO - DAG(s) 'tutorial_dag' retrieved from /home/airflow/.local/lib/python3.8/site-packages/airflow/example_dags/tutorial_dag.py
[2025-11-13T06:42:11.732+0000] {logging_mixin.py:188} INFO - [2025-11-13T06:42:11.732+0000] {dag.py:3036} INFO - Sync 1 DAGs
[2025-11-13T06:42:11.753+0000] {logging_mixin.py:188} INFO - [2025-11-13T06:42:11.753+0000] {dag.py:3823} INFO - Setting next_dagrun for tutorial_dag to None, run_after=None
[2025-11-13T06:42:11.786+0000] {processor.py:183} INFO - Processing /home/airflow/.local/lib/python3.8/site-packages/airflow/example_dags/tutorial_dag.py took 0.122 seconds
[2025-11-13T06:42:42.057+0000] {processor.py:161} INFO - Started process (PID=2100) to work on /home/airflow/.local/lib/python3.8/site-packages/airflow/example_dags/tutorial_dag.py
[2025-11-13T06:42:42.060+0000] {processor.py:830} INFO - Processing file /home/airflow/.local/lib/python3.8/site-packages/airflow/example_dags/tutorial_dag.py for tasks to queue
[2025-11-13T06:42:42.063+0000] {logging_mixin.py:188} INFO - [2025-11-13T06:42:42.063+0000] {dagbag.py:538} INFO - Filling up the DagBag from /home/airflow/.local/lib/python3.8/site-packages/airflow/example_dags/tutorial_dag.py
[2025-11-13T06:42:42.074+0000] {processor.py:840} INFO - DAG(s) 'tutorial_dag' retrieved from /home/airflow/.local/lib/python3.8/site-packages/airflow/example_dags/tutorial_dag.py
[2025-11-13T06:42:42.113+0000] {logging_mixin.py:188} INFO - [2025-11-13T06:42:42.112+0000] {dag.py:3036} INFO - Sync 1 DAGs
[2025-11-13T06:42:42.138+0000] {logging_mixin.py:188} INFO - [2025-11-13T06:42:42.138+0000] {dag.py:3823} INFO - Setting next_dagrun for tutorial_dag to None, run_after=None
[2025-11-13T06:42:42.172+0000] {processor.py:183} INFO - Processing /home/airflow/.local/lib/python3.8/site-packages/airflow/example_dags/tutorial_dag.py took 0.122 seconds
[2025-11-13T06:43:12.956+0000] {processor.py:161} INFO - Started process (PID=2162) to work on /home/airflow/.local/lib/python3.8/site-packages/airflow/example_dags/tutorial_dag.py
[2025-11-13T06:43:12.958+0000] {processor.py:830} INFO - Processing file /home/airflow/.local/lib/python3.8/site-packages/airflow/example_dags/tutorial_dag.py for tasks to queue
[2025-11-13T06:43:12.962+0000] {logging_mixin.py:188} INFO - [2025-11-13T06:43:12.962+0000] {dagbag.py:538} INFO - Filling up the DagBag from /home/airflow/.local/lib/python3.8/site-packages/airflow/example_dags/tutorial_dag.py
[2025-11-13T06:43:12.977+0000] {processor.py:840} INFO - DAG(s) 'tutorial_dag' retrieved from /home/airflow/.local/lib/python3.8/site-packages/airflow/example_dags/tutorial_dag.py
[2025-11-13T06:43:13.010+0000] {logging_mixin.py:188} INFO - [2025-11-13T06:43:13.010+0000] {dag.py:3036} INFO - Sync 1 DAGs
[2025-11-13T06:43:13.037+0000] {logging_mixin.py:188} INFO - [2025-11-13T06:43:13.037+0000] {dag.py:3823} INFO - Setting next_dagrun for tutorial_dag to None, run_after=None
[2025-11-13T06:43:13.072+0000] {processor.py:183} INFO - Processing /home/airflow/.local/lib/python3.8/site-packages/airflow/example_dags/tutorial_dag.py took 0.124 seconds
[2025-11-13T06:43:43.586+0000] {processor.py:161} INFO - Started process (PID=2225) to work on /home/airflow/.local/lib/python3.8/site-packages/airflow/example_dags/tutorial_dag.py
[2025-11-13T06:43:43.588+0000] {processor.py:830} INFO - Processing file /home/airflow/.local/lib/python3.8/site-packages/airflow/example_dags/tutorial_dag.py for tasks to queue
[2025-11-13T06:43:43.592+0000] {logging_mixin.py:188} INFO - [2025-11-13T06:43:43.591+0000] {dagbag.py:538} INFO - Filling up the DagBag from /home/airflow/.local/lib/python3.8/site-packages/airflow/example_dags/tutorial_dag.py
[2025-11-13T06:43:43.601+0000] {processor.py:840} INFO - DAG(s) 'tutorial_dag' retrieved from /home/airflow/.local/lib/python3.8/site-packages/airflow/example_dags/tutorial_dag.py
[2025-11-13T06:43:43.634+0000] {logging_mixin.py:188} INFO - [2025-11-13T06:43:43.634+0000] {dag.py:3036} INFO - Sync 1 DAGs
[2025-11-13T06:43:43.653+0000] {logging_mixin.py:188} INFO - [2025-11-13T06:43:43.652+0000] {dag.py:3823} INFO - Setting next_dagrun for tutorial_dag to None, run_after=None
[2025-11-13T06:43:43.685+0000] {processor.py:183} INFO - Processing /home/airflow/.local/lib/python3.8/site-packages/airflow/example_dags/tutorial_dag.py took 0.104 seconds
[2025-11-13T06:44:13.769+0000] {processor.py:161} INFO - Started process (PID=2285) to work on /home/airflow/.local/lib/python3.8/site-packages/airflow/example_dags/tutorial_dag.py
[2025-11-13T06:44:13.771+0000] {processor.py:830} INFO - Processing file /home/airflow/.local/lib/python3.8/site-packages/airflow/example_dags/tutorial_dag.py for tasks to queue
[2025-11-13T06:44:13.774+0000] {logging_mixin.py:188} INFO - [2025-11-13T06:44:13.773+0000] {dagbag.py:538} INFO - Filling up the DagBag from /home/airflow/.local/lib/python3.8/site-packages/airflow/example_dags/tutorial_dag.py
[2025-11-13T06:44:13.782+0000] {processor.py:840} INFO - DAG(s) 'tutorial_dag' retrieved from /home/airflow/.local/lib/python3.8/site-packages/airflow/example_dags/tutorial_dag.py
[2025-11-13T06:44:13.810+0000] {logging_mixin.py:188} INFO - [2025-11-13T06:44:13.810+0000] {dag.py:3036} INFO - Sync 1 DAGs
[2025-11-13T06:44:13.827+0000] {logging_mixin.py:188} INFO - [2025-11-13T06:44:13.827+0000] {dag.py:3823} INFO - Setting next_dagrun for tutorial_dag to None, run_after=None
[2025-11-13T06:44:13.857+0000] {processor.py:183} INFO - Processing /home/airflow/.local/lib/python3.8/site-packages/airflow/example_dags/tutorial_dag.py took 0.093 seconds
[2025-11-13T06:44:44.834+0000] {processor.py:161} INFO - Started process (PID=2347) to work on /home/airflow/.local/lib/python3.8/site-packages/airflow/example_dags/tutorial_dag.py
[2025-11-13T06:44:44.836+0000] {processor.py:830} INFO - Processing file /home/airflow/.local/lib/python3.8/site-packages/airflow/example_dags/tutorial_dag.py for tasks to queue
[2025-11-13T06:44:44.839+0000] {logging_mixin.py:188} INFO - [2025-11-13T06:44:44.839+0000] {dagbag.py:538} INFO - Filling up the DagBag from /home/airflow/.local/lib/python3.8/site-packages/airflow/example_dags/tutorial_dag.py
[2025-11-13T06:44:44.850+0000] {processor.py:840} INFO - DAG(s) 'tutorial_dag' retrieved from /home/airflow/.local/lib/python3.8/site-packages/airflow/example_dags/tutorial_dag.py
[2025-11-13T06:44:44.888+0000] {logging_mixin.py:188} INFO - [2025-11-13T06:44:44.887+0000] {dag.py:3036} INFO - Sync 1 DAGs
[2025-11-13T06:44:44.911+0000] {logging_mixin.py:188} INFO - [2025-11-13T06:44:44.910+0000] {dag.py:3823} INFO - Setting next_dagrun for tutorial_dag to None, run_after=None
[2025-11-13T06:44:44.949+0000] {processor.py:183} INFO - Processing /home/airflow/.local/lib/python3.8/site-packages/airflow/example_dags/tutorial_dag.py took 0.120 seconds
[2025-11-13T06:45:15.738+0000] {processor.py:161} INFO - Started process (PID=2409) to work on /home/airflow/.local/lib/python3.8/site-packages/airflow/example_dags/tutorial_dag.py
[2025-11-13T06:45:15.740+0000] {processor.py:830} INFO - Processing file /home/airflow/.local/lib/python3.8/site-packages/airflow/example_dags/tutorial_dag.py for tasks to queue
[2025-11-13T06:45:15.744+0000] {logging_mixin.py:188} INFO - [2025-11-13T06:45:15.743+0000] {dagbag.py:538} INFO - Filling up the DagBag from /home/airflow/.local/lib/python3.8/site-packages/airflow/example_dags/tutorial_dag.py
[2025-11-13T06:45:15.755+0000] {processor.py:840} INFO - DAG(s) 'tutorial_dag' retrieved from /home/airflow/.local/lib/python3.8/site-packages/airflow/example_dags/tutorial_dag.py
[2025-11-13T06:45:15.796+0000] {logging_mixin.py:188} INFO - [2025-11-13T06:45:15.795+0000] {dag.py:3036} INFO - Sync 1 DAGs
[2025-11-13T06:45:15.823+0000] {logging_mixin.py:188} INFO - [2025-11-13T06:45:15.823+0000] {dag.py:3823} INFO - Setting next_dagrun for tutorial_dag to None, run_after=None
[2025-11-13T06:45:15.865+0000] {processor.py:183} INFO - Processing /home/airflow/.local/lib/python3.8/site-packages/airflow/example_dags/tutorial_dag.py took 0.136 seconds
[2025-11-13T06:45:46.236+0000] {processor.py:161} INFO - Started process (PID=2471) to work on /home/airflow/.local/lib/python3.8/site-packages/airflow/example_dags/tutorial_dag.py
[2025-11-13T06:45:46.239+0000] {processor.py:830} INFO - Processing file /home/airflow/.local/lib/python3.8/site-packages/airflow/example_dags/tutorial_dag.py for tasks to queue
[2025-11-13T06:45:46.243+0000] {logging_mixin.py:188} INFO - [2025-11-13T06:45:46.242+0000] {dagbag.py:538} INFO - Filling up the DagBag from /home/airflow/.local/lib/python3.8/site-packages/airflow/example_dags/tutorial_dag.py
[2025-11-13T06:45:46.256+0000] {processor.py:840} INFO - DAG(s) 'tutorial_dag' retrieved from /home/airflow/.local/lib/python3.8/site-packages/airflow/example_dags/tutorial_dag.py
[2025-11-13T06:45:46.294+0000] {logging_mixin.py:188} INFO - [2025-11-13T06:45:46.294+0000] {dag.py:3036} INFO - Sync 1 DAGs
[2025-11-13T06:45:46.319+0000] {logging_mixin.py:188} INFO - [2025-11-13T06:45:46.318+0000] {dag.py:3823} INFO - Setting next_dagrun for tutorial_dag to None, run_after=None
[2025-11-13T06:45:46.352+0000] {processor.py:183} INFO - Processing /home/airflow/.local/lib/python3.8/site-packages/airflow/example_dags/tutorial_dag.py took 0.122 seconds
[2025-11-13T06:46:16.620+0000] {processor.py:161} INFO - Started process (PID=2534) to work on /home/airflow/.local/lib/python3.8/site-packages/airflow/example_dags/tutorial_dag.py
[2025-11-13T06:46:16.622+0000] {processor.py:830} INFO - Processing file /home/airflow/.local/lib/python3.8/site-packages/airflow/example_dags/tutorial_dag.py for tasks to queue
[2025-11-13T06:46:16.626+0000] {logging_mixin.py:188} INFO - [2025-11-13T06:46:16.625+0000] {dagbag.py:538} INFO - Filling up the DagBag from /home/airflow/.local/lib/python3.8/site-packages/airflow/example_dags/tutorial_dag.py
[2025-11-13T06:46:16.635+0000] {processor.py:840} INFO - DAG(s) 'tutorial_dag' retrieved from /home/airflow/.local/lib/python3.8/site-packages/airflow/example_dags/tutorial_dag.py
[2025-11-13T06:46:16.668+0000] {logging_mixin.py:188} INFO - [2025-11-13T06:46:16.667+0000] {dag.py:3036} INFO - Sync 1 DAGs
[2025-11-13T06:46:16.687+0000] {logging_mixin.py:188} INFO - [2025-11-13T06:46:16.687+0000] {dag.py:3823} INFO - Setting next_dagrun for tutorial_dag to None, run_after=None
[2025-11-13T06:46:16.721+0000] {processor.py:183} INFO - Processing /home/airflow/.local/lib/python3.8/site-packages/airflow/example_dags/tutorial_dag.py took 0.107 seconds
[2025-11-13T06:46:47.919+0000] {processor.py:161} INFO - Started process (PID=2597) to work on /home/airflow/.local/lib/python3.8/site-packages/airflow/example_dags/tutorial_dag.py
[2025-11-13T06:46:47.921+0000] {processor.py:830} INFO - Processing file /home/airflow/.local/lib/python3.8/site-packages/airflow/example_dags/tutorial_dag.py for tasks to queue
[2025-11-13T06:46:47.925+0000] {logging_mixin.py:188} INFO - [2025-11-13T06:46:47.924+0000] {dagbag.py:538} INFO - Filling up the DagBag from /home/airflow/.local/lib/python3.8/site-packages/airflow/example_dags/tutorial_dag.py
[2025-11-13T06:46:47.936+0000] {processor.py:840} INFO - DAG(s) 'tutorial_dag' retrieved from /home/airflow/.local/lib/python3.8/site-packages/airflow/example_dags/tutorial_dag.py
[2025-11-13T06:46:47.978+0000] {logging_mixin.py:188} INFO - [2025-11-13T06:46:47.978+0000] {dag.py:3036} INFO - Sync 1 DAGs
[2025-11-13T06:46:48.013+0000] {logging_mixin.py:188} INFO - [2025-11-13T06:46:48.012+0000] {dag.py:3823} INFO - Setting next_dagrun for tutorial_dag to None, run_after=None
[2025-11-13T06:46:48.050+0000] {processor.py:183} INFO - Processing /home/airflow/.local/lib/python3.8/site-packages/airflow/example_dags/tutorial_dag.py took 0.138 seconds
[2025-11-13T06:47:18.251+0000] {processor.py:161} INFO - Started process (PID=2659) to work on /home/airflow/.local/lib/python3.8/site-packages/airflow/example_dags/tutorial_dag.py
[2025-11-13T06:47:18.257+0000] {processor.py:830} INFO - Processing file /home/airflow/.local/lib/python3.8/site-packages/airflow/example_dags/tutorial_dag.py for tasks to queue
[2025-11-13T06:47:18.262+0000] {logging_mixin.py:188} INFO - [2025-11-13T06:47:18.262+0000] {dagbag.py:538} INFO - Filling up the DagBag from /home/airflow/.local/lib/python3.8/site-packages/airflow/example_dags/tutorial_dag.py
[2025-11-13T06:47:18.280+0000] {processor.py:840} INFO - DAG(s) 'tutorial_dag' retrieved from /home/airflow/.local/lib/python3.8/site-packages/airflow/example_dags/tutorial_dag.py
[2025-11-13T06:47:18.353+0000] {logging_mixin.py:188} INFO - [2025-11-13T06:47:18.353+0000] {dag.py:3036} INFO - Sync 1 DAGs
[2025-11-13T06:47:18.416+0000] {logging_mixin.py:188} INFO - [2025-11-13T06:47:18.416+0000] {dag.py:3823} INFO - Setting next_dagrun for tutorial_dag to None, run_after=None
[2025-11-13T06:47:18.498+0000] {processor.py:183} INFO - Processing /home/airflow/.local/lib/python3.8/site-packages/airflow/example_dags/tutorial_dag.py took 0.254 seconds
[2025-11-13T06:47:51.510+0000] {processor.py:161} INFO - Started process (PID=2722) to work on /home/airflow/.local/lib/python3.8/site-packages/airflow/example_dags/tutorial_dag.py
[2025-11-13T06:47:51.513+0000] {processor.py:830} INFO - Processing file /home/airflow/.local/lib/python3.8/site-packages/airflow/example_dags/tutorial_dag.py for tasks to queue
[2025-11-13T06:47:51.519+0000] {logging_mixin.py:188} INFO - [2025-11-13T06:47:51.518+0000] {dagbag.py:538} INFO - Filling up the DagBag from /home/airflow/.local/lib/python3.8/site-packages/airflow/example_dags/tutorial_dag.py
[2025-11-13T06:47:51.533+0000] {processor.py:840} INFO - DAG(s) 'tutorial_dag' retrieved from /home/airflow/.local/lib/python3.8/site-packages/airflow/example_dags/tutorial_dag.py
[2025-11-13T06:47:51.596+0000] {logging_mixin.py:188} INFO - [2025-11-13T06:47:51.594+0000] {dag.py:3036} INFO - Sync 1 DAGs
[2025-11-13T06:47:51.642+0000] {logging_mixin.py:188} INFO - [2025-11-13T06:47:51.642+0000] {dag.py:3823} INFO - Setting next_dagrun for tutorial_dag to None, run_after=None
[2025-11-13T06:47:51.717+0000] {processor.py:183} INFO - Processing /home/airflow/.local/lib/python3.8/site-packages/airflow/example_dags/tutorial_dag.py took 0.217 seconds
[2025-11-13T06:48:22.811+0000] {processor.py:161} INFO - Started process (PID=2784) to work on /home/airflow/.local/lib/python3.8/site-packages/airflow/example_dags/tutorial_dag.py
[2025-11-13T06:48:22.813+0000] {processor.py:830} INFO - Processing file /home/airflow/.local/lib/python3.8/site-packages/airflow/example_dags/tutorial_dag.py for tasks to queue
[2025-11-13T06:48:22.817+0000] {logging_mixin.py:188} INFO - [2025-11-13T06:48:22.816+0000] {dagbag.py:538} INFO - Filling up the DagBag from /home/airflow/.local/lib/python3.8/site-packages/airflow/example_dags/tutorial_dag.py
[2025-11-13T06:48:22.829+0000] {processor.py:840} INFO - DAG(s) 'tutorial_dag' retrieved from /home/airflow/.local/lib/python3.8/site-packages/airflow/example_dags/tutorial_dag.py
[2025-11-13T06:48:22.870+0000] {logging_mixin.py:188} INFO - [2025-11-13T06:48:22.869+0000] {dag.py:3036} INFO - Sync 1 DAGs
[2025-11-13T06:48:22.894+0000] {logging_mixin.py:188} INFO - [2025-11-13T06:48:22.893+0000] {dag.py:3823} INFO - Setting next_dagrun for tutorial_dag to None, run_after=None
[2025-11-13T06:48:22.943+0000] {processor.py:183} INFO - Processing /home/airflow/.local/lib/python3.8/site-packages/airflow/example_dags/tutorial_dag.py took 0.140 seconds
[2025-11-13T06:48:53.342+0000] {processor.py:161} INFO - Started process (PID=2846) to work on /home/airflow/.local/lib/python3.8/site-packages/airflow/example_dags/tutorial_dag.py
[2025-11-13T06:48:53.344+0000] {processor.py:830} INFO - Processing file /home/airflow/.local/lib/python3.8/site-packages/airflow/example_dags/tutorial_dag.py for tasks to queue
[2025-11-13T06:48:53.349+0000] {logging_mixin.py:188} INFO - [2025-11-13T06:48:53.348+0000] {dagbag.py:538} INFO - Filling up the DagBag from /home/airflow/.local/lib/python3.8/site-packages/airflow/example_dags/tutorial_dag.py
[2025-11-13T06:48:53.361+0000] {processor.py:840} INFO - DAG(s) 'tutorial_dag' retrieved from /home/airflow/.local/lib/python3.8/site-packages/airflow/example_dags/tutorial_dag.py
[2025-11-13T06:48:53.409+0000] {logging_mixin.py:188} INFO - [2025-11-13T06:48:53.408+0000] {dag.py:3036} INFO - Sync 1 DAGs
[2025-11-13T06:48:53.434+0000] {logging_mixin.py:188} INFO - [2025-11-13T06:48:53.433+0000] {dag.py:3823} INFO - Setting next_dagrun for tutorial_dag to None, run_after=None
[2025-11-13T06:48:53.489+0000] {processor.py:183} INFO - Processing /home/airflow/.local/lib/python3.8/site-packages/airflow/example_dags/tutorial_dag.py took 0.157 seconds
[2025-11-13T06:49:23.694+0000] {processor.py:161} INFO - Started process (PID=2908) to work on /home/airflow/.local/lib/python3.8/site-packages/airflow/example_dags/tutorial_dag.py
[2025-11-13T06:49:23.697+0000] {processor.py:830} INFO - Processing file /home/airflow/.local/lib/python3.8/site-packages/airflow/example_dags/tutorial_dag.py for tasks to queue
[2025-11-13T06:49:23.702+0000] {logging_mixin.py:188} INFO - [2025-11-13T06:49:23.701+0000] {dagbag.py:538} INFO - Filling up the DagBag from /home/airflow/.local/lib/python3.8/site-packages/airflow/example_dags/tutorial_dag.py
[2025-11-13T06:49:23.715+0000] {processor.py:840} INFO - DAG(s) 'tutorial_dag' retrieved from /home/airflow/.local/lib/python3.8/site-packages/airflow/example_dags/tutorial_dag.py
[2025-11-13T06:49:23.759+0000] {logging_mixin.py:188} INFO - [2025-11-13T06:49:23.758+0000] {dag.py:3036} INFO - Sync 1 DAGs
[2025-11-13T06:49:23.786+0000] {logging_mixin.py:188} INFO - [2025-11-13T06:49:23.786+0000] {dag.py:3823} INFO - Setting next_dagrun for tutorial_dag to None, run_after=None
[2025-11-13T06:49:23.831+0000] {processor.py:183} INFO - Processing /home/airflow/.local/lib/python3.8/site-packages/airflow/example_dags/tutorial_dag.py took 0.145 seconds
