[2025-11-13T06:26:27.671+0000] {processor.py:161} INFO - Started process (PID=130) to work on /home/airflow/.local/lib/python3.8/site-packages/airflow/example_dags/tutorial_objectstorage.py
[2025-11-13T06:26:27.677+0000] {processor.py:830} INFO - Processing file /home/airflow/.local/lib/python3.8/site-packages/airflow/example_dags/tutorial_objectstorage.py for tasks to queue
[2025-11-13T06:26:27.733+0000] {logging_mixin.py:188} INFO - [2025-11-13T06:26:27.732+0000] {dagbag.py:538} INFO - Filling up the DagBag from /home/airflow/.local/lib/python3.8/site-packages/airflow/example_dags/tutorial_objectstorage.py
[2025-11-13T06:26:27.830+0000] {processor.py:840} INFO - DAG(s) 'tutorial_objectstorage' retrieved from /home/airflow/.local/lib/python3.8/site-packages/airflow/example_dags/tutorial_objectstorage.py
[2025-11-13T06:26:27.949+0000] {logging_mixin.py:188} INFO - [2025-11-13T06:26:27.948+0000] {dag.py:3036} INFO - Sync 1 DAGs
[2025-11-13T06:26:28.050+0000] {logging_mixin.py:188} INFO - [2025-11-13T06:26:28.049+0000] {dag.py:3823} INFO - Setting next_dagrun for tutorial_objectstorage to None, run_after=None
[2025-11-13T06:26:28.173+0000] {processor.py:183} INFO - Processing /home/airflow/.local/lib/python3.8/site-packages/airflow/example_dags/tutorial_objectstorage.py took 0.534 seconds
[2025-11-13T06:26:58.669+0000] {processor.py:161} INFO - Started process (PID=192) to work on /home/airflow/.local/lib/python3.8/site-packages/airflow/example_dags/tutorial_objectstorage.py
[2025-11-13T06:26:58.670+0000] {processor.py:830} INFO - Processing file /home/airflow/.local/lib/python3.8/site-packages/airflow/example_dags/tutorial_objectstorage.py for tasks to queue
[2025-11-13T06:26:58.673+0000] {logging_mixin.py:188} INFO - [2025-11-13T06:26:58.672+0000] {dagbag.py:538} INFO - Filling up the DagBag from /home/airflow/.local/lib/python3.8/site-packages/airflow/example_dags/tutorial_objectstorage.py
[2025-11-13T06:26:58.681+0000] {processor.py:840} INFO - DAG(s) 'tutorial_objectstorage' retrieved from /home/airflow/.local/lib/python3.8/site-packages/airflow/example_dags/tutorial_objectstorage.py
[2025-11-13T06:26:58.807+0000] {logging_mixin.py:188} INFO - [2025-11-13T06:26:58.807+0000] {dag.py:3036} INFO - Sync 1 DAGs
[2025-11-13T06:26:58.819+0000] {logging_mixin.py:188} INFO - [2025-11-13T06:26:58.819+0000] {dag.py:3823} INFO - Setting next_dagrun for tutorial_objectstorage to None, run_after=None
[2025-11-13T06:26:58.851+0000] {processor.py:183} INFO - Processing /home/airflow/.local/lib/python3.8/site-packages/airflow/example_dags/tutorial_objectstorage.py took 0.186 seconds
[2025-11-13T06:27:29.154+0000] {processor.py:161} INFO - Started process (PID=254) to work on /home/airflow/.local/lib/python3.8/site-packages/airflow/example_dags/tutorial_objectstorage.py
[2025-11-13T06:27:29.156+0000] {processor.py:830} INFO - Processing file /home/airflow/.local/lib/python3.8/site-packages/airflow/example_dags/tutorial_objectstorage.py for tasks to queue
[2025-11-13T06:27:29.158+0000] {logging_mixin.py:188} INFO - [2025-11-13T06:27:29.158+0000] {dagbag.py:538} INFO - Filling up the DagBag from /home/airflow/.local/lib/python3.8/site-packages/airflow/example_dags/tutorial_objectstorage.py
[2025-11-13T06:27:29.167+0000] {processor.py:840} INFO - DAG(s) 'tutorial_objectstorage' retrieved from /home/airflow/.local/lib/python3.8/site-packages/airflow/example_dags/tutorial_objectstorage.py
[2025-11-13T06:27:29.191+0000] {logging_mixin.py:188} INFO - [2025-11-13T06:27:29.191+0000] {dag.py:3036} INFO - Sync 1 DAGs
[2025-11-13T06:27:29.211+0000] {logging_mixin.py:188} INFO - [2025-11-13T06:27:29.211+0000] {dag.py:3823} INFO - Setting next_dagrun for tutorial_objectstorage to None, run_after=None
[2025-11-13T06:27:29.238+0000] {processor.py:183} INFO - Processing /home/airflow/.local/lib/python3.8/site-packages/airflow/example_dags/tutorial_objectstorage.py took 0.088 seconds
[2025-11-13T06:27:59.446+0000] {processor.py:161} INFO - Started process (PID=316) to work on /home/airflow/.local/lib/python3.8/site-packages/airflow/example_dags/tutorial_objectstorage.py
[2025-11-13T06:27:59.448+0000] {processor.py:830} INFO - Processing file /home/airflow/.local/lib/python3.8/site-packages/airflow/example_dags/tutorial_objectstorage.py for tasks to queue
[2025-11-13T06:27:59.450+0000] {logging_mixin.py:188} INFO - [2025-11-13T06:27:59.450+0000] {dagbag.py:538} INFO - Filling up the DagBag from /home/airflow/.local/lib/python3.8/site-packages/airflow/example_dags/tutorial_objectstorage.py
[2025-11-13T06:27:59.460+0000] {processor.py:840} INFO - DAG(s) 'tutorial_objectstorage' retrieved from /home/airflow/.local/lib/python3.8/site-packages/airflow/example_dags/tutorial_objectstorage.py
[2025-11-13T06:27:59.490+0000] {logging_mixin.py:188} INFO - [2025-11-13T06:27:59.490+0000] {dag.py:3036} INFO - Sync 1 DAGs
[2025-11-13T06:27:59.507+0000] {logging_mixin.py:188} INFO - [2025-11-13T06:27:59.507+0000] {dag.py:3823} INFO - Setting next_dagrun for tutorial_objectstorage to None, run_after=None
[2025-11-13T06:27:59.544+0000] {processor.py:183} INFO - Processing /home/airflow/.local/lib/python3.8/site-packages/airflow/example_dags/tutorial_objectstorage.py took 0.103 seconds
[2025-11-13T06:28:30.154+0000] {processor.py:161} INFO - Started process (PID=379) to work on /home/airflow/.local/lib/python3.8/site-packages/airflow/example_dags/tutorial_objectstorage.py
[2025-11-13T06:28:30.156+0000] {processor.py:830} INFO - Processing file /home/airflow/.local/lib/python3.8/site-packages/airflow/example_dags/tutorial_objectstorage.py for tasks to queue
[2025-11-13T06:28:30.159+0000] {logging_mixin.py:188} INFO - [2025-11-13T06:28:30.158+0000] {dagbag.py:538} INFO - Filling up the DagBag from /home/airflow/.local/lib/python3.8/site-packages/airflow/example_dags/tutorial_objectstorage.py
[2025-11-13T06:28:30.167+0000] {processor.py:840} INFO - DAG(s) 'tutorial_objectstorage' retrieved from /home/airflow/.local/lib/python3.8/site-packages/airflow/example_dags/tutorial_objectstorage.py
[2025-11-13T06:28:30.195+0000] {logging_mixin.py:188} INFO - [2025-11-13T06:28:30.194+0000] {dag.py:3036} INFO - Sync 1 DAGs
[2025-11-13T06:28:30.210+0000] {logging_mixin.py:188} INFO - [2025-11-13T06:28:30.210+0000] {dag.py:3823} INFO - Setting next_dagrun for tutorial_objectstorage to None, run_after=None
[2025-11-13T06:28:30.243+0000] {processor.py:183} INFO - Processing /home/airflow/.local/lib/python3.8/site-packages/airflow/example_dags/tutorial_objectstorage.py took 0.093 seconds
[2025-11-13T06:29:00.808+0000] {processor.py:161} INFO - Started process (PID=441) to work on /home/airflow/.local/lib/python3.8/site-packages/airflow/example_dags/tutorial_objectstorage.py
[2025-11-13T06:29:00.810+0000] {processor.py:830} INFO - Processing file /home/airflow/.local/lib/python3.8/site-packages/airflow/example_dags/tutorial_objectstorage.py for tasks to queue
[2025-11-13T06:29:00.814+0000] {logging_mixin.py:188} INFO - [2025-11-13T06:29:00.813+0000] {dagbag.py:538} INFO - Filling up the DagBag from /home/airflow/.local/lib/python3.8/site-packages/airflow/example_dags/tutorial_objectstorage.py
[2025-11-13T06:29:00.825+0000] {processor.py:840} INFO - DAG(s) 'tutorial_objectstorage' retrieved from /home/airflow/.local/lib/python3.8/site-packages/airflow/example_dags/tutorial_objectstorage.py
[2025-11-13T06:29:00.862+0000] {logging_mixin.py:188} INFO - [2025-11-13T06:29:00.862+0000] {dag.py:3036} INFO - Sync 1 DAGs
[2025-11-13T06:29:00.884+0000] {logging_mixin.py:188} INFO - [2025-11-13T06:29:00.884+0000] {dag.py:3823} INFO - Setting next_dagrun for tutorial_objectstorage to None, run_after=None
[2025-11-13T06:29:00.925+0000] {processor.py:183} INFO - Processing /home/airflow/.local/lib/python3.8/site-packages/airflow/example_dags/tutorial_objectstorage.py took 0.123 seconds
[2025-11-13T06:29:31.272+0000] {processor.py:161} INFO - Started process (PID=503) to work on /home/airflow/.local/lib/python3.8/site-packages/airflow/example_dags/tutorial_objectstorage.py
[2025-11-13T06:29:31.276+0000] {processor.py:830} INFO - Processing file /home/airflow/.local/lib/python3.8/site-packages/airflow/example_dags/tutorial_objectstorage.py for tasks to queue
[2025-11-13T06:29:31.281+0000] {logging_mixin.py:188} INFO - [2025-11-13T06:29:31.280+0000] {dagbag.py:538} INFO - Filling up the DagBag from /home/airflow/.local/lib/python3.8/site-packages/airflow/example_dags/tutorial_objectstorage.py
[2025-11-13T06:29:31.303+0000] {processor.py:840} INFO - DAG(s) 'tutorial_objectstorage' retrieved from /home/airflow/.local/lib/python3.8/site-packages/airflow/example_dags/tutorial_objectstorage.py
[2025-11-13T06:29:31.406+0000] {logging_mixin.py:188} INFO - [2025-11-13T06:29:31.405+0000] {dag.py:3036} INFO - Sync 1 DAGs
[2025-11-13T06:29:31.491+0000] {logging_mixin.py:188} INFO - [2025-11-13T06:29:31.491+0000] {dag.py:3823} INFO - Setting next_dagrun for tutorial_objectstorage to None, run_after=None
[2025-11-13T06:29:31.623+0000] {processor.py:183} INFO - Processing /home/airflow/.local/lib/python3.8/site-packages/airflow/example_dags/tutorial_objectstorage.py took 0.358 seconds
[2025-11-13T06:30:01.947+0000] {processor.py:161} INFO - Started process (PID=565) to work on /home/airflow/.local/lib/python3.8/site-packages/airflow/example_dags/tutorial_objectstorage.py
[2025-11-13T06:30:01.950+0000] {processor.py:830} INFO - Processing file /home/airflow/.local/lib/python3.8/site-packages/airflow/example_dags/tutorial_objectstorage.py for tasks to queue
[2025-11-13T06:30:01.956+0000] {logging_mixin.py:188} INFO - [2025-11-13T06:30:01.955+0000] {dagbag.py:538} INFO - Filling up the DagBag from /home/airflow/.local/lib/python3.8/site-packages/airflow/example_dags/tutorial_objectstorage.py
[2025-11-13T06:30:01.972+0000] {processor.py:840} INFO - DAG(s) 'tutorial_objectstorage' retrieved from /home/airflow/.local/lib/python3.8/site-packages/airflow/example_dags/tutorial_objectstorage.py
[2025-11-13T06:30:02.027+0000] {logging_mixin.py:188} INFO - [2025-11-13T06:30:02.026+0000] {dag.py:3036} INFO - Sync 1 DAGs
[2025-11-13T06:30:02.059+0000] {logging_mixin.py:188} INFO - [2025-11-13T06:30:02.058+0000] {dag.py:3823} INFO - Setting next_dagrun for tutorial_objectstorage to None, run_after=None
[2025-11-13T06:30:02.103+0000] {processor.py:183} INFO - Processing /home/airflow/.local/lib/python3.8/site-packages/airflow/example_dags/tutorial_objectstorage.py took 0.164 seconds
[2025-11-13T06:30:32.324+0000] {processor.py:161} INFO - Started process (PID=627) to work on /home/airflow/.local/lib/python3.8/site-packages/airflow/example_dags/tutorial_objectstorage.py
[2025-11-13T06:30:32.326+0000] {processor.py:830} INFO - Processing file /home/airflow/.local/lib/python3.8/site-packages/airflow/example_dags/tutorial_objectstorage.py for tasks to queue
[2025-11-13T06:30:32.329+0000] {logging_mixin.py:188} INFO - [2025-11-13T06:30:32.328+0000] {dagbag.py:538} INFO - Filling up the DagBag from /home/airflow/.local/lib/python3.8/site-packages/airflow/example_dags/tutorial_objectstorage.py
[2025-11-13T06:30:32.337+0000] {processor.py:840} INFO - DAG(s) 'tutorial_objectstorage' retrieved from /home/airflow/.local/lib/python3.8/site-packages/airflow/example_dags/tutorial_objectstorage.py
[2025-11-13T06:30:32.363+0000] {logging_mixin.py:188} INFO - [2025-11-13T06:30:32.363+0000] {dag.py:3036} INFO - Sync 1 DAGs
[2025-11-13T06:30:32.378+0000] {logging_mixin.py:188} INFO - [2025-11-13T06:30:32.378+0000] {dag.py:3823} INFO - Setting next_dagrun for tutorial_objectstorage to None, run_after=None
[2025-11-13T06:30:32.412+0000] {processor.py:183} INFO - Processing /home/airflow/.local/lib/python3.8/site-packages/airflow/example_dags/tutorial_objectstorage.py took 0.092 seconds
[2025-11-13T06:31:02.833+0000] {processor.py:161} INFO - Started process (PID=689) to work on /home/airflow/.local/lib/python3.8/site-packages/airflow/example_dags/tutorial_objectstorage.py
[2025-11-13T06:31:02.835+0000] {processor.py:830} INFO - Processing file /home/airflow/.local/lib/python3.8/site-packages/airflow/example_dags/tutorial_objectstorage.py for tasks to queue
[2025-11-13T06:31:02.838+0000] {logging_mixin.py:188} INFO - [2025-11-13T06:31:02.838+0000] {dagbag.py:538} INFO - Filling up the DagBag from /home/airflow/.local/lib/python3.8/site-packages/airflow/example_dags/tutorial_objectstorage.py
[2025-11-13T06:31:02.848+0000] {processor.py:840} INFO - DAG(s) 'tutorial_objectstorage' retrieved from /home/airflow/.local/lib/python3.8/site-packages/airflow/example_dags/tutorial_objectstorage.py
[2025-11-13T06:31:02.873+0000] {logging_mixin.py:188} INFO - [2025-11-13T06:31:02.873+0000] {dag.py:3036} INFO - Sync 1 DAGs
[2025-11-13T06:31:02.888+0000] {logging_mixin.py:188} INFO - [2025-11-13T06:31:02.888+0000] {dag.py:3823} INFO - Setting next_dagrun for tutorial_objectstorage to None, run_after=None
[2025-11-13T06:31:02.924+0000] {processor.py:183} INFO - Processing /home/airflow/.local/lib/python3.8/site-packages/airflow/example_dags/tutorial_objectstorage.py took 0.096 seconds
[2025-11-13T06:31:32.998+0000] {processor.py:161} INFO - Started process (PID=751) to work on /home/airflow/.local/lib/python3.8/site-packages/airflow/example_dags/tutorial_objectstorage.py
[2025-11-13T06:31:33.000+0000] {processor.py:830} INFO - Processing file /home/airflow/.local/lib/python3.8/site-packages/airflow/example_dags/tutorial_objectstorage.py for tasks to queue
[2025-11-13T06:31:33.004+0000] {logging_mixin.py:188} INFO - [2025-11-13T06:31:33.003+0000] {dagbag.py:538} INFO - Filling up the DagBag from /home/airflow/.local/lib/python3.8/site-packages/airflow/example_dags/tutorial_objectstorage.py
[2025-11-13T06:31:33.014+0000] {processor.py:840} INFO - DAG(s) 'tutorial_objectstorage' retrieved from /home/airflow/.local/lib/python3.8/site-packages/airflow/example_dags/tutorial_objectstorage.py
[2025-11-13T06:31:33.042+0000] {logging_mixin.py:188} INFO - [2025-11-13T06:31:33.041+0000] {dag.py:3036} INFO - Sync 1 DAGs
[2025-11-13T06:31:33.057+0000] {logging_mixin.py:188} INFO - [2025-11-13T06:31:33.057+0000] {dag.py:3823} INFO - Setting next_dagrun for tutorial_objectstorage to None, run_after=None
[2025-11-13T06:31:33.082+0000] {processor.py:183} INFO - Processing /home/airflow/.local/lib/python3.8/site-packages/airflow/example_dags/tutorial_objectstorage.py took 0.089 seconds
[2025-11-13T06:32:03.382+0000] {processor.py:161} INFO - Started process (PID=813) to work on /home/airflow/.local/lib/python3.8/site-packages/airflow/example_dags/tutorial_objectstorage.py
[2025-11-13T06:32:03.384+0000] {processor.py:830} INFO - Processing file /home/airflow/.local/lib/python3.8/site-packages/airflow/example_dags/tutorial_objectstorage.py for tasks to queue
[2025-11-13T06:32:03.386+0000] {logging_mixin.py:188} INFO - [2025-11-13T06:32:03.386+0000] {dagbag.py:538} INFO - Filling up the DagBag from /home/airflow/.local/lib/python3.8/site-packages/airflow/example_dags/tutorial_objectstorage.py
[2025-11-13T06:32:03.394+0000] {processor.py:840} INFO - DAG(s) 'tutorial_objectstorage' retrieved from /home/airflow/.local/lib/python3.8/site-packages/airflow/example_dags/tutorial_objectstorage.py
[2025-11-13T06:32:03.417+0000] {logging_mixin.py:188} INFO - [2025-11-13T06:32:03.417+0000] {dag.py:3036} INFO - Sync 1 DAGs
[2025-11-13T06:32:03.432+0000] {logging_mixin.py:188} INFO - [2025-11-13T06:32:03.431+0000] {dag.py:3823} INFO - Setting next_dagrun for tutorial_objectstorage to None, run_after=None
[2025-11-13T06:32:03.456+0000] {processor.py:183} INFO - Processing /home/airflow/.local/lib/python3.8/site-packages/airflow/example_dags/tutorial_objectstorage.py took 0.078 seconds
[2025-11-13T06:32:33.582+0000] {processor.py:161} INFO - Started process (PID=875) to work on /home/airflow/.local/lib/python3.8/site-packages/airflow/example_dags/tutorial_objectstorage.py
[2025-11-13T06:32:33.583+0000] {processor.py:830} INFO - Processing file /home/airflow/.local/lib/python3.8/site-packages/airflow/example_dags/tutorial_objectstorage.py for tasks to queue
[2025-11-13T06:32:33.586+0000] {logging_mixin.py:188} INFO - [2025-11-13T06:32:33.586+0000] {dagbag.py:538} INFO - Filling up the DagBag from /home/airflow/.local/lib/python3.8/site-packages/airflow/example_dags/tutorial_objectstorage.py
[2025-11-13T06:32:33.595+0000] {processor.py:840} INFO - DAG(s) 'tutorial_objectstorage' retrieved from /home/airflow/.local/lib/python3.8/site-packages/airflow/example_dags/tutorial_objectstorage.py
[2025-11-13T06:32:33.628+0000] {logging_mixin.py:188} INFO - [2025-11-13T06:32:33.628+0000] {dag.py:3036} INFO - Sync 1 DAGs
[2025-11-13T06:32:33.647+0000] {logging_mixin.py:188} INFO - [2025-11-13T06:32:33.647+0000] {dag.py:3823} INFO - Setting next_dagrun for tutorial_objectstorage to None, run_after=None
[2025-11-13T06:32:33.675+0000] {processor.py:183} INFO - Processing /home/airflow/.local/lib/python3.8/site-packages/airflow/example_dags/tutorial_objectstorage.py took 0.098 seconds
[2025-11-13T06:33:04.629+0000] {processor.py:161} INFO - Started process (PID=937) to work on /home/airflow/.local/lib/python3.8/site-packages/airflow/example_dags/tutorial_objectstorage.py
[2025-11-13T06:33:04.631+0000] {processor.py:830} INFO - Processing file /home/airflow/.local/lib/python3.8/site-packages/airflow/example_dags/tutorial_objectstorage.py for tasks to queue
[2025-11-13T06:33:04.634+0000] {logging_mixin.py:188} INFO - [2025-11-13T06:33:04.633+0000] {dagbag.py:538} INFO - Filling up the DagBag from /home/airflow/.local/lib/python3.8/site-packages/airflow/example_dags/tutorial_objectstorage.py
[2025-11-13T06:33:04.646+0000] {processor.py:840} INFO - DAG(s) 'tutorial_objectstorage' retrieved from /home/airflow/.local/lib/python3.8/site-packages/airflow/example_dags/tutorial_objectstorage.py
[2025-11-13T06:33:04.682+0000] {logging_mixin.py:188} INFO - [2025-11-13T06:33:04.682+0000] {dag.py:3036} INFO - Sync 1 DAGs
[2025-11-13T06:33:04.707+0000] {logging_mixin.py:188} INFO - [2025-11-13T06:33:04.706+0000] {dag.py:3823} INFO - Setting next_dagrun for tutorial_objectstorage to None, run_after=None
[2025-11-13T06:33:04.739+0000] {processor.py:183} INFO - Processing /home/airflow/.local/lib/python3.8/site-packages/airflow/example_dags/tutorial_objectstorage.py took 0.116 seconds
[2025-11-13T06:33:34.984+0000] {processor.py:161} INFO - Started process (PID=999) to work on /home/airflow/.local/lib/python3.8/site-packages/airflow/example_dags/tutorial_objectstorage.py
[2025-11-13T06:33:34.986+0000] {processor.py:830} INFO - Processing file /home/airflow/.local/lib/python3.8/site-packages/airflow/example_dags/tutorial_objectstorage.py for tasks to queue
[2025-11-13T06:33:34.990+0000] {logging_mixin.py:188} INFO - [2025-11-13T06:33:34.989+0000] {dagbag.py:538} INFO - Filling up the DagBag from /home/airflow/.local/lib/python3.8/site-packages/airflow/example_dags/tutorial_objectstorage.py
[2025-11-13T06:33:35.003+0000] {processor.py:840} INFO - DAG(s) 'tutorial_objectstorage' retrieved from /home/airflow/.local/lib/python3.8/site-packages/airflow/example_dags/tutorial_objectstorage.py
[2025-11-13T06:33:35.037+0000] {logging_mixin.py:188} INFO - [2025-11-13T06:33:35.037+0000] {dag.py:3036} INFO - Sync 1 DAGs
[2025-11-13T06:33:35.057+0000] {logging_mixin.py:188} INFO - [2025-11-13T06:33:35.057+0000] {dag.py:3823} INFO - Setting next_dagrun for tutorial_objectstorage to None, run_after=None
[2025-11-13T06:33:35.093+0000] {processor.py:183} INFO - Processing /home/airflow/.local/lib/python3.8/site-packages/airflow/example_dags/tutorial_objectstorage.py took 0.116 seconds
[2025-11-13T06:34:05.827+0000] {processor.py:161} INFO - Started process (PID=1061) to work on /home/airflow/.local/lib/python3.8/site-packages/airflow/example_dags/tutorial_objectstorage.py
[2025-11-13T06:34:05.839+0000] {processor.py:830} INFO - Processing file /home/airflow/.local/lib/python3.8/site-packages/airflow/example_dags/tutorial_objectstorage.py for tasks to queue
[2025-11-13T06:34:05.845+0000] {logging_mixin.py:188} INFO - [2025-11-13T06:34:05.844+0000] {dagbag.py:538} INFO - Filling up the DagBag from /home/airflow/.local/lib/python3.8/site-packages/airflow/example_dags/tutorial_objectstorage.py
[2025-11-13T06:34:05.878+0000] {processor.py:840} INFO - DAG(s) 'tutorial_objectstorage' retrieved from /home/airflow/.local/lib/python3.8/site-packages/airflow/example_dags/tutorial_objectstorage.py
[2025-11-13T06:34:05.965+0000] {logging_mixin.py:188} INFO - [2025-11-13T06:34:05.964+0000] {dag.py:3036} INFO - Sync 1 DAGs
[2025-11-13T06:34:06.020+0000] {logging_mixin.py:188} INFO - [2025-11-13T06:34:06.020+0000] {dag.py:3823} INFO - Setting next_dagrun for tutorial_objectstorage to None, run_after=None
[2025-11-13T06:34:06.099+0000] {processor.py:183} INFO - Processing /home/airflow/.local/lib/python3.8/site-packages/airflow/example_dags/tutorial_objectstorage.py took 0.291 seconds
[2025-11-13T06:34:37.511+0000] {processor.py:161} INFO - Started process (PID=1123) to work on /home/airflow/.local/lib/python3.8/site-packages/airflow/example_dags/tutorial_objectstorage.py
[2025-11-13T06:34:37.514+0000] {processor.py:830} INFO - Processing file /home/airflow/.local/lib/python3.8/site-packages/airflow/example_dags/tutorial_objectstorage.py for tasks to queue
[2025-11-13T06:34:37.519+0000] {logging_mixin.py:188} INFO - [2025-11-13T06:34:37.518+0000] {dagbag.py:538} INFO - Filling up the DagBag from /home/airflow/.local/lib/python3.8/site-packages/airflow/example_dags/tutorial_objectstorage.py
[2025-11-13T06:34:37.546+0000] {processor.py:840} INFO - DAG(s) 'tutorial_objectstorage' retrieved from /home/airflow/.local/lib/python3.8/site-packages/airflow/example_dags/tutorial_objectstorage.py
[2025-11-13T06:34:37.599+0000] {logging_mixin.py:188} INFO - [2025-11-13T06:34:37.599+0000] {dag.py:3036} INFO - Sync 1 DAGs
[2025-11-13T06:34:37.628+0000] {logging_mixin.py:188} INFO - [2025-11-13T06:34:37.627+0000] {dag.py:3823} INFO - Setting next_dagrun for tutorial_objectstorage to None, run_after=None
[2025-11-13T06:34:37.666+0000] {processor.py:183} INFO - Processing /home/airflow/.local/lib/python3.8/site-packages/airflow/example_dags/tutorial_objectstorage.py took 0.165 seconds
[2025-11-13T06:35:08.316+0000] {processor.py:161} INFO - Started process (PID=1185) to work on /home/airflow/.local/lib/python3.8/site-packages/airflow/example_dags/tutorial_objectstorage.py
[2025-11-13T06:35:08.319+0000] {processor.py:830} INFO - Processing file /home/airflow/.local/lib/python3.8/site-packages/airflow/example_dags/tutorial_objectstorage.py for tasks to queue
[2025-11-13T06:35:08.326+0000] {logging_mixin.py:188} INFO - [2025-11-13T06:35:08.324+0000] {dagbag.py:538} INFO - Filling up the DagBag from /home/airflow/.local/lib/python3.8/site-packages/airflow/example_dags/tutorial_objectstorage.py
[2025-11-13T06:35:08.358+0000] {processor.py:840} INFO - DAG(s) 'tutorial_objectstorage' retrieved from /home/airflow/.local/lib/python3.8/site-packages/airflow/example_dags/tutorial_objectstorage.py
[2025-11-13T06:35:08.466+0000] {logging_mixin.py:188} INFO - [2025-11-13T06:35:08.462+0000] {dag.py:3036} INFO - Sync 1 DAGs
[2025-11-13T06:35:08.538+0000] {logging_mixin.py:188} INFO - [2025-11-13T06:35:08.538+0000] {dag.py:3823} INFO - Setting next_dagrun for tutorial_objectstorage to None, run_after=None
[2025-11-13T06:35:08.667+0000] {processor.py:183} INFO - Processing /home/airflow/.local/lib/python3.8/site-packages/airflow/example_dags/tutorial_objectstorage.py took 0.366 seconds
[2025-11-13T06:35:38.806+0000] {processor.py:161} INFO - Started process (PID=1247) to work on /home/airflow/.local/lib/python3.8/site-packages/airflow/example_dags/tutorial_objectstorage.py
[2025-11-13T06:35:38.808+0000] {processor.py:830} INFO - Processing file /home/airflow/.local/lib/python3.8/site-packages/airflow/example_dags/tutorial_objectstorage.py for tasks to queue
[2025-11-13T06:35:38.812+0000] {logging_mixin.py:188} INFO - [2025-11-13T06:35:38.811+0000] {dagbag.py:538} INFO - Filling up the DagBag from /home/airflow/.local/lib/python3.8/site-packages/airflow/example_dags/tutorial_objectstorage.py
[2025-11-13T06:35:38.823+0000] {processor.py:840} INFO - DAG(s) 'tutorial_objectstorage' retrieved from /home/airflow/.local/lib/python3.8/site-packages/airflow/example_dags/tutorial_objectstorage.py
[2025-11-13T06:35:38.852+0000] {logging_mixin.py:188} INFO - [2025-11-13T06:35:38.852+0000] {dag.py:3036} INFO - Sync 1 DAGs
[2025-11-13T06:35:38.869+0000] {logging_mixin.py:188} INFO - [2025-11-13T06:35:38.869+0000] {dag.py:3823} INFO - Setting next_dagrun for tutorial_objectstorage to None, run_after=None
[2025-11-13T06:35:38.895+0000] {processor.py:183} INFO - Processing /home/airflow/.local/lib/python3.8/site-packages/airflow/example_dags/tutorial_objectstorage.py took 0.095 seconds
[2025-11-13T06:36:09.251+0000] {processor.py:161} INFO - Started process (PID=1309) to work on /home/airflow/.local/lib/python3.8/site-packages/airflow/example_dags/tutorial_objectstorage.py
[2025-11-13T06:36:09.253+0000] {processor.py:830} INFO - Processing file /home/airflow/.local/lib/python3.8/site-packages/airflow/example_dags/tutorial_objectstorage.py for tasks to queue
[2025-11-13T06:36:09.256+0000] {logging_mixin.py:188} INFO - [2025-11-13T06:36:09.256+0000] {dagbag.py:538} INFO - Filling up the DagBag from /home/airflow/.local/lib/python3.8/site-packages/airflow/example_dags/tutorial_objectstorage.py
[2025-11-13T06:36:09.265+0000] {processor.py:840} INFO - DAG(s) 'tutorial_objectstorage' retrieved from /home/airflow/.local/lib/python3.8/site-packages/airflow/example_dags/tutorial_objectstorage.py
[2025-11-13T06:36:09.294+0000] {logging_mixin.py:188} INFO - [2025-11-13T06:36:09.293+0000] {dag.py:3036} INFO - Sync 1 DAGs
[2025-11-13T06:36:09.311+0000] {logging_mixin.py:188} INFO - [2025-11-13T06:36:09.311+0000] {dag.py:3823} INFO - Setting next_dagrun for tutorial_objectstorage to None, run_after=None
[2025-11-13T06:36:09.339+0000] {processor.py:183} INFO - Processing /home/airflow/.local/lib/python3.8/site-packages/airflow/example_dags/tutorial_objectstorage.py took 0.093 seconds
[2025-11-13T06:36:39.922+0000] {processor.py:161} INFO - Started process (PID=1372) to work on /home/airflow/.local/lib/python3.8/site-packages/airflow/example_dags/tutorial_objectstorage.py
[2025-11-13T06:36:39.924+0000] {processor.py:830} INFO - Processing file /home/airflow/.local/lib/python3.8/site-packages/airflow/example_dags/tutorial_objectstorage.py for tasks to queue
[2025-11-13T06:36:39.928+0000] {logging_mixin.py:188} INFO - [2025-11-13T06:36:39.927+0000] {dagbag.py:538} INFO - Filling up the DagBag from /home/airflow/.local/lib/python3.8/site-packages/airflow/example_dags/tutorial_objectstorage.py
[2025-11-13T06:36:39.943+0000] {processor.py:840} INFO - DAG(s) 'tutorial_objectstorage' retrieved from /home/airflow/.local/lib/python3.8/site-packages/airflow/example_dags/tutorial_objectstorage.py
[2025-11-13T06:36:39.983+0000] {logging_mixin.py:188} INFO - [2025-11-13T06:36:39.983+0000] {dag.py:3036} INFO - Sync 1 DAGs
[2025-11-13T06:36:40.005+0000] {logging_mixin.py:188} INFO - [2025-11-13T06:36:40.005+0000] {dag.py:3823} INFO - Setting next_dagrun for tutorial_objectstorage to None, run_after=None
[2025-11-13T06:36:40.042+0000] {processor.py:183} INFO - Processing /home/airflow/.local/lib/python3.8/site-packages/airflow/example_dags/tutorial_objectstorage.py took 0.125 seconds
[2025-11-13T06:37:10.903+0000] {processor.py:161} INFO - Started process (PID=1434) to work on /home/airflow/.local/lib/python3.8/site-packages/airflow/example_dags/tutorial_objectstorage.py
[2025-11-13T06:37:10.905+0000] {processor.py:830} INFO - Processing file /home/airflow/.local/lib/python3.8/site-packages/airflow/example_dags/tutorial_objectstorage.py for tasks to queue
[2025-11-13T06:37:10.908+0000] {logging_mixin.py:188} INFO - [2025-11-13T06:37:10.907+0000] {dagbag.py:538} INFO - Filling up the DagBag from /home/airflow/.local/lib/python3.8/site-packages/airflow/example_dags/tutorial_objectstorage.py
[2025-11-13T06:37:10.917+0000] {processor.py:840} INFO - DAG(s) 'tutorial_objectstorage' retrieved from /home/airflow/.local/lib/python3.8/site-packages/airflow/example_dags/tutorial_objectstorage.py
[2025-11-13T06:37:10.948+0000] {logging_mixin.py:188} INFO - [2025-11-13T06:37:10.947+0000] {dag.py:3036} INFO - Sync 1 DAGs
[2025-11-13T06:37:10.963+0000] {logging_mixin.py:188} INFO - [2025-11-13T06:37:10.963+0000] {dag.py:3823} INFO - Setting next_dagrun for tutorial_objectstorage to None, run_after=None
[2025-11-13T06:37:10.991+0000] {processor.py:183} INFO - Processing /home/airflow/.local/lib/python3.8/site-packages/airflow/example_dags/tutorial_objectstorage.py took 0.092 seconds
[2025-11-13T06:37:41.956+0000] {processor.py:161} INFO - Started process (PID=1496) to work on /home/airflow/.local/lib/python3.8/site-packages/airflow/example_dags/tutorial_objectstorage.py
[2025-11-13T06:37:41.959+0000] {processor.py:830} INFO - Processing file /home/airflow/.local/lib/python3.8/site-packages/airflow/example_dags/tutorial_objectstorage.py for tasks to queue
[2025-11-13T06:37:41.963+0000] {logging_mixin.py:188} INFO - [2025-11-13T06:37:41.962+0000] {dagbag.py:538} INFO - Filling up the DagBag from /home/airflow/.local/lib/python3.8/site-packages/airflow/example_dags/tutorial_objectstorage.py
[2025-11-13T06:37:41.973+0000] {processor.py:840} INFO - DAG(s) 'tutorial_objectstorage' retrieved from /home/airflow/.local/lib/python3.8/site-packages/airflow/example_dags/tutorial_objectstorage.py
[2025-11-13T06:37:41.998+0000] {logging_mixin.py:188} INFO - [2025-11-13T06:37:41.998+0000] {dag.py:3036} INFO - Sync 1 DAGs
[2025-11-13T06:37:42.012+0000] {logging_mixin.py:188} INFO - [2025-11-13T06:37:42.012+0000] {dag.py:3823} INFO - Setting next_dagrun for tutorial_objectstorage to None, run_after=None
[2025-11-13T06:37:42.036+0000] {processor.py:183} INFO - Processing /home/airflow/.local/lib/python3.8/site-packages/airflow/example_dags/tutorial_objectstorage.py took 0.089 seconds
[2025-11-13T06:38:12.766+0000] {processor.py:161} INFO - Started process (PID=1558) to work on /home/airflow/.local/lib/python3.8/site-packages/airflow/example_dags/tutorial_objectstorage.py
[2025-11-13T06:38:12.768+0000] {processor.py:830} INFO - Processing file /home/airflow/.local/lib/python3.8/site-packages/airflow/example_dags/tutorial_objectstorage.py for tasks to queue
[2025-11-13T06:38:12.771+0000] {logging_mixin.py:188} INFO - [2025-11-13T06:38:12.771+0000] {dagbag.py:538} INFO - Filling up the DagBag from /home/airflow/.local/lib/python3.8/site-packages/airflow/example_dags/tutorial_objectstorage.py
[2025-11-13T06:38:12.784+0000] {processor.py:840} INFO - DAG(s) 'tutorial_objectstorage' retrieved from /home/airflow/.local/lib/python3.8/site-packages/airflow/example_dags/tutorial_objectstorage.py
[2025-11-13T06:38:12.826+0000] {logging_mixin.py:188} INFO - [2025-11-13T06:38:12.825+0000] {dag.py:3036} INFO - Sync 1 DAGs
[2025-11-13T06:38:12.852+0000] {logging_mixin.py:188} INFO - [2025-11-13T06:38:12.852+0000] {dag.py:3823} INFO - Setting next_dagrun for tutorial_objectstorage to None, run_after=None
[2025-11-13T06:38:12.893+0000] {processor.py:183} INFO - Processing /home/airflow/.local/lib/python3.8/site-packages/airflow/example_dags/tutorial_objectstorage.py took 0.134 seconds
[2025-11-13T06:38:43.093+0000] {processor.py:161} INFO - Started process (PID=1621) to work on /home/airflow/.local/lib/python3.8/site-packages/airflow/example_dags/tutorial_objectstorage.py
[2025-11-13T06:38:43.095+0000] {processor.py:830} INFO - Processing file /home/airflow/.local/lib/python3.8/site-packages/airflow/example_dags/tutorial_objectstorage.py for tasks to queue
[2025-11-13T06:38:43.097+0000] {logging_mixin.py:188} INFO - [2025-11-13T06:38:43.097+0000] {dagbag.py:538} INFO - Filling up the DagBag from /home/airflow/.local/lib/python3.8/site-packages/airflow/example_dags/tutorial_objectstorage.py
[2025-11-13T06:38:43.105+0000] {processor.py:840} INFO - DAG(s) 'tutorial_objectstorage' retrieved from /home/airflow/.local/lib/python3.8/site-packages/airflow/example_dags/tutorial_objectstorage.py
[2025-11-13T06:38:43.132+0000] {logging_mixin.py:188} INFO - [2025-11-13T06:38:43.131+0000] {dag.py:3036} INFO - Sync 1 DAGs
[2025-11-13T06:38:43.147+0000] {logging_mixin.py:188} INFO - [2025-11-13T06:38:43.147+0000] {dag.py:3823} INFO - Setting next_dagrun for tutorial_objectstorage to None, run_after=None
[2025-11-13T06:38:43.173+0000] {processor.py:183} INFO - Processing /home/airflow/.local/lib/python3.8/site-packages/airflow/example_dags/tutorial_objectstorage.py took 0.084 seconds
[2025-11-13T06:39:14.271+0000] {processor.py:161} INFO - Started process (PID=1682) to work on /home/airflow/.local/lib/python3.8/site-packages/airflow/example_dags/tutorial_objectstorage.py
[2025-11-13T06:39:14.274+0000] {processor.py:830} INFO - Processing file /home/airflow/.local/lib/python3.8/site-packages/airflow/example_dags/tutorial_objectstorage.py for tasks to queue
[2025-11-13T06:39:14.279+0000] {logging_mixin.py:188} INFO - [2025-11-13T06:39:14.278+0000] {dagbag.py:538} INFO - Filling up the DagBag from /home/airflow/.local/lib/python3.8/site-packages/airflow/example_dags/tutorial_objectstorage.py
[2025-11-13T06:39:14.292+0000] {processor.py:840} INFO - DAG(s) 'tutorial_objectstorage' retrieved from /home/airflow/.local/lib/python3.8/site-packages/airflow/example_dags/tutorial_objectstorage.py
[2025-11-13T06:39:14.329+0000] {logging_mixin.py:188} INFO - [2025-11-13T06:39:14.329+0000] {dag.py:3036} INFO - Sync 1 DAGs
[2025-11-13T06:39:14.355+0000] {logging_mixin.py:188} INFO - [2025-11-13T06:39:14.355+0000] {dag.py:3823} INFO - Setting next_dagrun for tutorial_objectstorage to None, run_after=None
[2025-11-13T06:39:14.394+0000] {processor.py:183} INFO - Processing /home/airflow/.local/lib/python3.8/site-packages/airflow/example_dags/tutorial_objectstorage.py took 0.129 seconds
[2025-11-13T06:39:44.726+0000] {processor.py:161} INFO - Started process (PID=1744) to work on /home/airflow/.local/lib/python3.8/site-packages/airflow/example_dags/tutorial_objectstorage.py
[2025-11-13T06:39:44.729+0000] {processor.py:830} INFO - Processing file /home/airflow/.local/lib/python3.8/site-packages/airflow/example_dags/tutorial_objectstorage.py for tasks to queue
[2025-11-13T06:39:44.734+0000] {logging_mixin.py:188} INFO - [2025-11-13T06:39:44.734+0000] {dagbag.py:538} INFO - Filling up the DagBag from /home/airflow/.local/lib/python3.8/site-packages/airflow/example_dags/tutorial_objectstorage.py
[2025-11-13T06:39:44.750+0000] {processor.py:840} INFO - DAG(s) 'tutorial_objectstorage' retrieved from /home/airflow/.local/lib/python3.8/site-packages/airflow/example_dags/tutorial_objectstorage.py
[2025-11-13T06:39:44.789+0000] {logging_mixin.py:188} INFO - [2025-11-13T06:39:44.788+0000] {dag.py:3036} INFO - Sync 1 DAGs
[2025-11-13T06:39:44.820+0000] {logging_mixin.py:188} INFO - [2025-11-13T06:39:44.819+0000] {dag.py:3823} INFO - Setting next_dagrun for tutorial_objectstorage to None, run_after=None
[2025-11-13T06:39:44.868+0000] {processor.py:183} INFO - Processing /home/airflow/.local/lib/python3.8/site-packages/airflow/example_dags/tutorial_objectstorage.py took 0.151 seconds
[2025-11-13T06:40:15.542+0000] {processor.py:161} INFO - Started process (PID=1806) to work on /home/airflow/.local/lib/python3.8/site-packages/airflow/example_dags/tutorial_objectstorage.py
[2025-11-13T06:40:15.544+0000] {processor.py:830} INFO - Processing file /home/airflow/.local/lib/python3.8/site-packages/airflow/example_dags/tutorial_objectstorage.py for tasks to queue
[2025-11-13T06:40:15.548+0000] {logging_mixin.py:188} INFO - [2025-11-13T06:40:15.547+0000] {dagbag.py:538} INFO - Filling up the DagBag from /home/airflow/.local/lib/python3.8/site-packages/airflow/example_dags/tutorial_objectstorage.py
[2025-11-13T06:40:15.564+0000] {processor.py:840} INFO - DAG(s) 'tutorial_objectstorage' retrieved from /home/airflow/.local/lib/python3.8/site-packages/airflow/example_dags/tutorial_objectstorage.py
[2025-11-13T06:40:15.604+0000] {logging_mixin.py:188} INFO - [2025-11-13T06:40:15.604+0000] {dag.py:3036} INFO - Sync 1 DAGs
[2025-11-13T06:40:15.631+0000] {logging_mixin.py:188} INFO - [2025-11-13T06:40:15.631+0000] {dag.py:3823} INFO - Setting next_dagrun for tutorial_objectstorage to None, run_after=None
[2025-11-13T06:40:15.670+0000] {processor.py:183} INFO - Processing /home/airflow/.local/lib/python3.8/site-packages/airflow/example_dags/tutorial_objectstorage.py took 0.136 seconds
[2025-11-13T06:40:47.314+0000] {processor.py:161} INFO - Started process (PID=1868) to work on /home/airflow/.local/lib/python3.8/site-packages/airflow/example_dags/tutorial_objectstorage.py
[2025-11-13T06:40:47.319+0000] {processor.py:830} INFO - Processing file /home/airflow/.local/lib/python3.8/site-packages/airflow/example_dags/tutorial_objectstorage.py for tasks to queue
[2025-11-13T06:40:47.335+0000] {logging_mixin.py:188} INFO - [2025-11-13T06:40:47.334+0000] {dagbag.py:538} INFO - Filling up the DagBag from /home/airflow/.local/lib/python3.8/site-packages/airflow/example_dags/tutorial_objectstorage.py
[2025-11-13T06:40:47.373+0000] {processor.py:840} INFO - DAG(s) 'tutorial_objectstorage' retrieved from /home/airflow/.local/lib/python3.8/site-packages/airflow/example_dags/tutorial_objectstorage.py
[2025-11-13T06:40:47.511+0000] {logging_mixin.py:188} INFO - [2025-11-13T06:40:47.510+0000] {dag.py:3036} INFO - Sync 1 DAGs
[2025-11-13T06:40:47.605+0000] {logging_mixin.py:188} INFO - [2025-11-13T06:40:47.604+0000] {dag.py:3823} INFO - Setting next_dagrun for tutorial_objectstorage to None, run_after=None
[2025-11-13T06:40:47.740+0000] {processor.py:183} INFO - Processing /home/airflow/.local/lib/python3.8/site-packages/airflow/example_dags/tutorial_objectstorage.py took 0.447 seconds
[2025-11-13T06:41:18.007+0000] {processor.py:161} INFO - Started process (PID=1931) to work on /home/airflow/.local/lib/python3.8/site-packages/airflow/example_dags/tutorial_objectstorage.py
[2025-11-13T06:41:18.009+0000] {processor.py:830} INFO - Processing file /home/airflow/.local/lib/python3.8/site-packages/airflow/example_dags/tutorial_objectstorage.py for tasks to queue
[2025-11-13T06:41:18.014+0000] {logging_mixin.py:188} INFO - [2025-11-13T06:41:18.013+0000] {dagbag.py:538} INFO - Filling up the DagBag from /home/airflow/.local/lib/python3.8/site-packages/airflow/example_dags/tutorial_objectstorage.py
[2025-11-13T06:41:18.042+0000] {processor.py:840} INFO - DAG(s) 'tutorial_objectstorage' retrieved from /home/airflow/.local/lib/python3.8/site-packages/airflow/example_dags/tutorial_objectstorage.py
[2025-11-13T06:41:18.108+0000] {logging_mixin.py:188} INFO - [2025-11-13T06:41:18.106+0000] {dag.py:3036} INFO - Sync 1 DAGs
[2025-11-13T06:41:18.151+0000] {logging_mixin.py:188} INFO - [2025-11-13T06:41:18.151+0000] {dag.py:3823} INFO - Setting next_dagrun for tutorial_objectstorage to None, run_after=None
[2025-11-13T06:41:18.232+0000] {processor.py:183} INFO - Processing /home/airflow/.local/lib/python3.8/site-packages/airflow/example_dags/tutorial_objectstorage.py took 0.239 seconds
[2025-11-13T06:41:49.173+0000] {processor.py:161} INFO - Started process (PID=1993) to work on /home/airflow/.local/lib/python3.8/site-packages/airflow/example_dags/tutorial_objectstorage.py
[2025-11-13T06:41:49.176+0000] {processor.py:830} INFO - Processing file /home/airflow/.local/lib/python3.8/site-packages/airflow/example_dags/tutorial_objectstorage.py for tasks to queue
[2025-11-13T06:41:49.192+0000] {logging_mixin.py:188} INFO - [2025-11-13T06:41:49.191+0000] {dagbag.py:538} INFO - Filling up the DagBag from /home/airflow/.local/lib/python3.8/site-packages/airflow/example_dags/tutorial_objectstorage.py
[2025-11-13T06:41:49.218+0000] {processor.py:840} INFO - DAG(s) 'tutorial_objectstorage' retrieved from /home/airflow/.local/lib/python3.8/site-packages/airflow/example_dags/tutorial_objectstorage.py
[2025-11-13T06:41:49.321+0000] {logging_mixin.py:188} INFO - [2025-11-13T06:41:49.320+0000] {dag.py:3036} INFO - Sync 1 DAGs
[2025-11-13T06:41:49.387+0000] {logging_mixin.py:188} INFO - [2025-11-13T06:41:49.386+0000] {dag.py:3823} INFO - Setting next_dagrun for tutorial_objectstorage to None, run_after=None
[2025-11-13T06:41:49.492+0000] {processor.py:183} INFO - Processing /home/airflow/.local/lib/python3.8/site-packages/airflow/example_dags/tutorial_objectstorage.py took 0.338 seconds
[2025-11-13T06:42:19.772+0000] {processor.py:161} INFO - Started process (PID=2055) to work on /home/airflow/.local/lib/python3.8/site-packages/airflow/example_dags/tutorial_objectstorage.py
[2025-11-13T06:42:19.774+0000] {processor.py:830} INFO - Processing file /home/airflow/.local/lib/python3.8/site-packages/airflow/example_dags/tutorial_objectstorage.py for tasks to queue
[2025-11-13T06:42:19.778+0000] {logging_mixin.py:188} INFO - [2025-11-13T06:42:19.777+0000] {dagbag.py:538} INFO - Filling up the DagBag from /home/airflow/.local/lib/python3.8/site-packages/airflow/example_dags/tutorial_objectstorage.py
[2025-11-13T06:42:19.792+0000] {processor.py:840} INFO - DAG(s) 'tutorial_objectstorage' retrieved from /home/airflow/.local/lib/python3.8/site-packages/airflow/example_dags/tutorial_objectstorage.py
[2025-11-13T06:42:19.838+0000] {logging_mixin.py:188} INFO - [2025-11-13T06:42:19.838+0000] {dag.py:3036} INFO - Sync 1 DAGs
[2025-11-13T06:42:19.864+0000] {logging_mixin.py:188} INFO - [2025-11-13T06:42:19.864+0000] {dag.py:3823} INFO - Setting next_dagrun for tutorial_objectstorage to None, run_after=None
[2025-11-13T06:42:19.914+0000] {processor.py:183} INFO - Processing /home/airflow/.local/lib/python3.8/site-packages/airflow/example_dags/tutorial_objectstorage.py took 0.151 seconds
[2025-11-13T06:42:50.515+0000] {processor.py:161} INFO - Started process (PID=2117) to work on /home/airflow/.local/lib/python3.8/site-packages/airflow/example_dags/tutorial_objectstorage.py
[2025-11-13T06:42:50.517+0000] {processor.py:830} INFO - Processing file /home/airflow/.local/lib/python3.8/site-packages/airflow/example_dags/tutorial_objectstorage.py for tasks to queue
[2025-11-13T06:42:50.520+0000] {logging_mixin.py:188} INFO - [2025-11-13T06:42:50.520+0000] {dagbag.py:538} INFO - Filling up the DagBag from /home/airflow/.local/lib/python3.8/site-packages/airflow/example_dags/tutorial_objectstorage.py
[2025-11-13T06:42:50.530+0000] {processor.py:840} INFO - DAG(s) 'tutorial_objectstorage' retrieved from /home/airflow/.local/lib/python3.8/site-packages/airflow/example_dags/tutorial_objectstorage.py
[2025-11-13T06:42:50.558+0000] {logging_mixin.py:188} INFO - [2025-11-13T06:42:50.557+0000] {dag.py:3036} INFO - Sync 1 DAGs
[2025-11-13T06:42:50.575+0000] {logging_mixin.py:188} INFO - [2025-11-13T06:42:50.575+0000] {dag.py:3823} INFO - Setting next_dagrun for tutorial_objectstorage to None, run_after=None
[2025-11-13T06:42:50.605+0000] {processor.py:183} INFO - Processing /home/airflow/.local/lib/python3.8/site-packages/airflow/example_dags/tutorial_objectstorage.py took 0.095 seconds
[2025-11-13T06:43:20.985+0000] {processor.py:161} INFO - Started process (PID=2179) to work on /home/airflow/.local/lib/python3.8/site-packages/airflow/example_dags/tutorial_objectstorage.py
[2025-11-13T06:43:20.986+0000] {processor.py:830} INFO - Processing file /home/airflow/.local/lib/python3.8/site-packages/airflow/example_dags/tutorial_objectstorage.py for tasks to queue
[2025-11-13T06:43:20.989+0000] {logging_mixin.py:188} INFO - [2025-11-13T06:43:20.989+0000] {dagbag.py:538} INFO - Filling up the DagBag from /home/airflow/.local/lib/python3.8/site-packages/airflow/example_dags/tutorial_objectstorage.py
[2025-11-13T06:43:21.003+0000] {processor.py:840} INFO - DAG(s) 'tutorial_objectstorage' retrieved from /home/airflow/.local/lib/python3.8/site-packages/airflow/example_dags/tutorial_objectstorage.py
[2025-11-13T06:43:21.031+0000] {logging_mixin.py:188} INFO - [2025-11-13T06:43:21.031+0000] {dag.py:3036} INFO - Sync 1 DAGs
[2025-11-13T06:43:21.046+0000] {logging_mixin.py:188} INFO - [2025-11-13T06:43:21.045+0000] {dag.py:3823} INFO - Setting next_dagrun for tutorial_objectstorage to None, run_after=None
[2025-11-13T06:43:21.073+0000] {processor.py:183} INFO - Processing /home/airflow/.local/lib/python3.8/site-packages/airflow/example_dags/tutorial_objectstorage.py took 0.093 seconds
[2025-11-13T06:43:51.325+0000] {processor.py:161} INFO - Started process (PID=2242) to work on /home/airflow/.local/lib/python3.8/site-packages/airflow/example_dags/tutorial_objectstorage.py
[2025-11-13T06:43:51.327+0000] {processor.py:830} INFO - Processing file /home/airflow/.local/lib/python3.8/site-packages/airflow/example_dags/tutorial_objectstorage.py for tasks to queue
[2025-11-13T06:43:51.330+0000] {logging_mixin.py:188} INFO - [2025-11-13T06:43:51.329+0000] {dagbag.py:538} INFO - Filling up the DagBag from /home/airflow/.local/lib/python3.8/site-packages/airflow/example_dags/tutorial_objectstorage.py
[2025-11-13T06:43:51.338+0000] {processor.py:840} INFO - DAG(s) 'tutorial_objectstorage' retrieved from /home/airflow/.local/lib/python3.8/site-packages/airflow/example_dags/tutorial_objectstorage.py
[2025-11-13T06:43:51.364+0000] {logging_mixin.py:188} INFO - [2025-11-13T06:43:51.363+0000] {dag.py:3036} INFO - Sync 1 DAGs
[2025-11-13T06:43:51.378+0000] {logging_mixin.py:188} INFO - [2025-11-13T06:43:51.378+0000] {dag.py:3823} INFO - Setting next_dagrun for tutorial_objectstorage to None, run_after=None
[2025-11-13T06:43:51.404+0000] {processor.py:183} INFO - Processing /home/airflow/.local/lib/python3.8/site-packages/airflow/example_dags/tutorial_objectstorage.py took 0.084 seconds
[2025-11-13T06:44:21.514+0000] {processor.py:161} INFO - Started process (PID=2304) to work on /home/airflow/.local/lib/python3.8/site-packages/airflow/example_dags/tutorial_objectstorage.py
[2025-11-13T06:44:21.516+0000] {processor.py:830} INFO - Processing file /home/airflow/.local/lib/python3.8/site-packages/airflow/example_dags/tutorial_objectstorage.py for tasks to queue
[2025-11-13T06:44:21.523+0000] {logging_mixin.py:188} INFO - [2025-11-13T06:44:21.523+0000] {dagbag.py:538} INFO - Filling up the DagBag from /home/airflow/.local/lib/python3.8/site-packages/airflow/example_dags/tutorial_objectstorage.py
[2025-11-13T06:44:21.537+0000] {processor.py:840} INFO - DAG(s) 'tutorial_objectstorage' retrieved from /home/airflow/.local/lib/python3.8/site-packages/airflow/example_dags/tutorial_objectstorage.py
[2025-11-13T06:44:21.574+0000] {logging_mixin.py:188} INFO - [2025-11-13T06:44:21.573+0000] {dag.py:3036} INFO - Sync 1 DAGs
[2025-11-13T06:44:21.596+0000] {logging_mixin.py:188} INFO - [2025-11-13T06:44:21.596+0000] {dag.py:3823} INFO - Setting next_dagrun for tutorial_objectstorage to None, run_after=None
[2025-11-13T06:44:21.630+0000] {processor.py:183} INFO - Processing /home/airflow/.local/lib/python3.8/site-packages/airflow/example_dags/tutorial_objectstorage.py took 0.128 seconds
[2025-11-13T06:44:53.060+0000] {processor.py:161} INFO - Started process (PID=2366) to work on /home/airflow/.local/lib/python3.8/site-packages/airflow/example_dags/tutorial_objectstorage.py
[2025-11-13T06:44:53.062+0000] {processor.py:830} INFO - Processing file /home/airflow/.local/lib/python3.8/site-packages/airflow/example_dags/tutorial_objectstorage.py for tasks to queue
[2025-11-13T06:44:53.066+0000] {logging_mixin.py:188} INFO - [2025-11-13T06:44:53.066+0000] {dagbag.py:538} INFO - Filling up the DagBag from /home/airflow/.local/lib/python3.8/site-packages/airflow/example_dags/tutorial_objectstorage.py
[2025-11-13T06:44:53.079+0000] {processor.py:840} INFO - DAG(s) 'tutorial_objectstorage' retrieved from /home/airflow/.local/lib/python3.8/site-packages/airflow/example_dags/tutorial_objectstorage.py
[2025-11-13T06:44:53.119+0000] {logging_mixin.py:188} INFO - [2025-11-13T06:44:53.119+0000] {dag.py:3036} INFO - Sync 1 DAGs
[2025-11-13T06:44:53.146+0000] {logging_mixin.py:188} INFO - [2025-11-13T06:44:53.146+0000] {dag.py:3823} INFO - Setting next_dagrun for tutorial_objectstorage to None, run_after=None
[2025-11-13T06:44:53.185+0000] {processor.py:183} INFO - Processing /home/airflow/.local/lib/python3.8/site-packages/airflow/example_dags/tutorial_objectstorage.py took 0.132 seconds
[2025-11-13T06:45:24.048+0000] {processor.py:161} INFO - Started process (PID=2428) to work on /home/airflow/.local/lib/python3.8/site-packages/airflow/example_dags/tutorial_objectstorage.py
[2025-11-13T06:45:24.050+0000] {processor.py:830} INFO - Processing file /home/airflow/.local/lib/python3.8/site-packages/airflow/example_dags/tutorial_objectstorage.py for tasks to queue
[2025-11-13T06:45:24.053+0000] {logging_mixin.py:188} INFO - [2025-11-13T06:45:24.052+0000] {dagbag.py:538} INFO - Filling up the DagBag from /home/airflow/.local/lib/python3.8/site-packages/airflow/example_dags/tutorial_objectstorage.py
[2025-11-13T06:45:24.063+0000] {processor.py:840} INFO - DAG(s) 'tutorial_objectstorage' retrieved from /home/airflow/.local/lib/python3.8/site-packages/airflow/example_dags/tutorial_objectstorage.py
[2025-11-13T06:45:24.090+0000] {logging_mixin.py:188} INFO - [2025-11-13T06:45:24.090+0000] {dag.py:3036} INFO - Sync 1 DAGs
[2025-11-13T06:45:24.107+0000] {logging_mixin.py:188} INFO - [2025-11-13T06:45:24.106+0000] {dag.py:3823} INFO - Setting next_dagrun for tutorial_objectstorage to None, run_after=None
[2025-11-13T06:45:24.136+0000] {processor.py:183} INFO - Processing /home/airflow/.local/lib/python3.8/site-packages/airflow/example_dags/tutorial_objectstorage.py took 0.093 seconds
[2025-11-13T06:45:54.767+0000] {processor.py:161} INFO - Started process (PID=2490) to work on /home/airflow/.local/lib/python3.8/site-packages/airflow/example_dags/tutorial_objectstorage.py
[2025-11-13T06:45:54.769+0000] {processor.py:830} INFO - Processing file /home/airflow/.local/lib/python3.8/site-packages/airflow/example_dags/tutorial_objectstorage.py for tasks to queue
[2025-11-13T06:45:54.773+0000] {logging_mixin.py:188} INFO - [2025-11-13T06:45:54.773+0000] {dagbag.py:538} INFO - Filling up the DagBag from /home/airflow/.local/lib/python3.8/site-packages/airflow/example_dags/tutorial_objectstorage.py
[2025-11-13T06:45:54.785+0000] {processor.py:840} INFO - DAG(s) 'tutorial_objectstorage' retrieved from /home/airflow/.local/lib/python3.8/site-packages/airflow/example_dags/tutorial_objectstorage.py
[2025-11-13T06:45:54.815+0000] {logging_mixin.py:188} INFO - [2025-11-13T06:45:54.815+0000] {dag.py:3036} INFO - Sync 1 DAGs
[2025-11-13T06:45:54.835+0000] {logging_mixin.py:188} INFO - [2025-11-13T06:45:54.834+0000] {dag.py:3823} INFO - Setting next_dagrun for tutorial_objectstorage to None, run_after=None
[2025-11-13T06:45:54.865+0000] {processor.py:183} INFO - Processing /home/airflow/.local/lib/python3.8/site-packages/airflow/example_dags/tutorial_objectstorage.py took 0.106 seconds
[2025-11-13T06:46:25.478+0000] {processor.py:161} INFO - Started process (PID=2553) to work on /home/airflow/.local/lib/python3.8/site-packages/airflow/example_dags/tutorial_objectstorage.py
[2025-11-13T06:46:25.480+0000] {processor.py:830} INFO - Processing file /home/airflow/.local/lib/python3.8/site-packages/airflow/example_dags/tutorial_objectstorage.py for tasks to queue
[2025-11-13T06:46:25.485+0000] {logging_mixin.py:188} INFO - [2025-11-13T06:46:25.484+0000] {dagbag.py:538} INFO - Filling up the DagBag from /home/airflow/.local/lib/python3.8/site-packages/airflow/example_dags/tutorial_objectstorage.py
[2025-11-13T06:46:25.511+0000] {processor.py:840} INFO - DAG(s) 'tutorial_objectstorage' retrieved from /home/airflow/.local/lib/python3.8/site-packages/airflow/example_dags/tutorial_objectstorage.py
[2025-11-13T06:46:25.548+0000] {logging_mixin.py:188} INFO - [2025-11-13T06:46:25.547+0000] {dag.py:3036} INFO - Sync 1 DAGs
[2025-11-13T06:46:25.574+0000] {logging_mixin.py:188} INFO - [2025-11-13T06:46:25.573+0000] {dag.py:3823} INFO - Setting next_dagrun for tutorial_objectstorage to None, run_after=None
[2025-11-13T06:46:25.615+0000] {processor.py:183} INFO - Processing /home/airflow/.local/lib/python3.8/site-packages/airflow/example_dags/tutorial_objectstorage.py took 0.142 seconds
[2025-11-13T06:46:55.778+0000] {processor.py:161} INFO - Started process (PID=2615) to work on /home/airflow/.local/lib/python3.8/site-packages/airflow/example_dags/tutorial_objectstorage.py
[2025-11-13T06:46:55.781+0000] {processor.py:830} INFO - Processing file /home/airflow/.local/lib/python3.8/site-packages/airflow/example_dags/tutorial_objectstorage.py for tasks to queue
[2025-11-13T06:46:55.786+0000] {logging_mixin.py:188} INFO - [2025-11-13T06:46:55.785+0000] {dagbag.py:538} INFO - Filling up the DagBag from /home/airflow/.local/lib/python3.8/site-packages/airflow/example_dags/tutorial_objectstorage.py
[2025-11-13T06:46:55.804+0000] {processor.py:840} INFO - DAG(s) 'tutorial_objectstorage' retrieved from /home/airflow/.local/lib/python3.8/site-packages/airflow/example_dags/tutorial_objectstorage.py
[2025-11-13T06:46:55.855+0000] {logging_mixin.py:188} INFO - [2025-11-13T06:46:55.854+0000] {dag.py:3036} INFO - Sync 1 DAGs
[2025-11-13T06:46:55.889+0000] {logging_mixin.py:188} INFO - [2025-11-13T06:46:55.888+0000] {dag.py:3823} INFO - Setting next_dagrun for tutorial_objectstorage to None, run_after=None
[2025-11-13T06:46:55.931+0000] {processor.py:183} INFO - Processing /home/airflow/.local/lib/python3.8/site-packages/airflow/example_dags/tutorial_objectstorage.py took 0.160 seconds
[2025-11-13T06:47:26.169+0000] {processor.py:161} INFO - Started process (PID=2677) to work on /home/airflow/.local/lib/python3.8/site-packages/airflow/example_dags/tutorial_objectstorage.py
[2025-11-13T06:47:26.171+0000] {processor.py:830} INFO - Processing file /home/airflow/.local/lib/python3.8/site-packages/airflow/example_dags/tutorial_objectstorage.py for tasks to queue
[2025-11-13T06:47:26.173+0000] {logging_mixin.py:188} INFO - [2025-11-13T06:47:26.173+0000] {dagbag.py:538} INFO - Filling up the DagBag from /home/airflow/.local/lib/python3.8/site-packages/airflow/example_dags/tutorial_objectstorage.py
[2025-11-13T06:47:26.185+0000] {processor.py:840} INFO - DAG(s) 'tutorial_objectstorage' retrieved from /home/airflow/.local/lib/python3.8/site-packages/airflow/example_dags/tutorial_objectstorage.py
[2025-11-13T06:47:26.213+0000] {logging_mixin.py:188} INFO - [2025-11-13T06:47:26.213+0000] {dag.py:3036} INFO - Sync 1 DAGs
[2025-11-13T06:47:26.233+0000] {logging_mixin.py:188} INFO - [2025-11-13T06:47:26.233+0000] {dag.py:3823} INFO - Setting next_dagrun for tutorial_objectstorage to None, run_after=None
[2025-11-13T06:47:26.261+0000] {processor.py:183} INFO - Processing /home/airflow/.local/lib/python3.8/site-packages/airflow/example_dags/tutorial_objectstorage.py took 0.096 seconds
[2025-11-13T06:47:57.991+0000] {processor.py:161} INFO - Started process (PID=2741) to work on /home/airflow/.local/lib/python3.8/site-packages/airflow/example_dags/tutorial_objectstorage.py
[2025-11-13T06:47:57.995+0000] {processor.py:830} INFO - Processing file /home/airflow/.local/lib/python3.8/site-packages/airflow/example_dags/tutorial_objectstorage.py for tasks to queue
[2025-11-13T06:47:58.007+0000] {logging_mixin.py:188} INFO - [2025-11-13T06:47:58.006+0000] {dagbag.py:538} INFO - Filling up the DagBag from /home/airflow/.local/lib/python3.8/site-packages/airflow/example_dags/tutorial_objectstorage.py
[2025-11-13T06:47:58.032+0000] {processor.py:840} INFO - DAG(s) 'tutorial_objectstorage' retrieved from /home/airflow/.local/lib/python3.8/site-packages/airflow/example_dags/tutorial_objectstorage.py
[2025-11-13T06:47:58.074+0000] {logging_mixin.py:188} INFO - [2025-11-13T06:47:58.074+0000] {dag.py:3036} INFO - Sync 1 DAGs
[2025-11-13T06:47:58.100+0000] {logging_mixin.py:188} INFO - [2025-11-13T06:47:58.100+0000] {dag.py:3823} INFO - Setting next_dagrun for tutorial_objectstorage to None, run_after=None
[2025-11-13T06:47:58.146+0000] {processor.py:183} INFO - Processing /home/airflow/.local/lib/python3.8/site-packages/airflow/example_dags/tutorial_objectstorage.py took 0.174 seconds
[2025-11-13T06:48:28.276+0000] {processor.py:161} INFO - Started process (PID=2803) to work on /home/airflow/.local/lib/python3.8/site-packages/airflow/example_dags/tutorial_objectstorage.py
[2025-11-13T06:48:28.278+0000] {processor.py:830} INFO - Processing file /home/airflow/.local/lib/python3.8/site-packages/airflow/example_dags/tutorial_objectstorage.py for tasks to queue
[2025-11-13T06:48:28.284+0000] {logging_mixin.py:188} INFO - [2025-11-13T06:48:28.283+0000] {dagbag.py:538} INFO - Filling up the DagBag from /home/airflow/.local/lib/python3.8/site-packages/airflow/example_dags/tutorial_objectstorage.py
[2025-11-13T06:48:28.311+0000] {processor.py:840} INFO - DAG(s) 'tutorial_objectstorage' retrieved from /home/airflow/.local/lib/python3.8/site-packages/airflow/example_dags/tutorial_objectstorage.py
[2025-11-13T06:48:28.420+0000] {logging_mixin.py:188} INFO - [2025-11-13T06:48:28.419+0000] {dag.py:3036} INFO - Sync 1 DAGs
[2025-11-13T06:48:28.465+0000] {logging_mixin.py:188} INFO - [2025-11-13T06:48:28.465+0000] {dag.py:3823} INFO - Setting next_dagrun for tutorial_objectstorage to None, run_after=None
[2025-11-13T06:48:28.584+0000] {processor.py:183} INFO - Processing /home/airflow/.local/lib/python3.8/site-packages/airflow/example_dags/tutorial_objectstorage.py took 0.316 seconds
[2025-11-13T06:49:02.848+0000] {processor.py:161} INFO - Started process (PID=2873) to work on /home/airflow/.local/lib/python3.8/site-packages/airflow/example_dags/tutorial_objectstorage.py
[2025-11-13T06:49:02.851+0000] {processor.py:830} INFO - Processing file /home/airflow/.local/lib/python3.8/site-packages/airflow/example_dags/tutorial_objectstorage.py for tasks to queue
[2025-11-13T06:49:02.855+0000] {logging_mixin.py:188} INFO - [2025-11-13T06:49:02.854+0000] {dagbag.py:538} INFO - Filling up the DagBag from /home/airflow/.local/lib/python3.8/site-packages/airflow/example_dags/tutorial_objectstorage.py
[2025-11-13T06:49:02.874+0000] {processor.py:840} INFO - DAG(s) 'tutorial_objectstorage' retrieved from /home/airflow/.local/lib/python3.8/site-packages/airflow/example_dags/tutorial_objectstorage.py
[2025-11-13T06:49:02.919+0000] {logging_mixin.py:188} INFO - [2025-11-13T06:49:02.918+0000] {dag.py:3036} INFO - Sync 1 DAGs
[2025-11-13T06:49:02.946+0000] {logging_mixin.py:188} INFO - [2025-11-13T06:49:02.946+0000] {dag.py:3823} INFO - Setting next_dagrun for tutorial_objectstorage to None, run_after=None
[2025-11-13T06:49:03.325+0000] {processor.py:183} INFO - Processing /home/airflow/.local/lib/python3.8/site-packages/airflow/example_dags/tutorial_objectstorage.py took 0.485 seconds
[2025-11-13T06:49:34.243+0000] {processor.py:161} INFO - Started process (PID=2935) to work on /home/airflow/.local/lib/python3.8/site-packages/airflow/example_dags/tutorial_objectstorage.py
[2025-11-13T06:49:34.247+0000] {processor.py:830} INFO - Processing file /home/airflow/.local/lib/python3.8/site-packages/airflow/example_dags/tutorial_objectstorage.py for tasks to queue
[2025-11-13T06:49:34.251+0000] {logging_mixin.py:188} INFO - [2025-11-13T06:49:34.250+0000] {dagbag.py:538} INFO - Filling up the DagBag from /home/airflow/.local/lib/python3.8/site-packages/airflow/example_dags/tutorial_objectstorage.py
[2025-11-13T06:49:34.268+0000] {processor.py:840} INFO - DAG(s) 'tutorial_objectstorage' retrieved from /home/airflow/.local/lib/python3.8/site-packages/airflow/example_dags/tutorial_objectstorage.py
[2025-11-13T06:49:34.313+0000] {logging_mixin.py:188} INFO - [2025-11-13T06:49:34.313+0000] {dag.py:3036} INFO - Sync 1 DAGs
[2025-11-13T06:49:34.338+0000] {logging_mixin.py:188} INFO - [2025-11-13T06:49:34.337+0000] {dag.py:3823} INFO - Setting next_dagrun for tutorial_objectstorage to None, run_after=None
[2025-11-13T06:49:34.389+0000] {processor.py:183} INFO - Processing /home/airflow/.local/lib/python3.8/site-packages/airflow/example_dags/tutorial_objectstorage.py took 0.153 seconds
[2025-11-13T06:50:04.928+0000] {processor.py:161} INFO - Started process (PID=2998) to work on /home/airflow/.local/lib/python3.8/site-packages/airflow/example_dags/tutorial_objectstorage.py
[2025-11-13T06:50:04.931+0000] {processor.py:830} INFO - Processing file /home/airflow/.local/lib/python3.8/site-packages/airflow/example_dags/tutorial_objectstorage.py for tasks to queue
[2025-11-13T06:50:04.936+0000] {logging_mixin.py:188} INFO - [2025-11-13T06:50:04.934+0000] {dagbag.py:538} INFO - Filling up the DagBag from /home/airflow/.local/lib/python3.8/site-packages/airflow/example_dags/tutorial_objectstorage.py
[2025-11-13T06:50:04.955+0000] {processor.py:840} INFO - DAG(s) 'tutorial_objectstorage' retrieved from /home/airflow/.local/lib/python3.8/site-packages/airflow/example_dags/tutorial_objectstorage.py
[2025-11-13T06:50:05.000+0000] {logging_mixin.py:188} INFO - [2025-11-13T06:50:04.999+0000] {dag.py:3036} INFO - Sync 1 DAGs
[2025-11-13T06:50:05.033+0000] {logging_mixin.py:188} INFO - [2025-11-13T06:50:05.032+0000] {dag.py:3823} INFO - Setting next_dagrun for tutorial_objectstorage to None, run_after=None
[2025-11-13T06:50:05.081+0000] {processor.py:183} INFO - Processing /home/airflow/.local/lib/python3.8/site-packages/airflow/example_dags/tutorial_objectstorage.py took 0.161 seconds
[2025-11-13T06:50:37.548+0000] {processor.py:161} INFO - Started process (PID=3063) to work on /home/airflow/.local/lib/python3.8/site-packages/airflow/example_dags/tutorial_objectstorage.py
[2025-11-13T06:50:37.553+0000] {processor.py:830} INFO - Processing file /home/airflow/.local/lib/python3.8/site-packages/airflow/example_dags/tutorial_objectstorage.py for tasks to queue
[2025-11-13T06:50:37.558+0000] {logging_mixin.py:188} INFO - [2025-11-13T06:50:37.557+0000] {dagbag.py:538} INFO - Filling up the DagBag from /home/airflow/.local/lib/python3.8/site-packages/airflow/example_dags/tutorial_objectstorage.py
[2025-11-13T06:50:37.576+0000] {processor.py:840} INFO - DAG(s) 'tutorial_objectstorage' retrieved from /home/airflow/.local/lib/python3.8/site-packages/airflow/example_dags/tutorial_objectstorage.py
[2025-11-13T06:50:37.638+0000] {logging_mixin.py:188} INFO - [2025-11-13T06:50:37.637+0000] {dag.py:3036} INFO - Sync 1 DAGs
[2025-11-13T06:50:37.677+0000] {logging_mixin.py:188} INFO - [2025-11-13T06:50:37.677+0000] {dag.py:3823} INFO - Setting next_dagrun for tutorial_objectstorage to None, run_after=None
[2025-11-13T06:50:37.759+0000] {processor.py:183} INFO - Processing /home/airflow/.local/lib/python3.8/site-packages/airflow/example_dags/tutorial_objectstorage.py took 0.219 seconds
