[2025-11-07T14:35:21.336+0000] {processor.py:161} INFO - Started process (PID=26517) to work on /opt/airflow/dags/dags_pyhon_import_func.py
[2025-11-07T14:35:21.338+0000] {processor.py:830} INFO - Processing file /opt/airflow/dags/dags_pyhon_import_func.py for tasks to queue
[2025-11-07T14:35:21.340+0000] {logging_mixin.py:188} INFO - [2025-11-07T14:35:21.339+0000] {dagbag.py:538} INFO - Filling up the DagBag from /opt/airflow/dags/dags_pyhon_import_func.py
[2025-11-07T14:35:21.394+0000] {processor.py:840} INFO - DAG(s) 'dags_python_operator' retrieved from /opt/airflow/dags/dags_pyhon_import_func.py
[2025-11-07T14:35:21.519+0000] {logging_mixin.py:188} INFO - [2025-11-07T14:35:21.519+0000] {dag.py:3036} INFO - Sync 1 DAGs
[2025-11-07T14:35:21.545+0000] {logging_mixin.py:188} INFO - [2025-11-07T14:35:21.545+0000] {dag.py:3823} INFO - Setting next_dagrun for dags_python_operator to 2025-11-06 21:30:00+00:00, run_after=2025-11-07 21:30:00+00:00
[2025-11-07T14:35:21.577+0000] {processor.py:183} INFO - Processing /opt/airflow/dags/dags_pyhon_import_func.py took 0.247 seconds
[2025-11-07T14:35:51.648+0000] {processor.py:161} INFO - Started process (PID=26576) to work on /opt/airflow/dags/dags_pyhon_import_func.py
[2025-11-07T14:35:51.650+0000] {processor.py:830} INFO - Processing file /opt/airflow/dags/dags_pyhon_import_func.py for tasks to queue
[2025-11-07T14:35:51.652+0000] {logging_mixin.py:188} INFO - [2025-11-07T14:35:51.651+0000] {dagbag.py:538} INFO - Filling up the DagBag from /opt/airflow/dags/dags_pyhon_import_func.py
[2025-11-07T14:35:51.708+0000] {processor.py:840} INFO - DAG(s) 'dags_python_operator' retrieved from /opt/airflow/dags/dags_pyhon_import_func.py
[2025-11-07T14:35:51.742+0000] {logging_mixin.py:188} INFO - [2025-11-07T14:35:51.742+0000] {dag.py:3036} INFO - Sync 1 DAGs
[2025-11-07T14:35:51.839+0000] {logging_mixin.py:188} INFO - [2025-11-07T14:35:51.838+0000] {dag.py:3823} INFO - Setting next_dagrun for dags_python_operator to 2025-11-06 21:30:00+00:00, run_after=2025-11-07 21:30:00+00:00
[2025-11-07T14:35:51.870+0000] {processor.py:183} INFO - Processing /opt/airflow/dags/dags_pyhon_import_func.py took 0.227 seconds
[2025-11-07T14:36:16.194+0000] {processor.py:161} INFO - Started process (PID=26624) to work on /opt/airflow/dags/dags_pyhon_import_func.py
[2025-11-07T14:36:16.197+0000] {processor.py:830} INFO - Processing file /opt/airflow/dags/dags_pyhon_import_func.py for tasks to queue
[2025-11-07T14:36:16.199+0000] {logging_mixin.py:188} INFO - [2025-11-07T14:36:16.199+0000] {dagbag.py:538} INFO - Filling up the DagBag from /opt/airflow/dags/dags_pyhon_import_func.py
[2025-11-07T14:36:16.268+0000] {processor.py:840} INFO - DAG(s) 'dags_python_operator' retrieved from /opt/airflow/dags/dags_pyhon_import_func.py
[2025-11-07T14:36:16.488+0000] {logging_mixin.py:188} INFO - [2025-11-07T14:36:16.488+0000] {dag.py:3036} INFO - Sync 1 DAGs
[2025-11-07T14:36:16.535+0000] {logging_mixin.py:188} INFO - [2025-11-07T14:36:16.535+0000] {dag.py:3823} INFO - Setting next_dagrun for dags_python_operator to 2025-11-06 21:30:00+00:00, run_after=2025-11-07 21:30:00+00:00
[2025-11-07T14:36:16.582+0000] {processor.py:183} INFO - Processing /opt/airflow/dags/dags_pyhon_import_func.py took 0.395 seconds
[2025-11-07T14:36:46.899+0000] {processor.py:161} INFO - Started process (PID=26682) to work on /opt/airflow/dags/dags_pyhon_import_func.py
[2025-11-07T14:36:46.901+0000] {processor.py:830} INFO - Processing file /opt/airflow/dags/dags_pyhon_import_func.py for tasks to queue
[2025-11-07T14:36:46.903+0000] {logging_mixin.py:188} INFO - [2025-11-07T14:36:46.902+0000] {dagbag.py:538} INFO - Filling up the DagBag from /opt/airflow/dags/dags_pyhon_import_func.py
[2025-11-07T14:36:46.968+0000] {processor.py:840} INFO - DAG(s) 'dags_python_operator' retrieved from /opt/airflow/dags/dags_pyhon_import_func.py
[2025-11-07T14:36:47.013+0000] {logging_mixin.py:188} INFO - [2025-11-07T14:36:47.012+0000] {dag.py:3036} INFO - Sync 1 DAGs
[2025-11-07T14:36:47.061+0000] {logging_mixin.py:188} INFO - [2025-11-07T14:36:47.060+0000] {dag.py:3823} INFO - Setting next_dagrun for dags_python_operator to 2025-11-06 21:30:00+00:00, run_after=2025-11-07 21:30:00+00:00
[2025-11-07T14:36:47.107+0000] {processor.py:183} INFO - Processing /opt/airflow/dags/dags_pyhon_import_func.py took 0.215 seconds
[2025-11-07T14:37:17.177+0000] {processor.py:161} INFO - Started process (PID=26740) to work on /opt/airflow/dags/dags_pyhon_import_func.py
[2025-11-07T14:37:17.179+0000] {processor.py:830} INFO - Processing file /opt/airflow/dags/dags_pyhon_import_func.py for tasks to queue
[2025-11-07T14:37:17.181+0000] {logging_mixin.py:188} INFO - [2025-11-07T14:37:17.180+0000] {dagbag.py:538} INFO - Filling up the DagBag from /opt/airflow/dags/dags_pyhon_import_func.py
[2025-11-07T14:37:17.241+0000] {processor.py:840} INFO - DAG(s) 'dags_python_operator' retrieved from /opt/airflow/dags/dags_pyhon_import_func.py
[2025-11-07T14:37:17.260+0000] {logging_mixin.py:188} INFO - [2025-11-07T14:37:17.260+0000] {dag.py:3036} INFO - Sync 1 DAGs
[2025-11-07T14:37:17.302+0000] {logging_mixin.py:188} INFO - [2025-11-07T14:37:17.301+0000] {dag.py:3823} INFO - Setting next_dagrun for dags_python_operator to 2025-11-06 21:30:00+00:00, run_after=2025-11-07 21:30:00+00:00
[2025-11-07T14:37:17.333+0000] {processor.py:183} INFO - Processing /opt/airflow/dags/dags_pyhon_import_func.py took 0.161 seconds
[2025-11-07T14:37:21.259+0000] {processor.py:161} INFO - Started process (PID=26748) to work on /opt/airflow/dags/dags_pyhon_import_func.py
[2025-11-07T14:37:21.263+0000] {processor.py:830} INFO - Processing file /opt/airflow/dags/dags_pyhon_import_func.py for tasks to queue
[2025-11-07T14:37:21.266+0000] {logging_mixin.py:188} INFO - [2025-11-07T14:37:21.266+0000] {dagbag.py:538} INFO - Filling up the DagBag from /opt/airflow/dags/dags_pyhon_import_func.py
[2025-11-07T14:37:21.328+0000] {logging_mixin.py:188} INFO - [2025-11-07T14:37:21.319+0000] {dagbag.py:348} ERROR - Failed to import: /opt/airflow/dags/dags_pyhon_import_func.py
Traceback (most recent call last):
  File "/home/airflow/.local/lib/python3.8/site-packages/airflow/models/dagbag.py", line 344, in parse
    loader.exec_module(new_module)
  File "<frozen importlib._bootstrap_external>", line 843, in exec_module
  File "<frozen importlib._bootstrap>", line 219, in _call_with_frames_removed
  File "/opt/airflow/dags/dags_pyhon_import_func.py", line 6, in <module>
    from plugins.common.common_func import get_sftp
ModuleNotFoundError: No module named 'plugins'
[2025-11-07T14:37:21.331+0000] {processor.py:842} WARNING - No viable dags retrieved from /opt/airflow/dags/dags_pyhon_import_func.py
[2025-11-07T14:37:21.389+0000] {processor.py:183} INFO - Processing /opt/airflow/dags/dags_pyhon_import_func.py took 0.138 seconds
[2025-11-07T14:37:30.292+0000] {processor.py:161} INFO - Started process (PID=26769) to work on /opt/airflow/dags/dags_pyhon_import_func.py
[2025-11-07T14:37:30.296+0000] {processor.py:830} INFO - Processing file /opt/airflow/dags/dags_pyhon_import_func.py for tasks to queue
[2025-11-07T14:37:30.299+0000] {logging_mixin.py:188} INFO - [2025-11-07T14:37:30.298+0000] {dagbag.py:538} INFO - Filling up the DagBag from /opt/airflow/dags/dags_pyhon_import_func.py
[2025-11-07T14:37:30.450+0000] {processor.py:840} INFO - DAG(s) 'dags_python_operator' retrieved from /opt/airflow/dags/dags_pyhon_import_func.py
[2025-11-07T14:37:30.810+0000] {logging_mixin.py:188} INFO - [2025-11-07T14:37:30.809+0000] {dag.py:3036} INFO - Sync 1 DAGs
[2025-11-07T14:37:30.872+0000] {logging_mixin.py:188} INFO - [2025-11-07T14:37:30.871+0000] {dag.py:3823} INFO - Setting next_dagrun for dags_python_operator to 2025-11-06 21:30:00+00:00, run_after=2025-11-07 21:30:00+00:00
[2025-11-07T14:37:30.936+0000] {processor.py:183} INFO - Processing /opt/airflow/dags/dags_pyhon_import_func.py took 0.655 seconds
[2025-11-07T14:38:01.161+0000] {processor.py:161} INFO - Started process (PID=26827) to work on /opt/airflow/dags/dags_pyhon_import_func.py
[2025-11-07T14:38:01.163+0000] {processor.py:830} INFO - Processing file /opt/airflow/dags/dags_pyhon_import_func.py for tasks to queue
[2025-11-07T14:38:01.166+0000] {logging_mixin.py:188} INFO - [2025-11-07T14:38:01.165+0000] {dagbag.py:538} INFO - Filling up the DagBag from /opt/airflow/dags/dags_pyhon_import_func.py
[2025-11-07T14:38:01.235+0000] {processor.py:840} INFO - DAG(s) 'dags_python_operator' retrieved from /opt/airflow/dags/dags_pyhon_import_func.py
[2025-11-07T14:38:01.285+0000] {logging_mixin.py:188} INFO - [2025-11-07T14:38:01.284+0000] {dag.py:3036} INFO - Sync 1 DAGs
[2025-11-07T14:38:01.355+0000] {logging_mixin.py:188} INFO - [2025-11-07T14:38:01.354+0000] {dag.py:3823} INFO - Setting next_dagrun for dags_python_operator to 2025-11-06 21:30:00+00:00, run_after=2025-11-07 21:30:00+00:00
[2025-11-07T14:38:01.406+0000] {processor.py:183} INFO - Processing /opt/airflow/dags/dags_pyhon_import_func.py took 0.261 seconds
[2025-11-07T14:38:31.597+0000] {processor.py:161} INFO - Started process (PID=26885) to work on /opt/airflow/dags/dags_pyhon_import_func.py
[2025-11-07T14:38:31.599+0000] {processor.py:830} INFO - Processing file /opt/airflow/dags/dags_pyhon_import_func.py for tasks to queue
[2025-11-07T14:38:31.602+0000] {logging_mixin.py:188} INFO - [2025-11-07T14:38:31.601+0000] {dagbag.py:538} INFO - Filling up the DagBag from /opt/airflow/dags/dags_pyhon_import_func.py
[2025-11-07T14:38:31.685+0000] {processor.py:840} INFO - DAG(s) 'dags_python_operator' retrieved from /opt/airflow/dags/dags_pyhon_import_func.py
[2025-11-07T14:38:31.723+0000] {logging_mixin.py:188} INFO - [2025-11-07T14:38:31.722+0000] {dag.py:3036} INFO - Sync 1 DAGs
[2025-11-07T14:38:31.793+0000] {logging_mixin.py:188} INFO - [2025-11-07T14:38:31.793+0000] {dag.py:3823} INFO - Setting next_dagrun for dags_python_operator to 2025-11-06 21:30:00+00:00, run_after=2025-11-07 21:30:00+00:00
[2025-11-07T14:38:31.854+0000] {processor.py:183} INFO - Processing /opt/airflow/dags/dags_pyhon_import_func.py took 0.265 seconds
[2025-11-07T14:39:02.579+0000] {processor.py:161} INFO - Started process (PID=26943) to work on /opt/airflow/dags/dags_pyhon_import_func.py
[2025-11-07T14:39:02.580+0000] {processor.py:830} INFO - Processing file /opt/airflow/dags/dags_pyhon_import_func.py for tasks to queue
[2025-11-07T14:39:02.582+0000] {logging_mixin.py:188} INFO - [2025-11-07T14:39:02.581+0000] {dagbag.py:538} INFO - Filling up the DagBag from /opt/airflow/dags/dags_pyhon_import_func.py
[2025-11-07T14:39:02.635+0000] {processor.py:840} INFO - DAG(s) 'dags_python_operator' retrieved from /opt/airflow/dags/dags_pyhon_import_func.py
[2025-11-07T14:39:02.770+0000] {logging_mixin.py:188} INFO - [2025-11-07T14:39:02.769+0000] {dag.py:3036} INFO - Sync 1 DAGs
[2025-11-07T14:39:02.797+0000] {logging_mixin.py:188} INFO - [2025-11-07T14:39:02.797+0000] {dag.py:3823} INFO - Setting next_dagrun for dags_python_operator to 2025-11-06 21:30:00+00:00, run_after=2025-11-07 21:30:00+00:00
[2025-11-07T14:39:02.837+0000] {processor.py:183} INFO - Processing /opt/airflow/dags/dags_pyhon_import_func.py took 0.262 seconds
[2025-11-07T14:39:33.349+0000] {processor.py:161} INFO - Started process (PID=27001) to work on /opt/airflow/dags/dags_pyhon_import_func.py
[2025-11-07T14:39:33.351+0000] {processor.py:830} INFO - Processing file /opt/airflow/dags/dags_pyhon_import_func.py for tasks to queue
[2025-11-07T14:39:33.364+0000] {logging_mixin.py:188} INFO - [2025-11-07T14:39:33.355+0000] {dagbag.py:538} INFO - Filling up the DagBag from /opt/airflow/dags/dags_pyhon_import_func.py
[2025-11-07T14:39:33.464+0000] {processor.py:840} INFO - DAG(s) 'dags_python_operator' retrieved from /opt/airflow/dags/dags_pyhon_import_func.py
[2025-11-07T14:39:33.546+0000] {logging_mixin.py:188} INFO - [2025-11-07T14:39:33.545+0000] {dag.py:3036} INFO - Sync 1 DAGs
[2025-11-07T14:39:33.620+0000] {logging_mixin.py:188} INFO - [2025-11-07T14:39:33.619+0000] {dag.py:3823} INFO - Setting next_dagrun for dags_python_operator to 2025-11-06 21:30:00+00:00, run_after=2025-11-07 21:30:00+00:00
[2025-11-07T14:39:33.681+0000] {processor.py:183} INFO - Processing /opt/airflow/dags/dags_pyhon_import_func.py took 0.346 seconds
[2025-11-07T14:40:04.338+0000] {processor.py:161} INFO - Started process (PID=27059) to work on /opt/airflow/dags/dags_pyhon_import_func.py
[2025-11-07T14:40:04.340+0000] {processor.py:830} INFO - Processing file /opt/airflow/dags/dags_pyhon_import_func.py for tasks to queue
[2025-11-07T14:40:04.342+0000] {logging_mixin.py:188} INFO - [2025-11-07T14:40:04.341+0000] {dagbag.py:538} INFO - Filling up the DagBag from /opt/airflow/dags/dags_pyhon_import_func.py
[2025-11-07T14:40:04.405+0000] {processor.py:840} INFO - DAG(s) 'dags_python_operator' retrieved from /opt/airflow/dags/dags_pyhon_import_func.py
[2025-11-07T14:40:04.426+0000] {logging_mixin.py:188} INFO - [2025-11-07T14:40:04.425+0000] {dag.py:3036} INFO - Sync 1 DAGs
[2025-11-07T14:40:04.479+0000] {logging_mixin.py:188} INFO - [2025-11-07T14:40:04.478+0000] {dag.py:3823} INFO - Setting next_dagrun for dags_python_operator to 2025-11-06 21:30:00+00:00, run_after=2025-11-07 21:30:00+00:00
[2025-11-07T14:40:04.514+0000] {processor.py:183} INFO - Processing /opt/airflow/dags/dags_pyhon_import_func.py took 0.181 seconds
[2025-11-07T14:40:35.320+0000] {processor.py:161} INFO - Started process (PID=27117) to work on /opt/airflow/dags/dags_pyhon_import_func.py
[2025-11-07T14:40:35.322+0000] {processor.py:830} INFO - Processing file /opt/airflow/dags/dags_pyhon_import_func.py for tasks to queue
[2025-11-07T14:40:35.324+0000] {logging_mixin.py:188} INFO - [2025-11-07T14:40:35.323+0000] {dagbag.py:538} INFO - Filling up the DagBag from /opt/airflow/dags/dags_pyhon_import_func.py
[2025-11-07T14:40:35.383+0000] {processor.py:840} INFO - DAG(s) 'dags_python_operator' retrieved from /opt/airflow/dags/dags_pyhon_import_func.py
[2025-11-07T14:40:35.562+0000] {logging_mixin.py:188} INFO - [2025-11-07T14:40:35.562+0000] {dag.py:3036} INFO - Sync 1 DAGs
[2025-11-07T14:40:35.596+0000] {logging_mixin.py:188} INFO - [2025-11-07T14:40:35.596+0000] {dag.py:3823} INFO - Setting next_dagrun for dags_python_operator to 2025-11-06 21:30:00+00:00, run_after=2025-11-07 21:30:00+00:00
[2025-11-07T14:40:35.630+0000] {processor.py:183} INFO - Processing /opt/airflow/dags/dags_pyhon_import_func.py took 0.315 seconds
[2025-11-07T14:41:05.983+0000] {processor.py:161} INFO - Started process (PID=27172) to work on /opt/airflow/dags/dags_pyhon_import_func.py
[2025-11-07T14:41:05.986+0000] {processor.py:830} INFO - Processing file /opt/airflow/dags/dags_pyhon_import_func.py for tasks to queue
[2025-11-07T14:41:05.989+0000] {logging_mixin.py:188} INFO - [2025-11-07T14:41:05.988+0000] {dagbag.py:538} INFO - Filling up the DagBag from /opt/airflow/dags/dags_pyhon_import_func.py
[2025-11-07T14:41:06.078+0000] {processor.py:840} INFO - DAG(s) 'dags_python_operator' retrieved from /opt/airflow/dags/dags_pyhon_import_func.py
[2025-11-07T14:41:06.141+0000] {logging_mixin.py:188} INFO - [2025-11-07T14:41:06.141+0000] {dag.py:3036} INFO - Sync 1 DAGs
[2025-11-07T14:41:06.247+0000] {logging_mixin.py:188} INFO - [2025-11-07T14:41:06.246+0000] {dag.py:3823} INFO - Setting next_dagrun for dags_python_operator to 2025-11-06 21:30:00+00:00, run_after=2025-11-07 21:30:00+00:00
[2025-11-07T14:41:06.331+0000] {processor.py:183} INFO - Processing /opt/airflow/dags/dags_pyhon_import_func.py took 0.361 seconds
[2025-11-07T14:41:36.548+0000] {processor.py:161} INFO - Started process (PID=27228) to work on /opt/airflow/dags/dags_pyhon_import_func.py
[2025-11-07T14:41:36.550+0000] {processor.py:830} INFO - Processing file /opt/airflow/dags/dags_pyhon_import_func.py for tasks to queue
[2025-11-07T14:41:36.553+0000] {logging_mixin.py:188} INFO - [2025-11-07T14:41:36.552+0000] {dagbag.py:538} INFO - Filling up the DagBag from /opt/airflow/dags/dags_pyhon_import_func.py
[2025-11-07T14:41:36.638+0000] {processor.py:840} INFO - DAG(s) 'dags_python_operator' retrieved from /opt/airflow/dags/dags_pyhon_import_func.py
[2025-11-07T14:41:36.670+0000] {logging_mixin.py:188} INFO - [2025-11-07T14:41:36.669+0000] {dag.py:3036} INFO - Sync 1 DAGs
[2025-11-07T14:41:36.745+0000] {logging_mixin.py:188} INFO - [2025-11-07T14:41:36.744+0000] {dag.py:3823} INFO - Setting next_dagrun for dags_python_operator to 2025-11-06 21:30:00+00:00, run_after=2025-11-07 21:30:00+00:00
[2025-11-07T14:41:36.790+0000] {processor.py:183} INFO - Processing /opt/airflow/dags/dags_pyhon_import_func.py took 0.251 seconds
[2025-11-07T14:42:06.990+0000] {processor.py:161} INFO - Started process (PID=27282) to work on /opt/airflow/dags/dags_pyhon_import_func.py
[2025-11-07T14:42:06.991+0000] {processor.py:830} INFO - Processing file /opt/airflow/dags/dags_pyhon_import_func.py for tasks to queue
[2025-11-07T14:42:06.993+0000] {logging_mixin.py:188} INFO - [2025-11-07T14:42:06.992+0000] {dagbag.py:538} INFO - Filling up the DagBag from /opt/airflow/dags/dags_pyhon_import_func.py
[2025-11-07T14:42:07.030+0000] {processor.py:840} INFO - DAG(s) 'dags_python_operator' retrieved from /opt/airflow/dags/dags_pyhon_import_func.py
[2025-11-07T14:42:07.154+0000] {logging_mixin.py:188} INFO - [2025-11-07T14:42:07.153+0000] {dag.py:3036} INFO - Sync 1 DAGs
[2025-11-07T14:42:07.179+0000] {logging_mixin.py:188} INFO - [2025-11-07T14:42:07.179+0000] {dag.py:3823} INFO - Setting next_dagrun for dags_python_operator to 2025-11-06 21:30:00+00:00, run_after=2025-11-07 21:30:00+00:00
[2025-11-07T14:42:07.208+0000] {processor.py:183} INFO - Processing /opt/airflow/dags/dags_pyhon_import_func.py took 0.222 seconds
[2025-11-07T14:42:37.316+0000] {processor.py:161} INFO - Started process (PID=27340) to work on /opt/airflow/dags/dags_pyhon_import_func.py
[2025-11-07T14:42:37.317+0000] {processor.py:830} INFO - Processing file /opt/airflow/dags/dags_pyhon_import_func.py for tasks to queue
[2025-11-07T14:42:37.319+0000] {logging_mixin.py:188} INFO - [2025-11-07T14:42:37.318+0000] {dagbag.py:538} INFO - Filling up the DagBag from /opt/airflow/dags/dags_pyhon_import_func.py
[2025-11-07T14:42:37.363+0000] {processor.py:840} INFO - DAG(s) 'dags_python_operator' retrieved from /opt/airflow/dags/dags_pyhon_import_func.py
[2025-11-07T14:42:37.387+0000] {logging_mixin.py:188} INFO - [2025-11-07T14:42:37.386+0000] {dag.py:3036} INFO - Sync 1 DAGs
[2025-11-07T14:42:37.418+0000] {logging_mixin.py:188} INFO - [2025-11-07T14:42:37.418+0000] {dag.py:3823} INFO - Setting next_dagrun for dags_python_operator to 2025-11-06 21:30:00+00:00, run_after=2025-11-07 21:30:00+00:00
[2025-11-07T14:42:37.444+0000] {processor.py:183} INFO - Processing /opt/airflow/dags/dags_pyhon_import_func.py took 0.134 seconds
[2025-11-07T14:43:07.837+0000] {processor.py:161} INFO - Started process (PID=27398) to work on /opt/airflow/dags/dags_pyhon_import_func.py
[2025-11-07T14:43:07.839+0000] {processor.py:830} INFO - Processing file /opt/airflow/dags/dags_pyhon_import_func.py for tasks to queue
[2025-11-07T14:43:07.840+0000] {logging_mixin.py:188} INFO - [2025-11-07T14:43:07.840+0000] {dagbag.py:538} INFO - Filling up the DagBag from /opt/airflow/dags/dags_pyhon_import_func.py
[2025-11-07T14:43:07.906+0000] {processor.py:840} INFO - DAG(s) 'dags_python_operator' retrieved from /opt/airflow/dags/dags_pyhon_import_func.py
[2025-11-07T14:43:07.927+0000] {logging_mixin.py:188} INFO - [2025-11-07T14:43:07.927+0000] {dag.py:3036} INFO - Sync 1 DAGs
[2025-11-07T14:43:07.977+0000] {logging_mixin.py:188} INFO - [2025-11-07T14:43:07.977+0000] {dag.py:3823} INFO - Setting next_dagrun for dags_python_operator to 2025-11-06 21:30:00+00:00, run_after=2025-11-07 21:30:00+00:00
[2025-11-07T14:43:08.017+0000] {processor.py:183} INFO - Processing /opt/airflow/dags/dags_pyhon_import_func.py took 0.186 seconds
[2025-11-07T14:43:38.357+0000] {processor.py:161} INFO - Started process (PID=27456) to work on /opt/airflow/dags/dags_pyhon_import_func.py
[2025-11-07T14:43:38.359+0000] {processor.py:830} INFO - Processing file /opt/airflow/dags/dags_pyhon_import_func.py for tasks to queue
[2025-11-07T14:43:38.361+0000] {logging_mixin.py:188} INFO - [2025-11-07T14:43:38.360+0000] {dagbag.py:538} INFO - Filling up the DagBag from /opt/airflow/dags/dags_pyhon_import_func.py
[2025-11-07T14:43:38.427+0000] {processor.py:840} INFO - DAG(s) 'dags_python_operator' retrieved from /opt/airflow/dags/dags_pyhon_import_func.py
[2025-11-07T14:43:38.596+0000] {logging_mixin.py:188} INFO - [2025-11-07T14:43:38.595+0000] {dag.py:3036} INFO - Sync 1 DAGs
[2025-11-07T14:43:38.628+0000] {logging_mixin.py:188} INFO - [2025-11-07T14:43:38.627+0000] {dag.py:3823} INFO - Setting next_dagrun for dags_python_operator to 2025-11-06 21:30:00+00:00, run_after=2025-11-07 21:30:00+00:00
[2025-11-07T14:43:38.663+0000] {processor.py:183} INFO - Processing /opt/airflow/dags/dags_pyhon_import_func.py took 0.311 seconds
[2025-11-07T14:44:08.820+0000] {processor.py:161} INFO - Started process (PID=27514) to work on /opt/airflow/dags/dags_pyhon_import_func.py
[2025-11-07T14:44:08.825+0000] {processor.py:830} INFO - Processing file /opt/airflow/dags/dags_pyhon_import_func.py for tasks to queue
[2025-11-07T14:44:08.828+0000] {logging_mixin.py:188} INFO - [2025-11-07T14:44:08.827+0000] {dagbag.py:538} INFO - Filling up the DagBag from /opt/airflow/dags/dags_pyhon_import_func.py
[2025-11-07T14:44:08.897+0000] {processor.py:840} INFO - DAG(s) 'dags_python_operator' retrieved from /opt/airflow/dags/dags_pyhon_import_func.py
[2025-11-07T14:44:08.935+0000] {logging_mixin.py:188} INFO - [2025-11-07T14:44:08.935+0000] {dag.py:3036} INFO - Sync 1 DAGs
[2025-11-07T14:44:08.988+0000] {logging_mixin.py:188} INFO - [2025-11-07T14:44:08.987+0000] {dag.py:3823} INFO - Setting next_dagrun for dags_python_operator to 2025-11-06 21:30:00+00:00, run_after=2025-11-07 21:30:00+00:00
[2025-11-07T14:44:09.033+0000] {processor.py:183} INFO - Processing /opt/airflow/dags/dags_pyhon_import_func.py took 0.227 seconds
[2025-11-07T14:44:39.621+0000] {processor.py:161} INFO - Started process (PID=27572) to work on /opt/airflow/dags/dags_pyhon_import_func.py
[2025-11-07T14:44:39.624+0000] {processor.py:830} INFO - Processing file /opt/airflow/dags/dags_pyhon_import_func.py for tasks to queue
[2025-11-07T14:44:39.627+0000] {logging_mixin.py:188} INFO - [2025-11-07T14:44:39.626+0000] {dagbag.py:538} INFO - Filling up the DagBag from /opt/airflow/dags/dags_pyhon_import_func.py
[2025-11-07T14:44:39.692+0000] {processor.py:840} INFO - DAG(s) 'dags_python_operator' retrieved from /opt/airflow/dags/dags_pyhon_import_func.py
[2025-11-07T14:44:39.718+0000] {logging_mixin.py:188} INFO - [2025-11-07T14:44:39.717+0000] {dag.py:3036} INFO - Sync 1 DAGs
[2025-11-07T14:44:39.786+0000] {logging_mixin.py:188} INFO - [2025-11-07T14:44:39.785+0000] {dag.py:3823} INFO - Setting next_dagrun for dags_python_operator to 2025-11-06 21:30:00+00:00, run_after=2025-11-07 21:30:00+00:00
[2025-11-07T14:44:39.842+0000] {processor.py:183} INFO - Processing /opt/airflow/dags/dags_pyhon_import_func.py took 0.229 seconds
[2025-11-07T14:45:10.085+0000] {processor.py:161} INFO - Started process (PID=27630) to work on /opt/airflow/dags/dags_pyhon_import_func.py
[2025-11-07T14:45:10.086+0000] {processor.py:830} INFO - Processing file /opt/airflow/dags/dags_pyhon_import_func.py for tasks to queue
[2025-11-07T14:45:10.088+0000] {logging_mixin.py:188} INFO - [2025-11-07T14:45:10.087+0000] {dagbag.py:538} INFO - Filling up the DagBag from /opt/airflow/dags/dags_pyhon_import_func.py
[2025-11-07T14:45:10.143+0000] {processor.py:840} INFO - DAG(s) 'dags_python_operator' retrieved from /opt/airflow/dags/dags_pyhon_import_func.py
[2025-11-07T14:45:10.325+0000] {logging_mixin.py:188} INFO - [2025-11-07T14:45:10.324+0000] {dag.py:3036} INFO - Sync 1 DAGs
[2025-11-07T14:45:10.361+0000] {logging_mixin.py:188} INFO - [2025-11-07T14:45:10.360+0000] {dag.py:3823} INFO - Setting next_dagrun for dags_python_operator to 2025-11-06 21:30:00+00:00, run_after=2025-11-07 21:30:00+00:00
[2025-11-07T14:45:10.396+0000] {processor.py:183} INFO - Processing /opt/airflow/dags/dags_pyhon_import_func.py took 0.316 seconds
[2025-11-07T14:45:40.643+0000] {processor.py:161} INFO - Started process (PID=27688) to work on /opt/airflow/dags/dags_pyhon_import_func.py
[2025-11-07T14:45:40.645+0000] {processor.py:830} INFO - Processing file /opt/airflow/dags/dags_pyhon_import_func.py for tasks to queue
[2025-11-07T14:45:40.647+0000] {logging_mixin.py:188} INFO - [2025-11-07T14:45:40.646+0000] {dagbag.py:538} INFO - Filling up the DagBag from /opt/airflow/dags/dags_pyhon_import_func.py
[2025-11-07T14:45:40.689+0000] {processor.py:840} INFO - DAG(s) 'dags_python_operator' retrieved from /opt/airflow/dags/dags_pyhon_import_func.py
[2025-11-07T14:45:40.718+0000] {logging_mixin.py:188} INFO - [2025-11-07T14:45:40.717+0000] {dag.py:3036} INFO - Sync 1 DAGs
[2025-11-07T14:45:40.748+0000] {logging_mixin.py:188} INFO - [2025-11-07T14:45:40.748+0000] {dag.py:3823} INFO - Setting next_dagrun for dags_python_operator to 2025-11-06 21:30:00+00:00, run_after=2025-11-07 21:30:00+00:00
[2025-11-07T14:45:40.776+0000] {processor.py:183} INFO - Processing /opt/airflow/dags/dags_pyhon_import_func.py took 0.139 seconds
[2025-11-07T14:46:10.896+0000] {processor.py:161} INFO - Started process (PID=27747) to work on /opt/airflow/dags/dags_pyhon_import_func.py
[2025-11-07T14:46:10.899+0000] {processor.py:830} INFO - Processing file /opt/airflow/dags/dags_pyhon_import_func.py for tasks to queue
[2025-11-07T14:46:10.901+0000] {logging_mixin.py:188} INFO - [2025-11-07T14:46:10.900+0000] {dagbag.py:538} INFO - Filling up the DagBag from /opt/airflow/dags/dags_pyhon_import_func.py
[2025-11-07T14:46:10.972+0000] {processor.py:840} INFO - DAG(s) 'dags_python_operator' retrieved from /opt/airflow/dags/dags_pyhon_import_func.py
[2025-11-07T14:46:11.000+0000] {logging_mixin.py:188} INFO - [2025-11-07T14:46:11.000+0000] {dag.py:3036} INFO - Sync 1 DAGs
[2025-11-07T14:46:11.063+0000] {logging_mixin.py:188} INFO - [2025-11-07T14:46:11.062+0000] {dag.py:3823} INFO - Setting next_dagrun for dags_python_operator to 2025-11-06 21:30:00+00:00, run_after=2025-11-07 21:30:00+00:00
[2025-11-07T14:46:11.111+0000] {processor.py:183} INFO - Processing /opt/airflow/dags/dags_pyhon_import_func.py took 0.222 seconds
[2025-11-07T14:46:41.540+0000] {processor.py:161} INFO - Started process (PID=27806) to work on /opt/airflow/dags/dags_pyhon_import_func.py
[2025-11-07T14:46:41.544+0000] {processor.py:830} INFO - Processing file /opt/airflow/dags/dags_pyhon_import_func.py for tasks to queue
[2025-11-07T14:46:41.545+0000] {logging_mixin.py:188} INFO - [2025-11-07T14:46:41.545+0000] {dagbag.py:538} INFO - Filling up the DagBag from /opt/airflow/dags/dags_pyhon_import_func.py
[2025-11-07T14:46:41.596+0000] {processor.py:840} INFO - DAG(s) 'dags_python_operator' retrieved from /opt/airflow/dags/dags_pyhon_import_func.py
[2025-11-07T14:46:41.731+0000] {logging_mixin.py:188} INFO - [2025-11-07T14:46:41.730+0000] {dag.py:3036} INFO - Sync 1 DAGs
[2025-11-07T14:46:41.760+0000] {logging_mixin.py:188} INFO - [2025-11-07T14:46:41.760+0000] {dag.py:3823} INFO - Setting next_dagrun for dags_python_operator to 2025-11-06 21:30:00+00:00, run_after=2025-11-07 21:30:00+00:00
[2025-11-07T14:46:41.791+0000] {processor.py:183} INFO - Processing /opt/airflow/dags/dags_pyhon_import_func.py took 0.258 seconds
[2025-11-07T14:47:12.252+0000] {processor.py:161} INFO - Started process (PID=27864) to work on /opt/airflow/dags/dags_pyhon_import_func.py
[2025-11-07T14:47:12.254+0000] {processor.py:830} INFO - Processing file /opt/airflow/dags/dags_pyhon_import_func.py for tasks to queue
[2025-11-07T14:47:12.255+0000] {logging_mixin.py:188} INFO - [2025-11-07T14:47:12.255+0000] {dagbag.py:538} INFO - Filling up the DagBag from /opt/airflow/dags/dags_pyhon_import_func.py
[2025-11-07T14:47:12.306+0000] {logging_mixin.py:188} INFO - [2025-11-07T14:47:12.297+0000] {dagbag.py:348} ERROR - Failed to import: /opt/airflow/dags/dags_pyhon_import_func.py
Traceback (most recent call last):
  File "/home/airflow/.local/lib/python3.8/site-packages/airflow/models/dagbag.py", line 344, in parse
    loader.exec_module(new_module)
  File "<frozen importlib._bootstrap_external>", line 843, in exec_module
  File "<frozen importlib._bootstrap>", line 219, in _call_with_frames_removed
  File "/opt/airflow/dags/dags_pyhon_import_func.py", line 6, in <module>
    from common.common_func import get_sftp
  File "/opt/airflow/plugins/common/__init__.py", line 1
    New-Item -Path "D:\airflow-docker\plugins\common\__init__.py" -ItemType File
                   ^
SyntaxError: invalid syntax
[2025-11-07T14:47:12.308+0000] {processor.py:842} WARNING - No viable dags retrieved from /opt/airflow/dags/dags_pyhon_import_func.py
[2025-11-07T14:47:12.349+0000] {processor.py:183} INFO - Processing /opt/airflow/dags/dags_pyhon_import_func.py took 0.103 seconds
[2025-11-07T14:47:42.759+0000] {processor.py:161} INFO - Started process (PID=27922) to work on /opt/airflow/dags/dags_pyhon_import_func.py
[2025-11-07T14:47:42.763+0000] {processor.py:830} INFO - Processing file /opt/airflow/dags/dags_pyhon_import_func.py for tasks to queue
[2025-11-07T14:47:42.767+0000] {logging_mixin.py:188} INFO - [2025-11-07T14:47:42.766+0000] {dagbag.py:538} INFO - Filling up the DagBag from /opt/airflow/dags/dags_pyhon_import_func.py
[2025-11-07T14:47:42.942+0000] {logging_mixin.py:188} INFO - [2025-11-07T14:47:42.922+0000] {dagbag.py:348} ERROR - Failed to import: /opt/airflow/dags/dags_pyhon_import_func.py
Traceback (most recent call last):
  File "/home/airflow/.local/lib/python3.8/site-packages/airflow/models/dagbag.py", line 344, in parse
    loader.exec_module(new_module)
  File "<frozen importlib._bootstrap_external>", line 843, in exec_module
  File "<frozen importlib._bootstrap>", line 219, in _call_with_frames_removed
  File "/opt/airflow/dags/dags_pyhon_import_func.py", line 6, in <module>
    from common.common_func import get_sftp
  File "/opt/airflow/plugins/common/__init__.py", line 2
    New-Item -Path "D:\airflow-docker\plugins\common\__init__.py" -ItemType File
                   ^
SyntaxError: invalid syntax
[2025-11-07T14:47:42.952+0000] {processor.py:842} WARNING - No viable dags retrieved from /opt/airflow/dags/dags_pyhon_import_func.py
[2025-11-07T14:47:43.034+0000] {processor.py:183} INFO - Processing /opt/airflow/dags/dags_pyhon_import_func.py took 0.291 seconds
[2025-11-07T14:48:13.483+0000] {processor.py:161} INFO - Started process (PID=27980) to work on /opt/airflow/dags/dags_pyhon_import_func.py
[2025-11-07T14:48:13.484+0000] {processor.py:830} INFO - Processing file /opt/airflow/dags/dags_pyhon_import_func.py for tasks to queue
[2025-11-07T14:48:13.486+0000] {logging_mixin.py:188} INFO - [2025-11-07T14:48:13.486+0000] {dagbag.py:538} INFO - Filling up the DagBag from /opt/airflow/dags/dags_pyhon_import_func.py
[2025-11-07T14:48:13.532+0000] {logging_mixin.py:188} INFO - [2025-11-07T14:48:13.525+0000] {dagbag.py:348} ERROR - Failed to import: /opt/airflow/dags/dags_pyhon_import_func.py
Traceback (most recent call last):
  File "/home/airflow/.local/lib/python3.8/site-packages/airflow/models/dagbag.py", line 344, in parse
    loader.exec_module(new_module)
  File "<frozen importlib._bootstrap_external>", line 843, in exec_module
  File "<frozen importlib._bootstrap>", line 219, in _call_with_frames_removed
  File "/opt/airflow/dags/dags_pyhon_import_func.py", line 6, in <module>
    from common.common_func import get_sftp
  File "/opt/airflow/plugins/common/__init__.py", line 2
    New-Item -Path "D:\airflow-docker\plugins\common\__init__.py" -ItemType File
                   ^
SyntaxError: invalid syntax
[2025-11-07T14:48:13.536+0000] {processor.py:842} WARNING - No viable dags retrieved from /opt/airflow/dags/dags_pyhon_import_func.py
[2025-11-07T14:48:13.580+0000] {processor.py:183} INFO - Processing /opt/airflow/dags/dags_pyhon_import_func.py took 0.103 seconds
[2025-11-07T14:48:44.448+0000] {processor.py:161} INFO - Started process (PID=28038) to work on /opt/airflow/dags/dags_pyhon_import_func.py
[2025-11-07T14:48:44.449+0000] {processor.py:830} INFO - Processing file /opt/airflow/dags/dags_pyhon_import_func.py for tasks to queue
[2025-11-07T14:48:44.450+0000] {logging_mixin.py:188} INFO - [2025-11-07T14:48:44.450+0000] {dagbag.py:538} INFO - Filling up the DagBag from /opt/airflow/dags/dags_pyhon_import_func.py
[2025-11-07T14:48:44.493+0000] {logging_mixin.py:188} INFO - [2025-11-07T14:48:44.489+0000] {dagbag.py:348} ERROR - Failed to import: /opt/airflow/dags/dags_pyhon_import_func.py
Traceback (most recent call last):
  File "/home/airflow/.local/lib/python3.8/site-packages/airflow/models/dagbag.py", line 344, in parse
    loader.exec_module(new_module)
  File "<frozen importlib._bootstrap_external>", line 843, in exec_module
  File "<frozen importlib._bootstrap>", line 219, in _call_with_frames_removed
  File "/opt/airflow/dags/dags_pyhon_import_func.py", line 6, in <module>
    from common.common_func import get_sftp
  File "/opt/airflow/plugins/common/__init__.py", line 2
    New-Item -Path "D:\airflow-docker\plugins\common\__init__.py" -ItemType File
                   ^
SyntaxError: invalid syntax
[2025-11-07T14:48:44.494+0000] {processor.py:842} WARNING - No viable dags retrieved from /opt/airflow/dags/dags_pyhon_import_func.py
[2025-11-07T14:48:44.518+0000] {processor.py:183} INFO - Processing /opt/airflow/dags/dags_pyhon_import_func.py took 0.076 seconds
[2025-11-07T14:49:15.247+0000] {processor.py:161} INFO - Started process (PID=28096) to work on /opt/airflow/dags/dags_pyhon_import_func.py
[2025-11-07T14:49:15.249+0000] {processor.py:830} INFO - Processing file /opt/airflow/dags/dags_pyhon_import_func.py for tasks to queue
[2025-11-07T14:49:15.250+0000] {logging_mixin.py:188} INFO - [2025-11-07T14:49:15.250+0000] {dagbag.py:538} INFO - Filling up the DagBag from /opt/airflow/dags/dags_pyhon_import_func.py
[2025-11-07T14:49:15.280+0000] {logging_mixin.py:188} INFO - [2025-11-07T14:49:15.276+0000] {dagbag.py:348} ERROR - Failed to import: /opt/airflow/dags/dags_pyhon_import_func.py
Traceback (most recent call last):
  File "/home/airflow/.local/lib/python3.8/site-packages/airflow/models/dagbag.py", line 344, in parse
    loader.exec_module(new_module)
  File "<frozen importlib._bootstrap_external>", line 843, in exec_module
  File "<frozen importlib._bootstrap>", line 219, in _call_with_frames_removed
  File "/opt/airflow/dags/dags_pyhon_import_func.py", line 6, in <module>
    from common.common_func import get_sftp
  File "/opt/airflow/plugins/common/__init__.py", line 2
    New-Item -Path "D:\airflow-docker\plugins\common\__init__.py" -ItemType File
                   ^
SyntaxError: invalid syntax
[2025-11-07T14:49:15.282+0000] {processor.py:842} WARNING - No viable dags retrieved from /opt/airflow/dags/dags_pyhon_import_func.py
[2025-11-07T14:49:15.313+0000] {processor.py:183} INFO - Processing /opt/airflow/dags/dags_pyhon_import_func.py took 0.072 seconds
[2025-11-07T14:49:45.427+0000] {processor.py:161} INFO - Started process (PID=28154) to work on /opt/airflow/dags/dags_pyhon_import_func.py
[2025-11-07T14:49:45.429+0000] {processor.py:830} INFO - Processing file /opt/airflow/dags/dags_pyhon_import_func.py for tasks to queue
[2025-11-07T14:49:45.431+0000] {logging_mixin.py:188} INFO - [2025-11-07T14:49:45.431+0000] {dagbag.py:538} INFO - Filling up the DagBag from /opt/airflow/dags/dags_pyhon_import_func.py
[2025-11-07T14:49:45.478+0000] {logging_mixin.py:188} INFO - [2025-11-07T14:49:45.471+0000] {dagbag.py:348} ERROR - Failed to import: /opt/airflow/dags/dags_pyhon_import_func.py
Traceback (most recent call last):
  File "/home/airflow/.local/lib/python3.8/site-packages/airflow/models/dagbag.py", line 344, in parse
    loader.exec_module(new_module)
  File "<frozen importlib._bootstrap_external>", line 843, in exec_module
  File "<frozen importlib._bootstrap>", line 219, in _call_with_frames_removed
  File "/opt/airflow/dags/dags_pyhon_import_func.py", line 6, in <module>
    from common.common_func import get_sftp
  File "/opt/airflow/plugins/common/__init__.py", line 2
    New-Item -Path "D:\airflow-docker\plugins\common\__init__.py" -ItemType File
                   ^
SyntaxError: invalid syntax
[2025-11-07T14:49:45.480+0000] {processor.py:842} WARNING - No viable dags retrieved from /opt/airflow/dags/dags_pyhon_import_func.py
[2025-11-07T14:49:45.524+0000] {processor.py:183} INFO - Processing /opt/airflow/dags/dags_pyhon_import_func.py took 0.103 seconds
[2025-11-07T14:50:16.225+0000] {processor.py:161} INFO - Started process (PID=28210) to work on /opt/airflow/dags/dags_pyhon_import_func.py
[2025-11-07T14:50:16.228+0000] {processor.py:830} INFO - Processing file /opt/airflow/dags/dags_pyhon_import_func.py for tasks to queue
[2025-11-07T14:50:16.231+0000] {logging_mixin.py:188} INFO - [2025-11-07T14:50:16.230+0000] {dagbag.py:538} INFO - Filling up the DagBag from /opt/airflow/dags/dags_pyhon_import_func.py
[2025-11-07T14:50:16.285+0000] {logging_mixin.py:188} INFO - [2025-11-07T14:50:16.278+0000] {dagbag.py:348} ERROR - Failed to import: /opt/airflow/dags/dags_pyhon_import_func.py
Traceback (most recent call last):
  File "/home/airflow/.local/lib/python3.8/site-packages/airflow/models/dagbag.py", line 344, in parse
    loader.exec_module(new_module)
  File "<frozen importlib._bootstrap_external>", line 843, in exec_module
  File "<frozen importlib._bootstrap>", line 219, in _call_with_frames_removed
  File "/opt/airflow/dags/dags_pyhon_import_func.py", line 6, in <module>
    from common.common_func import get_sftp
  File "/opt/airflow/plugins/common/__init__.py", line 1
    New-Item -Path "D:\airflow-docker\plugins\common\__init__.py" -ItemType File -Force
                   ^
SyntaxError: invalid syntax
[2025-11-07T14:50:16.288+0000] {processor.py:842} WARNING - No viable dags retrieved from /opt/airflow/dags/dags_pyhon_import_func.py
[2025-11-07T14:50:16.333+0000] {processor.py:183} INFO - Processing /opt/airflow/dags/dags_pyhon_import_func.py took 0.117 seconds
[2025-11-07T14:50:46.958+0000] {processor.py:161} INFO - Started process (PID=28268) to work on /opt/airflow/dags/dags_pyhon_import_func.py
[2025-11-07T14:50:46.960+0000] {processor.py:830} INFO - Processing file /opt/airflow/dags/dags_pyhon_import_func.py for tasks to queue
[2025-11-07T14:50:46.961+0000] {logging_mixin.py:188} INFO - [2025-11-07T14:50:46.961+0000] {dagbag.py:538} INFO - Filling up the DagBag from /opt/airflow/dags/dags_pyhon_import_func.py
[2025-11-07T14:50:47.026+0000] {processor.py:840} INFO - DAG(s) 'dags_python_operator' retrieved from /opt/airflow/dags/dags_pyhon_import_func.py
[2025-11-07T14:50:47.159+0000] {logging_mixin.py:188} INFO - [2025-11-07T14:50:47.158+0000] {dag.py:3036} INFO - Sync 1 DAGs
[2025-11-07T14:50:47.183+0000] {logging_mixin.py:188} INFO - [2025-11-07T14:50:47.182+0000] {dag.py:3823} INFO - Setting next_dagrun for dags_python_operator to 2025-11-06 21:30:00+00:00, run_after=2025-11-07 21:30:00+00:00
[2025-11-07T14:50:47.213+0000] {processor.py:183} INFO - Processing /opt/airflow/dags/dags_pyhon_import_func.py took 0.259 seconds
[2025-11-07T14:51:17.593+0000] {processor.py:161} INFO - Started process (PID=28325) to work on /opt/airflow/dags/dags_pyhon_import_func.py
[2025-11-07T14:51:17.595+0000] {processor.py:830} INFO - Processing file /opt/airflow/dags/dags_pyhon_import_func.py for tasks to queue
[2025-11-07T14:51:17.597+0000] {logging_mixin.py:188} INFO - [2025-11-07T14:51:17.596+0000] {dagbag.py:538} INFO - Filling up the DagBag from /opt/airflow/dags/dags_pyhon_import_func.py
[2025-11-07T14:51:17.665+0000] {processor.py:840} INFO - DAG(s) 'dags_python_operator' retrieved from /opt/airflow/dags/dags_pyhon_import_func.py
[2025-11-07T14:51:17.703+0000] {logging_mixin.py:188} INFO - [2025-11-07T14:51:17.703+0000] {dag.py:3036} INFO - Sync 1 DAGs
[2025-11-07T14:51:17.742+0000] {logging_mixin.py:188} INFO - [2025-11-07T14:51:17.742+0000] {dag.py:3823} INFO - Setting next_dagrun for dags_python_operator to 2025-11-06 21:30:00+00:00, run_after=2025-11-07 21:30:00+00:00
[2025-11-07T14:51:17.781+0000] {processor.py:183} INFO - Processing /opt/airflow/dags/dags_pyhon_import_func.py took 0.197 seconds
[2025-11-07T14:51:48.201+0000] {processor.py:161} INFO - Started process (PID=28384) to work on /opt/airflow/dags/dags_pyhon_import_func.py
[2025-11-07T14:51:48.203+0000] {processor.py:830} INFO - Processing file /opt/airflow/dags/dags_pyhon_import_func.py for tasks to queue
[2025-11-07T14:51:48.208+0000] {logging_mixin.py:188} INFO - [2025-11-07T14:51:48.207+0000] {dagbag.py:538} INFO - Filling up the DagBag from /opt/airflow/dags/dags_pyhon_import_func.py
[2025-11-07T14:51:48.306+0000] {processor.py:840} INFO - DAG(s) 'dags_python_operator' retrieved from /opt/airflow/dags/dags_pyhon_import_func.py
[2025-11-07T14:51:48.341+0000] {logging_mixin.py:188} INFO - [2025-11-07T14:51:48.341+0000] {dag.py:3036} INFO - Sync 1 DAGs
[2025-11-07T14:51:48.448+0000] {logging_mixin.py:188} INFO - [2025-11-07T14:51:48.447+0000] {dag.py:3823} INFO - Setting next_dagrun for dags_python_operator to 2025-11-06 21:30:00+00:00, run_after=2025-11-07 21:30:00+00:00
[2025-11-07T14:51:48.520+0000] {processor.py:183} INFO - Processing /opt/airflow/dags/dags_pyhon_import_func.py took 0.330 seconds
[2025-11-07T14:52:18.822+0000] {processor.py:161} INFO - Started process (PID=28441) to work on /opt/airflow/dags/dags_pyhon_import_func.py
[2025-11-07T14:52:18.823+0000] {processor.py:830} INFO - Processing file /opt/airflow/dags/dags_pyhon_import_func.py for tasks to queue
[2025-11-07T14:52:18.825+0000] {logging_mixin.py:188} INFO - [2025-11-07T14:52:18.825+0000] {dagbag.py:538} INFO - Filling up the DagBag from /opt/airflow/dags/dags_pyhon_import_func.py
[2025-11-07T14:52:18.890+0000] {processor.py:840} INFO - DAG(s) 'dags_python_operator' retrieved from /opt/airflow/dags/dags_pyhon_import_func.py
[2025-11-07T14:52:19.084+0000] {logging_mixin.py:188} INFO - [2025-11-07T14:52:19.084+0000] {dag.py:3036} INFO - Sync 1 DAGs
[2025-11-07T14:52:19.310+0000] {logging_mixin.py:188} INFO - [2025-11-07T14:52:19.309+0000] {dag.py:3823} INFO - Setting next_dagrun for dags_python_operator to 2025-11-06 21:30:00+00:00, run_after=2025-11-07 21:30:00+00:00
[2025-11-07T14:52:19.350+0000] {processor.py:183} INFO - Processing /opt/airflow/dags/dags_pyhon_import_func.py took 0.535 seconds
[2025-11-07T14:52:49.693+0000] {processor.py:161} INFO - Started process (PID=28499) to work on /opt/airflow/dags/dags_pyhon_import_func.py
[2025-11-07T14:52:49.696+0000] {processor.py:830} INFO - Processing file /opt/airflow/dags/dags_pyhon_import_func.py for tasks to queue
[2025-11-07T14:52:49.697+0000] {logging_mixin.py:188} INFO - [2025-11-07T14:52:49.697+0000] {dagbag.py:538} INFO - Filling up the DagBag from /opt/airflow/dags/dags_pyhon_import_func.py
[2025-11-07T14:52:49.766+0000] {processor.py:840} INFO - DAG(s) 'dags_python_operator' retrieved from /opt/airflow/dags/dags_pyhon_import_func.py
[2025-11-07T14:52:49.805+0000] {logging_mixin.py:188} INFO - [2025-11-07T14:52:49.805+0000] {dag.py:3036} INFO - Sync 1 DAGs
[2025-11-07T14:52:49.843+0000] {logging_mixin.py:188} INFO - [2025-11-07T14:52:49.842+0000] {dag.py:3823} INFO - Setting next_dagrun for dags_python_operator to 2025-11-06 21:30:00+00:00, run_after=2025-11-07 21:30:00+00:00
[2025-11-07T14:52:49.881+0000] {processor.py:183} INFO - Processing /opt/airflow/dags/dags_pyhon_import_func.py took 0.195 seconds
[2025-11-07T14:53:20.417+0000] {processor.py:161} INFO - Started process (PID=28557) to work on /opt/airflow/dags/dags_pyhon_import_func.py
[2025-11-07T14:53:20.420+0000] {processor.py:830} INFO - Processing file /opt/airflow/dags/dags_pyhon_import_func.py for tasks to queue
[2025-11-07T14:53:20.422+0000] {logging_mixin.py:188} INFO - [2025-11-07T14:53:20.421+0000] {dagbag.py:538} INFO - Filling up the DagBag from /opt/airflow/dags/dags_pyhon_import_func.py
[2025-11-07T14:53:20.504+0000] {processor.py:840} INFO - DAG(s) 'dags_python_operator' retrieved from /opt/airflow/dags/dags_pyhon_import_func.py
[2025-11-07T14:53:20.532+0000] {logging_mixin.py:188} INFO - [2025-11-07T14:53:20.532+0000] {dag.py:3036} INFO - Sync 1 DAGs
[2025-11-07T14:53:20.582+0000] {logging_mixin.py:188} INFO - [2025-11-07T14:53:20.582+0000] {dag.py:3823} INFO - Setting next_dagrun for dags_python_operator to 2025-11-06 21:30:00+00:00, run_after=2025-11-07 21:30:00+00:00
[2025-11-07T14:53:20.635+0000] {processor.py:183} INFO - Processing /opt/airflow/dags/dags_pyhon_import_func.py took 0.227 seconds
[2025-11-07T14:53:51.243+0000] {processor.py:161} INFO - Started process (PID=28615) to work on /opt/airflow/dags/dags_pyhon_import_func.py
[2025-11-07T14:53:51.244+0000] {processor.py:830} INFO - Processing file /opt/airflow/dags/dags_pyhon_import_func.py for tasks to queue
[2025-11-07T14:53:51.246+0000] {logging_mixin.py:188} INFO - [2025-11-07T14:53:51.246+0000] {dagbag.py:538} INFO - Filling up the DagBag from /opt/airflow/dags/dags_pyhon_import_func.py
[2025-11-07T14:53:51.282+0000] {processor.py:840} INFO - DAG(s) 'dags_python_operator' retrieved from /opt/airflow/dags/dags_pyhon_import_func.py
[2025-11-07T14:53:51.410+0000] {logging_mixin.py:188} INFO - [2025-11-07T14:53:51.410+0000] {dag.py:3036} INFO - Sync 1 DAGs
[2025-11-07T14:53:51.436+0000] {logging_mixin.py:188} INFO - [2025-11-07T14:53:51.435+0000] {dag.py:3823} INFO - Setting next_dagrun for dags_python_operator to 2025-11-06 21:30:00+00:00, run_after=2025-11-07 21:30:00+00:00
[2025-11-07T14:53:51.462+0000] {processor.py:183} INFO - Processing /opt/airflow/dags/dags_pyhon_import_func.py took 0.225 seconds
[2025-11-07T14:54:21.631+0000] {processor.py:161} INFO - Started process (PID=28674) to work on /opt/airflow/dags/dags_pyhon_import_func.py
[2025-11-07T14:54:21.633+0000] {processor.py:830} INFO - Processing file /opt/airflow/dags/dags_pyhon_import_func.py for tasks to queue
[2025-11-07T14:54:21.634+0000] {logging_mixin.py:188} INFO - [2025-11-07T14:54:21.634+0000] {dagbag.py:538} INFO - Filling up the DagBag from /opt/airflow/dags/dags_pyhon_import_func.py
[2025-11-07T14:54:21.678+0000] {processor.py:840} INFO - DAG(s) 'dags_python_operator' retrieved from /opt/airflow/dags/dags_pyhon_import_func.py
[2025-11-07T14:54:21.704+0000] {logging_mixin.py:188} INFO - [2025-11-07T14:54:21.704+0000] {dag.py:3036} INFO - Sync 1 DAGs
[2025-11-07T14:54:21.733+0000] {logging_mixin.py:188} INFO - [2025-11-07T14:54:21.733+0000] {dag.py:3823} INFO - Setting next_dagrun for dags_python_operator to 2025-11-06 21:30:00+00:00, run_after=2025-11-07 21:30:00+00:00
[2025-11-07T14:54:21.759+0000] {processor.py:183} INFO - Processing /opt/airflow/dags/dags_pyhon_import_func.py took 0.133 seconds
[2025-11-07T14:56:52.640+0000] {processor.py:161} INFO - Started process (PID=70) to work on /opt/airflow/dags/dags_pyhon_import_func.py
[2025-11-07T14:56:52.643+0000] {processor.py:830} INFO - Processing file /opt/airflow/dags/dags_pyhon_import_func.py for tasks to queue
[2025-11-07T14:56:52.648+0000] {logging_mixin.py:188} INFO - [2025-11-07T14:56:52.648+0000] {dagbag.py:538} INFO - Filling up the DagBag from /opt/airflow/dags/dags_pyhon_import_func.py
[2025-11-07T14:56:52.746+0000] {processor.py:840} INFO - DAG(s) 'dags_python_operator' retrieved from /opt/airflow/dags/dags_pyhon_import_func.py
[2025-11-07T14:56:53.378+0000] {logging_mixin.py:188} INFO - [2025-11-07T14:56:53.378+0000] {dag.py:3036} INFO - Sync 1 DAGs
[2025-11-07T14:56:53.468+0000] {logging_mixin.py:188} INFO - [2025-11-07T14:56:53.467+0000] {dag.py:3823} INFO - Setting next_dagrun for dags_python_operator to 2025-11-06 21:30:00+00:00, run_after=2025-11-07 21:30:00+00:00
[2025-11-07T14:56:53.561+0000] {processor.py:183} INFO - Processing /opt/airflow/dags/dags_pyhon_import_func.py took 0.931 seconds
[2025-11-07T14:57:23.692+0000] {processor.py:161} INFO - Started process (PID=128) to work on /opt/airflow/dags/dags_pyhon_import_func.py
[2025-11-07T14:57:23.694+0000] {processor.py:830} INFO - Processing file /opt/airflow/dags/dags_pyhon_import_func.py for tasks to queue
[2025-11-07T14:57:23.697+0000] {logging_mixin.py:188} INFO - [2025-11-07T14:57:23.696+0000] {dagbag.py:538} INFO - Filling up the DagBag from /opt/airflow/dags/dags_pyhon_import_func.py
[2025-11-07T14:57:23.736+0000] {processor.py:840} INFO - DAG(s) 'dags_python_operator' retrieved from /opt/airflow/dags/dags_pyhon_import_func.py
[2025-11-07T14:57:23.761+0000] {logging_mixin.py:188} INFO - [2025-11-07T14:57:23.760+0000] {dag.py:3036} INFO - Sync 1 DAGs
[2025-11-07T14:57:23.797+0000] {logging_mixin.py:188} INFO - [2025-11-07T14:57:23.796+0000] {dag.py:3823} INFO - Setting next_dagrun for dags_python_operator to 2025-11-06 21:30:00+00:00, run_after=2025-11-07 21:30:00+00:00
[2025-11-07T14:57:23.826+0000] {processor.py:183} INFO - Processing /opt/airflow/dags/dags_pyhon_import_func.py took 0.138 seconds
[2025-11-07T14:57:54.144+0000] {processor.py:161} INFO - Started process (PID=186) to work on /opt/airflow/dags/dags_pyhon_import_func.py
[2025-11-07T14:57:54.148+0000] {processor.py:830} INFO - Processing file /opt/airflow/dags/dags_pyhon_import_func.py for tasks to queue
[2025-11-07T14:57:54.154+0000] {logging_mixin.py:188} INFO - [2025-11-07T14:57:54.152+0000] {dagbag.py:538} INFO - Filling up the DagBag from /opt/airflow/dags/dags_pyhon_import_func.py
[2025-11-07T14:57:54.232+0000] {processor.py:840} INFO - DAG(s) 'dags_python_operator' retrieved from /opt/airflow/dags/dags_pyhon_import_func.py
[2025-11-07T14:57:54.262+0000] {logging_mixin.py:188} INFO - [2025-11-07T14:57:54.262+0000] {dag.py:3036} INFO - Sync 1 DAGs
[2025-11-07T14:57:54.314+0000] {logging_mixin.py:188} INFO - [2025-11-07T14:57:54.314+0000] {dag.py:3823} INFO - Setting next_dagrun for dags_python_operator to 2025-11-06 21:30:00+00:00, run_after=2025-11-07 21:30:00+00:00
[2025-11-07T14:57:54.345+0000] {processor.py:183} INFO - Processing /opt/airflow/dags/dags_pyhon_import_func.py took 0.208 seconds
[2025-11-07T14:58:24.612+0000] {processor.py:161} INFO - Started process (PID=244) to work on /opt/airflow/dags/dags_pyhon_import_func.py
[2025-11-07T14:58:24.614+0000] {processor.py:830} INFO - Processing file /opt/airflow/dags/dags_pyhon_import_func.py for tasks to queue
[2025-11-07T14:58:24.618+0000] {logging_mixin.py:188} INFO - [2025-11-07T14:58:24.617+0000] {dagbag.py:538} INFO - Filling up the DagBag from /opt/airflow/dags/dags_pyhon_import_func.py
[2025-11-07T14:58:24.655+0000] {processor.py:840} INFO - DAG(s) 'dags_python_operator' retrieved from /opt/airflow/dags/dags_pyhon_import_func.py
[2025-11-07T14:58:24.769+0000] {logging_mixin.py:188} INFO - [2025-11-07T14:58:24.768+0000] {dag.py:3036} INFO - Sync 1 DAGs
[2025-11-07T14:58:24.793+0000] {logging_mixin.py:188} INFO - [2025-11-07T14:58:24.792+0000] {dag.py:3823} INFO - Setting next_dagrun for dags_python_operator to 2025-11-06 21:30:00+00:00, run_after=2025-11-07 21:30:00+00:00
[2025-11-07T14:58:24.817+0000] {processor.py:183} INFO - Processing /opt/airflow/dags/dags_pyhon_import_func.py took 0.211 seconds
[2025-11-07T14:58:55.582+0000] {processor.py:161} INFO - Started process (PID=302) to work on /opt/airflow/dags/dags_pyhon_import_func.py
[2025-11-07T14:58:55.584+0000] {processor.py:830} INFO - Processing file /opt/airflow/dags/dags_pyhon_import_func.py for tasks to queue
[2025-11-07T14:58:55.587+0000] {logging_mixin.py:188} INFO - [2025-11-07T14:58:55.587+0000] {dagbag.py:538} INFO - Filling up the DagBag from /opt/airflow/dags/dags_pyhon_import_func.py
[2025-11-07T14:58:55.645+0000] {processor.py:840} INFO - DAG(s) 'dags_python_operator' retrieved from /opt/airflow/dags/dags_pyhon_import_func.py
[2025-11-07T14:58:55.678+0000] {logging_mixin.py:188} INFO - [2025-11-07T14:58:55.678+0000] {dag.py:3036} INFO - Sync 1 DAGs
[2025-11-07T14:58:55.717+0000] {logging_mixin.py:188} INFO - [2025-11-07T14:58:55.717+0000] {dag.py:3823} INFO - Setting next_dagrun for dags_python_operator to 2025-11-06 21:30:00+00:00, run_after=2025-11-07 21:30:00+00:00
[2025-11-07T14:58:55.756+0000] {processor.py:183} INFO - Processing /opt/airflow/dags/dags_pyhon_import_func.py took 0.180 seconds
[2025-11-07T14:59:26.324+0000] {processor.py:161} INFO - Started process (PID=360) to work on /opt/airflow/dags/dags_pyhon_import_func.py
[2025-11-07T14:59:26.326+0000] {processor.py:830} INFO - Processing file /opt/airflow/dags/dags_pyhon_import_func.py for tasks to queue
[2025-11-07T14:59:26.331+0000] {logging_mixin.py:188} INFO - [2025-11-07T14:59:26.330+0000] {dagbag.py:538} INFO - Filling up the DagBag from /opt/airflow/dags/dags_pyhon_import_func.py
[2025-11-07T14:59:26.402+0000] {processor.py:840} INFO - DAG(s) 'dags_python_import_func' retrieved from /opt/airflow/dags/dags_pyhon_import_func.py
[2025-11-07T14:59:26.664+0000] {logging_mixin.py:188} INFO - [2025-11-07T14:59:26.661+0000] {override.py:1769} INFO - Created Permission View: can read on DAG:dags_python_import_func
[2025-11-07T14:59:26.709+0000] {logging_mixin.py:188} INFO - [2025-11-07T14:59:26.709+0000] {override.py:1769} INFO - Created Permission View: can edit on DAG:dags_python_import_func
[2025-11-07T14:59:26.732+0000] {logging_mixin.py:188} INFO - [2025-11-07T14:59:26.731+0000] {override.py:1769} INFO - Created Permission View: can delete on DAG:dags_python_import_func
[2025-11-07T14:59:26.734+0000] {logging_mixin.py:188} INFO - [2025-11-07T14:59:26.733+0000] {dag.py:3036} INFO - Sync 1 DAGs
[2025-11-07T14:59:26.771+0000] {logging_mixin.py:188} INFO - [2025-11-07T14:59:26.771+0000] {dag.py:3058} INFO - Creating ORM DAG for dags_python_import_func
[2025-11-07T14:59:26.820+0000] {logging_mixin.py:188} INFO - [2025-11-07T14:59:26.819+0000] {dag.py:3823} INFO - Setting next_dagrun for dags_python_import_func to 2025-11-06 21:30:00+00:00, run_after=2025-11-07 21:30:00+00:00
[2025-11-07T14:59:26.867+0000] {processor.py:183} INFO - Processing /opt/airflow/dags/dags_pyhon_import_func.py took 0.550 seconds
[2025-11-07T14:59:57.070+0000] {processor.py:161} INFO - Started process (PID=418) to work on /opt/airflow/dags/dags_pyhon_import_func.py
[2025-11-07T14:59:57.073+0000] {processor.py:830} INFO - Processing file /opt/airflow/dags/dags_pyhon_import_func.py for tasks to queue
[2025-11-07T14:59:57.076+0000] {logging_mixin.py:188} INFO - [2025-11-07T14:59:57.076+0000] {dagbag.py:538} INFO - Filling up the DagBag from /opt/airflow/dags/dags_pyhon_import_func.py
[2025-11-07T14:59:57.132+0000] {processor.py:840} INFO - DAG(s) 'dags_python_import_func' retrieved from /opt/airflow/dags/dags_pyhon_import_func.py
[2025-11-07T14:59:57.167+0000] {logging_mixin.py:188} INFO - [2025-11-07T14:59:57.166+0000] {dag.py:3036} INFO - Sync 1 DAGs
[2025-11-07T14:59:57.206+0000] {logging_mixin.py:188} INFO - [2025-11-07T14:59:57.206+0000] {dag.py:3823} INFO - Setting next_dagrun for dags_python_import_func to 2025-11-06 21:30:00+00:00, run_after=2025-11-07 21:30:00+00:00
[2025-11-07T14:59:57.242+0000] {processor.py:183} INFO - Processing /opt/airflow/dags/dags_pyhon_import_func.py took 0.176 seconds
[2025-11-07T15:00:27.562+0000] {processor.py:161} INFO - Started process (PID=477) to work on /opt/airflow/dags/dags_pyhon_import_func.py
[2025-11-07T15:00:27.564+0000] {processor.py:830} INFO - Processing file /opt/airflow/dags/dags_pyhon_import_func.py for tasks to queue
[2025-11-07T15:00:27.568+0000] {logging_mixin.py:188} INFO - [2025-11-07T15:00:27.567+0000] {dagbag.py:538} INFO - Filling up the DagBag from /opt/airflow/dags/dags_pyhon_import_func.py
[2025-11-07T15:00:27.630+0000] {processor.py:840} INFO - DAG(s) 'dags_python_import_func' retrieved from /opt/airflow/dags/dags_pyhon_import_func.py
[2025-11-07T15:00:27.677+0000] {logging_mixin.py:188} INFO - [2025-11-07T15:00:27.676+0000] {dag.py:3036} INFO - Sync 1 DAGs
[2025-11-07T15:00:27.720+0000] {logging_mixin.py:188} INFO - [2025-11-07T15:00:27.720+0000] {dag.py:3823} INFO - Setting next_dagrun for dags_python_import_func to 2025-11-06 21:30:00+00:00, run_after=2025-11-07 21:30:00+00:00
[2025-11-07T15:00:27.762+0000] {processor.py:183} INFO - Processing /opt/airflow/dags/dags_pyhon_import_func.py took 0.206 seconds
[2025-11-07T15:00:58.607+0000] {processor.py:161} INFO - Started process (PID=535) to work on /opt/airflow/dags/dags_pyhon_import_func.py
[2025-11-07T15:00:58.609+0000] {processor.py:830} INFO - Processing file /opt/airflow/dags/dags_pyhon_import_func.py for tasks to queue
[2025-11-07T15:00:58.612+0000] {logging_mixin.py:188} INFO - [2025-11-07T15:00:58.611+0000] {dagbag.py:538} INFO - Filling up the DagBag from /opt/airflow/dags/dags_pyhon_import_func.py
[2025-11-07T15:00:58.663+0000] {processor.py:840} INFO - DAG(s) 'dags_python_import_func' retrieved from /opt/airflow/dags/dags_pyhon_import_func.py
[2025-11-07T15:00:58.696+0000] {logging_mixin.py:188} INFO - [2025-11-07T15:00:58.696+0000] {dag.py:3036} INFO - Sync 1 DAGs
[2025-11-07T15:00:58.732+0000] {logging_mixin.py:188} INFO - [2025-11-07T15:00:58.732+0000] {dag.py:3823} INFO - Setting next_dagrun for dags_python_import_func to 2025-11-06 21:30:00+00:00, run_after=2025-11-07 21:30:00+00:00
[2025-11-07T15:00:58.769+0000] {processor.py:183} INFO - Processing /opt/airflow/dags/dags_pyhon_import_func.py took 0.167 seconds
[2025-11-07T15:01:29.032+0000] {processor.py:161} INFO - Started process (PID=593) to work on /opt/airflow/dags/dags_pyhon_import_func.py
[2025-11-07T15:01:29.034+0000] {processor.py:830} INFO - Processing file /opt/airflow/dags/dags_pyhon_import_func.py for tasks to queue
[2025-11-07T15:01:29.037+0000] {logging_mixin.py:188} INFO - [2025-11-07T15:01:29.037+0000] {dagbag.py:538} INFO - Filling up the DagBag from /opt/airflow/dags/dags_pyhon_import_func.py
[2025-11-07T15:01:29.086+0000] {processor.py:840} INFO - DAG(s) 'dags_python_import_func' retrieved from /opt/airflow/dags/dags_pyhon_import_func.py
[2025-11-07T15:01:29.117+0000] {logging_mixin.py:188} INFO - [2025-11-07T15:01:29.117+0000] {dag.py:3036} INFO - Sync 1 DAGs
[2025-11-07T15:01:29.158+0000] {logging_mixin.py:188} INFO - [2025-11-07T15:01:29.157+0000] {dag.py:3823} INFO - Setting next_dagrun for dags_python_import_func to 2025-11-06 21:30:00+00:00, run_after=2025-11-07 21:30:00+00:00
[2025-11-07T15:01:29.190+0000] {processor.py:183} INFO - Processing /opt/airflow/dags/dags_pyhon_import_func.py took 0.165 seconds
[2025-11-07T15:01:59.459+0000] {processor.py:161} INFO - Started process (PID=652) to work on /opt/airflow/dags/dags_pyhon_import_func.py
[2025-11-07T15:01:59.460+0000] {processor.py:830} INFO - Processing file /opt/airflow/dags/dags_pyhon_import_func.py for tasks to queue
[2025-11-07T15:01:59.464+0000] {logging_mixin.py:188} INFO - [2025-11-07T15:01:59.463+0000] {dagbag.py:538} INFO - Filling up the DagBag from /opt/airflow/dags/dags_pyhon_import_func.py
[2025-11-07T15:01:59.519+0000] {processor.py:840} INFO - DAG(s) 'dags_python_import_func' retrieved from /opt/airflow/dags/dags_pyhon_import_func.py
[2025-11-07T15:01:59.549+0000] {logging_mixin.py:188} INFO - [2025-11-07T15:01:59.549+0000] {dag.py:3036} INFO - Sync 1 DAGs
[2025-11-07T15:01:59.588+0000] {logging_mixin.py:188} INFO - [2025-11-07T15:01:59.587+0000] {dag.py:3823} INFO - Setting next_dagrun for dags_python_import_func to 2025-11-06 21:30:00+00:00, run_after=2025-11-07 21:30:00+00:00
[2025-11-07T15:01:59.627+0000] {processor.py:183} INFO - Processing /opt/airflow/dags/dags_pyhon_import_func.py took 0.175 seconds
[2025-11-07T15:02:29.881+0000] {processor.py:161} INFO - Started process (PID=710) to work on /opt/airflow/dags/dags_pyhon_import_func.py
[2025-11-07T15:02:29.883+0000] {processor.py:830} INFO - Processing file /opt/airflow/dags/dags_pyhon_import_func.py for tasks to queue
[2025-11-07T15:02:29.887+0000] {logging_mixin.py:188} INFO - [2025-11-07T15:02:29.887+0000] {dagbag.py:538} INFO - Filling up the DagBag from /opt/airflow/dags/dags_pyhon_import_func.py
[2025-11-07T15:02:29.958+0000] {processor.py:840} INFO - DAG(s) 'dags_python_import_func' retrieved from /opt/airflow/dags/dags_pyhon_import_func.py
[2025-11-07T15:02:29.996+0000] {logging_mixin.py:188} INFO - [2025-11-07T15:02:29.996+0000] {dag.py:3036} INFO - Sync 1 DAGs
[2025-11-07T15:02:30.042+0000] {logging_mixin.py:188} INFO - [2025-11-07T15:02:30.041+0000] {dag.py:3823} INFO - Setting next_dagrun for dags_python_import_func to 2025-11-06 21:30:00+00:00, run_after=2025-11-07 21:30:00+00:00
[2025-11-07T15:02:30.082+0000] {processor.py:183} INFO - Processing /opt/airflow/dags/dags_pyhon_import_func.py took 0.209 seconds
[2025-11-07T15:03:00.480+0000] {processor.py:161} INFO - Started process (PID=767) to work on /opt/airflow/dags/dags_pyhon_import_func.py
[2025-11-07T15:03:00.484+0000] {processor.py:830} INFO - Processing file /opt/airflow/dags/dags_pyhon_import_func.py for tasks to queue
[2025-11-07T15:03:00.489+0000] {logging_mixin.py:188} INFO - [2025-11-07T15:03:00.488+0000] {dagbag.py:538} INFO - Filling up the DagBag from /opt/airflow/dags/dags_pyhon_import_func.py
[2025-11-07T15:03:00.561+0000] {processor.py:840} INFO - DAG(s) 'dags_python_import_func' retrieved from /opt/airflow/dags/dags_pyhon_import_func.py
[2025-11-07T15:03:00.608+0000] {logging_mixin.py:188} INFO - [2025-11-07T15:03:00.607+0000] {dag.py:3036} INFO - Sync 1 DAGs
[2025-11-07T15:03:00.682+0000] {logging_mixin.py:188} INFO - [2025-11-07T15:03:00.681+0000] {dag.py:3823} INFO - Setting next_dagrun for dags_python_import_func to 2025-11-06 21:30:00+00:00, run_after=2025-11-07 21:30:00+00:00
[2025-11-07T15:03:00.750+0000] {processor.py:183} INFO - Processing /opt/airflow/dags/dags_pyhon_import_func.py took 0.279 seconds
[2025-11-07T15:03:31.670+0000] {processor.py:161} INFO - Started process (PID=825) to work on /opt/airflow/dags/dags_pyhon_import_func.py
[2025-11-07T15:03:31.683+0000] {processor.py:830} INFO - Processing file /opt/airflow/dags/dags_pyhon_import_func.py for tasks to queue
[2025-11-07T15:03:31.699+0000] {logging_mixin.py:188} INFO - [2025-11-07T15:03:31.688+0000] {dagbag.py:538} INFO - Filling up the DagBag from /opt/airflow/dags/dags_pyhon_import_func.py
[2025-11-07T15:03:31.807+0000] {processor.py:840} INFO - DAG(s) 'dags_python_import_func' retrieved from /opt/airflow/dags/dags_pyhon_import_func.py
[2025-11-07T15:03:31.883+0000] {logging_mixin.py:188} INFO - [2025-11-07T15:03:31.882+0000] {dag.py:3036} INFO - Sync 1 DAGs
[2025-11-07T15:03:31.985+0000] {logging_mixin.py:188} INFO - [2025-11-07T15:03:31.984+0000] {dag.py:3823} INFO - Setting next_dagrun for dags_python_import_func to 2025-11-06 21:30:00+00:00, run_after=2025-11-07 21:30:00+00:00
[2025-11-07T15:03:32.053+0000] {processor.py:183} INFO - Processing /opt/airflow/dags/dags_pyhon_import_func.py took 0.407 seconds
[2025-11-07T15:04:02.399+0000] {processor.py:161} INFO - Started process (PID=883) to work on /opt/airflow/dags/dags_pyhon_import_func.py
[2025-11-07T15:04:02.400+0000] {processor.py:830} INFO - Processing file /opt/airflow/dags/dags_pyhon_import_func.py for tasks to queue
[2025-11-07T15:04:02.405+0000] {logging_mixin.py:188} INFO - [2025-11-07T15:04:02.404+0000] {dagbag.py:538} INFO - Filling up the DagBag from /opt/airflow/dags/dags_pyhon_import_func.py
[2025-11-07T15:04:02.525+0000] {processor.py:840} INFO - DAG(s) 'dags_python_import_func' retrieved from /opt/airflow/dags/dags_pyhon_import_func.py
[2025-11-07T15:04:02.583+0000] {logging_mixin.py:188} INFO - [2025-11-07T15:04:02.582+0000] {dag.py:3036} INFO - Sync 1 DAGs
[2025-11-07T15:04:02.657+0000] {logging_mixin.py:188} INFO - [2025-11-07T15:04:02.656+0000] {dag.py:3823} INFO - Setting next_dagrun for dags_python_import_func to 2025-11-06 21:30:00+00:00, run_after=2025-11-07 21:30:00+00:00
[2025-11-07T15:04:02.722+0000] {processor.py:183} INFO - Processing /opt/airflow/dags/dags_pyhon_import_func.py took 0.330 seconds
[2025-11-07T15:04:32.860+0000] {processor.py:161} INFO - Started process (PID=941) to work on /opt/airflow/dags/dags_pyhon_import_func.py
[2025-11-07T15:04:32.862+0000] {processor.py:830} INFO - Processing file /opt/airflow/dags/dags_pyhon_import_func.py for tasks to queue
[2025-11-07T15:04:32.866+0000] {logging_mixin.py:188} INFO - [2025-11-07T15:04:32.865+0000] {dagbag.py:538} INFO - Filling up the DagBag from /opt/airflow/dags/dags_pyhon_import_func.py
[2025-11-07T15:04:32.934+0000] {processor.py:840} INFO - DAG(s) 'dags_python_import_func' retrieved from /opt/airflow/dags/dags_pyhon_import_func.py
[2025-11-07T15:04:32.975+0000] {logging_mixin.py:188} INFO - [2025-11-07T15:04:32.974+0000] {dag.py:3036} INFO - Sync 1 DAGs
[2025-11-07T15:04:33.029+0000] {logging_mixin.py:188} INFO - [2025-11-07T15:04:33.028+0000] {dag.py:3823} INFO - Setting next_dagrun for dags_python_import_func to 2025-11-06 21:30:00+00:00, run_after=2025-11-07 21:30:00+00:00
[2025-11-07T15:04:33.063+0000] {processor.py:183} INFO - Processing /opt/airflow/dags/dags_pyhon_import_func.py took 0.210 seconds
[2025-11-07T15:05:03.541+0000] {processor.py:161} INFO - Started process (PID=1000) to work on /opt/airflow/dags/dags_pyhon_import_func.py
[2025-11-07T15:05:03.543+0000] {processor.py:830} INFO - Processing file /opt/airflow/dags/dags_pyhon_import_func.py for tasks to queue
[2025-11-07T15:05:03.548+0000] {logging_mixin.py:188} INFO - [2025-11-07T15:05:03.547+0000] {dagbag.py:538} INFO - Filling up the DagBag from /opt/airflow/dags/dags_pyhon_import_func.py
[2025-11-07T15:05:03.635+0000] {processor.py:840} INFO - DAG(s) 'dags_python_import_func' retrieved from /opt/airflow/dags/dags_pyhon_import_func.py
[2025-11-07T15:05:03.678+0000] {logging_mixin.py:188} INFO - [2025-11-07T15:05:03.678+0000] {dag.py:3036} INFO - Sync 1 DAGs
[2025-11-07T15:05:03.733+0000] {logging_mixin.py:188} INFO - [2025-11-07T15:05:03.733+0000] {dag.py:3823} INFO - Setting next_dagrun for dags_python_import_func to 2025-11-06 21:30:00+00:00, run_after=2025-11-07 21:30:00+00:00
[2025-11-07T15:05:03.780+0000] {processor.py:183} INFO - Processing /opt/airflow/dags/dags_pyhon_import_func.py took 0.247 seconds
