[2025-11-13T06:26:04.693+0000] {processor.py:161} INFO - Started process (PID=75) to work on /opt/airflow/dags/dags_python_with_op_kwargs.py
[2025-11-13T06:26:04.698+0000] {processor.py:830} INFO - Processing file /opt/airflow/dags/dags_python_with_op_kwargs.py for tasks to queue
[2025-11-13T06:26:04.707+0000] {logging_mixin.py:188} INFO - [2025-11-13T06:26:04.707+0000] {dagbag.py:538} INFO - Filling up the DagBag from /opt/airflow/dags/dags_python_with_op_kwargs.py
[2025-11-13T06:26:04.850+0000] {logging_mixin.py:188} INFO - [2025-11-13T06:26:04.839+0000] {dagbag.py:348} ERROR - Failed to import: /opt/airflow/dags/dags_python_with_op_kwargs.py
Traceback (most recent call last):
  File "/home/airflow/.local/lib/python3.8/site-packages/airflow/models/dagbag.py", line 344, in parse
    loader.exec_module(new_module)
  File "<frozen importlib._bootstrap_external>", line 843, in exec_module
  File "<frozen importlib._bootstrap>", line 219, in _call_with_frames_removed
  File "/opt/airflow/dags/dags_python_with_op_kwargs.py", line 5, in <module>
    from common.common_func import regist2
ImportError: cannot import name 'regist2' from 'common.common_func' (/opt/airflow/plugins/common/common_func.py)
[2025-11-13T06:26:04.857+0000] {processor.py:842} WARNING - No viable dags retrieved from /opt/airflow/dags/dags_python_with_op_kwargs.py
[2025-11-13T06:26:04.946+0000] {processor.py:183} INFO - Processing /opt/airflow/dags/dags_python_with_op_kwargs.py took 0.266 seconds
[2025-11-13T06:26:35.776+0000] {processor.py:161} INFO - Started process (PID=136) to work on /opt/airflow/dags/dags_python_with_op_kwargs.py
[2025-11-13T06:26:35.780+0000] {processor.py:830} INFO - Processing file /opt/airflow/dags/dags_python_with_op_kwargs.py for tasks to queue
[2025-11-13T06:26:35.801+0000] {logging_mixin.py:188} INFO - [2025-11-13T06:26:35.799+0000] {dagbag.py:538} INFO - Filling up the DagBag from /opt/airflow/dags/dags_python_with_op_kwargs.py
[2025-11-13T06:26:35.935+0000] {logging_mixin.py:188} INFO - [2025-11-13T06:26:35.922+0000] {dagbag.py:348} ERROR - Failed to import: /opt/airflow/dags/dags_python_with_op_kwargs.py
Traceback (most recent call last):
  File "/home/airflow/.local/lib/python3.8/site-packages/airflow/models/dagbag.py", line 344, in parse
    loader.exec_module(new_module)
  File "<frozen importlib._bootstrap_external>", line 843, in exec_module
  File "<frozen importlib._bootstrap>", line 219, in _call_with_frames_removed
  File "/opt/airflow/dags/dags_python_with_op_kwargs.py", line 5, in <module>
    from common.common_func import regist2
ImportError: cannot import name 'regist2' from 'common.common_func' (/opt/airflow/plugins/common/common_func.py)
[2025-11-13T06:26:35.941+0000] {processor.py:842} WARNING - No viable dags retrieved from /opt/airflow/dags/dags_python_with_op_kwargs.py
[2025-11-13T06:26:36.073+0000] {processor.py:183} INFO - Processing /opt/airflow/dags/dags_python_with_op_kwargs.py took 0.319 seconds
[2025-11-13T06:27:06.225+0000] {processor.py:161} INFO - Started process (PID=199) to work on /opt/airflow/dags/dags_python_with_op_kwargs.py
[2025-11-13T06:27:06.226+0000] {processor.py:830} INFO - Processing file /opt/airflow/dags/dags_python_with_op_kwargs.py for tasks to queue
[2025-11-13T06:27:06.229+0000] {logging_mixin.py:188} INFO - [2025-11-13T06:27:06.229+0000] {dagbag.py:538} INFO - Filling up the DagBag from /opt/airflow/dags/dags_python_with_op_kwargs.py
[2025-11-13T06:27:06.272+0000] {logging_mixin.py:188} INFO - [2025-11-13T06:27:06.269+0000] {dagbag.py:348} ERROR - Failed to import: /opt/airflow/dags/dags_python_with_op_kwargs.py
Traceback (most recent call last):
  File "/home/airflow/.local/lib/python3.8/site-packages/airflow/models/dagbag.py", line 344, in parse
    loader.exec_module(new_module)
  File "<frozen importlib._bootstrap_external>", line 843, in exec_module
  File "<frozen importlib._bootstrap>", line 219, in _call_with_frames_removed
  File "/opt/airflow/dags/dags_python_with_op_kwargs.py", line 5, in <module>
    from common.common_func import regist2
ImportError: cannot import name 'regist2' from 'common.common_func' (/opt/airflow/plugins/common/common_func.py)
[2025-11-13T06:27:06.274+0000] {processor.py:842} WARNING - No viable dags retrieved from /opt/airflow/dags/dags_python_with_op_kwargs.py
[2025-11-13T06:27:06.297+0000] {processor.py:183} INFO - Processing /opt/airflow/dags/dags_python_with_op_kwargs.py took 0.077 seconds
[2025-11-13T06:27:36.407+0000] {processor.py:161} INFO - Started process (PID=260) to work on /opt/airflow/dags/dags_python_with_op_kwargs.py
[2025-11-13T06:27:36.409+0000] {processor.py:830} INFO - Processing file /opt/airflow/dags/dags_python_with_op_kwargs.py for tasks to queue
[2025-11-13T06:27:36.412+0000] {logging_mixin.py:188} INFO - [2025-11-13T06:27:36.412+0000] {dagbag.py:538} INFO - Filling up the DagBag from /opt/airflow/dags/dags_python_with_op_kwargs.py
[2025-11-13T06:27:36.457+0000] {logging_mixin.py:188} INFO - [2025-11-13T06:27:36.449+0000] {dagbag.py:348} ERROR - Failed to import: /opt/airflow/dags/dags_python_with_op_kwargs.py
Traceback (most recent call last):
  File "/home/airflow/.local/lib/python3.8/site-packages/airflow/models/dagbag.py", line 344, in parse
    loader.exec_module(new_module)
  File "<frozen importlib._bootstrap_external>", line 843, in exec_module
  File "<frozen importlib._bootstrap>", line 219, in _call_with_frames_removed
  File "/opt/airflow/dags/dags_python_with_op_kwargs.py", line 5, in <module>
    from common.common_func import regist2
ImportError: cannot import name 'regist2' from 'common.common_func' (/opt/airflow/plugins/common/common_func.py)
[2025-11-13T06:27:36.459+0000] {processor.py:842} WARNING - No viable dags retrieved from /opt/airflow/dags/dags_python_with_op_kwargs.py
[2025-11-13T06:27:36.485+0000] {processor.py:183} INFO - Processing /opt/airflow/dags/dags_python_with_op_kwargs.py took 0.082 seconds
[2025-11-13T06:28:06.779+0000] {processor.py:161} INFO - Started process (PID=322) to work on /opt/airflow/dags/dags_python_with_op_kwargs.py
[2025-11-13T06:28:06.781+0000] {processor.py:830} INFO - Processing file /opt/airflow/dags/dags_python_with_op_kwargs.py for tasks to queue
[2025-11-13T06:28:06.784+0000] {logging_mixin.py:188} INFO - [2025-11-13T06:28:06.783+0000] {dagbag.py:538} INFO - Filling up the DagBag from /opt/airflow/dags/dags_python_with_op_kwargs.py
[2025-11-13T06:28:06.835+0000] {logging_mixin.py:188} INFO - [2025-11-13T06:28:06.830+0000] {dagbag.py:348} ERROR - Failed to import: /opt/airflow/dags/dags_python_with_op_kwargs.py
Traceback (most recent call last):
  File "/home/airflow/.local/lib/python3.8/site-packages/airflow/models/dagbag.py", line 344, in parse
    loader.exec_module(new_module)
  File "<frozen importlib._bootstrap_external>", line 843, in exec_module
  File "<frozen importlib._bootstrap>", line 219, in _call_with_frames_removed
  File "/opt/airflow/dags/dags_python_with_op_kwargs.py", line 5, in <module>
    from common.common_func import regist2
ImportError: cannot import name 'regist2' from 'common.common_func' (/opt/airflow/plugins/common/common_func.py)
[2025-11-13T06:28:06.836+0000] {processor.py:842} WARNING - No viable dags retrieved from /opt/airflow/dags/dags_python_with_op_kwargs.py
[2025-11-13T06:28:06.864+0000] {processor.py:183} INFO - Processing /opt/airflow/dags/dags_python_with_op_kwargs.py took 0.090 seconds
[2025-11-13T06:28:37.029+0000] {processor.py:161} INFO - Started process (PID=385) to work on /opt/airflow/dags/dags_python_with_op_kwargs.py
[2025-11-13T06:28:37.031+0000] {processor.py:830} INFO - Processing file /opt/airflow/dags/dags_python_with_op_kwargs.py for tasks to queue
[2025-11-13T06:28:37.033+0000] {logging_mixin.py:188} INFO - [2025-11-13T06:28:37.033+0000] {dagbag.py:538} INFO - Filling up the DagBag from /opt/airflow/dags/dags_python_with_op_kwargs.py
[2025-11-13T06:28:37.066+0000] {logging_mixin.py:188} INFO - [2025-11-13T06:28:37.062+0000] {dagbag.py:348} ERROR - Failed to import: /opt/airflow/dags/dags_python_with_op_kwargs.py
Traceback (most recent call last):
  File "/home/airflow/.local/lib/python3.8/site-packages/airflow/models/dagbag.py", line 344, in parse
    loader.exec_module(new_module)
  File "<frozen importlib._bootstrap_external>", line 843, in exec_module
  File "<frozen importlib._bootstrap>", line 219, in _call_with_frames_removed
  File "/opt/airflow/dags/dags_python_with_op_kwargs.py", line 5, in <module>
    from common.common_func import regist2
ImportError: cannot import name 'regist2' from 'common.common_func' (/opt/airflow/plugins/common/common_func.py)
[2025-11-13T06:28:37.067+0000] {processor.py:842} WARNING - No viable dags retrieved from /opt/airflow/dags/dags_python_with_op_kwargs.py
[2025-11-13T06:28:37.095+0000] {processor.py:183} INFO - Processing /opt/airflow/dags/dags_python_with_op_kwargs.py took 0.070 seconds
[2025-11-13T06:29:07.300+0000] {processor.py:161} INFO - Started process (PID=447) to work on /opt/airflow/dags/dags_python_with_op_kwargs.py
[2025-11-13T06:29:07.302+0000] {processor.py:830} INFO - Processing file /opt/airflow/dags/dags_python_with_op_kwargs.py for tasks to queue
[2025-11-13T06:29:07.304+0000] {logging_mixin.py:188} INFO - [2025-11-13T06:29:07.304+0000] {dagbag.py:538} INFO - Filling up the DagBag from /opt/airflow/dags/dags_python_with_op_kwargs.py
[2025-11-13T06:29:07.338+0000] {logging_mixin.py:188} INFO - [2025-11-13T06:29:07.334+0000] {dagbag.py:348} ERROR - Failed to import: /opt/airflow/dags/dags_python_with_op_kwargs.py
Traceback (most recent call last):
  File "/home/airflow/.local/lib/python3.8/site-packages/airflow/models/dagbag.py", line 344, in parse
    loader.exec_module(new_module)
  File "<frozen importlib._bootstrap_external>", line 843, in exec_module
  File "<frozen importlib._bootstrap>", line 219, in _call_with_frames_removed
  File "/opt/airflow/dags/dags_python_with_op_kwargs.py", line 5, in <module>
    from common.common_func import regist2
ImportError: cannot import name 'regist2' from 'common.common_func' (/opt/airflow/plugins/common/common_func.py)
[2025-11-13T06:29:07.340+0000] {processor.py:842} WARNING - No viable dags retrieved from /opt/airflow/dags/dags_python_with_op_kwargs.py
[2025-11-13T06:29:07.365+0000] {processor.py:183} INFO - Processing /opt/airflow/dags/dags_python_with_op_kwargs.py took 0.069 seconds
[2025-11-13T06:29:37.446+0000] {processor.py:161} INFO - Started process (PID=509) to work on /opt/airflow/dags/dags_python_with_op_kwargs.py
[2025-11-13T06:29:37.447+0000] {processor.py:830} INFO - Processing file /opt/airflow/dags/dags_python_with_op_kwargs.py for tasks to queue
[2025-11-13T06:29:37.450+0000] {logging_mixin.py:188} INFO - [2025-11-13T06:29:37.450+0000] {dagbag.py:538} INFO - Filling up the DagBag from /opt/airflow/dags/dags_python_with_op_kwargs.py
[2025-11-13T06:29:37.500+0000] {logging_mixin.py:188} INFO - [2025-11-13T06:29:37.495+0000] {dagbag.py:348} ERROR - Failed to import: /opt/airflow/dags/dags_python_with_op_kwargs.py
Traceback (most recent call last):
  File "/home/airflow/.local/lib/python3.8/site-packages/airflow/models/dagbag.py", line 344, in parse
    loader.exec_module(new_module)
  File "<frozen importlib._bootstrap_external>", line 843, in exec_module
  File "<frozen importlib._bootstrap>", line 219, in _call_with_frames_removed
  File "/opt/airflow/dags/dags_python_with_op_kwargs.py", line 5, in <module>
    from common.common_func import regist2
ImportError: cannot import name 'regist2' from 'common.common_func' (/opt/airflow/plugins/common/common_func.py)
[2025-11-13T06:29:37.502+0000] {processor.py:842} WARNING - No viable dags retrieved from /opt/airflow/dags/dags_python_with_op_kwargs.py
[2025-11-13T06:29:37.529+0000] {processor.py:183} INFO - Processing /opt/airflow/dags/dags_python_with_op_kwargs.py took 0.088 seconds
[2025-11-13T06:30:08.384+0000] {processor.py:161} INFO - Started process (PID=569) to work on /opt/airflow/dags/dags_python_with_op_kwargs.py
[2025-11-13T06:30:08.388+0000] {processor.py:830} INFO - Processing file /opt/airflow/dags/dags_python_with_op_kwargs.py for tasks to queue
[2025-11-13T06:30:08.393+0000] {logging_mixin.py:188} INFO - [2025-11-13T06:30:08.392+0000] {dagbag.py:538} INFO - Filling up the DagBag from /opt/airflow/dags/dags_python_with_op_kwargs.py
[2025-11-13T06:30:08.456+0000] {logging_mixin.py:188} INFO - [2025-11-13T06:30:08.450+0000] {dagbag.py:348} ERROR - Failed to import: /opt/airflow/dags/dags_python_with_op_kwargs.py
Traceback (most recent call last):
  File "/home/airflow/.local/lib/python3.8/site-packages/airflow/models/dagbag.py", line 344, in parse
    loader.exec_module(new_module)
  File "<frozen importlib._bootstrap_external>", line 843, in exec_module
  File "<frozen importlib._bootstrap>", line 219, in _call_with_frames_removed
  File "/opt/airflow/dags/dags_python_with_op_kwargs.py", line 5, in <module>
    from common.common_func import regist2
ImportError: cannot import name 'regist2' from 'common.common_func' (/opt/airflow/plugins/common/common_func.py)
[2025-11-13T06:30:08.458+0000] {processor.py:842} WARNING - No viable dags retrieved from /opt/airflow/dags/dags_python_with_op_kwargs.py
[2025-11-13T06:30:08.498+0000] {processor.py:183} INFO - Processing /opt/airflow/dags/dags_python_with_op_kwargs.py took 0.124 seconds
[2025-11-13T06:30:38.688+0000] {processor.py:161} INFO - Started process (PID=631) to work on /opt/airflow/dags/dags_python_with_op_kwargs.py
[2025-11-13T06:30:38.690+0000] {processor.py:830} INFO - Processing file /opt/airflow/dags/dags_python_with_op_kwargs.py for tasks to queue
[2025-11-13T06:30:38.693+0000] {logging_mixin.py:188} INFO - [2025-11-13T06:30:38.693+0000] {dagbag.py:538} INFO - Filling up the DagBag from /opt/airflow/dags/dags_python_with_op_kwargs.py
[2025-11-13T06:30:38.749+0000] {logging_mixin.py:188} INFO - [2025-11-13T06:30:38.742+0000] {dagbag.py:348} ERROR - Failed to import: /opt/airflow/dags/dags_python_with_op_kwargs.py
Traceback (most recent call last):
  File "/home/airflow/.local/lib/python3.8/site-packages/airflow/models/dagbag.py", line 344, in parse
    loader.exec_module(new_module)
  File "<frozen importlib._bootstrap_external>", line 843, in exec_module
  File "<frozen importlib._bootstrap>", line 219, in _call_with_frames_removed
  File "/opt/airflow/dags/dags_python_with_op_kwargs.py", line 5, in <module>
    from common.common_func import regist2
ImportError: cannot import name 'regist2' from 'common.common_func' (/opt/airflow/plugins/common/common_func.py)
[2025-11-13T06:30:38.751+0000] {processor.py:842} WARNING - No viable dags retrieved from /opt/airflow/dags/dags_python_with_op_kwargs.py
[2025-11-13T06:30:38.783+0000] {processor.py:183} INFO - Processing /opt/airflow/dags/dags_python_with_op_kwargs.py took 0.101 seconds
[2025-11-13T06:31:09.229+0000] {processor.py:161} INFO - Started process (PID=693) to work on /opt/airflow/dags/dags_python_with_op_kwargs.py
[2025-11-13T06:31:09.230+0000] {processor.py:830} INFO - Processing file /opt/airflow/dags/dags_python_with_op_kwargs.py for tasks to queue
[2025-11-13T06:31:09.232+0000] {logging_mixin.py:188} INFO - [2025-11-13T06:31:09.232+0000] {dagbag.py:538} INFO - Filling up the DagBag from /opt/airflow/dags/dags_python_with_op_kwargs.py
[2025-11-13T06:31:09.267+0000] {logging_mixin.py:188} INFO - [2025-11-13T06:31:09.263+0000] {dagbag.py:348} ERROR - Failed to import: /opt/airflow/dags/dags_python_with_op_kwargs.py
Traceback (most recent call last):
  File "/home/airflow/.local/lib/python3.8/site-packages/airflow/models/dagbag.py", line 344, in parse
    loader.exec_module(new_module)
  File "<frozen importlib._bootstrap_external>", line 843, in exec_module
  File "<frozen importlib._bootstrap>", line 219, in _call_with_frames_removed
  File "/opt/airflow/dags/dags_python_with_op_kwargs.py", line 5, in <module>
    from common.common_func import regist2
ImportError: cannot import name 'regist2' from 'common.common_func' (/opt/airflow/plugins/common/common_func.py)
[2025-11-13T06:31:09.269+0000] {processor.py:842} WARNING - No viable dags retrieved from /opt/airflow/dags/dags_python_with_op_kwargs.py
[2025-11-13T06:31:09.293+0000] {processor.py:183} INFO - Processing /opt/airflow/dags/dags_python_with_op_kwargs.py took 0.069 seconds
[2025-11-13T06:31:39.557+0000] {processor.py:161} INFO - Started process (PID=755) to work on /opt/airflow/dags/dags_python_with_op_kwargs.py
[2025-11-13T06:31:39.558+0000] {processor.py:830} INFO - Processing file /opt/airflow/dags/dags_python_with_op_kwargs.py for tasks to queue
[2025-11-13T06:31:39.561+0000] {logging_mixin.py:188} INFO - [2025-11-13T06:31:39.561+0000] {dagbag.py:538} INFO - Filling up the DagBag from /opt/airflow/dags/dags_python_with_op_kwargs.py
[2025-11-13T06:31:39.599+0000] {logging_mixin.py:188} INFO - [2025-11-13T06:31:39.595+0000] {dagbag.py:348} ERROR - Failed to import: /opt/airflow/dags/dags_python_with_op_kwargs.py
Traceback (most recent call last):
  File "/home/airflow/.local/lib/python3.8/site-packages/airflow/models/dagbag.py", line 344, in parse
    loader.exec_module(new_module)
  File "<frozen importlib._bootstrap_external>", line 843, in exec_module
  File "<frozen importlib._bootstrap>", line 219, in _call_with_frames_removed
  File "/opt/airflow/dags/dags_python_with_op_kwargs.py", line 5, in <module>
    from common.common_func import regist2
ImportError: cannot import name 'regist2' from 'common.common_func' (/opt/airflow/plugins/common/common_func.py)
[2025-11-13T06:31:39.601+0000] {processor.py:842} WARNING - No viable dags retrieved from /opt/airflow/dags/dags_python_with_op_kwargs.py
[2025-11-13T06:31:39.625+0000] {processor.py:183} INFO - Processing /opt/airflow/dags/dags_python_with_op_kwargs.py took 0.073 seconds
[2025-11-13T06:32:09.783+0000] {processor.py:161} INFO - Started process (PID=817) to work on /opt/airflow/dags/dags_python_with_op_kwargs.py
[2025-11-13T06:32:09.785+0000] {processor.py:830} INFO - Processing file /opt/airflow/dags/dags_python_with_op_kwargs.py for tasks to queue
[2025-11-13T06:32:09.788+0000] {logging_mixin.py:188} INFO - [2025-11-13T06:32:09.787+0000] {dagbag.py:538} INFO - Filling up the DagBag from /opt/airflow/dags/dags_python_with_op_kwargs.py
[2025-11-13T06:32:09.838+0000] {logging_mixin.py:188} INFO - [2025-11-13T06:32:09.832+0000] {dagbag.py:348} ERROR - Failed to import: /opt/airflow/dags/dags_python_with_op_kwargs.py
Traceback (most recent call last):
  File "/home/airflow/.local/lib/python3.8/site-packages/airflow/models/dagbag.py", line 344, in parse
    loader.exec_module(new_module)
  File "<frozen importlib._bootstrap_external>", line 843, in exec_module
  File "<frozen importlib._bootstrap>", line 219, in _call_with_frames_removed
  File "/opt/airflow/dags/dags_python_with_op_kwargs.py", line 5, in <module>
    from common.common_func import regist2
ImportError: cannot import name 'regist2' from 'common.common_func' (/opt/airflow/plugins/common/common_func.py)
[2025-11-13T06:32:09.840+0000] {processor.py:842} WARNING - No viable dags retrieved from /opt/airflow/dags/dags_python_with_op_kwargs.py
[2025-11-13T06:32:09.868+0000] {processor.py:183} INFO - Processing /opt/airflow/dags/dags_python_with_op_kwargs.py took 0.091 seconds
[2025-11-13T06:32:40.135+0000] {processor.py:161} INFO - Started process (PID=879) to work on /opt/airflow/dags/dags_python_with_op_kwargs.py
[2025-11-13T06:32:40.136+0000] {processor.py:830} INFO - Processing file /opt/airflow/dags/dags_python_with_op_kwargs.py for tasks to queue
[2025-11-13T06:32:40.139+0000] {logging_mixin.py:188} INFO - [2025-11-13T06:32:40.138+0000] {dagbag.py:538} INFO - Filling up the DagBag from /opt/airflow/dags/dags_python_with_op_kwargs.py
[2025-11-13T06:32:40.181+0000] {logging_mixin.py:188} INFO - [2025-11-13T06:32:40.177+0000] {dagbag.py:348} ERROR - Failed to import: /opt/airflow/dags/dags_python_with_op_kwargs.py
Traceback (most recent call last):
  File "/home/airflow/.local/lib/python3.8/site-packages/airflow/models/dagbag.py", line 344, in parse
    loader.exec_module(new_module)
  File "<frozen importlib._bootstrap_external>", line 843, in exec_module
  File "<frozen importlib._bootstrap>", line 219, in _call_with_frames_removed
  File "/opt/airflow/dags/dags_python_with_op_kwargs.py", line 5, in <module>
    from common.common_func import regist2
ImportError: cannot import name 'regist2' from 'common.common_func' (/opt/airflow/plugins/common/common_func.py)
[2025-11-13T06:32:40.182+0000] {processor.py:842} WARNING - No viable dags retrieved from /opt/airflow/dags/dags_python_with_op_kwargs.py
[2025-11-13T06:32:40.209+0000] {processor.py:183} INFO - Processing /opt/airflow/dags/dags_python_with_op_kwargs.py took 0.080 seconds
[2025-11-13T06:33:11.082+0000] {processor.py:161} INFO - Started process (PID=941) to work on /opt/airflow/dags/dags_python_with_op_kwargs.py
[2025-11-13T06:33:11.084+0000] {processor.py:830} INFO - Processing file /opt/airflow/dags/dags_python_with_op_kwargs.py for tasks to queue
[2025-11-13T06:33:11.087+0000] {logging_mixin.py:188} INFO - [2025-11-13T06:33:11.086+0000] {dagbag.py:538} INFO - Filling up the DagBag from /opt/airflow/dags/dags_python_with_op_kwargs.py
[2025-11-13T06:33:11.126+0000] {logging_mixin.py:188} INFO - [2025-11-13T06:33:11.120+0000] {dagbag.py:348} ERROR - Failed to import: /opt/airflow/dags/dags_python_with_op_kwargs.py
Traceback (most recent call last):
  File "/home/airflow/.local/lib/python3.8/site-packages/airflow/models/dagbag.py", line 344, in parse
    loader.exec_module(new_module)
  File "<frozen importlib._bootstrap_external>", line 843, in exec_module
  File "<frozen importlib._bootstrap>", line 219, in _call_with_frames_removed
  File "/opt/airflow/dags/dags_python_with_op_kwargs.py", line 5, in <module>
    from common.common_func import regist2
ImportError: cannot import name 'regist2' from 'common.common_func' (/opt/airflow/plugins/common/common_func.py)
[2025-11-13T06:33:11.128+0000] {processor.py:842} WARNING - No viable dags retrieved from /opt/airflow/dags/dags_python_with_op_kwargs.py
[2025-11-13T06:33:11.154+0000] {processor.py:183} INFO - Processing /opt/airflow/dags/dags_python_with_op_kwargs.py took 0.077 seconds
[2025-11-13T06:33:41.554+0000] {processor.py:161} INFO - Started process (PID=1003) to work on /opt/airflow/dags/dags_python_with_op_kwargs.py
[2025-11-13T06:33:41.556+0000] {processor.py:830} INFO - Processing file /opt/airflow/dags/dags_python_with_op_kwargs.py for tasks to queue
[2025-11-13T06:33:41.558+0000] {logging_mixin.py:188} INFO - [2025-11-13T06:33:41.558+0000] {dagbag.py:538} INFO - Filling up the DagBag from /opt/airflow/dags/dags_python_with_op_kwargs.py
[2025-11-13T06:33:41.598+0000] {logging_mixin.py:188} INFO - [2025-11-13T06:33:41.592+0000] {dagbag.py:348} ERROR - Failed to import: /opt/airflow/dags/dags_python_with_op_kwargs.py
Traceback (most recent call last):
  File "/home/airflow/.local/lib/python3.8/site-packages/airflow/models/dagbag.py", line 344, in parse
    loader.exec_module(new_module)
  File "<frozen importlib._bootstrap_external>", line 843, in exec_module
  File "<frozen importlib._bootstrap>", line 219, in _call_with_frames_removed
  File "/opt/airflow/dags/dags_python_with_op_kwargs.py", line 5, in <module>
    from common.common_func import regist2
ImportError: cannot import name 'regist2' from 'common.common_func' (/opt/airflow/plugins/common/common_func.py)
[2025-11-13T06:33:41.599+0000] {processor.py:842} WARNING - No viable dags retrieved from /opt/airflow/dags/dags_python_with_op_kwargs.py
[2025-11-13T06:33:41.623+0000] {processor.py:183} INFO - Processing /opt/airflow/dags/dags_python_with_op_kwargs.py took 0.075 seconds
[2025-11-13T06:34:11.877+0000] {processor.py:161} INFO - Started process (PID=1065) to work on /opt/airflow/dags/dags_python_with_op_kwargs.py
[2025-11-13T06:34:11.879+0000] {processor.py:830} INFO - Processing file /opt/airflow/dags/dags_python_with_op_kwargs.py for tasks to queue
[2025-11-13T06:34:11.884+0000] {logging_mixin.py:188} INFO - [2025-11-13T06:34:11.883+0000] {dagbag.py:538} INFO - Filling up the DagBag from /opt/airflow/dags/dags_python_with_op_kwargs.py
[2025-11-13T06:34:11.932+0000] {logging_mixin.py:188} INFO - [2025-11-13T06:34:11.927+0000] {dagbag.py:348} ERROR - Failed to import: /opt/airflow/dags/dags_python_with_op_kwargs.py
Traceback (most recent call last):
  File "/home/airflow/.local/lib/python3.8/site-packages/airflow/models/dagbag.py", line 344, in parse
    loader.exec_module(new_module)
  File "<frozen importlib._bootstrap_external>", line 843, in exec_module
  File "<frozen importlib._bootstrap>", line 219, in _call_with_frames_removed
  File "/opt/airflow/dags/dags_python_with_op_kwargs.py", line 5, in <module>
    from common.common_func import regist2
ImportError: cannot import name 'regist2' from 'common.common_func' (/opt/airflow/plugins/common/common_func.py)
[2025-11-13T06:34:11.934+0000] {processor.py:842} WARNING - No viable dags retrieved from /opt/airflow/dags/dags_python_with_op_kwargs.py
[2025-11-13T06:34:11.965+0000] {processor.py:183} INFO - Processing /opt/airflow/dags/dags_python_with_op_kwargs.py took 0.094 seconds
[2025-11-13T06:34:42.966+0000] {processor.py:161} INFO - Started process (PID=1127) to work on /opt/airflow/dags/dags_python_with_op_kwargs.py
[2025-11-13T06:34:42.968+0000] {processor.py:830} INFO - Processing file /opt/airflow/dags/dags_python_with_op_kwargs.py for tasks to queue
[2025-11-13T06:34:42.972+0000] {logging_mixin.py:188} INFO - [2025-11-13T06:34:42.971+0000] {dagbag.py:538} INFO - Filling up the DagBag from /opt/airflow/dags/dags_python_with_op_kwargs.py
[2025-11-13T06:34:43.003+0000] {logging_mixin.py:188} INFO - [2025-11-13T06:34:43.000+0000] {dagbag.py:348} ERROR - Failed to import: /opt/airflow/dags/dags_python_with_op_kwargs.py
Traceback (most recent call last):
  File "/home/airflow/.local/lib/python3.8/site-packages/airflow/models/dagbag.py", line 344, in parse
    loader.exec_module(new_module)
  File "<frozen importlib._bootstrap_external>", line 843, in exec_module
  File "<frozen importlib._bootstrap>", line 219, in _call_with_frames_removed
  File "/opt/airflow/dags/dags_python_with_op_kwargs.py", line 5, in <module>
    from common.common_func import regist2
ImportError: cannot import name 'regist2' from 'common.common_func' (/opt/airflow/plugins/common/common_func.py)
[2025-11-13T06:34:43.005+0000] {processor.py:842} WARNING - No viable dags retrieved from /opt/airflow/dags/dags_python_with_op_kwargs.py
[2025-11-13T06:34:43.031+0000] {processor.py:183} INFO - Processing /opt/airflow/dags/dags_python_with_op_kwargs.py took 0.069 seconds
[2025-11-13T06:35:13.187+0000] {processor.py:161} INFO - Started process (PID=1189) to work on /opt/airflow/dags/dags_python_with_op_kwargs.py
[2025-11-13T06:35:13.188+0000] {processor.py:830} INFO - Processing file /opt/airflow/dags/dags_python_with_op_kwargs.py for tasks to queue
[2025-11-13T06:35:13.191+0000] {logging_mixin.py:188} INFO - [2025-11-13T06:35:13.191+0000] {dagbag.py:538} INFO - Filling up the DagBag from /opt/airflow/dags/dags_python_with_op_kwargs.py
[2025-11-13T06:35:13.265+0000] {logging_mixin.py:188} INFO - [2025-11-13T06:35:13.230+0000] {dagbag.py:348} ERROR - Failed to import: /opt/airflow/dags/dags_python_with_op_kwargs.py
Traceback (most recent call last):
  File "/home/airflow/.local/lib/python3.8/site-packages/airflow/models/dagbag.py", line 344, in parse
    loader.exec_module(new_module)
  File "<frozen importlib._bootstrap_external>", line 843, in exec_module
  File "<frozen importlib._bootstrap>", line 219, in _call_with_frames_removed
  File "/opt/airflow/dags/dags_python_with_op_kwargs.py", line 5, in <module>
    from common.common_func import regist2
ImportError: cannot import name 'regist2' from 'common.common_func' (/opt/airflow/plugins/common/common_func.py)
[2025-11-13T06:35:13.269+0000] {processor.py:842} WARNING - No viable dags retrieved from /opt/airflow/dags/dags_python_with_op_kwargs.py
[2025-11-13T06:35:13.293+0000] {processor.py:183} INFO - Processing /opt/airflow/dags/dags_python_with_op_kwargs.py took 0.083 seconds
[2025-11-13T06:35:44.279+0000] {processor.py:161} INFO - Started process (PID=1251) to work on /opt/airflow/dags/dags_python_with_op_kwargs.py
[2025-11-13T06:35:44.281+0000] {processor.py:830} INFO - Processing file /opt/airflow/dags/dags_python_with_op_kwargs.py for tasks to queue
[2025-11-13T06:35:44.284+0000] {logging_mixin.py:188} INFO - [2025-11-13T06:35:44.283+0000] {dagbag.py:538} INFO - Filling up the DagBag from /opt/airflow/dags/dags_python_with_op_kwargs.py
[2025-11-13T06:35:44.329+0000] {logging_mixin.py:188} INFO - [2025-11-13T06:35:44.324+0000] {dagbag.py:348} ERROR - Failed to import: /opt/airflow/dags/dags_python_with_op_kwargs.py
Traceback (most recent call last):
  File "/home/airflow/.local/lib/python3.8/site-packages/airflow/models/dagbag.py", line 344, in parse
    loader.exec_module(new_module)
  File "<frozen importlib._bootstrap_external>", line 843, in exec_module
  File "<frozen importlib._bootstrap>", line 219, in _call_with_frames_removed
  File "/opt/airflow/dags/dags_python_with_op_kwargs.py", line 5, in <module>
    from common.common_func import regist2
ImportError: cannot import name 'regist2' from 'common.common_func' (/opt/airflow/plugins/common/common_func.py)
[2025-11-13T06:35:44.332+0000] {processor.py:842} WARNING - No viable dags retrieved from /opt/airflow/dags/dags_python_with_op_kwargs.py
[2025-11-13T06:35:44.361+0000] {processor.py:183} INFO - Processing /opt/airflow/dags/dags_python_with_op_kwargs.py took 0.088 seconds
[2025-11-13T06:36:14.822+0000] {processor.py:161} INFO - Started process (PID=1313) to work on /opt/airflow/dags/dags_python_with_op_kwargs.py
[2025-11-13T06:36:14.824+0000] {processor.py:830} INFO - Processing file /opt/airflow/dags/dags_python_with_op_kwargs.py for tasks to queue
[2025-11-13T06:36:14.832+0000] {logging_mixin.py:188} INFO - [2025-11-13T06:36:14.832+0000] {dagbag.py:538} INFO - Filling up the DagBag from /opt/airflow/dags/dags_python_with_op_kwargs.py
[2025-11-13T06:36:14.888+0000] {logging_mixin.py:188} INFO - [2025-11-13T06:36:14.882+0000] {dagbag.py:348} ERROR - Failed to import: /opt/airflow/dags/dags_python_with_op_kwargs.py
Traceback (most recent call last):
  File "/home/airflow/.local/lib/python3.8/site-packages/airflow/models/dagbag.py", line 344, in parse
    loader.exec_module(new_module)
  File "<frozen importlib._bootstrap_external>", line 843, in exec_module
  File "<frozen importlib._bootstrap>", line 219, in _call_with_frames_removed
  File "/opt/airflow/dags/dags_python_with_op_kwargs.py", line 5, in <module>
    from common.common_func import regist2
ImportError: cannot import name 'regist2' from 'common.common_func' (/opt/airflow/plugins/common/common_func.py)
[2025-11-13T06:36:14.891+0000] {processor.py:842} WARNING - No viable dags retrieved from /opt/airflow/dags/dags_python_with_op_kwargs.py
[2025-11-13T06:36:14.921+0000] {processor.py:183} INFO - Processing /opt/airflow/dags/dags_python_with_op_kwargs.py took 0.108 seconds
[2025-11-13T06:36:45.562+0000] {processor.py:161} INFO - Started process (PID=1376) to work on /opt/airflow/dags/dags_python_with_op_kwargs.py
[2025-11-13T06:36:45.563+0000] {processor.py:830} INFO - Processing file /opt/airflow/dags/dags_python_with_op_kwargs.py for tasks to queue
[2025-11-13T06:36:45.566+0000] {logging_mixin.py:188} INFO - [2025-11-13T06:36:45.566+0000] {dagbag.py:538} INFO - Filling up the DagBag from /opt/airflow/dags/dags_python_with_op_kwargs.py
[2025-11-13T06:36:45.601+0000] {logging_mixin.py:188} INFO - [2025-11-13T06:36:45.597+0000] {dagbag.py:348} ERROR - Failed to import: /opt/airflow/dags/dags_python_with_op_kwargs.py
Traceback (most recent call last):
  File "/home/airflow/.local/lib/python3.8/site-packages/airflow/models/dagbag.py", line 344, in parse
    loader.exec_module(new_module)
  File "<frozen importlib._bootstrap_external>", line 843, in exec_module
  File "<frozen importlib._bootstrap>", line 219, in _call_with_frames_removed
  File "/opt/airflow/dags/dags_python_with_op_kwargs.py", line 5, in <module>
    from common.common_func import regist2
ImportError: cannot import name 'regist2' from 'common.common_func' (/opt/airflow/plugins/common/common_func.py)
[2025-11-13T06:36:45.602+0000] {processor.py:842} WARNING - No viable dags retrieved from /opt/airflow/dags/dags_python_with_op_kwargs.py
[2025-11-13T06:36:45.626+0000] {processor.py:183} INFO - Processing /opt/airflow/dags/dags_python_with_op_kwargs.py took 0.070 seconds
[2025-11-13T06:37:16.388+0000] {processor.py:161} INFO - Started process (PID=1438) to work on /opt/airflow/dags/dags_python_with_op_kwargs.py
[2025-11-13T06:37:16.390+0000] {processor.py:830} INFO - Processing file /opt/airflow/dags/dags_python_with_op_kwargs.py for tasks to queue
[2025-11-13T06:37:16.397+0000] {logging_mixin.py:188} INFO - [2025-11-13T06:37:16.396+0000] {dagbag.py:538} INFO - Filling up the DagBag from /opt/airflow/dags/dags_python_with_op_kwargs.py
[2025-11-13T06:37:16.454+0000] {logging_mixin.py:188} INFO - [2025-11-13T06:37:16.448+0000] {dagbag.py:348} ERROR - Failed to import: /opt/airflow/dags/dags_python_with_op_kwargs.py
Traceback (most recent call last):
  File "/home/airflow/.local/lib/python3.8/site-packages/airflow/models/dagbag.py", line 344, in parse
    loader.exec_module(new_module)
  File "<frozen importlib._bootstrap_external>", line 843, in exec_module
  File "<frozen importlib._bootstrap>", line 219, in _call_with_frames_removed
  File "/opt/airflow/dags/dags_python_with_op_kwargs.py", line 5, in <module>
    from common.common_func import regist2
ImportError: cannot import name 'regist2' from 'common.common_func' (/opt/airflow/plugins/common/common_func.py)
[2025-11-13T06:37:16.456+0000] {processor.py:842} WARNING - No viable dags retrieved from /opt/airflow/dags/dags_python_with_op_kwargs.py
[2025-11-13T06:37:16.496+0000] {processor.py:183} INFO - Processing /opt/airflow/dags/dags_python_with_op_kwargs.py took 0.116 seconds
[2025-11-13T06:37:47.416+0000] {processor.py:161} INFO - Started process (PID=1500) to work on /opt/airflow/dags/dags_python_with_op_kwargs.py
[2025-11-13T06:37:47.417+0000] {processor.py:830} INFO - Processing file /opt/airflow/dags/dags_python_with_op_kwargs.py for tasks to queue
[2025-11-13T06:37:47.420+0000] {logging_mixin.py:188} INFO - [2025-11-13T06:37:47.420+0000] {dagbag.py:538} INFO - Filling up the DagBag from /opt/airflow/dags/dags_python_with_op_kwargs.py
[2025-11-13T06:37:47.459+0000] {logging_mixin.py:188} INFO - [2025-11-13T06:37:47.455+0000] {dagbag.py:348} ERROR - Failed to import: /opt/airflow/dags/dags_python_with_op_kwargs.py
Traceback (most recent call last):
  File "/home/airflow/.local/lib/python3.8/site-packages/airflow/models/dagbag.py", line 344, in parse
    loader.exec_module(new_module)
  File "<frozen importlib._bootstrap_external>", line 843, in exec_module
  File "<frozen importlib._bootstrap>", line 219, in _call_with_frames_removed
  File "/opt/airflow/dags/dags_python_with_op_kwargs.py", line 5, in <module>
    from common.common_func import regist2
ImportError: cannot import name 'regist2' from 'common.common_func' (/opt/airflow/plugins/common/common_func.py)
[2025-11-13T06:37:47.460+0000] {processor.py:842} WARNING - No viable dags retrieved from /opt/airflow/dags/dags_python_with_op_kwargs.py
[2025-11-13T06:37:47.486+0000] {processor.py:183} INFO - Processing /opt/airflow/dags/dags_python_with_op_kwargs.py took 0.075 seconds
[2025-11-13T06:38:18.111+0000] {processor.py:161} INFO - Started process (PID=1562) to work on /opt/airflow/dags/dags_python_with_op_kwargs.py
[2025-11-13T06:38:18.114+0000] {processor.py:830} INFO - Processing file /opt/airflow/dags/dags_python_with_op_kwargs.py for tasks to queue
[2025-11-13T06:38:18.121+0000] {logging_mixin.py:188} INFO - [2025-11-13T06:38:18.120+0000] {dagbag.py:538} INFO - Filling up the DagBag from /opt/airflow/dags/dags_python_with_op_kwargs.py
[2025-11-13T06:38:18.193+0000] {logging_mixin.py:188} INFO - [2025-11-13T06:38:18.185+0000] {dagbag.py:348} ERROR - Failed to import: /opt/airflow/dags/dags_python_with_op_kwargs.py
Traceback (most recent call last):
  File "/home/airflow/.local/lib/python3.8/site-packages/airflow/models/dagbag.py", line 344, in parse
    loader.exec_module(new_module)
  File "<frozen importlib._bootstrap_external>", line 843, in exec_module
  File "<frozen importlib._bootstrap>", line 219, in _call_with_frames_removed
  File "/opt/airflow/dags/dags_python_with_op_kwargs.py", line 5, in <module>
    from common.common_func import regist2
ImportError: cannot import name 'regist2' from 'common.common_func' (/opt/airflow/plugins/common/common_func.py)
[2025-11-13T06:38:18.195+0000] {processor.py:842} WARNING - No viable dags retrieved from /opt/airflow/dags/dags_python_with_op_kwargs.py
[2025-11-13T06:38:18.241+0000] {processor.py:183} INFO - Processing /opt/airflow/dags/dags_python_with_op_kwargs.py took 0.138 seconds
[2025-11-13T06:38:48.337+0000] {processor.py:161} INFO - Started process (PID=1624) to work on /opt/airflow/dags/dags_python_with_op_kwargs.py
[2025-11-13T06:38:48.339+0000] {processor.py:830} INFO - Processing file /opt/airflow/dags/dags_python_with_op_kwargs.py for tasks to queue
[2025-11-13T06:38:48.343+0000] {logging_mixin.py:188} INFO - [2025-11-13T06:38:48.342+0000] {dagbag.py:538} INFO - Filling up the DagBag from /opt/airflow/dags/dags_python_with_op_kwargs.py
[2025-11-13T06:38:48.389+0000] {logging_mixin.py:188} INFO - [2025-11-13T06:38:48.384+0000] {dagbag.py:348} ERROR - Failed to import: /opt/airflow/dags/dags_python_with_op_kwargs.py
Traceback (most recent call last):
  File "/home/airflow/.local/lib/python3.8/site-packages/airflow/models/dagbag.py", line 344, in parse
    loader.exec_module(new_module)
  File "<frozen importlib._bootstrap_external>", line 843, in exec_module
  File "<frozen importlib._bootstrap>", line 219, in _call_with_frames_removed
  File "/opt/airflow/dags/dags_python_with_op_kwargs.py", line 5, in <module>
    from common.common_func import regist2
ImportError: cannot import name 'regist2' from 'common.common_func' (/opt/airflow/plugins/common/common_func.py)
[2025-11-13T06:38:48.391+0000] {processor.py:842} WARNING - No viable dags retrieved from /opt/airflow/dags/dags_python_with_op_kwargs.py
[2025-11-13T06:38:48.423+0000] {processor.py:183} INFO - Processing /opt/airflow/dags/dags_python_with_op_kwargs.py took 0.093 seconds
[2025-11-13T06:39:18.561+0000] {processor.py:161} INFO - Started process (PID=1686) to work on /opt/airflow/dags/dags_python_with_op_kwargs.py
[2025-11-13T06:39:18.563+0000] {processor.py:830} INFO - Processing file /opt/airflow/dags/dags_python_with_op_kwargs.py for tasks to queue
[2025-11-13T06:39:18.570+0000] {logging_mixin.py:188} INFO - [2025-11-13T06:39:18.569+0000] {dagbag.py:538} INFO - Filling up the DagBag from /opt/airflow/dags/dags_python_with_op_kwargs.py
[2025-11-13T06:39:18.678+0000] {logging_mixin.py:188} INFO - [2025-11-13T06:39:18.667+0000] {dagbag.py:348} ERROR - Failed to import: /opt/airflow/dags/dags_python_with_op_kwargs.py
Traceback (most recent call last):
  File "/home/airflow/.local/lib/python3.8/site-packages/airflow/models/dagbag.py", line 344, in parse
    loader.exec_module(new_module)
  File "<frozen importlib._bootstrap_external>", line 843, in exec_module
  File "<frozen importlib._bootstrap>", line 219, in _call_with_frames_removed
  File "/opt/airflow/dags/dags_python_with_op_kwargs.py", line 5, in <module>
    from common.common_func import regist2
ImportError: cannot import name 'regist2' from 'common.common_func' (/opt/airflow/plugins/common/common_func.py)
[2025-11-13T06:39:18.683+0000] {processor.py:842} WARNING - No viable dags retrieved from /opt/airflow/dags/dags_python_with_op_kwargs.py
[2025-11-13T06:39:18.749+0000] {processor.py:183} INFO - Processing /opt/airflow/dags/dags_python_with_op_kwargs.py took 0.198 seconds
[2025-11-13T06:39:49.193+0000] {processor.py:161} INFO - Started process (PID=1748) to work on /opt/airflow/dags/dags_python_with_op_kwargs.py
[2025-11-13T06:39:49.196+0000] {processor.py:830} INFO - Processing file /opt/airflow/dags/dags_python_with_op_kwargs.py for tasks to queue
[2025-11-13T06:39:49.200+0000] {logging_mixin.py:188} INFO - [2025-11-13T06:39:49.200+0000] {dagbag.py:538} INFO - Filling up the DagBag from /opt/airflow/dags/dags_python_with_op_kwargs.py
[2025-11-13T06:39:49.273+0000] {logging_mixin.py:188} INFO - [2025-11-13T06:39:49.266+0000] {dagbag.py:348} ERROR - Failed to import: /opt/airflow/dags/dags_python_with_op_kwargs.py
Traceback (most recent call last):
  File "/home/airflow/.local/lib/python3.8/site-packages/airflow/models/dagbag.py", line 344, in parse
    loader.exec_module(new_module)
  File "<frozen importlib._bootstrap_external>", line 843, in exec_module
  File "<frozen importlib._bootstrap>", line 219, in _call_with_frames_removed
  File "/opt/airflow/dags/dags_python_with_op_kwargs.py", line 5, in <module>
    from common.common_func import regist2
ImportError: cannot import name 'regist2' from 'common.common_func' (/opt/airflow/plugins/common/common_func.py)
[2025-11-13T06:39:49.275+0000] {processor.py:842} WARNING - No viable dags retrieved from /opt/airflow/dags/dags_python_with_op_kwargs.py
[2025-11-13T06:39:49.316+0000] {processor.py:183} INFO - Processing /opt/airflow/dags/dags_python_with_op_kwargs.py took 0.132 seconds
[2025-11-13T06:40:19.974+0000] {processor.py:161} INFO - Started process (PID=1810) to work on /opt/airflow/dags/dags_python_with_op_kwargs.py
[2025-11-13T06:40:19.977+0000] {processor.py:830} INFO - Processing file /opt/airflow/dags/dags_python_with_op_kwargs.py for tasks to queue
[2025-11-13T06:40:19.980+0000] {logging_mixin.py:188} INFO - [2025-11-13T06:40:19.980+0000] {dagbag.py:538} INFO - Filling up the DagBag from /opt/airflow/dags/dags_python_with_op_kwargs.py
[2025-11-13T06:40:20.048+0000] {logging_mixin.py:188} INFO - [2025-11-13T06:40:20.041+0000] {dagbag.py:348} ERROR - Failed to import: /opt/airflow/dags/dags_python_with_op_kwargs.py
Traceback (most recent call last):
  File "/home/airflow/.local/lib/python3.8/site-packages/airflow/models/dagbag.py", line 344, in parse
    loader.exec_module(new_module)
  File "<frozen importlib._bootstrap_external>", line 843, in exec_module
  File "<frozen importlib._bootstrap>", line 219, in _call_with_frames_removed
  File "/opt/airflow/dags/dags_python_with_op_kwargs.py", line 5, in <module>
    from common.common_func import regist2
ImportError: cannot import name 'regist2' from 'common.common_func' (/opt/airflow/plugins/common/common_func.py)
[2025-11-13T06:40:20.050+0000] {processor.py:842} WARNING - No viable dags retrieved from /opt/airflow/dags/dags_python_with_op_kwargs.py
[2025-11-13T06:40:20.081+0000] {processor.py:183} INFO - Processing /opt/airflow/dags/dags_python_with_op_kwargs.py took 0.113 seconds
[2025-11-13T06:40:50.252+0000] {processor.py:161} INFO - Started process (PID=1872) to work on /opt/airflow/dags/dags_python_with_op_kwargs.py
[2025-11-13T06:40:50.255+0000] {processor.py:830} INFO - Processing file /opt/airflow/dags/dags_python_with_op_kwargs.py for tasks to queue
[2025-11-13T06:40:50.261+0000] {logging_mixin.py:188} INFO - [2025-11-13T06:40:50.261+0000] {dagbag.py:538} INFO - Filling up the DagBag from /opt/airflow/dags/dags_python_with_op_kwargs.py
[2025-11-13T06:40:50.342+0000] {logging_mixin.py:188} INFO - [2025-11-13T06:40:50.334+0000] {dagbag.py:348} ERROR - Failed to import: /opt/airflow/dags/dags_python_with_op_kwargs.py
Traceback (most recent call last):
  File "/home/airflow/.local/lib/python3.8/site-packages/airflow/models/dagbag.py", line 344, in parse
    loader.exec_module(new_module)
  File "<frozen importlib._bootstrap_external>", line 843, in exec_module
  File "<frozen importlib._bootstrap>", line 219, in _call_with_frames_removed
  File "/opt/airflow/dags/dags_python_with_op_kwargs.py", line 5, in <module>
    from common.common_func import regist2
ImportError: cannot import name 'regist2' from 'common.common_func' (/opt/airflow/plugins/common/common_func.py)
[2025-11-13T06:40:50.345+0000] {processor.py:842} WARNING - No viable dags retrieved from /opt/airflow/dags/dags_python_with_op_kwargs.py
[2025-11-13T06:40:50.396+0000] {processor.py:183} INFO - Processing /opt/airflow/dags/dags_python_with_op_kwargs.py took 0.155 seconds
[2025-11-13T06:41:20.584+0000] {processor.py:161} INFO - Started process (PID=1934) to work on /opt/airflow/dags/dags_python_with_op_kwargs.py
[2025-11-13T06:41:20.586+0000] {processor.py:830} INFO - Processing file /opt/airflow/dags/dags_python_with_op_kwargs.py for tasks to queue
[2025-11-13T06:41:20.589+0000] {logging_mixin.py:188} INFO - [2025-11-13T06:41:20.589+0000] {dagbag.py:538} INFO - Filling up the DagBag from /opt/airflow/dags/dags_python_with_op_kwargs.py
[2025-11-13T06:41:20.636+0000] {logging_mixin.py:188} INFO - [2025-11-13T06:41:20.629+0000] {dagbag.py:348} ERROR - Failed to import: /opt/airflow/dags/dags_python_with_op_kwargs.py
Traceback (most recent call last):
  File "/home/airflow/.local/lib/python3.8/site-packages/airflow/models/dagbag.py", line 344, in parse
    loader.exec_module(new_module)
  File "<frozen importlib._bootstrap_external>", line 843, in exec_module
  File "<frozen importlib._bootstrap>", line 219, in _call_with_frames_removed
  File "/opt/airflow/dags/dags_python_with_op_kwargs.py", line 5, in <module>
    from common.common_func import regist2
ImportError: cannot import name 'regist2' from 'common.common_func' (/opt/airflow/plugins/common/common_func.py)
[2025-11-13T06:41:20.639+0000] {processor.py:842} WARNING - No viable dags retrieved from /opt/airflow/dags/dags_python_with_op_kwargs.py
[2025-11-13T06:41:20.672+0000] {processor.py:183} INFO - Processing /opt/airflow/dags/dags_python_with_op_kwargs.py took 0.093 seconds
[2025-11-13T06:41:51.568+0000] {processor.py:161} INFO - Started process (PID=1996) to work on /opt/airflow/dags/dags_python_with_op_kwargs.py
[2025-11-13T06:41:51.569+0000] {processor.py:830} INFO - Processing file /opt/airflow/dags/dags_python_with_op_kwargs.py for tasks to queue
[2025-11-13T06:41:51.573+0000] {logging_mixin.py:188} INFO - [2025-11-13T06:41:51.572+0000] {dagbag.py:538} INFO - Filling up the DagBag from /opt/airflow/dags/dags_python_with_op_kwargs.py
[2025-11-13T06:41:51.613+0000] {logging_mixin.py:188} INFO - [2025-11-13T06:41:51.608+0000] {dagbag.py:348} ERROR - Failed to import: /opt/airflow/dags/dags_python_with_op_kwargs.py
Traceback (most recent call last):
  File "/home/airflow/.local/lib/python3.8/site-packages/airflow/models/dagbag.py", line 344, in parse
    loader.exec_module(new_module)
  File "<frozen importlib._bootstrap_external>", line 843, in exec_module
  File "<frozen importlib._bootstrap>", line 219, in _call_with_frames_removed
  File "/opt/airflow/dags/dags_python_with_op_kwargs.py", line 5, in <module>
    from common.common_func import regist2
ImportError: cannot import name 'regist2' from 'common.common_func' (/opt/airflow/plugins/common/common_func.py)
[2025-11-13T06:41:51.616+0000] {processor.py:842} WARNING - No viable dags retrieved from /opt/airflow/dags/dags_python_with_op_kwargs.py
[2025-11-13T06:41:51.641+0000] {processor.py:183} INFO - Processing /opt/airflow/dags/dags_python_with_op_kwargs.py took 0.080 seconds
[2025-11-13T06:42:22.154+0000] {processor.py:161} INFO - Started process (PID=2058) to work on /opt/airflow/dags/dags_python_with_op_kwargs.py
[2025-11-13T06:42:22.158+0000] {processor.py:830} INFO - Processing file /opt/airflow/dags/dags_python_with_op_kwargs.py for tasks to queue
[2025-11-13T06:42:22.166+0000] {logging_mixin.py:188} INFO - [2025-11-13T06:42:22.165+0000] {dagbag.py:538} INFO - Filling up the DagBag from /opt/airflow/dags/dags_python_with_op_kwargs.py
[2025-11-13T06:42:22.236+0000] {logging_mixin.py:188} INFO - [2025-11-13T06:42:22.227+0000] {dagbag.py:348} ERROR - Failed to import: /opt/airflow/dags/dags_python_with_op_kwargs.py
Traceback (most recent call last):
  File "/home/airflow/.local/lib/python3.8/site-packages/airflow/models/dagbag.py", line 344, in parse
    loader.exec_module(new_module)
  File "<frozen importlib._bootstrap_external>", line 843, in exec_module
  File "<frozen importlib._bootstrap>", line 219, in _call_with_frames_removed
  File "/opt/airflow/dags/dags_python_with_op_kwargs.py", line 5, in <module>
    from common.common_func import regist2
ImportError: cannot import name 'regist2' from 'common.common_func' (/opt/airflow/plugins/common/common_func.py)
[2025-11-13T06:42:22.239+0000] {processor.py:842} WARNING - No viable dags retrieved from /opt/airflow/dags/dags_python_with_op_kwargs.py
[2025-11-13T06:42:22.290+0000] {processor.py:183} INFO - Processing /opt/airflow/dags/dags_python_with_op_kwargs.py took 0.148 seconds
[2025-11-13T06:42:52.773+0000] {processor.py:161} INFO - Started process (PID=2120) to work on /opt/airflow/dags/dags_python_with_op_kwargs.py
[2025-11-13T06:42:52.776+0000] {processor.py:830} INFO - Processing file /opt/airflow/dags/dags_python_with_op_kwargs.py for tasks to queue
[2025-11-13T06:42:52.779+0000] {logging_mixin.py:188} INFO - [2025-11-13T06:42:52.779+0000] {dagbag.py:538} INFO - Filling up the DagBag from /opt/airflow/dags/dags_python_with_op_kwargs.py
[2025-11-13T06:42:52.833+0000] {logging_mixin.py:188} INFO - [2025-11-13T06:42:52.828+0000] {dagbag.py:348} ERROR - Failed to import: /opt/airflow/dags/dags_python_with_op_kwargs.py
Traceback (most recent call last):
  File "/home/airflow/.local/lib/python3.8/site-packages/airflow/models/dagbag.py", line 344, in parse
    loader.exec_module(new_module)
  File "<frozen importlib._bootstrap_external>", line 843, in exec_module
  File "<frozen importlib._bootstrap>", line 219, in _call_with_frames_removed
  File "/opt/airflow/dags/dags_python_with_op_kwargs.py", line 5, in <module>
    from common.common_func import regist2
ImportError: cannot import name 'regist2' from 'common.common_func' (/opt/airflow/plugins/common/common_func.py)
[2025-11-13T06:42:52.835+0000] {processor.py:842} WARNING - No viable dags retrieved from /opt/airflow/dags/dags_python_with_op_kwargs.py
[2025-11-13T06:42:52.865+0000] {processor.py:183} INFO - Processing /opt/airflow/dags/dags_python_with_op_kwargs.py took 0.098 seconds
[2025-11-13T06:43:23.234+0000] {processor.py:161} INFO - Started process (PID=2182) to work on /opt/airflow/dags/dags_python_with_op_kwargs.py
[2025-11-13T06:43:23.236+0000] {processor.py:830} INFO - Processing file /opt/airflow/dags/dags_python_with_op_kwargs.py for tasks to queue
[2025-11-13T06:43:23.238+0000] {logging_mixin.py:188} INFO - [2025-11-13T06:43:23.238+0000] {dagbag.py:538} INFO - Filling up the DagBag from /opt/airflow/dags/dags_python_with_op_kwargs.py
[2025-11-13T06:43:23.273+0000] {logging_mixin.py:188} INFO - [2025-11-13T06:43:23.269+0000] {dagbag.py:348} ERROR - Failed to import: /opt/airflow/dags/dags_python_with_op_kwargs.py
Traceback (most recent call last):
  File "/home/airflow/.local/lib/python3.8/site-packages/airflow/models/dagbag.py", line 344, in parse
    loader.exec_module(new_module)
  File "<frozen importlib._bootstrap_external>", line 843, in exec_module
  File "<frozen importlib._bootstrap>", line 219, in _call_with_frames_removed
  File "/opt/airflow/dags/dags_python_with_op_kwargs.py", line 5, in <module>
    from common.common_func import regist2
ImportError: cannot import name 'regist2' from 'common.common_func' (/opt/airflow/plugins/common/common_func.py)
[2025-11-13T06:43:23.275+0000] {processor.py:842} WARNING - No viable dags retrieved from /opt/airflow/dags/dags_python_with_op_kwargs.py
[2025-11-13T06:43:23.300+0000] {processor.py:183} INFO - Processing /opt/airflow/dags/dags_python_with_op_kwargs.py took 0.070 seconds
[2025-11-13T06:43:53.632+0000] {processor.py:161} INFO - Started process (PID=2245) to work on /opt/airflow/dags/dags_python_with_op_kwargs.py
[2025-11-13T06:43:53.634+0000] {processor.py:830} INFO - Processing file /opt/airflow/dags/dags_python_with_op_kwargs.py for tasks to queue
[2025-11-13T06:43:53.637+0000] {logging_mixin.py:188} INFO - [2025-11-13T06:43:53.636+0000] {dagbag.py:538} INFO - Filling up the DagBag from /opt/airflow/dags/dags_python_with_op_kwargs.py
[2025-11-13T06:43:53.685+0000] {logging_mixin.py:188} INFO - [2025-11-13T06:43:53.678+0000] {dagbag.py:348} ERROR - Failed to import: /opt/airflow/dags/dags_python_with_op_kwargs.py
Traceback (most recent call last):
  File "/home/airflow/.local/lib/python3.8/site-packages/airflow/models/dagbag.py", line 344, in parse
    loader.exec_module(new_module)
  File "<frozen importlib._bootstrap_external>", line 843, in exec_module
  File "<frozen importlib._bootstrap>", line 219, in _call_with_frames_removed
  File "/opt/airflow/dags/dags_python_with_op_kwargs.py", line 5, in <module>
    from common.common_func import regist2
ImportError: cannot import name 'regist2' from 'common.common_func' (/opt/airflow/plugins/common/common_func.py)
[2025-11-13T06:43:53.687+0000] {processor.py:842} WARNING - No viable dags retrieved from /opt/airflow/dags/dags_python_with_op_kwargs.py
[2025-11-13T06:43:53.714+0000] {processor.py:183} INFO - Processing /opt/airflow/dags/dags_python_with_op_kwargs.py took 0.088 seconds
[2025-11-13T06:44:23.889+0000] {processor.py:161} INFO - Started process (PID=2307) to work on /opt/airflow/dags/dags_python_with_op_kwargs.py
[2025-11-13T06:44:23.890+0000] {processor.py:830} INFO - Processing file /opt/airflow/dags/dags_python_with_op_kwargs.py for tasks to queue
[2025-11-13T06:44:23.892+0000] {logging_mixin.py:188} INFO - [2025-11-13T06:44:23.892+0000] {dagbag.py:538} INFO - Filling up the DagBag from /opt/airflow/dags/dags_python_with_op_kwargs.py
[2025-11-13T06:44:23.947+0000] {logging_mixin.py:188} INFO - [2025-11-13T06:44:23.942+0000] {dagbag.py:348} ERROR - Failed to import: /opt/airflow/dags/dags_python_with_op_kwargs.py
Traceback (most recent call last):
  File "/home/airflow/.local/lib/python3.8/site-packages/airflow/models/dagbag.py", line 344, in parse
    loader.exec_module(new_module)
  File "<frozen importlib._bootstrap_external>", line 843, in exec_module
  File "<frozen importlib._bootstrap>", line 219, in _call_with_frames_removed
  File "/opt/airflow/dags/dags_python_with_op_kwargs.py", line 5, in <module>
    from common.common_func import regist2
ImportError: cannot import name 'regist2' from 'common.common_func' (/opt/airflow/plugins/common/common_func.py)
[2025-11-13T06:44:23.950+0000] {processor.py:842} WARNING - No viable dags retrieved from /opt/airflow/dags/dags_python_with_op_kwargs.py
[2025-11-13T06:44:23.975+0000] {processor.py:183} INFO - Processing /opt/airflow/dags/dags_python_with_op_kwargs.py took 0.091 seconds
[2025-11-13T06:44:54.363+0000] {processor.py:161} INFO - Started process (PID=2369) to work on /opt/airflow/dags/dags_python_with_op_kwargs.py
[2025-11-13T06:44:54.366+0000] {processor.py:830} INFO - Processing file /opt/airflow/dags/dags_python_with_op_kwargs.py for tasks to queue
[2025-11-13T06:44:54.370+0000] {logging_mixin.py:188} INFO - [2025-11-13T06:44:54.368+0000] {dagbag.py:538} INFO - Filling up the DagBag from /opt/airflow/dags/dags_python_with_op_kwargs.py
[2025-11-13T06:44:54.432+0000] {logging_mixin.py:188} INFO - [2025-11-13T06:44:54.425+0000] {dagbag.py:348} ERROR - Failed to import: /opt/airflow/dags/dags_python_with_op_kwargs.py
Traceback (most recent call last):
  File "/home/airflow/.local/lib/python3.8/site-packages/airflow/models/dagbag.py", line 344, in parse
    loader.exec_module(new_module)
  File "<frozen importlib._bootstrap_external>", line 843, in exec_module
  File "<frozen importlib._bootstrap>", line 219, in _call_with_frames_removed
  File "/opt/airflow/dags/dags_python_with_op_kwargs.py", line 5, in <module>
    from common.common_func import regist2
ImportError: cannot import name 'regist2' from 'common.common_func' (/opt/airflow/plugins/common/common_func.py)
[2025-11-13T06:44:54.435+0000] {processor.py:842} WARNING - No viable dags retrieved from /opt/airflow/dags/dags_python_with_op_kwargs.py
[2025-11-13T06:44:54.477+0000] {processor.py:183} INFO - Processing /opt/airflow/dags/dags_python_with_op_kwargs.py took 0.120 seconds
[2025-11-13T06:45:25.224+0000] {processor.py:161} INFO - Started process (PID=2431) to work on /opt/airflow/dags/dags_python_with_op_kwargs.py
[2025-11-13T06:45:25.226+0000] {processor.py:830} INFO - Processing file /opt/airflow/dags/dags_python_with_op_kwargs.py for tasks to queue
[2025-11-13T06:45:25.229+0000] {logging_mixin.py:188} INFO - [2025-11-13T06:45:25.228+0000] {dagbag.py:538} INFO - Filling up the DagBag from /opt/airflow/dags/dags_python_with_op_kwargs.py
[2025-11-13T06:45:25.277+0000] {logging_mixin.py:188} INFO - [2025-11-13T06:45:25.273+0000] {dagbag.py:348} ERROR - Failed to import: /opt/airflow/dags/dags_python_with_op_kwargs.py
Traceback (most recent call last):
  File "/home/airflow/.local/lib/python3.8/site-packages/airflow/models/dagbag.py", line 344, in parse
    loader.exec_module(new_module)
  File "<frozen importlib._bootstrap_external>", line 843, in exec_module
  File "<frozen importlib._bootstrap>", line 219, in _call_with_frames_removed
  File "/opt/airflow/dags/dags_python_with_op_kwargs.py", line 5, in <module>
    from common.common_func import regist2
ImportError: cannot import name 'regist2' from 'common.common_func' (/opt/airflow/plugins/common/common_func.py)
[2025-11-13T06:45:25.278+0000] {processor.py:842} WARNING - No viable dags retrieved from /opt/airflow/dags/dags_python_with_op_kwargs.py
[2025-11-13T06:45:25.303+0000] {processor.py:183} INFO - Processing /opt/airflow/dags/dags_python_with_op_kwargs.py took 0.083 seconds
[2025-11-13T06:45:55.938+0000] {processor.py:161} INFO - Started process (PID=2493) to work on /opt/airflow/dags/dags_python_with_op_kwargs.py
[2025-11-13T06:45:55.939+0000] {processor.py:830} INFO - Processing file /opt/airflow/dags/dags_python_with_op_kwargs.py for tasks to queue
[2025-11-13T06:45:55.943+0000] {logging_mixin.py:188} INFO - [2025-11-13T06:45:55.942+0000] {dagbag.py:538} INFO - Filling up the DagBag from /opt/airflow/dags/dags_python_with_op_kwargs.py
[2025-11-13T06:45:55.992+0000] {logging_mixin.py:188} INFO - [2025-11-13T06:45:55.986+0000] {dagbag.py:348} ERROR - Failed to import: /opt/airflow/dags/dags_python_with_op_kwargs.py
Traceback (most recent call last):
  File "/home/airflow/.local/lib/python3.8/site-packages/airflow/models/dagbag.py", line 344, in parse
    loader.exec_module(new_module)
  File "<frozen importlib._bootstrap_external>", line 843, in exec_module
  File "<frozen importlib._bootstrap>", line 219, in _call_with_frames_removed
  File "/opt/airflow/dags/dags_python_with_op_kwargs.py", line 5, in <module>
    from common.common_func import regist2
ImportError: cannot import name 'regist2' from 'common.common_func' (/opt/airflow/plugins/common/common_func.py)
[2025-11-13T06:45:55.993+0000] {processor.py:842} WARNING - No viable dags retrieved from /opt/airflow/dags/dags_python_with_op_kwargs.py
[2025-11-13T06:45:56.025+0000] {processor.py:183} INFO - Processing /opt/airflow/dags/dags_python_with_op_kwargs.py took 0.092 seconds
[2025-11-13T06:46:26.819+0000] {processor.py:161} INFO - Started process (PID=2556) to work on /opt/airflow/dags/dags_python_with_op_kwargs.py
[2025-11-13T06:46:26.821+0000] {processor.py:830} INFO - Processing file /opt/airflow/dags/dags_python_with_op_kwargs.py for tasks to queue
[2025-11-13T06:46:26.824+0000] {logging_mixin.py:188} INFO - [2025-11-13T06:46:26.823+0000] {dagbag.py:538} INFO - Filling up the DagBag from /opt/airflow/dags/dags_python_with_op_kwargs.py
[2025-11-13T06:46:26.860+0000] {logging_mixin.py:188} INFO - [2025-11-13T06:46:26.855+0000] {dagbag.py:348} ERROR - Failed to import: /opt/airflow/dags/dags_python_with_op_kwargs.py
Traceback (most recent call last):
  File "/home/airflow/.local/lib/python3.8/site-packages/airflow/models/dagbag.py", line 344, in parse
    loader.exec_module(new_module)
  File "<frozen importlib._bootstrap_external>", line 843, in exec_module
  File "<frozen importlib._bootstrap>", line 219, in _call_with_frames_removed
  File "/opt/airflow/dags/dags_python_with_op_kwargs.py", line 5, in <module>
    from common.common_func import regist2
ImportError: cannot import name 'regist2' from 'common.common_func' (/opt/airflow/plugins/common/common_func.py)
[2025-11-13T06:46:26.861+0000] {processor.py:842} WARNING - No viable dags retrieved from /opt/airflow/dags/dags_python_with_op_kwargs.py
[2025-11-13T06:46:26.890+0000] {processor.py:183} INFO - Processing /opt/airflow/dags/dags_python_with_op_kwargs.py took 0.077 seconds
[2025-11-13T06:46:57.298+0000] {processor.py:161} INFO - Started process (PID=2619) to work on /opt/airflow/dags/dags_python_with_op_kwargs.py
[2025-11-13T06:46:57.301+0000] {processor.py:830} INFO - Processing file /opt/airflow/dags/dags_python_with_op_kwargs.py for tasks to queue
[2025-11-13T06:46:57.309+0000] {logging_mixin.py:188} INFO - [2025-11-13T06:46:57.308+0000] {dagbag.py:538} INFO - Filling up the DagBag from /opt/airflow/dags/dags_python_with_op_kwargs.py
[2025-11-13T06:46:57.419+0000] {logging_mixin.py:188} INFO - [2025-11-13T06:46:57.407+0000] {dagbag.py:348} ERROR - Failed to import: /opt/airflow/dags/dags_python_with_op_kwargs.py
Traceback (most recent call last):
  File "/home/airflow/.local/lib/python3.8/site-packages/airflow/models/dagbag.py", line 344, in parse
    loader.exec_module(new_module)
  File "<frozen importlib._bootstrap_external>", line 843, in exec_module
  File "<frozen importlib._bootstrap>", line 219, in _call_with_frames_removed
  File "/opt/airflow/dags/dags_python_with_op_kwargs.py", line 5, in <module>
    from common.common_func import regist2
ImportError: cannot import name 'regist2' from 'common.common_func' (/opt/airflow/plugins/common/common_func.py)
[2025-11-13T06:46:57.424+0000] {processor.py:842} WARNING - No viable dags retrieved from /opt/airflow/dags/dags_python_with_op_kwargs.py
[2025-11-13T06:46:57.494+0000] {processor.py:183} INFO - Processing /opt/airflow/dags/dags_python_with_op_kwargs.py took 0.213 seconds
[2025-11-13T06:47:27.609+0000] {processor.py:161} INFO - Started process (PID=2681) to work on /opt/airflow/dags/dags_python_with_op_kwargs.py
[2025-11-13T06:47:27.611+0000] {processor.py:830} INFO - Processing file /opt/airflow/dags/dags_python_with_op_kwargs.py for tasks to queue
[2025-11-13T06:47:27.616+0000] {logging_mixin.py:188} INFO - [2025-11-13T06:47:27.616+0000] {dagbag.py:538} INFO - Filling up the DagBag from /opt/airflow/dags/dags_python_with_op_kwargs.py
[2025-11-13T06:47:27.664+0000] {logging_mixin.py:188} INFO - [2025-11-13T06:47:27.658+0000] {dagbag.py:348} ERROR - Failed to import: /opt/airflow/dags/dags_python_with_op_kwargs.py
Traceback (most recent call last):
  File "/home/airflow/.local/lib/python3.8/site-packages/airflow/models/dagbag.py", line 344, in parse
    loader.exec_module(new_module)
  File "<frozen importlib._bootstrap_external>", line 843, in exec_module
  File "<frozen importlib._bootstrap>", line 219, in _call_with_frames_removed
  File "/opt/airflow/dags/dags_python_with_op_kwargs.py", line 5, in <module>
    from common.common_func import regist2
ImportError: cannot import name 'regist2' from 'common.common_func' (/opt/airflow/plugins/common/common_func.py)
[2025-11-13T06:47:27.666+0000] {processor.py:842} WARNING - No viable dags retrieved from /opt/airflow/dags/dags_python_with_op_kwargs.py
[2025-11-13T06:47:27.696+0000] {processor.py:183} INFO - Processing /opt/airflow/dags/dags_python_with_op_kwargs.py took 0.093 seconds
[2025-11-13T06:47:58.328+0000] {processor.py:161} INFO - Started process (PID=2744) to work on /opt/airflow/dags/dags_python_with_op_kwargs.py
[2025-11-13T06:47:58.332+0000] {processor.py:830} INFO - Processing file /opt/airflow/dags/dags_python_with_op_kwargs.py for tasks to queue
[2025-11-13T06:47:58.340+0000] {logging_mixin.py:188} INFO - [2025-11-13T06:47:58.339+0000] {dagbag.py:538} INFO - Filling up the DagBag from /opt/airflow/dags/dags_python_with_op_kwargs.py
[2025-11-13T06:47:58.459+0000] {logging_mixin.py:188} INFO - [2025-11-13T06:47:58.450+0000] {dagbag.py:348} ERROR - Failed to import: /opt/airflow/dags/dags_python_with_op_kwargs.py
Traceback (most recent call last):
  File "/home/airflow/.local/lib/python3.8/site-packages/airflow/models/dagbag.py", line 344, in parse
    loader.exec_module(new_module)
  File "<frozen importlib._bootstrap_external>", line 843, in exec_module
  File "<frozen importlib._bootstrap>", line 219, in _call_with_frames_removed
  File "/opt/airflow/dags/dags_python_with_op_kwargs.py", line 5, in <module>
    from common.common_func import regist2
ImportError: cannot import name 'regist2' from 'common.common_func' (/opt/airflow/plugins/common/common_func.py)
[2025-11-13T06:47:58.462+0000] {processor.py:842} WARNING - No viable dags retrieved from /opt/airflow/dags/dags_python_with_op_kwargs.py
[2025-11-13T06:47:58.520+0000] {processor.py:183} INFO - Processing /opt/airflow/dags/dags_python_with_op_kwargs.py took 0.203 seconds
[2025-11-13T06:48:28.912+0000] {processor.py:161} INFO - Started process (PID=2804) to work on /opt/airflow/dags/dags_python_with_op_kwargs.py
[2025-11-13T06:48:28.920+0000] {processor.py:830} INFO - Processing file /opt/airflow/dags/dags_python_with_op_kwargs.py for tasks to queue
[2025-11-13T06:48:28.933+0000] {logging_mixin.py:188} INFO - [2025-11-13T06:48:28.932+0000] {dagbag.py:538} INFO - Filling up the DagBag from /opt/airflow/dags/dags_python_with_op_kwargs.py
[2025-11-13T06:48:29.290+0000] {logging_mixin.py:188} INFO - [2025-11-13T06:48:29.274+0000] {dagbag.py:348} ERROR - Failed to import: /opt/airflow/dags/dags_python_with_op_kwargs.py
Traceback (most recent call last):
  File "/home/airflow/.local/lib/python3.8/site-packages/airflow/models/dagbag.py", line 344, in parse
    loader.exec_module(new_module)
  File "<frozen importlib._bootstrap_external>", line 843, in exec_module
  File "<frozen importlib._bootstrap>", line 219, in _call_with_frames_removed
  File "/opt/airflow/dags/dags_python_with_op_kwargs.py", line 5, in <module>
    from common.common_func import regist2
ImportError: cannot import name 'regist2' from 'common.common_func' (/opt/airflow/plugins/common/common_func.py)
[2025-11-13T06:48:29.294+0000] {processor.py:842} WARNING - No viable dags retrieved from /opt/airflow/dags/dags_python_with_op_kwargs.py
[2025-11-13T06:48:29.369+0000] {processor.py:183} INFO - Processing /opt/airflow/dags/dags_python_with_op_kwargs.py took 0.505 seconds
[2025-11-13T06:49:01.295+0000] {processor.py:161} INFO - Started process (PID=2862) to work on /opt/airflow/dags/dags_python_with_op_kwargs.py
[2025-11-13T06:49:01.298+0000] {processor.py:830} INFO - Processing file /opt/airflow/dags/dags_python_with_op_kwargs.py for tasks to queue
[2025-11-13T06:49:01.303+0000] {logging_mixin.py:188} INFO - [2025-11-13T06:49:01.303+0000] {dagbag.py:538} INFO - Filling up the DagBag from /opt/airflow/dags/dags_python_with_op_kwargs.py
[2025-11-13T06:49:01.394+0000] {logging_mixin.py:188} INFO - [2025-11-13T06:49:01.382+0000] {dagbag.py:348} ERROR - Failed to import: /opt/airflow/dags/dags_python_with_op_kwargs.py
Traceback (most recent call last):
  File "/home/airflow/.local/lib/python3.8/site-packages/airflow/models/dagbag.py", line 344, in parse
    loader.exec_module(new_module)
  File "<frozen importlib._bootstrap_external>", line 843, in exec_module
  File "<frozen importlib._bootstrap>", line 219, in _call_with_frames_removed
  File "/opt/airflow/dags/dags_python_with_op_kwargs.py", line 5, in <module>
    from common.common_func import regist2
ImportError: cannot import name 'regist2' from 'common.common_func' (/opt/airflow/plugins/common/common_func.py)
[2025-11-13T06:49:01.396+0000] {processor.py:842} WARNING - No viable dags retrieved from /opt/airflow/dags/dags_python_with_op_kwargs.py
[2025-11-13T06:49:01.443+0000] {processor.py:183} INFO - Processing /opt/airflow/dags/dags_python_with_op_kwargs.py took 0.157 seconds
[2025-11-13T06:49:31.820+0000] {processor.py:161} INFO - Started process (PID=2921) to work on /opt/airflow/dags/dags_python_with_op_kwargs.py
[2025-11-13T06:49:31.826+0000] {processor.py:830} INFO - Processing file /opt/airflow/dags/dags_python_with_op_kwargs.py for tasks to queue
[2025-11-13T06:49:31.831+0000] {logging_mixin.py:188} INFO - [2025-11-13T06:49:31.830+0000] {dagbag.py:538} INFO - Filling up the DagBag from /opt/airflow/dags/dags_python_with_op_kwargs.py
[2025-11-13T06:49:31.917+0000] {logging_mixin.py:188} INFO - [2025-11-13T06:49:31.909+0000] {dagbag.py:348} ERROR - Failed to import: /opt/airflow/dags/dags_python_with_op_kwargs.py
Traceback (most recent call last):
  File "/home/airflow/.local/lib/python3.8/site-packages/airflow/models/dagbag.py", line 344, in parse
    loader.exec_module(new_module)
  File "<frozen importlib._bootstrap_external>", line 843, in exec_module
  File "<frozen importlib._bootstrap>", line 219, in _call_with_frames_removed
  File "/opt/airflow/dags/dags_python_with_op_kwargs.py", line 5, in <module>
    from common.common_func import regist2
ImportError: cannot import name 'regist2' from 'common.common_func' (/opt/airflow/plugins/common/common_func.py)
[2025-11-13T06:49:31.920+0000] {processor.py:842} WARNING - No viable dags retrieved from /opt/airflow/dags/dags_python_with_op_kwargs.py
[2025-11-13T06:49:31.984+0000] {processor.py:183} INFO - Processing /opt/airflow/dags/dags_python_with_op_kwargs.py took 0.175 seconds
[2025-11-13T06:50:02.204+0000] {processor.py:161} INFO - Started process (PID=2980) to work on /opt/airflow/dags/dags_python_with_op_kwargs.py
[2025-11-13T06:50:02.208+0000] {processor.py:830} INFO - Processing file /opt/airflow/dags/dags_python_with_op_kwargs.py for tasks to queue
[2025-11-13T06:50:02.219+0000] {logging_mixin.py:188} INFO - [2025-11-13T06:50:02.218+0000] {dagbag.py:538} INFO - Filling up the DagBag from /opt/airflow/dags/dags_python_with_op_kwargs.py
[2025-11-13T06:50:02.426+0000] {logging_mixin.py:188} INFO - [2025-11-13T06:50:02.409+0000] {dagbag.py:348} ERROR - Failed to import: /opt/airflow/dags/dags_python_with_op_kwargs.py
Traceback (most recent call last):
  File "/home/airflow/.local/lib/python3.8/site-packages/airflow/models/dagbag.py", line 344, in parse
    loader.exec_module(new_module)
  File "<frozen importlib._bootstrap_external>", line 843, in exec_module
  File "<frozen importlib._bootstrap>", line 219, in _call_with_frames_removed
  File "/opt/airflow/dags/dags_python_with_op_kwargs.py", line 5, in <module>
    from common.common_func import regist2
ImportError: cannot import name 'regist2' from 'common.common_func' (/opt/airflow/plugins/common/common_func.py)
[2025-11-13T06:50:02.431+0000] {processor.py:842} WARNING - No viable dags retrieved from /opt/airflow/dags/dags_python_with_op_kwargs.py
[2025-11-13T06:50:02.510+0000] {processor.py:183} INFO - Processing /opt/airflow/dags/dags_python_with_op_kwargs.py took 0.327 seconds
[2025-11-13T06:50:33.444+0000] {processor.py:161} INFO - Started process (PID=3050) to work on /opt/airflow/dags/dags_python_with_op_kwargs.py
[2025-11-13T06:50:33.453+0000] {processor.py:830} INFO - Processing file /opt/airflow/dags/dags_python_with_op_kwargs.py for tasks to queue
[2025-11-13T06:50:33.461+0000] {logging_mixin.py:188} INFO - [2025-11-13T06:50:33.460+0000] {dagbag.py:538} INFO - Filling up the DagBag from /opt/airflow/dags/dags_python_with_op_kwargs.py
[2025-11-13T06:50:33.658+0000] {logging_mixin.py:188} INFO - [2025-11-13T06:50:33.644+0000] {dagbag.py:348} ERROR - Failed to import: /opt/airflow/dags/dags_python_with_op_kwargs.py
Traceback (most recent call last):
  File "/home/airflow/.local/lib/python3.8/site-packages/airflow/models/dagbag.py", line 344, in parse
    loader.exec_module(new_module)
  File "<frozen importlib._bootstrap_external>", line 843, in exec_module
  File "<frozen importlib._bootstrap>", line 219, in _call_with_frames_removed
  File "/opt/airflow/dags/dags_python_with_op_kwargs.py", line 5, in <module>
    from common.common_func import regist2
ImportError: cannot import name 'regist2' from 'common.common_func' (/opt/airflow/plugins/common/common_func.py)
[2025-11-13T06:50:33.665+0000] {processor.py:842} WARNING - No viable dags retrieved from /opt/airflow/dags/dags_python_with_op_kwargs.py
[2025-11-13T06:50:33.774+0000] {processor.py:183} INFO - Processing /opt/airflow/dags/dags_python_with_op_kwargs.py took 0.349 seconds
[2025-11-13T06:51:04.001+0000] {processor.py:161} INFO - Started process (PID=3113) to work on /opt/airflow/dags/dags_python_with_op_kwargs.py
[2025-11-13T06:51:04.003+0000] {processor.py:830} INFO - Processing file /opt/airflow/dags/dags_python_with_op_kwargs.py for tasks to queue
[2025-11-13T06:51:04.007+0000] {logging_mixin.py:188} INFO - [2025-11-13T06:51:04.006+0000] {dagbag.py:538} INFO - Filling up the DagBag from /opt/airflow/dags/dags_python_with_op_kwargs.py
[2025-11-13T06:51:04.054+0000] {logging_mixin.py:188} INFO - [2025-11-13T06:51:04.049+0000] {dagbag.py:348} ERROR - Failed to import: /opt/airflow/dags/dags_python_with_op_kwargs.py
Traceback (most recent call last):
  File "/home/airflow/.local/lib/python3.8/site-packages/airflow/models/dagbag.py", line 344, in parse
    loader.exec_module(new_module)
  File "<frozen importlib._bootstrap_external>", line 843, in exec_module
  File "<frozen importlib._bootstrap>", line 219, in _call_with_frames_removed
  File "/opt/airflow/dags/dags_python_with_op_kwargs.py", line 5, in <module>
    from common.common_func import regist2
ImportError: cannot import name 'regist2' from 'common.common_func' (/opt/airflow/plugins/common/common_func.py)
[2025-11-13T06:51:04.056+0000] {processor.py:842} WARNING - No viable dags retrieved from /opt/airflow/dags/dags_python_with_op_kwargs.py
[2025-11-13T06:51:04.091+0000] {processor.py:183} INFO - Processing /opt/airflow/dags/dags_python_with_op_kwargs.py took 0.097 seconds
