[2025-11-13T06:26:07.420+0000] {processor.py:161} INFO - Started process (PID=77) to work on /opt/airflow/dags/dags_python_task_decorator.py
[2025-11-13T06:26:07.494+0000] {processor.py:830} INFO - Processing file /opt/airflow/dags/dags_python_task_decorator.py for tasks to queue
[2025-11-13T06:26:07.522+0000] {logging_mixin.py:188} INFO - [2025-11-13T06:26:07.521+0000] {dagbag.py:538} INFO - Filling up the DagBag from /opt/airflow/dags/dags_python_task_decorator.py
[2025-11-13T06:26:08.381+0000] {processor.py:840} INFO - DAG(s) 'dags_python_task_Decorator' retrieved from /opt/airflow/dags/dags_python_task_decorator.py
[2025-11-13T06:26:09.770+0000] {logging_mixin.py:188} INFO - [2025-11-13T06:26:09.769+0000] {dag.py:3036} INFO - Sync 1 DAGs
[2025-11-13T06:26:09.969+0000] {logging_mixin.py:188} INFO - [2025-11-13T06:26:09.968+0000] {dag.py:3823} INFO - Setting next_dagrun for dags_python_task_Decorator to 2025-11-09 17:00:00+00:00, run_after=2025-11-16 17:00:00+00:00
[2025-11-13T06:26:10.145+0000] {processor.py:183} INFO - Processing /opt/airflow/dags/dags_python_task_decorator.py took 2.748 seconds
[2025-11-13T06:26:40.250+0000] {processor.py:161} INFO - Started process (PID=140) to work on /opt/airflow/dags/dags_python_task_decorator.py
[2025-11-13T06:26:40.252+0000] {processor.py:830} INFO - Processing file /opt/airflow/dags/dags_python_task_decorator.py for tasks to queue
[2025-11-13T06:26:40.258+0000] {logging_mixin.py:188} INFO - [2025-11-13T06:26:40.258+0000] {dagbag.py:538} INFO - Filling up the DagBag from /opt/airflow/dags/dags_python_task_decorator.py
[2025-11-13T06:26:40.297+0000] {processor.py:840} INFO - DAG(s) 'dags_python_task_Decorator' retrieved from /opt/airflow/dags/dags_python_task_decorator.py
[2025-11-13T06:26:40.350+0000] {logging_mixin.py:188} INFO - [2025-11-13T06:26:40.350+0000] {dag.py:3036} INFO - Sync 1 DAGs
[2025-11-13T06:26:40.413+0000] {logging_mixin.py:188} INFO - [2025-11-13T06:26:40.413+0000] {dag.py:3823} INFO - Setting next_dagrun for dags_python_task_Decorator to 2025-11-09 17:00:00+00:00, run_after=2025-11-16 17:00:00+00:00
[2025-11-13T06:26:40.468+0000] {processor.py:183} INFO - Processing /opt/airflow/dags/dags_python_task_decorator.py took 0.226 seconds
[2025-11-13T06:27:10.534+0000] {processor.py:161} INFO - Started process (PID=202) to work on /opt/airflow/dags/dags_python_task_decorator.py
[2025-11-13T06:27:10.536+0000] {processor.py:830} INFO - Processing file /opt/airflow/dags/dags_python_task_decorator.py for tasks to queue
[2025-11-13T06:27:10.539+0000] {logging_mixin.py:188} INFO - [2025-11-13T06:27:10.539+0000] {dagbag.py:538} INFO - Filling up the DagBag from /opt/airflow/dags/dags_python_task_decorator.py
[2025-11-13T06:27:10.560+0000] {processor.py:840} INFO - DAG(s) 'dags_python_task_Decorator' retrieved from /opt/airflow/dags/dags_python_task_decorator.py
[2025-11-13T06:27:10.588+0000] {logging_mixin.py:188} INFO - [2025-11-13T06:27:10.587+0000] {dag.py:3036} INFO - Sync 1 DAGs
[2025-11-13T06:27:10.619+0000] {logging_mixin.py:188} INFO - [2025-11-13T06:27:10.619+0000] {dag.py:3823} INFO - Setting next_dagrun for dags_python_task_Decorator to 2025-11-09 17:00:00+00:00, run_after=2025-11-16 17:00:00+00:00
[2025-11-13T06:27:10.641+0000] {processor.py:183} INFO - Processing /opt/airflow/dags/dags_python_task_decorator.py took 0.110 seconds
[2025-11-13T06:27:40.726+0000] {processor.py:161} INFO - Started process (PID=264) to work on /opt/airflow/dags/dags_python_task_decorator.py
[2025-11-13T06:27:40.728+0000] {processor.py:830} INFO - Processing file /opt/airflow/dags/dags_python_task_decorator.py for tasks to queue
[2025-11-13T06:27:40.733+0000] {logging_mixin.py:188} INFO - [2025-11-13T06:27:40.732+0000] {dagbag.py:538} INFO - Filling up the DagBag from /opt/airflow/dags/dags_python_task_decorator.py
[2025-11-13T06:27:40.763+0000] {processor.py:840} INFO - DAG(s) 'dags_python_task_Decorator' retrieved from /opt/airflow/dags/dags_python_task_decorator.py
[2025-11-13T06:27:40.793+0000] {logging_mixin.py:188} INFO - [2025-11-13T06:27:40.793+0000] {dag.py:3036} INFO - Sync 1 DAGs
[2025-11-13T06:27:40.829+0000] {logging_mixin.py:188} INFO - [2025-11-13T06:27:40.829+0000] {dag.py:3823} INFO - Setting next_dagrun for dags_python_task_Decorator to 2025-11-09 17:00:00+00:00, run_after=2025-11-16 17:00:00+00:00
[2025-11-13T06:27:40.868+0000] {processor.py:183} INFO - Processing /opt/airflow/dags/dags_python_task_decorator.py took 0.147 seconds
[2025-11-13T06:28:11.132+0000] {processor.py:161} INFO - Started process (PID=326) to work on /opt/airflow/dags/dags_python_task_decorator.py
[2025-11-13T06:28:11.133+0000] {processor.py:830} INFO - Processing file /opt/airflow/dags/dags_python_task_decorator.py for tasks to queue
[2025-11-13T06:28:11.136+0000] {logging_mixin.py:188} INFO - [2025-11-13T06:28:11.136+0000] {dagbag.py:538} INFO - Filling up the DagBag from /opt/airflow/dags/dags_python_task_decorator.py
[2025-11-13T06:28:11.156+0000] {processor.py:840} INFO - DAG(s) 'dags_python_task_Decorator' retrieved from /opt/airflow/dags/dags_python_task_decorator.py
[2025-11-13T06:28:11.181+0000] {logging_mixin.py:188} INFO - [2025-11-13T06:28:11.180+0000] {dag.py:3036} INFO - Sync 1 DAGs
[2025-11-13T06:28:11.252+0000] {logging_mixin.py:188} INFO - [2025-11-13T06:28:11.252+0000] {dag.py:3823} INFO - Setting next_dagrun for dags_python_task_Decorator to 2025-11-09 17:00:00+00:00, run_after=2025-11-16 17:00:00+00:00
[2025-11-13T06:28:11.329+0000] {processor.py:183} INFO - Processing /opt/airflow/dags/dags_python_task_decorator.py took 0.202 seconds
[2025-11-13T06:28:42.269+0000] {processor.py:161} INFO - Started process (PID=389) to work on /opt/airflow/dags/dags_python_task_decorator.py
[2025-11-13T06:28:42.273+0000] {processor.py:830} INFO - Processing file /opt/airflow/dags/dags_python_task_decorator.py for tasks to queue
[2025-11-13T06:28:42.283+0000] {logging_mixin.py:188} INFO - [2025-11-13T06:28:42.282+0000] {dagbag.py:538} INFO - Filling up the DagBag from /opt/airflow/dags/dags_python_task_decorator.py
[2025-11-13T06:28:42.337+0000] {processor.py:840} INFO - DAG(s) 'dags_python_task_Decorator' retrieved from /opt/airflow/dags/dags_python_task_decorator.py
[2025-11-13T06:28:42.390+0000] {logging_mixin.py:188} INFO - [2025-11-13T06:28:42.389+0000] {dag.py:3036} INFO - Sync 1 DAGs
[2025-11-13T06:28:42.498+0000] {logging_mixin.py:188} INFO - [2025-11-13T06:28:42.496+0000] {dag.py:3823} INFO - Setting next_dagrun for dags_python_task_Decorator to 2025-11-09 17:00:00+00:00, run_after=2025-11-16 17:00:00+00:00
[2025-11-13T06:28:42.590+0000] {processor.py:183} INFO - Processing /opt/airflow/dags/dags_python_task_decorator.py took 0.333 seconds
[2025-11-13T06:29:13.650+0000] {processor.py:161} INFO - Started process (PID=451) to work on /opt/airflow/dags/dags_python_task_decorator.py
[2025-11-13T06:29:13.652+0000] {processor.py:830} INFO - Processing file /opt/airflow/dags/dags_python_task_decorator.py for tasks to queue
[2025-11-13T06:29:13.656+0000] {logging_mixin.py:188} INFO - [2025-11-13T06:29:13.656+0000] {dagbag.py:538} INFO - Filling up the DagBag from /opt/airflow/dags/dags_python_task_decorator.py
[2025-11-13T06:29:13.679+0000] {processor.py:840} INFO - DAG(s) 'dags_python_task_Decorator' retrieved from /opt/airflow/dags/dags_python_task_decorator.py
[2025-11-13T06:29:13.707+0000] {logging_mixin.py:188} INFO - [2025-11-13T06:29:13.707+0000] {dag.py:3036} INFO - Sync 1 DAGs
[2025-11-13T06:29:13.741+0000] {logging_mixin.py:188} INFO - [2025-11-13T06:29:13.740+0000] {dag.py:3823} INFO - Setting next_dagrun for dags_python_task_Decorator to 2025-11-09 17:00:00+00:00, run_after=2025-11-16 17:00:00+00:00
[2025-11-13T06:29:13.779+0000] {processor.py:183} INFO - Processing /opt/airflow/dags/dags_python_task_decorator.py took 0.135 seconds
[2025-11-13T06:29:43.861+0000] {processor.py:161} INFO - Started process (PID=513) to work on /opt/airflow/dags/dags_python_task_decorator.py
[2025-11-13T06:29:43.863+0000] {processor.py:830} INFO - Processing file /opt/airflow/dags/dags_python_task_decorator.py for tasks to queue
[2025-11-13T06:29:43.867+0000] {logging_mixin.py:188} INFO - [2025-11-13T06:29:43.866+0000] {dagbag.py:538} INFO - Filling up the DagBag from /opt/airflow/dags/dags_python_task_decorator.py
[2025-11-13T06:29:43.889+0000] {processor.py:840} INFO - DAG(s) 'dags_python_task_Decorator' retrieved from /opt/airflow/dags/dags_python_task_decorator.py
[2025-11-13T06:29:43.914+0000] {logging_mixin.py:188} INFO - [2025-11-13T06:29:43.913+0000] {dag.py:3036} INFO - Sync 1 DAGs
[2025-11-13T06:29:43.943+0000] {logging_mixin.py:188} INFO - [2025-11-13T06:29:43.942+0000] {dag.py:3823} INFO - Setting next_dagrun for dags_python_task_Decorator to 2025-11-09 17:00:00+00:00, run_after=2025-11-16 17:00:00+00:00
[2025-11-13T06:29:43.978+0000] {processor.py:183} INFO - Processing /opt/airflow/dags/dags_python_task_decorator.py took 0.122 seconds
[2025-11-13T06:30:14.847+0000] {processor.py:161} INFO - Started process (PID=575) to work on /opt/airflow/dags/dags_python_task_decorator.py
[2025-11-13T06:30:14.856+0000] {processor.py:830} INFO - Processing file /opt/airflow/dags/dags_python_task_decorator.py for tasks to queue
[2025-11-13T06:30:14.862+0000] {logging_mixin.py:188} INFO - [2025-11-13T06:30:14.861+0000] {dagbag.py:538} INFO - Filling up the DagBag from /opt/airflow/dags/dags_python_task_decorator.py
[2025-11-13T06:30:14.958+0000] {processor.py:840} INFO - DAG(s) 'dags_python_task_Decorator' retrieved from /opt/airflow/dags/dags_python_task_decorator.py
[2025-11-13T06:30:15.049+0000] {logging_mixin.py:188} INFO - [2025-11-13T06:30:15.049+0000] {dag.py:3036} INFO - Sync 1 DAGs
[2025-11-13T06:30:15.202+0000] {logging_mixin.py:188} INFO - [2025-11-13T06:30:15.201+0000] {dag.py:3823} INFO - Setting next_dagrun for dags_python_task_Decorator to 2025-11-09 17:00:00+00:00, run_after=2025-11-16 17:00:00+00:00
[2025-11-13T06:30:15.331+0000] {processor.py:183} INFO - Processing /opt/airflow/dags/dags_python_task_decorator.py took 0.498 seconds
[2025-11-13T06:30:46.197+0000] {processor.py:161} INFO - Started process (PID=637) to work on /opt/airflow/dags/dags_python_task_decorator.py
[2025-11-13T06:30:46.201+0000] {processor.py:830} INFO - Processing file /opt/airflow/dags/dags_python_task_decorator.py for tasks to queue
[2025-11-13T06:30:46.211+0000] {logging_mixin.py:188} INFO - [2025-11-13T06:30:46.210+0000] {dagbag.py:538} INFO - Filling up the DagBag from /opt/airflow/dags/dags_python_task_decorator.py
[2025-11-13T06:30:46.274+0000] {processor.py:840} INFO - DAG(s) 'dags_python_task_Decorator' retrieved from /opt/airflow/dags/dags_python_task_decorator.py
[2025-11-13T06:30:46.363+0000] {logging_mixin.py:188} INFO - [2025-11-13T06:30:46.363+0000] {dag.py:3036} INFO - Sync 1 DAGs
[2025-11-13T06:30:46.454+0000] {logging_mixin.py:188} INFO - [2025-11-13T06:30:46.453+0000] {dag.py:3823} INFO - Setting next_dagrun for dags_python_task_Decorator to 2025-11-09 17:00:00+00:00, run_after=2025-11-16 17:00:00+00:00
[2025-11-13T06:30:46.508+0000] {processor.py:183} INFO - Processing /opt/airflow/dags/dags_python_task_decorator.py took 0.330 seconds
[2025-11-13T06:31:16.684+0000] {processor.py:161} INFO - Started process (PID=699) to work on /opt/airflow/dags/dags_python_task_decorator.py
[2025-11-13T06:31:16.685+0000] {processor.py:830} INFO - Processing file /opt/airflow/dags/dags_python_task_decorator.py for tasks to queue
[2025-11-13T06:31:16.688+0000] {logging_mixin.py:188} INFO - [2025-11-13T06:31:16.688+0000] {dagbag.py:538} INFO - Filling up the DagBag from /opt/airflow/dags/dags_python_task_decorator.py
[2025-11-13T06:31:16.716+0000] {processor.py:840} INFO - DAG(s) 'dags_python_task_Decorator' retrieved from /opt/airflow/dags/dags_python_task_decorator.py
[2025-11-13T06:31:16.749+0000] {logging_mixin.py:188} INFO - [2025-11-13T06:31:16.749+0000] {dag.py:3036} INFO - Sync 1 DAGs
[2025-11-13T06:31:16.785+0000] {logging_mixin.py:188} INFO - [2025-11-13T06:31:16.785+0000] {dag.py:3823} INFO - Setting next_dagrun for dags_python_task_Decorator to 2025-11-09 17:00:00+00:00, run_after=2025-11-16 17:00:00+00:00
[2025-11-13T06:31:16.826+0000] {processor.py:183} INFO - Processing /opt/airflow/dags/dags_python_task_decorator.py took 0.147 seconds
[2025-11-13T06:31:46.929+0000] {processor.py:161} INFO - Started process (PID=761) to work on /opt/airflow/dags/dags_python_task_decorator.py
[2025-11-13T06:31:46.931+0000] {processor.py:830} INFO - Processing file /opt/airflow/dags/dags_python_task_decorator.py for tasks to queue
[2025-11-13T06:31:46.933+0000] {logging_mixin.py:188} INFO - [2025-11-13T06:31:46.933+0000] {dagbag.py:538} INFO - Filling up the DagBag from /opt/airflow/dags/dags_python_task_decorator.py
[2025-11-13T06:31:46.956+0000] {processor.py:840} INFO - DAG(s) 'dags_python_task_Decorator' retrieved from /opt/airflow/dags/dags_python_task_decorator.py
[2025-11-13T06:31:46.980+0000] {logging_mixin.py:188} INFO - [2025-11-13T06:31:46.980+0000] {dag.py:3036} INFO - Sync 1 DAGs
[2025-11-13T06:31:47.017+0000] {logging_mixin.py:188} INFO - [2025-11-13T06:31:47.017+0000] {dag.py:3823} INFO - Setting next_dagrun for dags_python_task_Decorator to 2025-11-09 17:00:00+00:00, run_after=2025-11-16 17:00:00+00:00
[2025-11-13T06:31:47.055+0000] {processor.py:183} INFO - Processing /opt/airflow/dags/dags_python_task_decorator.py took 0.130 seconds
[2025-11-13T06:32:17.315+0000] {processor.py:161} INFO - Started process (PID=823) to work on /opt/airflow/dags/dags_python_task_decorator.py
[2025-11-13T06:32:17.317+0000] {processor.py:830} INFO - Processing file /opt/airflow/dags/dags_python_task_decorator.py for tasks to queue
[2025-11-13T06:32:17.321+0000] {logging_mixin.py:188} INFO - [2025-11-13T06:32:17.320+0000] {dagbag.py:538} INFO - Filling up the DagBag from /opt/airflow/dags/dags_python_task_decorator.py
[2025-11-13T06:32:17.350+0000] {processor.py:840} INFO - DAG(s) 'dags_python_task_Decorator' retrieved from /opt/airflow/dags/dags_python_task_decorator.py
[2025-11-13T06:32:17.384+0000] {logging_mixin.py:188} INFO - [2025-11-13T06:32:17.384+0000] {dag.py:3036} INFO - Sync 1 DAGs
[2025-11-13T06:32:17.424+0000] {logging_mixin.py:188} INFO - [2025-11-13T06:32:17.424+0000] {dag.py:3823} INFO - Setting next_dagrun for dags_python_task_Decorator to 2025-11-09 17:00:00+00:00, run_after=2025-11-16 17:00:00+00:00
[2025-11-13T06:32:17.462+0000] {processor.py:183} INFO - Processing /opt/airflow/dags/dags_python_task_decorator.py took 0.152 seconds
[2025-11-13T06:32:47.549+0000] {processor.py:161} INFO - Started process (PID=885) to work on /opt/airflow/dags/dags_python_task_decorator.py
[2025-11-13T06:32:47.551+0000] {processor.py:830} INFO - Processing file /opt/airflow/dags/dags_python_task_decorator.py for tasks to queue
[2025-11-13T06:32:47.556+0000] {logging_mixin.py:188} INFO - [2025-11-13T06:32:47.555+0000] {dagbag.py:538} INFO - Filling up the DagBag from /opt/airflow/dags/dags_python_task_decorator.py
[2025-11-13T06:32:47.596+0000] {processor.py:840} INFO - DAG(s) 'dags_python_task_Decorator' retrieved from /opt/airflow/dags/dags_python_task_decorator.py
[2025-11-13T06:32:47.633+0000] {logging_mixin.py:188} INFO - [2025-11-13T06:32:47.632+0000] {dag.py:3036} INFO - Sync 1 DAGs
[2025-11-13T06:32:47.680+0000] {logging_mixin.py:188} INFO - [2025-11-13T06:32:47.679+0000] {dag.py:3823} INFO - Setting next_dagrun for dags_python_task_Decorator to 2025-11-09 17:00:00+00:00, run_after=2025-11-16 17:00:00+00:00
[2025-11-13T06:32:47.736+0000] {processor.py:183} INFO - Processing /opt/airflow/dags/dags_python_task_decorator.py took 0.195 seconds
[2025-11-13T06:33:18.469+0000] {processor.py:161} INFO - Started process (PID=947) to work on /opt/airflow/dags/dags_python_task_decorator.py
[2025-11-13T06:33:18.470+0000] {processor.py:830} INFO - Processing file /opt/airflow/dags/dags_python_task_decorator.py for tasks to queue
[2025-11-13T06:33:18.473+0000] {logging_mixin.py:188} INFO - [2025-11-13T06:33:18.473+0000] {dagbag.py:538} INFO - Filling up the DagBag from /opt/airflow/dags/dags_python_task_decorator.py
[2025-11-13T06:33:18.493+0000] {processor.py:840} INFO - DAG(s) 'dags_python_task_Decorator' retrieved from /opt/airflow/dags/dags_python_task_decorator.py
[2025-11-13T06:33:18.517+0000] {logging_mixin.py:188} INFO - [2025-11-13T06:33:18.517+0000] {dag.py:3036} INFO - Sync 1 DAGs
[2025-11-13T06:33:18.545+0000] {logging_mixin.py:188} INFO - [2025-11-13T06:33:18.544+0000] {dag.py:3823} INFO - Setting next_dagrun for dags_python_task_Decorator to 2025-11-09 17:00:00+00:00, run_after=2025-11-16 17:00:00+00:00
[2025-11-13T06:33:18.572+0000] {processor.py:183} INFO - Processing /opt/airflow/dags/dags_python_task_decorator.py took 0.107 seconds
[2025-11-13T06:33:48.644+0000] {processor.py:161} INFO - Started process (PID=1009) to work on /opt/airflow/dags/dags_python_task_decorator.py
[2025-11-13T06:33:48.646+0000] {processor.py:830} INFO - Processing file /opt/airflow/dags/dags_python_task_decorator.py for tasks to queue
[2025-11-13T06:33:48.649+0000] {logging_mixin.py:188} INFO - [2025-11-13T06:33:48.649+0000] {dagbag.py:538} INFO - Filling up the DagBag from /opt/airflow/dags/dags_python_task_decorator.py
[2025-11-13T06:33:48.671+0000] {processor.py:840} INFO - DAG(s) 'dags_python_task_Decorator' retrieved from /opt/airflow/dags/dags_python_task_decorator.py
[2025-11-13T06:33:48.697+0000] {logging_mixin.py:188} INFO - [2025-11-13T06:33:48.697+0000] {dag.py:3036} INFO - Sync 1 DAGs
[2025-11-13T06:33:48.730+0000] {logging_mixin.py:188} INFO - [2025-11-13T06:33:48.730+0000] {dag.py:3823} INFO - Setting next_dagrun for dags_python_task_Decorator to 2025-11-09 17:00:00+00:00, run_after=2025-11-16 17:00:00+00:00
[2025-11-13T06:33:48.757+0000] {processor.py:183} INFO - Processing /opt/airflow/dags/dags_python_task_decorator.py took 0.117 seconds
[2025-11-13T06:34:18.836+0000] {processor.py:161} INFO - Started process (PID=1071) to work on /opt/airflow/dags/dags_python_task_decorator.py
[2025-11-13T06:34:18.838+0000] {processor.py:830} INFO - Processing file /opt/airflow/dags/dags_python_task_decorator.py for tasks to queue
[2025-11-13T06:34:18.841+0000] {logging_mixin.py:188} INFO - [2025-11-13T06:34:18.840+0000] {dagbag.py:538} INFO - Filling up the DagBag from /opt/airflow/dags/dags_python_task_decorator.py
[2025-11-13T06:34:18.867+0000] {processor.py:840} INFO - DAG(s) 'dags_python_task_Decorator' retrieved from /opt/airflow/dags/dags_python_task_decorator.py
[2025-11-13T06:34:18.896+0000] {logging_mixin.py:188} INFO - [2025-11-13T06:34:18.896+0000] {dag.py:3036} INFO - Sync 1 DAGs
[2025-11-13T06:34:18.930+0000] {logging_mixin.py:188} INFO - [2025-11-13T06:34:18.930+0000] {dag.py:3823} INFO - Setting next_dagrun for dags_python_task_Decorator to 2025-11-09 17:00:00+00:00, run_after=2025-11-16 17:00:00+00:00
[2025-11-13T06:34:18.969+0000] {processor.py:183} INFO - Processing /opt/airflow/dags/dags_python_task_decorator.py took 0.138 seconds
[2025-11-13T06:34:49.443+0000] {processor.py:161} INFO - Started process (PID=1131) to work on /opt/airflow/dags/dags_python_task_decorator.py
[2025-11-13T06:34:49.444+0000] {processor.py:830} INFO - Processing file /opt/airflow/dags/dags_python_task_decorator.py for tasks to queue
[2025-11-13T06:34:49.447+0000] {logging_mixin.py:188} INFO - [2025-11-13T06:34:49.446+0000] {dagbag.py:538} INFO - Filling up the DagBag from /opt/airflow/dags/dags_python_task_decorator.py
[2025-11-13T06:34:49.470+0000] {processor.py:840} INFO - DAG(s) 'dags_python_task_Decorator' retrieved from /opt/airflow/dags/dags_python_task_decorator.py
[2025-11-13T06:34:49.496+0000] {logging_mixin.py:188} INFO - [2025-11-13T06:34:49.495+0000] {dag.py:3036} INFO - Sync 1 DAGs
[2025-11-13T06:34:49.524+0000] {logging_mixin.py:188} INFO - [2025-11-13T06:34:49.524+0000] {dag.py:3823} INFO - Setting next_dagrun for dags_python_task_Decorator to 2025-11-09 17:00:00+00:00, run_after=2025-11-16 17:00:00+00:00
[2025-11-13T06:34:49.550+0000] {processor.py:183} INFO - Processing /opt/airflow/dags/dags_python_task_decorator.py took 0.112 seconds
[2025-11-13T06:35:19.691+0000] {processor.py:161} INFO - Started process (PID=1193) to work on /opt/airflow/dags/dags_python_task_decorator.py
[2025-11-13T06:35:19.693+0000] {processor.py:830} INFO - Processing file /opt/airflow/dags/dags_python_task_decorator.py for tasks to queue
[2025-11-13T06:35:19.696+0000] {logging_mixin.py:188} INFO - [2025-11-13T06:35:19.696+0000] {dagbag.py:538} INFO - Filling up the DagBag from /opt/airflow/dags/dags_python_task_decorator.py
[2025-11-13T06:35:19.723+0000] {processor.py:840} INFO - DAG(s) 'dags_python_task_Decorator' retrieved from /opt/airflow/dags/dags_python_task_decorator.py
[2025-11-13T06:35:19.756+0000] {logging_mixin.py:188} INFO - [2025-11-13T06:35:19.756+0000] {dag.py:3036} INFO - Sync 1 DAGs
[2025-11-13T06:35:19.801+0000] {logging_mixin.py:188} INFO - [2025-11-13T06:35:19.801+0000] {dag.py:3823} INFO - Setting next_dagrun for dags_python_task_Decorator to 2025-11-09 17:00:00+00:00, run_after=2025-11-16 17:00:00+00:00
[2025-11-13T06:35:19.831+0000] {processor.py:183} INFO - Processing /opt/airflow/dags/dags_python_task_decorator.py took 0.145 seconds
[2025-11-13T06:35:50.579+0000] {processor.py:161} INFO - Started process (PID=1255) to work on /opt/airflow/dags/dags_python_task_decorator.py
[2025-11-13T06:35:50.580+0000] {processor.py:830} INFO - Processing file /opt/airflow/dags/dags_python_task_decorator.py for tasks to queue
[2025-11-13T06:35:50.582+0000] {logging_mixin.py:188} INFO - [2025-11-13T06:35:50.582+0000] {dagbag.py:538} INFO - Filling up the DagBag from /opt/airflow/dags/dags_python_task_decorator.py
[2025-11-13T06:35:50.606+0000] {processor.py:840} INFO - DAG(s) 'dags_python_task_Decorator' retrieved from /opt/airflow/dags/dags_python_task_decorator.py
[2025-11-13T06:35:50.630+0000] {logging_mixin.py:188} INFO - [2025-11-13T06:35:50.630+0000] {dag.py:3036} INFO - Sync 1 DAGs
[2025-11-13T06:35:50.657+0000] {logging_mixin.py:188} INFO - [2025-11-13T06:35:50.657+0000] {dag.py:3823} INFO - Setting next_dagrun for dags_python_task_Decorator to 2025-11-09 17:00:00+00:00, run_after=2025-11-16 17:00:00+00:00
[2025-11-13T06:35:50.690+0000] {processor.py:183} INFO - Processing /opt/airflow/dags/dags_python_task_decorator.py took 0.115 seconds
[2025-11-13T06:36:21.180+0000] {processor.py:161} INFO - Started process (PID=1317) to work on /opt/airflow/dags/dags_python_task_decorator.py
[2025-11-13T06:36:21.182+0000] {processor.py:830} INFO - Processing file /opt/airflow/dags/dags_python_task_decorator.py for tasks to queue
[2025-11-13T06:36:21.185+0000] {logging_mixin.py:188} INFO - [2025-11-13T06:36:21.185+0000] {dagbag.py:538} INFO - Filling up the DagBag from /opt/airflow/dags/dags_python_task_decorator.py
[2025-11-13T06:36:21.209+0000] {processor.py:840} INFO - DAG(s) 'dags_python_task_Decorator' retrieved from /opt/airflow/dags/dags_python_task_decorator.py
[2025-11-13T06:36:21.233+0000] {logging_mixin.py:188} INFO - [2025-11-13T06:36:21.233+0000] {dag.py:3036} INFO - Sync 1 DAGs
[2025-11-13T06:36:21.261+0000] {logging_mixin.py:188} INFO - [2025-11-13T06:36:21.261+0000] {dag.py:3823} INFO - Setting next_dagrun for dags_python_task_Decorator to 2025-11-09 17:00:00+00:00, run_after=2025-11-16 17:00:00+00:00
[2025-11-13T06:36:21.294+0000] {processor.py:183} INFO - Processing /opt/airflow/dags/dags_python_task_decorator.py took 0.119 seconds
[2025-11-13T06:36:51.889+0000] {processor.py:161} INFO - Started process (PID=1380) to work on /opt/airflow/dags/dags_python_task_decorator.py
[2025-11-13T06:36:51.892+0000] {processor.py:830} INFO - Processing file /opt/airflow/dags/dags_python_task_decorator.py for tasks to queue
[2025-11-13T06:36:51.897+0000] {logging_mixin.py:188} INFO - [2025-11-13T06:36:51.896+0000] {dagbag.py:538} INFO - Filling up the DagBag from /opt/airflow/dags/dags_python_task_decorator.py
[2025-11-13T06:36:51.946+0000] {processor.py:840} INFO - DAG(s) 'dags_python_task_Decorator' retrieved from /opt/airflow/dags/dags_python_task_decorator.py
[2025-11-13T06:36:52.008+0000] {logging_mixin.py:188} INFO - [2025-11-13T06:36:52.007+0000] {dag.py:3036} INFO - Sync 1 DAGs
[2025-11-13T06:36:52.075+0000] {logging_mixin.py:188} INFO - [2025-11-13T06:36:52.074+0000] {dag.py:3823} INFO - Setting next_dagrun for dags_python_task_Decorator to 2025-11-09 17:00:00+00:00, run_after=2025-11-16 17:00:00+00:00
[2025-11-13T06:36:52.126+0000] {processor.py:183} INFO - Processing /opt/airflow/dags/dags_python_task_decorator.py took 0.251 seconds
[2025-11-13T06:37:22.698+0000] {processor.py:161} INFO - Started process (PID=1442) to work on /opt/airflow/dags/dags_python_task_decorator.py
[2025-11-13T06:37:22.700+0000] {processor.py:830} INFO - Processing file /opt/airflow/dags/dags_python_task_decorator.py for tasks to queue
[2025-11-13T06:37:22.704+0000] {logging_mixin.py:188} INFO - [2025-11-13T06:37:22.703+0000] {dagbag.py:538} INFO - Filling up the DagBag from /opt/airflow/dags/dags_python_task_decorator.py
[2025-11-13T06:37:22.735+0000] {processor.py:840} INFO - DAG(s) 'dags_python_task_Decorator' retrieved from /opt/airflow/dags/dags_python_task_decorator.py
[2025-11-13T06:37:22.776+0000] {logging_mixin.py:188} INFO - [2025-11-13T06:37:22.776+0000] {dag.py:3036} INFO - Sync 1 DAGs
[2025-11-13T06:37:22.818+0000] {logging_mixin.py:188} INFO - [2025-11-13T06:37:22.817+0000] {dag.py:3823} INFO - Setting next_dagrun for dags_python_task_Decorator to 2025-11-09 17:00:00+00:00, run_after=2025-11-16 17:00:00+00:00
[2025-11-13T06:37:22.859+0000] {processor.py:183} INFO - Processing /opt/airflow/dags/dags_python_task_decorator.py took 0.167 seconds
[2025-11-13T06:37:53.762+0000] {processor.py:161} INFO - Started process (PID=1504) to work on /opt/airflow/dags/dags_python_task_decorator.py
[2025-11-13T06:37:53.764+0000] {processor.py:830} INFO - Processing file /opt/airflow/dags/dags_python_task_decorator.py for tasks to queue
[2025-11-13T06:37:53.766+0000] {logging_mixin.py:188} INFO - [2025-11-13T06:37:53.766+0000] {dagbag.py:538} INFO - Filling up the DagBag from /opt/airflow/dags/dags_python_task_decorator.py
[2025-11-13T06:37:53.787+0000] {processor.py:840} INFO - DAG(s) 'dags_python_task_Decorator' retrieved from /opt/airflow/dags/dags_python_task_decorator.py
[2025-11-13T06:37:53.811+0000] {logging_mixin.py:188} INFO - [2025-11-13T06:37:53.811+0000] {dag.py:3036} INFO - Sync 1 DAGs
[2025-11-13T06:37:53.838+0000] {logging_mixin.py:188} INFO - [2025-11-13T06:37:53.837+0000] {dag.py:3823} INFO - Setting next_dagrun for dags_python_task_Decorator to 2025-11-09 17:00:00+00:00, run_after=2025-11-16 17:00:00+00:00
[2025-11-13T06:37:53.872+0000] {processor.py:183} INFO - Processing /opt/airflow/dags/dags_python_task_decorator.py took 0.114 seconds
[2025-11-13T06:38:24.503+0000] {processor.py:161} INFO - Started process (PID=1566) to work on /opt/airflow/dags/dags_python_task_decorator.py
[2025-11-13T06:38:24.505+0000] {processor.py:830} INFO - Processing file /opt/airflow/dags/dags_python_task_decorator.py for tasks to queue
[2025-11-13T06:38:24.508+0000] {logging_mixin.py:188} INFO - [2025-11-13T06:38:24.508+0000] {dagbag.py:538} INFO - Filling up the DagBag from /opt/airflow/dags/dags_python_task_decorator.py
[2025-11-13T06:38:24.534+0000] {processor.py:840} INFO - DAG(s) 'dags_python_task_Decorator' retrieved from /opt/airflow/dags/dags_python_task_decorator.py
[2025-11-13T06:38:24.559+0000] {logging_mixin.py:188} INFO - [2025-11-13T06:38:24.559+0000] {dag.py:3036} INFO - Sync 1 DAGs
[2025-11-13T06:38:24.589+0000] {logging_mixin.py:188} INFO - [2025-11-13T06:38:24.589+0000] {dag.py:3823} INFO - Setting next_dagrun for dags_python_task_Decorator to 2025-11-09 17:00:00+00:00, run_after=2025-11-16 17:00:00+00:00
[2025-11-13T06:38:24.622+0000] {processor.py:183} INFO - Processing /opt/airflow/dags/dags_python_task_decorator.py took 0.124 seconds
[2025-11-13T06:38:54.808+0000] {processor.py:161} INFO - Started process (PID=1628) to work on /opt/airflow/dags/dags_python_task_decorator.py
[2025-11-13T06:38:54.810+0000] {processor.py:830} INFO - Processing file /opt/airflow/dags/dags_python_task_decorator.py for tasks to queue
[2025-11-13T06:38:54.812+0000] {logging_mixin.py:188} INFO - [2025-11-13T06:38:54.812+0000] {dagbag.py:538} INFO - Filling up the DagBag from /opt/airflow/dags/dags_python_task_decorator.py
[2025-11-13T06:38:54.835+0000] {processor.py:840} INFO - DAG(s) 'dags_python_task_Decorator' retrieved from /opt/airflow/dags/dags_python_task_decorator.py
[2025-11-13T06:38:54.859+0000] {logging_mixin.py:188} INFO - [2025-11-13T06:38:54.859+0000] {dag.py:3036} INFO - Sync 1 DAGs
[2025-11-13T06:38:54.888+0000] {logging_mixin.py:188} INFO - [2025-11-13T06:38:54.888+0000] {dag.py:3823} INFO - Setting next_dagrun for dags_python_task_Decorator to 2025-11-09 17:00:00+00:00, run_after=2025-11-16 17:00:00+00:00
[2025-11-13T06:38:54.922+0000] {processor.py:183} INFO - Processing /opt/airflow/dags/dags_python_task_decorator.py took 0.118 seconds
[2025-11-13T06:39:25.203+0000] {processor.py:161} INFO - Started process (PID=1690) to work on /opt/airflow/dags/dags_python_task_decorator.py
[2025-11-13T06:39:25.205+0000] {processor.py:830} INFO - Processing file /opt/airflow/dags/dags_python_task_decorator.py for tasks to queue
[2025-11-13T06:39:25.208+0000] {logging_mixin.py:188} INFO - [2025-11-13T06:39:25.207+0000] {dagbag.py:538} INFO - Filling up the DagBag from /opt/airflow/dags/dags_python_task_decorator.py
[2025-11-13T06:39:25.231+0000] {processor.py:840} INFO - DAG(s) 'dags_python_task_Decorator' retrieved from /opt/airflow/dags/dags_python_task_decorator.py
[2025-11-13T06:39:25.257+0000] {logging_mixin.py:188} INFO - [2025-11-13T06:39:25.257+0000] {dag.py:3036} INFO - Sync 1 DAGs
[2025-11-13T06:39:25.285+0000] {logging_mixin.py:188} INFO - [2025-11-13T06:39:25.285+0000] {dag.py:3823} INFO - Setting next_dagrun for dags_python_task_Decorator to 2025-11-09 17:00:00+00:00, run_after=2025-11-16 17:00:00+00:00
[2025-11-13T06:39:25.320+0000] {processor.py:183} INFO - Processing /opt/airflow/dags/dags_python_task_decorator.py took 0.121 seconds
[2025-11-13T06:39:55.552+0000] {processor.py:161} INFO - Started process (PID=1752) to work on /opt/airflow/dags/dags_python_task_decorator.py
[2025-11-13T06:39:55.556+0000] {processor.py:830} INFO - Processing file /opt/airflow/dags/dags_python_task_decorator.py for tasks to queue
[2025-11-13T06:39:55.561+0000] {logging_mixin.py:188} INFO - [2025-11-13T06:39:55.560+0000] {dagbag.py:538} INFO - Filling up the DagBag from /opt/airflow/dags/dags_python_task_decorator.py
[2025-11-13T06:39:55.596+0000] {processor.py:840} INFO - DAG(s) 'dags_python_task_Decorator' retrieved from /opt/airflow/dags/dags_python_task_decorator.py
[2025-11-13T06:39:55.644+0000] {logging_mixin.py:188} INFO - [2025-11-13T06:39:55.644+0000] {dag.py:3036} INFO - Sync 1 DAGs
[2025-11-13T06:39:55.713+0000] {logging_mixin.py:188} INFO - [2025-11-13T06:39:55.712+0000] {dag.py:3823} INFO - Setting next_dagrun for dags_python_task_Decorator to 2025-11-09 17:00:00+00:00, run_after=2025-11-16 17:00:00+00:00
[2025-11-13T06:39:55.767+0000] {processor.py:183} INFO - Processing /opt/airflow/dags/dags_python_task_decorator.py took 0.222 seconds
[2025-11-13T06:40:26.355+0000] {processor.py:161} INFO - Started process (PID=1814) to work on /opt/airflow/dags/dags_python_task_decorator.py
[2025-11-13T06:40:26.362+0000] {processor.py:830} INFO - Processing file /opt/airflow/dags/dags_python_task_decorator.py for tasks to queue
[2025-11-13T06:40:26.369+0000] {logging_mixin.py:188} INFO - [2025-11-13T06:40:26.368+0000] {dagbag.py:538} INFO - Filling up the DagBag from /opt/airflow/dags/dags_python_task_decorator.py
[2025-11-13T06:40:26.463+0000] {processor.py:840} INFO - DAG(s) 'dags_python_task_Decorator' retrieved from /opt/airflow/dags/dags_python_task_decorator.py
[2025-11-13T06:40:26.595+0000] {logging_mixin.py:188} INFO - [2025-11-13T06:40:26.594+0000] {dag.py:3036} INFO - Sync 1 DAGs
[2025-11-13T06:40:26.717+0000] {logging_mixin.py:188} INFO - [2025-11-13T06:40:26.716+0000] {dag.py:3823} INFO - Setting next_dagrun for dags_python_task_Decorator to 2025-11-09 17:00:00+00:00, run_after=2025-11-16 17:00:00+00:00
[2025-11-13T06:40:26.811+0000] {processor.py:183} INFO - Processing /opt/airflow/dags/dags_python_task_decorator.py took 0.469 seconds
[2025-11-13T06:40:57.009+0000] {processor.py:161} INFO - Started process (PID=1876) to work on /opt/airflow/dags/dags_python_task_decorator.py
[2025-11-13T06:40:57.011+0000] {processor.py:830} INFO - Processing file /opt/airflow/dags/dags_python_task_decorator.py for tasks to queue
[2025-11-13T06:40:57.015+0000] {logging_mixin.py:188} INFO - [2025-11-13T06:40:57.015+0000] {dagbag.py:538} INFO - Filling up the DagBag from /opt/airflow/dags/dags_python_task_decorator.py
[2025-11-13T06:40:57.049+0000] {processor.py:840} INFO - DAG(s) 'dags_python_task_Decorator' retrieved from /opt/airflow/dags/dags_python_task_decorator.py
[2025-11-13T06:40:57.095+0000] {logging_mixin.py:188} INFO - [2025-11-13T06:40:57.092+0000] {dag.py:3036} INFO - Sync 1 DAGs
[2025-11-13T06:40:57.142+0000] {logging_mixin.py:188} INFO - [2025-11-13T06:40:57.142+0000] {dag.py:3823} INFO - Setting next_dagrun for dags_python_task_Decorator to 2025-11-09 17:00:00+00:00, run_after=2025-11-16 17:00:00+00:00
[2025-11-13T06:40:57.170+0000] {processor.py:183} INFO - Processing /opt/airflow/dags/dags_python_task_decorator.py took 0.172 seconds
[2025-11-13T06:41:27.957+0000] {processor.py:161} INFO - Started process (PID=1938) to work on /opt/airflow/dags/dags_python_task_decorator.py
[2025-11-13T06:41:27.964+0000] {processor.py:830} INFO - Processing file /opt/airflow/dags/dags_python_task_decorator.py for tasks to queue
[2025-11-13T06:41:27.973+0000] {logging_mixin.py:188} INFO - [2025-11-13T06:41:27.972+0000] {dagbag.py:538} INFO - Filling up the DagBag from /opt/airflow/dags/dags_python_task_decorator.py
[2025-11-13T06:41:28.047+0000] {processor.py:840} INFO - DAG(s) 'dags_python_task_Decorator' retrieved from /opt/airflow/dags/dags_python_task_decorator.py
[2025-11-13T06:41:28.186+0000] {logging_mixin.py:188} INFO - [2025-11-13T06:41:28.186+0000] {dag.py:3036} INFO - Sync 1 DAGs
[2025-11-13T06:41:28.337+0000] {logging_mixin.py:188} INFO - [2025-11-13T06:41:28.335+0000] {dag.py:3823} INFO - Setting next_dagrun for dags_python_task_Decorator to 2025-11-09 17:00:00+00:00, run_after=2025-11-16 17:00:00+00:00
[2025-11-13T06:41:28.439+0000] {processor.py:183} INFO - Processing /opt/airflow/dags/dags_python_task_decorator.py took 0.493 seconds
[2025-11-13T06:41:59.020+0000] {processor.py:161} INFO - Started process (PID=2000) to work on /opt/airflow/dags/dags_python_task_decorator.py
[2025-11-13T06:41:59.027+0000] {processor.py:830} INFO - Processing file /opt/airflow/dags/dags_python_task_decorator.py for tasks to queue
[2025-11-13T06:41:59.035+0000] {logging_mixin.py:188} INFO - [2025-11-13T06:41:59.034+0000] {dagbag.py:538} INFO - Filling up the DagBag from /opt/airflow/dags/dags_python_task_decorator.py
[2025-11-13T06:41:59.105+0000] {processor.py:840} INFO - DAG(s) 'dags_python_task_Decorator' retrieved from /opt/airflow/dags/dags_python_task_decorator.py
[2025-11-13T06:41:59.173+0000] {logging_mixin.py:188} INFO - [2025-11-13T06:41:59.171+0000] {dag.py:3036} INFO - Sync 1 DAGs
[2025-11-13T06:41:59.269+0000] {logging_mixin.py:188} INFO - [2025-11-13T06:41:59.268+0000] {dag.py:3823} INFO - Setting next_dagrun for dags_python_task_Decorator to 2025-11-09 17:00:00+00:00, run_after=2025-11-16 17:00:00+00:00
[2025-11-13T06:41:59.314+0000] {processor.py:183} INFO - Processing /opt/airflow/dags/dags_python_task_decorator.py took 0.317 seconds
[2025-11-13T06:42:29.532+0000] {processor.py:161} INFO - Started process (PID=2062) to work on /opt/airflow/dags/dags_python_task_decorator.py
[2025-11-13T06:42:29.533+0000] {processor.py:830} INFO - Processing file /opt/airflow/dags/dags_python_task_decorator.py for tasks to queue
[2025-11-13T06:42:29.537+0000] {logging_mixin.py:188} INFO - [2025-11-13T06:42:29.536+0000] {dagbag.py:538} INFO - Filling up the DagBag from /opt/airflow/dags/dags_python_task_decorator.py
[2025-11-13T06:42:29.563+0000] {processor.py:840} INFO - DAG(s) 'dags_python_task_Decorator' retrieved from /opt/airflow/dags/dags_python_task_decorator.py
[2025-11-13T06:42:29.593+0000] {logging_mixin.py:188} INFO - [2025-11-13T06:42:29.593+0000] {dag.py:3036} INFO - Sync 1 DAGs
[2025-11-13T06:42:29.627+0000] {logging_mixin.py:188} INFO - [2025-11-13T06:42:29.627+0000] {dag.py:3823} INFO - Setting next_dagrun for dags_python_task_Decorator to 2025-11-09 17:00:00+00:00, run_after=2025-11-16 17:00:00+00:00
[2025-11-13T06:42:29.658+0000] {processor.py:183} INFO - Processing /opt/airflow/dags/dags_python_task_decorator.py took 0.132 seconds
[2025-11-13T06:43:00.150+0000] {processor.py:161} INFO - Started process (PID=2124) to work on /opt/airflow/dags/dags_python_task_decorator.py
[2025-11-13T06:43:00.152+0000] {processor.py:830} INFO - Processing file /opt/airflow/dags/dags_python_task_decorator.py for tasks to queue
[2025-11-13T06:43:00.155+0000] {logging_mixin.py:188} INFO - [2025-11-13T06:43:00.154+0000] {dagbag.py:538} INFO - Filling up the DagBag from /opt/airflow/dags/dags_python_task_decorator.py
[2025-11-13T06:43:00.179+0000] {processor.py:840} INFO - DAG(s) 'dags_python_task_Decorator' retrieved from /opt/airflow/dags/dags_python_task_decorator.py
[2025-11-13T06:43:00.203+0000] {logging_mixin.py:188} INFO - [2025-11-13T06:43:00.203+0000] {dag.py:3036} INFO - Sync 1 DAGs
[2025-11-13T06:43:00.231+0000] {logging_mixin.py:188} INFO - [2025-11-13T06:43:00.231+0000] {dag.py:3823} INFO - Setting next_dagrun for dags_python_task_Decorator to 2025-11-09 17:00:00+00:00, run_after=2025-11-16 17:00:00+00:00
[2025-11-13T06:43:00.264+0000] {processor.py:183} INFO - Processing /opt/airflow/dags/dags_python_task_decorator.py took 0.119 seconds
[2025-11-13T06:43:30.566+0000] {processor.py:161} INFO - Started process (PID=2186) to work on /opt/airflow/dags/dags_python_task_decorator.py
[2025-11-13T06:43:30.569+0000] {processor.py:830} INFO - Processing file /opt/airflow/dags/dags_python_task_decorator.py for tasks to queue
[2025-11-13T06:43:30.573+0000] {logging_mixin.py:188} INFO - [2025-11-13T06:43:30.573+0000] {dagbag.py:538} INFO - Filling up the DagBag from /opt/airflow/dags/dags_python_task_decorator.py
[2025-11-13T06:43:30.609+0000] {processor.py:840} INFO - DAG(s) 'dags_python_task_Decorator' retrieved from /opt/airflow/dags/dags_python_task_decorator.py
[2025-11-13T06:43:30.657+0000] {logging_mixin.py:188} INFO - [2025-11-13T06:43:30.657+0000] {dag.py:3036} INFO - Sync 1 DAGs
[2025-11-13T06:43:30.712+0000] {logging_mixin.py:188} INFO - [2025-11-13T06:43:30.712+0000] {dag.py:3823} INFO - Setting next_dagrun for dags_python_task_Decorator to 2025-11-09 17:00:00+00:00, run_after=2025-11-16 17:00:00+00:00
[2025-11-13T06:43:30.752+0000] {processor.py:183} INFO - Processing /opt/airflow/dags/dags_python_task_decorator.py took 0.195 seconds
[2025-11-13T06:44:00.996+0000] {processor.py:161} INFO - Started process (PID=2255) to work on /opt/airflow/dags/dags_python_task_decorator.py
[2025-11-13T06:44:00.998+0000] {processor.py:830} INFO - Processing file /opt/airflow/dags/dags_python_task_decorator.py for tasks to queue
[2025-11-13T06:44:01.001+0000] {logging_mixin.py:188} INFO - [2025-11-13T06:44:01.001+0000] {dagbag.py:538} INFO - Filling up the DagBag from /opt/airflow/dags/dags_python_task_decorator.py
[2025-11-13T06:44:01.029+0000] {processor.py:840} INFO - DAG(s) 'dags_python_task_Decorator' retrieved from /opt/airflow/dags/dags_python_task_decorator.py
[2025-11-13T06:44:01.056+0000] {logging_mixin.py:188} INFO - [2025-11-13T06:44:01.056+0000] {dag.py:3036} INFO - Sync 1 DAGs
[2025-11-13T06:44:01.094+0000] {logging_mixin.py:188} INFO - [2025-11-13T06:44:01.093+0000] {dag.py:3823} INFO - Setting next_dagrun for dags_python_task_Decorator to 2025-11-09 17:00:00+00:00, run_after=2025-11-16 17:00:00+00:00
[2025-11-13T06:44:01.132+0000] {processor.py:183} INFO - Processing /opt/airflow/dags/dags_python_task_decorator.py took 0.142 seconds
[2025-11-13T06:44:31.263+0000] {processor.py:161} INFO - Started process (PID=2317) to work on /opt/airflow/dags/dags_python_task_decorator.py
[2025-11-13T06:44:31.265+0000] {processor.py:830} INFO - Processing file /opt/airflow/dags/dags_python_task_decorator.py for tasks to queue
[2025-11-13T06:44:31.268+0000] {logging_mixin.py:188} INFO - [2025-11-13T06:44:31.267+0000] {dagbag.py:538} INFO - Filling up the DagBag from /opt/airflow/dags/dags_python_task_decorator.py
[2025-11-13T06:44:31.293+0000] {processor.py:840} INFO - DAG(s) 'dags_python_task_Decorator' retrieved from /opt/airflow/dags/dags_python_task_decorator.py
[2025-11-13T06:44:31.324+0000] {logging_mixin.py:188} INFO - [2025-11-13T06:44:31.324+0000] {dag.py:3036} INFO - Sync 1 DAGs
[2025-11-13T06:44:31.351+0000] {logging_mixin.py:188} INFO - [2025-11-13T06:44:31.351+0000] {dag.py:3823} INFO - Setting next_dagrun for dags_python_task_Decorator to 2025-11-09 17:00:00+00:00, run_after=2025-11-16 17:00:00+00:00
[2025-11-13T06:44:31.385+0000] {processor.py:183} INFO - Processing /opt/airflow/dags/dags_python_task_decorator.py took 0.127 seconds
[2025-11-13T06:45:01.776+0000] {processor.py:161} INFO - Started process (PID=2379) to work on /opt/airflow/dags/dags_python_task_decorator.py
[2025-11-13T06:45:01.777+0000] {processor.py:830} INFO - Processing file /opt/airflow/dags/dags_python_task_decorator.py for tasks to queue
[2025-11-13T06:45:01.780+0000] {logging_mixin.py:188} INFO - [2025-11-13T06:45:01.780+0000] {dagbag.py:538} INFO - Filling up the DagBag from /opt/airflow/dags/dags_python_task_decorator.py
[2025-11-13T06:45:01.809+0000] {processor.py:840} INFO - DAG(s) 'dags_python_task_Decorator' retrieved from /opt/airflow/dags/dags_python_task_decorator.py
[2025-11-13T06:45:01.836+0000] {logging_mixin.py:188} INFO - [2025-11-13T06:45:01.836+0000] {dag.py:3036} INFO - Sync 1 DAGs
[2025-11-13T06:45:01.867+0000] {logging_mixin.py:188} INFO - [2025-11-13T06:45:01.866+0000] {dag.py:3823} INFO - Setting next_dagrun for dags_python_task_Decorator to 2025-11-09 17:00:00+00:00, run_after=2025-11-16 17:00:00+00:00
[2025-11-13T06:45:01.903+0000] {processor.py:183} INFO - Processing /opt/airflow/dags/dags_python_task_decorator.py took 0.132 seconds
[2025-11-13T06:45:32.611+0000] {processor.py:161} INFO - Started process (PID=2441) to work on /opt/airflow/dags/dags_python_task_decorator.py
[2025-11-13T06:45:32.612+0000] {processor.py:830} INFO - Processing file /opt/airflow/dags/dags_python_task_decorator.py for tasks to queue
[2025-11-13T06:45:32.615+0000] {logging_mixin.py:188} INFO - [2025-11-13T06:45:32.615+0000] {dagbag.py:538} INFO - Filling up the DagBag from /opt/airflow/dags/dags_python_task_decorator.py
[2025-11-13T06:45:32.640+0000] {processor.py:840} INFO - DAG(s) 'dags_python_task_Decorator' retrieved from /opt/airflow/dags/dags_python_task_decorator.py
[2025-11-13T06:45:32.665+0000] {logging_mixin.py:188} INFO - [2025-11-13T06:45:32.664+0000] {dag.py:3036} INFO - Sync 1 DAGs
[2025-11-13T06:45:32.692+0000] {logging_mixin.py:188} INFO - [2025-11-13T06:45:32.692+0000] {dag.py:3823} INFO - Setting next_dagrun for dags_python_task_Decorator to 2025-11-09 17:00:00+00:00, run_after=2025-11-16 17:00:00+00:00
[2025-11-13T06:45:32.717+0000] {processor.py:183} INFO - Processing /opt/airflow/dags/dags_python_task_decorator.py took 0.111 seconds
[2025-11-13T06:46:03.310+0000] {processor.py:161} INFO - Started process (PID=2504) to work on /opt/airflow/dags/dags_python_task_decorator.py
[2025-11-13T06:46:03.312+0000] {processor.py:830} INFO - Processing file /opt/airflow/dags/dags_python_task_decorator.py for tasks to queue
[2025-11-13T06:46:03.318+0000] {logging_mixin.py:188} INFO - [2025-11-13T06:46:03.317+0000] {dagbag.py:538} INFO - Filling up the DagBag from /opt/airflow/dags/dags_python_task_decorator.py
[2025-11-13T06:46:03.353+0000] {processor.py:840} INFO - DAG(s) 'dags_python_task_Decorator' retrieved from /opt/airflow/dags/dags_python_task_decorator.py
[2025-11-13T06:46:03.394+0000] {logging_mixin.py:188} INFO - [2025-11-13T06:46:03.394+0000] {dag.py:3036} INFO - Sync 1 DAGs
[2025-11-13T06:46:03.438+0000] {logging_mixin.py:188} INFO - [2025-11-13T06:46:03.437+0000] {dag.py:3823} INFO - Setting next_dagrun for dags_python_task_Decorator to 2025-11-09 17:00:00+00:00, run_after=2025-11-16 17:00:00+00:00
[2025-11-13T06:46:03.481+0000] {processor.py:183} INFO - Processing /opt/airflow/dags/dags_python_task_decorator.py took 0.179 seconds
[2025-11-13T06:46:34.154+0000] {processor.py:161} INFO - Started process (PID=2567) to work on /opt/airflow/dags/dags_python_task_decorator.py
[2025-11-13T06:46:34.155+0000] {processor.py:830} INFO - Processing file /opt/airflow/dags/dags_python_task_decorator.py for tasks to queue
[2025-11-13T06:46:34.158+0000] {logging_mixin.py:188} INFO - [2025-11-13T06:46:34.157+0000] {dagbag.py:538} INFO - Filling up the DagBag from /opt/airflow/dags/dags_python_task_decorator.py
[2025-11-13T06:46:34.182+0000] {processor.py:840} INFO - DAG(s) 'dags_python_task_Decorator' retrieved from /opt/airflow/dags/dags_python_task_decorator.py
[2025-11-13T06:46:34.207+0000] {logging_mixin.py:188} INFO - [2025-11-13T06:46:34.206+0000] {dag.py:3036} INFO - Sync 1 DAGs
[2025-11-13T06:46:34.235+0000] {logging_mixin.py:188} INFO - [2025-11-13T06:46:34.235+0000] {dag.py:3823} INFO - Setting next_dagrun for dags_python_task_Decorator to 2025-11-09 17:00:00+00:00, run_after=2025-11-16 17:00:00+00:00
[2025-11-13T06:46:34.270+0000] {processor.py:183} INFO - Processing /opt/airflow/dags/dags_python_task_decorator.py took 0.121 seconds
[2025-11-13T06:47:04.750+0000] {processor.py:161} INFO - Started process (PID=2629) to work on /opt/airflow/dags/dags_python_task_decorator.py
[2025-11-13T06:47:04.752+0000] {processor.py:830} INFO - Processing file /opt/airflow/dags/dags_python_task_decorator.py for tasks to queue
[2025-11-13T06:47:04.754+0000] {logging_mixin.py:188} INFO - [2025-11-13T06:47:04.754+0000] {dagbag.py:538} INFO - Filling up the DagBag from /opt/airflow/dags/dags_python_task_decorator.py
[2025-11-13T06:47:04.783+0000] {processor.py:840} INFO - DAG(s) 'dags_python_task_Decorator' retrieved from /opt/airflow/dags/dags_python_task_decorator.py
[2025-11-13T06:47:04.810+0000] {logging_mixin.py:188} INFO - [2025-11-13T06:47:04.810+0000] {dag.py:3036} INFO - Sync 1 DAGs
[2025-11-13T06:47:04.842+0000] {logging_mixin.py:188} INFO - [2025-11-13T06:47:04.841+0000] {dag.py:3823} INFO - Setting next_dagrun for dags_python_task_Decorator to 2025-11-09 17:00:00+00:00, run_after=2025-11-16 17:00:00+00:00
[2025-11-13T06:47:04.871+0000] {processor.py:183} INFO - Processing /opt/airflow/dags/dags_python_task_decorator.py took 0.127 seconds
[2025-11-13T06:47:35.148+0000] {processor.py:161} INFO - Started process (PID=2692) to work on /opt/airflow/dags/dags_python_task_decorator.py
[2025-11-13T06:47:35.160+0000] {processor.py:830} INFO - Processing file /opt/airflow/dags/dags_python_task_decorator.py for tasks to queue
[2025-11-13T06:47:35.167+0000] {logging_mixin.py:188} INFO - [2025-11-13T06:47:35.166+0000] {dagbag.py:538} INFO - Filling up the DagBag from /opt/airflow/dags/dags_python_task_decorator.py
[2025-11-13T06:47:35.225+0000] {processor.py:840} INFO - DAG(s) 'dags_python_task_Decorator' retrieved from /opt/airflow/dags/dags_python_task_decorator.py
[2025-11-13T06:47:35.285+0000] {logging_mixin.py:188} INFO - [2025-11-13T06:47:35.285+0000] {dag.py:3036} INFO - Sync 1 DAGs
[2025-11-13T06:47:35.341+0000] {logging_mixin.py:188} INFO - [2025-11-13T06:47:35.340+0000] {dag.py:3823} INFO - Setting next_dagrun for dags_python_task_Decorator to 2025-11-09 17:00:00+00:00, run_after=2025-11-16 17:00:00+00:00
[2025-11-13T06:47:35.388+0000] {processor.py:183} INFO - Processing /opt/airflow/dags/dags_python_task_decorator.py took 0.261 seconds
[2025-11-13T06:48:06.068+0000] {processor.py:161} INFO - Started process (PID=2754) to work on /opt/airflow/dags/dags_python_task_decorator.py
[2025-11-13T06:48:06.070+0000] {processor.py:830} INFO - Processing file /opt/airflow/dags/dags_python_task_decorator.py for tasks to queue
[2025-11-13T06:48:06.073+0000] {logging_mixin.py:188} INFO - [2025-11-13T06:48:06.072+0000] {dagbag.py:538} INFO - Filling up the DagBag from /opt/airflow/dags/dags_python_task_decorator.py
[2025-11-13T06:48:06.101+0000] {processor.py:840} INFO - DAG(s) 'dags_python_task_Decorator' retrieved from /opt/airflow/dags/dags_python_task_decorator.py
[2025-11-13T06:48:06.130+0000] {logging_mixin.py:188} INFO - [2025-11-13T06:48:06.130+0000] {dag.py:3036} INFO - Sync 1 DAGs
[2025-11-13T06:48:06.162+0000] {logging_mixin.py:188} INFO - [2025-11-13T06:48:06.162+0000] {dag.py:3823} INFO - Setting next_dagrun for dags_python_task_Decorator to 2025-11-09 17:00:00+00:00, run_after=2025-11-16 17:00:00+00:00
[2025-11-13T06:48:06.191+0000] {processor.py:183} INFO - Processing /opt/airflow/dags/dags_python_task_decorator.py took 0.129 seconds
[2025-11-13T06:48:36.280+0000] {processor.py:161} INFO - Started process (PID=2816) to work on /opt/airflow/dags/dags_python_task_decorator.py
[2025-11-13T06:48:36.282+0000] {processor.py:830} INFO - Processing file /opt/airflow/dags/dags_python_task_decorator.py for tasks to queue
[2025-11-13T06:48:36.288+0000] {logging_mixin.py:188} INFO - [2025-11-13T06:48:36.287+0000] {dagbag.py:538} INFO - Filling up the DagBag from /opt/airflow/dags/dags_python_task_decorator.py
[2025-11-13T06:48:36.329+0000] {processor.py:840} INFO - DAG(s) 'dags_python_task_Decorator' retrieved from /opt/airflow/dags/dags_python_task_decorator.py
[2025-11-13T06:48:36.372+0000] {logging_mixin.py:188} INFO - [2025-11-13T06:48:36.372+0000] {dag.py:3036} INFO - Sync 1 DAGs
[2025-11-13T06:48:36.426+0000] {logging_mixin.py:188} INFO - [2025-11-13T06:48:36.425+0000] {dag.py:3823} INFO - Setting next_dagrun for dags_python_task_Decorator to 2025-11-09 17:00:00+00:00, run_after=2025-11-16 17:00:00+00:00
[2025-11-13T06:48:36.485+0000] {processor.py:183} INFO - Processing /opt/airflow/dags/dags_python_task_decorator.py took 0.217 seconds
[2025-11-13T06:49:06.875+0000] {processor.py:161} INFO - Started process (PID=2878) to work on /opt/airflow/dags/dags_python_task_decorator.py
[2025-11-13T06:49:06.881+0000] {processor.py:830} INFO - Processing file /opt/airflow/dags/dags_python_task_decorator.py for tasks to queue
[2025-11-13T06:49:06.890+0000] {logging_mixin.py:188} INFO - [2025-11-13T06:49:06.889+0000] {dagbag.py:538} INFO - Filling up the DagBag from /opt/airflow/dags/dags_python_task_decorator.py
[2025-11-13T06:49:06.967+0000] {processor.py:840} INFO - DAG(s) 'dags_python_task_Decorator' retrieved from /opt/airflow/dags/dags_python_task_decorator.py
[2025-11-13T06:49:07.060+0000] {logging_mixin.py:188} INFO - [2025-11-13T06:49:07.060+0000] {dag.py:3036} INFO - Sync 1 DAGs
[2025-11-13T06:49:07.734+0000] {logging_mixin.py:188} INFO - [2025-11-13T06:49:07.734+0000] {dag.py:3823} INFO - Setting next_dagrun for dags_python_task_Decorator to 2025-11-09 17:00:00+00:00, run_after=2025-11-16 17:00:00+00:00
[2025-11-13T06:49:07.897+0000] {processor.py:183} INFO - Processing /opt/airflow/dags/dags_python_task_decorator.py took 1.037 seconds
