[2025-11-13T06:26:04.657+0000] {processor.py:161} INFO - Started process (PID=74) to work on /opt/airflow/dags/dags_bash_with_template.py
[2025-11-13T06:26:04.661+0000] {processor.py:830} INFO - Processing file /opt/airflow/dags/dags_bash_with_template.py for tasks to queue
[2025-11-13T06:26:04.670+0000] {logging_mixin.py:188} INFO - [2025-11-13T06:26:04.667+0000] {dagbag.py:538} INFO - Filling up the DagBag from /opt/airflow/dags/dags_bash_with_template.py
[2025-11-13T06:26:04.833+0000] {processor.py:840} INFO - DAG(s) 'dags_Bash_with_template' retrieved from /opt/airflow/dags/dags_bash_with_template.py
[2025-11-13T06:26:05.844+0000] {logging_mixin.py:188} INFO - [2025-11-13T06:26:05.843+0000] {override.py:1769} INFO - Created Permission View: can delete on DAG:dags_Bash_with_template
[2025-11-13T06:26:05.914+0000] {logging_mixin.py:188} INFO - [2025-11-13T06:26:05.913+0000] {override.py:1769} INFO - Created Permission View: can edit on DAG:dags_Bash_with_template
[2025-11-13T06:26:05.976+0000] {logging_mixin.py:188} INFO - [2025-11-13T06:26:05.972+0000] {override.py:1769} INFO - Created Permission View: can read on DAG:dags_Bash_with_template
[2025-11-13T06:26:05.982+0000] {logging_mixin.py:188} INFO - [2025-11-13T06:26:05.982+0000] {dag.py:3036} INFO - Sync 1 DAGs
[2025-11-13T06:26:06.047+0000] {logging_mixin.py:188} INFO - [2025-11-13T06:26:06.047+0000] {dag.py:3058} INFO - Creating ORM DAG for dags_Bash_with_template
[2025-11-13T06:26:06.099+0000] {logging_mixin.py:188} INFO - [2025-11-13T06:26:06.098+0000] {dag.py:3823} INFO - Setting next_dagrun for dags_Bash_with_template to 2025-11-11 15:10:00+00:00, run_after=2025-11-12 15:10:00+00:00
[2025-11-13T06:26:06.409+0000] {processor.py:183} INFO - Processing /opt/airflow/dags/dags_bash_with_template.py took 1.794 seconds
[2025-11-13T06:26:36.989+0000] {processor.py:161} INFO - Started process (PID=138) to work on /opt/airflow/dags/dags_bash_with_template.py
[2025-11-13T06:26:36.992+0000] {processor.py:830} INFO - Processing file /opt/airflow/dags/dags_bash_with_template.py for tasks to queue
[2025-11-13T06:26:36.998+0000] {logging_mixin.py:188} INFO - [2025-11-13T06:26:36.997+0000] {dagbag.py:538} INFO - Filling up the DagBag from /opt/airflow/dags/dags_bash_with_template.py
[2025-11-13T06:26:37.052+0000] {processor.py:840} INFO - DAG(s) 'dags_Bash_with_template' retrieved from /opt/airflow/dags/dags_bash_with_template.py
[2025-11-13T06:26:37.127+0000] {logging_mixin.py:188} INFO - [2025-11-13T06:26:37.127+0000] {dag.py:3036} INFO - Sync 1 DAGs
[2025-11-13T06:26:37.195+0000] {logging_mixin.py:188} INFO - [2025-11-13T06:26:37.194+0000] {dag.py:3823} INFO - Setting next_dagrun for dags_Bash_with_template to 2025-11-11 15:10:00+00:00, run_after=2025-11-12 15:10:00+00:00
[2025-11-13T06:26:37.253+0000] {processor.py:183} INFO - Processing /opt/airflow/dags/dags_bash_with_template.py took 0.282 seconds
[2025-11-13T06:27:07.313+0000] {processor.py:161} INFO - Started process (PID=200) to work on /opt/airflow/dags/dags_bash_with_template.py
[2025-11-13T06:27:07.314+0000] {processor.py:830} INFO - Processing file /opt/airflow/dags/dags_bash_with_template.py for tasks to queue
[2025-11-13T06:27:07.317+0000] {logging_mixin.py:188} INFO - [2025-11-13T06:27:07.317+0000] {dagbag.py:538} INFO - Filling up the DagBag from /opt/airflow/dags/dags_bash_with_template.py
[2025-11-13T06:27:07.344+0000] {processor.py:840} INFO - DAG(s) 'dags_Bash_with_template' retrieved from /opt/airflow/dags/dags_bash_with_template.py
[2025-11-13T06:27:07.368+0000] {logging_mixin.py:188} INFO - [2025-11-13T06:27:07.368+0000] {dag.py:3036} INFO - Sync 1 DAGs
[2025-11-13T06:27:07.395+0000] {logging_mixin.py:188} INFO - [2025-11-13T06:27:07.395+0000] {dag.py:3823} INFO - Setting next_dagrun for dags_Bash_with_template to 2025-11-11 15:10:00+00:00, run_after=2025-11-12 15:10:00+00:00
[2025-11-13T06:27:07.430+0000] {processor.py:183} INFO - Processing /opt/airflow/dags/dags_bash_with_template.py took 0.121 seconds
[2025-11-13T06:27:37.530+0000] {processor.py:161} INFO - Started process (PID=262) to work on /opt/airflow/dags/dags_bash_with_template.py
[2025-11-13T06:27:37.532+0000] {processor.py:830} INFO - Processing file /opt/airflow/dags/dags_bash_with_template.py for tasks to queue
[2025-11-13T06:27:37.534+0000] {logging_mixin.py:188} INFO - [2025-11-13T06:27:37.534+0000] {dagbag.py:538} INFO - Filling up the DagBag from /opt/airflow/dags/dags_bash_with_template.py
[2025-11-13T06:27:37.557+0000] {processor.py:840} INFO - DAG(s) 'dags_Bash_with_template' retrieved from /opt/airflow/dags/dags_bash_with_template.py
[2025-11-13T06:27:37.580+0000] {logging_mixin.py:188} INFO - [2025-11-13T06:27:37.580+0000] {dag.py:3036} INFO - Sync 1 DAGs
[2025-11-13T06:27:37.606+0000] {logging_mixin.py:188} INFO - [2025-11-13T06:27:37.606+0000] {dag.py:3823} INFO - Setting next_dagrun for dags_Bash_with_template to 2025-11-11 15:10:00+00:00, run_after=2025-11-12 15:10:00+00:00
[2025-11-13T06:27:37.632+0000] {processor.py:183} INFO - Processing /opt/airflow/dags/dags_bash_with_template.py took 0.105 seconds
[2025-11-13T06:28:07.943+0000] {processor.py:161} INFO - Started process (PID=324) to work on /opt/airflow/dags/dags_bash_with_template.py
[2025-11-13T06:28:07.944+0000] {processor.py:830} INFO - Processing file /opt/airflow/dags/dags_bash_with_template.py for tasks to queue
[2025-11-13T06:28:07.947+0000] {logging_mixin.py:188} INFO - [2025-11-13T06:28:07.946+0000] {dagbag.py:538} INFO - Filling up the DagBag from /opt/airflow/dags/dags_bash_with_template.py
[2025-11-13T06:28:07.969+0000] {processor.py:840} INFO - DAG(s) 'dags_Bash_with_template' retrieved from /opt/airflow/dags/dags_bash_with_template.py
[2025-11-13T06:28:07.992+0000] {logging_mixin.py:188} INFO - [2025-11-13T06:28:07.991+0000] {dag.py:3036} INFO - Sync 1 DAGs
[2025-11-13T06:28:08.019+0000] {logging_mixin.py:188} INFO - [2025-11-13T06:28:08.018+0000] {dag.py:3823} INFO - Setting next_dagrun for dags_Bash_with_template to 2025-11-11 15:10:00+00:00, run_after=2025-11-12 15:10:00+00:00
[2025-11-13T06:28:08.044+0000] {processor.py:183} INFO - Processing /opt/airflow/dags/dags_bash_with_template.py took 0.105 seconds
[2025-11-13T06:28:38.152+0000] {processor.py:161} INFO - Started process (PID=387) to work on /opt/airflow/dags/dags_bash_with_template.py
[2025-11-13T06:28:38.153+0000] {processor.py:830} INFO - Processing file /opt/airflow/dags/dags_bash_with_template.py for tasks to queue
[2025-11-13T06:28:38.156+0000] {logging_mixin.py:188} INFO - [2025-11-13T06:28:38.155+0000] {dagbag.py:538} INFO - Filling up the DagBag from /opt/airflow/dags/dags_bash_with_template.py
[2025-11-13T06:28:38.180+0000] {processor.py:840} INFO - DAG(s) 'dags_Bash_with_template' retrieved from /opt/airflow/dags/dags_bash_with_template.py
[2025-11-13T06:28:38.205+0000] {logging_mixin.py:188} INFO - [2025-11-13T06:28:38.204+0000] {dag.py:3036} INFO - Sync 1 DAGs
[2025-11-13T06:28:38.230+0000] {logging_mixin.py:188} INFO - [2025-11-13T06:28:38.230+0000] {dag.py:3823} INFO - Setting next_dagrun for dags_Bash_with_template to 2025-11-11 15:10:00+00:00, run_after=2025-11-12 15:10:00+00:00
[2025-11-13T06:28:38.264+0000] {processor.py:183} INFO - Processing /opt/airflow/dags/dags_bash_with_template.py took 0.116 seconds
[2025-11-13T06:29:08.379+0000] {processor.py:161} INFO - Started process (PID=449) to work on /opt/airflow/dags/dags_bash_with_template.py
[2025-11-13T06:29:08.380+0000] {processor.py:830} INFO - Processing file /opt/airflow/dags/dags_bash_with_template.py for tasks to queue
[2025-11-13T06:29:08.383+0000] {logging_mixin.py:188} INFO - [2025-11-13T06:29:08.383+0000] {dagbag.py:538} INFO - Filling up the DagBag from /opt/airflow/dags/dags_bash_with_template.py
[2025-11-13T06:29:08.405+0000] {processor.py:840} INFO - DAG(s) 'dags_Bash_with_template' retrieved from /opt/airflow/dags/dags_bash_with_template.py
[2025-11-13T06:29:08.427+0000] {logging_mixin.py:188} INFO - [2025-11-13T06:29:08.427+0000] {dag.py:3036} INFO - Sync 1 DAGs
[2025-11-13T06:29:08.455+0000] {logging_mixin.py:188} INFO - [2025-11-13T06:29:08.455+0000] {dag.py:3823} INFO - Setting next_dagrun for dags_Bash_with_template to 2025-11-11 15:10:00+00:00, run_after=2025-11-12 15:10:00+00:00
[2025-11-13T06:29:08.487+0000] {processor.py:183} INFO - Processing /opt/airflow/dags/dags_bash_with_template.py took 0.112 seconds
[2025-11-13T06:29:38.594+0000] {processor.py:161} INFO - Started process (PID=511) to work on /opt/airflow/dags/dags_bash_with_template.py
[2025-11-13T06:29:38.596+0000] {processor.py:830} INFO - Processing file /opt/airflow/dags/dags_bash_with_template.py for tasks to queue
[2025-11-13T06:29:38.599+0000] {logging_mixin.py:188} INFO - [2025-11-13T06:29:38.599+0000] {dagbag.py:538} INFO - Filling up the DagBag from /opt/airflow/dags/dags_bash_with_template.py
[2025-11-13T06:29:38.627+0000] {processor.py:840} INFO - DAG(s) 'dags_Bash_with_template' retrieved from /opt/airflow/dags/dags_bash_with_template.py
[2025-11-13T06:29:38.655+0000] {logging_mixin.py:188} INFO - [2025-11-13T06:29:38.655+0000] {dag.py:3036} INFO - Sync 1 DAGs
[2025-11-13T06:29:38.686+0000] {logging_mixin.py:188} INFO - [2025-11-13T06:29:38.686+0000] {dag.py:3823} INFO - Setting next_dagrun for dags_Bash_with_template to 2025-11-11 15:10:00+00:00, run_after=2025-11-12 15:10:00+00:00
[2025-11-13T06:29:38.724+0000] {processor.py:183} INFO - Processing /opt/airflow/dags/dags_bash_with_template.py took 0.135 seconds
[2025-11-13T06:30:09.444+0000] {processor.py:161} INFO - Started process (PID=573) to work on /opt/airflow/dags/dags_bash_with_template.py
[2025-11-13T06:30:09.446+0000] {processor.py:830} INFO - Processing file /opt/airflow/dags/dags_bash_with_template.py for tasks to queue
[2025-11-13T06:30:09.451+0000] {logging_mixin.py:188} INFO - [2025-11-13T06:30:09.450+0000] {dagbag.py:538} INFO - Filling up the DagBag from /opt/airflow/dags/dags_bash_with_template.py
[2025-11-13T06:30:09.481+0000] {processor.py:840} INFO - DAG(s) 'dags_Bash_with_template' retrieved from /opt/airflow/dags/dags_bash_with_template.py
[2025-11-13T06:30:09.525+0000] {logging_mixin.py:188} INFO - [2025-11-13T06:30:09.524+0000] {dag.py:3036} INFO - Sync 1 DAGs
[2025-11-13T06:30:09.569+0000] {logging_mixin.py:188} INFO - [2025-11-13T06:30:09.568+0000] {dag.py:3823} INFO - Setting next_dagrun for dags_Bash_with_template to 2025-11-11 15:10:00+00:00, run_after=2025-11-12 15:10:00+00:00
[2025-11-13T06:30:09.606+0000] {processor.py:183} INFO - Processing /opt/airflow/dags/dags_bash_with_template.py took 0.168 seconds
[2025-11-13T06:30:39.770+0000] {processor.py:161} INFO - Started process (PID=633) to work on /opt/airflow/dags/dags_bash_with_template.py
[2025-11-13T06:30:39.772+0000] {processor.py:830} INFO - Processing file /opt/airflow/dags/dags_bash_with_template.py for tasks to queue
[2025-11-13T06:30:39.775+0000] {logging_mixin.py:188} INFO - [2025-11-13T06:30:39.774+0000] {dagbag.py:538} INFO - Filling up the DagBag from /opt/airflow/dags/dags_bash_with_template.py
[2025-11-13T06:30:39.799+0000] {processor.py:840} INFO - DAG(s) 'dags_Bash_with_template' retrieved from /opt/airflow/dags/dags_bash_with_template.py
[2025-11-13T06:30:39.832+0000] {logging_mixin.py:188} INFO - [2025-11-13T06:30:39.832+0000] {dag.py:3036} INFO - Sync 1 DAGs
[2025-11-13T06:30:39.871+0000] {logging_mixin.py:188} INFO - [2025-11-13T06:30:39.871+0000] {dag.py:3823} INFO - Setting next_dagrun for dags_Bash_with_template to 2025-11-11 15:10:00+00:00, run_after=2025-11-12 15:10:00+00:00
[2025-11-13T06:30:39.910+0000] {processor.py:183} INFO - Processing /opt/airflow/dags/dags_bash_with_template.py took 0.145 seconds
[2025-11-13T06:31:10.336+0000] {processor.py:161} INFO - Started process (PID=695) to work on /opt/airflow/dags/dags_bash_with_template.py
[2025-11-13T06:31:10.338+0000] {processor.py:830} INFO - Processing file /opt/airflow/dags/dags_bash_with_template.py for tasks to queue
[2025-11-13T06:31:10.340+0000] {logging_mixin.py:188} INFO - [2025-11-13T06:31:10.340+0000] {dagbag.py:538} INFO - Filling up the DagBag from /opt/airflow/dags/dags_bash_with_template.py
[2025-11-13T06:31:10.363+0000] {processor.py:840} INFO - DAG(s) 'dags_Bash_with_template' retrieved from /opt/airflow/dags/dags_bash_with_template.py
[2025-11-13T06:31:10.386+0000] {logging_mixin.py:188} INFO - [2025-11-13T06:31:10.386+0000] {dag.py:3036} INFO - Sync 1 DAGs
[2025-11-13T06:31:10.416+0000] {logging_mixin.py:188} INFO - [2025-11-13T06:31:10.415+0000] {dag.py:3823} INFO - Setting next_dagrun for dags_Bash_with_template to 2025-11-11 15:10:00+00:00, run_after=2025-11-12 15:10:00+00:00
[2025-11-13T06:31:10.452+0000] {processor.py:183} INFO - Processing /opt/airflow/dags/dags_bash_with_template.py took 0.119 seconds
[2025-11-13T06:31:40.621+0000] {processor.py:161} INFO - Started process (PID=757) to work on /opt/airflow/dags/dags_bash_with_template.py
[2025-11-13T06:31:40.623+0000] {processor.py:830} INFO - Processing file /opt/airflow/dags/dags_bash_with_template.py for tasks to queue
[2025-11-13T06:31:40.625+0000] {logging_mixin.py:188} INFO - [2025-11-13T06:31:40.625+0000] {dagbag.py:538} INFO - Filling up the DagBag from /opt/airflow/dags/dags_bash_with_template.py
[2025-11-13T06:31:40.652+0000] {processor.py:840} INFO - DAG(s) 'dags_Bash_with_template' retrieved from /opt/airflow/dags/dags_bash_with_template.py
[2025-11-13T06:31:40.675+0000] {logging_mixin.py:188} INFO - [2025-11-13T06:31:40.675+0000] {dag.py:3036} INFO - Sync 1 DAGs
[2025-11-13T06:31:40.701+0000] {logging_mixin.py:188} INFO - [2025-11-13T06:31:40.701+0000] {dag.py:3823} INFO - Setting next_dagrun for dags_Bash_with_template to 2025-11-11 15:10:00+00:00, run_after=2025-11-12 15:10:00+00:00
[2025-11-13T06:31:40.727+0000] {processor.py:183} INFO - Processing /opt/airflow/dags/dags_bash_with_template.py took 0.110 seconds
[2025-11-13T06:32:10.981+0000] {processor.py:161} INFO - Started process (PID=819) to work on /opt/airflow/dags/dags_bash_with_template.py
[2025-11-13T06:32:10.982+0000] {processor.py:830} INFO - Processing file /opt/airflow/dags/dags_bash_with_template.py for tasks to queue
[2025-11-13T06:32:10.984+0000] {logging_mixin.py:188} INFO - [2025-11-13T06:32:10.984+0000] {dagbag.py:538} INFO - Filling up the DagBag from /opt/airflow/dags/dags_bash_with_template.py
[2025-11-13T06:32:11.012+0000] {processor.py:840} INFO - DAG(s) 'dags_Bash_with_template' retrieved from /opt/airflow/dags/dags_bash_with_template.py
[2025-11-13T06:32:11.035+0000] {logging_mixin.py:188} INFO - [2025-11-13T06:32:11.035+0000] {dag.py:3036} INFO - Sync 1 DAGs
[2025-11-13T06:32:11.061+0000] {logging_mixin.py:188} INFO - [2025-11-13T06:32:11.061+0000] {dag.py:3823} INFO - Setting next_dagrun for dags_Bash_with_template to 2025-11-11 15:10:00+00:00, run_after=2025-11-12 15:10:00+00:00
[2025-11-13T06:32:11.086+0000] {processor.py:183} INFO - Processing /opt/airflow/dags/dags_bash_with_template.py took 0.109 seconds
[2025-11-13T06:32:41.253+0000] {processor.py:161} INFO - Started process (PID=881) to work on /opt/airflow/dags/dags_bash_with_template.py
[2025-11-13T06:32:41.254+0000] {processor.py:830} INFO - Processing file /opt/airflow/dags/dags_bash_with_template.py for tasks to queue
[2025-11-13T06:32:41.256+0000] {logging_mixin.py:188} INFO - [2025-11-13T06:32:41.256+0000] {dagbag.py:538} INFO - Filling up the DagBag from /opt/airflow/dags/dags_bash_with_template.py
[2025-11-13T06:32:41.280+0000] {processor.py:840} INFO - DAG(s) 'dags_Bash_with_template' retrieved from /opt/airflow/dags/dags_bash_with_template.py
[2025-11-13T06:32:41.305+0000] {logging_mixin.py:188} INFO - [2025-11-13T06:32:41.304+0000] {dag.py:3036} INFO - Sync 1 DAGs
[2025-11-13T06:32:41.330+0000] {logging_mixin.py:188} INFO - [2025-11-13T06:32:41.330+0000] {dag.py:3823} INFO - Setting next_dagrun for dags_Bash_with_template to 2025-11-11 15:10:00+00:00, run_after=2025-11-12 15:10:00+00:00
[2025-11-13T06:32:41.354+0000] {processor.py:183} INFO - Processing /opt/airflow/dags/dags_bash_with_template.py took 0.105 seconds
[2025-11-13T06:33:12.142+0000] {processor.py:161} INFO - Started process (PID=943) to work on /opt/airflow/dags/dags_bash_with_template.py
[2025-11-13T06:33:12.144+0000] {processor.py:830} INFO - Processing file /opt/airflow/dags/dags_bash_with_template.py for tasks to queue
[2025-11-13T06:33:12.147+0000] {logging_mixin.py:188} INFO - [2025-11-13T06:33:12.146+0000] {dagbag.py:538} INFO - Filling up the DagBag from /opt/airflow/dags/dags_bash_with_template.py
[2025-11-13T06:33:12.174+0000] {processor.py:840} INFO - DAG(s) 'dags_Bash_with_template' retrieved from /opt/airflow/dags/dags_bash_with_template.py
[2025-11-13T06:33:12.199+0000] {logging_mixin.py:188} INFO - [2025-11-13T06:33:12.198+0000] {dag.py:3036} INFO - Sync 1 DAGs
[2025-11-13T06:33:12.225+0000] {logging_mixin.py:188} INFO - [2025-11-13T06:33:12.225+0000] {dag.py:3823} INFO - Setting next_dagrun for dags_Bash_with_template to 2025-11-11 15:10:00+00:00, run_after=2025-11-12 15:10:00+00:00
[2025-11-13T06:33:12.249+0000] {processor.py:183} INFO - Processing /opt/airflow/dags/dags_bash_with_template.py took 0.114 seconds
[2025-11-13T06:33:42.606+0000] {processor.py:161} INFO - Started process (PID=1005) to work on /opt/airflow/dags/dags_bash_with_template.py
[2025-11-13T06:33:42.607+0000] {processor.py:830} INFO - Processing file /opt/airflow/dags/dags_bash_with_template.py for tasks to queue
[2025-11-13T06:33:42.610+0000] {logging_mixin.py:188} INFO - [2025-11-13T06:33:42.610+0000] {dagbag.py:538} INFO - Filling up the DagBag from /opt/airflow/dags/dags_bash_with_template.py
[2025-11-13T06:33:42.634+0000] {processor.py:840} INFO - DAG(s) 'dags_Bash_with_template' retrieved from /opt/airflow/dags/dags_bash_with_template.py
[2025-11-13T06:33:42.657+0000] {logging_mixin.py:188} INFO - [2025-11-13T06:33:42.657+0000] {dag.py:3036} INFO - Sync 1 DAGs
[2025-11-13T06:33:42.682+0000] {logging_mixin.py:188} INFO - [2025-11-13T06:33:42.682+0000] {dag.py:3823} INFO - Setting next_dagrun for dags_Bash_with_template to 2025-11-11 15:10:00+00:00, run_after=2025-11-12 15:10:00+00:00
[2025-11-13T06:33:42.716+0000] {processor.py:183} INFO - Processing /opt/airflow/dags/dags_bash_with_template.py took 0.115 seconds
[2025-11-13T06:34:13.020+0000] {processor.py:161} INFO - Started process (PID=1067) to work on /opt/airflow/dags/dags_bash_with_template.py
[2025-11-13T06:34:13.022+0000] {processor.py:830} INFO - Processing file /opt/airflow/dags/dags_bash_with_template.py for tasks to queue
[2025-11-13T06:34:13.025+0000] {logging_mixin.py:188} INFO - [2025-11-13T06:34:13.024+0000] {dagbag.py:538} INFO - Filling up the DagBag from /opt/airflow/dags/dags_bash_with_template.py
[2025-11-13T06:34:13.051+0000] {processor.py:840} INFO - DAG(s) 'dags_Bash_with_template' retrieved from /opt/airflow/dags/dags_bash_with_template.py
[2025-11-13T06:34:13.077+0000] {logging_mixin.py:188} INFO - [2025-11-13T06:34:13.077+0000] {dag.py:3036} INFO - Sync 1 DAGs
[2025-11-13T06:34:13.109+0000] {logging_mixin.py:188} INFO - [2025-11-13T06:34:13.109+0000] {dag.py:3823} INFO - Setting next_dagrun for dags_Bash_with_template to 2025-11-11 15:10:00+00:00, run_after=2025-11-12 15:10:00+00:00
[2025-11-13T06:34:13.143+0000] {processor.py:183} INFO - Processing /opt/airflow/dags/dags_bash_with_template.py took 0.127 seconds
[2025-11-13T06:34:44.114+0000] {processor.py:161} INFO - Started process (PID=1129) to work on /opt/airflow/dags/dags_bash_with_template.py
[2025-11-13T06:34:44.115+0000] {processor.py:830} INFO - Processing file /opt/airflow/dags/dags_bash_with_template.py for tasks to queue
[2025-11-13T06:34:44.118+0000] {logging_mixin.py:188} INFO - [2025-11-13T06:34:44.117+0000] {dagbag.py:538} INFO - Filling up the DagBag from /opt/airflow/dags/dags_bash_with_template.py
[2025-11-13T06:34:44.140+0000] {processor.py:840} INFO - DAG(s) 'dags_Bash_with_template' retrieved from /opt/airflow/dags/dags_bash_with_template.py
[2025-11-13T06:34:44.165+0000] {logging_mixin.py:188} INFO - [2025-11-13T06:34:44.164+0000] {dag.py:3036} INFO - Sync 1 DAGs
[2025-11-13T06:34:44.192+0000] {logging_mixin.py:188} INFO - [2025-11-13T06:34:44.192+0000] {dag.py:3823} INFO - Setting next_dagrun for dags_Bash_with_template to 2025-11-11 15:10:00+00:00, run_after=2025-11-12 15:10:00+00:00
[2025-11-13T06:34:44.225+0000] {processor.py:183} INFO - Processing /opt/airflow/dags/dags_bash_with_template.py took 0.115 seconds
[2025-11-13T06:35:14.329+0000] {processor.py:161} INFO - Started process (PID=1191) to work on /opt/airflow/dags/dags_bash_with_template.py
[2025-11-13T06:35:14.330+0000] {processor.py:830} INFO - Processing file /opt/airflow/dags/dags_bash_with_template.py for tasks to queue
[2025-11-13T06:35:14.333+0000] {logging_mixin.py:188} INFO - [2025-11-13T06:35:14.332+0000] {dagbag.py:538} INFO - Filling up the DagBag from /opt/airflow/dags/dags_bash_with_template.py
[2025-11-13T06:35:14.357+0000] {processor.py:840} INFO - DAG(s) 'dags_Bash_with_template' retrieved from /opt/airflow/dags/dags_bash_with_template.py
[2025-11-13T06:35:14.380+0000] {logging_mixin.py:188} INFO - [2025-11-13T06:35:14.380+0000] {dag.py:3036} INFO - Sync 1 DAGs
[2025-11-13T06:35:14.407+0000] {logging_mixin.py:188} INFO - [2025-11-13T06:35:14.407+0000] {dag.py:3823} INFO - Setting next_dagrun for dags_Bash_with_template to 2025-11-11 15:10:00+00:00, run_after=2025-11-12 15:10:00+00:00
[2025-11-13T06:35:14.443+0000] {processor.py:183} INFO - Processing /opt/airflow/dags/dags_bash_with_template.py took 0.117 seconds
[2025-11-13T06:35:45.338+0000] {processor.py:161} INFO - Started process (PID=1253) to work on /opt/airflow/dags/dags_bash_with_template.py
[2025-11-13T06:35:45.340+0000] {processor.py:830} INFO - Processing file /opt/airflow/dags/dags_bash_with_template.py for tasks to queue
[2025-11-13T06:35:45.342+0000] {logging_mixin.py:188} INFO - [2025-11-13T06:35:45.342+0000] {dagbag.py:538} INFO - Filling up the DagBag from /opt/airflow/dags/dags_bash_with_template.py
[2025-11-13T06:35:45.369+0000] {processor.py:840} INFO - DAG(s) 'dags_Bash_with_template' retrieved from /opt/airflow/dags/dags_bash_with_template.py
[2025-11-13T06:35:45.395+0000] {logging_mixin.py:188} INFO - [2025-11-13T06:35:45.395+0000] {dag.py:3036} INFO - Sync 1 DAGs
[2025-11-13T06:35:45.423+0000] {logging_mixin.py:188} INFO - [2025-11-13T06:35:45.423+0000] {dag.py:3823} INFO - Setting next_dagrun for dags_Bash_with_template to 2025-11-11 15:10:00+00:00, run_after=2025-11-12 15:10:00+00:00
[2025-11-13T06:35:45.455+0000] {processor.py:183} INFO - Processing /opt/airflow/dags/dags_bash_with_template.py took 0.121 seconds
[2025-11-13T06:36:16.062+0000] {processor.py:161} INFO - Started process (PID=1315) to work on /opt/airflow/dags/dags_bash_with_template.py
[2025-11-13T06:36:16.065+0000] {processor.py:830} INFO - Processing file /opt/airflow/dags/dags_bash_with_template.py for tasks to queue
[2025-11-13T06:36:16.075+0000] {logging_mixin.py:188} INFO - [2025-11-13T06:36:16.073+0000] {dagbag.py:538} INFO - Filling up the DagBag from /opt/airflow/dags/dags_bash_with_template.py
[2025-11-13T06:36:16.132+0000] {processor.py:840} INFO - DAG(s) 'dags_Bash_with_template' retrieved from /opt/airflow/dags/dags_bash_with_template.py
[2025-11-13T06:36:16.195+0000] {logging_mixin.py:188} INFO - [2025-11-13T06:36:16.194+0000] {dag.py:3036} INFO - Sync 1 DAGs
[2025-11-13T06:36:16.297+0000] {logging_mixin.py:188} INFO - [2025-11-13T06:36:16.296+0000] {dag.py:3823} INFO - Setting next_dagrun for dags_Bash_with_template to 2025-11-11 15:10:00+00:00, run_after=2025-11-12 15:10:00+00:00
[2025-11-13T06:36:16.369+0000] {processor.py:183} INFO - Processing /opt/airflow/dags/dags_bash_with_template.py took 0.316 seconds
[2025-11-13T06:36:46.608+0000] {processor.py:161} INFO - Started process (PID=1378) to work on /opt/airflow/dags/dags_bash_with_template.py
[2025-11-13T06:36:46.609+0000] {processor.py:830} INFO - Processing file /opt/airflow/dags/dags_bash_with_template.py for tasks to queue
[2025-11-13T06:36:46.612+0000] {logging_mixin.py:188} INFO - [2025-11-13T06:36:46.612+0000] {dagbag.py:538} INFO - Filling up the DagBag from /opt/airflow/dags/dags_bash_with_template.py
[2025-11-13T06:36:46.632+0000] {processor.py:840} INFO - DAG(s) 'dags_Bash_with_template' retrieved from /opt/airflow/dags/dags_bash_with_template.py
[2025-11-13T06:36:46.657+0000] {logging_mixin.py:188} INFO - [2025-11-13T06:36:46.657+0000] {dag.py:3036} INFO - Sync 1 DAGs
[2025-11-13T06:36:46.683+0000] {logging_mixin.py:188} INFO - [2025-11-13T06:36:46.683+0000] {dag.py:3823} INFO - Setting next_dagrun for dags_Bash_with_template to 2025-11-11 15:10:00+00:00, run_after=2025-11-12 15:10:00+00:00
[2025-11-13T06:36:46.714+0000] {processor.py:183} INFO - Processing /opt/airflow/dags/dags_bash_with_template.py took 0.111 seconds
[2025-11-13T06:37:17.578+0000] {processor.py:161} INFO - Started process (PID=1440) to work on /opt/airflow/dags/dags_bash_with_template.py
[2025-11-13T06:37:17.580+0000] {processor.py:830} INFO - Processing file /opt/airflow/dags/dags_bash_with_template.py for tasks to queue
[2025-11-13T06:37:17.582+0000] {logging_mixin.py:188} INFO - [2025-11-13T06:37:17.582+0000] {dagbag.py:538} INFO - Filling up the DagBag from /opt/airflow/dags/dags_bash_with_template.py
[2025-11-13T06:37:17.613+0000] {processor.py:840} INFO - DAG(s) 'dags_Bash_with_template' retrieved from /opt/airflow/dags/dags_bash_with_template.py
[2025-11-13T06:37:17.663+0000] {logging_mixin.py:188} INFO - [2025-11-13T06:37:17.663+0000] {dag.py:3036} INFO - Sync 1 DAGs
[2025-11-13T06:37:17.733+0000] {logging_mixin.py:188} INFO - [2025-11-13T06:37:17.733+0000] {dag.py:3823} INFO - Setting next_dagrun for dags_Bash_with_template to 2025-11-11 15:10:00+00:00, run_after=2025-11-12 15:10:00+00:00
[2025-11-13T06:37:17.817+0000] {processor.py:183} INFO - Processing /opt/airflow/dags/dags_bash_with_template.py took 0.242 seconds
[2025-11-13T06:37:48.492+0000] {processor.py:161} INFO - Started process (PID=1502) to work on /opt/airflow/dags/dags_bash_with_template.py
[2025-11-13T06:37:48.493+0000] {processor.py:830} INFO - Processing file /opt/airflow/dags/dags_bash_with_template.py for tasks to queue
[2025-11-13T06:37:48.496+0000] {logging_mixin.py:188} INFO - [2025-11-13T06:37:48.496+0000] {dagbag.py:538} INFO - Filling up the DagBag from /opt/airflow/dags/dags_bash_with_template.py
[2025-11-13T06:37:48.523+0000] {processor.py:840} INFO - DAG(s) 'dags_Bash_with_template' retrieved from /opt/airflow/dags/dags_bash_with_template.py
[2025-11-13T06:37:48.548+0000] {logging_mixin.py:188} INFO - [2025-11-13T06:37:48.548+0000] {dag.py:3036} INFO - Sync 1 DAGs
[2025-11-13T06:37:48.577+0000] {logging_mixin.py:188} INFO - [2025-11-13T06:37:48.576+0000] {dag.py:3823} INFO - Setting next_dagrun for dags_Bash_with_template to 2025-11-11 15:10:00+00:00, run_after=2025-11-12 15:10:00+00:00
[2025-11-13T06:37:48.602+0000] {processor.py:183} INFO - Processing /opt/airflow/dags/dags_bash_with_template.py took 0.115 seconds
[2025-11-13T06:38:19.202+0000] {processor.py:161} INFO - Started process (PID=1564) to work on /opt/airflow/dags/dags_bash_with_template.py
[2025-11-13T06:38:19.204+0000] {processor.py:830} INFO - Processing file /opt/airflow/dags/dags_bash_with_template.py for tasks to queue
[2025-11-13T06:38:19.207+0000] {logging_mixin.py:188} INFO - [2025-11-13T06:38:19.207+0000] {dagbag.py:538} INFO - Filling up the DagBag from /opt/airflow/dags/dags_bash_with_template.py
[2025-11-13T06:38:19.240+0000] {processor.py:840} INFO - DAG(s) 'dags_Bash_with_template' retrieved from /opt/airflow/dags/dags_bash_with_template.py
[2025-11-13T06:38:19.271+0000] {logging_mixin.py:188} INFO - [2025-11-13T06:38:19.271+0000] {dag.py:3036} INFO - Sync 1 DAGs
[2025-11-13T06:38:19.314+0000] {logging_mixin.py:188} INFO - [2025-11-13T06:38:19.314+0000] {dag.py:3823} INFO - Setting next_dagrun for dags_Bash_with_template to 2025-11-11 15:10:00+00:00, run_after=2025-11-12 15:10:00+00:00
[2025-11-13T06:38:19.354+0000] {processor.py:183} INFO - Processing /opt/airflow/dags/dags_bash_with_template.py took 0.158 seconds
[2025-11-13T06:38:49.488+0000] {processor.py:161} INFO - Started process (PID=1626) to work on /opt/airflow/dags/dags_bash_with_template.py
[2025-11-13T06:38:49.489+0000] {processor.py:830} INFO - Processing file /opt/airflow/dags/dags_bash_with_template.py for tasks to queue
[2025-11-13T06:38:49.492+0000] {logging_mixin.py:188} INFO - [2025-11-13T06:38:49.492+0000] {dagbag.py:538} INFO - Filling up the DagBag from /opt/airflow/dags/dags_bash_with_template.py
[2025-11-13T06:38:49.516+0000] {processor.py:840} INFO - DAG(s) 'dags_Bash_with_template' retrieved from /opt/airflow/dags/dags_bash_with_template.py
[2025-11-13T06:38:49.540+0000] {logging_mixin.py:188} INFO - [2025-11-13T06:38:49.540+0000] {dag.py:3036} INFO - Sync 1 DAGs
[2025-11-13T06:38:49.569+0000] {logging_mixin.py:188} INFO - [2025-11-13T06:38:49.568+0000] {dag.py:3823} INFO - Setting next_dagrun for dags_Bash_with_template to 2025-11-11 15:10:00+00:00, run_after=2025-11-12 15:10:00+00:00
[2025-11-13T06:38:49.604+0000] {processor.py:183} INFO - Processing /opt/airflow/dags/dags_bash_with_template.py took 0.120 seconds
[2025-11-13T06:39:19.809+0000] {processor.py:161} INFO - Started process (PID=1688) to work on /opt/airflow/dags/dags_bash_with_template.py
[2025-11-13T06:39:19.815+0000] {processor.py:830} INFO - Processing file /opt/airflow/dags/dags_bash_with_template.py for tasks to queue
[2025-11-13T06:39:19.821+0000] {logging_mixin.py:188} INFO - [2025-11-13T06:39:19.819+0000] {dagbag.py:538} INFO - Filling up the DagBag from /opt/airflow/dags/dags_bash_with_template.py
[2025-11-13T06:39:19.868+0000] {processor.py:840} INFO - DAG(s) 'dags_Bash_with_template' retrieved from /opt/airflow/dags/dags_bash_with_template.py
[2025-11-13T06:39:19.931+0000] {logging_mixin.py:188} INFO - [2025-11-13T06:39:19.931+0000] {dag.py:3036} INFO - Sync 1 DAGs
[2025-11-13T06:39:19.990+0000] {logging_mixin.py:188} INFO - [2025-11-13T06:39:19.990+0000] {dag.py:3823} INFO - Setting next_dagrun for dags_Bash_with_template to 2025-11-11 15:10:00+00:00, run_after=2025-11-12 15:10:00+00:00
[2025-11-13T06:39:20.046+0000] {processor.py:183} INFO - Processing /opt/airflow/dags/dags_bash_with_template.py took 0.252 seconds
[2025-11-13T06:39:50.293+0000] {processor.py:161} INFO - Started process (PID=1750) to work on /opt/airflow/dags/dags_bash_with_template.py
[2025-11-13T06:39:50.297+0000] {processor.py:830} INFO - Processing file /opt/airflow/dags/dags_bash_with_template.py for tasks to queue
[2025-11-13T06:39:50.303+0000] {logging_mixin.py:188} INFO - [2025-11-13T06:39:50.302+0000] {dagbag.py:538} INFO - Filling up the DagBag from /opt/airflow/dags/dags_bash_with_template.py
[2025-11-13T06:39:50.354+0000] {processor.py:840} INFO - DAG(s) 'dags_Bash_with_template' retrieved from /opt/airflow/dags/dags_bash_with_template.py
[2025-11-13T06:39:50.422+0000] {logging_mixin.py:188} INFO - [2025-11-13T06:39:50.422+0000] {dag.py:3036} INFO - Sync 1 DAGs
[2025-11-13T06:39:50.500+0000] {logging_mixin.py:188} INFO - [2025-11-13T06:39:50.499+0000] {dag.py:3823} INFO - Setting next_dagrun for dags_Bash_with_template to 2025-11-11 15:10:00+00:00, run_after=2025-11-12 15:10:00+00:00
[2025-11-13T06:39:50.563+0000] {processor.py:183} INFO - Processing /opt/airflow/dags/dags_bash_with_template.py took 0.283 seconds
[2025-11-13T06:40:21.138+0000] {processor.py:161} INFO - Started process (PID=1812) to work on /opt/airflow/dags/dags_bash_with_template.py
[2025-11-13T06:40:21.140+0000] {processor.py:830} INFO - Processing file /opt/airflow/dags/dags_bash_with_template.py for tasks to queue
[2025-11-13T06:40:21.143+0000] {logging_mixin.py:188} INFO - [2025-11-13T06:40:21.143+0000] {dagbag.py:538} INFO - Filling up the DagBag from /opt/airflow/dags/dags_bash_with_template.py
[2025-11-13T06:40:21.170+0000] {processor.py:840} INFO - DAG(s) 'dags_Bash_with_template' retrieved from /opt/airflow/dags/dags_bash_with_template.py
[2025-11-13T06:40:21.196+0000] {logging_mixin.py:188} INFO - [2025-11-13T06:40:21.196+0000] {dag.py:3036} INFO - Sync 1 DAGs
[2025-11-13T06:40:21.227+0000] {logging_mixin.py:188} INFO - [2025-11-13T06:40:21.227+0000] {dag.py:3823} INFO - Setting next_dagrun for dags_Bash_with_template to 2025-11-11 15:10:00+00:00, run_after=2025-11-12 15:10:00+00:00
[2025-11-13T06:40:21.263+0000] {processor.py:183} INFO - Processing /opt/airflow/dags/dags_bash_with_template.py took 0.129 seconds
[2025-11-13T06:40:51.509+0000] {processor.py:161} INFO - Started process (PID=1874) to work on /opt/airflow/dags/dags_bash_with_template.py
[2025-11-13T06:40:51.511+0000] {processor.py:830} INFO - Processing file /opt/airflow/dags/dags_bash_with_template.py for tasks to queue
[2025-11-13T06:40:51.516+0000] {logging_mixin.py:188} INFO - [2025-11-13T06:40:51.515+0000] {dagbag.py:538} INFO - Filling up the DagBag from /opt/airflow/dags/dags_bash_with_template.py
[2025-11-13T06:40:51.572+0000] {processor.py:840} INFO - DAG(s) 'dags_Bash_with_template' retrieved from /opt/airflow/dags/dags_bash_with_template.py
[2025-11-13T06:40:51.625+0000] {logging_mixin.py:188} INFO - [2025-11-13T06:40:51.625+0000] {dag.py:3036} INFO - Sync 1 DAGs
[2025-11-13T06:40:51.686+0000] {logging_mixin.py:188} INFO - [2025-11-13T06:40:51.685+0000] {dag.py:3823} INFO - Setting next_dagrun for dags_Bash_with_template to 2025-11-11 15:10:00+00:00, run_after=2025-11-12 15:10:00+00:00
[2025-11-13T06:40:51.753+0000] {processor.py:183} INFO - Processing /opt/airflow/dags/dags_bash_with_template.py took 0.256 seconds
[2025-11-13T06:41:22.649+0000] {processor.py:161} INFO - Started process (PID=1936) to work on /opt/airflow/dags/dags_bash_with_template.py
[2025-11-13T06:41:22.651+0000] {processor.py:830} INFO - Processing file /opt/airflow/dags/dags_bash_with_template.py for tasks to queue
[2025-11-13T06:41:22.654+0000] {logging_mixin.py:188} INFO - [2025-11-13T06:41:22.653+0000] {dagbag.py:538} INFO - Filling up the DagBag from /opt/airflow/dags/dags_bash_with_template.py
[2025-11-13T06:41:22.683+0000] {processor.py:840} INFO - DAG(s) 'dags_Bash_with_template' retrieved from /opt/airflow/dags/dags_bash_with_template.py
[2025-11-13T06:41:22.710+0000] {logging_mixin.py:188} INFO - [2025-11-13T06:41:22.710+0000] {dag.py:3036} INFO - Sync 1 DAGs
[2025-11-13T06:41:22.738+0000] {logging_mixin.py:188} INFO - [2025-11-13T06:41:22.737+0000] {dag.py:3823} INFO - Setting next_dagrun for dags_Bash_with_template to 2025-11-11 15:10:00+00:00, run_after=2025-11-12 15:10:00+00:00
[2025-11-13T06:41:22.768+0000] {processor.py:183} INFO - Processing /opt/airflow/dags/dags_bash_with_template.py took 0.123 seconds
[2025-11-13T06:41:53.667+0000] {processor.py:161} INFO - Started process (PID=1998) to work on /opt/airflow/dags/dags_bash_with_template.py
[2025-11-13T06:41:53.669+0000] {processor.py:830} INFO - Processing file /opt/airflow/dags/dags_bash_with_template.py for tasks to queue
[2025-11-13T06:41:53.672+0000] {logging_mixin.py:188} INFO - [2025-11-13T06:41:53.672+0000] {dagbag.py:538} INFO - Filling up the DagBag from /opt/airflow/dags/dags_bash_with_template.py
[2025-11-13T06:41:53.697+0000] {processor.py:840} INFO - DAG(s) 'dags_Bash_with_template' retrieved from /opt/airflow/dags/dags_bash_with_template.py
[2025-11-13T06:41:53.723+0000] {logging_mixin.py:188} INFO - [2025-11-13T06:41:53.722+0000] {dag.py:3036} INFO - Sync 1 DAGs
[2025-11-13T06:41:53.754+0000] {logging_mixin.py:188} INFO - [2025-11-13T06:41:53.754+0000] {dag.py:3823} INFO - Setting next_dagrun for dags_Bash_with_template to 2025-11-11 15:10:00+00:00, run_after=2025-11-12 15:10:00+00:00
[2025-11-13T06:41:53.788+0000] {processor.py:183} INFO - Processing /opt/airflow/dags/dags_bash_with_template.py took 0.126 seconds
[2025-11-13T06:42:24.231+0000] {processor.py:161} INFO - Started process (PID=2060) to work on /opt/airflow/dags/dags_bash_with_template.py
[2025-11-13T06:42:24.232+0000] {processor.py:830} INFO - Processing file /opt/airflow/dags/dags_bash_with_template.py for tasks to queue
[2025-11-13T06:42:24.236+0000] {logging_mixin.py:188} INFO - [2025-11-13T06:42:24.236+0000] {dagbag.py:538} INFO - Filling up the DagBag from /opt/airflow/dags/dags_bash_with_template.py
[2025-11-13T06:42:24.261+0000] {processor.py:840} INFO - DAG(s) 'dags_Bash_with_template' retrieved from /opt/airflow/dags/dags_bash_with_template.py
[2025-11-13T06:42:24.287+0000] {logging_mixin.py:188} INFO - [2025-11-13T06:42:24.287+0000] {dag.py:3036} INFO - Sync 1 DAGs
[2025-11-13T06:42:24.315+0000] {logging_mixin.py:188} INFO - [2025-11-13T06:42:24.314+0000] {dag.py:3823} INFO - Setting next_dagrun for dags_Bash_with_template to 2025-11-11 15:10:00+00:00, run_after=2025-11-12 15:10:00+00:00
[2025-11-13T06:42:24.343+0000] {processor.py:183} INFO - Processing /opt/airflow/dags/dags_bash_with_template.py took 0.117 seconds
[2025-11-13T06:42:54.853+0000] {processor.py:161} INFO - Started process (PID=2122) to work on /opt/airflow/dags/dags_bash_with_template.py
[2025-11-13T06:42:54.855+0000] {processor.py:830} INFO - Processing file /opt/airflow/dags/dags_bash_with_template.py for tasks to queue
[2025-11-13T06:42:54.860+0000] {logging_mixin.py:188} INFO - [2025-11-13T06:42:54.859+0000] {dagbag.py:538} INFO - Filling up the DagBag from /opt/airflow/dags/dags_bash_with_template.py
[2025-11-13T06:42:54.894+0000] {processor.py:840} INFO - DAG(s) 'dags_Bash_with_template' retrieved from /opt/airflow/dags/dags_bash_with_template.py
[2025-11-13T06:42:54.928+0000] {logging_mixin.py:188} INFO - [2025-11-13T06:42:54.928+0000] {dag.py:3036} INFO - Sync 1 DAGs
[2025-11-13T06:42:54.963+0000] {logging_mixin.py:188} INFO - [2025-11-13T06:42:54.962+0000] {dag.py:3823} INFO - Setting next_dagrun for dags_Bash_with_template to 2025-11-11 15:10:00+00:00, run_after=2025-11-12 15:10:00+00:00
[2025-11-13T06:42:54.995+0000] {processor.py:183} INFO - Processing /opt/airflow/dags/dags_bash_with_template.py took 0.148 seconds
[2025-11-13T06:43:25.297+0000] {processor.py:161} INFO - Started process (PID=2184) to work on /opt/airflow/dags/dags_bash_with_template.py
[2025-11-13T06:43:25.299+0000] {processor.py:830} INFO - Processing file /opt/airflow/dags/dags_bash_with_template.py for tasks to queue
[2025-11-13T06:43:25.304+0000] {logging_mixin.py:188} INFO - [2025-11-13T06:43:25.303+0000] {dagbag.py:538} INFO - Filling up the DagBag from /opt/airflow/dags/dags_bash_with_template.py
[2025-11-13T06:43:25.330+0000] {processor.py:840} INFO - DAG(s) 'dags_Bash_with_template' retrieved from /opt/airflow/dags/dags_bash_with_template.py
[2025-11-13T06:43:25.357+0000] {logging_mixin.py:188} INFO - [2025-11-13T06:43:25.356+0000] {dag.py:3036} INFO - Sync 1 DAGs
[2025-11-13T06:43:25.384+0000] {logging_mixin.py:188} INFO - [2025-11-13T06:43:25.383+0000] {dag.py:3823} INFO - Setting next_dagrun for dags_Bash_with_template to 2025-11-11 15:10:00+00:00, run_after=2025-11-12 15:10:00+00:00
[2025-11-13T06:43:25.410+0000] {processor.py:183} INFO - Processing /opt/airflow/dags/dags_bash_with_template.py took 0.118 seconds
[2025-11-13T06:43:55.700+0000] {processor.py:161} INFO - Started process (PID=2247) to work on /opt/airflow/dags/dags_bash_with_template.py
[2025-11-13T06:43:55.702+0000] {processor.py:830} INFO - Processing file /opt/airflow/dags/dags_bash_with_template.py for tasks to queue
[2025-11-13T06:43:55.706+0000] {logging_mixin.py:188} INFO - [2025-11-13T06:43:55.706+0000] {dagbag.py:538} INFO - Filling up the DagBag from /opt/airflow/dags/dags_bash_with_template.py
[2025-11-13T06:43:55.731+0000] {processor.py:840} INFO - DAG(s) 'dags_Bash_with_template' retrieved from /opt/airflow/dags/dags_bash_with_template.py
[2025-11-13T06:43:55.760+0000] {logging_mixin.py:188} INFO - [2025-11-13T06:43:55.760+0000] {dag.py:3036} INFO - Sync 1 DAGs
[2025-11-13T06:43:55.789+0000] {logging_mixin.py:188} INFO - [2025-11-13T06:43:55.789+0000] {dag.py:3823} INFO - Setting next_dagrun for dags_Bash_with_template to 2025-11-11 15:10:00+00:00, run_after=2025-11-12 15:10:00+00:00
[2025-11-13T06:43:55.824+0000] {processor.py:183} INFO - Processing /opt/airflow/dags/dags_bash_with_template.py took 0.129 seconds
[2025-11-13T06:44:26.050+0000] {processor.py:161} INFO - Started process (PID=2309) to work on /opt/airflow/dags/dags_bash_with_template.py
[2025-11-13T06:44:26.052+0000] {processor.py:830} INFO - Processing file /opt/airflow/dags/dags_bash_with_template.py for tasks to queue
[2025-11-13T06:44:26.055+0000] {logging_mixin.py:188} INFO - [2025-11-13T06:44:26.055+0000] {dagbag.py:538} INFO - Filling up the DagBag from /opt/airflow/dags/dags_bash_with_template.py
[2025-11-13T06:44:26.082+0000] {processor.py:840} INFO - DAG(s) 'dags_Bash_with_template' retrieved from /opt/airflow/dags/dags_bash_with_template.py
[2025-11-13T06:44:26.108+0000] {logging_mixin.py:188} INFO - [2025-11-13T06:44:26.107+0000] {dag.py:3036} INFO - Sync 1 DAGs
[2025-11-13T06:44:26.141+0000] {logging_mixin.py:188} INFO - [2025-11-13T06:44:26.141+0000] {dag.py:3823} INFO - Setting next_dagrun for dags_Bash_with_template to 2025-11-11 15:10:00+00:00, run_after=2025-11-12 15:10:00+00:00
[2025-11-13T06:44:26.173+0000] {processor.py:183} INFO - Processing /opt/airflow/dags/dags_bash_with_template.py took 0.127 seconds
[2025-11-13T06:44:56.539+0000] {processor.py:161} INFO - Started process (PID=2371) to work on /opt/airflow/dags/dags_bash_with_template.py
[2025-11-13T06:44:56.540+0000] {processor.py:830} INFO - Processing file /opt/airflow/dags/dags_bash_with_template.py for tasks to queue
[2025-11-13T06:44:56.543+0000] {logging_mixin.py:188} INFO - [2025-11-13T06:44:56.543+0000] {dagbag.py:538} INFO - Filling up the DagBag from /opt/airflow/dags/dags_bash_with_template.py
[2025-11-13T06:44:56.568+0000] {processor.py:840} INFO - DAG(s) 'dags_Bash_with_template' retrieved from /opt/airflow/dags/dags_bash_with_template.py
[2025-11-13T06:44:56.595+0000] {logging_mixin.py:188} INFO - [2025-11-13T06:44:56.594+0000] {dag.py:3036} INFO - Sync 1 DAGs
[2025-11-13T06:44:56.622+0000] {logging_mixin.py:188} INFO - [2025-11-13T06:44:56.622+0000] {dag.py:3823} INFO - Setting next_dagrun for dags_Bash_with_template to 2025-11-11 15:10:00+00:00, run_after=2025-11-12 15:10:00+00:00
[2025-11-13T06:44:56.650+0000] {processor.py:183} INFO - Processing /opt/airflow/dags/dags_bash_with_template.py took 0.115 seconds
[2025-11-13T06:45:27.289+0000] {processor.py:161} INFO - Started process (PID=2433) to work on /opt/airflow/dags/dags_bash_with_template.py
[2025-11-13T06:45:27.290+0000] {processor.py:830} INFO - Processing file /opt/airflow/dags/dags_bash_with_template.py for tasks to queue
[2025-11-13T06:45:27.294+0000] {logging_mixin.py:188} INFO - [2025-11-13T06:45:27.294+0000] {dagbag.py:538} INFO - Filling up the DagBag from /opt/airflow/dags/dags_bash_with_template.py
[2025-11-13T06:45:27.321+0000] {processor.py:840} INFO - DAG(s) 'dags_Bash_with_template' retrieved from /opt/airflow/dags/dags_bash_with_template.py
[2025-11-13T06:45:27.352+0000] {logging_mixin.py:188} INFO - [2025-11-13T06:45:27.352+0000] {dag.py:3036} INFO - Sync 1 DAGs
[2025-11-13T06:45:27.388+0000] {logging_mixin.py:188} INFO - [2025-11-13T06:45:27.388+0000] {dag.py:3823} INFO - Setting next_dagrun for dags_Bash_with_template to 2025-11-11 15:10:00+00:00, run_after=2025-11-12 15:10:00+00:00
[2025-11-13T06:45:27.432+0000] {processor.py:183} INFO - Processing /opt/airflow/dags/dags_bash_with_template.py took 0.148 seconds
[2025-11-13T06:45:58.094+0000] {processor.py:161} INFO - Started process (PID=2495) to work on /opt/airflow/dags/dags_bash_with_template.py
[2025-11-13T06:45:58.100+0000] {processor.py:830} INFO - Processing file /opt/airflow/dags/dags_bash_with_template.py for tasks to queue
[2025-11-13T06:45:58.113+0000] {logging_mixin.py:188} INFO - [2025-11-13T06:45:58.112+0000] {dagbag.py:538} INFO - Filling up the DagBag from /opt/airflow/dags/dags_bash_with_template.py
[2025-11-13T06:45:58.167+0000] {processor.py:840} INFO - DAG(s) 'dags_Bash_with_template' retrieved from /opt/airflow/dags/dags_bash_with_template.py
[2025-11-13T06:45:58.263+0000] {logging_mixin.py:188} INFO - [2025-11-13T06:45:58.263+0000] {dag.py:3036} INFO - Sync 1 DAGs
[2025-11-13T06:45:58.394+0000] {logging_mixin.py:188} INFO - [2025-11-13T06:45:58.393+0000] {dag.py:3823} INFO - Setting next_dagrun for dags_Bash_with_template to 2025-11-11 15:10:00+00:00, run_after=2025-11-12 15:10:00+00:00
[2025-11-13T06:45:58.488+0000] {processor.py:183} INFO - Processing /opt/airflow/dags/dags_bash_with_template.py took 0.402 seconds
[2025-11-13T06:46:29.043+0000] {processor.py:161} INFO - Started process (PID=2558) to work on /opt/airflow/dags/dags_bash_with_template.py
[2025-11-13T06:46:29.048+0000] {processor.py:830} INFO - Processing file /opt/airflow/dags/dags_bash_with_template.py for tasks to queue
[2025-11-13T06:46:29.056+0000] {logging_mixin.py:188} INFO - [2025-11-13T06:46:29.055+0000] {dagbag.py:538} INFO - Filling up the DagBag from /opt/airflow/dags/dags_bash_with_template.py
[2025-11-13T06:46:29.137+0000] {processor.py:840} INFO - DAG(s) 'dags_Bash_with_template' retrieved from /opt/airflow/dags/dags_bash_with_template.py
[2025-11-13T06:46:29.214+0000] {logging_mixin.py:188} INFO - [2025-11-13T06:46:29.213+0000] {dag.py:3036} INFO - Sync 1 DAGs
[2025-11-13T06:46:29.321+0000] {logging_mixin.py:188} INFO - [2025-11-13T06:46:29.321+0000] {dag.py:3823} INFO - Setting next_dagrun for dags_Bash_with_template to 2025-11-11 15:10:00+00:00, run_after=2025-11-12 15:10:00+00:00
[2025-11-13T06:46:29.402+0000] {processor.py:183} INFO - Processing /opt/airflow/dags/dags_bash_with_template.py took 0.374 seconds
[2025-11-13T06:46:59.677+0000] {processor.py:161} INFO - Started process (PID=2621) to work on /opt/airflow/dags/dags_bash_with_template.py
[2025-11-13T06:46:59.681+0000] {processor.py:830} INFO - Processing file /opt/airflow/dags/dags_bash_with_template.py for tasks to queue
[2025-11-13T06:46:59.689+0000] {logging_mixin.py:188} INFO - [2025-11-13T06:46:59.688+0000] {dagbag.py:538} INFO - Filling up the DagBag from /opt/airflow/dags/dags_bash_with_template.py
[2025-11-13T06:46:59.758+0000] {processor.py:840} INFO - DAG(s) 'dags_Bash_with_template' retrieved from /opt/airflow/dags/dags_bash_with_template.py
[2025-11-13T06:46:59.846+0000] {logging_mixin.py:188} INFO - [2025-11-13T06:46:59.845+0000] {dag.py:3036} INFO - Sync 1 DAGs
[2025-11-13T06:46:59.927+0000] {logging_mixin.py:188} INFO - [2025-11-13T06:46:59.926+0000] {dag.py:3823} INFO - Setting next_dagrun for dags_Bash_with_template to 2025-11-11 15:10:00+00:00, run_after=2025-11-12 15:10:00+00:00
[2025-11-13T06:46:59.997+0000] {processor.py:183} INFO - Processing /opt/airflow/dags/dags_bash_with_template.py took 0.333 seconds
[2025-11-13T06:47:30.838+0000] {processor.py:161} INFO - Started process (PID=2683) to work on /opt/airflow/dags/dags_bash_with_template.py
[2025-11-13T06:47:30.839+0000] {processor.py:830} INFO - Processing file /opt/airflow/dags/dags_bash_with_template.py for tasks to queue
[2025-11-13T06:47:30.843+0000] {logging_mixin.py:188} INFO - [2025-11-13T06:47:30.842+0000] {dagbag.py:538} INFO - Filling up the DagBag from /opt/airflow/dags/dags_bash_with_template.py
[2025-11-13T06:47:30.866+0000] {processor.py:840} INFO - DAG(s) 'dags_Bash_with_template' retrieved from /opt/airflow/dags/dags_bash_with_template.py
[2025-11-13T06:47:30.891+0000] {logging_mixin.py:188} INFO - [2025-11-13T06:47:30.891+0000] {dag.py:3036} INFO - Sync 1 DAGs
[2025-11-13T06:47:30.919+0000] {logging_mixin.py:188} INFO - [2025-11-13T06:47:30.919+0000] {dag.py:3823} INFO - Setting next_dagrun for dags_Bash_with_template to 2025-11-11 15:10:00+00:00, run_after=2025-11-12 15:10:00+00:00
[2025-11-13T06:47:30.949+0000] {processor.py:183} INFO - Processing /opt/airflow/dags/dags_bash_with_template.py took 0.115 seconds
[2025-11-13T06:48:01.564+0000] {processor.py:161} INFO - Started process (PID=2746) to work on /opt/airflow/dags/dags_bash_with_template.py
[2025-11-13T06:48:01.579+0000] {processor.py:830} INFO - Processing file /opt/airflow/dags/dags_bash_with_template.py for tasks to queue
[2025-11-13T06:48:01.593+0000] {logging_mixin.py:188} INFO - [2025-11-13T06:48:01.592+0000] {dagbag.py:538} INFO - Filling up the DagBag from /opt/airflow/dags/dags_bash_with_template.py
[2025-11-13T06:48:01.734+0000] {processor.py:840} INFO - DAG(s) 'dags_Bash_with_template' retrieved from /opt/airflow/dags/dags_bash_with_template.py
[2025-11-13T06:48:01.854+0000] {logging_mixin.py:188} INFO - [2025-11-13T06:48:01.853+0000] {dag.py:3036} INFO - Sync 1 DAGs
[2025-11-13T06:48:01.984+0000] {logging_mixin.py:188} INFO - [2025-11-13T06:48:01.983+0000] {dag.py:3823} INFO - Setting next_dagrun for dags_Bash_with_template to 2025-11-11 15:10:00+00:00, run_after=2025-11-12 15:10:00+00:00
[2025-11-13T06:48:02.084+0000] {processor.py:183} INFO - Processing /opt/airflow/dags/dags_bash_with_template.py took 0.546 seconds
[2025-11-13T06:48:32.448+0000] {processor.py:161} INFO - Started process (PID=2815) to work on /opt/airflow/dags/dags_bash_with_template.py
[2025-11-13T06:48:32.452+0000] {processor.py:830} INFO - Processing file /opt/airflow/dags/dags_bash_with_template.py for tasks to queue
[2025-11-13T06:48:32.479+0000] {logging_mixin.py:188} INFO - [2025-11-13T06:48:32.468+0000] {dagbag.py:538} INFO - Filling up the DagBag from /opt/airflow/dags/dags_bash_with_template.py
[2025-11-13T06:48:32.564+0000] {processor.py:840} INFO - DAG(s) 'dags_Bash_with_template' retrieved from /opt/airflow/dags/dags_bash_with_template.py
[2025-11-13T06:48:32.705+0000] {logging_mixin.py:188} INFO - [2025-11-13T06:48:32.704+0000] {dag.py:3036} INFO - Sync 1 DAGs
[2025-11-13T06:48:32.902+0000] {logging_mixin.py:188} INFO - [2025-11-13T06:48:32.901+0000] {dag.py:3823} INFO - Setting next_dagrun for dags_Bash_with_template to 2025-11-11 15:10:00+00:00, run_after=2025-11-12 15:10:00+00:00
[2025-11-13T06:48:33.012+0000] {processor.py:183} INFO - Processing /opt/airflow/dags/dags_bash_with_template.py took 0.595 seconds
[2025-11-13T06:49:03.146+0000] {processor.py:161} INFO - Started process (PID=2876) to work on /opt/airflow/dags/dags_bash_with_template.py
[2025-11-13T06:49:03.151+0000] {processor.py:830} INFO - Processing file /opt/airflow/dags/dags_bash_with_template.py for tasks to queue
[2025-11-13T06:49:03.157+0000] {logging_mixin.py:188} INFO - [2025-11-13T06:49:03.156+0000] {dagbag.py:538} INFO - Filling up the DagBag from /opt/airflow/dags/dags_bash_with_template.py
[2025-11-13T06:49:03.215+0000] {processor.py:840} INFO - DAG(s) 'dags_Bash_with_template' retrieved from /opt/airflow/dags/dags_bash_with_template.py
[2025-11-13T06:49:03.291+0000] {logging_mixin.py:188} INFO - [2025-11-13T06:49:03.291+0000] {dag.py:3036} INFO - Sync 1 DAGs
[2025-11-13T06:49:03.703+0000] {logging_mixin.py:188} INFO - [2025-11-13T06:49:03.703+0000] {dag.py:3823} INFO - Setting next_dagrun for dags_Bash_with_template to 2025-11-11 15:10:00+00:00, run_after=2025-11-12 15:10:00+00:00
[2025-11-13T06:49:03.747+0000] {processor.py:183} INFO - Processing /opt/airflow/dags/dags_bash_with_template.py took 0.616 seconds
[2025-11-13T06:49:34.474+0000] {processor.py:161} INFO - Started process (PID=2938) to work on /opt/airflow/dags/dags_bash_with_template.py
[2025-11-13T06:49:34.476+0000] {processor.py:830} INFO - Processing file /opt/airflow/dags/dags_bash_with_template.py for tasks to queue
[2025-11-13T06:49:34.481+0000] {logging_mixin.py:188} INFO - [2025-11-13T06:49:34.480+0000] {dagbag.py:538} INFO - Filling up the DagBag from /opt/airflow/dags/dags_bash_with_template.py
[2025-11-13T06:49:34.520+0000] {processor.py:840} INFO - DAG(s) 'dags_Bash_with_template' retrieved from /opt/airflow/dags/dags_bash_with_template.py
[2025-11-13T06:49:34.568+0000] {logging_mixin.py:188} INFO - [2025-11-13T06:49:34.566+0000] {dag.py:3036} INFO - Sync 1 DAGs
[2025-11-13T06:49:34.623+0000] {logging_mixin.py:188} INFO - [2025-11-13T06:49:34.623+0000] {dag.py:3823} INFO - Setting next_dagrun for dags_Bash_with_template to 2025-11-11 15:10:00+00:00, run_after=2025-11-12 15:10:00+00:00
[2025-11-13T06:49:34.908+0000] {processor.py:183} INFO - Processing /opt/airflow/dags/dags_bash_with_template.py took 0.443 seconds
