[2025-11-13T06:26:10.297+0000] {processor.py:161} INFO - Started process (PID=80) to work on /opt/airflow/dags/dags_pyhon_import_func.py
[2025-11-13T06:26:10.301+0000] {processor.py:830} INFO - Processing file /opt/airflow/dags/dags_pyhon_import_func.py for tasks to queue
[2025-11-13T06:26:10.309+0000] {logging_mixin.py:188} INFO - [2025-11-13T06:26:10.306+0000] {dagbag.py:538} INFO - Filling up the DagBag from /opt/airflow/dags/dags_pyhon_import_func.py
[2025-11-13T06:26:10.731+0000] {processor.py:840} INFO - DAG(s) 'dags_python_import_func' retrieved from /opt/airflow/dags/dags_pyhon_import_func.py
[2025-11-13T06:26:11.830+0000] {logging_mixin.py:188} INFO - [2025-11-13T06:26:11.829+0000] {dag.py:3036} INFO - Sync 1 DAGs
[2025-11-13T06:26:12.027+0000] {logging_mixin.py:188} INFO - [2025-11-13T06:26:12.027+0000] {dag.py:3823} INFO - Setting next_dagrun for dags_python_import_func to 2025-11-11 21:30:00+00:00, run_after=2025-11-12 21:30:00+00:00
[2025-11-13T06:26:12.249+0000] {processor.py:183} INFO - Processing /opt/airflow/dags/dags_pyhon_import_func.py took 1.971 seconds
[2025-11-13T06:26:42.503+0000] {processor.py:161} INFO - Started process (PID=143) to work on /opt/airflow/dags/dags_pyhon_import_func.py
[2025-11-13T06:26:42.506+0000] {processor.py:830} INFO - Processing file /opt/airflow/dags/dags_pyhon_import_func.py for tasks to queue
[2025-11-13T06:26:42.515+0000] {logging_mixin.py:188} INFO - [2025-11-13T06:26:42.514+0000] {dagbag.py:538} INFO - Filling up the DagBag from /opt/airflow/dags/dags_pyhon_import_func.py
[2025-11-13T06:26:42.601+0000] {processor.py:840} INFO - DAG(s) 'dags_python_import_func' retrieved from /opt/airflow/dags/dags_pyhon_import_func.py
[2025-11-13T06:26:42.693+0000] {logging_mixin.py:188} INFO - [2025-11-13T06:26:42.692+0000] {dag.py:3036} INFO - Sync 1 DAGs
[2025-11-13T06:26:42.773+0000] {logging_mixin.py:188} INFO - [2025-11-13T06:26:42.772+0000] {dag.py:3823} INFO - Setting next_dagrun for dags_python_import_func to 2025-11-12 21:30:00+00:00, run_after=2025-11-13 21:30:00+00:00
[2025-11-13T06:26:42.847+0000] {processor.py:183} INFO - Processing /opt/airflow/dags/dags_pyhon_import_func.py took 0.329 seconds
[2025-11-13T06:27:13.054+0000] {processor.py:161} INFO - Started process (PID=205) to work on /opt/airflow/dags/dags_pyhon_import_func.py
[2025-11-13T06:27:13.057+0000] {processor.py:830} INFO - Processing file /opt/airflow/dags/dags_pyhon_import_func.py for tasks to queue
[2025-11-13T06:27:13.062+0000] {logging_mixin.py:188} INFO - [2025-11-13T06:27:13.061+0000] {dagbag.py:538} INFO - Filling up the DagBag from /opt/airflow/dags/dags_pyhon_import_func.py
[2025-11-13T06:27:13.145+0000] {processor.py:840} INFO - DAG(s) 'dags_python_import_func' retrieved from /opt/airflow/dags/dags_pyhon_import_func.py
[2025-11-13T06:27:13.216+0000] {logging_mixin.py:188} INFO - [2025-11-13T06:27:13.215+0000] {dag.py:3036} INFO - Sync 1 DAGs
[2025-11-13T06:27:13.297+0000] {logging_mixin.py:188} INFO - [2025-11-13T06:27:13.296+0000] {dag.py:3823} INFO - Setting next_dagrun for dags_python_import_func to 2025-11-12 21:30:00+00:00, run_after=2025-11-13 21:30:00+00:00
[2025-11-13T06:27:13.350+0000] {processor.py:183} INFO - Processing /opt/airflow/dags/dags_pyhon_import_func.py took 0.307 seconds
[2025-11-13T06:27:43.530+0000] {processor.py:161} INFO - Started process (PID=267) to work on /opt/airflow/dags/dags_pyhon_import_func.py
[2025-11-13T06:27:43.532+0000] {processor.py:830} INFO - Processing file /opt/airflow/dags/dags_pyhon_import_func.py for tasks to queue
[2025-11-13T06:27:43.535+0000] {logging_mixin.py:188} INFO - [2025-11-13T06:27:43.535+0000] {dagbag.py:538} INFO - Filling up the DagBag from /opt/airflow/dags/dags_pyhon_import_func.py
[2025-11-13T06:27:43.592+0000] {processor.py:840} INFO - DAG(s) 'dags_python_import_func' retrieved from /opt/airflow/dags/dags_pyhon_import_func.py
[2025-11-13T06:27:43.627+0000] {logging_mixin.py:188} INFO - [2025-11-13T06:27:43.627+0000] {dag.py:3036} INFO - Sync 1 DAGs
[2025-11-13T06:27:43.669+0000] {logging_mixin.py:188} INFO - [2025-11-13T06:27:43.668+0000] {dag.py:3823} INFO - Setting next_dagrun for dags_python_import_func to 2025-11-12 21:30:00+00:00, run_after=2025-11-13 21:30:00+00:00
[2025-11-13T06:27:43.699+0000] {processor.py:183} INFO - Processing /opt/airflow/dags/dags_pyhon_import_func.py took 0.177 seconds
[2025-11-13T06:28:13.835+0000] {processor.py:161} INFO - Started process (PID=329) to work on /opt/airflow/dags/dags_pyhon_import_func.py
[2025-11-13T06:28:13.837+0000] {processor.py:830} INFO - Processing file /opt/airflow/dags/dags_pyhon_import_func.py for tasks to queue
[2025-11-13T06:28:13.840+0000] {logging_mixin.py:188} INFO - [2025-11-13T06:28:13.839+0000] {dagbag.py:538} INFO - Filling up the DagBag from /opt/airflow/dags/dags_pyhon_import_func.py
[2025-11-13T06:28:13.898+0000] {processor.py:840} INFO - DAG(s) 'dags_python_import_func' retrieved from /opt/airflow/dags/dags_pyhon_import_func.py
[2025-11-13T06:28:13.929+0000] {logging_mixin.py:188} INFO - [2025-11-13T06:28:13.929+0000] {dag.py:3036} INFO - Sync 1 DAGs
[2025-11-13T06:28:13.967+0000] {logging_mixin.py:188} INFO - [2025-11-13T06:28:13.966+0000] {dag.py:3823} INFO - Setting next_dagrun for dags_python_import_func to 2025-11-12 21:30:00+00:00, run_after=2025-11-13 21:30:00+00:00
[2025-11-13T06:28:14.007+0000] {processor.py:183} INFO - Processing /opt/airflow/dags/dags_pyhon_import_func.py took 0.177 seconds
[2025-11-13T06:28:44.085+0000] {processor.py:161} INFO - Started process (PID=391) to work on /opt/airflow/dags/dags_pyhon_import_func.py
[2025-11-13T06:28:44.086+0000] {processor.py:830} INFO - Processing file /opt/airflow/dags/dags_pyhon_import_func.py for tasks to queue
[2025-11-13T06:28:44.090+0000] {logging_mixin.py:188} INFO - [2025-11-13T06:28:44.089+0000] {dagbag.py:538} INFO - Filling up the DagBag from /opt/airflow/dags/dags_pyhon_import_func.py
[2025-11-13T06:28:44.147+0000] {processor.py:840} INFO - DAG(s) 'dags_python_import_func' retrieved from /opt/airflow/dags/dags_pyhon_import_func.py
[2025-11-13T06:28:44.183+0000] {logging_mixin.py:188} INFO - [2025-11-13T06:28:44.182+0000] {dag.py:3036} INFO - Sync 1 DAGs
[2025-11-13T06:28:44.222+0000] {logging_mixin.py:188} INFO - [2025-11-13T06:28:44.222+0000] {dag.py:3823} INFO - Setting next_dagrun for dags_python_import_func to 2025-11-12 21:30:00+00:00, run_after=2025-11-13 21:30:00+00:00
[2025-11-13T06:28:44.256+0000] {processor.py:183} INFO - Processing /opt/airflow/dags/dags_pyhon_import_func.py took 0.178 seconds
[2025-11-13T06:29:14.762+0000] {processor.py:161} INFO - Started process (PID=453) to work on /opt/airflow/dags/dags_pyhon_import_func.py
[2025-11-13T06:29:14.763+0000] {processor.py:830} INFO - Processing file /opt/airflow/dags/dags_pyhon_import_func.py for tasks to queue
[2025-11-13T06:29:14.766+0000] {logging_mixin.py:188} INFO - [2025-11-13T06:29:14.765+0000] {dagbag.py:538} INFO - Filling up the DagBag from /opt/airflow/dags/dags_pyhon_import_func.py
[2025-11-13T06:29:14.810+0000] {processor.py:840} INFO - DAG(s) 'dags_python_import_func' retrieved from /opt/airflow/dags/dags_pyhon_import_func.py
[2025-11-13T06:29:14.835+0000] {logging_mixin.py:188} INFO - [2025-11-13T06:29:14.834+0000] {dag.py:3036} INFO - Sync 1 DAGs
[2025-11-13T06:29:14.863+0000] {logging_mixin.py:188} INFO - [2025-11-13T06:29:14.863+0000] {dag.py:3823} INFO - Setting next_dagrun for dags_python_import_func to 2025-11-12 21:30:00+00:00, run_after=2025-11-13 21:30:00+00:00
[2025-11-13T06:29:14.896+0000] {processor.py:183} INFO - Processing /opt/airflow/dags/dags_pyhon_import_func.py took 0.139 seconds
[2025-11-13T06:29:45.062+0000] {processor.py:161} INFO - Started process (PID=515) to work on /opt/airflow/dags/dags_pyhon_import_func.py
[2025-11-13T06:29:45.065+0000] {processor.py:830} INFO - Processing file /opt/airflow/dags/dags_pyhon_import_func.py for tasks to queue
[2025-11-13T06:29:45.070+0000] {logging_mixin.py:188} INFO - [2025-11-13T06:29:45.070+0000] {dagbag.py:538} INFO - Filling up the DagBag from /opt/airflow/dags/dags_pyhon_import_func.py
[2025-11-13T06:29:45.124+0000] {processor.py:840} INFO - DAG(s) 'dags_python_import_func' retrieved from /opt/airflow/dags/dags_pyhon_import_func.py
[2025-11-13T06:29:45.162+0000] {logging_mixin.py:188} INFO - [2025-11-13T06:29:45.161+0000] {dag.py:3036} INFO - Sync 1 DAGs
[2025-11-13T06:29:45.228+0000] {logging_mixin.py:188} INFO - [2025-11-13T06:29:45.227+0000] {dag.py:3823} INFO - Setting next_dagrun for dags_python_import_func to 2025-11-12 21:30:00+00:00, run_after=2025-11-13 21:30:00+00:00
[2025-11-13T06:29:45.332+0000] {processor.py:183} INFO - Processing /opt/airflow/dags/dags_pyhon_import_func.py took 0.278 seconds
[2025-11-13T06:30:15.564+0000] {processor.py:161} INFO - Started process (PID=577) to work on /opt/airflow/dags/dags_pyhon_import_func.py
[2025-11-13T06:30:15.569+0000] {processor.py:830} INFO - Processing file /opt/airflow/dags/dags_pyhon_import_func.py for tasks to queue
[2025-11-13T06:30:15.577+0000] {logging_mixin.py:188} INFO - [2025-11-13T06:30:15.576+0000] {dagbag.py:538} INFO - Filling up the DagBag from /opt/airflow/dags/dags_pyhon_import_func.py
[2025-11-13T06:30:15.710+0000] {processor.py:840} INFO - DAG(s) 'dags_python_import_func' retrieved from /opt/airflow/dags/dags_pyhon_import_func.py
[2025-11-13T06:30:15.758+0000] {logging_mixin.py:188} INFO - [2025-11-13T06:30:15.758+0000] {dag.py:3036} INFO - Sync 1 DAGs
[2025-11-13T06:30:15.809+0000] {logging_mixin.py:188} INFO - [2025-11-13T06:30:15.808+0000] {dag.py:3823} INFO - Setting next_dagrun for dags_python_import_func to 2025-11-12 21:30:00+00:00, run_after=2025-11-13 21:30:00+00:00
[2025-11-13T06:30:15.864+0000] {processor.py:183} INFO - Processing /opt/airflow/dags/dags_pyhon_import_func.py took 0.311 seconds
[2025-11-13T06:30:46.587+0000] {processor.py:161} INFO - Started process (PID=639) to work on /opt/airflow/dags/dags_pyhon_import_func.py
[2025-11-13T06:30:46.590+0000] {processor.py:830} INFO - Processing file /opt/airflow/dags/dags_pyhon_import_func.py for tasks to queue
[2025-11-13T06:30:46.595+0000] {logging_mixin.py:188} INFO - [2025-11-13T06:30:46.594+0000] {dagbag.py:538} INFO - Filling up the DagBag from /opt/airflow/dags/dags_pyhon_import_func.py
[2025-11-13T06:30:46.662+0000] {processor.py:840} INFO - DAG(s) 'dags_python_import_func' retrieved from /opt/airflow/dags/dags_pyhon_import_func.py
[2025-11-13T06:30:46.709+0000] {logging_mixin.py:188} INFO - [2025-11-13T06:30:46.708+0000] {dag.py:3036} INFO - Sync 1 DAGs
[2025-11-13T06:30:46.764+0000] {logging_mixin.py:188} INFO - [2025-11-13T06:30:46.764+0000] {dag.py:3823} INFO - Setting next_dagrun for dags_python_import_func to 2025-11-12 21:30:00+00:00, run_after=2025-11-13 21:30:00+00:00
[2025-11-13T06:30:46.809+0000] {processor.py:183} INFO - Processing /opt/airflow/dags/dags_pyhon_import_func.py took 0.231 seconds
[2025-11-13T06:31:16.890+0000] {processor.py:161} INFO - Started process (PID=701) to work on /opt/airflow/dags/dags_pyhon_import_func.py
[2025-11-13T06:31:16.893+0000] {processor.py:830} INFO - Processing file /opt/airflow/dags/dags_pyhon_import_func.py for tasks to queue
[2025-11-13T06:31:16.897+0000] {logging_mixin.py:188} INFO - [2025-11-13T06:31:16.897+0000] {dagbag.py:538} INFO - Filling up the DagBag from /opt/airflow/dags/dags_pyhon_import_func.py
[2025-11-13T06:31:16.965+0000] {processor.py:840} INFO - DAG(s) 'dags_python_import_func' retrieved from /opt/airflow/dags/dags_pyhon_import_func.py
[2025-11-13T06:31:17.001+0000] {logging_mixin.py:188} INFO - [2025-11-13T06:31:17.001+0000] {dag.py:3036} INFO - Sync 1 DAGs
[2025-11-13T06:31:17.044+0000] {logging_mixin.py:188} INFO - [2025-11-13T06:31:17.044+0000] {dag.py:3823} INFO - Setting next_dagrun for dags_python_import_func to 2025-11-12 21:30:00+00:00, run_after=2025-11-13 21:30:00+00:00
[2025-11-13T06:31:17.095+0000] {processor.py:183} INFO - Processing /opt/airflow/dags/dags_pyhon_import_func.py took 0.212 seconds
[2025-11-13T06:31:48.062+0000] {processor.py:161} INFO - Started process (PID=763) to work on /opt/airflow/dags/dags_pyhon_import_func.py
[2025-11-13T06:31:48.064+0000] {processor.py:830} INFO - Processing file /opt/airflow/dags/dags_pyhon_import_func.py for tasks to queue
[2025-11-13T06:31:48.067+0000] {logging_mixin.py:188} INFO - [2025-11-13T06:31:48.066+0000] {dagbag.py:538} INFO - Filling up the DagBag from /opt/airflow/dags/dags_pyhon_import_func.py
[2025-11-13T06:31:48.118+0000] {processor.py:840} INFO - DAG(s) 'dags_python_import_func' retrieved from /opt/airflow/dags/dags_pyhon_import_func.py
[2025-11-13T06:31:48.145+0000] {logging_mixin.py:188} INFO - [2025-11-13T06:31:48.145+0000] {dag.py:3036} INFO - Sync 1 DAGs
[2025-11-13T06:31:48.180+0000] {logging_mixin.py:188} INFO - [2025-11-13T06:31:48.180+0000] {dag.py:3823} INFO - Setting next_dagrun for dags_python_import_func to 2025-11-12 21:30:00+00:00, run_after=2025-11-13 21:30:00+00:00
[2025-11-13T06:31:48.217+0000] {processor.py:183} INFO - Processing /opt/airflow/dags/dags_pyhon_import_func.py took 0.160 seconds
[2025-11-13T06:32:18.539+0000] {processor.py:161} INFO - Started process (PID=825) to work on /opt/airflow/dags/dags_pyhon_import_func.py
[2025-11-13T06:32:18.540+0000] {processor.py:830} INFO - Processing file /opt/airflow/dags/dags_pyhon_import_func.py for tasks to queue
[2025-11-13T06:32:18.543+0000] {logging_mixin.py:188} INFO - [2025-11-13T06:32:18.543+0000] {dagbag.py:538} INFO - Filling up the DagBag from /opt/airflow/dags/dags_pyhon_import_func.py
[2025-11-13T06:32:18.609+0000] {processor.py:840} INFO - DAG(s) 'dags_python_import_func' retrieved from /opt/airflow/dags/dags_pyhon_import_func.py
[2025-11-13T06:32:18.642+0000] {logging_mixin.py:188} INFO - [2025-11-13T06:32:18.642+0000] {dag.py:3036} INFO - Sync 1 DAGs
[2025-11-13T06:32:18.678+0000] {logging_mixin.py:188} INFO - [2025-11-13T06:32:18.678+0000] {dag.py:3823} INFO - Setting next_dagrun for dags_python_import_func to 2025-11-12 21:30:00+00:00, run_after=2025-11-13 21:30:00+00:00
[2025-11-13T06:32:18.716+0000] {processor.py:183} INFO - Processing /opt/airflow/dags/dags_pyhon_import_func.py took 0.183 seconds
[2025-11-13T06:32:48.824+0000] {processor.py:161} INFO - Started process (PID=887) to work on /opt/airflow/dags/dags_pyhon_import_func.py
[2025-11-13T06:32:48.826+0000] {processor.py:830} INFO - Processing file /opt/airflow/dags/dags_pyhon_import_func.py for tasks to queue
[2025-11-13T06:32:48.829+0000] {logging_mixin.py:188} INFO - [2025-11-13T06:32:48.829+0000] {dagbag.py:538} INFO - Filling up the DagBag from /opt/airflow/dags/dags_pyhon_import_func.py
[2025-11-13T06:32:48.886+0000] {processor.py:840} INFO - DAG(s) 'dags_python_import_func' retrieved from /opt/airflow/dags/dags_pyhon_import_func.py
[2025-11-13T06:32:48.926+0000] {logging_mixin.py:188} INFO - [2025-11-13T06:32:48.926+0000] {dag.py:3036} INFO - Sync 1 DAGs
[2025-11-13T06:32:48.964+0000] {logging_mixin.py:188} INFO - [2025-11-13T06:32:48.964+0000] {dag.py:3823} INFO - Setting next_dagrun for dags_python_import_func to 2025-11-12 21:30:00+00:00, run_after=2025-11-13 21:30:00+00:00
[2025-11-13T06:32:49.001+0000] {processor.py:183} INFO - Processing /opt/airflow/dags/dags_pyhon_import_func.py took 0.184 seconds
[2025-11-13T06:33:19.531+0000] {processor.py:161} INFO - Started process (PID=949) to work on /opt/airflow/dags/dags_pyhon_import_func.py
[2025-11-13T06:33:19.533+0000] {processor.py:830} INFO - Processing file /opt/airflow/dags/dags_pyhon_import_func.py for tasks to queue
[2025-11-13T06:33:19.536+0000] {logging_mixin.py:188} INFO - [2025-11-13T06:33:19.535+0000] {dagbag.py:538} INFO - Filling up the DagBag from /opt/airflow/dags/dags_pyhon_import_func.py
[2025-11-13T06:33:19.593+0000] {processor.py:840} INFO - DAG(s) 'dags_python_import_func' retrieved from /opt/airflow/dags/dags_pyhon_import_func.py
[2025-11-13T06:33:19.619+0000] {logging_mixin.py:188} INFO - [2025-11-13T06:33:19.618+0000] {dag.py:3036} INFO - Sync 1 DAGs
[2025-11-13T06:33:19.652+0000] {logging_mixin.py:188} INFO - [2025-11-13T06:33:19.652+0000] {dag.py:3823} INFO - Setting next_dagrun for dags_python_import_func to 2025-11-12 21:30:00+00:00, run_after=2025-11-13 21:30:00+00:00
[2025-11-13T06:33:19.686+0000] {processor.py:183} INFO - Processing /opt/airflow/dags/dags_pyhon_import_func.py took 0.160 seconds
[2025-11-13T06:33:49.846+0000] {processor.py:161} INFO - Started process (PID=1011) to work on /opt/airflow/dags/dags_pyhon_import_func.py
[2025-11-13T06:33:49.847+0000] {processor.py:830} INFO - Processing file /opt/airflow/dags/dags_pyhon_import_func.py for tasks to queue
[2025-11-13T06:33:49.850+0000] {logging_mixin.py:188} INFO - [2025-11-13T06:33:49.849+0000] {dagbag.py:538} INFO - Filling up the DagBag from /opt/airflow/dags/dags_pyhon_import_func.py
[2025-11-13T06:33:49.892+0000] {processor.py:840} INFO - DAG(s) 'dags_python_import_func' retrieved from /opt/airflow/dags/dags_pyhon_import_func.py
[2025-11-13T06:33:49.916+0000] {logging_mixin.py:188} INFO - [2025-11-13T06:33:49.915+0000] {dag.py:3036} INFO - Sync 1 DAGs
[2025-11-13T06:33:49.944+0000] {logging_mixin.py:188} INFO - [2025-11-13T06:33:49.943+0000] {dag.py:3823} INFO - Setting next_dagrun for dags_python_import_func to 2025-11-12 21:30:00+00:00, run_after=2025-11-13 21:30:00+00:00
[2025-11-13T06:33:49.970+0000] {processor.py:183} INFO - Processing /opt/airflow/dags/dags_pyhon_import_func.py took 0.128 seconds
[2025-11-13T06:34:20.046+0000] {processor.py:161} INFO - Started process (PID=1073) to work on /opt/airflow/dags/dags_pyhon_import_func.py
[2025-11-13T06:34:20.048+0000] {processor.py:830} INFO - Processing file /opt/airflow/dags/dags_pyhon_import_func.py for tasks to queue
[2025-11-13T06:34:20.051+0000] {logging_mixin.py:188} INFO - [2025-11-13T06:34:20.051+0000] {dagbag.py:538} INFO - Filling up the DagBag from /opt/airflow/dags/dags_pyhon_import_func.py
[2025-11-13T06:34:20.103+0000] {processor.py:840} INFO - DAG(s) 'dags_python_import_func' retrieved from /opt/airflow/dags/dags_pyhon_import_func.py
[2025-11-13T06:34:20.137+0000] {logging_mixin.py:188} INFO - [2025-11-13T06:34:20.137+0000] {dag.py:3036} INFO - Sync 1 DAGs
[2025-11-13T06:34:20.178+0000] {logging_mixin.py:188} INFO - [2025-11-13T06:34:20.178+0000] {dag.py:3823} INFO - Setting next_dagrun for dags_python_import_func to 2025-11-12 21:30:00+00:00, run_after=2025-11-13 21:30:00+00:00
[2025-11-13T06:34:20.214+0000] {processor.py:183} INFO - Processing /opt/airflow/dags/dags_pyhon_import_func.py took 0.174 seconds
[2025-11-13T06:34:50.644+0000] {processor.py:161} INFO - Started process (PID=1135) to work on /opt/airflow/dags/dags_pyhon_import_func.py
[2025-11-13T06:34:50.645+0000] {processor.py:830} INFO - Processing file /opt/airflow/dags/dags_pyhon_import_func.py for tasks to queue
[2025-11-13T06:34:50.648+0000] {logging_mixin.py:188} INFO - [2025-11-13T06:34:50.647+0000] {dagbag.py:538} INFO - Filling up the DagBag from /opt/airflow/dags/dags_pyhon_import_func.py
[2025-11-13T06:34:50.693+0000] {processor.py:840} INFO - DAG(s) 'dags_python_import_func' retrieved from /opt/airflow/dags/dags_pyhon_import_func.py
[2025-11-13T06:34:50.719+0000] {logging_mixin.py:188} INFO - [2025-11-13T06:34:50.719+0000] {dag.py:3036} INFO - Sync 1 DAGs
[2025-11-13T06:34:50.748+0000] {logging_mixin.py:188} INFO - [2025-11-13T06:34:50.748+0000] {dag.py:3823} INFO - Setting next_dagrun for dags_python_import_func to 2025-11-12 21:30:00+00:00, run_after=2025-11-13 21:30:00+00:00
[2025-11-13T06:34:50.776+0000] {processor.py:183} INFO - Processing /opt/airflow/dags/dags_pyhon_import_func.py took 0.137 seconds
[2025-11-13T06:35:20.915+0000] {processor.py:161} INFO - Started process (PID=1196) to work on /opt/airflow/dags/dags_pyhon_import_func.py
[2025-11-13T06:35:20.917+0000] {processor.py:830} INFO - Processing file /opt/airflow/dags/dags_pyhon_import_func.py for tasks to queue
[2025-11-13T06:35:20.922+0000] {logging_mixin.py:188} INFO - [2025-11-13T06:35:20.921+0000] {dagbag.py:538} INFO - Filling up the DagBag from /opt/airflow/dags/dags_pyhon_import_func.py
[2025-11-13T06:35:20.978+0000] {processor.py:840} INFO - DAG(s) 'dags_python_import_func' retrieved from /opt/airflow/dags/dags_pyhon_import_func.py
[2025-11-13T06:35:21.025+0000] {logging_mixin.py:188} INFO - [2025-11-13T06:35:21.024+0000] {dag.py:3036} INFO - Sync 1 DAGs
[2025-11-13T06:35:21.080+0000] {logging_mixin.py:188} INFO - [2025-11-13T06:35:21.079+0000] {dag.py:3823} INFO - Setting next_dagrun for dags_python_import_func to 2025-11-12 21:30:00+00:00, run_after=2025-11-13 21:30:00+00:00
[2025-11-13T06:35:21.120+0000] {processor.py:183} INFO - Processing /opt/airflow/dags/dags_pyhon_import_func.py took 0.212 seconds
[2025-11-13T06:35:51.724+0000] {processor.py:161} INFO - Started process (PID=1257) to work on /opt/airflow/dags/dags_pyhon_import_func.py
[2025-11-13T06:35:51.726+0000] {processor.py:830} INFO - Processing file /opt/airflow/dags/dags_pyhon_import_func.py for tasks to queue
[2025-11-13T06:35:51.729+0000] {logging_mixin.py:188} INFO - [2025-11-13T06:35:51.729+0000] {dagbag.py:538} INFO - Filling up the DagBag from /opt/airflow/dags/dags_pyhon_import_func.py
[2025-11-13T06:35:51.782+0000] {processor.py:840} INFO - DAG(s) 'dags_python_import_func' retrieved from /opt/airflow/dags/dags_pyhon_import_func.py
[2025-11-13T06:35:51.823+0000] {logging_mixin.py:188} INFO - [2025-11-13T06:35:51.823+0000] {dag.py:3036} INFO - Sync 1 DAGs
[2025-11-13T06:35:51.886+0000] {logging_mixin.py:188} INFO - [2025-11-13T06:35:51.885+0000] {dag.py:3823} INFO - Setting next_dagrun for dags_python_import_func to 2025-11-12 21:30:00+00:00, run_after=2025-11-13 21:30:00+00:00
[2025-11-13T06:35:51.947+0000] {processor.py:183} INFO - Processing /opt/airflow/dags/dags_pyhon_import_func.py took 0.229 seconds
[2025-11-13T06:36:22.218+0000] {processor.py:161} INFO - Started process (PID=1319) to work on /opt/airflow/dags/dags_pyhon_import_func.py
[2025-11-13T06:36:22.219+0000] {processor.py:830} INFO - Processing file /opt/airflow/dags/dags_pyhon_import_func.py for tasks to queue
[2025-11-13T06:36:22.222+0000] {logging_mixin.py:188} INFO - [2025-11-13T06:36:22.221+0000] {dagbag.py:538} INFO - Filling up the DagBag from /opt/airflow/dags/dags_pyhon_import_func.py
[2025-11-13T06:36:22.266+0000] {processor.py:840} INFO - DAG(s) 'dags_python_import_func' retrieved from /opt/airflow/dags/dags_pyhon_import_func.py
[2025-11-13T06:36:22.295+0000] {logging_mixin.py:188} INFO - [2025-11-13T06:36:22.294+0000] {dag.py:3036} INFO - Sync 1 DAGs
[2025-11-13T06:36:22.331+0000] {logging_mixin.py:188} INFO - [2025-11-13T06:36:22.330+0000] {dag.py:3823} INFO - Setting next_dagrun for dags_python_import_func to 2025-11-12 21:30:00+00:00, run_after=2025-11-13 21:30:00+00:00
[2025-11-13T06:36:22.360+0000] {processor.py:183} INFO - Processing /opt/airflow/dags/dags_pyhon_import_func.py took 0.147 seconds
[2025-11-13T06:36:53.218+0000] {processor.py:161} INFO - Started process (PID=1382) to work on /opt/airflow/dags/dags_pyhon_import_func.py
[2025-11-13T06:36:53.220+0000] {processor.py:830} INFO - Processing file /opt/airflow/dags/dags_pyhon_import_func.py for tasks to queue
[2025-11-13T06:36:53.224+0000] {logging_mixin.py:188} INFO - [2025-11-13T06:36:53.223+0000] {dagbag.py:538} INFO - Filling up the DagBag from /opt/airflow/dags/dags_pyhon_import_func.py
[2025-11-13T06:36:53.284+0000] {processor.py:840} INFO - DAG(s) 'dags_python_import_func' retrieved from /opt/airflow/dags/dags_pyhon_import_func.py
[2025-11-13T06:36:53.315+0000] {logging_mixin.py:188} INFO - [2025-11-13T06:36:53.314+0000] {dag.py:3036} INFO - Sync 1 DAGs
[2025-11-13T06:36:53.352+0000] {logging_mixin.py:188} INFO - [2025-11-13T06:36:53.352+0000] {dag.py:3823} INFO - Setting next_dagrun for dags_python_import_func to 2025-11-12 21:30:00+00:00, run_after=2025-11-13 21:30:00+00:00
[2025-11-13T06:36:53.388+0000] {processor.py:183} INFO - Processing /opt/airflow/dags/dags_pyhon_import_func.py took 0.176 seconds
[2025-11-13T06:37:23.934+0000] {processor.py:161} INFO - Started process (PID=1444) to work on /opt/airflow/dags/dags_pyhon_import_func.py
[2025-11-13T06:37:23.936+0000] {processor.py:830} INFO - Processing file /opt/airflow/dags/dags_pyhon_import_func.py for tasks to queue
[2025-11-13T06:37:23.939+0000] {logging_mixin.py:188} INFO - [2025-11-13T06:37:23.938+0000] {dagbag.py:538} INFO - Filling up the DagBag from /opt/airflow/dags/dags_pyhon_import_func.py
[2025-11-13T06:37:23.994+0000] {processor.py:840} INFO - DAG(s) 'dags_python_import_func' retrieved from /opt/airflow/dags/dags_pyhon_import_func.py
[2025-11-13T06:37:24.028+0000] {logging_mixin.py:188} INFO - [2025-11-13T06:37:24.028+0000] {dag.py:3036} INFO - Sync 1 DAGs
[2025-11-13T06:37:24.077+0000] {logging_mixin.py:188} INFO - [2025-11-13T06:37:24.077+0000] {dag.py:3823} INFO - Setting next_dagrun for dags_python_import_func to 2025-11-12 21:30:00+00:00, run_after=2025-11-13 21:30:00+00:00
[2025-11-13T06:37:24.117+0000] {processor.py:183} INFO - Processing /opt/airflow/dags/dags_pyhon_import_func.py took 0.188 seconds
[2025-11-13T06:37:54.868+0000] {processor.py:161} INFO - Started process (PID=1506) to work on /opt/airflow/dags/dags_pyhon_import_func.py
[2025-11-13T06:37:54.869+0000] {processor.py:830} INFO - Processing file /opt/airflow/dags/dags_pyhon_import_func.py for tasks to queue
[2025-11-13T06:37:54.872+0000] {logging_mixin.py:188} INFO - [2025-11-13T06:37:54.871+0000] {dagbag.py:538} INFO - Filling up the DagBag from /opt/airflow/dags/dags_pyhon_import_func.py
[2025-11-13T06:37:54.916+0000] {processor.py:840} INFO - DAG(s) 'dags_python_import_func' retrieved from /opt/airflow/dags/dags_pyhon_import_func.py
[2025-11-13T06:37:54.939+0000] {logging_mixin.py:188} INFO - [2025-11-13T06:37:54.939+0000] {dag.py:3036} INFO - Sync 1 DAGs
[2025-11-13T06:37:54.968+0000] {logging_mixin.py:188} INFO - [2025-11-13T06:37:54.967+0000] {dag.py:3823} INFO - Setting next_dagrun for dags_python_import_func to 2025-11-12 21:30:00+00:00, run_after=2025-11-13 21:30:00+00:00
[2025-11-13T06:37:54.995+0000] {processor.py:183} INFO - Processing /opt/airflow/dags/dags_pyhon_import_func.py took 0.133 seconds
[2025-11-13T06:38:25.603+0000] {processor.py:161} INFO - Started process (PID=1568) to work on /opt/airflow/dags/dags_pyhon_import_func.py
[2025-11-13T06:38:25.605+0000] {processor.py:830} INFO - Processing file /opt/airflow/dags/dags_pyhon_import_func.py for tasks to queue
[2025-11-13T06:38:25.607+0000] {logging_mixin.py:188} INFO - [2025-11-13T06:38:25.607+0000] {dagbag.py:538} INFO - Filling up the DagBag from /opt/airflow/dags/dags_pyhon_import_func.py
[2025-11-13T06:38:25.645+0000] {processor.py:840} INFO - DAG(s) 'dags_python_import_func' retrieved from /opt/airflow/dags/dags_pyhon_import_func.py
[2025-11-13T06:38:25.667+0000] {logging_mixin.py:188} INFO - [2025-11-13T06:38:25.667+0000] {dag.py:3036} INFO - Sync 1 DAGs
[2025-11-13T06:38:25.694+0000] {logging_mixin.py:188} INFO - [2025-11-13T06:38:25.694+0000] {dag.py:3823} INFO - Setting next_dagrun for dags_python_import_func to 2025-11-12 21:30:00+00:00, run_after=2025-11-13 21:30:00+00:00
[2025-11-13T06:38:25.719+0000] {processor.py:183} INFO - Processing /opt/airflow/dags/dags_pyhon_import_func.py took 0.121 seconds
[2025-11-13T06:38:55.876+0000] {processor.py:161} INFO - Started process (PID=1630) to work on /opt/airflow/dags/dags_pyhon_import_func.py
[2025-11-13T06:38:55.877+0000] {processor.py:830} INFO - Processing file /opt/airflow/dags/dags_pyhon_import_func.py for tasks to queue
[2025-11-13T06:38:55.880+0000] {logging_mixin.py:188} INFO - [2025-11-13T06:38:55.879+0000] {dagbag.py:538} INFO - Filling up the DagBag from /opt/airflow/dags/dags_pyhon_import_func.py
[2025-11-13T06:38:55.918+0000] {processor.py:840} INFO - DAG(s) 'dags_python_import_func' retrieved from /opt/airflow/dags/dags_pyhon_import_func.py
[2025-11-13T06:38:55.950+0000] {logging_mixin.py:188} INFO - [2025-11-13T06:38:55.948+0000] {dag.py:3036} INFO - Sync 1 DAGs
[2025-11-13T06:38:56.040+0000] {logging_mixin.py:188} INFO - [2025-11-13T06:38:56.039+0000] {dag.py:3823} INFO - Setting next_dagrun for dags_python_import_func to 2025-11-12 21:30:00+00:00, run_after=2025-11-13 21:30:00+00:00
[2025-11-13T06:38:56.104+0000] {processor.py:183} INFO - Processing /opt/airflow/dags/dags_pyhon_import_func.py took 0.232 seconds
[2025-11-13T06:39:26.368+0000] {processor.py:161} INFO - Started process (PID=1692) to work on /opt/airflow/dags/dags_pyhon_import_func.py
[2025-11-13T06:39:26.372+0000] {processor.py:830} INFO - Processing file /opt/airflow/dags/dags_pyhon_import_func.py for tasks to queue
[2025-11-13T06:39:26.382+0000] {logging_mixin.py:188} INFO - [2025-11-13T06:39:26.379+0000] {dagbag.py:538} INFO - Filling up the DagBag from /opt/airflow/dags/dags_pyhon_import_func.py
[2025-11-13T06:39:26.501+0000] {processor.py:840} INFO - DAG(s) 'dags_python_import_func' retrieved from /opt/airflow/dags/dags_pyhon_import_func.py
[2025-11-13T06:39:26.554+0000] {logging_mixin.py:188} INFO - [2025-11-13T06:39:26.554+0000] {dag.py:3036} INFO - Sync 1 DAGs
[2025-11-13T06:39:26.633+0000] {logging_mixin.py:188} INFO - [2025-11-13T06:39:26.632+0000] {dag.py:3823} INFO - Setting next_dagrun for dags_python_import_func to 2025-11-12 21:30:00+00:00, run_after=2025-11-13 21:30:00+00:00
[2025-11-13T06:39:26.684+0000] {processor.py:183} INFO - Processing /opt/airflow/dags/dags_pyhon_import_func.py took 0.325 seconds
[2025-11-13T06:39:56.954+0000] {processor.py:161} INFO - Started process (PID=1754) to work on /opt/airflow/dags/dags_pyhon_import_func.py
[2025-11-13T06:39:56.958+0000] {processor.py:830} INFO - Processing file /opt/airflow/dags/dags_pyhon_import_func.py for tasks to queue
[2025-11-13T06:39:56.964+0000] {logging_mixin.py:188} INFO - [2025-11-13T06:39:56.963+0000] {dagbag.py:538} INFO - Filling up the DagBag from /opt/airflow/dags/dags_pyhon_import_func.py
[2025-11-13T06:39:57.118+0000] {processor.py:840} INFO - DAG(s) 'dags_python_import_func' retrieved from /opt/airflow/dags/dags_pyhon_import_func.py
[2025-11-13T06:39:57.212+0000] {logging_mixin.py:188} INFO - [2025-11-13T06:39:57.211+0000] {dag.py:3036} INFO - Sync 1 DAGs
[2025-11-13T06:39:57.370+0000] {logging_mixin.py:188} INFO - [2025-11-13T06:39:57.369+0000] {dag.py:3823} INFO - Setting next_dagrun for dags_python_import_func to 2025-11-12 21:30:00+00:00, run_after=2025-11-13 21:30:00+00:00
[2025-11-13T06:39:57.471+0000] {processor.py:183} INFO - Processing /opt/airflow/dags/dags_pyhon_import_func.py took 0.536 seconds
[2025-11-13T06:40:27.701+0000] {processor.py:161} INFO - Started process (PID=1817) to work on /opt/airflow/dags/dags_pyhon_import_func.py
[2025-11-13T06:40:27.703+0000] {processor.py:830} INFO - Processing file /opt/airflow/dags/dags_pyhon_import_func.py for tasks to queue
[2025-11-13T06:40:27.707+0000] {logging_mixin.py:188} INFO - [2025-11-13T06:40:27.707+0000] {dagbag.py:538} INFO - Filling up the DagBag from /opt/airflow/dags/dags_pyhon_import_func.py
[2025-11-13T06:40:27.767+0000] {processor.py:840} INFO - DAG(s) 'dags_python_import_func' retrieved from /opt/airflow/dags/dags_pyhon_import_func.py
[2025-11-13T06:40:27.842+0000] {logging_mixin.py:188} INFO - [2025-11-13T06:40:27.841+0000] {dag.py:3036} INFO - Sync 1 DAGs
[2025-11-13T06:40:27.967+0000] {logging_mixin.py:188} INFO - [2025-11-13T06:40:27.966+0000] {dag.py:3823} INFO - Setting next_dagrun for dags_python_import_func to 2025-11-12 21:30:00+00:00, run_after=2025-11-13 21:30:00+00:00
[2025-11-13T06:40:28.089+0000] {processor.py:183} INFO - Processing /opt/airflow/dags/dags_pyhon_import_func.py took 0.395 seconds
[2025-11-13T06:40:58.309+0000] {processor.py:161} INFO - Started process (PID=1879) to work on /opt/airflow/dags/dags_pyhon_import_func.py
[2025-11-13T06:40:58.313+0000] {processor.py:830} INFO - Processing file /opt/airflow/dags/dags_pyhon_import_func.py for tasks to queue
[2025-11-13T06:40:58.319+0000] {logging_mixin.py:188} INFO - [2025-11-13T06:40:58.317+0000] {dagbag.py:538} INFO - Filling up the DagBag from /opt/airflow/dags/dags_pyhon_import_func.py
[2025-11-13T06:40:58.457+0000] {processor.py:840} INFO - DAG(s) 'dags_python_import_func' retrieved from /opt/airflow/dags/dags_pyhon_import_func.py
[2025-11-13T06:40:58.548+0000] {logging_mixin.py:188} INFO - [2025-11-13T06:40:58.548+0000] {dag.py:3036} INFO - Sync 1 DAGs
[2025-11-13T06:40:58.704+0000] {logging_mixin.py:188} INFO - [2025-11-13T06:40:58.704+0000] {dag.py:3823} INFO - Setting next_dagrun for dags_python_import_func to 2025-11-12 21:30:00+00:00, run_after=2025-11-13 21:30:00+00:00
[2025-11-13T06:40:58.844+0000] {processor.py:183} INFO - Processing /opt/airflow/dags/dags_pyhon_import_func.py took 0.552 seconds
[2025-11-13T06:41:29.549+0000] {processor.py:161} INFO - Started process (PID=1942) to work on /opt/airflow/dags/dags_pyhon_import_func.py
[2025-11-13T06:41:29.552+0000] {processor.py:830} INFO - Processing file /opt/airflow/dags/dags_pyhon_import_func.py for tasks to queue
[2025-11-13T06:41:29.566+0000] {logging_mixin.py:188} INFO - [2025-11-13T06:41:29.565+0000] {dagbag.py:538} INFO - Filling up the DagBag from /opt/airflow/dags/dags_pyhon_import_func.py
[2025-11-13T06:41:29.727+0000] {processor.py:840} INFO - DAG(s) 'dags_python_import_func' retrieved from /opt/airflow/dags/dags_pyhon_import_func.py
[2025-11-13T06:41:29.795+0000] {logging_mixin.py:188} INFO - [2025-11-13T06:41:29.794+0000] {dag.py:3036} INFO - Sync 1 DAGs
[2025-11-13T06:41:29.900+0000] {logging_mixin.py:188} INFO - [2025-11-13T06:41:29.899+0000] {dag.py:3823} INFO - Setting next_dagrun for dags_python_import_func to 2025-11-12 21:30:00+00:00, run_after=2025-11-13 21:30:00+00:00
[2025-11-13T06:41:29.994+0000] {processor.py:183} INFO - Processing /opt/airflow/dags/dags_pyhon_import_func.py took 0.466 seconds
[2025-11-13T06:42:00.583+0000] {processor.py:161} INFO - Started process (PID=2010) to work on /opt/airflow/dags/dags_pyhon_import_func.py
[2025-11-13T06:42:00.585+0000] {processor.py:830} INFO - Processing file /opt/airflow/dags/dags_pyhon_import_func.py for tasks to queue
[2025-11-13T06:42:00.588+0000] {logging_mixin.py:188} INFO - [2025-11-13T06:42:00.588+0000] {dagbag.py:538} INFO - Filling up the DagBag from /opt/airflow/dags/dags_pyhon_import_func.py
[2025-11-13T06:42:00.637+0000] {processor.py:840} INFO - DAG(s) 'dags_python_import_func' retrieved from /opt/airflow/dags/dags_pyhon_import_func.py
[2025-11-13T06:42:00.667+0000] {logging_mixin.py:188} INFO - [2025-11-13T06:42:00.666+0000] {dag.py:3036} INFO - Sync 1 DAGs
[2025-11-13T06:42:00.701+0000] {logging_mixin.py:188} INFO - [2025-11-13T06:42:00.701+0000] {dag.py:3823} INFO - Setting next_dagrun for dags_python_import_func to 2025-11-12 21:30:00+00:00, run_after=2025-11-13 21:30:00+00:00
[2025-11-13T06:42:00.738+0000] {processor.py:183} INFO - Processing /opt/airflow/dags/dags_pyhon_import_func.py took 0.160 seconds
[2025-11-13T06:42:30.908+0000] {processor.py:161} INFO - Started process (PID=2072) to work on /opt/airflow/dags/dags_pyhon_import_func.py
[2025-11-13T06:42:30.910+0000] {processor.py:830} INFO - Processing file /opt/airflow/dags/dags_pyhon_import_func.py for tasks to queue
[2025-11-13T06:42:30.914+0000] {logging_mixin.py:188} INFO - [2025-11-13T06:42:30.913+0000] {dagbag.py:538} INFO - Filling up the DagBag from /opt/airflow/dags/dags_pyhon_import_func.py
[2025-11-13T06:42:30.966+0000] {processor.py:840} INFO - DAG(s) 'dags_python_import_func' retrieved from /opt/airflow/dags/dags_pyhon_import_func.py
[2025-11-13T06:42:31.000+0000] {logging_mixin.py:188} INFO - [2025-11-13T06:42:31.000+0000] {dag.py:3036} INFO - Sync 1 DAGs
[2025-11-13T06:42:31.038+0000] {logging_mixin.py:188} INFO - [2025-11-13T06:42:31.037+0000] {dag.py:3823} INFO - Setting next_dagrun for dags_python_import_func to 2025-11-12 21:30:00+00:00, run_after=2025-11-13 21:30:00+00:00
[2025-11-13T06:42:31.076+0000] {processor.py:183} INFO - Processing /opt/airflow/dags/dags_pyhon_import_func.py took 0.173 seconds
[2025-11-13T06:43:01.340+0000] {processor.py:161} INFO - Started process (PID=2134) to work on /opt/airflow/dags/dags_pyhon_import_func.py
[2025-11-13T06:43:01.345+0000] {processor.py:830} INFO - Processing file /opt/airflow/dags/dags_pyhon_import_func.py for tasks to queue
[2025-11-13T06:43:01.349+0000] {logging_mixin.py:188} INFO - [2025-11-13T06:43:01.349+0000] {dagbag.py:538} INFO - Filling up the DagBag from /opt/airflow/dags/dags_pyhon_import_func.py
[2025-11-13T06:43:01.396+0000] {processor.py:840} INFO - DAG(s) 'dags_python_import_func' retrieved from /opt/airflow/dags/dags_pyhon_import_func.py
[2025-11-13T06:43:01.425+0000] {logging_mixin.py:188} INFO - [2025-11-13T06:43:01.425+0000] {dag.py:3036} INFO - Sync 1 DAGs
[2025-11-13T06:43:01.460+0000] {logging_mixin.py:188} INFO - [2025-11-13T06:43:01.460+0000] {dag.py:3823} INFO - Setting next_dagrun for dags_python_import_func to 2025-11-12 21:30:00+00:00, run_after=2025-11-13 21:30:00+00:00
[2025-11-13T06:43:01.489+0000] {processor.py:183} INFO - Processing /opt/airflow/dags/dags_pyhon_import_func.py took 0.156 seconds
[2025-11-13T06:43:31.864+0000] {processor.py:161} INFO - Started process (PID=2197) to work on /opt/airflow/dags/dags_pyhon_import_func.py
[2025-11-13T06:43:31.866+0000] {processor.py:830} INFO - Processing file /opt/airflow/dags/dags_pyhon_import_func.py for tasks to queue
[2025-11-13T06:43:31.870+0000] {logging_mixin.py:188} INFO - [2025-11-13T06:43:31.869+0000] {dagbag.py:538} INFO - Filling up the DagBag from /opt/airflow/dags/dags_pyhon_import_func.py
[2025-11-13T06:43:31.926+0000] {processor.py:840} INFO - DAG(s) 'dags_python_import_func' retrieved from /opt/airflow/dags/dags_pyhon_import_func.py
[2025-11-13T06:43:31.960+0000] {logging_mixin.py:188} INFO - [2025-11-13T06:43:31.960+0000] {dag.py:3036} INFO - Sync 1 DAGs
[2025-11-13T06:43:32.014+0000] {logging_mixin.py:188} INFO - [2025-11-13T06:43:32.014+0000] {dag.py:3823} INFO - Setting next_dagrun for dags_python_import_func to 2025-11-12 21:30:00+00:00, run_after=2025-11-13 21:30:00+00:00
[2025-11-13T06:43:32.055+0000] {processor.py:183} INFO - Processing /opt/airflow/dags/dags_pyhon_import_func.py took 0.197 seconds
[2025-11-13T06:44:02.333+0000] {processor.py:161} INFO - Started process (PID=2259) to work on /opt/airflow/dags/dags_pyhon_import_func.py
[2025-11-13T06:44:02.335+0000] {processor.py:830} INFO - Processing file /opt/airflow/dags/dags_pyhon_import_func.py for tasks to queue
[2025-11-13T06:44:02.338+0000] {logging_mixin.py:188} INFO - [2025-11-13T06:44:02.337+0000] {dagbag.py:538} INFO - Filling up the DagBag from /opt/airflow/dags/dags_pyhon_import_func.py
[2025-11-13T06:44:02.385+0000] {processor.py:840} INFO - DAG(s) 'dags_python_import_func' retrieved from /opt/airflow/dags/dags_pyhon_import_func.py
[2025-11-13T06:44:02.417+0000] {logging_mixin.py:188} INFO - [2025-11-13T06:44:02.417+0000] {dag.py:3036} INFO - Sync 1 DAGs
[2025-11-13T06:44:02.460+0000] {logging_mixin.py:188} INFO - [2025-11-13T06:44:02.460+0000] {dag.py:3823} INFO - Setting next_dagrun for dags_python_import_func to 2025-11-12 21:30:00+00:00, run_after=2025-11-13 21:30:00+00:00
[2025-11-13T06:44:02.501+0000] {processor.py:183} INFO - Processing /opt/airflow/dags/dags_pyhon_import_func.py took 0.173 seconds
[2025-11-13T06:44:32.617+0000] {processor.py:161} INFO - Started process (PID=2321) to work on /opt/airflow/dags/dags_pyhon_import_func.py
[2025-11-13T06:44:32.618+0000] {processor.py:830} INFO - Processing file /opt/airflow/dags/dags_pyhon_import_func.py for tasks to queue
[2025-11-13T06:44:32.621+0000] {logging_mixin.py:188} INFO - [2025-11-13T06:44:32.620+0000] {dagbag.py:538} INFO - Filling up the DagBag from /opt/airflow/dags/dags_pyhon_import_func.py
[2025-11-13T06:44:32.661+0000] {processor.py:840} INFO - DAG(s) 'dags_python_import_func' retrieved from /opt/airflow/dags/dags_pyhon_import_func.py
[2025-11-13T06:44:32.686+0000] {logging_mixin.py:188} INFO - [2025-11-13T06:44:32.686+0000] {dag.py:3036} INFO - Sync 1 DAGs
[2025-11-13T06:44:32.714+0000] {logging_mixin.py:188} INFO - [2025-11-13T06:44:32.713+0000] {dag.py:3823} INFO - Setting next_dagrun for dags_python_import_func to 2025-11-12 21:30:00+00:00, run_after=2025-11-13 21:30:00+00:00
[2025-11-13T06:44:32.750+0000] {processor.py:183} INFO - Processing /opt/airflow/dags/dags_pyhon_import_func.py took 0.138 seconds
[2025-11-13T06:45:03.162+0000] {processor.py:161} INFO - Started process (PID=2383) to work on /opt/airflow/dags/dags_pyhon_import_func.py
[2025-11-13T06:45:03.164+0000] {processor.py:830} INFO - Processing file /opt/airflow/dags/dags_pyhon_import_func.py for tasks to queue
[2025-11-13T06:45:03.166+0000] {logging_mixin.py:188} INFO - [2025-11-13T06:45:03.166+0000] {dagbag.py:538} INFO - Filling up the DagBag from /opt/airflow/dags/dags_pyhon_import_func.py
[2025-11-13T06:45:03.206+0000] {processor.py:840} INFO - DAG(s) 'dags_python_import_func' retrieved from /opt/airflow/dags/dags_pyhon_import_func.py
[2025-11-13T06:45:03.233+0000] {logging_mixin.py:188} INFO - [2025-11-13T06:45:03.233+0000] {dag.py:3036} INFO - Sync 1 DAGs
[2025-11-13T06:45:03.261+0000] {logging_mixin.py:188} INFO - [2025-11-13T06:45:03.260+0000] {dag.py:3823} INFO - Setting next_dagrun for dags_python_import_func to 2025-11-12 21:30:00+00:00, run_after=2025-11-13 21:30:00+00:00
[2025-11-13T06:45:03.286+0000] {processor.py:183} INFO - Processing /opt/airflow/dags/dags_pyhon_import_func.py took 0.128 seconds
[2025-11-13T06:45:33.912+0000] {processor.py:161} INFO - Started process (PID=2445) to work on /opt/airflow/dags/dags_pyhon_import_func.py
[2025-11-13T06:45:33.913+0000] {processor.py:830} INFO - Processing file /opt/airflow/dags/dags_pyhon_import_func.py for tasks to queue
[2025-11-13T06:45:33.916+0000] {logging_mixin.py:188} INFO - [2025-11-13T06:45:33.915+0000] {dagbag.py:538} INFO - Filling up the DagBag from /opt/airflow/dags/dags_pyhon_import_func.py
[2025-11-13T06:45:33.955+0000] {processor.py:840} INFO - DAG(s) 'dags_python_import_func' retrieved from /opt/airflow/dags/dags_pyhon_import_func.py
[2025-11-13T06:45:33.980+0000] {logging_mixin.py:188} INFO - [2025-11-13T06:45:33.980+0000] {dag.py:3036} INFO - Sync 1 DAGs
[2025-11-13T06:45:34.007+0000] {logging_mixin.py:188} INFO - [2025-11-13T06:45:34.007+0000] {dag.py:3823} INFO - Setting next_dagrun for dags_python_import_func to 2025-11-12 21:30:00+00:00, run_after=2025-11-13 21:30:00+00:00
[2025-11-13T06:45:34.043+0000] {processor.py:183} INFO - Processing /opt/airflow/dags/dags_pyhon_import_func.py took 0.135 seconds
[2025-11-13T06:46:04.730+0000] {processor.py:161} INFO - Started process (PID=2508) to work on /opt/airflow/dags/dags_pyhon_import_func.py
[2025-11-13T06:46:04.732+0000] {processor.py:830} INFO - Processing file /opt/airflow/dags/dags_pyhon_import_func.py for tasks to queue
[2025-11-13T06:46:04.736+0000] {logging_mixin.py:188} INFO - [2025-11-13T06:46:04.736+0000] {dagbag.py:538} INFO - Filling up the DagBag from /opt/airflow/dags/dags_pyhon_import_func.py
[2025-11-13T06:46:04.789+0000] {processor.py:840} INFO - DAG(s) 'dags_python_import_func' retrieved from /opt/airflow/dags/dags_pyhon_import_func.py
[2025-11-13T06:46:04.820+0000] {logging_mixin.py:188} INFO - [2025-11-13T06:46:04.820+0000] {dag.py:3036} INFO - Sync 1 DAGs
[2025-11-13T06:46:04.855+0000] {logging_mixin.py:188} INFO - [2025-11-13T06:46:04.855+0000] {dag.py:3823} INFO - Setting next_dagrun for dags_python_import_func to 2025-11-12 21:30:00+00:00, run_after=2025-11-13 21:30:00+00:00
[2025-11-13T06:46:04.889+0000] {processor.py:183} INFO - Processing /opt/airflow/dags/dags_pyhon_import_func.py took 0.164 seconds
[2025-11-13T06:46:35.471+0000] {processor.py:161} INFO - Started process (PID=2571) to work on /opt/airflow/dags/dags_pyhon_import_func.py
[2025-11-13T06:46:35.473+0000] {processor.py:830} INFO - Processing file /opt/airflow/dags/dags_pyhon_import_func.py for tasks to queue
[2025-11-13T06:46:35.478+0000] {logging_mixin.py:188} INFO - [2025-11-13T06:46:35.477+0000] {dagbag.py:538} INFO - Filling up the DagBag from /opt/airflow/dags/dags_pyhon_import_func.py
[2025-11-13T06:46:35.536+0000] {processor.py:840} INFO - DAG(s) 'dags_python_import_func' retrieved from /opt/airflow/dags/dags_pyhon_import_func.py
[2025-11-13T06:46:35.575+0000] {logging_mixin.py:188} INFO - [2025-11-13T06:46:35.574+0000] {dag.py:3036} INFO - Sync 1 DAGs
[2025-11-13T06:46:35.634+0000] {logging_mixin.py:188} INFO - [2025-11-13T06:46:35.633+0000] {dag.py:3823} INFO - Setting next_dagrun for dags_python_import_func to 2025-11-12 21:30:00+00:00, run_after=2025-11-13 21:30:00+00:00
[2025-11-13T06:46:35.668+0000] {processor.py:183} INFO - Processing /opt/airflow/dags/dags_pyhon_import_func.py took 0.204 seconds
[2025-11-13T06:47:06.069+0000] {processor.py:161} INFO - Started process (PID=2633) to work on /opt/airflow/dags/dags_pyhon_import_func.py
[2025-11-13T06:47:06.070+0000] {processor.py:830} INFO - Processing file /opt/airflow/dags/dags_pyhon_import_func.py for tasks to queue
[2025-11-13T06:47:06.073+0000] {logging_mixin.py:188} INFO - [2025-11-13T06:47:06.073+0000] {dagbag.py:538} INFO - Filling up the DagBag from /opt/airflow/dags/dags_pyhon_import_func.py
[2025-11-13T06:47:06.112+0000] {processor.py:840} INFO - DAG(s) 'dags_python_import_func' retrieved from /opt/airflow/dags/dags_pyhon_import_func.py
[2025-11-13T06:47:06.137+0000] {logging_mixin.py:188} INFO - [2025-11-13T06:47:06.136+0000] {dag.py:3036} INFO - Sync 1 DAGs
[2025-11-13T06:47:06.168+0000] {logging_mixin.py:188} INFO - [2025-11-13T06:47:06.168+0000] {dag.py:3823} INFO - Setting next_dagrun for dags_python_import_func to 2025-11-12 21:30:00+00:00, run_after=2025-11-13 21:30:00+00:00
[2025-11-13T06:47:06.196+0000] {processor.py:183} INFO - Processing /opt/airflow/dags/dags_pyhon_import_func.py took 0.131 seconds
[2025-11-13T06:47:36.675+0000] {processor.py:161} INFO - Started process (PID=2696) to work on /opt/airflow/dags/dags_pyhon_import_func.py
[2025-11-13T06:47:36.677+0000] {processor.py:830} INFO - Processing file /opt/airflow/dags/dags_pyhon_import_func.py for tasks to queue
[2025-11-13T06:47:36.680+0000] {logging_mixin.py:188} INFO - [2025-11-13T06:47:36.680+0000] {dagbag.py:538} INFO - Filling up the DagBag from /opt/airflow/dags/dags_pyhon_import_func.py
[2025-11-13T06:47:36.739+0000] {processor.py:840} INFO - DAG(s) 'dags_python_import_func' retrieved from /opt/airflow/dags/dags_pyhon_import_func.py
[2025-11-13T06:47:36.766+0000] {logging_mixin.py:188} INFO - [2025-11-13T06:47:36.765+0000] {dag.py:3036} INFO - Sync 1 DAGs
[2025-11-13T06:47:36.796+0000] {logging_mixin.py:188} INFO - [2025-11-13T06:47:36.795+0000] {dag.py:3823} INFO - Setting next_dagrun for dags_python_import_func to 2025-11-12 21:30:00+00:00, run_after=2025-11-13 21:30:00+00:00
[2025-11-13T06:47:36.832+0000] {processor.py:183} INFO - Processing /opt/airflow/dags/dags_pyhon_import_func.py took 0.162 seconds
[2025-11-13T06:48:07.426+0000] {processor.py:161} INFO - Started process (PID=2758) to work on /opt/airflow/dags/dags_pyhon_import_func.py
[2025-11-13T06:48:07.428+0000] {processor.py:830} INFO - Processing file /opt/airflow/dags/dags_pyhon_import_func.py for tasks to queue
[2025-11-13T06:48:07.432+0000] {logging_mixin.py:188} INFO - [2025-11-13T06:48:07.431+0000] {dagbag.py:538} INFO - Filling up the DagBag from /opt/airflow/dags/dags_pyhon_import_func.py
[2025-11-13T06:48:07.486+0000] {processor.py:840} INFO - DAG(s) 'dags_python_import_func' retrieved from /opt/airflow/dags/dags_pyhon_import_func.py
[2025-11-13T06:48:07.517+0000] {logging_mixin.py:188} INFO - [2025-11-13T06:48:07.517+0000] {dag.py:3036} INFO - Sync 1 DAGs
[2025-11-13T06:48:07.556+0000] {logging_mixin.py:188} INFO - [2025-11-13T06:48:07.556+0000] {dag.py:3823} INFO - Setting next_dagrun for dags_python_import_func to 2025-11-12 21:30:00+00:00, run_after=2025-11-13 21:30:00+00:00
[2025-11-13T06:48:07.591+0000] {processor.py:183} INFO - Processing /opt/airflow/dags/dags_pyhon_import_func.py took 0.171 seconds
[2025-11-13T06:48:37.865+0000] {processor.py:161} INFO - Started process (PID=2820) to work on /opt/airflow/dags/dags_pyhon_import_func.py
[2025-11-13T06:48:37.871+0000] {processor.py:830} INFO - Processing file /opt/airflow/dags/dags_pyhon_import_func.py for tasks to queue
[2025-11-13T06:48:37.876+0000] {logging_mixin.py:188} INFO - [2025-11-13T06:48:37.875+0000] {dagbag.py:538} INFO - Filling up the DagBag from /opt/airflow/dags/dags_pyhon_import_func.py
[2025-11-13T06:48:37.952+0000] {processor.py:840} INFO - DAG(s) 'dags_python_import_func' retrieved from /opt/airflow/dags/dags_pyhon_import_func.py
[2025-11-13T06:48:38.009+0000] {logging_mixin.py:188} INFO - [2025-11-13T06:48:38.009+0000] {dag.py:3036} INFO - Sync 1 DAGs
[2025-11-13T06:48:38.064+0000] {logging_mixin.py:188} INFO - [2025-11-13T06:48:38.063+0000] {dag.py:3823} INFO - Setting next_dagrun for dags_python_import_func to 2025-11-12 21:30:00+00:00, run_after=2025-11-13 21:30:00+00:00
[2025-11-13T06:48:38.155+0000] {processor.py:183} INFO - Processing /opt/airflow/dags/dags_pyhon_import_func.py took 0.298 seconds
[2025-11-13T06:49:08.271+0000] {processor.py:161} INFO - Started process (PID=2881) to work on /opt/airflow/dags/dags_pyhon_import_func.py
[2025-11-13T06:49:08.275+0000] {processor.py:830} INFO - Processing file /opt/airflow/dags/dags_pyhon_import_func.py for tasks to queue
[2025-11-13T06:49:08.282+0000] {logging_mixin.py:188} INFO - [2025-11-13T06:49:08.281+0000] {dagbag.py:538} INFO - Filling up the DagBag from /opt/airflow/dags/dags_pyhon_import_func.py
[2025-11-13T06:49:08.574+0000] {processor.py:840} INFO - DAG(s) 'dags_python_import_func' retrieved from /opt/airflow/dags/dags_pyhon_import_func.py
[2025-11-13T06:49:08.673+0000] {logging_mixin.py:188} INFO - [2025-11-13T06:49:08.672+0000] {dag.py:3036} INFO - Sync 1 DAGs
[2025-11-13T06:49:08.769+0000] {logging_mixin.py:188} INFO - [2025-11-13T06:49:08.769+0000] {dag.py:3823} INFO - Setting next_dagrun for dags_python_import_func to 2025-11-12 21:30:00+00:00, run_after=2025-11-13 21:30:00+00:00
[2025-11-13T06:49:08.846+0000] {processor.py:183} INFO - Processing /opt/airflow/dags/dags_pyhon_import_func.py took 0.594 seconds
[2025-11-13T06:49:39.906+0000] {processor.py:161} INFO - Started process (PID=2943) to work on /opt/airflow/dags/dags_pyhon_import_func.py
[2025-11-13T06:49:39.918+0000] {processor.py:830} INFO - Processing file /opt/airflow/dags/dags_pyhon_import_func.py for tasks to queue
[2025-11-13T06:49:39.924+0000] {logging_mixin.py:188} INFO - [2025-11-13T06:49:39.923+0000] {dagbag.py:538} INFO - Filling up the DagBag from /opt/airflow/dags/dags_pyhon_import_func.py
[2025-11-13T06:49:40.023+0000] {processor.py:840} INFO - DAG(s) 'dags_python_import_func' retrieved from /opt/airflow/dags/dags_pyhon_import_func.py
[2025-11-13T06:49:40.070+0000] {logging_mixin.py:188} INFO - [2025-11-13T06:49:40.070+0000] {dag.py:3036} INFO - Sync 1 DAGs
[2025-11-13T06:49:40.131+0000] {logging_mixin.py:188} INFO - [2025-11-13T06:49:40.131+0000] {dag.py:3823} INFO - Setting next_dagrun for dags_python_import_func to 2025-11-12 21:30:00+00:00, run_after=2025-11-13 21:30:00+00:00
[2025-11-13T06:49:40.373+0000] {processor.py:183} INFO - Processing /opt/airflow/dags/dags_pyhon_import_func.py took 0.474 seconds
[2025-11-13T06:50:10.854+0000] {processor.py:161} INFO - Started process (PID=3005) to work on /opt/airflow/dags/dags_pyhon_import_func.py
[2025-11-13T06:50:10.862+0000] {processor.py:830} INFO - Processing file /opt/airflow/dags/dags_pyhon_import_func.py for tasks to queue
[2025-11-13T06:50:10.870+0000] {logging_mixin.py:188} INFO - [2025-11-13T06:50:10.869+0000] {dagbag.py:538} INFO - Filling up the DagBag from /opt/airflow/dags/dags_pyhon_import_func.py
[2025-11-13T06:50:10.988+0000] {processor.py:840} INFO - DAG(s) 'dags_python_import_func' retrieved from /opt/airflow/dags/dags_pyhon_import_func.py
[2025-11-13T06:50:11.106+0000] {logging_mixin.py:188} INFO - [2025-11-13T06:50:11.106+0000] {dag.py:3036} INFO - Sync 1 DAGs
[2025-11-13T06:50:11.230+0000] {logging_mixin.py:188} INFO - [2025-11-13T06:50:11.230+0000] {dag.py:3823} INFO - Setting next_dagrun for dags_python_import_func to 2025-11-12 21:30:00+00:00, run_after=2025-11-13 21:30:00+00:00
[2025-11-13T06:50:11.366+0000] {processor.py:183} INFO - Processing /opt/airflow/dags/dags_pyhon_import_func.py took 0.528 seconds
[2025-11-13T06:50:42.253+0000] {processor.py:161} INFO - Started process (PID=3068) to work on /opt/airflow/dags/dags_pyhon_import_func.py
[2025-11-13T06:50:42.255+0000] {processor.py:830} INFO - Processing file /opt/airflow/dags/dags_pyhon_import_func.py for tasks to queue
[2025-11-13T06:50:42.260+0000] {logging_mixin.py:188} INFO - [2025-11-13T06:50:42.260+0000] {dagbag.py:538} INFO - Filling up the DagBag from /opt/airflow/dags/dags_pyhon_import_func.py
[2025-11-13T06:50:42.336+0000] {processor.py:840} INFO - DAG(s) 'dags_python_import_func' retrieved from /opt/airflow/dags/dags_pyhon_import_func.py
[2025-11-13T06:50:42.384+0000] {logging_mixin.py:188} INFO - [2025-11-13T06:50:42.383+0000] {dag.py:3036} INFO - Sync 1 DAGs
[2025-11-13T06:50:42.442+0000] {logging_mixin.py:188} INFO - [2025-11-13T06:50:42.441+0000] {dag.py:3823} INFO - Setting next_dagrun for dags_python_import_func to 2025-11-12 21:30:00+00:00, run_after=2025-11-13 21:30:00+00:00
[2025-11-13T06:50:42.486+0000] {processor.py:183} INFO - Processing /opt/airflow/dags/dags_pyhon_import_func.py took 0.242 seconds
