[2025-11-13T06:26:09.287+0000] {processor.py:161} INFO - Started process (PID=79) to work on /opt/airflow/dags/dags_pyhon_operator.py
[2025-11-13T06:26:09.293+0000] {processor.py:830} INFO - Processing file /opt/airflow/dags/dags_pyhon_operator.py for tasks to queue
[2025-11-13T06:26:09.327+0000] {logging_mixin.py:188} INFO - [2025-11-13T06:26:09.325+0000] {dagbag.py:538} INFO - Filling up the DagBag from /opt/airflow/dags/dags_pyhon_operator.py
[2025-11-13T06:26:09.465+0000] {processor.py:840} INFO - DAG(s) 'dags_python_operator' retrieved from /opt/airflow/dags/dags_pyhon_operator.py
[2025-11-13T06:26:10.151+0000] {logging_mixin.py:188} INFO - [2025-11-13T06:26:10.149+0000] {dag.py:3036} INFO - Sync 1 DAGs
[2025-11-13T06:26:10.261+0000] {logging_mixin.py:188} INFO - [2025-11-13T06:26:10.260+0000] {dag.py:3823} INFO - Setting next_dagrun for dags_python_operator to 2025-11-11 21:30:00+00:00, run_after=2025-11-12 21:30:00+00:00
[2025-11-13T06:26:10.378+0000] {processor.py:183} INFO - Processing /opt/airflow/dags/dags_pyhon_operator.py took 1.178 seconds
[2025-11-13T06:26:40.558+0000] {processor.py:161} INFO - Started process (PID=141) to work on /opt/airflow/dags/dags_pyhon_operator.py
[2025-11-13T06:26:40.561+0000] {processor.py:830} INFO - Processing file /opt/airflow/dags/dags_pyhon_operator.py for tasks to queue
[2025-11-13T06:26:40.567+0000] {logging_mixin.py:188} INFO - [2025-11-13T06:26:40.566+0000] {dagbag.py:538} INFO - Filling up the DagBag from /opt/airflow/dags/dags_pyhon_operator.py
[2025-11-13T06:26:40.608+0000] {processor.py:840} INFO - DAG(s) 'dags_python_operator' retrieved from /opt/airflow/dags/dags_pyhon_operator.py
[2025-11-13T06:26:40.686+0000] {logging_mixin.py:188} INFO - [2025-11-13T06:26:40.685+0000] {dag.py:3036} INFO - Sync 1 DAGs
[2025-11-13T06:26:40.773+0000] {logging_mixin.py:188} INFO - [2025-11-13T06:26:40.773+0000] {dag.py:3823} INFO - Setting next_dagrun for dags_python_operator to 2025-11-12 21:30:00+00:00, run_after=2025-11-13 21:30:00+00:00
[2025-11-13T06:26:40.826+0000] {processor.py:183} INFO - Processing /opt/airflow/dags/dags_pyhon_operator.py took 0.276 seconds
[2025-11-13T06:27:11.594+0000] {processor.py:161} INFO - Started process (PID=203) to work on /opt/airflow/dags/dags_pyhon_operator.py
[2025-11-13T06:27:11.601+0000] {processor.py:830} INFO - Processing file /opt/airflow/dags/dags_pyhon_operator.py for tasks to queue
[2025-11-13T06:27:11.608+0000] {logging_mixin.py:188} INFO - [2025-11-13T06:27:11.607+0000] {dagbag.py:538} INFO - Filling up the DagBag from /opt/airflow/dags/dags_pyhon_operator.py
[2025-11-13T06:27:11.651+0000] {processor.py:840} INFO - DAG(s) 'dags_python_operator' retrieved from /opt/airflow/dags/dags_pyhon_operator.py
[2025-11-13T06:27:11.723+0000] {logging_mixin.py:188} INFO - [2025-11-13T06:27:11.722+0000] {dag.py:3036} INFO - Sync 1 DAGs
[2025-11-13T06:27:11.817+0000] {logging_mixin.py:188} INFO - [2025-11-13T06:27:11.816+0000] {dag.py:3823} INFO - Setting next_dagrun for dags_python_operator to 2025-11-12 21:30:00+00:00, run_after=2025-11-13 21:30:00+00:00
[2025-11-13T06:27:11.877+0000] {processor.py:183} INFO - Processing /opt/airflow/dags/dags_pyhon_operator.py took 0.291 seconds
[2025-11-13T06:27:42.004+0000] {processor.py:161} INFO - Started process (PID=265) to work on /opt/airflow/dags/dags_pyhon_operator.py
[2025-11-13T06:27:42.008+0000] {processor.py:830} INFO - Processing file /opt/airflow/dags/dags_pyhon_operator.py for tasks to queue
[2025-11-13T06:27:42.024+0000] {logging_mixin.py:188} INFO - [2025-11-13T06:27:42.022+0000] {dagbag.py:538} INFO - Filling up the DagBag from /opt/airflow/dags/dags_pyhon_operator.py
[2025-11-13T06:27:42.072+0000] {processor.py:840} INFO - DAG(s) 'dags_python_operator' retrieved from /opt/airflow/dags/dags_pyhon_operator.py
[2025-11-13T06:27:42.130+0000] {logging_mixin.py:188} INFO - [2025-11-13T06:27:42.129+0000] {dag.py:3036} INFO - Sync 1 DAGs
[2025-11-13T06:27:42.191+0000] {logging_mixin.py:188} INFO - [2025-11-13T06:27:42.190+0000] {dag.py:3823} INFO - Setting next_dagrun for dags_python_operator to 2025-11-12 21:30:00+00:00, run_after=2025-11-13 21:30:00+00:00
[2025-11-13T06:27:42.247+0000] {processor.py:183} INFO - Processing /opt/airflow/dags/dags_pyhon_operator.py took 0.271 seconds
[2025-11-13T06:28:12.417+0000] {processor.py:161} INFO - Started process (PID=327) to work on /opt/airflow/dags/dags_pyhon_operator.py
[2025-11-13T06:28:12.419+0000] {processor.py:830} INFO - Processing file /opt/airflow/dags/dags_pyhon_operator.py for tasks to queue
[2025-11-13T06:28:12.424+0000] {logging_mixin.py:188} INFO - [2025-11-13T06:28:12.424+0000] {dagbag.py:538} INFO - Filling up the DagBag from /opt/airflow/dags/dags_pyhon_operator.py
[2025-11-13T06:28:12.454+0000] {processor.py:840} INFO - DAG(s) 'dags_python_operator' retrieved from /opt/airflow/dags/dags_pyhon_operator.py
[2025-11-13T06:28:12.487+0000] {logging_mixin.py:188} INFO - [2025-11-13T06:28:12.486+0000] {dag.py:3036} INFO - Sync 1 DAGs
[2025-11-13T06:28:12.527+0000] {logging_mixin.py:188} INFO - [2025-11-13T06:28:12.526+0000] {dag.py:3823} INFO - Setting next_dagrun for dags_python_operator to 2025-11-12 21:30:00+00:00, run_after=2025-11-13 21:30:00+00:00
[2025-11-13T06:28:12.566+0000] {processor.py:183} INFO - Processing /opt/airflow/dags/dags_pyhon_operator.py took 0.155 seconds
[2025-11-13T06:28:42.774+0000] {processor.py:161} INFO - Started process (PID=390) to work on /opt/airflow/dags/dags_pyhon_operator.py
[2025-11-13T06:28:42.777+0000] {processor.py:830} INFO - Processing file /opt/airflow/dags/dags_pyhon_operator.py for tasks to queue
[2025-11-13T06:28:42.791+0000] {logging_mixin.py:188} INFO - [2025-11-13T06:28:42.789+0000] {dagbag.py:538} INFO - Filling up the DagBag from /opt/airflow/dags/dags_pyhon_operator.py
[2025-11-13T06:28:42.851+0000] {processor.py:840} INFO - DAG(s) 'dags_python_operator' retrieved from /opt/airflow/dags/dags_pyhon_operator.py
[2025-11-13T06:28:42.908+0000] {logging_mixin.py:188} INFO - [2025-11-13T06:28:42.907+0000] {dag.py:3036} INFO - Sync 1 DAGs
[2025-11-13T06:28:42.955+0000] {logging_mixin.py:188} INFO - [2025-11-13T06:28:42.955+0000] {dag.py:3823} INFO - Setting next_dagrun for dags_python_operator to 2025-11-12 21:30:00+00:00, run_after=2025-11-13 21:30:00+00:00
[2025-11-13T06:28:43.004+0000] {processor.py:183} INFO - Processing /opt/airflow/dags/dags_pyhon_operator.py took 0.242 seconds
[2025-11-13T06:29:13.663+0000] {processor.py:161} INFO - Started process (PID=452) to work on /opt/airflow/dags/dags_pyhon_operator.py
[2025-11-13T06:29:13.665+0000] {processor.py:830} INFO - Processing file /opt/airflow/dags/dags_pyhon_operator.py for tasks to queue
[2025-11-13T06:29:13.669+0000] {logging_mixin.py:188} INFO - [2025-11-13T06:29:13.668+0000] {dagbag.py:538} INFO - Filling up the DagBag from /opt/airflow/dags/dags_pyhon_operator.py
[2025-11-13T06:29:13.701+0000] {processor.py:840} INFO - DAG(s) 'dags_python_operator' retrieved from /opt/airflow/dags/dags_pyhon_operator.py
[2025-11-13T06:29:13.727+0000] {logging_mixin.py:188} INFO - [2025-11-13T06:29:13.727+0000] {dag.py:3036} INFO - Sync 1 DAGs
[2025-11-13T06:29:13.760+0000] {logging_mixin.py:188} INFO - [2025-11-13T06:29:13.760+0000] {dag.py:3823} INFO - Setting next_dagrun for dags_python_operator to 2025-11-12 21:30:00+00:00, run_after=2025-11-13 21:30:00+00:00
[2025-11-13T06:29:13.787+0000] {processor.py:183} INFO - Processing /opt/airflow/dags/dags_pyhon_operator.py took 0.128 seconds
[2025-11-13T06:29:43.874+0000] {processor.py:161} INFO - Started process (PID=514) to work on /opt/airflow/dags/dags_pyhon_operator.py
[2025-11-13T06:29:43.876+0000] {processor.py:830} INFO - Processing file /opt/airflow/dags/dags_pyhon_operator.py for tasks to queue
[2025-11-13T06:29:43.879+0000] {logging_mixin.py:188} INFO - [2025-11-13T06:29:43.878+0000] {dagbag.py:538} INFO - Filling up the DagBag from /opt/airflow/dags/dags_pyhon_operator.py
[2025-11-13T06:29:43.896+0000] {processor.py:840} INFO - DAG(s) 'dags_python_operator' retrieved from /opt/airflow/dags/dags_pyhon_operator.py
[2025-11-13T06:29:43.922+0000] {logging_mixin.py:188} INFO - [2025-11-13T06:29:43.922+0000] {dag.py:3036} INFO - Sync 1 DAGs
[2025-11-13T06:29:43.949+0000] {logging_mixin.py:188} INFO - [2025-11-13T06:29:43.949+0000] {dag.py:3823} INFO - Setting next_dagrun for dags_python_operator to 2025-11-12 21:30:00+00:00, run_after=2025-11-13 21:30:00+00:00
[2025-11-13T06:29:43.979+0000] {processor.py:183} INFO - Processing /opt/airflow/dags/dags_pyhon_operator.py took 0.109 seconds
[2025-11-13T06:30:14.886+0000] {processor.py:161} INFO - Started process (PID=576) to work on /opt/airflow/dags/dags_pyhon_operator.py
[2025-11-13T06:30:14.891+0000] {processor.py:830} INFO - Processing file /opt/airflow/dags/dags_pyhon_operator.py for tasks to queue
[2025-11-13T06:30:14.897+0000] {logging_mixin.py:188} INFO - [2025-11-13T06:30:14.896+0000] {dagbag.py:538} INFO - Filling up the DagBag from /opt/airflow/dags/dags_pyhon_operator.py
[2025-11-13T06:30:14.997+0000] {processor.py:840} INFO - DAG(s) 'dags_python_operator' retrieved from /opt/airflow/dags/dags_pyhon_operator.py
[2025-11-13T06:30:15.098+0000] {logging_mixin.py:188} INFO - [2025-11-13T06:30:15.097+0000] {dag.py:3036} INFO - Sync 1 DAGs
[2025-11-13T06:30:15.238+0000] {logging_mixin.py:188} INFO - [2025-11-13T06:30:15.237+0000] {dag.py:3823} INFO - Setting next_dagrun for dags_python_operator to 2025-11-12 21:30:00+00:00, run_after=2025-11-13 21:30:00+00:00
[2025-11-13T06:30:15.340+0000] {processor.py:183} INFO - Processing /opt/airflow/dags/dags_pyhon_operator.py took 0.475 seconds
[2025-11-13T06:30:46.219+0000] {processor.py:161} INFO - Started process (PID=638) to work on /opt/airflow/dags/dags_pyhon_operator.py
[2025-11-13T06:30:46.222+0000] {processor.py:830} INFO - Processing file /opt/airflow/dags/dags_pyhon_operator.py for tasks to queue
[2025-11-13T06:30:46.226+0000] {logging_mixin.py:188} INFO - [2025-11-13T06:30:46.226+0000] {dagbag.py:538} INFO - Filling up the DagBag from /opt/airflow/dags/dags_pyhon_operator.py
[2025-11-13T06:30:46.288+0000] {processor.py:840} INFO - DAG(s) 'dags_python_operator' retrieved from /opt/airflow/dags/dags_pyhon_operator.py
[2025-11-13T06:30:46.376+0000] {logging_mixin.py:188} INFO - [2025-11-13T06:30:46.375+0000] {dag.py:3036} INFO - Sync 1 DAGs
[2025-11-13T06:30:46.463+0000] {logging_mixin.py:188} INFO - [2025-11-13T06:30:46.461+0000] {dag.py:3823} INFO - Setting next_dagrun for dags_python_operator to 2025-11-12 21:30:00+00:00, run_after=2025-11-13 21:30:00+00:00
[2025-11-13T06:30:46.507+0000] {processor.py:183} INFO - Processing /opt/airflow/dags/dags_pyhon_operator.py took 0.302 seconds
[2025-11-13T06:31:16.691+0000] {processor.py:161} INFO - Started process (PID=700) to work on /opt/airflow/dags/dags_pyhon_operator.py
[2025-11-13T06:31:16.693+0000] {processor.py:830} INFO - Processing file /opt/airflow/dags/dags_pyhon_operator.py for tasks to queue
[2025-11-13T06:31:16.696+0000] {logging_mixin.py:188} INFO - [2025-11-13T06:31:16.696+0000] {dagbag.py:538} INFO - Filling up the DagBag from /opt/airflow/dags/dags_pyhon_operator.py
[2025-11-13T06:31:16.719+0000] {processor.py:840} INFO - DAG(s) 'dags_python_operator' retrieved from /opt/airflow/dags/dags_pyhon_operator.py
[2025-11-13T06:31:16.751+0000] {logging_mixin.py:188} INFO - [2025-11-13T06:31:16.751+0000] {dag.py:3036} INFO - Sync 1 DAGs
[2025-11-13T06:31:16.791+0000] {logging_mixin.py:188} INFO - [2025-11-13T06:31:16.790+0000] {dag.py:3823} INFO - Setting next_dagrun for dags_python_operator to 2025-11-12 21:30:00+00:00, run_after=2025-11-13 21:30:00+00:00
[2025-11-13T06:31:16.826+0000] {processor.py:183} INFO - Processing /opt/airflow/dags/dags_pyhon_operator.py took 0.141 seconds
[2025-11-13T06:31:46.945+0000] {processor.py:161} INFO - Started process (PID=762) to work on /opt/airflow/dags/dags_pyhon_operator.py
[2025-11-13T06:31:46.946+0000] {processor.py:830} INFO - Processing file /opt/airflow/dags/dags_pyhon_operator.py for tasks to queue
[2025-11-13T06:31:46.950+0000] {logging_mixin.py:188} INFO - [2025-11-13T06:31:46.949+0000] {dagbag.py:538} INFO - Filling up the DagBag from /opt/airflow/dags/dags_pyhon_operator.py
[2025-11-13T06:31:46.972+0000] {processor.py:840} INFO - DAG(s) 'dags_python_operator' retrieved from /opt/airflow/dags/dags_pyhon_operator.py
[2025-11-13T06:31:47.005+0000] {logging_mixin.py:188} INFO - [2025-11-13T06:31:47.005+0000] {dag.py:3036} INFO - Sync 1 DAGs
[2025-11-13T06:31:47.038+0000] {logging_mixin.py:188} INFO - [2025-11-13T06:31:47.038+0000] {dag.py:3823} INFO - Setting next_dagrun for dags_python_operator to 2025-11-12 21:30:00+00:00, run_after=2025-11-13 21:30:00+00:00
[2025-11-13T06:31:47.067+0000] {processor.py:183} INFO - Processing /opt/airflow/dags/dags_pyhon_operator.py took 0.128 seconds
[2025-11-13T06:32:17.330+0000] {processor.py:161} INFO - Started process (PID=824) to work on /opt/airflow/dags/dags_pyhon_operator.py
[2025-11-13T06:32:17.332+0000] {processor.py:830} INFO - Processing file /opt/airflow/dags/dags_pyhon_operator.py for tasks to queue
[2025-11-13T06:32:17.335+0000] {logging_mixin.py:188} INFO - [2025-11-13T06:32:17.334+0000] {dagbag.py:538} INFO - Filling up the DagBag from /opt/airflow/dags/dags_pyhon_operator.py
[2025-11-13T06:32:17.363+0000] {processor.py:840} INFO - DAG(s) 'dags_python_operator' retrieved from /opt/airflow/dags/dags_pyhon_operator.py
[2025-11-13T06:32:17.400+0000] {logging_mixin.py:188} INFO - [2025-11-13T06:32:17.399+0000] {dag.py:3036} INFO - Sync 1 DAGs
[2025-11-13T06:32:17.442+0000] {logging_mixin.py:188} INFO - [2025-11-13T06:32:17.442+0000] {dag.py:3823} INFO - Setting next_dagrun for dags_python_operator to 2025-11-12 21:30:00+00:00, run_after=2025-11-13 21:30:00+00:00
[2025-11-13T06:32:17.476+0000] {processor.py:183} INFO - Processing /opt/airflow/dags/dags_pyhon_operator.py took 0.152 seconds
[2025-11-13T06:32:47.563+0000] {processor.py:161} INFO - Started process (PID=886) to work on /opt/airflow/dags/dags_pyhon_operator.py
[2025-11-13T06:32:47.566+0000] {processor.py:830} INFO - Processing file /opt/airflow/dags/dags_pyhon_operator.py for tasks to queue
[2025-11-13T06:32:47.570+0000] {logging_mixin.py:188} INFO - [2025-11-13T06:32:47.569+0000] {dagbag.py:538} INFO - Filling up the DagBag from /opt/airflow/dags/dags_pyhon_operator.py
[2025-11-13T06:32:47.606+0000] {processor.py:840} INFO - DAG(s) 'dags_python_operator' retrieved from /opt/airflow/dags/dags_pyhon_operator.py
[2025-11-13T06:32:47.646+0000] {logging_mixin.py:188} INFO - [2025-11-13T06:32:47.646+0000] {dag.py:3036} INFO - Sync 1 DAGs
[2025-11-13T06:32:47.700+0000] {logging_mixin.py:188} INFO - [2025-11-13T06:32:47.700+0000] {dag.py:3823} INFO - Setting next_dagrun for dags_python_operator to 2025-11-12 21:30:00+00:00, run_after=2025-11-13 21:30:00+00:00
[2025-11-13T06:32:47.746+0000] {processor.py:183} INFO - Processing /opt/airflow/dags/dags_pyhon_operator.py took 0.191 seconds
[2025-11-13T06:33:18.480+0000] {processor.py:161} INFO - Started process (PID=948) to work on /opt/airflow/dags/dags_pyhon_operator.py
[2025-11-13T06:33:18.481+0000] {processor.py:830} INFO - Processing file /opt/airflow/dags/dags_pyhon_operator.py for tasks to queue
[2025-11-13T06:33:18.483+0000] {logging_mixin.py:188} INFO - [2025-11-13T06:33:18.483+0000] {dagbag.py:538} INFO - Filling up the DagBag from /opt/airflow/dags/dags_pyhon_operator.py
[2025-11-13T06:33:18.501+0000] {processor.py:840} INFO - DAG(s) 'dags_python_operator' retrieved from /opt/airflow/dags/dags_pyhon_operator.py
[2025-11-13T06:33:18.524+0000] {logging_mixin.py:188} INFO - [2025-11-13T06:33:18.524+0000] {dag.py:3036} INFO - Sync 1 DAGs
[2025-11-13T06:33:18.551+0000] {logging_mixin.py:188} INFO - [2025-11-13T06:33:18.551+0000] {dag.py:3823} INFO - Setting next_dagrun for dags_python_operator to 2025-11-12 21:30:00+00:00, run_after=2025-11-13 21:30:00+00:00
[2025-11-13T06:33:18.578+0000] {processor.py:183} INFO - Processing /opt/airflow/dags/dags_pyhon_operator.py took 0.103 seconds
[2025-11-13T06:33:48.657+0000] {processor.py:161} INFO - Started process (PID=1010) to work on /opt/airflow/dags/dags_pyhon_operator.py
[2025-11-13T06:33:48.659+0000] {processor.py:830} INFO - Processing file /opt/airflow/dags/dags_pyhon_operator.py for tasks to queue
[2025-11-13T06:33:48.661+0000] {logging_mixin.py:188} INFO - [2025-11-13T06:33:48.661+0000] {dagbag.py:538} INFO - Filling up the DagBag from /opt/airflow/dags/dags_pyhon_operator.py
[2025-11-13T06:33:48.683+0000] {processor.py:840} INFO - DAG(s) 'dags_python_operator' retrieved from /opt/airflow/dags/dags_pyhon_operator.py
[2025-11-13T06:33:48.709+0000] {logging_mixin.py:188} INFO - [2025-11-13T06:33:48.708+0000] {dag.py:3036} INFO - Sync 1 DAGs
[2025-11-13T06:33:48.738+0000] {logging_mixin.py:188} INFO - [2025-11-13T06:33:48.738+0000] {dag.py:3823} INFO - Setting next_dagrun for dags_python_operator to 2025-11-12 21:30:00+00:00, run_after=2025-11-13 21:30:00+00:00
[2025-11-13T06:33:48.764+0000] {processor.py:183} INFO - Processing /opt/airflow/dags/dags_pyhon_operator.py took 0.111 seconds
[2025-11-13T06:34:18.850+0000] {processor.py:161} INFO - Started process (PID=1072) to work on /opt/airflow/dags/dags_pyhon_operator.py
[2025-11-13T06:34:18.851+0000] {processor.py:830} INFO - Processing file /opt/airflow/dags/dags_pyhon_operator.py for tasks to queue
[2025-11-13T06:34:18.855+0000] {logging_mixin.py:188} INFO - [2025-11-13T06:34:18.854+0000] {dagbag.py:538} INFO - Filling up the DagBag from /opt/airflow/dags/dags_pyhon_operator.py
[2025-11-13T06:34:18.880+0000] {processor.py:840} INFO - DAG(s) 'dags_python_operator' retrieved from /opt/airflow/dags/dags_pyhon_operator.py
[2025-11-13T06:34:18.909+0000] {logging_mixin.py:188} INFO - [2025-11-13T06:34:18.909+0000] {dag.py:3036} INFO - Sync 1 DAGs
[2025-11-13T06:34:18.943+0000] {logging_mixin.py:188} INFO - [2025-11-13T06:34:18.943+0000] {dag.py:3823} INFO - Setting next_dagrun for dags_python_operator to 2025-11-12 21:30:00+00:00, run_after=2025-11-13 21:30:00+00:00
[2025-11-13T06:34:18.972+0000] {processor.py:183} INFO - Processing /opt/airflow/dags/dags_pyhon_operator.py took 0.128 seconds
[2025-11-13T06:34:49.455+0000] {processor.py:161} INFO - Started process (PID=1132) to work on /opt/airflow/dags/dags_pyhon_operator.py
[2025-11-13T06:34:49.457+0000] {processor.py:830} INFO - Processing file /opt/airflow/dags/dags_pyhon_operator.py for tasks to queue
[2025-11-13T06:34:49.460+0000] {logging_mixin.py:188} INFO - [2025-11-13T06:34:49.459+0000] {dagbag.py:538} INFO - Filling up the DagBag from /opt/airflow/dags/dags_pyhon_operator.py
[2025-11-13T06:34:49.479+0000] {processor.py:840} INFO - DAG(s) 'dags_python_operator' retrieved from /opt/airflow/dags/dags_pyhon_operator.py
[2025-11-13T06:34:49.504+0000] {logging_mixin.py:188} INFO - [2025-11-13T06:34:49.503+0000] {dag.py:3036} INFO - Sync 1 DAGs
[2025-11-13T06:34:49.531+0000] {logging_mixin.py:188} INFO - [2025-11-13T06:34:49.531+0000] {dag.py:3823} INFO - Setting next_dagrun for dags_python_operator to 2025-11-12 21:30:00+00:00, run_after=2025-11-13 21:30:00+00:00
[2025-11-13T06:34:49.557+0000] {processor.py:183} INFO - Processing /opt/airflow/dags/dags_pyhon_operator.py took 0.106 seconds
[2025-11-13T06:35:19.703+0000] {processor.py:161} INFO - Started process (PID=1194) to work on /opt/airflow/dags/dags_pyhon_operator.py
[2025-11-13T06:35:19.705+0000] {processor.py:830} INFO - Processing file /opt/airflow/dags/dags_pyhon_operator.py for tasks to queue
[2025-11-13T06:35:19.708+0000] {logging_mixin.py:188} INFO - [2025-11-13T06:35:19.708+0000] {dagbag.py:538} INFO - Filling up the DagBag from /opt/airflow/dags/dags_pyhon_operator.py
[2025-11-13T06:35:19.733+0000] {processor.py:840} INFO - DAG(s) 'dags_python_operator' retrieved from /opt/airflow/dags/dags_pyhon_operator.py
[2025-11-13T06:35:19.769+0000] {logging_mixin.py:188} INFO - [2025-11-13T06:35:19.768+0000] {dag.py:3036} INFO - Sync 1 DAGs
[2025-11-13T06:35:19.810+0000] {logging_mixin.py:188} INFO - [2025-11-13T06:35:19.810+0000] {dag.py:3823} INFO - Setting next_dagrun for dags_python_operator to 2025-11-12 21:30:00+00:00, run_after=2025-11-13 21:30:00+00:00
[2025-11-13T06:35:19.842+0000] {processor.py:183} INFO - Processing /opt/airflow/dags/dags_pyhon_operator.py took 0.144 seconds
[2025-11-13T06:35:50.592+0000] {processor.py:161} INFO - Started process (PID=1256) to work on /opt/airflow/dags/dags_pyhon_operator.py
[2025-11-13T06:35:50.593+0000] {processor.py:830} INFO - Processing file /opt/airflow/dags/dags_pyhon_operator.py for tasks to queue
[2025-11-13T06:35:50.596+0000] {logging_mixin.py:188} INFO - [2025-11-13T06:35:50.595+0000] {dagbag.py:538} INFO - Filling up the DagBag from /opt/airflow/dags/dags_pyhon_operator.py
[2025-11-13T06:35:50.615+0000] {processor.py:840} INFO - DAG(s) 'dags_python_operator' retrieved from /opt/airflow/dags/dags_pyhon_operator.py
[2025-11-13T06:35:50.640+0000] {logging_mixin.py:188} INFO - [2025-11-13T06:35:50.639+0000] {dag.py:3036} INFO - Sync 1 DAGs
[2025-11-13T06:35:50.669+0000] {logging_mixin.py:188} INFO - [2025-11-13T06:35:50.668+0000] {dag.py:3823} INFO - Setting next_dagrun for dags_python_operator to 2025-11-12 21:30:00+00:00, run_after=2025-11-13 21:30:00+00:00
[2025-11-13T06:35:50.693+0000] {processor.py:183} INFO - Processing /opt/airflow/dags/dags_pyhon_operator.py took 0.106 seconds
[2025-11-13T06:36:21.193+0000] {processor.py:161} INFO - Started process (PID=1318) to work on /opt/airflow/dags/dags_pyhon_operator.py
[2025-11-13T06:36:21.195+0000] {processor.py:830} INFO - Processing file /opt/airflow/dags/dags_pyhon_operator.py for tasks to queue
[2025-11-13T06:36:21.198+0000] {logging_mixin.py:188} INFO - [2025-11-13T06:36:21.197+0000] {dagbag.py:538} INFO - Filling up the DagBag from /opt/airflow/dags/dags_pyhon_operator.py
[2025-11-13T06:36:21.217+0000] {processor.py:840} INFO - DAG(s) 'dags_python_operator' retrieved from /opt/airflow/dags/dags_pyhon_operator.py
[2025-11-13T06:36:21.242+0000] {logging_mixin.py:188} INFO - [2025-11-13T06:36:21.241+0000] {dag.py:3036} INFO - Sync 1 DAGs
[2025-11-13T06:36:21.271+0000] {logging_mixin.py:188} INFO - [2025-11-13T06:36:21.270+0000] {dag.py:3823} INFO - Setting next_dagrun for dags_python_operator to 2025-11-12 21:30:00+00:00, run_after=2025-11-13 21:30:00+00:00
[2025-11-13T06:36:21.296+0000] {processor.py:183} INFO - Processing /opt/airflow/dags/dags_pyhon_operator.py took 0.107 seconds
[2025-11-13T06:36:51.898+0000] {processor.py:161} INFO - Started process (PID=1381) to work on /opt/airflow/dags/dags_pyhon_operator.py
[2025-11-13T06:36:51.900+0000] {processor.py:830} INFO - Processing file /opt/airflow/dags/dags_pyhon_operator.py for tasks to queue
[2025-11-13T06:36:51.905+0000] {logging_mixin.py:188} INFO - [2025-11-13T06:36:51.905+0000] {dagbag.py:538} INFO - Filling up the DagBag from /opt/airflow/dags/dags_pyhon_operator.py
[2025-11-13T06:36:51.993+0000] {processor.py:840} INFO - DAG(s) 'dags_python_operator' retrieved from /opt/airflow/dags/dags_pyhon_operator.py
[2025-11-13T06:36:52.061+0000] {logging_mixin.py:188} INFO - [2025-11-13T06:36:52.060+0000] {dag.py:3036} INFO - Sync 1 DAGs
[2025-11-13T06:36:52.128+0000] {logging_mixin.py:188} INFO - [2025-11-13T06:36:52.128+0000] {dag.py:3823} INFO - Setting next_dagrun for dags_python_operator to 2025-11-12 21:30:00+00:00, run_after=2025-11-13 21:30:00+00:00
[2025-11-13T06:36:52.183+0000] {processor.py:183} INFO - Processing /opt/airflow/dags/dags_pyhon_operator.py took 0.294 seconds
[2025-11-13T06:37:22.712+0000] {processor.py:161} INFO - Started process (PID=1443) to work on /opt/airflow/dags/dags_pyhon_operator.py
[2025-11-13T06:37:22.715+0000] {processor.py:830} INFO - Processing file /opt/airflow/dags/dags_pyhon_operator.py for tasks to queue
[2025-11-13T06:37:22.718+0000] {logging_mixin.py:188} INFO - [2025-11-13T06:37:22.718+0000] {dagbag.py:538} INFO - Filling up the DagBag from /opt/airflow/dags/dags_pyhon_operator.py
[2025-11-13T06:37:22.751+0000] {processor.py:840} INFO - DAG(s) 'dags_python_operator' retrieved from /opt/airflow/dags/dags_pyhon_operator.py
[2025-11-13T06:37:22.792+0000] {logging_mixin.py:188} INFO - [2025-11-13T06:37:22.791+0000] {dag.py:3036} INFO - Sync 1 DAGs
[2025-11-13T06:37:22.844+0000] {logging_mixin.py:188} INFO - [2025-11-13T06:37:22.843+0000] {dag.py:3823} INFO - Setting next_dagrun for dags_python_operator to 2025-11-12 21:30:00+00:00, run_after=2025-11-13 21:30:00+00:00
[2025-11-13T06:37:22.884+0000] {processor.py:183} INFO - Processing /opt/airflow/dags/dags_pyhon_operator.py took 0.179 seconds
[2025-11-13T06:37:53.774+0000] {processor.py:161} INFO - Started process (PID=1505) to work on /opt/airflow/dags/dags_pyhon_operator.py
[2025-11-13T06:37:53.775+0000] {processor.py:830} INFO - Processing file /opt/airflow/dags/dags_pyhon_operator.py for tasks to queue
[2025-11-13T06:37:53.777+0000] {logging_mixin.py:188} INFO - [2025-11-13T06:37:53.777+0000] {dagbag.py:538} INFO - Filling up the DagBag from /opt/airflow/dags/dags_pyhon_operator.py
[2025-11-13T06:37:53.796+0000] {processor.py:840} INFO - DAG(s) 'dags_python_operator' retrieved from /opt/airflow/dags/dags_pyhon_operator.py
[2025-11-13T06:37:53.819+0000] {logging_mixin.py:188} INFO - [2025-11-13T06:37:53.819+0000] {dag.py:3036} INFO - Sync 1 DAGs
[2025-11-13T06:37:53.847+0000] {logging_mixin.py:188} INFO - [2025-11-13T06:37:53.847+0000] {dag.py:3823} INFO - Setting next_dagrun for dags_python_operator to 2025-11-12 21:30:00+00:00, run_after=2025-11-13 21:30:00+00:00
[2025-11-13T06:37:53.874+0000] {processor.py:183} INFO - Processing /opt/airflow/dags/dags_pyhon_operator.py took 0.104 seconds
[2025-11-13T06:38:24.513+0000] {processor.py:161} INFO - Started process (PID=1567) to work on /opt/airflow/dags/dags_pyhon_operator.py
[2025-11-13T06:38:24.515+0000] {processor.py:830} INFO - Processing file /opt/airflow/dags/dags_pyhon_operator.py for tasks to queue
[2025-11-13T06:38:24.519+0000] {logging_mixin.py:188} INFO - [2025-11-13T06:38:24.518+0000] {dagbag.py:538} INFO - Filling up the DagBag from /opt/airflow/dags/dags_pyhon_operator.py
[2025-11-13T06:38:24.538+0000] {processor.py:840} INFO - DAG(s) 'dags_python_operator' retrieved from /opt/airflow/dags/dags_pyhon_operator.py
[2025-11-13T06:38:24.563+0000] {logging_mixin.py:188} INFO - [2025-11-13T06:38:24.562+0000] {dag.py:3036} INFO - Sync 1 DAGs
[2025-11-13T06:38:24.590+0000] {logging_mixin.py:188} INFO - [2025-11-13T06:38:24.590+0000] {dag.py:3823} INFO - Setting next_dagrun for dags_python_operator to 2025-11-12 21:30:00+00:00, run_after=2025-11-13 21:30:00+00:00
[2025-11-13T06:38:24.624+0000] {processor.py:183} INFO - Processing /opt/airflow/dags/dags_pyhon_operator.py took 0.114 seconds
[2025-11-13T06:38:54.815+0000] {processor.py:161} INFO - Started process (PID=1629) to work on /opt/airflow/dags/dags_pyhon_operator.py
[2025-11-13T06:38:54.816+0000] {processor.py:830} INFO - Processing file /opt/airflow/dags/dags_pyhon_operator.py for tasks to queue
[2025-11-13T06:38:54.819+0000] {logging_mixin.py:188} INFO - [2025-11-13T06:38:54.819+0000] {dagbag.py:538} INFO - Filling up the DagBag from /opt/airflow/dags/dags_pyhon_operator.py
[2025-11-13T06:38:54.838+0000] {processor.py:840} INFO - DAG(s) 'dags_python_operator' retrieved from /opt/airflow/dags/dags_pyhon_operator.py
[2025-11-13T06:38:54.862+0000] {logging_mixin.py:188} INFO - [2025-11-13T06:38:54.862+0000] {dag.py:3036} INFO - Sync 1 DAGs
[2025-11-13T06:38:54.892+0000] {logging_mixin.py:188} INFO - [2025-11-13T06:38:54.892+0000] {dag.py:3823} INFO - Setting next_dagrun for dags_python_operator to 2025-11-12 21:30:00+00:00, run_after=2025-11-13 21:30:00+00:00
[2025-11-13T06:38:54.924+0000] {processor.py:183} INFO - Processing /opt/airflow/dags/dags_pyhon_operator.py took 0.113 seconds
[2025-11-13T06:39:25.217+0000] {processor.py:161} INFO - Started process (PID=1691) to work on /opt/airflow/dags/dags_pyhon_operator.py
[2025-11-13T06:39:25.218+0000] {processor.py:830} INFO - Processing file /opt/airflow/dags/dags_pyhon_operator.py for tasks to queue
[2025-11-13T06:39:25.221+0000] {logging_mixin.py:188} INFO - [2025-11-13T06:39:25.220+0000] {dagbag.py:538} INFO - Filling up the DagBag from /opt/airflow/dags/dags_pyhon_operator.py
[2025-11-13T06:39:25.242+0000] {processor.py:840} INFO - DAG(s) 'dags_python_operator' retrieved from /opt/airflow/dags/dags_pyhon_operator.py
[2025-11-13T06:39:25.267+0000] {logging_mixin.py:188} INFO - [2025-11-13T06:39:25.267+0000] {dag.py:3036} INFO - Sync 1 DAGs
[2025-11-13T06:39:25.297+0000] {logging_mixin.py:188} INFO - [2025-11-13T06:39:25.297+0000] {dag.py:3823} INFO - Setting next_dagrun for dags_python_operator to 2025-11-12 21:30:00+00:00, run_after=2025-11-13 21:30:00+00:00
[2025-11-13T06:39:25.324+0000] {processor.py:183} INFO - Processing /opt/airflow/dags/dags_pyhon_operator.py took 0.111 seconds
[2025-11-13T06:39:55.575+0000] {processor.py:161} INFO - Started process (PID=1753) to work on /opt/airflow/dags/dags_pyhon_operator.py
[2025-11-13T06:39:55.577+0000] {processor.py:830} INFO - Processing file /opt/airflow/dags/dags_pyhon_operator.py for tasks to queue
[2025-11-13T06:39:55.582+0000] {logging_mixin.py:188} INFO - [2025-11-13T06:39:55.581+0000] {dagbag.py:538} INFO - Filling up the DagBag from /opt/airflow/dags/dags_pyhon_operator.py
[2025-11-13T06:39:55.616+0000] {processor.py:840} INFO - DAG(s) 'dags_python_operator' retrieved from /opt/airflow/dags/dags_pyhon_operator.py
[2025-11-13T06:39:55.664+0000] {logging_mixin.py:188} INFO - [2025-11-13T06:39:55.663+0000] {dag.py:3036} INFO - Sync 1 DAGs
[2025-11-13T06:39:55.739+0000] {logging_mixin.py:188} INFO - [2025-11-13T06:39:55.738+0000] {dag.py:3823} INFO - Setting next_dagrun for dags_python_operator to 2025-11-12 21:30:00+00:00, run_after=2025-11-13 21:30:00+00:00
[2025-11-13T06:39:55.787+0000] {processor.py:183} INFO - Processing /opt/airflow/dags/dags_pyhon_operator.py took 0.221 seconds
[2025-11-13T06:40:26.395+0000] {processor.py:161} INFO - Started process (PID=1815) to work on /opt/airflow/dags/dags_pyhon_operator.py
[2025-11-13T06:40:26.399+0000] {processor.py:830} INFO - Processing file /opt/airflow/dags/dags_pyhon_operator.py for tasks to queue
[2025-11-13T06:40:26.415+0000] {logging_mixin.py:188} INFO - [2025-11-13T06:40:26.414+0000] {dagbag.py:538} INFO - Filling up the DagBag from /opt/airflow/dags/dags_pyhon_operator.py
[2025-11-13T06:40:26.551+0000] {processor.py:840} INFO - DAG(s) 'dags_python_operator' retrieved from /opt/airflow/dags/dags_pyhon_operator.py
[2025-11-13T06:40:26.629+0000] {logging_mixin.py:188} INFO - [2025-11-13T06:40:26.628+0000] {dag.py:3036} INFO - Sync 1 DAGs
[2025-11-13T06:40:26.741+0000] {logging_mixin.py:188} INFO - [2025-11-13T06:40:26.740+0000] {dag.py:3823} INFO - Setting next_dagrun for dags_python_operator to 2025-11-12 21:30:00+00:00, run_after=2025-11-13 21:30:00+00:00
[2025-11-13T06:40:26.818+0000] {processor.py:183} INFO - Processing /opt/airflow/dags/dags_pyhon_operator.py took 0.435 seconds
[2025-11-13T06:40:57.021+0000] {processor.py:161} INFO - Started process (PID=1877) to work on /opt/airflow/dags/dags_pyhon_operator.py
[2025-11-13T06:40:57.023+0000] {processor.py:830} INFO - Processing file /opt/airflow/dags/dags_pyhon_operator.py for tasks to queue
[2025-11-13T06:40:57.027+0000] {logging_mixin.py:188} INFO - [2025-11-13T06:40:57.026+0000] {dagbag.py:538} INFO - Filling up the DagBag from /opt/airflow/dags/dags_pyhon_operator.py
[2025-11-13T06:40:57.059+0000] {processor.py:840} INFO - DAG(s) 'dags_python_operator' retrieved from /opt/airflow/dags/dags_pyhon_operator.py
[2025-11-13T06:40:57.101+0000] {logging_mixin.py:188} INFO - [2025-11-13T06:40:57.100+0000] {dag.py:3036} INFO - Sync 1 DAGs
[2025-11-13T06:40:57.143+0000] {logging_mixin.py:188} INFO - [2025-11-13T06:40:57.142+0000] {dag.py:3823} INFO - Setting next_dagrun for dags_python_operator to 2025-11-12 21:30:00+00:00, run_after=2025-11-13 21:30:00+00:00
[2025-11-13T06:40:57.170+0000] {processor.py:183} INFO - Processing /opt/airflow/dags/dags_pyhon_operator.py took 0.157 seconds
[2025-11-13T06:41:27.991+0000] {processor.py:161} INFO - Started process (PID=1939) to work on /opt/airflow/dags/dags_pyhon_operator.py
[2025-11-13T06:41:27.994+0000] {processor.py:830} INFO - Processing file /opt/airflow/dags/dags_pyhon_operator.py for tasks to queue
[2025-11-13T06:41:28.002+0000] {logging_mixin.py:188} INFO - [2025-11-13T06:41:28.000+0000] {dagbag.py:538} INFO - Filling up the DagBag from /opt/airflow/dags/dags_pyhon_operator.py
[2025-11-13T06:41:28.077+0000] {processor.py:840} INFO - DAG(s) 'dags_python_operator' retrieved from /opt/airflow/dags/dags_pyhon_operator.py
[2025-11-13T06:41:28.202+0000] {logging_mixin.py:188} INFO - [2025-11-13T06:41:28.199+0000] {dag.py:3036} INFO - Sync 1 DAGs
[2025-11-13T06:41:28.322+0000] {logging_mixin.py:188} INFO - [2025-11-13T06:41:28.321+0000] {dag.py:3823} INFO - Setting next_dagrun for dags_python_operator to 2025-11-12 21:30:00+00:00, run_after=2025-11-13 21:30:00+00:00
[2025-11-13T06:41:28.418+0000] {processor.py:183} INFO - Processing /opt/airflow/dags/dags_pyhon_operator.py took 0.437 seconds
[2025-11-13T06:41:59.073+0000] {processor.py:161} INFO - Started process (PID=2001) to work on /opt/airflow/dags/dags_pyhon_operator.py
[2025-11-13T06:41:59.077+0000] {processor.py:830} INFO - Processing file /opt/airflow/dags/dags_pyhon_operator.py for tasks to queue
[2025-11-13T06:41:59.085+0000] {logging_mixin.py:188} INFO - [2025-11-13T06:41:59.084+0000] {dagbag.py:538} INFO - Filling up the DagBag from /opt/airflow/dags/dags_pyhon_operator.py
[2025-11-13T06:41:59.140+0000] {processor.py:840} INFO - DAG(s) 'dags_python_operator' retrieved from /opt/airflow/dags/dags_pyhon_operator.py
[2025-11-13T06:41:59.232+0000] {logging_mixin.py:188} INFO - [2025-11-13T06:41:59.231+0000] {dag.py:3036} INFO - Sync 1 DAGs
[2025-11-13T06:41:59.310+0000] {logging_mixin.py:188} INFO - [2025-11-13T06:41:59.310+0000] {dag.py:3823} INFO - Setting next_dagrun for dags_python_operator to 2025-11-12 21:30:00+00:00, run_after=2025-11-13 21:30:00+00:00
[2025-11-13T06:41:59.352+0000] {processor.py:183} INFO - Processing /opt/airflow/dags/dags_pyhon_operator.py took 0.295 seconds
[2025-11-13T06:42:29.538+0000] {processor.py:161} INFO - Started process (PID=2063) to work on /opt/airflow/dags/dags_pyhon_operator.py
[2025-11-13T06:42:29.540+0000] {processor.py:830} INFO - Processing file /opt/airflow/dags/dags_pyhon_operator.py for tasks to queue
[2025-11-13T06:42:29.543+0000] {logging_mixin.py:188} INFO - [2025-11-13T06:42:29.543+0000] {dagbag.py:538} INFO - Filling up the DagBag from /opt/airflow/dags/dags_pyhon_operator.py
[2025-11-13T06:42:29.565+0000] {processor.py:840} INFO - DAG(s) 'dags_python_operator' retrieved from /opt/airflow/dags/dags_pyhon_operator.py
[2025-11-13T06:42:29.594+0000] {logging_mixin.py:188} INFO - [2025-11-13T06:42:29.594+0000] {dag.py:3036} INFO - Sync 1 DAGs
[2025-11-13T06:42:29.629+0000] {logging_mixin.py:188} INFO - [2025-11-13T06:42:29.628+0000] {dag.py:3823} INFO - Setting next_dagrun for dags_python_operator to 2025-11-12 21:30:00+00:00, run_after=2025-11-13 21:30:00+00:00
[2025-11-13T06:42:29.660+0000] {processor.py:183} INFO - Processing /opt/airflow/dags/dags_pyhon_operator.py took 0.127 seconds
[2025-11-13T06:43:00.162+0000] {processor.py:161} INFO - Started process (PID=2125) to work on /opt/airflow/dags/dags_pyhon_operator.py
[2025-11-13T06:43:00.164+0000] {processor.py:830} INFO - Processing file /opt/airflow/dags/dags_pyhon_operator.py for tasks to queue
[2025-11-13T06:43:00.167+0000] {logging_mixin.py:188} INFO - [2025-11-13T06:43:00.166+0000] {dagbag.py:538} INFO - Filling up the DagBag from /opt/airflow/dags/dags_pyhon_operator.py
[2025-11-13T06:43:00.188+0000] {processor.py:840} INFO - DAG(s) 'dags_python_operator' retrieved from /opt/airflow/dags/dags_pyhon_operator.py
[2025-11-13T06:43:00.212+0000] {logging_mixin.py:188} INFO - [2025-11-13T06:43:00.212+0000] {dag.py:3036} INFO - Sync 1 DAGs
[2025-11-13T06:43:00.241+0000] {logging_mixin.py:188} INFO - [2025-11-13T06:43:00.240+0000] {dag.py:3823} INFO - Setting next_dagrun for dags_python_operator to 2025-11-12 21:30:00+00:00, run_after=2025-11-13 21:30:00+00:00
[2025-11-13T06:43:00.265+0000] {processor.py:183} INFO - Processing /opt/airflow/dags/dags_pyhon_operator.py took 0.108 seconds
[2025-11-13T06:43:30.580+0000] {processor.py:161} INFO - Started process (PID=2187) to work on /opt/airflow/dags/dags_pyhon_operator.py
[2025-11-13T06:43:30.583+0000] {processor.py:830} INFO - Processing file /opt/airflow/dags/dags_pyhon_operator.py for tasks to queue
[2025-11-13T06:43:30.587+0000] {logging_mixin.py:188} INFO - [2025-11-13T06:43:30.586+0000] {dagbag.py:538} INFO - Filling up the DagBag from /opt/airflow/dags/dags_pyhon_operator.py
[2025-11-13T06:43:30.629+0000] {processor.py:840} INFO - DAG(s) 'dags_python_operator' retrieved from /opt/airflow/dags/dags_pyhon_operator.py
[2025-11-13T06:43:30.670+0000] {logging_mixin.py:188} INFO - [2025-11-13T06:43:30.670+0000] {dag.py:3036} INFO - Sync 1 DAGs
[2025-11-13T06:43:30.728+0000] {logging_mixin.py:188} INFO - [2025-11-13T06:43:30.727+0000] {dag.py:3823} INFO - Setting next_dagrun for dags_python_operator to 2025-11-12 21:30:00+00:00, run_after=2025-11-13 21:30:00+00:00
[2025-11-13T06:43:30.768+0000] {processor.py:183} INFO - Processing /opt/airflow/dags/dags_pyhon_operator.py took 0.194 seconds
[2025-11-13T06:44:01.008+0000] {processor.py:161} INFO - Started process (PID=2256) to work on /opt/airflow/dags/dags_pyhon_operator.py
[2025-11-13T06:44:01.010+0000] {processor.py:830} INFO - Processing file /opt/airflow/dags/dags_pyhon_operator.py for tasks to queue
[2025-11-13T06:44:01.012+0000] {logging_mixin.py:188} INFO - [2025-11-13T06:44:01.012+0000] {dagbag.py:538} INFO - Filling up the DagBag from /opt/airflow/dags/dags_pyhon_operator.py
[2025-11-13T06:44:01.036+0000] {processor.py:840} INFO - DAG(s) 'dags_python_operator' retrieved from /opt/airflow/dags/dags_pyhon_operator.py
[2025-11-13T06:44:01.062+0000] {logging_mixin.py:188} INFO - [2025-11-13T06:44:01.062+0000] {dag.py:3036} INFO - Sync 1 DAGs
[2025-11-13T06:44:01.104+0000] {logging_mixin.py:188} INFO - [2025-11-13T06:44:01.103+0000] {dag.py:3823} INFO - Setting next_dagrun for dags_python_operator to 2025-11-12 21:30:00+00:00, run_after=2025-11-13 21:30:00+00:00
[2025-11-13T06:44:01.133+0000] {processor.py:183} INFO - Processing /opt/airflow/dags/dags_pyhon_operator.py took 0.130 seconds
[2025-11-13T06:44:31.274+0000] {processor.py:161} INFO - Started process (PID=2318) to work on /opt/airflow/dags/dags_pyhon_operator.py
[2025-11-13T06:44:31.275+0000] {processor.py:830} INFO - Processing file /opt/airflow/dags/dags_pyhon_operator.py for tasks to queue
[2025-11-13T06:44:31.278+0000] {logging_mixin.py:188} INFO - [2025-11-13T06:44:31.277+0000] {dagbag.py:538} INFO - Filling up the DagBag from /opt/airflow/dags/dags_pyhon_operator.py
[2025-11-13T06:44:31.302+0000] {processor.py:840} INFO - DAG(s) 'dags_python_operator' retrieved from /opt/airflow/dags/dags_pyhon_operator.py
[2025-11-13T06:44:31.332+0000] {logging_mixin.py:188} INFO - [2025-11-13T06:44:31.332+0000] {dag.py:3036} INFO - Sync 1 DAGs
[2025-11-13T06:44:31.361+0000] {logging_mixin.py:188} INFO - [2025-11-13T06:44:31.360+0000] {dag.py:3823} INFO - Setting next_dagrun for dags_python_operator to 2025-11-12 21:30:00+00:00, run_after=2025-11-13 21:30:00+00:00
[2025-11-13T06:44:31.388+0000] {processor.py:183} INFO - Processing /opt/airflow/dags/dags_pyhon_operator.py took 0.118 seconds
[2025-11-13T06:45:01.790+0000] {processor.py:161} INFO - Started process (PID=2380) to work on /opt/airflow/dags/dags_pyhon_operator.py
[2025-11-13T06:45:01.791+0000] {processor.py:830} INFO - Processing file /opt/airflow/dags/dags_pyhon_operator.py for tasks to queue
[2025-11-13T06:45:01.794+0000] {logging_mixin.py:188} INFO - [2025-11-13T06:45:01.794+0000] {dagbag.py:538} INFO - Filling up the DagBag from /opt/airflow/dags/dags_pyhon_operator.py
[2025-11-13T06:45:01.821+0000] {processor.py:840} INFO - DAG(s) 'dags_python_operator' retrieved from /opt/airflow/dags/dags_pyhon_operator.py
[2025-11-13T06:45:01.846+0000] {logging_mixin.py:188} INFO - [2025-11-13T06:45:01.846+0000] {dag.py:3036} INFO - Sync 1 DAGs
[2025-11-13T06:45:01.877+0000] {logging_mixin.py:188} INFO - [2025-11-13T06:45:01.877+0000] {dag.py:3823} INFO - Setting next_dagrun for dags_python_operator to 2025-11-12 21:30:00+00:00, run_after=2025-11-13 21:30:00+00:00
[2025-11-13T06:45:01.908+0000] {processor.py:183} INFO - Processing /opt/airflow/dags/dags_pyhon_operator.py took 0.123 seconds
[2025-11-13T06:45:32.624+0000] {processor.py:161} INFO - Started process (PID=2442) to work on /opt/airflow/dags/dags_pyhon_operator.py
[2025-11-13T06:45:32.626+0000] {processor.py:830} INFO - Processing file /opt/airflow/dags/dags_pyhon_operator.py for tasks to queue
[2025-11-13T06:45:32.629+0000] {logging_mixin.py:188} INFO - [2025-11-13T06:45:32.629+0000] {dagbag.py:538} INFO - Filling up the DagBag from /opt/airflow/dags/dags_pyhon_operator.py
[2025-11-13T06:45:32.650+0000] {processor.py:840} INFO - DAG(s) 'dags_python_operator' retrieved from /opt/airflow/dags/dags_pyhon_operator.py
[2025-11-13T06:45:32.675+0000] {logging_mixin.py:188} INFO - [2025-11-13T06:45:32.675+0000] {dag.py:3036} INFO - Sync 1 DAGs
[2025-11-13T06:45:32.703+0000] {logging_mixin.py:188} INFO - [2025-11-13T06:45:32.703+0000] {dag.py:3823} INFO - Setting next_dagrun for dags_python_operator to 2025-11-12 21:30:00+00:00, run_after=2025-11-13 21:30:00+00:00
[2025-11-13T06:45:32.733+0000] {processor.py:183} INFO - Processing /opt/airflow/dags/dags_pyhon_operator.py took 0.114 seconds
[2025-11-13T06:46:03.329+0000] {processor.py:161} INFO - Started process (PID=2505) to work on /opt/airflow/dags/dags_pyhon_operator.py
[2025-11-13T06:46:03.332+0000] {processor.py:830} INFO - Processing file /opt/airflow/dags/dags_pyhon_operator.py for tasks to queue
[2025-11-13T06:46:03.336+0000] {logging_mixin.py:188} INFO - [2025-11-13T06:46:03.335+0000] {dagbag.py:538} INFO - Filling up the DagBag from /opt/airflow/dags/dags_pyhon_operator.py
[2025-11-13T06:46:03.368+0000] {processor.py:840} INFO - DAG(s) 'dags_python_operator' retrieved from /opt/airflow/dags/dags_pyhon_operator.py
[2025-11-13T06:46:03.410+0000] {logging_mixin.py:188} INFO - [2025-11-13T06:46:03.409+0000] {dag.py:3036} INFO - Sync 1 DAGs
[2025-11-13T06:46:03.452+0000] {logging_mixin.py:188} INFO - [2025-11-13T06:46:03.452+0000] {dag.py:3823} INFO - Setting next_dagrun for dags_python_operator to 2025-11-12 21:30:00+00:00, run_after=2025-11-13 21:30:00+00:00
[2025-11-13T06:46:03.491+0000] {processor.py:183} INFO - Processing /opt/airflow/dags/dags_pyhon_operator.py took 0.172 seconds
[2025-11-13T06:46:34.165+0000] {processor.py:161} INFO - Started process (PID=2568) to work on /opt/airflow/dags/dags_pyhon_operator.py
[2025-11-13T06:46:34.166+0000] {processor.py:830} INFO - Processing file /opt/airflow/dags/dags_pyhon_operator.py for tasks to queue
[2025-11-13T06:46:34.169+0000] {logging_mixin.py:188} INFO - [2025-11-13T06:46:34.169+0000] {dagbag.py:538} INFO - Filling up the DagBag from /opt/airflow/dags/dags_pyhon_operator.py
[2025-11-13T06:46:34.188+0000] {processor.py:840} INFO - DAG(s) 'dags_python_operator' retrieved from /opt/airflow/dags/dags_pyhon_operator.py
[2025-11-13T06:46:34.214+0000] {logging_mixin.py:188} INFO - [2025-11-13T06:46:34.214+0000] {dag.py:3036} INFO - Sync 1 DAGs
[2025-11-13T06:46:34.242+0000] {logging_mixin.py:188} INFO - [2025-11-13T06:46:34.242+0000] {dag.py:3823} INFO - Setting next_dagrun for dags_python_operator to 2025-11-12 21:30:00+00:00, run_after=2025-11-13 21:30:00+00:00
[2025-11-13T06:46:34.272+0000] {processor.py:183} INFO - Processing /opt/airflow/dags/dags_pyhon_operator.py took 0.113 seconds
[2025-11-13T06:47:04.762+0000] {processor.py:161} INFO - Started process (PID=2630) to work on /opt/airflow/dags/dags_pyhon_operator.py
[2025-11-13T06:47:04.766+0000] {processor.py:830} INFO - Processing file /opt/airflow/dags/dags_pyhon_operator.py for tasks to queue
[2025-11-13T06:47:04.769+0000] {logging_mixin.py:188} INFO - [2025-11-13T06:47:04.768+0000] {dagbag.py:538} INFO - Filling up the DagBag from /opt/airflow/dags/dags_pyhon_operator.py
[2025-11-13T06:47:04.794+0000] {processor.py:840} INFO - DAG(s) 'dags_python_operator' retrieved from /opt/airflow/dags/dags_pyhon_operator.py
[2025-11-13T06:47:04.822+0000] {logging_mixin.py:188} INFO - [2025-11-13T06:47:04.822+0000] {dag.py:3036} INFO - Sync 1 DAGs
[2025-11-13T06:47:04.853+0000] {logging_mixin.py:188} INFO - [2025-11-13T06:47:04.853+0000] {dag.py:3823} INFO - Setting next_dagrun for dags_python_operator to 2025-11-12 21:30:00+00:00, run_after=2025-11-13 21:30:00+00:00
[2025-11-13T06:47:04.883+0000] {processor.py:183} INFO - Processing /opt/airflow/dags/dags_pyhon_operator.py took 0.125 seconds
[2025-11-13T06:47:35.176+0000] {processor.py:161} INFO - Started process (PID=2693) to work on /opt/airflow/dags/dags_pyhon_operator.py
[2025-11-13T06:47:35.180+0000] {processor.py:830} INFO - Processing file /opt/airflow/dags/dags_pyhon_operator.py for tasks to queue
[2025-11-13T06:47:35.188+0000] {logging_mixin.py:188} INFO - [2025-11-13T06:47:35.186+0000] {dagbag.py:538} INFO - Filling up the DagBag from /opt/airflow/dags/dags_pyhon_operator.py
[2025-11-13T06:47:35.240+0000] {processor.py:840} INFO - DAG(s) 'dags_python_operator' retrieved from /opt/airflow/dags/dags_pyhon_operator.py
[2025-11-13T06:47:35.295+0000] {logging_mixin.py:188} INFO - [2025-11-13T06:47:35.295+0000] {dag.py:3036} INFO - Sync 1 DAGs
[2025-11-13T06:47:35.352+0000] {logging_mixin.py:188} INFO - [2025-11-13T06:47:35.352+0000] {dag.py:3823} INFO - Setting next_dagrun for dags_python_operator to 2025-11-12 21:30:00+00:00, run_after=2025-11-13 21:30:00+00:00
[2025-11-13T06:47:35.398+0000] {processor.py:183} INFO - Processing /opt/airflow/dags/dags_pyhon_operator.py took 0.235 seconds
[2025-11-13T06:48:06.078+0000] {processor.py:161} INFO - Started process (PID=2755) to work on /opt/airflow/dags/dags_pyhon_operator.py
[2025-11-13T06:48:06.080+0000] {processor.py:830} INFO - Processing file /opt/airflow/dags/dags_pyhon_operator.py for tasks to queue
[2025-11-13T06:48:06.084+0000] {logging_mixin.py:188} INFO - [2025-11-13T06:48:06.084+0000] {dagbag.py:538} INFO - Filling up the DagBag from /opt/airflow/dags/dags_pyhon_operator.py
[2025-11-13T06:48:06.108+0000] {processor.py:840} INFO - DAG(s) 'dags_python_operator' retrieved from /opt/airflow/dags/dags_pyhon_operator.py
[2025-11-13T06:48:06.137+0000] {logging_mixin.py:188} INFO - [2025-11-13T06:48:06.137+0000] {dag.py:3036} INFO - Sync 1 DAGs
[2025-11-13T06:48:06.170+0000] {logging_mixin.py:188} INFO - [2025-11-13T06:48:06.169+0000] {dag.py:3823} INFO - Setting next_dagrun for dags_python_operator to 2025-11-12 21:30:00+00:00, run_after=2025-11-13 21:30:00+00:00
[2025-11-13T06:48:06.198+0000] {processor.py:183} INFO - Processing /opt/airflow/dags/dags_pyhon_operator.py took 0.126 seconds
[2025-11-13T06:48:36.297+0000] {processor.py:161} INFO - Started process (PID=2817) to work on /opt/airflow/dags/dags_pyhon_operator.py
[2025-11-13T06:48:36.303+0000] {processor.py:830} INFO - Processing file /opt/airflow/dags/dags_pyhon_operator.py for tasks to queue
[2025-11-13T06:48:36.310+0000] {logging_mixin.py:188} INFO - [2025-11-13T06:48:36.309+0000] {dagbag.py:538} INFO - Filling up the DagBag from /opt/airflow/dags/dags_pyhon_operator.py
[2025-11-13T06:48:36.349+0000] {processor.py:840} INFO - DAG(s) 'dags_python_operator' retrieved from /opt/airflow/dags/dags_pyhon_operator.py
[2025-11-13T06:48:36.394+0000] {logging_mixin.py:188} INFO - [2025-11-13T06:48:36.394+0000] {dag.py:3036} INFO - Sync 1 DAGs
[2025-11-13T06:48:36.446+0000] {logging_mixin.py:188} INFO - [2025-11-13T06:48:36.445+0000] {dag.py:3823} INFO - Setting next_dagrun for dags_python_operator to 2025-11-12 21:30:00+00:00, run_after=2025-11-13 21:30:00+00:00
[2025-11-13T06:48:36.495+0000] {processor.py:183} INFO - Processing /opt/airflow/dags/dags_pyhon_operator.py took 0.206 seconds
[2025-11-13T06:49:06.891+0000] {processor.py:161} INFO - Started process (PID=2879) to work on /opt/airflow/dags/dags_pyhon_operator.py
[2025-11-13T06:49:06.894+0000] {processor.py:830} INFO - Processing file /opt/airflow/dags/dags_pyhon_operator.py for tasks to queue
[2025-11-13T06:49:06.909+0000] {logging_mixin.py:188} INFO - [2025-11-13T06:49:06.908+0000] {dagbag.py:538} INFO - Filling up the DagBag from /opt/airflow/dags/dags_pyhon_operator.py
[2025-11-13T06:49:06.992+0000] {processor.py:840} INFO - DAG(s) 'dags_python_operator' retrieved from /opt/airflow/dags/dags_pyhon_operator.py
[2025-11-13T06:49:07.116+0000] {logging_mixin.py:188} INFO - [2025-11-13T06:49:07.107+0000] {dag.py:3036} INFO - Sync 1 DAGs
[2025-11-13T06:49:08.031+0000] {logging_mixin.py:188} INFO - [2025-11-13T06:49:08.030+0000] {dag.py:3823} INFO - Setting next_dagrun for dags_python_operator to 2025-11-12 21:30:00+00:00, run_after=2025-11-13 21:30:00+00:00
[2025-11-13T06:49:08.135+0000] {processor.py:183} INFO - Processing /opt/airflow/dags/dags_pyhon_operator.py took 1.264 seconds
[2025-11-13T06:49:39.059+0000] {processor.py:161} INFO - Started process (PID=2941) to work on /opt/airflow/dags/dags_pyhon_operator.py
[2025-11-13T06:49:39.064+0000] {processor.py:830} INFO - Processing file /opt/airflow/dags/dags_pyhon_operator.py for tasks to queue
[2025-11-13T06:49:39.083+0000] {logging_mixin.py:188} INFO - [2025-11-13T06:49:39.082+0000] {dagbag.py:538} INFO - Filling up the DagBag from /opt/airflow/dags/dags_pyhon_operator.py
[2025-11-13T06:49:39.155+0000] {processor.py:840} INFO - DAG(s) 'dags_python_operator' retrieved from /opt/airflow/dags/dags_pyhon_operator.py
[2025-11-13T06:49:39.269+0000] {logging_mixin.py:188} INFO - [2025-11-13T06:49:39.268+0000] {dag.py:3036} INFO - Sync 1 DAGs
[2025-11-13T06:49:39.486+0000] {logging_mixin.py:188} INFO - [2025-11-13T06:49:39.485+0000] {dag.py:3823} INFO - Setting next_dagrun for dags_python_operator to 2025-11-12 21:30:00+00:00, run_after=2025-11-13 21:30:00+00:00
[2025-11-13T06:49:39.823+0000] {processor.py:183} INFO - Processing /opt/airflow/dags/dags_pyhon_operator.py took 0.782 seconds
[2025-11-13T06:50:10.822+0000] {processor.py:161} INFO - Started process (PID=3004) to work on /opt/airflow/dags/dags_pyhon_operator.py
[2025-11-13T06:50:10.834+0000] {processor.py:830} INFO - Processing file /opt/airflow/dags/dags_pyhon_operator.py for tasks to queue
[2025-11-13T06:50:10.854+0000] {logging_mixin.py:188} INFO - [2025-11-13T06:50:10.853+0000] {dagbag.py:538} INFO - Filling up the DagBag from /opt/airflow/dags/dags_pyhon_operator.py
[2025-11-13T06:50:10.946+0000] {processor.py:840} INFO - DAG(s) 'dags_python_operator' retrieved from /opt/airflow/dags/dags_pyhon_operator.py
[2025-11-13T06:50:11.079+0000] {logging_mixin.py:188} INFO - [2025-11-13T06:50:11.078+0000] {dag.py:3036} INFO - Sync 1 DAGs
[2025-11-13T06:50:11.269+0000] {logging_mixin.py:188} INFO - [2025-11-13T06:50:11.268+0000] {dag.py:3823} INFO - Setting next_dagrun for dags_python_operator to 2025-11-12 21:30:00+00:00, run_after=2025-11-13 21:30:00+00:00
[2025-11-13T06:50:11.394+0000] {processor.py:183} INFO - Processing /opt/airflow/dags/dags_pyhon_operator.py took 0.590 seconds
[2025-11-13T06:50:42.235+0000] {processor.py:161} INFO - Started process (PID=3067) to work on /opt/airflow/dags/dags_pyhon_operator.py
[2025-11-13T06:50:42.238+0000] {processor.py:830} INFO - Processing file /opt/airflow/dags/dags_pyhon_operator.py for tasks to queue
[2025-11-13T06:50:42.243+0000] {logging_mixin.py:188} INFO - [2025-11-13T06:50:42.242+0000] {dagbag.py:538} INFO - Filling up the DagBag from /opt/airflow/dags/dags_pyhon_operator.py
[2025-11-13T06:50:42.281+0000] {processor.py:840} INFO - DAG(s) 'dags_python_operator' retrieved from /opt/airflow/dags/dags_pyhon_operator.py
[2025-11-13T06:50:42.335+0000] {logging_mixin.py:188} INFO - [2025-11-13T06:50:42.334+0000] {dag.py:3036} INFO - Sync 1 DAGs
[2025-11-13T06:50:42.401+0000] {logging_mixin.py:188} INFO - [2025-11-13T06:50:42.400+0000] {dag.py:3823} INFO - Setting next_dagrun for dags_python_operator to 2025-11-12 21:30:00+00:00, run_after=2025-11-13 21:30:00+00:00
[2025-11-13T06:50:42.450+0000] {processor.py:183} INFO - Processing /opt/airflow/dags/dags_pyhon_operator.py took 0.227 seconds
