[2025-11-13T06:57:58.742+0000] {processor.py:161} INFO - Started process (PID=3939) to work on /opt/airflow/dags/dags_python_show_templates.py
[2025-11-13T06:57:58.746+0000] {processor.py:830} INFO - Processing file /opt/airflow/dags/dags_python_show_templates.py for tasks to queue
[2025-11-13T06:57:58.752+0000] {logging_mixin.py:188} INFO - [2025-11-13T06:57:58.751+0000] {dagbag.py:538} INFO - Filling up the DagBag from /opt/airflow/dags/dags_python_show_templates.py
[2025-11-13T06:57:58.821+0000] {processor.py:840} INFO - DAG(s) 'dags_python_show_templates' retrieved from /opt/airflow/dags/dags_python_show_templates.py
[2025-11-13T06:57:59.081+0000] {logging_mixin.py:188} INFO - [2025-11-13T06:57:59.080+0000] {override.py:1769} INFO - Created Permission View: can delete on DAG:dags_python_show_templates
[2025-11-13T06:57:59.104+0000] {logging_mixin.py:188} INFO - [2025-11-13T06:57:59.103+0000] {override.py:1769} INFO - Created Permission View: can edit on DAG:dags_python_show_templates
[2025-11-13T06:57:59.119+0000] {logging_mixin.py:188} INFO - [2025-11-13T06:57:59.118+0000] {override.py:1769} INFO - Created Permission View: can read on DAG:dags_python_show_templates
[2025-11-13T06:57:59.120+0000] {logging_mixin.py:188} INFO - [2025-11-13T06:57:59.120+0000] {dag.py:3036} INFO - Sync 1 DAGs
[2025-11-13T06:57:59.144+0000] {logging_mixin.py:188} INFO - [2025-11-13T06:57:59.143+0000] {dag.py:3058} INFO - Creating ORM DAG for dags_python_show_templates
[2025-11-13T06:57:59.165+0000] {logging_mixin.py:188} INFO - [2025-11-13T06:57:59.164+0000] {dag.py:3823} INFO - Setting next_dagrun for dags_python_show_templates to 2023-03-10 00:30:00+00:00, run_after=2023-03-11 00:30:00+00:00
[2025-11-13T06:57:59.203+0000] {processor.py:183} INFO - Processing /opt/airflow/dags/dags_python_show_templates.py took 0.477 seconds
[2025-11-13T06:58:29.899+0000] {processor.py:161} INFO - Started process (PID=4002) to work on /opt/airflow/dags/dags_python_show_templates.py
[2025-11-13T06:58:29.901+0000] {processor.py:830} INFO - Processing file /opt/airflow/dags/dags_python_show_templates.py for tasks to queue
[2025-11-13T06:58:29.905+0000] {logging_mixin.py:188} INFO - [2025-11-13T06:58:29.905+0000] {dagbag.py:538} INFO - Filling up the DagBag from /opt/airflow/dags/dags_python_show_templates.py
[2025-11-13T06:58:29.938+0000] {processor.py:840} INFO - DAG(s) 'dags_python_show_templates' retrieved from /opt/airflow/dags/dags_python_show_templates.py
[2025-11-13T06:58:29.973+0000] {logging_mixin.py:188} INFO - [2025-11-13T06:58:29.973+0000] {dag.py:3036} INFO - Sync 1 DAGs
[2025-11-13T06:58:30.022+0000] {logging_mixin.py:188} INFO - [2025-11-13T06:58:30.022+0000] {dag.py:3823} INFO - Setting next_dagrun for dags_python_show_templates to 2023-03-10 00:30:00+00:00, run_after=2023-03-11 00:30:00+00:00
[2025-11-13T06:58:30.062+0000] {processor.py:183} INFO - Processing /opt/airflow/dags/dags_python_show_templates.py took 0.169 seconds
[2025-11-13T06:59:00.836+0000] {processor.py:161} INFO - Started process (PID=4065) to work on /opt/airflow/dags/dags_python_show_templates.py
[2025-11-13T06:59:00.847+0000] {processor.py:830} INFO - Processing file /opt/airflow/dags/dags_python_show_templates.py for tasks to queue
[2025-11-13T06:59:00.853+0000] {logging_mixin.py:188} INFO - [2025-11-13T06:59:00.852+0000] {dagbag.py:538} INFO - Filling up the DagBag from /opt/airflow/dags/dags_python_show_templates.py
[2025-11-13T06:59:00.918+0000] {processor.py:840} INFO - DAG(s) 'dags_python_show_templates' retrieved from /opt/airflow/dags/dags_python_show_templates.py
[2025-11-13T06:59:00.993+0000] {logging_mixin.py:188} INFO - [2025-11-13T06:59:00.993+0000] {dag.py:3036} INFO - Sync 1 DAGs
[2025-11-13T06:59:01.124+0000] {logging_mixin.py:188} INFO - [2025-11-13T06:59:01.124+0000] {dag.py:3823} INFO - Setting next_dagrun for dags_python_show_templates to 2023-03-10 00:30:00+00:00, run_after=2023-03-11 00:30:00+00:00
[2025-11-13T06:59:01.204+0000] {processor.py:183} INFO - Processing /opt/airflow/dags/dags_python_show_templates.py took 0.385 seconds
[2025-11-13T06:59:31.749+0000] {processor.py:161} INFO - Started process (PID=4128) to work on /opt/airflow/dags/dags_python_show_templates.py
[2025-11-13T06:59:31.752+0000] {processor.py:830} INFO - Processing file /opt/airflow/dags/dags_python_show_templates.py for tasks to queue
[2025-11-13T06:59:31.769+0000] {logging_mixin.py:188} INFO - [2025-11-13T06:59:31.768+0000] {dagbag.py:538} INFO - Filling up the DagBag from /opt/airflow/dags/dags_python_show_templates.py
[2025-11-13T06:59:31.900+0000] {processor.py:840} INFO - DAG(s) 'dags_python_show_templates' retrieved from /opt/airflow/dags/dags_python_show_templates.py
[2025-11-13T06:59:32.047+0000] {logging_mixin.py:188} INFO - [2025-11-13T06:59:32.045+0000] {dag.py:3036} INFO - Sync 1 DAGs
[2025-11-13T06:59:32.186+0000] {logging_mixin.py:188} INFO - [2025-11-13T06:59:32.185+0000] {dag.py:3823} INFO - Setting next_dagrun for dags_python_show_templates to 2023-03-10 00:30:00+00:00, run_after=2023-03-11 00:30:00+00:00
[2025-11-13T06:59:32.327+0000] {processor.py:183} INFO - Processing /opt/airflow/dags/dags_python_show_templates.py took 0.609 seconds
[2025-11-13T07:00:02.493+0000] {processor.py:161} INFO - Started process (PID=4191) to work on /opt/airflow/dags/dags_python_show_templates.py
[2025-11-13T07:00:02.497+0000] {processor.py:830} INFO - Processing file /opt/airflow/dags/dags_python_show_templates.py for tasks to queue
[2025-11-13T07:00:02.504+0000] {logging_mixin.py:188} INFO - [2025-11-13T07:00:02.503+0000] {dagbag.py:538} INFO - Filling up the DagBag from /opt/airflow/dags/dags_python_show_templates.py
[2025-11-13T07:00:02.571+0000] {processor.py:840} INFO - DAG(s) 'dags_python_show_templates' retrieved from /opt/airflow/dags/dags_python_show_templates.py
[2025-11-13T07:00:02.691+0000] {logging_mixin.py:188} INFO - [2025-11-13T07:00:02.690+0000] {dag.py:3036} INFO - Sync 1 DAGs
[2025-11-13T07:00:02.810+0000] {logging_mixin.py:188} INFO - [2025-11-13T07:00:02.810+0000] {dag.py:3823} INFO - Setting next_dagrun for dags_python_show_templates to 2023-03-10 00:30:00+00:00, run_after=2023-03-11 00:30:00+00:00
[2025-11-13T07:00:02.884+0000] {processor.py:183} INFO - Processing /opt/airflow/dags/dags_python_show_templates.py took 0.409 seconds
[2025-11-13T07:00:33.610+0000] {processor.py:161} INFO - Started process (PID=4254) to work on /opt/airflow/dags/dags_python_show_templates.py
[2025-11-13T07:00:33.613+0000] {processor.py:830} INFO - Processing file /opt/airflow/dags/dags_python_show_templates.py for tasks to queue
[2025-11-13T07:00:33.617+0000] {logging_mixin.py:188} INFO - [2025-11-13T07:00:33.616+0000] {dagbag.py:538} INFO - Filling up the DagBag from /opt/airflow/dags/dags_python_show_templates.py
[2025-11-13T07:00:33.649+0000] {processor.py:840} INFO - DAG(s) 'dags_python_show_templates' retrieved from /opt/airflow/dags/dags_python_show_templates.py
[2025-11-13T07:00:33.691+0000] {logging_mixin.py:188} INFO - [2025-11-13T07:00:33.690+0000] {dag.py:3036} INFO - Sync 1 DAGs
[2025-11-13T07:00:33.733+0000] {logging_mixin.py:188} INFO - [2025-11-13T07:00:33.733+0000] {dag.py:3823} INFO - Setting next_dagrun for dags_python_show_templates to 2023-03-10 00:30:00+00:00, run_after=2023-03-11 00:30:00+00:00
[2025-11-13T07:00:33.768+0000] {processor.py:183} INFO - Processing /opt/airflow/dags/dags_python_show_templates.py took 0.166 seconds
[2025-11-13T07:01:03.928+0000] {processor.py:161} INFO - Started process (PID=4317) to work on /opt/airflow/dags/dags_python_show_templates.py
[2025-11-13T07:01:03.934+0000] {processor.py:830} INFO - Processing file /opt/airflow/dags/dags_python_show_templates.py for tasks to queue
[2025-11-13T07:01:03.940+0000] {logging_mixin.py:188} INFO - [2025-11-13T07:01:03.939+0000] {dagbag.py:538} INFO - Filling up the DagBag from /opt/airflow/dags/dags_python_show_templates.py
[2025-11-13T07:01:03.991+0000] {processor.py:840} INFO - DAG(s) 'dags_python_show_templates' retrieved from /opt/airflow/dags/dags_python_show_templates.py
[2025-11-13T07:01:04.063+0000] {logging_mixin.py:188} INFO - [2025-11-13T07:01:04.062+0000] {dag.py:3036} INFO - Sync 1 DAGs
[2025-11-13T07:01:04.146+0000] {logging_mixin.py:188} INFO - [2025-11-13T07:01:04.145+0000] {dag.py:3823} INFO - Setting next_dagrun for dags_python_show_templates to 2023-03-10 00:30:00+00:00, run_after=2023-03-11 00:30:00+00:00
[2025-11-13T07:01:04.328+0000] {processor.py:183} INFO - Processing /opt/airflow/dags/dags_python_show_templates.py took 0.413 seconds
[2025-11-13T07:01:24.761+0000] {processor.py:161} INFO - Started process (PID=4367) to work on /opt/airflow/dags/dags_python_show_templates.py
[2025-11-13T07:01:24.763+0000] {processor.py:830} INFO - Processing file /opt/airflow/dags/dags_python_show_templates.py for tasks to queue
[2025-11-13T07:01:24.767+0000] {logging_mixin.py:188} INFO - [2025-11-13T07:01:24.767+0000] {dagbag.py:538} INFO - Filling up the DagBag from /opt/airflow/dags/dags_python_show_templates.py
[2025-11-13T07:01:24.815+0000] {processor.py:840} INFO - DAG(s) 'dags_python_show_templates' retrieved from /opt/airflow/dags/dags_python_show_templates.py
[2025-11-13T07:01:24.851+0000] {logging_mixin.py:188} INFO - [2025-11-13T07:01:24.851+0000] {dag.py:3036} INFO - Sync 1 DAGs
[2025-11-13T07:01:24.898+0000] {logging_mixin.py:188} INFO - [2025-11-13T07:01:24.897+0000] {dag.py:3823} INFO - Setting next_dagrun for dags_python_show_templates to 2023-03-10 00:30:00+00:00, run_after=2023-03-11 00:30:00+00:00
[2025-11-13T07:01:24.950+0000] {processor.py:183} INFO - Processing /opt/airflow/dags/dags_python_show_templates.py took 0.196 seconds
[2025-11-13T07:01:55.411+0000] {processor.py:161} INFO - Started process (PID=4430) to work on /opt/airflow/dags/dags_python_show_templates.py
[2025-11-13T07:01:55.425+0000] {processor.py:830} INFO - Processing file /opt/airflow/dags/dags_python_show_templates.py for tasks to queue
[2025-11-13T07:01:55.432+0000] {logging_mixin.py:188} INFO - [2025-11-13T07:01:55.431+0000] {dagbag.py:538} INFO - Filling up the DagBag from /opt/airflow/dags/dags_python_show_templates.py
[2025-11-13T07:01:55.478+0000] {processor.py:840} INFO - DAG(s) 'dags_python_show_templates' retrieved from /opt/airflow/dags/dags_python_show_templates.py
[2025-11-13T07:01:55.532+0000] {logging_mixin.py:188} INFO - [2025-11-13T07:01:55.531+0000] {dag.py:3036} INFO - Sync 1 DAGs
[2025-11-13T07:01:55.601+0000] {logging_mixin.py:188} INFO - [2025-11-13T07:01:55.601+0000] {dag.py:3823} INFO - Setting next_dagrun for dags_python_show_templates to 2023-03-10 00:30:00+00:00, run_after=2023-03-11 00:30:00+00:00
[2025-11-13T07:01:55.656+0000] {processor.py:183} INFO - Processing /opt/airflow/dags/dags_python_show_templates.py took 0.262 seconds
[2025-11-13T07:02:26.532+0000] {processor.py:161} INFO - Started process (PID=4493) to work on /opt/airflow/dags/dags_python_show_templates.py
[2025-11-13T07:02:26.549+0000] {processor.py:830} INFO - Processing file /opt/airflow/dags/dags_python_show_templates.py for tasks to queue
[2025-11-13T07:02:26.557+0000] {logging_mixin.py:188} INFO - [2025-11-13T07:02:26.556+0000] {dagbag.py:538} INFO - Filling up the DagBag from /opt/airflow/dags/dags_python_show_templates.py
[2025-11-13T07:02:26.666+0000] {processor.py:840} INFO - DAG(s) 'dags_python_show_templates' retrieved from /opt/airflow/dags/dags_python_show_templates.py
[2025-11-13T07:02:26.764+0000] {logging_mixin.py:188} INFO - [2025-11-13T07:02:26.764+0000] {dag.py:3036} INFO - Sync 1 DAGs
[2025-11-13T07:02:26.885+0000] {logging_mixin.py:188} INFO - [2025-11-13T07:02:26.884+0000] {dag.py:3823} INFO - Setting next_dagrun for dags_python_show_templates to 2023-03-10 00:30:00+00:00, run_after=2023-03-11 00:30:00+00:00
[2025-11-13T07:02:27.007+0000] {processor.py:183} INFO - Processing /opt/airflow/dags/dags_python_show_templates.py took 0.496 seconds
[2025-11-13T07:02:57.852+0000] {processor.py:161} INFO - Started process (PID=4556) to work on /opt/airflow/dags/dags_python_show_templates.py
[2025-11-13T07:02:57.854+0000] {processor.py:830} INFO - Processing file /opt/airflow/dags/dags_python_show_templates.py for tasks to queue
[2025-11-13T07:02:57.858+0000] {logging_mixin.py:188} INFO - [2025-11-13T07:02:57.858+0000] {dagbag.py:538} INFO - Filling up the DagBag from /opt/airflow/dags/dags_python_show_templates.py
[2025-11-13T07:02:57.894+0000] {processor.py:840} INFO - DAG(s) 'dags_python_show_templates' retrieved from /opt/airflow/dags/dags_python_show_templates.py
[2025-11-13T07:02:57.929+0000] {logging_mixin.py:188} INFO - [2025-11-13T07:02:57.928+0000] {dag.py:3036} INFO - Sync 1 DAGs
[2025-11-13T07:02:57.967+0000] {logging_mixin.py:188} INFO - [2025-11-13T07:02:57.967+0000] {dag.py:3823} INFO - Setting next_dagrun for dags_python_show_templates to 2023-03-10 00:30:00+00:00, run_after=2023-03-11 00:30:00+00:00
[2025-11-13T07:02:58.010+0000] {processor.py:183} INFO - Processing /opt/airflow/dags/dags_python_show_templates.py took 0.164 seconds
[2025-11-13T07:03:28.215+0000] {processor.py:161} INFO - Started process (PID=4619) to work on /opt/airflow/dags/dags_python_show_templates.py
[2025-11-13T07:03:28.217+0000] {processor.py:830} INFO - Processing file /opt/airflow/dags/dags_python_show_templates.py for tasks to queue
[2025-11-13T07:03:28.221+0000] {logging_mixin.py:188} INFO - [2025-11-13T07:03:28.221+0000] {dagbag.py:538} INFO - Filling up the DagBag from /opt/airflow/dags/dags_python_show_templates.py
[2025-11-13T07:03:28.256+0000] {processor.py:840} INFO - DAG(s) 'dags_python_show_templates' retrieved from /opt/airflow/dags/dags_python_show_templates.py
[2025-11-13T07:03:28.291+0000] {logging_mixin.py:188} INFO - [2025-11-13T07:03:28.290+0000] {dag.py:3036} INFO - Sync 1 DAGs
[2025-11-13T07:03:28.329+0000] {logging_mixin.py:188} INFO - [2025-11-13T07:03:28.328+0000] {dag.py:3823} INFO - Setting next_dagrun for dags_python_show_templates to 2023-03-10 00:30:00+00:00, run_after=2023-03-11 00:30:00+00:00
[2025-11-13T07:03:28.374+0000] {processor.py:183} INFO - Processing /opt/airflow/dags/dags_python_show_templates.py took 0.165 seconds
[2025-11-13T07:03:58.899+0000] {processor.py:161} INFO - Started process (PID=4682) to work on /opt/airflow/dags/dags_python_show_templates.py
[2025-11-13T07:03:58.902+0000] {processor.py:830} INFO - Processing file /opt/airflow/dags/dags_python_show_templates.py for tasks to queue
[2025-11-13T07:03:58.925+0000] {logging_mixin.py:188} INFO - [2025-11-13T07:03:58.924+0000] {dagbag.py:538} INFO - Filling up the DagBag from /opt/airflow/dags/dags_python_show_templates.py
[2025-11-13T07:03:59.039+0000] {processor.py:840} INFO - DAG(s) 'dags_python_show_templates' retrieved from /opt/airflow/dags/dags_python_show_templates.py
[2025-11-13T07:03:59.162+0000] {logging_mixin.py:188} INFO - [2025-11-13T07:03:59.162+0000] {dag.py:3036} INFO - Sync 1 DAGs
[2025-11-13T07:03:59.295+0000] {logging_mixin.py:188} INFO - [2025-11-13T07:03:59.295+0000] {dag.py:3823} INFO - Setting next_dagrun for dags_python_show_templates to 2023-03-10 00:30:00+00:00, run_after=2023-03-11 00:30:00+00:00
[2025-11-13T07:03:59.411+0000] {processor.py:183} INFO - Processing /opt/airflow/dags/dags_python_show_templates.py took 0.534 seconds
[2025-11-13T07:04:29.549+0000] {processor.py:161} INFO - Started process (PID=4745) to work on /opt/airflow/dags/dags_python_show_templates.py
[2025-11-13T07:04:29.552+0000] {processor.py:830} INFO - Processing file /opt/airflow/dags/dags_python_show_templates.py for tasks to queue
[2025-11-13T07:04:29.557+0000] {logging_mixin.py:188} INFO - [2025-11-13T07:04:29.556+0000] {dagbag.py:538} INFO - Filling up the DagBag from /opt/airflow/dags/dags_python_show_templates.py
[2025-11-13T07:04:29.599+0000] {processor.py:840} INFO - DAG(s) 'dags_python_show_templates' retrieved from /opt/airflow/dags/dags_python_show_templates.py
[2025-11-13T07:04:29.649+0000] {logging_mixin.py:188} INFO - [2025-11-13T07:04:29.648+0000] {dag.py:3036} INFO - Sync 1 DAGs
[2025-11-13T07:04:29.705+0000] {logging_mixin.py:188} INFO - [2025-11-13T07:04:29.705+0000] {dag.py:3823} INFO - Setting next_dagrun for dags_python_show_templates to 2023-03-10 00:30:00+00:00, run_after=2023-03-11 00:30:00+00:00
[2025-11-13T07:04:29.770+0000] {processor.py:183} INFO - Processing /opt/airflow/dags/dags_python_show_templates.py took 0.232 seconds
[2025-11-13T07:05:00.642+0000] {processor.py:161} INFO - Started process (PID=4808) to work on /opt/airflow/dags/dags_python_show_templates.py
[2025-11-13T07:05:00.645+0000] {processor.py:830} INFO - Processing file /opt/airflow/dags/dags_python_show_templates.py for tasks to queue
[2025-11-13T07:05:00.649+0000] {logging_mixin.py:188} INFO - [2025-11-13T07:05:00.648+0000] {dagbag.py:538} INFO - Filling up the DagBag from /opt/airflow/dags/dags_python_show_templates.py
[2025-11-13T07:05:00.684+0000] {processor.py:840} INFO - DAG(s) 'dags_python_show_templates' retrieved from /opt/airflow/dags/dags_python_show_templates.py
[2025-11-13T07:05:00.719+0000] {logging_mixin.py:188} INFO - [2025-11-13T07:05:00.719+0000] {dag.py:3036} INFO - Sync 1 DAGs
[2025-11-13T07:05:00.761+0000] {logging_mixin.py:188} INFO - [2025-11-13T07:05:00.760+0000] {dag.py:3823} INFO - Setting next_dagrun for dags_python_show_templates to 2023-03-10 00:30:00+00:00, run_after=2023-03-11 00:30:00+00:00
[2025-11-13T07:05:00.811+0000] {processor.py:183} INFO - Processing /opt/airflow/dags/dags_python_show_templates.py took 0.174 seconds
[2025-11-13T07:05:31.228+0000] {processor.py:161} INFO - Started process (PID=4871) to work on /opt/airflow/dags/dags_python_show_templates.py
[2025-11-13T07:05:31.231+0000] {processor.py:830} INFO - Processing file /opt/airflow/dags/dags_python_show_templates.py for tasks to queue
[2025-11-13T07:05:31.237+0000] {logging_mixin.py:188} INFO - [2025-11-13T07:05:31.236+0000] {dagbag.py:538} INFO - Filling up the DagBag from /opt/airflow/dags/dags_python_show_templates.py
[2025-11-13T07:05:31.293+0000] {processor.py:840} INFO - DAG(s) 'dags_python_show_templates' retrieved from /opt/airflow/dags/dags_python_show_templates.py
[2025-11-13T07:05:31.379+0000] {logging_mixin.py:188} INFO - [2025-11-13T07:05:31.378+0000] {dag.py:3036} INFO - Sync 1 DAGs
[2025-11-13T07:05:31.442+0000] {logging_mixin.py:188} INFO - [2025-11-13T07:05:31.442+0000] {dag.py:3823} INFO - Setting next_dagrun for dags_python_show_templates to 2023-03-10 00:30:00+00:00, run_after=2023-03-11 00:30:00+00:00
[2025-11-13T07:05:31.501+0000] {processor.py:183} INFO - Processing /opt/airflow/dags/dags_python_show_templates.py took 0.282 seconds
[2025-11-13T07:06:02.013+0000] {processor.py:161} INFO - Started process (PID=4933) to work on /opt/airflow/dags/dags_python_show_templates.py
[2025-11-13T07:06:02.015+0000] {processor.py:830} INFO - Processing file /opt/airflow/dags/dags_python_show_templates.py for tasks to queue
[2025-11-13T07:06:02.020+0000] {logging_mixin.py:188} INFO - [2025-11-13T07:06:02.019+0000] {dagbag.py:538} INFO - Filling up the DagBag from /opt/airflow/dags/dags_python_show_templates.py
[2025-11-13T07:06:02.061+0000] {processor.py:840} INFO - DAG(s) 'dags_python_show_templates' retrieved from /opt/airflow/dags/dags_python_show_templates.py
[2025-11-13T07:06:02.114+0000] {logging_mixin.py:188} INFO - [2025-11-13T07:06:02.107+0000] {dag.py:3036} INFO - Sync 1 DAGs
[2025-11-13T07:06:02.171+0000] {logging_mixin.py:188} INFO - [2025-11-13T07:06:02.170+0000] {dag.py:3823} INFO - Setting next_dagrun for dags_python_show_templates to 2023-03-10 00:30:00+00:00, run_after=2023-03-11 00:30:00+00:00
[2025-11-13T07:06:02.212+0000] {processor.py:183} INFO - Processing /opt/airflow/dags/dags_python_show_templates.py took 0.209 seconds
[2025-11-13T07:06:34.265+0000] {processor.py:161} INFO - Started process (PID=4996) to work on /opt/airflow/dags/dags_python_show_templates.py
[2025-11-13T07:06:34.290+0000] {processor.py:830} INFO - Processing file /opt/airflow/dags/dags_python_show_templates.py for tasks to queue
[2025-11-13T07:06:34.299+0000] {logging_mixin.py:188} INFO - [2025-11-13T07:06:34.297+0000] {dagbag.py:538} INFO - Filling up the DagBag from /opt/airflow/dags/dags_python_show_templates.py
[2025-11-13T07:06:34.472+0000] {processor.py:840} INFO - DAG(s) 'dags_python_show_templates' retrieved from /opt/airflow/dags/dags_python_show_templates.py
[2025-11-13T07:06:34.597+0000] {logging_mixin.py:188} INFO - [2025-11-13T07:06:34.596+0000] {dag.py:3036} INFO - Sync 1 DAGs
[2025-11-13T07:06:34.739+0000] {logging_mixin.py:188} INFO - [2025-11-13T07:06:34.738+0000] {dag.py:3823} INFO - Setting next_dagrun for dags_python_show_templates to 2023-03-10 00:30:00+00:00, run_after=2023-03-11 00:30:00+00:00
[2025-11-13T07:06:34.863+0000] {processor.py:183} INFO - Processing /opt/airflow/dags/dags_python_show_templates.py took 0.619 seconds
[2025-11-13T07:07:05.234+0000] {processor.py:161} INFO - Started process (PID=5059) to work on /opt/airflow/dags/dags_python_show_templates.py
[2025-11-13T07:07:05.238+0000] {processor.py:830} INFO - Processing file /opt/airflow/dags/dags_python_show_templates.py for tasks to queue
[2025-11-13T07:07:05.271+0000] {logging_mixin.py:188} INFO - [2025-11-13T07:07:05.270+0000] {dagbag.py:538} INFO - Filling up the DagBag from /opt/airflow/dags/dags_python_show_templates.py
[2025-11-13T07:07:05.383+0000] {processor.py:840} INFO - DAG(s) 'dags_python_show_templates' retrieved from /opt/airflow/dags/dags_python_show_templates.py
[2025-11-13T07:07:05.471+0000] {logging_mixin.py:188} INFO - [2025-11-13T07:07:05.471+0000] {dag.py:3036} INFO - Sync 1 DAGs
[2025-11-13T07:07:05.574+0000] {logging_mixin.py:188} INFO - [2025-11-13T07:07:05.572+0000] {dag.py:3823} INFO - Setting next_dagrun for dags_python_show_templates to 2023-03-10 00:30:00+00:00, run_after=2023-03-11 00:30:00+00:00
[2025-11-13T07:07:05.667+0000] {processor.py:183} INFO - Processing /opt/airflow/dags/dags_python_show_templates.py took 0.449 seconds
[2025-11-13T07:07:36.394+0000] {processor.py:161} INFO - Started process (PID=5121) to work on /opt/airflow/dags/dags_python_show_templates.py
[2025-11-13T07:07:36.397+0000] {processor.py:830} INFO - Processing file /opt/airflow/dags/dags_python_show_templates.py for tasks to queue
[2025-11-13T07:07:36.425+0000] {logging_mixin.py:188} INFO - [2025-11-13T07:07:36.424+0000] {dagbag.py:538} INFO - Filling up the DagBag from /opt/airflow/dags/dags_python_show_templates.py
[2025-11-13T07:07:36.606+0000] {processor.py:840} INFO - DAG(s) 'dags_python_show_templates' retrieved from /opt/airflow/dags/dags_python_show_templates.py
[2025-11-13T07:07:36.756+0000] {logging_mixin.py:188} INFO - [2025-11-13T07:07:36.755+0000] {dag.py:3036} INFO - Sync 1 DAGs
[2025-11-13T07:07:36.860+0000] {logging_mixin.py:188} INFO - [2025-11-13T07:07:36.859+0000] {dag.py:3823} INFO - Setting next_dagrun for dags_python_show_templates to 2023-03-10 00:30:00+00:00, run_after=2023-03-11 00:30:00+00:00
[2025-11-13T07:07:36.952+0000] {processor.py:183} INFO - Processing /opt/airflow/dags/dags_python_show_templates.py took 0.591 seconds
[2025-11-13T07:08:07.395+0000] {processor.py:161} INFO - Started process (PID=5185) to work on /opt/airflow/dags/dags_python_show_templates.py
[2025-11-13T07:08:07.402+0000] {processor.py:830} INFO - Processing file /opt/airflow/dags/dags_python_show_templates.py for tasks to queue
[2025-11-13T07:08:07.408+0000] {logging_mixin.py:188} INFO - [2025-11-13T07:08:07.407+0000] {dagbag.py:538} INFO - Filling up the DagBag from /opt/airflow/dags/dags_python_show_templates.py
[2025-11-13T07:08:07.448+0000] {processor.py:840} INFO - DAG(s) 'dags_python_show_templates' retrieved from /opt/airflow/dags/dags_python_show_templates.py
[2025-11-13T07:08:07.500+0000] {logging_mixin.py:188} INFO - [2025-11-13T07:08:07.499+0000] {dag.py:3036} INFO - Sync 1 DAGs
[2025-11-13T07:08:07.556+0000] {logging_mixin.py:188} INFO - [2025-11-13T07:08:07.556+0000] {dag.py:3823} INFO - Setting next_dagrun for dags_python_show_templates to 2023-03-10 00:30:00+00:00, run_after=2023-03-11 00:30:00+00:00
[2025-11-13T07:08:07.608+0000] {processor.py:183} INFO - Processing /opt/airflow/dags/dags_python_show_templates.py took 0.225 seconds
[2025-11-13T07:08:37.910+0000] {processor.py:161} INFO - Started process (PID=5248) to work on /opt/airflow/dags/dags_python_show_templates.py
[2025-11-13T07:08:37.916+0000] {processor.py:830} INFO - Processing file /opt/airflow/dags/dags_python_show_templates.py for tasks to queue
[2025-11-13T07:08:37.929+0000] {logging_mixin.py:188} INFO - [2025-11-13T07:08:37.928+0000] {dagbag.py:538} INFO - Filling up the DagBag from /opt/airflow/dags/dags_python_show_templates.py
[2025-11-13T07:08:38.009+0000] {processor.py:840} INFO - DAG(s) 'dags_python_show_templates' retrieved from /opt/airflow/dags/dags_python_show_templates.py
[2025-11-13T07:08:38.089+0000] {logging_mixin.py:188} INFO - [2025-11-13T07:08:38.088+0000] {dag.py:3036} INFO - Sync 1 DAGs
[2025-11-13T07:08:38.206+0000] {logging_mixin.py:188} INFO - [2025-11-13T07:08:38.205+0000] {dag.py:3823} INFO - Setting next_dagrun for dags_python_show_templates to 2023-03-10 00:30:00+00:00, run_after=2023-03-11 00:30:00+00:00
[2025-11-13T07:08:38.324+0000] {processor.py:183} INFO - Processing /opt/airflow/dags/dags_python_show_templates.py took 0.431 seconds
[2025-11-13T07:09:08.767+0000] {processor.py:161} INFO - Started process (PID=5311) to work on /opt/airflow/dags/dags_python_show_templates.py
[2025-11-13T07:09:08.771+0000] {processor.py:830} INFO - Processing file /opt/airflow/dags/dags_python_show_templates.py for tasks to queue
[2025-11-13T07:09:08.780+0000] {logging_mixin.py:188} INFO - [2025-11-13T07:09:08.779+0000] {dagbag.py:538} INFO - Filling up the DagBag from /opt/airflow/dags/dags_python_show_templates.py
[2025-11-13T07:09:08.847+0000] {processor.py:840} INFO - DAG(s) 'dags_python_show_templates' retrieved from /opt/airflow/dags/dags_python_show_templates.py
[2025-11-13T07:09:08.931+0000] {logging_mixin.py:188} INFO - [2025-11-13T07:09:08.931+0000] {dag.py:3036} INFO - Sync 1 DAGs
[2025-11-13T07:09:09.049+0000] {logging_mixin.py:188} INFO - [2025-11-13T07:09:09.048+0000] {dag.py:3823} INFO - Setting next_dagrun for dags_python_show_templates to 2023-03-10 00:30:00+00:00, run_after=2023-03-11 00:30:00+00:00
[2025-11-13T07:09:09.130+0000] {processor.py:183} INFO - Processing /opt/airflow/dags/dags_python_show_templates.py took 0.388 seconds
[2025-11-13T07:09:39.390+0000] {processor.py:161} INFO - Started process (PID=5374) to work on /opt/airflow/dags/dags_python_show_templates.py
[2025-11-13T07:09:39.393+0000] {processor.py:830} INFO - Processing file /opt/airflow/dags/dags_python_show_templates.py for tasks to queue
[2025-11-13T07:09:39.398+0000] {logging_mixin.py:188} INFO - [2025-11-13T07:09:39.397+0000] {dagbag.py:538} INFO - Filling up the DagBag from /opt/airflow/dags/dags_python_show_templates.py
[2025-11-13T07:09:39.446+0000] {processor.py:840} INFO - DAG(s) 'dags_python_show_templates' retrieved from /opt/airflow/dags/dags_python_show_templates.py
[2025-11-13T07:09:39.511+0000] {logging_mixin.py:188} INFO - [2025-11-13T07:09:39.511+0000] {dag.py:3036} INFO - Sync 1 DAGs
[2025-11-13T07:09:39.585+0000] {logging_mixin.py:188} INFO - [2025-11-13T07:09:39.584+0000] {dag.py:3823} INFO - Setting next_dagrun for dags_python_show_templates to 2023-03-10 00:30:00+00:00, run_after=2023-03-11 00:30:00+00:00
[2025-11-13T07:09:39.652+0000] {processor.py:183} INFO - Processing /opt/airflow/dags/dags_python_show_templates.py took 0.274 seconds
[2025-11-13T07:10:09.905+0000] {processor.py:161} INFO - Started process (PID=5437) to work on /opt/airflow/dags/dags_python_show_templates.py
[2025-11-13T07:10:09.908+0000] {processor.py:830} INFO - Processing file /opt/airflow/dags/dags_python_show_templates.py for tasks to queue
[2025-11-13T07:10:09.913+0000] {logging_mixin.py:188} INFO - [2025-11-13T07:10:09.912+0000] {dagbag.py:538} INFO - Filling up the DagBag from /opt/airflow/dags/dags_python_show_templates.py
[2025-11-13T07:10:10.016+0000] {processor.py:840} INFO - DAG(s) 'dags_python_show_templates' retrieved from /opt/airflow/dags/dags_python_show_templates.py
[2025-11-13T07:10:10.133+0000] {logging_mixin.py:188} INFO - [2025-11-13T07:10:10.132+0000] {dag.py:3036} INFO - Sync 1 DAGs
[2025-11-13T07:10:10.279+0000] {logging_mixin.py:188} INFO - [2025-11-13T07:10:10.278+0000] {dag.py:3823} INFO - Setting next_dagrun for dags_python_show_templates to 2023-03-10 00:30:00+00:00, run_after=2023-03-11 00:30:00+00:00
[2025-11-13T07:10:10.379+0000] {processor.py:183} INFO - Processing /opt/airflow/dags/dags_python_show_templates.py took 0.486 seconds
[2025-11-13T07:10:40.856+0000] {processor.py:161} INFO - Started process (PID=5500) to work on /opt/airflow/dags/dags_python_show_templates.py
[2025-11-13T07:10:40.858+0000] {processor.py:830} INFO - Processing file /opt/airflow/dags/dags_python_show_templates.py for tasks to queue
[2025-11-13T07:10:40.862+0000] {logging_mixin.py:188} INFO - [2025-11-13T07:10:40.861+0000] {dagbag.py:538} INFO - Filling up the DagBag from /opt/airflow/dags/dags_python_show_templates.py
[2025-11-13T07:10:40.893+0000] {processor.py:840} INFO - DAG(s) 'dags_python_show_templates' retrieved from /opt/airflow/dags/dags_python_show_templates.py
[2025-11-13T07:10:40.930+0000] {logging_mixin.py:188} INFO - [2025-11-13T07:10:40.930+0000] {dag.py:3036} INFO - Sync 1 DAGs
[2025-11-13T07:10:40.974+0000] {logging_mixin.py:188} INFO - [2025-11-13T07:10:40.974+0000] {dag.py:3823} INFO - Setting next_dagrun for dags_python_show_templates to 2023-03-10 00:30:00+00:00, run_after=2023-03-11 00:30:00+00:00
[2025-11-13T07:10:41.019+0000] {processor.py:183} INFO - Processing /opt/airflow/dags/dags_python_show_templates.py took 0.170 seconds
